23:12:29 INFO run_dir=/mnt/localssd/baseline_sweep/runs/ajo_newstyle/bge-large-en-v1.5
23:12:29 INFO device=cuda:0  bf16=True  physical_gpu=3  CUDA_VISIBLE_DEVICES=3
23:12:29 INFO dataset=ajo_newstyle  model=bge-large-en-v1.5  backbone=BAAI/bge-large-en-v1.5
23:12:29 INFO tokenizer <- BAAI/bge-large-en-v1.5
Warning: You are sending unauthenticated requests to the HF Hub. Please set a HF_TOKEN to enable higher rate limits and faster downloads.
23:12:30 INFO split files: ['train.jsonl', 'val.jsonl', 'test.jsonl']
23:12:30 INFO scanning max token length across all splits ...
[transformers] Token indices sequence length is longer than the specified maximum sequence length for this model (1021 > 512). Running this sequence through the model will result in indexing errors
23:12:59 INFO   observed_max=21129 -> max_seq_len=512 (cap=512, scan=28.8s)
23:12:59 INFO loading datasets ...
23:12:59 INFO   schema=newstyle  train=20897  val=2612  test=2613
23:12:59 INFO building DirectionalClassifier  backbone=BAAI/bge-large-en-v1.5  head=MLP(4d->512->128->1, act=gelu, norm=layer, dropout=0.1)  n_tiers=0
Loading weights:   0%|          | 0/391 [00:00<?, ?it/s]Loading weights: 100%|██████████| 391/391 [00:00<00:00, 6296.25it/s]
Loading weights:   0%|          | 0/391 [00:00<?, ?it/s]Loading weights: 100%|██████████| 391/391 [00:00<00:00, 6861.29it/s]
23:13:01 INFO   hidden_size=1024  trainable_params=672,456,705
23:13:01 INFO   total_steps=5228  warmup_steps=522
23:13:20 INFO   e1 step    50/1307  loss=0.8053  acc=0.5150  lr0=1.92e-06 lr1=9.58e-05
23:13:37 INFO   e1 step   100/1307  loss=0.7787  acc=0.5119  lr0=3.83e-06 lr1=1.92e-04
23:13:54 INFO   e1 step   150/1307  loss=0.7605  acc=0.5146  lr0=5.75e-06 lr1=2.87e-04
23:14:11 INFO   e1 step   200/1307  loss=0.7494  acc=0.5159  lr0=7.66e-06 lr1=3.83e-04
23:14:28 INFO   e1 step   250/1307  loss=0.7348  acc=0.5282  lr0=9.58e-06 lr1=4.79e-04
23:14:45 INFO   e1 step   300/1307  loss=0.7286  acc=0.5279  lr0=1.15e-05 lr1=5.75e-04
23:15:03 INFO   e1 step   350/1307  loss=0.7239  acc=0.5298  lr0=1.34e-05 lr1=6.70e-04
23:15:20 INFO   e1 step   400/1307  loss=0.7213  acc=0.5256  lr0=1.53e-05 lr1=7.66e-04
23:15:37 INFO   e1 step   450/1307  loss=0.7168  acc=0.5300  lr0=1.72e-05 lr1=8.62e-04
23:15:54 INFO   e1 step   500/1307  loss=0.7126  acc=0.5327  lr0=1.92e-05 lr1=9.58e-04
23:16:11 INFO   e1 step   550/1307  loss=0.7084  acc=0.5384  lr0=1.99e-05 lr1=9.94e-04
23:16:28 INFO   e1 step   600/1307  loss=0.7064  acc=0.5411  lr0=1.97e-05 lr1=9.83e-04
23:16:45 INFO   e1 step   650/1307  loss=0.7033  acc=0.5437  lr0=1.95e-05 lr1=9.73e-04
23:17:02 INFO   e1 step   700/1307  loss=0.7019  acc=0.5441  lr0=1.92e-05 lr1=9.62e-04
23:17:20 INFO   e1 step   750/1307  loss=0.6988  acc=0.5467  lr0=1.90e-05 lr1=9.52e-04
23:17:37 INFO   e1 step   800/1307  loss=0.6989  acc=0.5455  lr0=1.88e-05 lr1=9.41e-04
23:17:54 INFO   e1 step   850/1307  loss=0.6973  acc=0.5464  lr0=1.86e-05 lr1=9.30e-04
23:18:12 INFO   e1 step   900/1307  loss=0.6953  acc=0.5478  lr0=1.84e-05 lr1=9.20e-04
23:18:29 INFO   e1 step   950/1307  loss=0.6936  acc=0.5490  lr0=1.82e-05 lr1=9.09e-04
23:18:46 INFO   e1 step  1000/1307  loss=0.6930  acc=0.5505  lr0=1.80e-05 lr1=8.98e-04
23:19:04 INFO   e1 step  1050/1307  loss=0.6921  acc=0.5505  lr0=1.78e-05 lr1=8.88e-04
23:19:21 INFO   e1 step  1100/1307  loss=0.6907  acc=0.5519  lr0=1.75e-05 lr1=8.77e-04
23:19:38 INFO   e1 step  1150/1307  loss=0.6882  acc=0.5540  lr0=1.73e-05 lr1=8.67e-04
23:19:55 INFO   e1 step  1200/1307  loss=0.6866  acc=0.5558  lr0=1.71e-05 lr1=8.56e-04
23:20:12 INFO   e1 step  1250/1307  loss=0.6848  acc=0.5575  lr0=1.69e-05 lr1=8.45e-04
23:20:29 INFO   e1 step  1300/1307  loss=0.6828  acc=0.5592  lr0=1.67e-05 lr1=8.35e-04
23:20:47 INFO [epoch 1] train_loss=0.6829 train_acc=0.5591  val_loss=0.6902 val_acc=0.5804 val_auc=0.6540  elapsed=466.0s
23:20:50 INFO   saved best.pt  val_acc=0.5804
23:21:07 INFO   e2 step    50/1307  loss=0.6123  acc=0.6400  lr0=1.65e-05 lr1=8.23e-04
23:21:24 INFO   e2 step   100/1307  loss=0.6170  acc=0.6312  lr0=1.62e-05 lr1=8.12e-04
23:21:41 INFO   e2 step   150/1307  loss=0.6221  acc=0.6229  lr0=1.60e-05 lr1=8.01e-04
23:21:58 INFO   e2 step   200/1307  loss=0.6147  acc=0.6312  lr0=1.58e-05 lr1=7.91e-04
23:22:16 INFO   e2 step   250/1307  loss=0.6130  acc=0.6292  lr0=1.56e-05 lr1=7.80e-04
23:22:33 INFO   e2 step   300/1307  loss=0.6163  acc=0.6317  lr0=1.54e-05 lr1=7.69e-04
23:22:50 INFO   e2 step   350/1307  loss=0.6133  acc=0.6323  lr0=1.52e-05 lr1=7.59e-04
23:23:07 INFO   e2 step   400/1307  loss=0.6163  acc=0.6278  lr0=1.50e-05 lr1=7.48e-04
23:23:24 INFO   e2 step   450/1307  loss=0.6145  acc=0.6281  lr0=1.48e-05 lr1=7.38e-04
23:23:41 INFO   e2 step   500/1307  loss=0.6131  acc=0.6262  lr0=1.45e-05 lr1=7.27e-04
23:23:58 INFO   e2 step   550/1307  loss=0.6153  acc=0.6223  lr0=1.43e-05 lr1=7.16e-04
23:24:15 INFO   e2 step   600/1307  loss=0.6150  acc=0.6223  lr0=1.41e-05 lr1=7.06e-04
23:24:32 INFO   e2 step   650/1307  loss=0.6152  acc=0.6203  lr0=1.39e-05 lr1=6.95e-04
23:24:50 INFO   e2 step   700/1307  loss=0.6151  acc=0.6212  lr0=1.37e-05 lr1=6.84e-04
23:25:07 INFO   e2 step   750/1307  loss=0.6148  acc=0.6205  lr0=1.35e-05 lr1=6.74e-04
23:25:24 INFO   e2 step   800/1307  loss=0.6146  acc=0.6200  lr0=1.33e-05 lr1=6.63e-04
23:25:41 INFO   e2 step   850/1307  loss=0.6131  acc=0.6217  lr0=1.31e-05 lr1=6.53e-04
23:25:58 INFO   e2 step   900/1307  loss=0.6119  acc=0.6222  lr0=1.28e-05 lr1=6.42e-04
23:26:15 INFO   e2 step   950/1307  loss=0.6112  acc=0.6227  lr0=1.26e-05 lr1=6.31e-04
23:26:33 INFO   e2 step  1000/1307  loss=0.6114  acc=0.6230  lr0=1.24e-05 lr1=6.21e-04
23:26:50 INFO   e2 step  1050/1307  loss=0.6100  acc=0.6245  lr0=1.22e-05 lr1=6.10e-04
23:27:07 INFO   e2 step  1100/1307  loss=0.6099  acc=0.6239  lr0=1.20e-05 lr1=5.99e-04
23:27:24 INFO   e2 step  1150/1307  loss=0.6092  acc=0.6228  lr0=1.18e-05 lr1=5.89e-04
23:27:42 INFO   e2 step  1200/1307  loss=0.6088  acc=0.6226  lr0=1.16e-05 lr1=5.78e-04
23:27:59 INFO   e2 step  1250/1307  loss=0.6088  acc=0.6233  lr0=1.14e-05 lr1=5.68e-04
23:28:16 INFO   e2 step  1300/1307  loss=0.6079  acc=0.6238  lr0=1.11e-05 lr1=5.57e-04
23:28:32 INFO [epoch 2] train_loss=0.6081 train_acc=0.6235  val_loss=0.6193 val_acc=0.6141 val_auc=0.7035  elapsed=462.1s
23:28:35 INFO   saved best.pt  val_acc=0.6141
23:28:52 INFO   e3 step    50/1307  loss=0.5677  acc=0.6613  lr0=1.09e-05 lr1=5.45e-04
23:29:09 INFO   e3 step   100/1307  loss=0.5658  acc=0.6569  lr0=1.07e-05 lr1=5.34e-04
23:29:27 INFO   e3 step   150/1307  loss=0.5598  acc=0.6646  lr0=1.05e-05 lr1=5.24e-04
23:29:44 INFO   e3 step   200/1307  loss=0.5495  acc=0.6728  lr0=1.03e-05 lr1=5.13e-04
23:30:01 INFO   e3 step   250/1307  loss=0.5464  acc=0.6770  lr0=1.00e-05 lr1=5.02e-04
23:30:18 INFO   e3 step   300/1307  loss=0.5458  acc=0.6763  lr0=9.83e-06 lr1=4.92e-04
23:30:35 INFO   e3 step   350/1307  loss=0.5432  acc=0.6804  lr0=9.62e-06 lr1=4.81e-04
23:30:52 INFO   e3 step   400/1307  loss=0.5426  acc=0.6803  lr0=9.41e-06 lr1=4.70e-04
23:31:10 INFO   e3 step   450/1307  loss=0.5408  acc=0.6837  lr0=9.20e-06 lr1=4.60e-04
23:31:27 INFO   e3 step   500/1307  loss=0.5426  acc=0.6819  lr0=8.98e-06 lr1=4.49e-04
23:31:44 INFO   e3 step   550/1307  loss=0.5410  acc=0.6843  lr0=8.77e-06 lr1=4.39e-04
23:32:01 INFO   e3 step   600/1307  loss=0.5383  acc=0.6828  lr0=8.56e-06 lr1=4.28e-04
23:32:18 INFO   e3 step   650/1307  loss=0.5385  acc=0.6842  lr0=8.35e-06 lr1=4.17e-04
23:32:36 INFO   e3 step   700/1307  loss=0.5394  acc=0.6859  lr0=8.13e-06 lr1=4.07e-04
23:32:53 INFO   e3 step   750/1307  loss=0.5390  acc=0.6855  lr0=7.92e-06 lr1=3.96e-04
23:33:10 INFO   e3 step   800/1307  loss=0.5398  acc=0.6845  lr0=7.71e-06 lr1=3.85e-04
23:33:27 INFO   e3 step   850/1307  loss=0.5409  acc=0.6828  lr0=7.50e-06 lr1=3.75e-04
23:33:44 INFO   e3 step   900/1307  loss=0.5417  acc=0.6835  lr0=7.28e-06 lr1=3.64e-04
23:34:01 INFO   e3 step   950/1307  loss=0.5385  acc=0.6843  lr0=7.07e-06 lr1=3.54e-04
23:34:18 INFO   e3 step  1000/1307  loss=0.5382  acc=0.6849  lr0=6.86e-06 lr1=3.43e-04
23:34:36 INFO   e3 step  1050/1307  loss=0.5361  acc=0.6849  lr0=6.65e-06 lr1=3.32e-04
23:34:53 INFO   e3 step  1100/1307  loss=0.5374  acc=0.6840  lr0=6.43e-06 lr1=3.22e-04
23:35:10 INFO   e3 step  1150/1307  loss=0.5372  acc=0.6844  lr0=6.22e-06 lr1=3.11e-04
23:35:28 INFO   e3 step  1200/1307  loss=0.5373  acc=0.6839  lr0=6.01e-06 lr1=3.00e-04
23:35:45 INFO   e3 step  1250/1307  loss=0.5372  acc=0.6834  lr0=5.80e-06 lr1=2.90e-04
23:36:02 INFO   e3 step  1300/1307  loss=0.5367  acc=0.6837  lr0=5.58e-06 lr1=2.79e-04
23:36:18 INFO [epoch 3] train_loss=0.5371 train_acc=0.6834  val_loss=0.5863 val_acc=0.6432 val_auc=0.7430  elapsed=462.4s
23:36:21 INFO   saved best.pt  val_acc=0.6432
23:36:39 INFO   e4 step    50/1307  loss=0.4801  acc=0.7312  lr0=5.34e-06 lr1=2.67e-04
23:36:56 INFO   e4 step   100/1307  loss=0.4590  acc=0.7475  lr0=5.13e-06 lr1=2.56e-04
23:37:13 INFO   e4 step   150/1307  loss=0.4477  acc=0.7512  lr0=4.92e-06 lr1=2.46e-04
23:37:30 INFO   e4 step   200/1307  loss=0.4514  acc=0.7509  lr0=4.70e-06 lr1=2.35e-04
23:37:47 INFO   e4 step   250/1307  loss=0.4478  acc=0.7518  lr0=4.49e-06 lr1=2.25e-04
23:38:04 INFO   e4 step   300/1307  loss=0.4487  acc=0.7519  lr0=4.28e-06 lr1=2.14e-04
23:38:21 INFO   e4 step   350/1307  loss=0.4539  acc=0.7509  lr0=4.07e-06 lr1=2.03e-04
23:38:39 INFO   e4 step   400/1307  loss=0.4527  acc=0.7509  lr0=3.85e-06 lr1=1.93e-04
23:38:56 INFO   e4 step   450/1307  loss=0.4534  acc=0.7510  lr0=3.64e-06 lr1=1.82e-04
23:39:13 INFO   e4 step   500/1307  loss=0.4524  acc=0.7498  lr0=3.43e-06 lr1=1.71e-04
23:39:30 INFO   e4 step   550/1307  loss=0.4555  acc=0.7486  lr0=3.22e-06 lr1=1.61e-04
23:39:48 INFO   e4 step   600/1307  loss=0.4553  acc=0.7496  lr0=3.00e-06 lr1=1.50e-04
23:40:05 INFO   e4 step   650/1307  loss=0.4539  acc=0.7490  lr0=2.79e-06 lr1=1.40e-04
23:40:22 INFO   e4 step   700/1307  loss=0.4521  acc=0.7492  lr0=2.58e-06 lr1=1.29e-04
23:40:40 INFO   e4 step   750/1307  loss=0.4505  acc=0.7490  lr0=2.37e-06 lr1=1.18e-04
23:40:57 INFO   e4 step   800/1307  loss=0.4487  acc=0.7502  lr0=2.15e-06 lr1=1.08e-04
23:41:14 INFO   e4 step   850/1307  loss=0.4487  acc=0.7497  lr0=1.94e-06 lr1=9.71e-05
23:41:31 INFO   e4 step   900/1307  loss=0.4479  acc=0.7503  lr0=1.73e-06 lr1=8.65e-05
23:41:48 INFO   e4 step   950/1307  loss=0.4468  acc=0.7512  lr0=1.52e-06 lr1=7.59e-05
23:42:04 INFO   e4 step  1000/1307  loss=0.4460  acc=0.7516  lr0=1.30e-06 lr1=6.52e-05
23:42:22 INFO   e4 step  1050/1307  loss=0.4461  acc=0.7515  lr0=1.09e-06 lr1=5.46e-05
23:42:39 INFO   e4 step  1100/1307  loss=0.4467  acc=0.7511  lr0=8.80e-07 lr1=4.40e-05
23:42:56 INFO   e4 step  1150/1307  loss=0.4467  acc=0.7512  lr0=6.67e-07 lr1=3.34e-05
23:43:13 INFO   e4 step  1200/1307  loss=0.4455  acc=0.7517  lr0=4.55e-07 lr1=2.27e-05
23:43:30 INFO   e4 step  1250/1307  loss=0.4451  acc=0.7522  lr0=2.42e-07 lr1=1.21e-05
23:43:48 INFO   e4 step  1300/1307  loss=0.4451  acc=0.7523  lr0=2.97e-08 lr1=1.49e-06
23:44:03 INFO [epoch 4] train_loss=0.4450 train_acc=0.7524  val_loss=0.7300 val_acc=0.6348 val_auc=0.7344  elapsed=462.3s
23:44:06 INFO loading best.pt for test eval
23:44:21 INFO [test] loss=0.5936  acc=0.6414  auc=0.7344  f1=0.5781
23:44:21 INFO [test] per-tier-pair accuracy:
23:44:21 INFO         T0-T0  n= 2613  acc=0.6414
23:44:21 INFO [done] run_summary.json written to /mnt/localssd/baseline_sweep/runs/ajo_newstyle/bge-large-en-v1.5
