Warning: You are sending unauthenticated requests to the HF Hub. Please set a HF_TOKEN to enable higher rate limits and faster downloads.
[device] cuda
[out]    /mnt/localssd/internship-causal-embedding-merge-followup/my_work/kl/results/aep_causal
[data] 5487 train pairs  K=8
[data] 562 val pairs
Loading weights:   0%|          | 0/199 [00:00<?, ?it/s]Loading weights: 100%|██████████| 199/199 [00:00<00:00, 7721.24it/s]
[transformers] [1mBertModel LOAD REPORT[0m from: google-bert/bert-base-uncased
Key                                        | Status     |  | 
-------------------------------------------+------------+--+-
cls.seq_relationship.bias                  | UNEXPECTED |  | 
cls.predictions.transform.dense.weight     | UNEXPECTED |  | 
cls.predictions.transform.dense.bias       | UNEXPECTED |  | 
cls.predictions.transform.LayerNorm.bias   | UNEXPECTED |  | 
cls.seq_relationship.weight                | UNEXPECTED |  | 
cls.predictions.bias                       | UNEXPECTED |  | 
cls.predictions.transform.LayerNorm.weight | UNEXPECTED |  | 

Notes:
- UNEXPECTED:	can be ignored when loading from different task/architecture; not ok if you expect identical arch.
[model] shared_encoder=True  kl_scale=dim  init_cos_weight=1.0  pooling=mean  mu_identity=False  log_sigma_init=0.0
[model] CDEv2  backbone=google-bert/bert-base-uncased  proj_dim=256  params=112,112,900

================================================================================
CDEv2 training  total=3000  phA=3000  phB_end=3000
batch=48  K=8  bf16=True  backbone_lr=2e-05  head_lr=0.0001
================================================================================
  step=   50/3000 [A]  loss=3.7208  info=3.7208  τ=0.0501  λcos=1.000  s+=-6.357  s-=-6.392  γ=0.0004
  step=  100/3000 [A]  loss=3.2892  info=3.2892  τ=0.0504  λcos=0.999  s+=-6.020  s-=-6.169  γ=0.0014
  step=  150/3000 [A]  loss=2.7384  info=2.7384  τ=0.0513  λcos=0.998  s+=-6.723  s-=-6.952  γ=0.0043
  step=  200/3000 [A]  loss=2.5275  info=2.5275  τ=0.0525  λcos=0.996  s+=-8.881  s-=-9.172  γ=0.0080
  [val step=200]  MRR=0.2518  R@1=0.125  R@5=0.375  R@10=0.541  med=9  * new best
  step=  250/3000 [A]  loss=2.5630  info=2.5630  τ=0.0535  λcos=0.995  s+=-12.195  s-=-12.560  γ=0.0107
  step=  300/3000 [A]  loss=2.2146  info=2.2146  τ=0.0544  λcos=0.994  s+=-16.263  s-=-16.640  γ=0.0130
  step=  350/3000 [A]  loss=1.8688  info=1.8688  τ=0.0552  λcos=0.993  s+=-15.904  s-=-16.336  γ=0.0139
  step=  400/3000 [A]  loss=1.8854  info=1.8854  τ=0.0556  λcos=0.993  s+=-17.355  s-=-17.838  γ=0.0139
  [val step=400]  MRR=0.3313  R@1=0.190  R@5=0.488  R@10=0.657  med=6  * new best
  step=  450/3000 [A]  loss=2.0511  info=2.0511  τ=0.0563  λcos=0.992  s+=-23.209  s-=-23.685  γ=0.0153
  step=  500/3000 [A]  loss=1.4947  info=1.4947  τ=0.0561  λcos=0.993  s+=-20.587  s-=-21.321  γ=0.0148
  step=  550/3000 [A]  loss=2.1370  info=2.1370  τ=0.0565  λcos=0.993  s+=-19.392  s-=-19.982  γ=0.0146
  step=  600/3000 [A]  loss=1.2238  info=1.2238  τ=0.0563  λcos=0.994  s+=-16.585  s-=-17.437  γ=0.0144
  [val step=600]  MRR=0.3486  R@1=0.199  R@5=0.520  R@10=0.669  med=5  * new best
  step=  650/3000 [A]  loss=1.4730  info=1.4730  τ=0.0568  λcos=0.993  s+=-15.943  s-=-16.648  γ=0.0143
  step=  700/3000 [A]  loss=1.4775  info=1.4775  τ=0.0571  λcos=0.994  s+=-12.429  s-=-13.372  γ=0.0144
  step=  750/3000 [A]  loss=1.3823  info=1.3823  τ=0.0573  λcos=0.994  s+=-15.270  s-=-16.175  γ=0.0146
  step=  800/3000 [A]  loss=0.8088  info=0.8088  τ=0.0579  λcos=0.993  s+=-15.366  s-=-16.257  γ=0.0154
  [val step=800]  MRR=0.3736  R@1=0.231  R@5=0.553  R@10=0.683  med=4  * new best
  step=  850/3000 [A]  loss=1.2951  info=1.2951  τ=0.0576  λcos=0.994  s+=-14.121  s-=-15.048  γ=0.0150
  step=  900/3000 [A]  loss=1.1426  info=1.1426  τ=0.0581  λcos=0.994  s+=-16.163  s-=-17.125  γ=0.0157
  step=  950/3000 [A]  loss=1.1574  info=1.1574  τ=0.0577  λcos=0.995  s+=-12.603  s-=-13.711  γ=0.0154
  step= 1000/3000 [A]  loss=1.1079  info=1.1079  τ=0.0577  λcos=0.996  s+=-13.605  s-=-14.680  γ=0.0156
  [val step=1000]  MRR=0.3802  R@1=0.228  R@5=0.568  R@10=0.687  med=4  * new best
  step= 1050/3000 [A]  loss=0.8857  info=0.8857  τ=0.0577  λcos=0.996  s+=-10.079  s-=-11.262  γ=0.0154
  step= 1100/3000 [A]  loss=0.9250  info=0.9250  τ=0.0578  λcos=0.997  s+=-12.408  s-=-13.574  γ=0.0159
  step= 1150/3000 [A]  loss=0.6784  info=0.6784  τ=0.0581  λcos=0.997  s+=-14.367  s-=-15.558  γ=0.0165
  step= 1200/3000 [A]  loss=0.7078  info=0.7078  τ=0.0576  λcos=0.998  s+=-10.940  s-=-12.322  γ=0.0162
  [val step=1200]  MRR=0.3763  R@1=0.242  R@5=0.520  R@10=0.674  med=5  (patience 1/12)
  step= 1250/3000 [A]  loss=1.1938  info=1.1938  τ=0.0579  λcos=0.998  s+=-13.126  s-=-14.264  γ=0.0166
  step= 1300/3000 [A]  loss=0.8721  info=0.8721  τ=0.0576  λcos=0.999  s+=-10.871  s-=-12.206  γ=0.0160
  step= 1350/3000 [A]  loss=0.7649  info=0.7649  τ=0.0574  λcos=0.999  s+=-10.450  s-=-11.866  γ=0.0161
  step= 1400/3000 [A]  loss=0.4412  info=0.4412  τ=0.0573  λcos=1.000  s+=-9.887  s-=-11.397  γ=0.0166
  [val step=1400]  MRR=0.3764  R@1=0.244  R@5=0.523  R@10=0.673  med=5  (patience 2/12)
  step= 1450/3000 [A]  loss=0.5366  info=0.5366  τ=0.0574  λcos=0.999  s+=-11.860  s-=-13.262  γ=0.0175
  step= 1500/3000 [A]  loss=0.6981  info=0.6981  τ=0.0573  λcos=1.000  s+=-9.315  s-=-10.809  γ=0.0172
  step= 1550/3000 [A]  loss=0.7481  info=0.7481  τ=0.0572  λcos=1.000  s+=-9.981  s-=-11.387  γ=0.0172
  step= 1600/3000 [A]  loss=0.6089  info=0.6089  τ=0.0571  λcos=1.001  s+=-13.147  s-=-14.477  γ=0.0172
  [val step=1600]  MRR=0.3815  R@1=0.237  R@5=0.555  R@10=0.689  med=4  * new best
  step= 1650/3000 [A]  loss=0.6387  info=0.6387  τ=0.0569  λcos=1.001  s+=-10.735  s-=-12.323  γ=0.0172
  step= 1700/3000 [A]  loss=0.4489  info=0.4489  τ=0.0569  λcos=1.002  s+=-9.958  s-=-11.377  γ=0.0175
  step= 1750/3000 [A]  loss=0.9173  info=0.9173  τ=0.0567  λcos=1.002  s+=-10.753  s-=-12.249  γ=0.0179
  step= 1800/3000 [A]  loss=0.4999  info=0.4999  τ=0.0567  λcos=1.003  s+=-8.133  s-=-9.654  γ=0.0179
  [val step=1800]  MRR=0.3750  R@1=0.231  R@5=0.546  R@10=0.678  med=4  (patience 1/12)
  step= 1850/3000 [A]  loss=0.4130  info=0.4130  τ=0.0567  λcos=1.003  s+=-8.046  s-=-9.714  γ=0.0180
  step= 1900/3000 [A]  loss=0.3464  info=0.3464  τ=0.0566  λcos=1.003  s+=-10.034  s-=-11.525  γ=0.0179
  step= 1950/3000 [A]  loss=0.2538  info=0.2538  τ=0.0566  λcos=1.003  s+=-10.536  s-=-12.195  γ=0.0182
  step= 2000/3000 [A]  loss=0.4155  info=0.4155  τ=0.0565  λcos=1.004  s+=-11.220  s-=-12.766  γ=0.0182
  [val step=2000]  MRR=0.3825  R@1=0.237  R@5=0.534  R@10=0.689  med=5  * new best
  step= 2050/3000 [A]  loss=0.4682  info=0.4682  τ=0.0565  λcos=1.004  s+=-11.004  s-=-12.523  γ=0.0184
  step= 2100/3000 [A]  loss=0.3315  info=0.3315  τ=0.0564  λcos=1.004  s+=-9.344  s-=-10.919  γ=0.0183
  step= 2150/3000 [A]  loss=0.4658  info=0.4658  τ=0.0563  λcos=1.004  s+=-9.871  s-=-11.491  γ=0.0183
  step= 2200/3000 [A]  loss=0.5585  info=0.5585  τ=0.0562  λcos=1.005  s+=-10.513  s-=-12.191  γ=0.0183
  [val step=2200]  MRR=0.3821  R@1=0.237  R@5=0.541  R@10=0.689  med=4  (patience 1/12)
  step= 2250/3000 [A]  loss=0.4652  info=0.4652  τ=0.0561  λcos=1.005  s+=-10.274  s-=-11.923  γ=0.0183
  step= 2300/3000 [A]  loss=0.3154  info=0.3154  τ=0.0561  λcos=1.005  s+=-7.784  s-=-9.483  γ=0.0182
  step= 2350/3000 [A]  loss=0.4972  info=0.4972  τ=0.0559  λcos=1.005  s+=-7.685  s-=-9.415  γ=0.0182
  step= 2400/3000 [A]  loss=0.5694  info=0.5694  τ=0.0559  λcos=1.005  s+=-11.051  s-=-12.623  γ=0.0182
  [val step=2400]  MRR=0.3913  R@1=0.251  R@5=0.550  R@10=0.694  med=4  * new best
  step= 2450/3000 [A]  loss=0.3133  info=0.3133  τ=0.0558  λcos=1.006  s+=-7.998  s-=-9.623  γ=0.0181
  step= 2500/3000 [A]  loss=0.5635  info=0.5635  τ=0.0558  λcos=1.006  s+=-10.530  s-=-12.120  γ=0.0181
  step= 2550/3000 [A]  loss=0.3824  info=0.3824  τ=0.0557  λcos=1.006  s+=-7.072  s-=-8.834  γ=0.0181
  step= 2600/3000 [A]  loss=0.5360  info=0.5360  τ=0.0557  λcos=1.006  s+=-8.695  s-=-10.357  γ=0.0181
  [val step=2600]  MRR=0.3876  R@1=0.247  R@5=0.560  R@10=0.703  med=4  (patience 1/12)
  step= 2650/3000 [A]  loss=0.5780  info=0.5780  τ=0.0557  λcos=1.006  s+=-9.141  s-=-10.831  γ=0.0182
  step= 2700/3000 [A]  loss=0.2712  info=0.2712  τ=0.0556  λcos=1.006  s+=-7.749  s-=-9.490  γ=0.0181
  step= 2750/3000 [A]  loss=0.3284  info=0.3284  τ=0.0556  λcos=1.006  s+=-7.084  s-=-8.887  γ=0.0181
  step= 2800/3000 [A]  loss=0.3548  info=0.3548  τ=0.0556  λcos=1.006  s+=-6.963  s-=-8.731  γ=0.0181
  [val step=2800]  MRR=0.3811  R@1=0.238  R@5=0.557  R@10=0.698  med=4  (patience 2/12)
  step= 2850/3000 [A]  loss=0.2289  info=0.2289  τ=0.0556  λcos=1.006  s+=-7.682  s-=-9.403  γ=0.0181
  step= 2900/3000 [A]  loss=0.4063  info=0.4063  τ=0.0556  λcos=1.006  s+=-9.697  s-=-11.384  γ=0.0181
  step= 2950/3000 [A]  loss=0.2997  info=0.2997  τ=0.0556  λcos=1.006  s+=-7.605  s-=-9.406  γ=0.0181
  step= 3000/3000 [A]  loss=0.4063  info=0.4063  τ=0.0556  λcos=1.006  s+=-7.591  s-=-9.408  γ=0.0181
  [val step=3000]  MRR=0.3837  R@1=0.242  R@5=0.559  R@10=0.703  med=4  (patience 3/12)

================================================================================
[done]  best val MRR=0.3913
  best:   /mnt/localssd/internship-causal-embedding-merge-followup/my_work/kl/results/aep_causal/cde_v2_mmd_cos_best.pt
  latest: /mnt/localssd/internship-causal-embedding-merge-followup/my_work/kl/results/aep_causal/cde_v2_mmd_cos_latest.pt
