Warning: You are sending unauthenticated requests to the HF Hub. Please set a HF_TOKEN to enable higher rate limits and faster downloads.
[device] cuda
[out]    /mnt/localssd/internship-causal-embedding-merge-followup/my_work/kl/results/aep_causal
[data] 5487 train pairs  K=8
[data] 562 val pairs
Loading weights:   0%|          | 0/199 [00:00<?, ?it/s]Loading weights: 100%|██████████| 199/199 [00:00<00:00, 11540.34it/s]
[transformers] [1mBertModel LOAD REPORT[0m from: google-bert/bert-base-uncased
Key                                        | Status     |  | 
-------------------------------------------+------------+--+-
cls.predictions.transform.dense.weight     | UNEXPECTED |  | 
cls.predictions.transform.LayerNorm.bias   | UNEXPECTED |  | 
cls.seq_relationship.weight                | UNEXPECTED |  | 
cls.predictions.transform.LayerNorm.weight | UNEXPECTED |  | 
cls.seq_relationship.bias                  | UNEXPECTED |  | 
cls.predictions.transform.dense.bias       | UNEXPECTED |  | 
cls.predictions.bias                       | UNEXPECTED |  | 

Notes:
- UNEXPECTED:	can be ignored when loading from different task/architecture; not ok if you expect identical arch.
Loading weights:   0%|          | 0/199 [00:00<?, ?it/s]Loading weights: 100%|██████████| 199/199 [00:00<00:00, 10501.20it/s]
[transformers] [1mBertModel LOAD REPORT[0m from: google-bert/bert-base-uncased
Key                                        | Status     |  | 
-------------------------------------------+------------+--+-
cls.predictions.transform.dense.weight     | UNEXPECTED |  | 
cls.predictions.transform.LayerNorm.bias   | UNEXPECTED |  | 
cls.seq_relationship.weight                | UNEXPECTED |  | 
cls.predictions.transform.LayerNorm.weight | UNEXPECTED |  | 
cls.seq_relationship.bias                  | UNEXPECTED |  | 
cls.predictions.transform.dense.bias       | UNEXPECTED |  | 
cls.predictions.bias                       | UNEXPECTED |  | 

Notes:
- UNEXPECTED:	can be ignored when loading from different task/architecture; not ok if you expect identical arch.
[warm-start] from ../../finetune_eval/results/aep_causal/checkpoint_best.pt
  [warm-start] loaded 199 anchor tensors -> cause_enc, 199 positive tensors -> effect_enc (missing=0, unexpected=0)
[model] shared_encoder=False  kl_scale=dim  init_cos_weight=1.0  pooling=cls  mu_identity=True  log_sigma_init=3.0
[model] CDEv2  backbone=google-bert/bert-base-uncased  proj_dim=768  params=226,058,498

================================================================================
CDEv2 training  total=3000  phA=3000  phB_end=3000
batch=64  K=8  bf16=True  backbone_lr=2e-05  head_lr=0.0001
================================================================================
  step=   50/3000 [A]  loss=2.2038  info=2.2038  τ=0.0498  λcos=1.000  s+=0.559  s-=0.266  γ=0.0005
  step=  100/3000 [A]  loss=2.0683  info=2.0683  τ=0.0491  λcos=1.002  s+=0.483  s-=0.191  γ=0.0025
  step=  150/3000 [A]  loss=2.0175  info=2.0175  τ=0.0480  λcos=1.004  s+=0.415  s-=0.123  γ=0.0050
  [val step=150]  MRR=0.4064  R@1=0.269  R@5=0.573  R@10=0.710  med=4  * new best
  step=  200/3000 [A]  loss=1.8841  info=1.8841  τ=0.0464  λcos=1.008  s+=0.389  s-=0.057  γ=0.0063
  step=  250/3000 [A]  loss=1.8787  info=1.8787  τ=0.0449  λcos=1.011  s+=0.387  s-=0.043  γ=0.0067
  step=  300/3000 [A]  loss=1.5527  info=1.5527  τ=0.0429  λcos=1.015  s+=0.360  s-=0.003  γ=0.0072
  [val step=300]  MRR=0.4115  R@1=0.274  R@5=0.568  R@10=0.728  med=4  * new best
  step=  350/3000 [A]  loss=1.5201  info=1.5201  τ=0.0415  λcos=1.019  s+=0.362  s-=0.008  γ=0.0081
  step=  400/3000 [A]  loss=1.4380  info=1.4380  τ=0.0394  λcos=1.023  s+=0.379  s-=-0.020  γ=0.0087
  step=  450/3000 [A]  loss=1.5373  info=1.5373  τ=0.0380  λcos=1.027  s+=0.349  s-=-0.031  γ=0.0092
  [val step=450]  MRR=0.4154  R@1=0.269  R@5=0.578  R@10=0.731  med=4  * new best
  step=  500/3000 [A]  loss=1.1073  info=1.1073  τ=0.0366  λcos=1.030  s+=0.363  s-=-0.054  γ=0.0100
  step=  550/3000 [A]  loss=1.4672  info=1.4672  τ=0.0352  λcos=1.034  s+=0.331  s-=-0.077  γ=0.0104
  step=  600/3000 [A]  loss=1.1007  info=1.1007  τ=0.0341  λcos=1.037  s+=0.314  s-=-0.088  γ=0.0112
  [val step=600]  MRR=0.3923  R@1=0.235  R@5=0.577  R@10=0.726  med=4  (patience 1/12)
  step=  650/3000 [A]  loss=0.8343  info=0.8343  τ=0.0329  λcos=1.040  s+=0.350  s-=-0.102  γ=0.0117
  step=  700/3000 [A]  loss=0.9942  info=0.9942  τ=0.0323  λcos=1.043  s+=0.355  s-=-0.097  γ=0.0119
  step=  750/3000 [A]  loss=0.8191  info=0.8191  τ=0.0315  λcos=1.045  s+=0.326  s-=-0.115  γ=0.0128
  [val step=750]  MRR=0.4001  R@1=0.247  R@5=0.585  R@10=0.726  med=4  (patience 2/12)
  step=  800/3000 [A]  loss=1.0447  info=1.0447  τ=0.0306  λcos=1.048  s+=0.311  s-=-0.130  γ=0.0129
  step=  850/3000 [A]  loss=1.0736  info=1.0736  τ=0.0301  λcos=1.050  s+=0.293  s-=-0.137  γ=0.0135
  step=  900/3000 [A]  loss=0.9504  info=0.9504  τ=0.0293  λcos=1.053  s+=0.313  s-=-0.121  γ=0.0135
  [val step=900]  MRR=0.3940  R@1=0.256  R@5=0.552  R@10=0.699  med=4  (patience 3/12)
  step=  950/3000 [A]  loss=0.5859  info=0.5859  τ=0.0289  λcos=1.055  s+=0.316  s-=-0.152  γ=0.0139
  step= 1000/3000 [A]  loss=0.6516  info=0.6516  τ=0.0286  λcos=1.056  s+=0.318  s-=-0.143  γ=0.0145
