11:34:20 INFO run_dir=/mnt/localssd/crossencoder_sweep/runs/new_ajo_workflows/deberta-v3-large
11:34:20 INFO device=cuda:0  bf16=False  physical_gpu=0  CUDA_VISIBLE_DEVICES=0
11:34:20 INFO dataset=new_ajo_workflows  model=deberta-v3-large  backbone=microsoft/deberta-v3-large
11:34:20 INFO tokenizer <- microsoft/deberta-v3-large
Warning: You are sending unauthenticated requests to the HF Hub. Please set a HF_TOKEN to enable higher rate limits and faster downloads.
11:34:21 INFO split files: ['directional_train.jsonl', 'directional_val.jsonl', 'directional_test.jsonl']
11:34:21 INFO scanning max JOINT token length across all splits ...
11:34:25 INFO   observed_max_joint=512 -> max_seq_len=512 (cap=512, scan=4.0s)
11:34:25 INFO loading datasets ...
11:34:25 INFO   schema=standard  train=21846  val=2470  test=2616
11:34:25 INFO building CrossEncoderClassifier  backbone=microsoft/deberta-v3-large
Loading weights:   0%|          | 0/390 [00:00<?, ?it/s]Loading weights: 100%|██████████| 390/390 [00:00<00:00, 32440.48it/s]
[transformers] [1mDebertaV2Model LOAD REPORT[0m from: microsoft/deberta-v3-large
Key                                     | Status     |  | 
----------------------------------------+------------+--+-
lm_predictions.lm_head.LayerNorm.weight | UNEXPECTED |  | 
lm_predictions.lm_head.bias             | UNEXPECTED |  | 
lm_predictions.lm_head.dense.weight     | UNEXPECTED |  | 
lm_predictions.lm_head.LayerNorm.bias   | UNEXPECTED |  | 
mask_predictions.LayerNorm.bias         | UNEXPECTED |  | 
mask_predictions.classifier.weight      | UNEXPECTED |  | 
mask_predictions.classifier.bias        | UNEXPECTED |  | 
mask_predictions.LayerNorm.weight       | UNEXPECTED |  | 
lm_predictions.lm_head.dense.bias       | UNEXPECTED |  | 
mask_predictions.dense.bias             | UNEXPECTED |  | 
mask_predictions.dense.weight           | UNEXPECTED |  | 

Notes:
- UNEXPECTED:	can be ignored when loading from different task/architecture; not ok if you expect identical arch.
11:34:28 INFO   hidden_size=1024  trainable_params=434,013,185
11:34:28 INFO   total_steps=1364  warmup_steps=81  grad_accum=8  eff_batch=64
11:34:40 INFO   e1 step    50/2731  loss=0.7130  acc=0.5350  lr0=7.41e-07 lr1=7.41e-07
11:34:48 INFO   e1 step   100/2731  loss=0.7174  acc=0.5437  lr0=1.48e-06 lr1=1.48e-06
11:34:56 INFO   e1 step   150/2731  loss=0.7228  acc=0.5283  lr0=2.22e-06 lr1=2.22e-06
11:35:04 INFO   e1 step   200/2731  loss=0.7289  acc=0.5169  lr0=3.09e-06 lr1=3.09e-06
11:35:13 INFO   e1 step   250/2731  loss=0.7338  acc=0.5135  lr0=3.83e-06 lr1=3.83e-06
11:35:21 INFO   e1 step   300/2731  loss=0.7336  acc=0.5100  lr0=4.57e-06 lr1=4.57e-06
11:35:30 INFO   e1 step   350/2731  loss=0.7319  acc=0.5093  lr0=5.31e-06 lr1=5.31e-06
11:35:39 INFO   e1 step   400/2731  loss=0.7306  acc=0.5097  lr0=6.17e-06 lr1=6.17e-06
11:35:47 INFO   e1 step   450/2731  loss=0.7285  acc=0.5092  lr0=6.91e-06 lr1=6.91e-06
11:35:55 INFO   e1 step   500/2731  loss=0.7288  acc=0.5072  lr0=7.65e-06 lr1=7.65e-06
11:36:05 INFO   e1 step   550/2731  loss=0.7282  acc=0.5066  lr0=8.40e-06 lr1=8.40e-06
11:36:13 INFO   e1 step   600/2731  loss=0.7293  acc=0.5060  lr0=9.26e-06 lr1=9.26e-06
11:36:21 INFO   e1 step   650/2731  loss=0.7310  acc=0.5031  lr0=1.00e-05 lr1=1.00e-05
11:36:29 INFO   e1 step   700/2731  loss=0.7307  acc=0.5030  lr0=9.95e-06 lr1=9.95e-06
11:36:38 INFO   e1 step   750/2731  loss=0.7301  acc=0.5032  lr0=9.91e-06 lr1=9.91e-06
11:36:47 INFO   e1 step   800/2731  loss=0.7299  acc=0.5020  lr0=9.85e-06 lr1=9.85e-06
11:36:54 INFO   e1 step   850/2731  loss=0.7284  acc=0.5043  lr0=9.81e-06 lr1=9.81e-06
11:37:02 INFO   e1 step   900/2731  loss=0.7278  acc=0.5040  lr0=9.76e-06 lr1=9.76e-06
11:37:10 INFO   e1 step   950/2731  loss=0.7266  acc=0.5049  lr0=9.71e-06 lr1=9.71e-06
11:37:18 INFO   e1 step  1000/2731  loss=0.7264  acc=0.5068  lr0=9.66e-06 lr1=9.66e-06
11:37:26 INFO   e1 step  1050/2731  loss=0.7262  acc=0.5075  lr0=9.61e-06 lr1=9.61e-06
11:37:34 INFO   e1 step  1100/2731  loss=0.7253  acc=0.5073  lr0=9.56e-06 lr1=9.56e-06
11:37:44 INFO   e1 step  1150/2731  loss=0.7253  acc=0.5082  lr0=9.52e-06 lr1=9.52e-06
11:37:52 INFO   e1 step  1200/2731  loss=0.7255  acc=0.5081  lr0=9.46e-06 lr1=9.46e-06
11:38:00 INFO   e1 step  1250/2731  loss=0.7241  acc=0.5091  lr0=9.42e-06 lr1=9.42e-06
11:38:08 INFO   e1 step  1300/2731  loss=0.7244  acc=0.5093  lr0=9.37e-06 lr1=9.37e-06
11:38:15 INFO   e1 step  1350/2731  loss=0.7232  acc=0.5103  lr0=9.32e-06 lr1=9.32e-06
11:38:23 INFO   e1 step  1400/2731  loss=0.7222  acc=0.5123  lr0=9.27e-06 lr1=9.27e-06
11:38:32 INFO   e1 step  1450/2731  loss=0.7213  acc=0.5130  lr0=9.22e-06 lr1=9.22e-06
11:38:40 INFO   e1 step  1500/2731  loss=0.7195  acc=0.5155  lr0=9.17e-06 lr1=9.17e-06
11:38:48 INFO   e1 step  1550/2731  loss=0.7188  acc=0.5172  lr0=9.13e-06 lr1=9.13e-06
11:38:56 INFO   e1 step  1600/2731  loss=0.7171  acc=0.5194  lr0=9.07e-06 lr1=9.07e-06
11:39:04 INFO   e1 step  1650/2731  loss=0.7168  acc=0.5200  lr0=9.03e-06 lr1=9.03e-06
11:39:13 INFO   e1 step  1700/2731  loss=0.7161  acc=0.5212  lr0=8.98e-06 lr1=8.98e-06
11:39:21 INFO   e1 step  1750/2731  loss=0.7159  acc=0.5226  lr0=8.93e-06 lr1=8.93e-06
11:39:29 INFO   e1 step  1800/2731  loss=0.7146  acc=0.5244  lr0=8.88e-06 lr1=8.88e-06
11:39:38 INFO   e1 step  1850/2731  loss=0.7129  acc=0.5270  lr0=8.83e-06 lr1=8.83e-06
11:39:47 INFO   e1 step  1900/2731  loss=0.7118  acc=0.5288  lr0=8.78e-06 lr1=8.78e-06
11:39:56 INFO   e1 step  1950/2731  loss=0.7113  acc=0.5308  lr0=8.74e-06 lr1=8.74e-06
11:40:04 INFO   e1 step  2000/2731  loss=0.7097  acc=0.5324  lr0=8.68e-06 lr1=8.68e-06
11:40:13 INFO   e1 step  2050/2731  loss=0.7086  acc=0.5338  lr0=8.64e-06 lr1=8.64e-06
11:40:21 INFO   e1 step  2100/2731  loss=0.7072  acc=0.5354  lr0=8.59e-06 lr1=8.59e-06
11:40:30 INFO   e1 step  2150/2731  loss=0.7065  acc=0.5370  lr0=8.54e-06 lr1=8.54e-06
11:40:38 INFO   e1 step  2200/2731  loss=0.7052  acc=0.5391  lr0=8.49e-06 lr1=8.49e-06
11:40:46 INFO   e1 step  2250/2731  loss=0.7038  acc=0.5416  lr0=8.44e-06 lr1=8.44e-06
11:40:53 INFO   e1 step  2300/2731  loss=0.7023  acc=0.5434  lr0=8.39e-06 lr1=8.39e-06
11:41:02 INFO   e1 step  2350/2731  loss=0.7012  acc=0.5447  lr0=8.35e-06 lr1=8.35e-06
11:41:10 INFO   e1 step  2400/2731  loss=0.7001  acc=0.5465  lr0=8.29e-06 lr1=8.29e-06
11:41:18 INFO   e1 step  2450/2731  loss=0.6986  acc=0.5488  lr0=8.25e-06 lr1=8.25e-06
11:41:26 INFO   e1 step  2500/2731  loss=0.6981  acc=0.5501  lr0=8.20e-06 lr1=8.20e-06
11:41:34 INFO   e1 step  2550/2731  loss=0.6973  acc=0.5511  lr0=8.15e-06 lr1=8.15e-06
11:41:43 INFO   e1 step  2600/2731  loss=0.6962  acc=0.5529  lr0=8.10e-06 lr1=8.10e-06
11:41:51 INFO   e1 step  2650/2731  loss=0.6953  acc=0.5544  lr0=8.05e-06 lr1=8.05e-06
11:41:59 INFO   e1 step  2700/2731  loss=0.6943  acc=0.5556  lr0=8.00e-06 lr1=8.00e-06
11:42:38 INFO [epoch 1] train_loss=0.6935 train_acc=0.5566  val_loss=0.6276 val_acc=0.6660 val_auc=0.7285  elapsed=490.3s
11:42:40 INFO   saved best.pt  val_acc=0.6660
11:42:49 INFO   e2 step    50/2731  loss=0.5864  acc=0.7050  lr0=7.93e-06 lr1=7.93e-06
11:42:58 INFO   e2 step   100/2731  loss=0.5785  acc=0.6975  lr0=7.88e-06 lr1=7.88e-06
11:43:07 INFO   e2 step   150/2731  loss=0.5740  acc=0.7050  lr0=7.83e-06 lr1=7.83e-06
11:43:16 INFO   e2 step   200/2731  loss=0.5735  acc=0.7137  lr0=7.78e-06 lr1=7.78e-06
11:43:25 INFO   e2 step   250/2731  loss=0.5835  acc=0.7065  lr0=7.73e-06 lr1=7.73e-06
11:43:33 INFO   e2 step   300/2731  loss=0.5849  acc=0.7037  lr0=7.69e-06 lr1=7.69e-06
11:43:41 INFO   e2 step   350/2731  loss=0.5827  acc=0.7089  lr0=7.64e-06 lr1=7.64e-06
11:43:49 INFO   e2 step   400/2731  loss=0.5795  acc=0.7144  lr0=7.58e-06 lr1=7.58e-06
11:43:58 INFO   e2 step   450/2731  loss=0.5784  acc=0.7144  lr0=7.54e-06 lr1=7.54e-06
11:44:07 INFO   e2 step   500/2731  loss=0.5774  acc=0.7157  lr0=7.49e-06 lr1=7.49e-06
11:44:14 INFO   e2 step   550/2731  loss=0.5777  acc=0.7148  lr0=7.44e-06 lr1=7.44e-06
11:44:23 INFO   e2 step   600/2731  loss=0.5738  acc=0.7169  lr0=7.39e-06 lr1=7.39e-06
11:44:31 INFO   e2 step   650/2731  loss=0.5732  acc=0.7171  lr0=7.34e-06 lr1=7.34e-06
11:44:40 INFO   e2 step   700/2731  loss=0.5702  acc=0.7202  lr0=7.30e-06 lr1=7.30e-06
11:44:49 INFO   e2 step   750/2731  loss=0.5698  acc=0.7205  lr0=7.25e-06 lr1=7.25e-06
11:44:56 INFO   e2 step   800/2731  loss=0.5688  acc=0.7197  lr0=7.19e-06 lr1=7.19e-06
11:45:05 INFO   e2 step   850/2731  loss=0.5667  acc=0.7216  lr0=7.15e-06 lr1=7.15e-06
11:45:13 INFO   e2 step   900/2731  loss=0.5621  acc=0.7239  lr0=7.10e-06 lr1=7.10e-06
11:45:21 INFO   e2 step   950/2731  loss=0.5579  acc=0.7261  lr0=7.05e-06 lr1=7.05e-06
11:45:30 INFO   e2 step  1000/2731  loss=0.5590  acc=0.7266  lr0=7.00e-06 lr1=7.00e-06
11:45:38 INFO   e2 step  1050/2731  loss=0.5572  acc=0.7271  lr0=6.95e-06 lr1=6.95e-06
11:45:45 INFO   e2 step  1100/2731  loss=0.5551  acc=0.7283  lr0=6.91e-06 lr1=6.91e-06
11:45:54 INFO   e2 step  1150/2731  loss=0.5530  acc=0.7296  lr0=6.86e-06 lr1=6.86e-06
11:46:02 INFO   e2 step  1200/2731  loss=0.5526  acc=0.7302  lr0=6.80e-06 lr1=6.80e-06
11:46:10 INFO   e2 step  1250/2731  loss=0.5513  acc=0.7308  lr0=6.76e-06 lr1=6.76e-06
11:46:18 INFO   e2 step  1300/2731  loss=0.5509  acc=0.7321  lr0=6.71e-06 lr1=6.71e-06
11:46:27 INFO   e2 step  1350/2731  loss=0.5484  acc=0.7340  lr0=6.66e-06 lr1=6.66e-06
11:46:35 INFO   e2 step  1400/2731  loss=0.5476  acc=0.7345  lr0=6.61e-06 lr1=6.61e-06
11:46:42 INFO   e2 step  1450/2731  loss=0.5450  acc=0.7365  lr0=6.56e-06 lr1=6.56e-06
11:46:50 INFO   e2 step  1500/2731  loss=0.5435  acc=0.7378  lr0=6.52e-06 lr1=6.52e-06
11:46:58 INFO   e2 step  1550/2731  loss=0.5432  acc=0.7383  lr0=6.47e-06 lr1=6.47e-06
11:47:06 INFO   e2 step  1600/2731  loss=0.5423  acc=0.7388  lr0=6.41e-06 lr1=6.41e-06
11:47:15 INFO   e2 step  1650/2731  loss=0.5408  acc=0.7395  lr0=6.37e-06 lr1=6.37e-06
11:47:22 INFO   e2 step  1700/2731  loss=0.5388  acc=0.7402  lr0=6.32e-06 lr1=6.32e-06
11:47:31 INFO   e2 step  1750/2731  loss=0.5373  acc=0.7403  lr0=6.27e-06 lr1=6.27e-06
11:47:40 INFO   e2 step  1800/2731  loss=0.5346  acc=0.7418  lr0=6.22e-06 lr1=6.22e-06
11:47:48 INFO   e2 step  1850/2731  loss=0.5338  acc=0.7426  lr0=6.17e-06 lr1=6.17e-06
11:47:55 INFO   e2 step  1900/2731  loss=0.5317  acc=0.7435  lr0=6.13e-06 lr1=6.13e-06
11:48:03 INFO   e2 step  1950/2731  loss=0.5317  acc=0.7434  lr0=6.08e-06 lr1=6.08e-06
11:48:12 INFO   e2 step  2000/2731  loss=0.5301  acc=0.7443  lr0=6.02e-06 lr1=6.02e-06
11:48:20 INFO   e2 step  2050/2731  loss=0.5283  acc=0.7454  lr0=5.98e-06 lr1=5.98e-06
11:48:29 INFO   e2 step  2100/2731  loss=0.5259  acc=0.7467  lr0=5.93e-06 lr1=5.93e-06
11:48:37 INFO   e2 step  2150/2731  loss=0.5249  acc=0.7476  lr0=5.88e-06 lr1=5.88e-06
11:48:46 INFO   e2 step  2200/2731  loss=0.5228  acc=0.7491  lr0=5.83e-06 lr1=5.83e-06
11:48:54 INFO   e2 step  2250/2731  loss=0.5223  acc=0.7493  lr0=5.78e-06 lr1=5.78e-06
11:49:03 INFO   e2 step  2300/2731  loss=0.5214  acc=0.7500  lr0=5.74e-06 lr1=5.74e-06
11:49:11 INFO   e2 step  2350/2731  loss=0.5210  acc=0.7505  lr0=5.69e-06 lr1=5.69e-06
11:49:20 INFO   e2 step  2400/2731  loss=0.5199  acc=0.7511  lr0=5.64e-06 lr1=5.64e-06
11:49:29 INFO   e2 step  2450/2731  loss=0.5184  acc=0.7522  lr0=5.59e-06 lr1=5.59e-06
11:49:37 INFO   e2 step  2500/2731  loss=0.5174  acc=0.7530  lr0=5.54e-06 lr1=5.54e-06
11:49:45 INFO   e2 step  2550/2731  loss=0.5158  acc=0.7539  lr0=5.49e-06 lr1=5.49e-06
11:49:53 INFO   e2 step  2600/2731  loss=0.5143  acc=0.7548  lr0=5.44e-06 lr1=5.44e-06
11:50:02 INFO   e2 step  2650/2731  loss=0.5126  acc=0.7553  lr0=5.39e-06 lr1=5.39e-06
11:50:10 INFO   e2 step  2700/2731  loss=0.5110  acc=0.7558  lr0=5.35e-06 lr1=5.35e-06
11:50:49 INFO [epoch 2] train_loss=0.5110 train_acc=0.7560  val_loss=0.7084 val_acc=0.6895 val_auc=0.7578  elapsed=488.7s
11:50:51 INFO   saved best.pt  val_acc=0.6895
11:50:59 INFO   e3 step    50/2731  loss=0.3778  acc=0.8300  lr0=5.27e-06 lr1=5.27e-06
11:51:07 INFO   e3 step   100/2731  loss=0.3616  acc=0.8425  lr0=5.22e-06 lr1=5.22e-06
11:51:16 INFO   e3 step   150/2731  loss=0.3427  acc=0.8533  lr0=5.18e-06 lr1=5.18e-06
11:51:24 INFO   e3 step   200/2731  loss=0.3494  acc=0.8538  lr0=5.12e-06 lr1=5.12e-06
11:51:32 INFO   e3 step   250/2731  loss=0.3506  acc=0.8535  lr0=5.07e-06 lr1=5.07e-06
11:51:40 INFO   e3 step   300/2731  loss=0.3427  acc=0.8562  lr0=5.03e-06 lr1=5.03e-06
11:51:49 INFO   e3 step   350/2731  loss=0.3394  acc=0.8575  lr0=4.98e-06 lr1=4.98e-06
11:51:57 INFO   e3 step   400/2731  loss=0.3358  acc=0.8619  lr0=4.93e-06 lr1=4.93e-06
11:52:05 INFO   e3 step   450/2731  loss=0.3345  acc=0.8639  lr0=4.88e-06 lr1=4.88e-06
11:52:14 INFO   e3 step   500/2731  loss=0.3320  acc=0.8652  lr0=4.83e-06 lr1=4.83e-06
11:52:22 INFO   e3 step   550/2731  loss=0.3317  acc=0.8648  lr0=4.79e-06 lr1=4.79e-06
11:52:30 INFO   e3 step   600/2731  loss=0.3306  acc=0.8656  lr0=4.73e-06 lr1=4.73e-06
11:52:38 INFO   e3 step   650/2731  loss=0.3286  acc=0.8671  lr0=4.68e-06 lr1=4.68e-06
11:52:47 INFO   e3 step   700/2731  loss=0.3259  acc=0.8688  lr0=4.64e-06 lr1=4.64e-06
11:52:55 INFO   e3 step   750/2731  loss=0.3255  acc=0.8688  lr0=4.59e-06 lr1=4.59e-06
11:53:03 INFO   e3 step   800/2731  loss=0.3248  acc=0.8694  lr0=4.54e-06 lr1=4.54e-06
11:53:12 INFO   e3 step   850/2731  loss=0.3256  acc=0.8696  lr0=4.49e-06 lr1=4.49e-06
11:53:20 INFO   e3 step   900/2731  loss=0.3231  acc=0.8710  lr0=4.44e-06 lr1=4.44e-06
11:53:29 INFO   e3 step   950/2731  loss=0.3219  acc=0.8711  lr0=4.40e-06 lr1=4.40e-06
11:53:37 INFO   e3 step  1000/2731  loss=0.3214  acc=0.8704  lr0=4.34e-06 lr1=4.34e-06
11:53:45 INFO   e3 step  1050/2731  loss=0.3216  acc=0.8704  lr0=4.29e-06 lr1=4.29e-06
11:53:53 INFO   e3 step  1100/2731  loss=0.3220  acc=0.8698  lr0=4.25e-06 lr1=4.25e-06
11:54:01 INFO   e3 step  1150/2731  loss=0.3193  acc=0.8710  lr0=4.20e-06 lr1=4.20e-06
11:54:09 INFO   e3 step  1200/2731  loss=0.3211  acc=0.8701  lr0=4.15e-06 lr1=4.15e-06
11:54:18 INFO   e3 step  1250/2731  loss=0.3214  acc=0.8696  lr0=4.10e-06 lr1=4.10e-06
11:54:26 INFO   e3 step  1300/2731  loss=0.3209  acc=0.8692  lr0=4.05e-06 lr1=4.05e-06
11:54:33 INFO   e3 step  1350/2731  loss=0.3202  acc=0.8690  lr0=4.01e-06 lr1=4.01e-06
11:54:43 INFO   e3 step  1400/2731  loss=0.3192  acc=0.8695  lr0=3.95e-06 lr1=3.95e-06
11:54:50 INFO   e3 step  1450/2731  loss=0.3196  acc=0.8694  lr0=3.90e-06 lr1=3.90e-06
11:54:59 INFO   e3 step  1500/2731  loss=0.3183  acc=0.8698  lr0=3.86e-06 lr1=3.86e-06
11:55:07 INFO   e3 step  1550/2731  loss=0.3181  acc=0.8702  lr0=3.81e-06 lr1=3.81e-06
11:55:15 INFO   e3 step  1600/2731  loss=0.3184  acc=0.8701  lr0=3.76e-06 lr1=3.76e-06
11:55:25 INFO   e3 step  1650/2731  loss=0.3164  acc=0.8711  lr0=3.71e-06 lr1=3.71e-06
11:55:32 INFO   e3 step  1700/2731  loss=0.3163  acc=0.8711  lr0=3.66e-06 lr1=3.66e-06
11:55:41 INFO   e3 step  1750/2731  loss=0.3166  acc=0.8706  lr0=3.62e-06 lr1=3.62e-06
11:55:50 INFO   e3 step  1800/2731  loss=0.3155  acc=0.8710  lr0=3.56e-06 lr1=3.56e-06
11:55:58 INFO   e3 step  1850/2731  loss=0.3151  acc=0.8712  lr0=3.52e-06 lr1=3.52e-06
11:56:07 INFO   e3 step  1900/2731  loss=0.3144  acc=0.8715  lr0=3.47e-06 lr1=3.47e-06
11:56:17 INFO   e3 step  1950/2731  loss=0.3135  acc=0.8722  lr0=3.42e-06 lr1=3.42e-06
11:56:25 INFO   e3 step  2000/2731  loss=0.3126  acc=0.8727  lr0=3.37e-06 lr1=3.37e-06
11:56:34 INFO   e3 step  2050/2731  loss=0.3130  acc=0.8728  lr0=3.32e-06 lr1=3.32e-06
11:56:42 INFO   e3 step  2100/2731  loss=0.3116  acc=0.8733  lr0=3.27e-06 lr1=3.27e-06
11:56:51 INFO   e3 step  2150/2731  loss=0.3107  acc=0.8736  lr0=3.23e-06 lr1=3.23e-06
11:56:59 INFO   e3 step  2200/2731  loss=0.3100  acc=0.8741  lr0=3.17e-06 lr1=3.17e-06
11:57:08 INFO   e3 step  2250/2731  loss=0.3101  acc=0.8741  lr0=3.13e-06 lr1=3.13e-06
11:57:16 INFO   e3 step  2300/2731  loss=0.3104  acc=0.8738  lr0=3.08e-06 lr1=3.08e-06
11:57:25 INFO   e3 step  2350/2731  loss=0.3111  acc=0.8734  lr0=3.03e-06 lr1=3.03e-06
11:57:33 INFO   e3 step  2400/2731  loss=0.3106  acc=0.8732  lr0=2.98e-06 lr1=2.98e-06
11:57:40 INFO   e3 step  2450/2731  loss=0.3099  acc=0.8736  lr0=2.93e-06 lr1=2.93e-06
11:57:48 INFO   e3 step  2500/2731  loss=0.3098  acc=0.8739  lr0=2.88e-06 lr1=2.88e-06
11:57:57 INFO   e3 step  2550/2731  loss=0.3097  acc=0.8742  lr0=2.84e-06 lr1=2.84e-06
11:58:06 INFO   e3 step  2600/2731  loss=0.3085  acc=0.8749  lr0=2.78e-06 lr1=2.78e-06
11:58:14 INFO   e3 step  2650/2731  loss=0.3080  acc=0.8755  lr0=2.74e-06 lr1=2.74e-06
11:58:21 INFO   e3 step  2700/2731  loss=0.3071  acc=0.8759  lr0=2.69e-06 lr1=2.69e-06
11:58:59 INFO [epoch 3] train_loss=0.3078 train_acc=0.8758  val_loss=0.9056 val_acc=0.6798 val_auc=0.7574  elapsed=487.6s
11:59:08 INFO   e4 step    50/2731  loss=0.1814  acc=0.9275  lr0=2.61e-06 lr1=2.61e-06
11:59:16 INFO   e4 step   100/2731  loss=0.1757  acc=0.9313  lr0=2.56e-06 lr1=2.56e-06
11:59:24 INFO   e4 step   150/2731  loss=0.1848  acc=0.9317  lr0=2.52e-06 lr1=2.52e-06
11:59:33 INFO   e4 step   200/2731  loss=0.1906  acc=0.9281  lr0=2.46e-06 lr1=2.46e-06
11:59:40 INFO   e4 step   250/2731  loss=0.1888  acc=0.9275  lr0=2.42e-06 lr1=2.42e-06
11:59:49 INFO   e4 step   300/2731  loss=0.1960  acc=0.9246  lr0=2.37e-06 lr1=2.37e-06
11:59:58 INFO   e4 step   350/2731  loss=0.1901  acc=0.9293  lr0=2.32e-06 lr1=2.32e-06
12:00:06 INFO   e4 step   400/2731  loss=0.1833  acc=0.9297  lr0=2.27e-06 lr1=2.27e-06
12:00:14 INFO   e4 step   450/2731  loss=0.1858  acc=0.9297  lr0=2.22e-06 lr1=2.22e-06
12:00:22 INFO   e4 step   500/2731  loss=0.1816  acc=0.9300  lr0=2.17e-06 lr1=2.17e-06
12:00:31 INFO   e4 step   550/2731  loss=0.1804  acc=0.9309  lr0=2.13e-06 lr1=2.13e-06
12:00:39 INFO   e4 step   600/2731  loss=0.1835  acc=0.9302  lr0=2.07e-06 lr1=2.07e-06
12:00:48 INFO   e4 step   650/2731  loss=0.1874  acc=0.9288  lr0=2.03e-06 lr1=2.03e-06
12:00:56 INFO   e4 step   700/2731  loss=0.1893  acc=0.9284  lr0=1.98e-06 lr1=1.98e-06
12:01:04 INFO   e4 step   750/2731  loss=0.1901  acc=0.9272  lr0=1.93e-06 lr1=1.93e-06
12:01:12 INFO   e4 step   800/2731  loss=0.1900  acc=0.9267  lr0=1.88e-06 lr1=1.88e-06
12:01:21 INFO   e4 step   850/2731  loss=0.1890  acc=0.9268  lr0=1.83e-06 lr1=1.83e-06
12:01:29 INFO   e4 step   900/2731  loss=0.1857  acc=0.9279  lr0=1.78e-06 lr1=1.78e-06
12:01:38 INFO   e4 step   950/2731  loss=0.1855  acc=0.9291  lr0=1.74e-06 lr1=1.74e-06
12:01:47 INFO   e4 step  1000/2731  loss=0.1860  acc=0.9291  lr0=1.68e-06 lr1=1.68e-06
12:01:55 INFO   e4 step  1050/2731  loss=0.1863  acc=0.9295  lr0=1.64e-06 lr1=1.64e-06
12:02:04 INFO   e4 step  1100/2731  loss=0.1868  acc=0.9292  lr0=1.59e-06 lr1=1.59e-06
12:02:12 INFO   e4 step  1150/2731  loss=0.1883  acc=0.9285  lr0=1.54e-06 lr1=1.54e-06
12:02:21 INFO   e4 step  1200/2731  loss=0.1886  acc=0.9284  lr0=1.49e-06 lr1=1.49e-06
12:02:29 INFO   e4 step  1250/2731  loss=0.1884  acc=0.9284  lr0=1.44e-06 lr1=1.44e-06
12:02:37 INFO   e4 step  1300/2731  loss=0.1890  acc=0.9284  lr0=1.40e-06 lr1=1.40e-06
12:02:45 INFO   e4 step  1350/2731  loss=0.1891  acc=0.9289  lr0=1.35e-06 lr1=1.35e-06
12:02:53 INFO   e4 step  1400/2731  loss=0.1887  acc=0.9287  lr0=1.29e-06 lr1=1.29e-06
12:03:01 INFO   e4 step  1450/2731  loss=0.1883  acc=0.9290  lr0=1.25e-06 lr1=1.25e-06
12:03:09 INFO   e4 step  1500/2731  loss=0.1894  acc=0.9286  lr0=1.20e-06 lr1=1.20e-06
12:03:17 INFO   e4 step  1550/2731  loss=0.1895  acc=0.9290  lr0=1.15e-06 lr1=1.15e-06
12:03:25 INFO   e4 step  1600/2731  loss=0.1913  acc=0.9282  lr0=1.10e-06 lr1=1.10e-06
12:03:33 INFO   e4 step  1650/2731  loss=0.1920  acc=0.9277  lr0=1.05e-06 lr1=1.05e-06
12:03:41 INFO   e4 step  1700/2731  loss=0.1918  acc=0.9278  lr0=1.01e-06 lr1=1.01e-06
12:03:50 INFO   e4 step  1750/2731  loss=0.1919  acc=0.9279  lr0=9.59e-07 lr1=9.59e-07
12:03:57 INFO   e4 step  1800/2731  loss=0.1935  acc=0.9274  lr0=9.04e-07 lr1=9.04e-07
12:04:06 INFO   e4 step  1850/2731  loss=0.1948  acc=0.9269  lr0=8.57e-07 lr1=8.57e-07
12:04:15 INFO   e4 step  1900/2731  loss=0.1942  acc=0.9270  lr0=8.11e-07 lr1=8.11e-07
12:04:24 INFO   e4 step  1950/2731  loss=0.1940  acc=0.9269  lr0=7.64e-07 lr1=7.64e-07
12:04:33 INFO   e4 step  2000/2731  loss=0.1931  acc=0.9272  lr0=7.09e-07 lr1=7.09e-07
12:04:41 INFO   e4 step  2050/2731  loss=0.1940  acc=0.9268  lr0=6.63e-07 lr1=6.63e-07
12:04:49 INFO   e4 step  2100/2731  loss=0.1941  acc=0.9264  lr0=6.16e-07 lr1=6.16e-07
12:04:58 INFO   e4 step  2150/2731  loss=0.1942  acc=0.9264  lr0=5.69e-07 lr1=5.69e-07
12:05:06 INFO   e4 step  2200/2731  loss=0.1944  acc=0.9261  lr0=5.14e-07 lr1=5.14e-07
12:05:13 INFO   e4 step  2250/2731  loss=0.1935  acc=0.9262  lr0=4.68e-07 lr1=4.68e-07
12:05:22 INFO   e4 step  2300/2731  loss=0.1934  acc=0.9264  lr0=4.21e-07 lr1=4.21e-07
12:05:30 INFO   e4 step  2350/2731  loss=0.1940  acc=0.9263  lr0=3.74e-07 lr1=3.74e-07
12:05:39 INFO   e4 step  2400/2731  loss=0.1948  acc=0.9258  lr0=3.20e-07 lr1=3.20e-07
12:05:47 INFO   e4 step  2450/2731  loss=0.1948  acc=0.9257  lr0=2.73e-07 lr1=2.73e-07
12:05:55 INFO   e4 step  2500/2731  loss=0.1948  acc=0.9258  lr0=2.26e-07 lr1=2.26e-07
12:06:03 INFO   e4 step  2550/2731  loss=0.1946  acc=0.9259  lr0=1.79e-07 lr1=1.79e-07
12:06:11 INFO   e4 step  2600/2731  loss=0.1949  acc=0.9256  lr0=1.25e-07 lr1=1.25e-07
12:06:20 INFO   e4 step  2650/2731  loss=0.1942  acc=0.9258  lr0=7.79e-08 lr1=7.79e-08
12:06:27 INFO   e4 step  2700/2731  loss=0.1933  acc=0.9258  lr0=3.12e-08 lr1=3.12e-08
12:07:05 INFO [epoch 4] train_loss=0.1931 train_acc=0.9261  val_loss=1.0452 val_acc=0.6887 val_auc=0.7609  elapsed=486.0s
12:07:07 INFO loading best.pt for test eval
12:07:23 INFO [test] loss=0.6343  acc=0.7221  auc=0.7929  f1=0.7239
12:07:23 INFO [done] run_summary.json written to /mnt/localssd/crossencoder_sweep/runs/new_ajo_workflows/deberta-v3-large
