12:55:41 INFO run_dir=/mnt/localssd/crossencoder_sweep/runs/new_ajo_workflows/deberta-v3-large
12:55:41 INFO device=cuda:0  bf16=False  physical_gpu=0  CUDA_VISIBLE_DEVICES=0
12:55:41 INFO dataset=new_ajo_workflows  model=deberta-v3-large  backbone=microsoft/deberta-v3-large
12:55:41 INFO tokenizer <- microsoft/deberta-v3-large
12:55:41 INFO split files: ['directional_train.jsonl', 'directional_val.jsonl', 'directional_test.jsonl']
12:55:41 INFO scanning max JOINT token length across all splits ...
12:55:45 INFO   observed_max_joint=512 -> max_seq_len=512 (cap=512, scan=4.0s)
12:55:45 INFO loading datasets ...
12:55:46 INFO   schema=standard  train=21846  val=2470  test=2616
12:55:46 INFO building CrossEncoderClassifier  backbone=microsoft/deberta-v3-large
12:55:49 INFO   hidden_size=1024  trainable_params=434,013,185
12:55:49 INFO   total_steps=10924  warmup_steps=1092
12:56:00 INFO   e1 step    50/2731  loss=0.7134  acc=0.5325  lr0=9.16e-07 lr1=4.58e-05
12:56:09 INFO   e1 step   100/2731  loss=0.7137  acc=0.5500  lr0=1.83e-06 lr1=9.16e-05
12:56:18 INFO   e1 step   150/2731  loss=0.7182  acc=0.5375  lr0=2.75e-06 lr1=1.37e-04
12:56:28 INFO   e1 step   200/2731  loss=0.7221  acc=0.5162  lr0=3.66e-06 lr1=1.83e-04
12:56:37 INFO   e1 step   250/2731  loss=0.7247  acc=0.5080  lr0=4.58e-06 lr1=2.29e-04
12:56:47 INFO   e1 step   300/2731  loss=0.7243  acc=0.5042  lr0=5.49e-06 lr1=2.75e-04
12:56:56 INFO   e1 step   350/2731  loss=0.7245  acc=0.5029  lr0=6.41e-06 lr1=3.21e-04
12:57:07 INFO   e1 step   400/2731  loss=0.7238  acc=0.5069  lr0=7.33e-06 lr1=3.66e-04
12:57:16 INFO   e1 step   450/2731  loss=0.7234  acc=0.5058  lr0=8.24e-06 lr1=4.12e-04
12:57:25 INFO   e1 step   500/2731  loss=0.7233  acc=0.5085  lr0=9.16e-06 lr1=4.58e-04
12:57:35 INFO   e1 step   550/2731  loss=0.7226  acc=0.5059  lr0=1.01e-05 lr1=5.04e-04
12:57:45 INFO   e1 step   600/2731  loss=0.7222  acc=0.5058  lr0=1.10e-05 lr1=5.49e-04
12:57:54 INFO   e1 step   650/2731  loss=0.7229  acc=0.5038  lr0=1.19e-05 lr1=5.95e-04
12:58:04 INFO   e1 step   700/2731  loss=0.7217  acc=0.5018  lr0=1.28e-05 lr1=6.41e-04
12:58:13 INFO   e1 step   750/2731  loss=0.7198  acc=0.5035  lr0=1.37e-05 lr1=6.87e-04
12:58:23 INFO   e1 step   800/2731  loss=0.7196  acc=0.5030  lr0=1.47e-05 lr1=7.33e-04
12:58:32 INFO   e1 step   850/2731  loss=0.7223  acc=0.5053  lr0=1.56e-05 lr1=7.78e-04
12:58:41 INFO   e1 step   900/2731  loss=0.7205  acc=0.5075  lr0=1.65e-05 lr1=8.24e-04
12:58:51 INFO   e1 step   950/2731  loss=0.7196  acc=0.5064  lr0=1.74e-05 lr1=8.70e-04
12:59:00 INFO   e1 step  1000/2731  loss=0.7182  acc=0.5094  lr0=1.83e-05 lr1=9.16e-04
12:59:09 INFO   e1 step  1050/2731  loss=0.7166  acc=0.5118  lr0=1.92e-05 lr1=9.62e-04
12:59:19 INFO   e1 step  1100/2731  loss=0.7157  acc=0.5132  lr0=2.00e-05 lr1=9.99e-04
12:59:29 INFO   e1 step  1150/2731  loss=0.7149  acc=0.5136  lr0=1.99e-05 lr1=9.94e-04
12:59:38 INFO   e1 step  1200/2731  loss=0.7138  acc=0.5134  lr0=1.98e-05 lr1=9.89e-04
12:59:48 INFO   e1 step  1250/2731  loss=0.7121  acc=0.5150  lr0=1.97e-05 lr1=9.84e-04
12:59:57 INFO   e1 step  1300/2731  loss=0.7108  acc=0.5160  lr0=1.96e-05 lr1=9.79e-04
13:00:06 INFO   e1 step  1350/2731  loss=0.7104  acc=0.5175  lr0=1.95e-05 lr1=9.74e-04
13:00:15 INFO   e1 step  1400/2731  loss=0.7117  acc=0.5172  lr0=1.94e-05 lr1=9.69e-04
13:00:25 INFO   e1 step  1450/2731  loss=0.7111  acc=0.5157  lr0=1.93e-05 lr1=9.64e-04
13:00:34 INFO   e1 step  1500/2731  loss=0.7103  acc=0.5162  lr0=1.92e-05 lr1=9.59e-04
13:00:44 INFO   e1 step  1550/2731  loss=0.7095  acc=0.5164  lr0=1.91e-05 lr1=9.53e-04
13:00:53 INFO   e1 step  1600/2731  loss=0.7088  acc=0.5181  lr0=1.90e-05 lr1=9.48e-04
13:01:02 INFO   e1 step  1650/2731  loss=0.7085  acc=0.5191  lr0=1.89e-05 lr1=9.43e-04
13:01:12 INFO   e1 step  1700/2731  loss=0.7081  acc=0.5214  lr0=1.88e-05 lr1=9.38e-04
13:01:22 INFO   e1 step  1750/2731  loss=0.7093  acc=0.5219  lr0=1.87e-05 lr1=9.33e-04
13:01:31 INFO   e1 step  1800/2731  loss=0.7093  acc=0.5208  lr0=1.86e-05 lr1=9.28e-04
13:01:41 INFO   e1 step  1850/2731  loss=0.7082  acc=0.5218  lr0=1.85e-05 lr1=9.23e-04
13:01:51 INFO   e1 step  1900/2731  loss=0.7080  acc=0.5214  lr0=1.84e-05 lr1=9.18e-04
13:02:01 INFO   e1 step  1950/2731  loss=0.7073  acc=0.5221  lr0=1.83e-05 lr1=9.13e-04
13:02:11 INFO   e1 step  2000/2731  loss=0.7065  acc=0.5224  lr0=1.82e-05 lr1=9.08e-04
13:02:21 INFO   e1 step  2050/2731  loss=0.7055  acc=0.5234  lr0=1.81e-05 lr1=9.03e-04
13:02:30 INFO   e1 step  2100/2731  loss=0.7050  acc=0.5231  lr0=1.79e-05 lr1=8.97e-04
13:02:40 INFO   e1 step  2150/2731  loss=0.7047  acc=0.5235  lr0=1.78e-05 lr1=8.92e-04
13:02:49 INFO   e1 step  2200/2731  loss=0.7046  acc=0.5243  lr0=1.77e-05 lr1=8.87e-04
13:02:59 INFO   e1 step  2250/2731  loss=0.7039  acc=0.5252  lr0=1.76e-05 lr1=8.82e-04
13:03:07 INFO   e1 step  2300/2731  loss=0.7032  acc=0.5259  lr0=1.75e-05 lr1=8.77e-04
13:03:17 INFO   e1 step  2350/2731  loss=0.7028  acc=0.5254  lr0=1.74e-05 lr1=8.72e-04
13:03:26 INFO   e1 step  2400/2731  loss=0.7015  acc=0.5268  lr0=1.73e-05 lr1=8.67e-04
13:03:35 INFO   e1 step  2450/2731  loss=0.7009  acc=0.5277  lr0=1.72e-05 lr1=8.62e-04
13:03:45 INFO   e1 step  2500/2731  loss=0.7008  acc=0.5291  lr0=1.71e-05 lr1=8.57e-04
13:03:54 INFO   e1 step  2550/2731  loss=0.7006  acc=0.5299  lr0=1.70e-05 lr1=8.52e-04
13:04:04 INFO   e1 step  2600/2731  loss=0.7009  acc=0.5294  lr0=1.69e-05 lr1=8.47e-04
13:04:13 INFO   e1 step  2650/2731  loss=0.7005  acc=0.5298  lr0=1.68e-05 lr1=8.42e-04
13:04:23 INFO   e1 step  2700/2731  loss=0.7012  acc=0.5292  lr0=1.67e-05 lr1=8.36e-04
13:05:02 INFO [epoch 1] train_loss=0.7012 train_acc=0.5287  val_loss=0.6935 val_acc=0.5000 val_auc=0.4992  elapsed=553.0s
13:05:04 INFO   saved best.pt  val_acc=0.5000
13:05:13 INFO   e2 step    50/2731  loss=0.7087  acc=0.5075  lr0=1.66e-05 lr1=8.28e-04
13:05:24 INFO   e2 step   100/2731  loss=0.7027  acc=0.4938  lr0=1.65e-05 lr1=8.23e-04
13:05:34 INFO   e2 step   150/2731  loss=0.7038  acc=0.4917  lr0=1.64e-05 lr1=8.18e-04
13:05:44 INFO   e2 step   200/2731  loss=0.7030  acc=0.4956  lr0=1.63e-05 lr1=8.13e-04
13:05:54 INFO   e2 step   250/2731  loss=0.7037  acc=0.4950  lr0=1.62e-05 lr1=8.08e-04
13:06:03 INFO   e2 step   300/2731  loss=0.7029  acc=0.4963  lr0=1.61e-05 lr1=8.03e-04
13:06:13 INFO   e2 step   350/2731  loss=0.7026  acc=0.4961  lr0=1.60e-05 lr1=7.98e-04
13:06:22 INFO   e2 step   400/2731  loss=0.7023  acc=0.4978  lr0=1.59e-05 lr1=7.93e-04
13:06:32 INFO   e2 step   450/2731  loss=0.7024  acc=0.4975  lr0=1.58e-05 lr1=7.88e-04
13:06:43 INFO   e2 step   500/2731  loss=0.7025  acc=0.4965  lr0=1.56e-05 lr1=7.82e-04
13:06:52 INFO   e2 step   550/2731  loss=0.7021  acc=0.4993  lr0=1.55e-05 lr1=7.77e-04
13:07:02 INFO   e2 step   600/2731  loss=0.7015  acc=0.4998  lr0=1.54e-05 lr1=7.72e-04
13:07:11 INFO   e2 step   650/2731  loss=0.7018  acc=0.5006  lr0=1.53e-05 lr1=7.67e-04
13:07:21 INFO   e2 step   700/2731  loss=0.7030  acc=0.4946  lr0=1.52e-05 lr1=7.62e-04
13:07:30 INFO   e2 step   750/2731  loss=0.7027  acc=0.4968  lr0=1.51e-05 lr1=7.57e-04
13:07:40 INFO   e2 step   800/2731  loss=0.7026  acc=0.4963  lr0=1.50e-05 lr1=7.52e-04
13:07:49 INFO   e2 step   850/2731  loss=0.7021  acc=0.4969  lr0=1.49e-05 lr1=7.47e-04
13:07:59 INFO   e2 step   900/2731  loss=0.7018  acc=0.4971  lr0=1.48e-05 lr1=7.42e-04
13:08:08 INFO   e2 step   950/2731  loss=0.7020  acc=0.4980  lr0=1.47e-05 lr1=7.37e-04
13:08:18 INFO   e2 step  1000/2731  loss=0.7017  acc=0.4988  lr0=1.46e-05 lr1=7.32e-04
13:08:27 INFO   e2 step  1050/2731  loss=0.7025  acc=0.4980  lr0=1.45e-05 lr1=7.27e-04
13:08:36 INFO   e2 step  1100/2731  loss=0.7023  acc=0.4985  lr0=1.44e-05 lr1=7.21e-04
13:08:45 INFO   e2 step  1150/2731  loss=0.7022  acc=0.4989  lr0=1.43e-05 lr1=7.16e-04
13:08:55 INFO   e2 step  1200/2731  loss=0.7021  acc=0.4994  lr0=1.42e-05 lr1=7.11e-04
13:09:04 INFO   e2 step  1250/2731  loss=0.7020  acc=0.4996  lr0=1.41e-05 lr1=7.06e-04
13:09:14 INFO   e2 step  1300/2731  loss=0.7018  acc=0.4995  lr0=1.40e-05 lr1=7.01e-04
13:09:24 INFO   e2 step  1350/2731  loss=0.7018  acc=0.5000  lr0=1.39e-05 lr1=6.96e-04
13:09:33 INFO   e2 step  1400/2731  loss=0.7012  acc=0.5017  lr0=1.38e-05 lr1=6.91e-04
13:09:41 INFO   e2 step  1450/2731  loss=0.7013  acc=0.5020  lr0=1.37e-05 lr1=6.86e-04
13:09:51 INFO   e2 step  1500/2731  loss=0.7011  acc=0.5032  lr0=1.36e-05 lr1=6.81e-04
13:10:00 INFO   e2 step  1550/2731  loss=0.7012  acc=0.5022  lr0=1.35e-05 lr1=6.76e-04
13:10:09 INFO   e2 step  1600/2731  loss=0.7012  acc=0.5009  lr0=1.34e-05 lr1=6.71e-04
13:10:18 INFO   e2 step  1650/2731  loss=0.7014  acc=0.5008  lr0=1.33e-05 lr1=6.65e-04
13:10:27 INFO   e2 step  1700/2731  loss=0.7016  acc=0.5013  lr0=1.32e-05 lr1=6.60e-04
13:10:37 INFO   e2 step  1750/2731  loss=0.7016  acc=0.5003  lr0=1.31e-05 lr1=6.55e-04
13:10:47 INFO   e2 step  1800/2731  loss=0.7015  acc=0.5006  lr0=1.30e-05 lr1=6.50e-04
13:10:56 INFO   e2 step  1850/2731  loss=0.7013  acc=0.5001  lr0=1.29e-05 lr1=6.45e-04
13:11:05 INFO   e2 step  1900/2731  loss=0.7014  acc=0.5010  lr0=1.28e-05 lr1=6.40e-04
13:11:14 INFO   e2 step  1950/2731  loss=0.7014  acc=0.5012  lr0=1.27e-05 lr1=6.35e-04
13:11:24 INFO   e2 step  2000/2731  loss=0.7014  acc=0.5009  lr0=1.26e-05 lr1=6.30e-04
13:11:33 INFO   e2 step  2050/2731  loss=0.7012  acc=0.5015  lr0=1.25e-05 lr1=6.25e-04
13:11:43 INFO   e2 step  2100/2731  loss=0.7011  acc=0.5019  lr0=1.24e-05 lr1=6.20e-04
13:11:53 INFO   e2 step  2150/2731  loss=0.7013  acc=0.5017  lr0=1.23e-05 lr1=6.15e-04
13:12:03 INFO   e2 step  2200/2731  loss=0.7015  acc=0.5007  lr0=1.22e-05 lr1=6.10e-04
13:12:12 INFO   e2 step  2250/2731  loss=0.7013  acc=0.5006  lr0=1.21e-05 lr1=6.04e-04
13:12:22 INFO   e2 step  2300/2731  loss=0.7013  acc=0.4993  lr0=1.20e-05 lr1=5.99e-04
13:12:32 INFO   e2 step  2350/2731  loss=0.7013  acc=0.4991  lr0=1.19e-05 lr1=5.94e-04
13:12:42 INFO   e2 step  2400/2731  loss=0.7013  acc=0.5005  lr0=1.18e-05 lr1=5.89e-04
13:12:52 INFO   e2 step  2450/2731  loss=0.7012  acc=0.5002  lr0=1.17e-05 lr1=5.84e-04
13:13:01 INFO   e2 step  2500/2731  loss=0.7012  acc=0.4998  lr0=1.16e-05 lr1=5.79e-04
13:13:10 INFO   e2 step  2550/2731  loss=0.7010  acc=0.5010  lr0=1.15e-05 lr1=5.74e-04
13:13:20 INFO   e2 step  2600/2731  loss=0.7008  acc=0.5015  lr0=1.14e-05 lr1=5.69e-04
13:13:30 INFO   e2 step  2650/2731  loss=0.7008  acc=0.5015  lr0=1.13e-05 lr1=5.64e-04
13:13:39 INFO   e2 step  2700/2731  loss=0.7007  acc=0.5013  lr0=1.12e-05 lr1=5.59e-04
13:14:18 INFO [epoch 2] train_loss=0.7007 train_acc=0.5009  val_loss=0.6981 val_acc=0.5000 val_auc=0.5425  elapsed=554.7s
13:14:27 INFO   e3 step    50/2731  loss=0.7002  acc=0.4800  lr0=1.10e-05 lr1=5.50e-04
13:14:36 INFO   e3 step   100/2731  loss=0.6985  acc=0.5000  lr0=1.09e-05 lr1=5.45e-04
13:14:46 INFO   e3 step   150/2731  loss=0.6991  acc=0.5058  lr0=1.08e-05 lr1=5.40e-04
13:14:56 INFO   e3 step   200/2731  loss=0.6986  acc=0.5056  lr0=1.07e-05 lr1=5.35e-04
13:15:05 INFO   e3 step   250/2731  loss=0.6996  acc=0.4940  lr0=1.06e-05 lr1=5.30e-04
13:15:14 INFO   e3 step   300/2731  loss=0.7004  acc=0.4896  lr0=1.05e-05 lr1=5.25e-04
13:15:24 INFO   e3 step   350/2731  loss=0.6995  acc=0.4907  lr0=1.04e-05 lr1=5.20e-04
13:15:33 INFO   e3 step   400/2731  loss=0.6996  acc=0.4900  lr0=1.03e-05 lr1=5.15e-04
13:15:43 INFO   e3 step   450/2731  loss=0.6995  acc=0.4889  lr0=1.02e-05 lr1=5.10e-04
13:15:53 INFO   e3 step   500/2731  loss=0.6992  acc=0.4925  lr0=1.01e-05 lr1=5.05e-04
13:16:02 INFO   e3 step   550/2731  loss=0.6991  acc=0.4941  lr0=9.99e-06 lr1=5.00e-04
13:16:11 INFO   e3 step   600/2731  loss=0.6988  acc=0.4956  lr0=9.89e-06 lr1=4.95e-04
13:16:21 INFO   e3 step   650/2731  loss=0.6994  acc=0.4952  lr0=9.79e-06 lr1=4.89e-04
13:16:30 INFO   e3 step   700/2731  loss=0.6995  acc=0.4959  lr0=9.69e-06 lr1=4.84e-04
13:16:40 INFO   e3 step   750/2731  loss=0.6993  acc=0.4988  lr0=9.59e-06 lr1=4.79e-04
13:16:49 INFO   e3 step   800/2731  loss=0.6996  acc=0.4977  lr0=9.48e-06 lr1=4.74e-04
13:16:59 INFO   e3 step   850/2731  loss=0.6995  acc=0.4971  lr0=9.38e-06 lr1=4.69e-04
13:17:09 INFO   e3 step   900/2731  loss=0.6993  acc=0.4971  lr0=9.28e-06 lr1=4.64e-04
13:17:18 INFO   e3 step   950/2731  loss=0.6991  acc=0.4987  lr0=9.18e-06 lr1=4.59e-04
13:17:28 INFO   e3 step  1000/2731  loss=0.6994  acc=0.4965  lr0=9.08e-06 lr1=4.54e-04
13:17:37 INFO   e3 step  1050/2731  loss=0.6993  acc=0.4962  lr0=8.97e-06 lr1=4.49e-04
13:17:46 INFO   e3 step  1100/2731  loss=0.6997  acc=0.4944  lr0=8.87e-06 lr1=4.44e-04
13:17:55 INFO   e3 step  1150/2731  loss=0.6995  acc=0.4943  lr0=8.77e-06 lr1=4.39e-04
13:18:04 INFO   e3 step  1200/2731  loss=0.6995  acc=0.4934  lr0=8.67e-06 lr1=4.33e-04
13:18:14 INFO   e3 step  1250/2731  loss=0.6994  acc=0.4936  lr0=8.57e-06 lr1=4.28e-04
13:18:23 INFO   e3 step  1300/2731  loss=0.6992  acc=0.4939  lr0=8.47e-06 lr1=4.23e-04
13:18:32 INFO   e3 step  1350/2731  loss=0.6991  acc=0.4940  lr0=8.36e-06 lr1=4.18e-04
13:18:43 INFO   e3 step  1400/2731  loss=0.6994  acc=0.4928  lr0=8.26e-06 lr1=4.13e-04
13:18:52 INFO   e3 step  1450/2731  loss=0.6995  acc=0.4928  lr0=8.16e-06 lr1=4.08e-04
13:19:02 INFO   e3 step  1500/2731  loss=0.6993  acc=0.4939  lr0=8.06e-06 lr1=4.03e-04
13:19:11 INFO   e3 step  1550/2731  loss=0.6991  acc=0.4940  lr0=7.96e-06 lr1=3.98e-04
13:19:20 INFO   e3 step  1600/2731  loss=0.6990  acc=0.4934  lr0=7.86e-06 lr1=3.93e-04
13:19:31 INFO   e3 step  1650/2731  loss=0.6993  acc=0.4921  lr0=7.75e-06 lr1=3.88e-04
13:19:39 INFO   e3 step  1700/2731  loss=0.6993  acc=0.4921  lr0=7.65e-06 lr1=3.83e-04
13:19:49 INFO   e3 step  1750/2731  loss=0.6993  acc=0.4927  lr0=7.55e-06 lr1=3.78e-04
13:20:00 INFO   e3 step  1800/2731  loss=0.6991  acc=0.4929  lr0=7.45e-06 lr1=3.72e-04
13:20:09 INFO   e3 step  1850/2731  loss=0.6991  acc=0.4931  lr0=7.35e-06 lr1=3.67e-04
13:20:19 INFO   e3 step  1900/2731  loss=0.6989  acc=0.4943  lr0=7.25e-06 lr1=3.62e-04
13:20:29 INFO   e3 step  1950/2731  loss=0.6989  acc=0.4942  lr0=7.14e-06 lr1=3.57e-04
13:20:39 INFO   e3 step  2000/2731  loss=0.6989  acc=0.4944  lr0=7.04e-06 lr1=3.52e-04
13:20:49 INFO   e3 step  2050/2731  loss=0.6988  acc=0.4945  lr0=6.94e-06 lr1=3.47e-04
13:20:58 INFO   e3 step  2100/2731  loss=0.6988  acc=0.4943  lr0=6.84e-06 lr1=3.42e-04
13:21:08 INFO   e3 step  2150/2731  loss=0.6989  acc=0.4935  lr0=6.74e-06 lr1=3.37e-04
13:21:17 INFO   e3 step  2200/2731  loss=0.6990  acc=0.4942  lr0=6.64e-06 lr1=3.32e-04
13:21:27 INFO   e3 step  2250/2731  loss=0.6989  acc=0.4945  lr0=6.53e-06 lr1=3.27e-04
13:21:36 INFO   e3 step  2300/2731  loss=0.6989  acc=0.4945  lr0=6.43e-06 lr1=3.22e-04
13:21:47 INFO   e3 step  2350/2731  loss=0.6989  acc=0.4941  lr0=6.33e-06 lr1=3.17e-04
13:21:56 INFO   e3 step  2400/2731  loss=0.6988  acc=0.4941  lr0=6.23e-06 lr1=3.11e-04
13:22:04 INFO   e3 step  2450/2731  loss=0.6988  acc=0.4947  lr0=6.13e-06 lr1=3.06e-04
13:22:14 INFO   e3 step  2500/2731  loss=0.6988  acc=0.4944  lr0=6.03e-06 lr1=3.01e-04
13:22:24 INFO   e3 step  2550/2731  loss=0.6987  acc=0.4952  lr0=5.92e-06 lr1=2.96e-04
13:22:34 INFO   e3 step  2600/2731  loss=0.6986  acc=0.4955  lr0=5.82e-06 lr1=2.91e-04
13:22:43 INFO   e3 step  2650/2731  loss=0.6986  acc=0.4952  lr0=5.72e-06 lr1=2.86e-04
13:22:52 INFO   e3 step  2700/2731  loss=0.6985  acc=0.4955  lr0=5.62e-06 lr1=2.81e-04
13:23:30 INFO [epoch 3] train_loss=0.6985 train_acc=0.4957  val_loss=0.6943 val_acc=0.5000 val_auc=0.4959  elapsed=551.9s
13:23:40 INFO   e4 step    50/2731  loss=0.6933  acc=0.5025  lr0=5.45e-06 lr1=2.73e-04
13:23:49 INFO   e4 step   100/2731  loss=0.6985  acc=0.4775  lr0=5.35e-06 lr1=2.68e-04
13:23:59 INFO   e4 step   150/2731  loss=0.6972  acc=0.4867  lr0=5.25e-06 lr1=2.63e-04
13:24:09 INFO   e4 step   200/2731  loss=0.6984  acc=0.4925  lr0=5.15e-06 lr1=2.57e-04
13:24:17 INFO   e4 step   250/2731  loss=0.6984  acc=0.4910  lr0=5.05e-06 lr1=2.52e-04
13:24:28 INFO   e4 step   300/2731  loss=0.6979  acc=0.4921  lr0=4.95e-06 lr1=2.47e-04
13:24:38 INFO   e4 step   350/2731  loss=0.6981  acc=0.4836  lr0=4.84e-06 lr1=2.42e-04
13:24:47 INFO   e4 step   400/2731  loss=0.6979  acc=0.4825  lr0=4.74e-06 lr1=2.37e-04
13:24:56 INFO   e4 step   450/2731  loss=0.6981  acc=0.4842  lr0=4.64e-06 lr1=2.32e-04
13:25:05 INFO   e4 step   500/2731  loss=0.6981  acc=0.4843  lr0=4.54e-06 lr1=2.27e-04
13:25:15 INFO   e4 step   550/2731  loss=0.6979  acc=0.4850  lr0=4.44e-06 lr1=2.22e-04
13:25:24 INFO   e4 step   600/2731  loss=0.6973  acc=0.4873  lr0=4.33e-06 lr1=2.17e-04
13:25:33 INFO   e4 step   650/2731  loss=0.6976  acc=0.4863  lr0=4.23e-06 lr1=2.12e-04
13:25:43 INFO   e4 step   700/2731  loss=0.6974  acc=0.4870  lr0=4.13e-06 lr1=2.07e-04
13:25:52 INFO   e4 step   750/2731  loss=0.6970  acc=0.4908  lr0=4.03e-06 lr1=2.01e-04
13:26:02 INFO   e4 step   800/2731  loss=0.6969  acc=0.4928  lr0=3.93e-06 lr1=1.96e-04
13:26:11 INFO   e4 step   850/2731  loss=0.6968  acc=0.4924  lr0=3.83e-06 lr1=1.91e-04
13:26:21 INFO   e4 step   900/2731  loss=0.6966  acc=0.4936  lr0=3.72e-06 lr1=1.86e-04
13:26:31 INFO   e4 step   950/2731  loss=0.6964  acc=0.4958  lr0=3.62e-06 lr1=1.81e-04
13:26:41 INFO   e4 step  1000/2731  loss=0.6964  acc=0.4955  lr0=3.52e-06 lr1=1.76e-04
13:26:50 INFO   e4 step  1050/2731  loss=0.6961  acc=0.4968  lr0=3.42e-06 lr1=1.71e-04
13:27:01 INFO   e4 step  1100/2731  loss=0.6958  acc=0.4978  lr0=3.32e-06 lr1=1.66e-04
13:27:10 INFO   e4 step  1150/2731  loss=0.6958  acc=0.4973  lr0=3.22e-06 lr1=1.61e-04
13:27:20 INFO   e4 step  1200/2731  loss=0.6960  acc=0.4951  lr0=3.11e-06 lr1=1.56e-04
13:27:29 INFO   e4 step  1250/2731  loss=0.6960  acc=0.4943  lr0=3.01e-06 lr1=1.51e-04
13:27:38 INFO   e4 step  1300/2731  loss=0.6962  acc=0.4932  lr0=2.91e-06 lr1=1.46e-04
13:27:48 INFO   e4 step  1350/2731  loss=0.6962  acc=0.4923  lr0=2.81e-06 lr1=1.40e-04
13:27:57 INFO   e4 step  1400/2731  loss=0.6961  acc=0.4936  lr0=2.71e-06 lr1=1.35e-04
13:28:06 INFO   e4 step  1450/2731  loss=0.6961  acc=0.4928  lr0=2.61e-06 lr1=1.30e-04
13:28:15 INFO   e4 step  1500/2731  loss=0.6962  acc=0.4910  lr0=2.50e-06 lr1=1.25e-04
13:28:24 INFO   e4 step  1550/2731  loss=0.6961  acc=0.4905  lr0=2.40e-06 lr1=1.20e-04
13:28:33 INFO   e4 step  1600/2731  loss=0.6961  acc=0.4909  lr0=2.30e-06 lr1=1.15e-04
13:28:42 INFO   e4 step  1650/2731  loss=0.6961  acc=0.4918  lr0=2.20e-06 lr1=1.10e-04
13:28:51 INFO   e4 step  1700/2731  loss=0.6960  acc=0.4930  lr0=2.10e-06 lr1=1.05e-04
13:29:01 INFO   e4 step  1750/2731  loss=0.6960  acc=0.4931  lr0=2.00e-06 lr1=9.98e-05
13:29:10 INFO   e4 step  1800/2731  loss=0.6958  acc=0.4940  lr0=1.89e-06 lr1=9.47e-05
13:29:20 INFO   e4 step  1850/2731  loss=0.6958  acc=0.4935  lr0=1.79e-06 lr1=8.96e-05
13:29:30 INFO   e4 step  1900/2731  loss=0.6958  acc=0.4938  lr0=1.69e-06 lr1=8.45e-05
13:29:40 INFO   e4 step  1950/2731  loss=0.6957  acc=0.4945  lr0=1.59e-06 lr1=7.94e-05
13:29:50 INFO   e4 step  2000/2731  loss=0.6957  acc=0.4956  lr0=1.49e-06 lr1=7.43e-05
13:29:59 INFO   e4 step  2050/2731  loss=0.6958  acc=0.4949  lr0=1.39e-06 lr1=6.93e-05
13:30:09 INFO   e4 step  2100/2731  loss=0.6958  acc=0.4954  lr0=1.28e-06 lr1=6.42e-05
13:30:18 INFO   e4 step  2150/2731  loss=0.6958  acc=0.4953  lr0=1.18e-06 lr1=5.91e-05
13:30:28 INFO   e4 step  2200/2731  loss=0.6957  acc=0.4953  lr0=1.08e-06 lr1=5.40e-05
13:30:36 INFO   e4 step  2250/2731  loss=0.6956  acc=0.4961  lr0=9.78e-07 lr1=4.89e-05
13:30:46 INFO   e4 step  2300/2731  loss=0.6955  acc=0.4969  lr0=8.77e-07 lr1=4.38e-05
13:30:56 INFO   e4 step  2350/2731  loss=0.6954  acc=0.4977  lr0=7.75e-07 lr1=3.88e-05
13:31:05 INFO   e4 step  2400/2731  loss=0.6955  acc=0.4969  lr0=6.73e-07 lr1=3.37e-05
13:31:15 INFO   e4 step  2450/2731  loss=0.6953  acc=0.4981  lr0=5.72e-07 lr1=2.86e-05
13:31:24 INFO   e4 step  2500/2731  loss=0.6953  acc=0.4984  lr0=4.70e-07 lr1=2.35e-05
13:31:33 INFO   e4 step  2550/2731  loss=0.6952  acc=0.4988  lr0=3.68e-07 lr1=1.84e-05
13:31:43 INFO   e4 step  2600/2731  loss=0.6952  acc=0.4981  lr0=2.66e-07 lr1=1.33e-05
13:31:52 INFO   e4 step  2650/2731  loss=0.6952  acc=0.4980  lr0=1.65e-07 lr1=8.24e-06
13:32:01 INFO   e4 step  2700/2731  loss=0.6951  acc=0.4981  lr0=6.31e-08 lr1=3.15e-06
13:32:40 INFO [epoch 4] train_loss=0.6952 train_acc=0.4981  val_loss=0.6933 val_acc=0.5000 val_auc=0.5027  elapsed=549.4s
13:32:41 INFO loading best.pt for test eval
13:32:57 INFO [test] loss=0.6935  acc=0.5000  auc=0.4845  f1=0.0000
13:32:57 INFO [done] run_summary.json written to /mnt/localssd/crossencoder_sweep/runs/new_ajo_workflows/deberta-v3-large
