12:39:11 INFO run_dir=/mnt/localssd/crossencoder_sweep/runs/new_aep_wf_scrap/all-mpnet-base-v2
12:39:11 INFO device=cuda:0  bf16=True  physical_gpu=1  CUDA_VISIBLE_DEVICES=1
12:39:11 INFO dataset=new_aep_wf_scrap  model=all-mpnet-base-v2  backbone=sentence-transformers/all-mpnet-base-v2
12:39:11 INFO tokenizer <- sentence-transformers/all-mpnet-base-v2
Warning: You are sending unauthenticated requests to the HF Hub. Please set a HF_TOKEN to enable higher rate limits and faster downloads.
12:39:11 INFO split files: ['directional_train.jsonl', 'directional_val.jsonl', 'directional_test.jsonl']
12:39:11 INFO scanning max JOINT token length across all splits ...
12:39:16 INFO   observed_max_joint=445 -> max_seq_len=470 (cap=512, scan=5.3s)
12:39:16 INFO loading datasets ...
12:39:16 INFO   schema=step  train=13904  val=1676  test=1548
12:39:16 INFO building CrossEncoderClassifier  backbone=sentence-transformers/all-mpnet-base-v2
Loading weights:   0%|          | 0/199 [00:00<?, ?it/s]Loading weights: 100%|██████████| 199/199 [00:00<00:00, 6538.71it/s]
12:39:17 INFO   hidden_size=768  trainable_params=109,487,233
12:39:17 INFO   total_steps=872  warmup_steps=87
12:39:24 INFO   e1 step    50/218  loss=0.6978  acc=0.4947  lr0=1.15e-05 lr1=5.75e-04
12:39:30 INFO   e1 step   100/218  loss=0.6940  acc=0.5095  lr0=1.97e-05 lr1=9.83e-04
12:39:36 INFO   e1 step   150/218  loss=0.6921  acc=0.5220  lr0=1.84e-05 lr1=9.20e-04
12:39:42 INFO   e1 step   200/218  loss=0.6877  acc=0.5326  lr0=1.71e-05 lr1=8.56e-04
12:39:45 INFO [epoch 1] train_loss=0.6864 train_acc=0.5347  val_loss=0.6671 val_acc=0.5716 val_auc=0.6418  elapsed=28.4s
12:39:46 INFO   saved best.pt  val_acc=0.5716
12:39:52 INFO   e2 step    50/218  loss=0.6262  acc=0.6359  lr0=1.54e-05 lr1=7.69e-04
12:39:59 INFO   e2 step   100/218  loss=0.6219  acc=0.6491  lr0=1.41e-05 lr1=7.06e-04
12:40:05 INFO   e2 step   150/218  loss=0.6145  acc=0.6527  lr0=1.28e-05 lr1=6.42e-04
12:40:10 INFO   e2 step   200/218  loss=0.6004  acc=0.6621  lr0=1.16e-05 lr1=5.78e-04
12:40:14 INFO [epoch 2] train_loss=0.5993 train_acc=0.6627  val_loss=0.5988 val_acc=0.6665 val_auc=0.7404  elapsed=28.3s
12:40:15 INFO   saved best.pt  val_acc=0.6665
12:40:21 INFO   e3 step    50/218  loss=0.5023  acc=0.7544  lr0=9.83e-06 lr1=4.92e-04
12:40:27 INFO   e3 step   100/218  loss=0.4976  acc=0.7503  lr0=8.56e-06 lr1=4.28e-04
12:40:32 INFO   e3 step   150/218  loss=0.4935  acc=0.7514  lr0=7.29e-06 lr1=3.64e-04
12:40:39 INFO   e3 step   200/218  loss=0.4931  acc=0.7498  lr0=6.01e-06 lr1=3.01e-04
12:40:43 INFO [epoch 3] train_loss=0.4904 train_acc=0.7503  val_loss=0.6276 val_acc=0.6784 val_auc=0.7547  elapsed=27.8s
12:40:43 INFO   saved best.pt  val_acc=0.6784
12:40:50 INFO   e4 step    50/218  loss=0.4246  acc=0.7828  lr0=4.28e-06 lr1=2.14e-04
12:40:56 INFO   e4 step   100/218  loss=0.4152  acc=0.7930  lr0=3.01e-06 lr1=1.50e-04
12:41:02 INFO   e4 step   150/218  loss=0.4138  acc=0.7940  lr0=1.73e-06 lr1=8.66e-05
12:41:08 INFO   e4 step   200/218  loss=0.4134  acc=0.7938  lr0=4.59e-07 lr1=2.29e-05
12:41:11 INFO [epoch 4] train_loss=0.4130 train_acc=0.7954  val_loss=0.6934 val_acc=0.6796 val_auc=0.7547  elapsed=27.8s
12:41:12 INFO   saved best.pt  val_acc=0.6796
12:41:12 INFO loading best.pt for test eval
12:41:14 INFO [test] loss=0.6527  acc=0.6957  auc=0.7727  f1=0.6955
12:41:14 INFO [done] run_summary.json written to /mnt/localssd/crossencoder_sweep/runs/new_aep_wf_scrap/all-mpnet-base-v2
