[config] {'data_dir': '/mnt/localssd/automation/internship-causal-embedding/data/aep_causal_classification', 'out_dir': '/mnt/localssd/internship-causal-embedding-merge-followup/my_work/kl/cross_encoder_2x/results/classification', 'backbone': 'google-bert/bert-base-uncased', 'n_layers': 24, 'epochs': 5, 'batch_size': 32, 'val_batch_size': 64, 'lr': 2e-05, 'weight_decay': 0.01, 'warmup_ratio': 0.06, 'max_length': 256, 'grad_clip': 1.0, 'grad_accum': 2, 'num_workers': 4, 'log_every': 200, 'seed': 42, 'early_stop_patience': 2}
[train] total_steps=8655  warmup=519  effective_batch=64
  step=200/8655  loss=0.5545  lr=7.71e-06  epoch=1
  step=400/8655  loss=0.1827  lr=1.54e-05  epoch=1
  step=600/8655  loss=0.0909  lr=1.98e-05  epoch=1
  step=800/8655  loss=0.1457  lr=1.93e-05  epoch=1
  step=1000/8655  loss=0.1431  lr=1.88e-05  epoch=1
  step=1200/8655  loss=0.0048  lr=1.83e-05  epoch=1
  step=1400/8655  loss=0.0494  lr=1.78e-05  epoch=1
  step=1600/8655  loss=0.1115  lr=1.73e-05  epoch=1
[epoch 1/5]  train_loss=0.1945  val_AUC=0.9284  val_Acc=0.8729  (361s)
  * new best val_AUC=0.9284
  step=1800/8655  loss=0.0009  lr=1.69e-05  epoch=2
  step=2000/8655  loss=0.0305  lr=1.64e-05  epoch=2
  step=2200/8655  loss=0.0011  lr=1.59e-05  epoch=2
  step=2400/8655  loss=0.0003  lr=1.54e-05  epoch=2
  step=2600/8655  loss=0.0552  lr=1.49e-05  epoch=2
  step=2800/8655  loss=0.0003  lr=1.44e-05  epoch=2
  step=3000/8655  loss=0.0002  lr=1.39e-05  epoch=2
  step=3200/8655  loss=0.0629  lr=1.34e-05  epoch=2
  step=3400/8655  loss=0.0057  lr=1.29e-05  epoch=2
[epoch 2/5]  train_loss=0.0313  val_AUC=0.9193  val_Acc=0.8831  (725s)
  no improvement (best=0.9284, patience 1/2)
  step=3600/8655  loss=0.0241  lr=1.24e-05  epoch=3
  step=3800/8655  loss=0.0239  lr=1.19e-05  epoch=3
  step=4000/8655  loss=0.0005  lr=1.14e-05  epoch=3
  step=4200/8655  loss=0.0203  lr=1.10e-05  epoch=3
  step=4400/8655  loss=0.0483  lr=1.05e-05  epoch=3
  step=4600/8655  loss=0.0007  lr=9.97e-06  epoch=3
  step=4800/8655  loss=0.0176  lr=9.48e-06  epoch=3
  step=5000/8655  loss=0.0003  lr=8.98e-06  epoch=3
[epoch 3/5]  train_loss=0.0206  val_AUC=0.9393  val_Acc=0.8867  (1090s)
  * new best val_AUC=0.9393
  step=5200/8655  loss=0.0242  lr=8.49e-06  epoch=4
  step=5400/8655  loss=0.0002  lr=8.00e-06  epoch=4
  step=5600/8655  loss=0.1162  lr=7.51e-06  epoch=4
  step=5800/8655  loss=0.0001  lr=7.02e-06  epoch=4
  step=6000/8655  loss=0.0001  lr=6.53e-06  epoch=4
  step=6200/8655  loss=0.0246  lr=6.03e-06  epoch=4
  step=6400/8655  loss=0.0002  lr=5.54e-06  epoch=4
  step=6600/8655  loss=0.0001  lr=5.05e-06  epoch=4
  step=6800/8655  loss=0.0001  lr=4.56e-06  epoch=4
[epoch 4/5]  train_loss=0.0173  val_AUC=0.9046  val_Acc=0.8831  (1457s)
  no improvement (best=0.9393, patience 1/2)
  step=7000/8655  loss=0.0001  lr=4.07e-06  epoch=5
  step=7200/8655  loss=0.0175  lr=3.58e-06  epoch=5
  step=7400/8655  loss=0.1027  lr=3.09e-06  epoch=5
  step=7600/8655  loss=0.0001  lr=2.59e-06  epoch=5
  step=7800/8655  loss=0.0001  lr=2.10e-06  epoch=5
  step=8000/8655  loss=0.0001  lr=1.61e-06  epoch=5
  step=8200/8655  loss=0.0001  lr=1.12e-06  epoch=5
  step=8400/8655  loss=0.0194  lr=6.27e-07  epoch=5
  step=8600/8655  loss=0.0289  lr=1.35e-07  epoch=5
[epoch 5/5]  train_loss=0.0151  val_AUC=0.9179  val_Acc=0.8872  (1821s)
  no improvement (best=0.9393, patience 2/2)
[early stop] triggered at epoch 5

[test] loading checkpoint_best.pt ...
[test]  AUC=0.8970  Acc=0.8546

[done]  best_val_AUC=0.9393  test_AUC=0.8970  test_Acc=0.8546
