04:43:09 INFO run_dir=/mnt/localssd/crossencoder_sweep/runs/aep_causal_cls34/deberta-v3-large
04:43:09 INFO device=cuda:0  bf16=False  physical_gpu=0  CUDA_VISIBLE_DEVICES=0
04:43:09 INFO dataset=aep_causal_cls34  model=deberta-v3-large  backbone=microsoft/deberta-v3-large
04:43:09 INFO tokenizer <- microsoft/deberta-v3-large
04:43:10 INFO split files: ['directional_train.jsonl', 'directional_val.jsonl', 'directional_test.jsonl']
04:43:10 INFO scanning max JOINT token length across all splits ...
04:44:01 INFO   observed_max_joint=512 -> max_seq_len=512 (cap=512, scan=50.6s)
04:44:01 INFO loading datasets ...
04:44:02 INFO   schema=standard  train=110775  val=6004  test=6004
04:44:02 INFO building CrossEncoderClassifier  backbone=microsoft/deberta-v3-large
04:44:05 INFO   hidden_size=1024  trainable_params=434,013,185
04:44:05 INFO   total_steps=55388  warmup_steps=5538
04:44:30 INFO   e1 step    50/13847  loss=0.7826  acc=0.4875  lr0=1.81e-07 lr1=9.03e-06
04:44:53 INFO   e1 step   100/13847  loss=0.7746  acc=0.4838  lr0=3.61e-07 lr1=1.81e-05
04:45:16 INFO   e1 step   150/13847  loss=0.7643  acc=0.4875  lr0=5.42e-07 lr1=2.71e-05
04:45:39 INFO   e1 step   200/13847  loss=0.7561  acc=0.4881  lr0=7.22e-07 lr1=3.61e-05
04:46:02 INFO   e1 step   250/13847  loss=0.7478  acc=0.4970  lr0=9.03e-07 lr1=4.51e-05
04:46:25 INFO   e1 step   300/13847  loss=0.7419  acc=0.5000  lr0=1.08e-06 lr1=5.42e-05
04:46:48 INFO   e1 step   350/13847  loss=0.7391  acc=0.5025  lr0=1.26e-06 lr1=6.32e-05
04:47:10 INFO   e1 step   400/13847  loss=0.7360  acc=0.5034  lr0=1.44e-06 lr1=7.22e-05
04:47:34 INFO   e1 step   450/13847  loss=0.7335  acc=0.5014  lr0=1.63e-06 lr1=8.13e-05
04:47:57 INFO   e1 step   500/13847  loss=0.7341  acc=0.5025  lr0=1.81e-06 lr1=9.03e-05
04:48:20 INFO   e1 step   550/13847  loss=0.7329  acc=0.5034  lr0=1.99e-06 lr1=9.93e-05
04:48:43 INFO   e1 step   600/13847  loss=0.7331  acc=0.5042  lr0=2.17e-06 lr1=1.08e-04
04:49:06 INFO   e1 step   650/13847  loss=0.7299  acc=0.5071  lr0=2.35e-06 lr1=1.17e-04
04:49:28 INFO   e1 step   700/13847  loss=0.7302  acc=0.5073  lr0=2.53e-06 lr1=1.26e-04
04:49:50 INFO   e1 step   750/13847  loss=0.7283  acc=0.5107  lr0=2.71e-06 lr1=1.35e-04
04:50:14 INFO   e1 step   800/13847  loss=0.7231  acc=0.5202  lr0=2.89e-06 lr1=1.44e-04
04:50:37 INFO   e1 step   850/13847  loss=0.7200  acc=0.5257  lr0=3.07e-06 lr1=1.53e-04
04:51:01 INFO   e1 step   900/13847  loss=0.7175  acc=0.5294  lr0=3.25e-06 lr1=1.63e-04
04:51:24 INFO   e1 step   950/13847  loss=0.7144  acc=0.5357  lr0=3.43e-06 lr1=1.72e-04
04:51:48 INFO   e1 step  1000/13847  loss=0.7097  acc=0.5425  lr0=3.61e-06 lr1=1.81e-04
04:52:11 INFO   e1 step  1050/13847  loss=0.7033  acc=0.5513  lr0=3.79e-06 lr1=1.90e-04
04:52:34 INFO   e1 step  1100/13847  loss=0.6967  acc=0.5589  lr0=3.97e-06 lr1=1.99e-04
04:52:58 INFO   e1 step  1150/13847  loss=0.6883  acc=0.5696  lr0=4.15e-06 lr1=2.08e-04
04:53:21 INFO   e1 step  1200/13847  loss=0.6792  acc=0.5789  lr0=4.33e-06 lr1=2.17e-04
04:53:43 INFO   e1 step  1250/13847  loss=0.6706  acc=0.5880  lr0=4.51e-06 lr1=2.26e-04
04:54:07 INFO   e1 step  1300/13847  loss=0.6623  acc=0.5960  lr0=4.69e-06 lr1=2.35e-04
04:54:31 INFO   e1 step  1350/13847  loss=0.6536  acc=0.6040  lr0=4.88e-06 lr1=2.44e-04
04:54:53 INFO   e1 step  1400/13847  loss=0.6462  acc=0.6119  lr0=5.06e-06 lr1=2.53e-04
04:55:16 INFO   e1 step  1450/13847  loss=0.6404  acc=0.6193  lr0=5.24e-06 lr1=2.62e-04
04:55:39 INFO   e1 step  1500/13847  loss=0.6306  acc=0.6278  lr0=5.42e-06 lr1=2.71e-04
04:56:02 INFO   e1 step  1550/13847  loss=0.6231  acc=0.6357  lr0=5.60e-06 lr1=2.80e-04
04:56:26 INFO   e1 step  1600/13847  loss=0.6127  acc=0.6435  lr0=5.78e-06 lr1=2.89e-04
04:56:49 INFO   e1 step  1650/13847  loss=0.6060  acc=0.6501  lr0=5.96e-06 lr1=2.98e-04
04:57:12 INFO   e1 step  1700/13847  loss=0.5991  acc=0.6565  lr0=6.14e-06 lr1=3.07e-04
04:57:35 INFO   e1 step  1750/13847  loss=0.5929  acc=0.6619  lr0=6.32e-06 lr1=3.16e-04
04:57:58 INFO   e1 step  1800/13847  loss=0.5868  acc=0.6680  lr0=6.50e-06 lr1=3.25e-04
04:58:22 INFO   e1 step  1850/13847  loss=0.5802  acc=0.6737  lr0=6.68e-06 lr1=3.34e-04
04:58:46 INFO   e1 step  1900/13847  loss=0.5743  acc=0.6790  lr0=6.86e-06 lr1=3.43e-04
04:59:08 INFO   e1 step  1950/13847  loss=0.5691  acc=0.6837  lr0=7.04e-06 lr1=3.52e-04
04:59:31 INFO   e1 step  2000/13847  loss=0.5641  acc=0.6887  lr0=7.22e-06 lr1=3.61e-04
04:59:55 INFO   e1 step  2050/13847  loss=0.5575  acc=0.6934  lr0=7.40e-06 lr1=3.70e-04
05:00:19 INFO   e1 step  2100/13847  loss=0.5517  acc=0.6980  lr0=7.58e-06 lr1=3.79e-04
05:00:41 INFO   e1 step  2150/13847  loss=0.5465  acc=0.7027  lr0=7.76e-06 lr1=3.88e-04
05:01:04 INFO   e1 step  2200/13847  loss=0.5413  acc=0.7066  lr0=7.95e-06 lr1=3.97e-04
05:01:28 INFO   e1 step  2250/13847  loss=0.5363  acc=0.7113  lr0=8.13e-06 lr1=4.06e-04
05:01:50 INFO   e1 step  2300/13847  loss=0.5316  acc=0.7159  lr0=8.31e-06 lr1=4.15e-04
05:02:13 INFO   e1 step  2350/13847  loss=0.5275  acc=0.7202  lr0=8.49e-06 lr1=4.24e-04
05:02:35 INFO   e1 step  2400/13847  loss=0.5246  acc=0.7238  lr0=8.67e-06 lr1=4.33e-04
05:02:58 INFO   e1 step  2450/13847  loss=0.5191  acc=0.7278  lr0=8.85e-06 lr1=4.42e-04
05:03:21 INFO   e1 step  2500/13847  loss=0.5155  acc=0.7313  lr0=9.03e-06 lr1=4.51e-04
05:03:44 INFO   e1 step  2550/13847  loss=0.5106  acc=0.7352  lr0=9.21e-06 lr1=4.60e-04
05:04:06 INFO   e1 step  2600/13847  loss=0.5065  acc=0.7389  lr0=9.39e-06 lr1=4.69e-04
05:04:29 INFO   e1 step  2650/13847  loss=0.5039  acc=0.7419  lr0=9.57e-06 lr1=4.79e-04
05:04:52 INFO   e1 step  2700/13847  loss=0.4998  acc=0.7451  lr0=9.75e-06 lr1=4.88e-04
05:05:15 INFO   e1 step  2750/13847  loss=0.4953  acc=0.7486  lr0=9.93e-06 lr1=4.97e-04
05:05:38 INFO   e1 step  2800/13847  loss=0.4920  acc=0.7517  lr0=1.01e-05 lr1=5.06e-04
05:06:01 INFO   e1 step  2850/13847  loss=0.4888  acc=0.7546  lr0=1.03e-05 lr1=5.15e-04
05:06:25 INFO   e1 step  2900/13847  loss=0.4860  acc=0.7576  lr0=1.05e-05 lr1=5.24e-04
05:06:49 INFO   e1 step  2950/13847  loss=0.4813  acc=0.7609  lr0=1.07e-05 lr1=5.33e-04
05:07:12 INFO   e1 step  3000/13847  loss=0.4785  acc=0.7633  lr0=1.08e-05 lr1=5.42e-04
05:07:35 INFO   e1 step  3050/13847  loss=0.4750  acc=0.7661  lr0=1.10e-05 lr1=5.51e-04
05:07:58 INFO   e1 step  3100/13847  loss=0.4708  acc=0.7690  lr0=1.12e-05 lr1=5.60e-04
05:08:22 INFO   e1 step  3150/13847  loss=0.4684  acc=0.7714  lr0=1.14e-05 lr1=5.69e-04
05:08:45 INFO   e1 step  3200/13847  loss=0.4652  acc=0.7739  lr0=1.16e-05 lr1=5.78e-04
05:09:08 INFO   e1 step  3250/13847  loss=0.4621  acc=0.7763  lr0=1.17e-05 lr1=5.87e-04
05:09:31 INFO   e1 step  3300/13847  loss=0.4585  acc=0.7788  lr0=1.19e-05 lr1=5.96e-04
05:09:55 INFO   e1 step  3350/13847  loss=0.4550  acc=0.7812  lr0=1.21e-05 lr1=6.05e-04
05:10:17 INFO   e1 step  3400/13847  loss=0.4521  acc=0.7832  lr0=1.23e-05 lr1=6.14e-04
05:10:40 INFO   e1 step  3450/13847  loss=0.4497  acc=0.7854  lr0=1.25e-05 lr1=6.23e-04
05:11:02 INFO   e1 step  3500/13847  loss=0.4471  acc=0.7873  lr0=1.26e-05 lr1=6.32e-04
05:11:25 INFO   e1 step  3550/13847  loss=0.4436  acc=0.7896  lr0=1.28e-05 lr1=6.41e-04
05:11:48 INFO   e1 step  3600/13847  loss=0.4405  acc=0.7917  lr0=1.30e-05 lr1=6.50e-04
05:12:11 INFO   e1 step  3650/13847  loss=0.4371  acc=0.7938  lr0=1.32e-05 lr1=6.59e-04
05:12:34 INFO   e1 step  3700/13847  loss=0.4339  acc=0.7959  lr0=1.34e-05 lr1=6.68e-04
05:12:57 INFO   e1 step  3750/13847  loss=0.4318  acc=0.7977  lr0=1.35e-05 lr1=6.77e-04
05:13:20 INFO   e1 step  3800/13847  loss=0.4294  acc=0.7994  lr0=1.37e-05 lr1=6.86e-04
05:13:44 INFO   e1 step  3850/13847  loss=0.4270  acc=0.8010  lr0=1.39e-05 lr1=6.95e-04
05:14:07 INFO   e1 step  3900/13847  loss=0.4241  acc=0.8029  lr0=1.41e-05 lr1=7.04e-04
05:14:30 INFO   e1 step  3950/13847  loss=0.4219  acc=0.8046  lr0=1.43e-05 lr1=7.13e-04
05:14:52 INFO   e1 step  4000/13847  loss=0.4186  acc=0.8066  lr0=1.44e-05 lr1=7.22e-04
05:15:15 INFO   e1 step  4050/13847  loss=0.4161  acc=0.8084  lr0=1.46e-05 lr1=7.31e-04
05:15:39 INFO   e1 step  4100/13847  loss=0.4144  acc=0.8099  lr0=1.48e-05 lr1=7.40e-04
05:16:02 INFO   e1 step  4150/13847  loss=0.4120  acc=0.8117  lr0=1.50e-05 lr1=7.49e-04
05:16:25 INFO   e1 step  4200/13847  loss=0.4091  acc=0.8134  lr0=1.52e-05 lr1=7.58e-04
05:16:48 INFO   e1 step  4250/13847  loss=0.4066  acc=0.8151  lr0=1.53e-05 lr1=7.67e-04
05:17:13 INFO   e1 step  4300/13847  loss=0.4040  acc=0.8168  lr0=1.55e-05 lr1=7.76e-04
05:17:35 INFO   e1 step  4350/13847  loss=0.4013  acc=0.8184  lr0=1.57e-05 lr1=7.85e-04
05:17:58 INFO   e1 step  4400/13847  loss=0.3983  acc=0.8201  lr0=1.59e-05 lr1=7.95e-04
05:18:21 INFO   e1 step  4450/13847  loss=0.3967  acc=0.8213  lr0=1.61e-05 lr1=8.04e-04
05:18:43 INFO   e1 step  4500/13847  loss=0.3945  acc=0.8228  lr0=1.63e-05 lr1=8.13e-04
05:19:07 INFO   e1 step  4550/13847  loss=0.3937  acc=0.8241  lr0=1.64e-05 lr1=8.22e-04
05:19:29 INFO   e1 step  4600/13847  loss=0.3920  acc=0.8255  lr0=1.66e-05 lr1=8.31e-04
05:19:52 INFO   e1 step  4650/13847  loss=0.3891  acc=0.8271  lr0=1.68e-05 lr1=8.40e-04
05:20:15 INFO   e1 step  4700/13847  loss=0.3867  acc=0.8285  lr0=1.70e-05 lr1=8.49e-04
05:20:38 INFO   e1 step  4750/13847  loss=0.3844  acc=0.8298  lr0=1.72e-05 lr1=8.58e-04
05:21:01 INFO   e1 step  4800/13847  loss=0.3822  acc=0.8310  lr0=1.73e-05 lr1=8.67e-04
05:21:25 INFO   e1 step  4850/13847  loss=0.3811  acc=0.8321  lr0=1.75e-05 lr1=8.76e-04
05:21:48 INFO   e1 step  4900/13847  loss=0.3797  acc=0.8334  lr0=1.77e-05 lr1=8.85e-04
05:22:12 INFO   e1 step  4950/13847  loss=0.3769  acc=0.8348  lr0=1.79e-05 lr1=8.94e-04
05:22:35 INFO   e1 step  5000/13847  loss=0.3749  acc=0.8360  lr0=1.81e-05 lr1=9.03e-04
05:22:58 INFO   e1 step  5050/13847  loss=0.3725  acc=0.8373  lr0=1.82e-05 lr1=9.12e-04
05:23:21 INFO   e1 step  5100/13847  loss=0.3702  acc=0.8385  lr0=1.84e-05 lr1=9.21e-04
05:23:43 INFO   e1 step  5150/13847  loss=0.3688  acc=0.8395  lr0=1.86e-05 lr1=9.30e-04
05:24:06 INFO   e1 step  5200/13847  loss=0.3667  acc=0.8406  lr0=1.88e-05 lr1=9.39e-04
05:24:29 INFO   e1 step  5250/13847  loss=0.3646  acc=0.8418  lr0=1.90e-05 lr1=9.48e-04
05:24:52 INFO   e1 step  5300/13847  loss=0.3626  acc=0.8429  lr0=1.91e-05 lr1=9.57e-04
05:25:14 INFO   e1 step  5350/13847  loss=0.3610  acc=0.8440  lr0=1.93e-05 lr1=9.66e-04
05:25:38 INFO   e1 step  5400/13847  loss=0.3587  acc=0.8452  lr0=1.95e-05 lr1=9.75e-04
05:26:01 INFO   e1 step  5450/13847  loss=0.3566  acc=0.8464  lr0=1.97e-05 lr1=9.84e-04
05:26:24 INFO   e1 step  5500/13847  loss=0.3550  acc=0.8472  lr0=1.99e-05 lr1=9.93e-04
05:26:47 INFO   e1 step  5550/13847  loss=0.3542  acc=0.8480  lr0=2.00e-05 lr1=1.00e-03
05:27:10 INFO   e1 step  5600/13847  loss=0.3523  acc=0.8491  lr0=2.00e-05 lr1=9.99e-04
05:27:32 INFO   e1 step  5650/13847  loss=0.3502  acc=0.8502  lr0=2.00e-05 lr1=9.98e-04
05:27:56 INFO   e1 step  5700/13847  loss=0.3496  acc=0.8510  lr0=1.99e-05 lr1=9.97e-04
05:28:19 INFO   e1 step  5750/13847  loss=0.3497  acc=0.8517  lr0=1.99e-05 lr1=9.96e-04
05:28:43 INFO   e1 step  5800/13847  loss=0.3487  acc=0.8526  lr0=1.99e-05 lr1=9.95e-04
05:29:06 INFO   e1 step  5850/13847  loss=0.3471  acc=0.8535  lr0=1.99e-05 lr1=9.94e-04
05:29:30 INFO   e1 step  5900/13847  loss=0.3458  acc=0.8544  lr0=1.99e-05 lr1=9.93e-04
05:29:52 INFO   e1 step  5950/13847  loss=0.3444  acc=0.8553  lr0=1.98e-05 lr1=9.92e-04
05:30:15 INFO   e1 step  6000/13847  loss=0.3434  acc=0.8560  lr0=1.98e-05 lr1=9.91e-04
05:30:38 INFO   e1 step  6050/13847  loss=0.3423  acc=0.8568  lr0=1.98e-05 lr1=9.90e-04
05:31:01 INFO   e1 step  6100/13847  loss=0.3411  acc=0.8575  lr0=1.98e-05 lr1=9.89e-04
05:31:25 INFO   e1 step  6150/13847  loss=0.3403  acc=0.8582  lr0=1.98e-05 lr1=9.88e-04
05:31:47 INFO   e1 step  6200/13847  loss=0.3395  acc=0.8589  lr0=1.97e-05 lr1=9.87e-04
05:32:11 INFO   e1 step  6250/13847  loss=0.3388  acc=0.8594  lr0=1.97e-05 lr1=9.86e-04
05:32:34 INFO   e1 step  6300/13847  loss=0.3373  acc=0.8602  lr0=1.97e-05 lr1=9.85e-04
05:32:57 INFO   e1 step  6350/13847  loss=0.3364  acc=0.8609  lr0=1.97e-05 lr1=9.84e-04
05:33:20 INFO   e1 step  6400/13847  loss=0.3355  acc=0.8616  lr0=1.97e-05 lr1=9.83e-04
05:33:43 INFO   e1 step  6450/13847  loss=0.3345  acc=0.8623  lr0=1.96e-05 lr1=9.82e-04
05:34:05 INFO   e1 step  6500/13847  loss=0.3334  acc=0.8630  lr0=1.96e-05 lr1=9.81e-04
05:34:28 INFO   e1 step  6550/13847  loss=0.3322  acc=0.8637  lr0=1.96e-05 lr1=9.80e-04
05:34:51 INFO   e1 step  6600/13847  loss=0.3311  acc=0.8644  lr0=1.96e-05 lr1=9.79e-04
05:35:14 INFO   e1 step  6650/13847  loss=0.3295  acc=0.8652  lr0=1.96e-05 lr1=9.78e-04
05:35:38 INFO   e1 step  6700/13847  loss=0.3287  acc=0.8658  lr0=1.95e-05 lr1=9.77e-04
05:36:01 INFO   e1 step  6750/13847  loss=0.3275  acc=0.8665  lr0=1.95e-05 lr1=9.76e-04
05:36:24 INFO   e1 step  6800/13847  loss=0.3262  acc=0.8672  lr0=1.95e-05 lr1=9.75e-04
05:36:46 INFO   e1 step  6850/13847  loss=0.3244  acc=0.8680  lr0=1.95e-05 lr1=9.74e-04
05:37:09 INFO   e1 step  6900/13847  loss=0.3239  acc=0.8686  lr0=1.95e-05 lr1=9.73e-04
05:37:32 INFO   e1 step  6950/13847  loss=0.3225  acc=0.8693  lr0=1.94e-05 lr1=9.72e-04
05:37:56 INFO   e1 step  7000/13847  loss=0.3212  acc=0.8700  lr0=1.94e-05 lr1=9.71e-04
05:38:18 INFO   e1 step  7050/13847  loss=0.3200  acc=0.8707  lr0=1.94e-05 lr1=9.70e-04
05:38:40 INFO   e1 step  7100/13847  loss=0.3193  acc=0.8713  lr0=1.94e-05 lr1=9.69e-04
05:39:04 INFO   e1 step  7150/13847  loss=0.3178  acc=0.8720  lr0=1.94e-05 lr1=9.68e-04
05:39:26 INFO   e1 step  7200/13847  loss=0.3166  acc=0.8727  lr0=1.93e-05 lr1=9.67e-04
05:39:48 INFO   e1 step  7250/13847  loss=0.3158  acc=0.8733  lr0=1.93e-05 lr1=9.66e-04
05:40:11 INFO   e1 step  7300/13847  loss=0.3143  acc=0.8740  lr0=1.93e-05 lr1=9.65e-04
05:40:33 INFO   e1 step  7350/13847  loss=0.3127  acc=0.8747  lr0=1.93e-05 lr1=9.64e-04
05:40:56 INFO   e1 step  7400/13847  loss=0.3114  acc=0.8754  lr0=1.93e-05 lr1=9.63e-04
05:41:19 INFO   e1 step  7450/13847  loss=0.3096  acc=0.8762  lr0=1.92e-05 lr1=9.62e-04
05:41:42 INFO   e1 step  7500/13847  loss=0.3086  acc=0.8767  lr0=1.92e-05 lr1=9.61e-04
05:42:05 INFO   e1 step  7550/13847  loss=0.3071  acc=0.8773  lr0=1.92e-05 lr1=9.60e-04
05:42:29 INFO   e1 step  7600/13847  loss=0.3068  acc=0.8777  lr0=1.92e-05 lr1=9.59e-04
05:42:52 INFO   e1 step  7650/13847  loss=0.3061  acc=0.8782  lr0=1.92e-05 lr1=9.58e-04
05:43:14 INFO   e1 step  7700/13847  loss=0.3047  acc=0.8789  lr0=1.91e-05 lr1=9.57e-04
05:43:38 INFO   e1 step  7750/13847  loss=0.3039  acc=0.8793  lr0=1.91e-05 lr1=9.56e-04
05:44:00 INFO   e1 step  7800/13847  loss=0.3031  acc=0.8798  lr0=1.91e-05 lr1=9.55e-04
05:44:23 INFO   e1 step  7850/13847  loss=0.3021  acc=0.8804  lr0=1.91e-05 lr1=9.54e-04
05:44:46 INFO   e1 step  7900/13847  loss=0.3014  acc=0.8808  lr0=1.91e-05 lr1=9.53e-04
05:45:09 INFO   e1 step  7950/13847  loss=0.3007  acc=0.8813  lr0=1.90e-05 lr1=9.52e-04
05:45:32 INFO   e1 step  8000/13847  loss=0.2998  acc=0.8818  lr0=1.90e-05 lr1=9.51e-04
05:45:55 INFO   e1 step  8050/13847  loss=0.2984  acc=0.8824  lr0=1.90e-05 lr1=9.50e-04
05:46:19 INFO   e1 step  8100/13847  loss=0.2973  acc=0.8830  lr0=1.90e-05 lr1=9.49e-04
05:46:42 INFO   e1 step  8150/13847  loss=0.2962  acc=0.8836  lr0=1.90e-05 lr1=9.48e-04
05:47:05 INFO   e1 step  8200/13847  loss=0.2954  acc=0.8841  lr0=1.89e-05 lr1=9.47e-04
05:47:28 INFO   e1 step  8250/13847  loss=0.2943  acc=0.8847  lr0=1.89e-05 lr1=9.46e-04
05:47:51 INFO   e1 step  8300/13847  loss=0.2935  acc=0.8852  lr0=1.89e-05 lr1=9.45e-04
05:48:13 INFO   e1 step  8350/13847  loss=0.2926  acc=0.8857  lr0=1.89e-05 lr1=9.44e-04
05:48:36 INFO   e1 step  8400/13847  loss=0.2919  acc=0.8861  lr0=1.89e-05 lr1=9.43e-04
05:49:00 INFO   e1 step  8450/13847  loss=0.2910  acc=0.8866  lr0=1.88e-05 lr1=9.42e-04
05:49:22 INFO   e1 step  8500/13847  loss=0.2907  acc=0.8869  lr0=1.88e-05 lr1=9.41e-04
05:49:46 INFO   e1 step  8550/13847  loss=0.2899  acc=0.8874  lr0=1.88e-05 lr1=9.40e-04
05:50:09 INFO   e1 step  8600/13847  loss=0.2890  acc=0.8878  lr0=1.88e-05 lr1=9.39e-04
05:50:32 INFO   e1 step  8650/13847  loss=0.2881  acc=0.8883  lr0=1.88e-05 lr1=9.38e-04
05:50:55 INFO   e1 step  8700/13847  loss=0.2872  acc=0.8888  lr0=1.87e-05 lr1=9.37e-04
05:51:18 INFO   e1 step  8750/13847  loss=0.2862  acc=0.8892  lr0=1.87e-05 lr1=9.36e-04
05:51:41 INFO   e1 step  8800/13847  loss=0.2856  acc=0.8897  lr0=1.87e-05 lr1=9.35e-04
05:52:04 INFO   e1 step  8850/13847  loss=0.2846  acc=0.8901  lr0=1.87e-05 lr1=9.34e-04
05:52:28 INFO   e1 step  8900/13847  loss=0.2835  acc=0.8906  lr0=1.87e-05 lr1=9.33e-04
05:52:52 INFO   e1 step  8950/13847  loss=0.2826  acc=0.8911  lr0=1.86e-05 lr1=9.32e-04
05:53:14 INFO   e1 step  9000/13847  loss=0.2815  acc=0.8916  lr0=1.86e-05 lr1=9.31e-04
05:53:36 INFO   e1 step  9050/13847  loss=0.2804  acc=0.8921  lr0=1.86e-05 lr1=9.30e-04
05:54:00 INFO   e1 step  9100/13847  loss=0.2793  acc=0.8926  lr0=1.86e-05 lr1=9.29e-04
05:54:23 INFO   e1 step  9150/13847  loss=0.2782  acc=0.8931  lr0=1.86e-05 lr1=9.28e-04
05:54:47 INFO   e1 step  9200/13847  loss=0.2770  acc=0.8936  lr0=1.85e-05 lr1=9.27e-04
05:55:10 INFO   e1 step  9250/13847  loss=0.2759  acc=0.8941  lr0=1.85e-05 lr1=9.26e-04
05:55:34 INFO   e1 step  9300/13847  loss=0.2750  acc=0.8946  lr0=1.85e-05 lr1=9.25e-04
05:55:56 INFO   e1 step  9350/13847  loss=0.2745  acc=0.8949  lr0=1.85e-05 lr1=9.24e-04
05:56:19 INFO   e1 step  9400/13847  loss=0.2735  acc=0.8954  lr0=1.85e-05 lr1=9.23e-04
05:56:42 INFO   e1 step  9450/13847  loss=0.2730  acc=0.8957  lr0=1.84e-05 lr1=9.22e-04
05:57:04 INFO   e1 step  9500/13847  loss=0.2724  acc=0.8961  lr0=1.84e-05 lr1=9.21e-04
05:57:27 INFO   e1 step  9550/13847  loss=0.2718  acc=0.8964  lr0=1.84e-05 lr1=9.20e-04
05:57:50 INFO   e1 step  9600/13847  loss=0.2708  acc=0.8968  lr0=1.84e-05 lr1=9.19e-04
05:58:13 INFO   e1 step  9650/13847  loss=0.2697  acc=0.8973  lr0=1.84e-05 lr1=9.18e-04
05:58:36 INFO   e1 step  9700/13847  loss=0.2691  acc=0.8976  lr0=1.83e-05 lr1=9.17e-04
05:59:00 INFO   e1 step  9750/13847  loss=0.2684  acc=0.8980  lr0=1.83e-05 lr1=9.16e-04
05:59:22 INFO   e1 step  9800/13847  loss=0.2677  acc=0.8983  lr0=1.83e-05 lr1=9.15e-04
05:59:45 INFO   e1 step  9850/13847  loss=0.2666  acc=0.8987  lr0=1.83e-05 lr1=9.14e-04
06:00:08 INFO   e1 step  9900/13847  loss=0.2660  acc=0.8991  lr0=1.82e-05 lr1=9.12e-04
06:00:31 INFO   e1 step  9950/13847  loss=0.2651  acc=0.8994  lr0=1.82e-05 lr1=9.11e-04
06:00:54 INFO   e1 step 10000/13847  loss=0.2642  acc=0.8999  lr0=1.82e-05 lr1=9.10e-04
06:01:17 INFO   e1 step 10050/13847  loss=0.2633  acc=0.9002  lr0=1.82e-05 lr1=9.09e-04
06:01:40 INFO   e1 step 10100/13847  loss=0.2624  acc=0.9007  lr0=1.82e-05 lr1=9.08e-04
06:02:03 INFO   e1 step 10150/13847  loss=0.2620  acc=0.9009  lr0=1.81e-05 lr1=9.07e-04
06:02:27 INFO   e1 step 10200/13847  loss=0.2612  acc=0.9013  lr0=1.81e-05 lr1=9.06e-04
06:02:50 INFO   e1 step 10250/13847  loss=0.2603  acc=0.9016  lr0=1.81e-05 lr1=9.05e-04
06:03:13 INFO   e1 step 10300/13847  loss=0.2596  acc=0.9020  lr0=1.81e-05 lr1=9.04e-04
06:03:35 INFO   e1 step 10350/13847  loss=0.2590  acc=0.9023  lr0=1.81e-05 lr1=9.03e-04
06:03:58 INFO   e1 step 10400/13847  loss=0.2583  acc=0.9027  lr0=1.80e-05 lr1=9.02e-04
06:04:21 INFO   e1 step 10450/13847  loss=0.2578  acc=0.9030  lr0=1.80e-05 lr1=9.01e-04
06:04:44 INFO   e1 step 10500/13847  loss=0.2570  acc=0.9033  lr0=1.80e-05 lr1=9.00e-04
06:05:06 INFO   e1 step 10550/13847  loss=0.2562  acc=0.9037  lr0=1.80e-05 lr1=8.99e-04
06:05:29 INFO   e1 step 10600/13847  loss=0.2557  acc=0.9040  lr0=1.80e-05 lr1=8.98e-04
06:05:52 INFO   e1 step 10650/13847  loss=0.2551  acc=0.9042  lr0=1.79e-05 lr1=8.97e-04
06:06:16 INFO   e1 step 10700/13847  loss=0.2542  acc=0.9046  lr0=1.79e-05 lr1=8.96e-04
06:06:39 INFO   e1 step 10750/13847  loss=0.2536  acc=0.9049  lr0=1.79e-05 lr1=8.95e-04
06:07:02 INFO   e1 step 10800/13847  loss=0.2530  acc=0.9052  lr0=1.79e-05 lr1=8.94e-04
06:07:25 INFO   e1 step 10850/13847  loss=0.2520  acc=0.9056  lr0=1.79e-05 lr1=8.93e-04
06:07:48 INFO   e1 step 10900/13847  loss=0.2515  acc=0.9059  lr0=1.78e-05 lr1=8.92e-04
06:08:12 INFO   e1 step 10950/13847  loss=0.2506  acc=0.9062  lr0=1.78e-05 lr1=8.91e-04
06:08:35 INFO   e1 step 11000/13847  loss=0.2498  acc=0.9066  lr0=1.78e-05 lr1=8.90e-04
06:08:58 INFO   e1 step 11050/13847  loss=0.2489  acc=0.9070  lr0=1.78e-05 lr1=8.89e-04
06:09:21 INFO   e1 step 11100/13847  loss=0.2479  acc=0.9074  lr0=1.78e-05 lr1=8.88e-04
06:09:44 INFO   e1 step 11150/13847  loss=0.2470  acc=0.9077  lr0=1.77e-05 lr1=8.87e-04
06:10:07 INFO   e1 step 11200/13847  loss=0.2466  acc=0.9079  lr0=1.77e-05 lr1=8.86e-04
06:10:30 INFO   e1 step 11250/13847  loss=0.2461  acc=0.9082  lr0=1.77e-05 lr1=8.85e-04
06:10:53 INFO   e1 step 11300/13847  loss=0.2454  acc=0.9085  lr0=1.77e-05 lr1=8.84e-04
06:11:16 INFO   e1 step 11350/13847  loss=0.2450  acc=0.9088  lr0=1.77e-05 lr1=8.83e-04
06:11:39 INFO   e1 step 11400/13847  loss=0.2444  acc=0.9091  lr0=1.76e-05 lr1=8.82e-04
06:12:02 INFO   e1 step 11450/13847  loss=0.2438  acc=0.9094  lr0=1.76e-05 lr1=8.81e-04
06:12:25 INFO   e1 step 11500/13847  loss=0.2434  acc=0.9097  lr0=1.76e-05 lr1=8.80e-04
06:12:49 INFO   e1 step 11550/13847  loss=0.2427  acc=0.9100  lr0=1.76e-05 lr1=8.79e-04
06:13:12 INFO   e1 step 11600/13847  loss=0.2425  acc=0.9101  lr0=1.76e-05 lr1=8.78e-04
06:13:34 INFO   e1 step 11650/13847  loss=0.2422  acc=0.9103  lr0=1.75e-05 lr1=8.77e-04
06:13:57 INFO   e1 step 11700/13847  loss=0.2421  acc=0.9105  lr0=1.75e-05 lr1=8.76e-04
06:14:20 INFO   e1 step 11750/13847  loss=0.2418  acc=0.9107  lr0=1.75e-05 lr1=8.75e-04
06:14:43 INFO   e1 step 11800/13847  loss=0.2416  acc=0.9109  lr0=1.75e-05 lr1=8.74e-04
06:15:08 INFO   e1 step 11850/13847  loss=0.2411  acc=0.9111  lr0=1.75e-05 lr1=8.73e-04
06:15:31 INFO   e1 step 11900/13847  loss=0.2407  acc=0.9114  lr0=1.74e-05 lr1=8.72e-04
06:15:54 INFO   e1 step 11950/13847  loss=0.2402  acc=0.9116  lr0=1.74e-05 lr1=8.71e-04
06:16:18 INFO   e1 step 12000/13847  loss=0.2393  acc=0.9119  lr0=1.74e-05 lr1=8.70e-04
06:16:41 INFO   e1 step 12050/13847  loss=0.2391  acc=0.9122  lr0=1.74e-05 lr1=8.69e-04
06:17:03 INFO   e1 step 12100/13847  loss=0.2383  acc=0.9125  lr0=1.74e-05 lr1=8.68e-04
06:17:26 INFO   e1 step 12150/13847  loss=0.2377  acc=0.9128  lr0=1.73e-05 lr1=8.67e-04
06:17:49 INFO   e1 step 12200/13847  loss=0.2372  acc=0.9130  lr0=1.73e-05 lr1=8.66e-04
06:18:12 INFO   e1 step 12250/13847  loss=0.2367  acc=0.9133  lr0=1.73e-05 lr1=8.65e-04
06:18:35 INFO   e1 step 12300/13847  loss=0.2362  acc=0.9136  lr0=1.73e-05 lr1=8.64e-04
06:18:59 INFO   e1 step 12350/13847  loss=0.2356  acc=0.9138  lr0=1.73e-05 lr1=8.63e-04
06:19:21 INFO   e1 step 12400/13847  loss=0.2353  acc=0.9140  lr0=1.72e-05 lr1=8.62e-04
06:19:43 INFO   e1 step 12450/13847  loss=0.2351  acc=0.9142  lr0=1.72e-05 lr1=8.61e-04
06:20:06 INFO   e1 step 12500/13847  loss=0.2347  acc=0.9144  lr0=1.72e-05 lr1=8.60e-04
06:20:28 INFO   e1 step 12550/13847  loss=0.2344  acc=0.9146  lr0=1.72e-05 lr1=8.59e-04
06:20:51 INFO   e1 step 12600/13847  loss=0.2341  acc=0.9148  lr0=1.72e-05 lr1=8.58e-04
06:21:14 INFO   e1 step 12650/13847  loss=0.2335  acc=0.9151  lr0=1.71e-05 lr1=8.57e-04
06:21:37 INFO   e1 step 12700/13847  loss=0.2329  acc=0.9153  lr0=1.71e-05 lr1=8.56e-04
06:22:00 INFO   e1 step 12750/13847  loss=0.2326  acc=0.9155  lr0=1.71e-05 lr1=8.55e-04
06:22:23 INFO   e1 step 12800/13847  loss=0.2320  acc=0.9158  lr0=1.71e-05 lr1=8.54e-04
06:22:46 INFO   e1 step 12850/13847  loss=0.2319  acc=0.9160  lr0=1.71e-05 lr1=8.53e-04
06:23:09 INFO   e1 step 12900/13847  loss=0.2314  acc=0.9162  lr0=1.70e-05 lr1=8.52e-04
06:23:33 INFO   e1 step 12950/13847  loss=0.2309  acc=0.9165  lr0=1.70e-05 lr1=8.51e-04
06:23:57 INFO   e1 step 13000/13847  loss=0.2304  acc=0.9167  lr0=1.70e-05 lr1=8.50e-04
06:24:19 INFO   e1 step 13050/13847  loss=0.2296  acc=0.9170  lr0=1.70e-05 lr1=8.49e-04
06:24:42 INFO   e1 step 13100/13847  loss=0.2292  acc=0.9172  lr0=1.70e-05 lr1=8.48e-04
06:25:04 INFO   e1 step 13150/13847  loss=0.2287  acc=0.9175  lr0=1.69e-05 lr1=8.47e-04
06:25:27 INFO   e1 step 13200/13847  loss=0.2282  acc=0.9177  lr0=1.69e-05 lr1=8.46e-04
06:25:51 INFO   e1 step 13250/13847  loss=0.2279  acc=0.9179  lr0=1.69e-05 lr1=8.45e-04
06:26:14 INFO   e1 step 13300/13847  loss=0.2276  acc=0.9180  lr0=1.69e-05 lr1=8.44e-04
06:26:37 INFO   e1 step 13350/13847  loss=0.2272  acc=0.9182  lr0=1.69e-05 lr1=8.43e-04
06:27:00 INFO   e1 step 13400/13847  loss=0.2268  acc=0.9184  lr0=1.68e-05 lr1=8.42e-04
06:27:23 INFO   e1 step 13450/13847  loss=0.2262  acc=0.9187  lr0=1.68e-05 lr1=8.41e-04
06:27:45 INFO   e1 step 13500/13847  loss=0.2257  acc=0.9189  lr0=1.68e-05 lr1=8.40e-04
06:28:08 INFO   e1 step 13550/13847  loss=0.2253  acc=0.9191  lr0=1.68e-05 lr1=8.39e-04
06:28:31 INFO   e1 step 13600/13847  loss=0.2249  acc=0.9193  lr0=1.68e-05 lr1=8.38e-04
06:28:54 INFO   e1 step 13650/13847  loss=0.2243  acc=0.9196  lr0=1.67e-05 lr1=8.37e-04
06:29:18 INFO   e1 step 13700/13847  loss=0.2241  acc=0.9197  lr0=1.67e-05 lr1=8.36e-04
06:29:41 INFO   e1 step 13750/13847  loss=0.2237  acc=0.9199  lr0=1.67e-05 lr1=8.35e-04
06:30:03 INFO   e1 step 13800/13847  loss=0.2231  acc=0.9202  lr0=1.67e-05 lr1=8.34e-04
06:32:03 INFO [epoch 1] train_loss=0.2228 train_acc=0.9203  val_loss=0.9664 val_acc=0.8473 val_auc=0.8933  elapsed=6478.6s
06:32:05 INFO   saved best.pt  val_acc=0.8473
06:32:29 INFO   e2 step    50/13847  loss=0.0757  acc=0.9850  lr0=1.66e-05 lr1=8.32e-04
06:32:52 INFO   e2 step   100/13847  loss=0.0995  acc=0.9750  lr0=1.66e-05 lr1=8.31e-04
06:33:15 INFO   e2 step   150/13847  loss=0.0970  acc=0.9733  lr0=1.66e-05 lr1=8.30e-04
06:33:38 INFO   e2 step   200/13847  loss=0.0923  acc=0.9756  lr0=1.66e-05 lr1=8.29e-04
06:34:01 INFO   e2 step   250/13847  loss=0.1005  acc=0.9750  lr0=1.66e-05 lr1=8.28e-04
06:34:24 INFO   e2 step   300/13847  loss=0.1042  acc=0.9754  lr0=1.65e-05 lr1=8.27e-04
06:34:47 INFO   e2 step   350/13847  loss=0.1072  acc=0.9736  lr0=1.65e-05 lr1=8.26e-04
06:35:10 INFO   e2 step   400/13847  loss=0.1085  acc=0.9738  lr0=1.65e-05 lr1=8.25e-04
06:35:34 INFO   e2 step   450/13847  loss=0.1139  acc=0.9731  lr0=1.65e-05 lr1=8.24e-04
06:35:57 INFO   e2 step   500/13847  loss=0.1101  acc=0.9745  lr0=1.65e-05 lr1=8.23e-04
06:36:20 INFO   e2 step   550/13847  loss=0.1131  acc=0.9745  lr0=1.64e-05 lr1=8.22e-04
06:36:43 INFO   e2 step   600/13847  loss=0.1086  acc=0.9754  lr0=1.64e-05 lr1=8.21e-04
06:37:05 INFO   e2 step   650/13847  loss=0.1206  acc=0.9737  lr0=1.64e-05 lr1=8.20e-04
06:37:28 INFO   e2 step   700/13847  loss=0.1251  acc=0.9730  lr0=1.64e-05 lr1=8.19e-04
06:37:52 INFO   e2 step   750/13847  loss=0.1258  acc=0.9732  lr0=1.64e-05 lr1=8.18e-04
06:38:14 INFO   e2 step   800/13847  loss=0.1267  acc=0.9730  lr0=1.63e-05 lr1=8.17e-04
06:38:37 INFO   e2 step   850/13847  loss=0.1247  acc=0.9734  lr0=1.63e-05 lr1=8.16e-04
06:39:00 INFO   e2 step   900/13847  loss=0.1228  acc=0.9739  lr0=1.63e-05 lr1=8.15e-04
06:39:23 INFO   e2 step   950/13847  loss=0.1218  acc=0.9739  lr0=1.63e-05 lr1=8.14e-04
06:39:48 INFO   e2 step  1000/13847  loss=0.1205  acc=0.9745  lr0=1.63e-05 lr1=8.13e-04
06:40:10 INFO   e2 step  1050/13847  loss=0.1241  acc=0.9738  lr0=1.62e-05 lr1=8.12e-04
06:40:33 INFO   e2 step  1100/13847  loss=0.1237  acc=0.9732  lr0=1.62e-05 lr1=8.11e-04
06:40:56 INFO   e2 step  1150/13847  loss=0.1219  acc=0.9736  lr0=1.62e-05 lr1=8.10e-04
06:41:19 INFO   e2 step  1200/13847  loss=0.1209  acc=0.9738  lr0=1.62e-05 lr1=8.09e-04
06:41:43 INFO   e2 step  1250/13847  loss=0.1197  acc=0.9741  lr0=1.62e-05 lr1=8.08e-04
06:42:06 INFO   e2 step  1300/13847  loss=0.1185  acc=0.9745  lr0=1.61e-05 lr1=8.07e-04
06:42:28 INFO   e2 step  1350/13847  loss=0.1175  acc=0.9744  lr0=1.61e-05 lr1=8.06e-04
06:42:51 INFO   e2 step  1400/13847  loss=0.1195  acc=0.9734  lr0=1.61e-05 lr1=8.05e-04
06:43:14 INFO   e2 step  1450/13847  loss=0.1207  acc=0.9731  lr0=1.61e-05 lr1=8.04e-04
06:43:37 INFO   e2 step  1500/13847  loss=0.1270  acc=0.9717  lr0=1.61e-05 lr1=8.03e-04
06:44:00 INFO   e2 step  1550/13847  loss=0.1318  acc=0.9700  lr0=1.60e-05 lr1=8.02e-04
06:44:23 INFO   e2 step  1600/13847  loss=0.1311  acc=0.9700  lr0=1.60e-05 lr1=8.01e-04
06:44:46 INFO   e2 step  1650/13847  loss=0.1304  acc=0.9703  lr0=1.60e-05 lr1=8.00e-04
06:45:08 INFO   e2 step  1700/13847  loss=0.1304  acc=0.9704  lr0=1.60e-05 lr1=7.99e-04
06:45:31 INFO   e2 step  1750/13847  loss=0.1312  acc=0.9703  lr0=1.60e-05 lr1=7.98e-04
06:45:53 INFO   e2 step  1800/13847  loss=0.1296  acc=0.9708  lr0=1.59e-05 lr1=7.97e-04
06:46:16 INFO   e2 step  1850/13847  loss=0.1289  acc=0.9709  lr0=1.59e-05 lr1=7.96e-04
06:46:39 INFO   e2 step  1900/13847  loss=0.1292  acc=0.9707  lr0=1.59e-05 lr1=7.95e-04
06:47:02 INFO   e2 step  1950/13847  loss=0.1282  acc=0.9706  lr0=1.59e-05 lr1=7.94e-04
06:47:26 INFO   e2 step  2000/13847  loss=0.1314  acc=0.9699  lr0=1.59e-05 lr1=7.93e-04
06:47:49 INFO   e2 step  2050/13847  loss=0.1365  acc=0.9676  lr0=1.58e-05 lr1=7.92e-04
06:48:12 INFO   e2 step  2100/13847  loss=0.1418  acc=0.9640  lr0=1.58e-05 lr1=7.91e-04
06:48:35 INFO   e2 step  2150/13847  loss=0.1559  acc=0.9532  lr0=1.58e-05 lr1=7.90e-04
06:48:58 INFO   e2 step  2200/13847  loss=0.1697  acc=0.9428  lr0=1.58e-05 lr1=7.89e-04
06:49:21 INFO   e2 step  2250/13847  loss=0.1801  acc=0.9366  lr0=1.58e-05 lr1=7.88e-04
06:49:45 INFO   e2 step  2300/13847  loss=0.1854  acc=0.9345  lr0=1.57e-05 lr1=7.87e-04
06:50:08 INFO   e2 step  2350/13847  loss=0.1913  acc=0.9314  lr0=1.57e-05 lr1=7.86e-04
06:50:31 INFO   e2 step  2400/13847  loss=0.1914  acc=0.9317  lr0=1.57e-05 lr1=7.85e-04
06:50:54 INFO   e2 step  2450/13847  loss=0.1904  acc=0.9322  lr0=1.57e-05 lr1=7.84e-04
06:51:17 INFO   e2 step  2500/13847  loss=0.1900  acc=0.9329  lr0=1.57e-05 lr1=7.83e-04
06:51:41 INFO   e2 step  2550/13847  loss=0.1885  acc=0.9336  lr0=1.56e-05 lr1=7.82e-04
06:52:04 INFO   e2 step  2600/13847  loss=0.1871  acc=0.9344  lr0=1.56e-05 lr1=7.81e-04
06:52:26 INFO   e2 step  2650/13847  loss=0.1856  acc=0.9352  lr0=1.56e-05 lr1=7.80e-04
06:52:49 INFO   e2 step  2700/13847  loss=0.1843  acc=0.9360  lr0=1.56e-05 lr1=7.79e-04
06:53:12 INFO   e2 step  2750/13847  loss=0.1839  acc=0.9363  lr0=1.56e-05 lr1=7.78e-04
06:53:35 INFO   e2 step  2800/13847  loss=0.1835  acc=0.9368  lr0=1.55e-05 lr1=7.77e-04
06:53:57 INFO   e2 step  2850/13847  loss=0.1807  acc=0.9377  lr0=1.55e-05 lr1=7.76e-04
06:54:21 INFO   e2 step  2900/13847  loss=0.1794  acc=0.9382  lr0=1.55e-05 lr1=7.75e-04
06:54:44 INFO   e2 step  2950/13847  loss=0.1779  acc=0.9388  lr0=1.55e-05 lr1=7.74e-04
06:55:06 INFO   e2 step  3000/13847  loss=0.1771  acc=0.9394  lr0=1.55e-05 lr1=7.73e-04
06:55:29 INFO   e2 step  3050/13847  loss=0.1755  acc=0.9401  lr0=1.54e-05 lr1=7.72e-04
06:55:51 INFO   e2 step  3100/13847  loss=0.1735  acc=0.9409  lr0=1.54e-05 lr1=7.71e-04
06:56:14 INFO   e2 step  3150/13847  loss=0.1728  acc=0.9414  lr0=1.54e-05 lr1=7.70e-04
06:56:37 INFO   e2 step  3200/13847  loss=0.1714  acc=0.9420  lr0=1.54e-05 lr1=7.69e-04
06:57:00 INFO   e2 step  3250/13847  loss=0.1696  acc=0.9427  lr0=1.54e-05 lr1=7.68e-04
06:57:22 INFO   e2 step  3300/13847  loss=0.1681  acc=0.9433  lr0=1.53e-05 lr1=7.67e-04
06:57:45 INFO   e2 step  3350/13847  loss=0.1671  acc=0.9438  lr0=1.53e-05 lr1=7.66e-04
06:58:09 INFO   e2 step  3400/13847  loss=0.1659  acc=0.9444  lr0=1.53e-05 lr1=7.65e-04
06:58:32 INFO   e2 step  3450/13847  loss=0.1649  acc=0.9449  lr0=1.53e-05 lr1=7.64e-04
06:58:55 INFO   e2 step  3500/13847  loss=0.1635  acc=0.9454  lr0=1.53e-05 lr1=7.63e-04
06:59:19 INFO   e2 step  3550/13847  loss=0.1617  acc=0.9460  lr0=1.52e-05 lr1=7.62e-04
06:59:42 INFO   e2 step  3600/13847  loss=0.1605  acc=0.9465  lr0=1.52e-05 lr1=7.61e-04
07:00:05 INFO   e2 step  3650/13847  loss=0.1596  acc=0.9470  lr0=1.52e-05 lr1=7.60e-04
07:00:29 INFO   e2 step  3700/13847  loss=0.1585  acc=0.9475  lr0=1.52e-05 lr1=7.59e-04
07:00:52 INFO   e2 step  3750/13847  loss=0.1570  acc=0.9480  lr0=1.52e-05 lr1=7.58e-04
07:01:16 INFO   e2 step  3800/13847  loss=0.1573  acc=0.9482  lr0=1.51e-05 lr1=7.57e-04
07:01:40 INFO   e2 step  3850/13847  loss=0.1557  acc=0.9488  lr0=1.51e-05 lr1=7.56e-04
07:02:03 INFO   e2 step  3900/13847  loss=0.1548  acc=0.9492  lr0=1.51e-05 lr1=7.55e-04
07:02:26 INFO   e2 step  3950/13847  loss=0.1540  acc=0.9496  lr0=1.51e-05 lr1=7.54e-04
07:02:48 INFO   e2 step  4000/13847  loss=0.1533  acc=0.9500  lr0=1.51e-05 lr1=7.53e-04
07:03:11 INFO   e2 step  4050/13847  loss=0.1519  acc=0.9504  lr0=1.50e-05 lr1=7.52e-04
07:03:34 INFO   e2 step  4100/13847  loss=0.1504  acc=0.9509  lr0=1.50e-05 lr1=7.51e-04
07:03:57 INFO   e2 step  4150/13847  loss=0.1497  acc=0.9514  lr0=1.50e-05 lr1=7.50e-04
07:04:20 INFO   e2 step  4200/13847  loss=0.1489  acc=0.9517  lr0=1.50e-05 lr1=7.49e-04
07:04:42 INFO   e2 step  4250/13847  loss=0.1476  acc=0.9522  lr0=1.50e-05 lr1=7.48e-04
07:05:05 INFO   e2 step  4300/13847  loss=0.1466  acc=0.9526  lr0=1.49e-05 lr1=7.47e-04
07:05:29 INFO   e2 step  4350/13847  loss=0.1453  acc=0.9530  lr0=1.49e-05 lr1=7.46e-04
07:05:51 INFO   e2 step  4400/13847  loss=0.1444  acc=0.9533  lr0=1.49e-05 lr1=7.45e-04
07:06:15 INFO   e2 step  4450/13847  loss=0.1433  acc=0.9536  lr0=1.49e-05 lr1=7.44e-04
07:06:37 INFO   e2 step  4500/13847  loss=0.1426  acc=0.9539  lr0=1.49e-05 lr1=7.43e-04
07:07:01 INFO   e2 step  4550/13847  loss=0.1419  acc=0.9542  lr0=1.48e-05 lr1=7.42e-04
07:07:23 INFO   e2 step  4600/13847  loss=0.1408  acc=0.9545  lr0=1.48e-05 lr1=7.41e-04
07:07:46 INFO   e2 step  4650/13847  loss=0.1406  acc=0.9547  lr0=1.48e-05 lr1=7.40e-04
07:08:09 INFO   e2 step  4700/13847  loss=0.1396  acc=0.9551  lr0=1.48e-05 lr1=7.39e-04
07:08:32 INFO   e2 step  4750/13847  loss=0.1387  acc=0.9554  lr0=1.48e-05 lr1=7.38e-04
07:08:55 INFO   e2 step  4800/13847  loss=0.1379  acc=0.9556  lr0=1.47e-05 lr1=7.37e-04
07:09:17 INFO   e2 step  4850/13847  loss=0.1377  acc=0.9559  lr0=1.47e-05 lr1=7.36e-04
07:09:41 INFO   e2 step  4900/13847  loss=0.1369  acc=0.9561  lr0=1.47e-05 lr1=7.35e-04
07:10:04 INFO   e2 step  4950/13847  loss=0.1361  acc=0.9564  lr0=1.47e-05 lr1=7.34e-04
07:10:28 INFO   e2 step  5000/13847  loss=0.1351  acc=0.9567  lr0=1.47e-05 lr1=7.33e-04
07:10:50 INFO   e2 step  5050/13847  loss=0.1340  acc=0.9571  lr0=1.46e-05 lr1=7.32e-04
07:11:14 INFO   e2 step  5100/13847  loss=0.1332  acc=0.9573  lr0=1.46e-05 lr1=7.31e-04
07:11:36 INFO   e2 step  5150/13847  loss=0.1322  acc=0.9576  lr0=1.46e-05 lr1=7.30e-04
07:11:59 INFO   e2 step  5200/13847  loss=0.1314  acc=0.9579  lr0=1.46e-05 lr1=7.29e-04
07:12:21 INFO   e2 step  5250/13847  loss=0.1305  acc=0.9582  lr0=1.46e-05 lr1=7.28e-04
07:12:43 INFO   e2 step  5300/13847  loss=0.1299  acc=0.9585  lr0=1.45e-05 lr1=7.27e-04
07:13:06 INFO   e2 step  5350/13847  loss=0.1293  acc=0.9588  lr0=1.45e-05 lr1=7.26e-04
07:13:29 INFO   e2 step  5400/13847  loss=0.1290  acc=0.9589  lr0=1.45e-05 lr1=7.25e-04
07:13:52 INFO   e2 step  5450/13847  loss=0.1285  acc=0.9591  lr0=1.45e-05 lr1=7.24e-04
07:14:14 INFO   e2 step  5500/13847  loss=0.1276  acc=0.9595  lr0=1.45e-05 lr1=7.23e-04
07:14:37 INFO   e2 step  5550/13847  loss=0.1277  acc=0.9596  lr0=1.44e-05 lr1=7.22e-04
07:15:01 INFO   e2 step  5600/13847  loss=0.1272  acc=0.9598  lr0=1.44e-05 lr1=7.21e-04
07:15:25 INFO   e2 step  5650/13847  loss=0.1266  acc=0.9601  lr0=1.44e-05 lr1=7.20e-04
07:15:47 INFO   e2 step  5700/13847  loss=0.1261  acc=0.9602  lr0=1.44e-05 lr1=7.19e-04
07:16:10 INFO   e2 step  5750/13847  loss=0.1256  acc=0.9604  lr0=1.44e-05 lr1=7.18e-04
07:16:34 INFO   e2 step  5800/13847  loss=0.1254  acc=0.9606  lr0=1.43e-05 lr1=7.17e-04
07:16:56 INFO   e2 step  5850/13847  loss=0.1251  acc=0.9608  lr0=1.43e-05 lr1=7.16e-04
07:17:19 INFO   e2 step  5900/13847  loss=0.1245  acc=0.9610  lr0=1.43e-05 lr1=7.15e-04
07:17:42 INFO   e2 step  5950/13847  loss=0.1238  acc=0.9613  lr0=1.43e-05 lr1=7.14e-04
07:18:05 INFO   e2 step  6000/13847  loss=0.1233  acc=0.9615  lr0=1.43e-05 lr1=7.13e-04
07:18:28 INFO   e2 step  6050/13847  loss=0.1229  acc=0.9616  lr0=1.42e-05 lr1=7.12e-04
07:18:52 INFO   e2 step  6100/13847  loss=0.1222  acc=0.9619  lr0=1.42e-05 lr1=7.11e-04
07:19:14 INFO   e2 step  6150/13847  loss=0.1218  acc=0.9621  lr0=1.42e-05 lr1=7.10e-04
07:19:36 INFO   e2 step  6200/13847  loss=0.1218  acc=0.9622  lr0=1.42e-05 lr1=7.09e-04
07:19:59 INFO   e2 step  6250/13847  loss=0.1211  acc=0.9625  lr0=1.42e-05 lr1=7.08e-04
07:20:22 INFO   e2 step  6300/13847  loss=0.1213  acc=0.9625  lr0=1.41e-05 lr1=7.07e-04
07:20:45 INFO   e2 step  6350/13847  loss=0.1208  acc=0.9627  lr0=1.41e-05 lr1=7.06e-04
07:21:08 INFO   e2 step  6400/13847  loss=0.1202  acc=0.9629  lr0=1.41e-05 lr1=7.05e-04
07:21:32 INFO   e2 step  6450/13847  loss=0.1198  acc=0.9630  lr0=1.41e-05 lr1=7.04e-04
07:21:56 INFO   e2 step  6500/13847  loss=0.1193  acc=0.9631  lr0=1.41e-05 lr1=7.03e-04
07:22:18 INFO   e2 step  6550/13847  loss=0.1186  acc=0.9633  lr0=1.40e-05 lr1=7.02e-04
07:22:41 INFO   e2 step  6600/13847  loss=0.1181  acc=0.9635  lr0=1.40e-05 lr1=7.01e-04
07:23:04 INFO   e2 step  6650/13847  loss=0.1179  acc=0.9636  lr0=1.40e-05 lr1=7.00e-04
07:23:26 INFO   e2 step  6700/13847  loss=0.1176  acc=0.9637  lr0=1.40e-05 lr1=6.99e-04
07:23:49 INFO   e2 step  6750/13847  loss=0.1172  acc=0.9638  lr0=1.40e-05 lr1=6.98e-04
07:24:13 INFO   e2 step  6800/13847  loss=0.1166  acc=0.9640  lr0=1.39e-05 lr1=6.97e-04
07:24:35 INFO   e2 step  6850/13847  loss=0.1162  acc=0.9641  lr0=1.39e-05 lr1=6.96e-04
07:24:58 INFO   e2 step  6900/13847  loss=0.1159  acc=0.9643  lr0=1.39e-05 lr1=6.95e-04
07:25:21 INFO   e2 step  6950/13847  loss=0.1153  acc=0.9644  lr0=1.39e-05 lr1=6.94e-04
07:25:44 INFO   e2 step  7000/13847  loss=0.1147  acc=0.9646  lr0=1.39e-05 lr1=6.93e-04
07:26:06 INFO   e2 step  7050/13847  loss=0.1146  acc=0.9647  lr0=1.38e-05 lr1=6.92e-04
07:26:30 INFO   e2 step  7100/13847  loss=0.1140  acc=0.9648  lr0=1.38e-05 lr1=6.91e-04
07:26:53 INFO   e2 step  7150/13847  loss=0.1138  acc=0.9648  lr0=1.38e-05 lr1=6.90e-04
07:27:15 INFO   e2 step  7200/13847  loss=0.1136  acc=0.9649  lr0=1.38e-05 lr1=6.89e-04
07:27:38 INFO   e2 step  7250/13847  loss=0.1133  acc=0.9649  lr0=1.38e-05 lr1=6.88e-04
07:28:01 INFO   e2 step  7300/13847  loss=0.1135  acc=0.9649  lr0=1.37e-05 lr1=6.87e-04
07:28:24 INFO   e2 step  7350/13847  loss=0.1138  acc=0.9649  lr0=1.37e-05 lr1=6.86e-04
07:28:48 INFO   e2 step  7400/13847  loss=0.1142  acc=0.9648  lr0=1.37e-05 lr1=6.85e-04
07:29:11 INFO   e2 step  7450/13847  loss=0.1140  acc=0.9649  lr0=1.37e-05 lr1=6.84e-04
07:29:34 INFO   e2 step  7500/13847  loss=0.1144  acc=0.9648  lr0=1.37e-05 lr1=6.83e-04
07:29:58 INFO   e2 step  7550/13847  loss=0.1145  acc=0.9648  lr0=1.36e-05 lr1=6.82e-04
07:30:21 INFO   e2 step  7600/13847  loss=0.1148  acc=0.9648  lr0=1.36e-05 lr1=6.81e-04
07:30:44 INFO   e2 step  7650/13847  loss=0.1146  acc=0.9647  lr0=1.36e-05 lr1=6.80e-04
07:31:06 INFO   e2 step  7700/13847  loss=0.1145  acc=0.9646  lr0=1.36e-05 lr1=6.79e-04
07:31:29 INFO   e2 step  7750/13847  loss=0.1150  acc=0.9645  lr0=1.36e-05 lr1=6.78e-04
07:31:51 INFO   e2 step  7800/13847  loss=0.1155  acc=0.9643  lr0=1.35e-05 lr1=6.77e-04
07:32:14 INFO   e2 step  7850/13847  loss=0.1156  acc=0.9643  lr0=1.35e-05 lr1=6.76e-04
07:32:37 INFO   e2 step  7900/13847  loss=0.1156  acc=0.9642  lr0=1.35e-05 lr1=6.75e-04
07:33:00 INFO   e2 step  7950/13847  loss=0.1152  acc=0.9644  lr0=1.35e-05 lr1=6.74e-04
07:33:22 INFO   e2 step  8000/13847  loss=0.1152  acc=0.9644  lr0=1.35e-05 lr1=6.73e-04
07:33:46 INFO   e2 step  8050/13847  loss=0.1149  acc=0.9645  lr0=1.34e-05 lr1=6.72e-04
07:34:09 INFO   e2 step  8100/13847  loss=0.1148  acc=0.9646  lr0=1.34e-05 lr1=6.71e-04
07:34:32 INFO   e2 step  8150/13847  loss=0.1145  acc=0.9646  lr0=1.34e-05 lr1=6.70e-04
07:34:56 INFO   e2 step  8200/13847  loss=0.1144  acc=0.9647  lr0=1.34e-05 lr1=6.69e-04
07:35:19 INFO   e2 step  8250/13847  loss=0.1139  acc=0.9649  lr0=1.34e-05 lr1=6.68e-04
07:35:42 INFO   e2 step  8300/13847  loss=0.1135  acc=0.9650  lr0=1.33e-05 lr1=6.67e-04
07:36:05 INFO   e2 step  8350/13847  loss=0.1130  acc=0.9651  lr0=1.33e-05 lr1=6.66e-04
07:36:28 INFO   e2 step  8400/13847  loss=0.1124  acc=0.9653  lr0=1.33e-05 lr1=6.65e-04
07:36:51 INFO   e2 step  8450/13847  loss=0.1123  acc=0.9654  lr0=1.33e-05 lr1=6.64e-04
07:37:14 INFO   e2 step  8500/13847  loss=0.1120  acc=0.9654  lr0=1.33e-05 lr1=6.63e-04
07:37:37 INFO   e2 step  8550/13847  loss=0.1117  acc=0.9655  lr0=1.32e-05 lr1=6.62e-04
07:38:00 INFO   e2 step  8600/13847  loss=0.1113  acc=0.9657  lr0=1.32e-05 lr1=6.61e-04
07:38:24 INFO   e2 step  8650/13847  loss=0.1111  acc=0.9657  lr0=1.32e-05 lr1=6.60e-04
07:38:47 INFO   e2 step  8700/13847  loss=0.1108  acc=0.9658  lr0=1.32e-05 lr1=6.59e-04
07:39:09 INFO   e2 step  8750/13847  loss=0.1104  acc=0.9659  lr0=1.32e-05 lr1=6.58e-04
07:39:32 INFO   e2 step  8800/13847  loss=0.1102  acc=0.9660  lr0=1.31e-05 lr1=6.57e-04
07:39:55 INFO   e2 step  8850/13847  loss=0.1100  acc=0.9661  lr0=1.31e-05 lr1=6.56e-04
07:40:19 INFO   e2 step  8900/13847  loss=0.1095  acc=0.9662  lr0=1.31e-05 lr1=6.55e-04
07:40:42 INFO   e2 step  8950/13847  loss=0.1092  acc=0.9664  lr0=1.31e-05 lr1=6.54e-04
07:41:05 INFO   e2 step  9000/13847  loss=0.1092  acc=0.9664  lr0=1.31e-05 lr1=6.53e-04
07:41:28 INFO   e2 step  9050/13847  loss=0.1088  acc=0.9665  lr0=1.30e-05 lr1=6.52e-04
07:41:51 INFO   e2 step  9100/13847  loss=0.1088  acc=0.9666  lr0=1.30e-05 lr1=6.51e-04
07:42:14 INFO   e2 step  9150/13847  loss=0.1084  acc=0.9667  lr0=1.30e-05 lr1=6.50e-04
07:42:38 INFO   e2 step  9200/13847  loss=0.1082  acc=0.9668  lr0=1.30e-05 lr1=6.49e-04
07:43:01 INFO   e2 step  9250/13847  loss=0.1079  acc=0.9669  lr0=1.30e-05 lr1=6.48e-04
07:43:24 INFO   e2 step  9300/13847  loss=0.1076  acc=0.9670  lr0=1.29e-05 lr1=6.47e-04
07:43:47 INFO   e2 step  9350/13847  loss=0.1071  acc=0.9671  lr0=1.29e-05 lr1=6.46e-04
07:44:10 INFO   e2 step  9400/13847  loss=0.1068  acc=0.9672  lr0=1.29e-05 lr1=6.45e-04
07:44:33 INFO   e2 step  9450/13847  loss=0.1065  acc=0.9673  lr0=1.29e-05 lr1=6.44e-04
07:44:55 INFO   e2 step  9500/13847  loss=0.1061  acc=0.9674  lr0=1.29e-05 lr1=6.43e-04
07:45:18 INFO   e2 step  9550/13847  loss=0.1057  acc=0.9675  lr0=1.28e-05 lr1=6.42e-04
07:45:41 INFO   e2 step  9600/13847  loss=0.1057  acc=0.9675  lr0=1.28e-05 lr1=6.41e-04
07:46:04 INFO   e2 step  9650/13847  loss=0.1056  acc=0.9676  lr0=1.28e-05 lr1=6.40e-04
07:46:27 INFO   e2 step  9700/13847  loss=0.1054  acc=0.9677  lr0=1.28e-05 lr1=6.39e-04
07:46:50 INFO   e2 step  9750/13847  loss=0.1053  acc=0.9677  lr0=1.28e-05 lr1=6.38e-04
07:47:12 INFO   e2 step  9800/13847  loss=0.1051  acc=0.9678  lr0=1.27e-05 lr1=6.37e-04
07:47:36 INFO   e2 step  9850/13847  loss=0.1049  acc=0.9679  lr0=1.27e-05 lr1=6.36e-04
07:47:59 INFO   e2 step  9900/13847  loss=0.1051  acc=0.9679  lr0=1.27e-05 lr1=6.35e-04
07:48:22 INFO   e2 step  9950/13847  loss=0.1050  acc=0.9680  lr0=1.27e-05 lr1=6.34e-04
07:48:46 INFO   e2 step 10000/13847  loss=0.1047  acc=0.9681  lr0=1.27e-05 lr1=6.33e-04
07:49:08 INFO   e2 step 10050/13847  loss=0.1045  acc=0.9681  lr0=1.26e-05 lr1=6.32e-04
07:49:31 INFO   e2 step 10100/13847  loss=0.1044  acc=0.9682  lr0=1.26e-05 lr1=6.31e-04
07:49:55 INFO   e2 step 10150/13847  loss=0.1044  acc=0.9682  lr0=1.26e-05 lr1=6.30e-04
07:50:18 INFO   e2 step 10200/13847  loss=0.1040  acc=0.9683  lr0=1.26e-05 lr1=6.29e-04
07:50:41 INFO   e2 step 10250/13847  loss=0.1040  acc=0.9684  lr0=1.26e-05 lr1=6.28e-04
07:51:04 INFO   e2 step 10300/13847  loss=0.1040  acc=0.9684  lr0=1.25e-05 lr1=6.27e-04
07:51:27 INFO   e2 step 10350/13847  loss=0.1039  acc=0.9684  lr0=1.25e-05 lr1=6.26e-04
07:51:50 INFO   e2 step 10400/13847  loss=0.1038  acc=0.9685  lr0=1.25e-05 lr1=6.25e-04
07:52:13 INFO   e2 step 10450/13847  loss=0.1036  acc=0.9686  lr0=1.25e-05 lr1=6.24e-04
07:52:36 INFO   e2 step 10500/13847  loss=0.1034  acc=0.9687  lr0=1.25e-05 lr1=6.23e-04
07:52:59 INFO   e2 step 10550/13847  loss=0.1029  acc=0.9688  lr0=1.24e-05 lr1=6.22e-04
07:53:22 INFO   e2 step 10600/13847  loss=0.1026  acc=0.9689  lr0=1.24e-05 lr1=6.21e-04
07:53:44 INFO   e2 step 10650/13847  loss=0.1023  acc=0.9690  lr0=1.24e-05 lr1=6.20e-04
07:54:06 INFO   e2 step 10700/13847  loss=0.1019  acc=0.9691  lr0=1.24e-05 lr1=6.19e-04
07:54:29 INFO   e2 step 10750/13847  loss=0.1017  acc=0.9692  lr0=1.24e-05 lr1=6.18e-04
07:54:53 INFO   e2 step 10800/13847  loss=0.1012  acc=0.9693  lr0=1.23e-05 lr1=6.17e-04
07:55:15 INFO   e2 step 10850/13847  loss=0.1010  acc=0.9693  lr0=1.23e-05 lr1=6.16e-04
07:55:38 INFO   e2 step 10900/13847  loss=0.1007  acc=0.9694  lr0=1.23e-05 lr1=6.15e-04
07:56:01 INFO   e2 step 10950/13847  loss=0.1004  acc=0.9695  lr0=1.23e-05 lr1=6.14e-04
07:56:24 INFO   e2 step 11000/13847  loss=0.1002  acc=0.9696  lr0=1.23e-05 lr1=6.13e-04
07:56:47 INFO   e2 step 11050/13847  loss=0.0998  acc=0.9697  lr0=1.22e-05 lr1=6.12e-04
07:57:09 INFO   e2 step 11100/13847  loss=0.0997  acc=0.9697  lr0=1.22e-05 lr1=6.11e-04
07:57:32 INFO   e2 step 11150/13847  loss=0.0996  acc=0.9698  lr0=1.22e-05 lr1=6.10e-04
07:57:55 INFO   e2 step 11200/13847  loss=0.0994  acc=0.9699  lr0=1.22e-05 lr1=6.09e-04
07:58:18 INFO   e2 step 11250/13847  loss=0.0992  acc=0.9699  lr0=1.22e-05 lr1=6.08e-04
07:58:42 INFO   e2 step 11300/13847  loss=0.0990  acc=0.9701  lr0=1.21e-05 lr1=6.07e-04
07:59:05 INFO   e2 step 11350/13847  loss=0.0988  acc=0.9701  lr0=1.21e-05 lr1=6.06e-04
07:59:29 INFO   e2 step 11400/13847  loss=0.0988  acc=0.9702  lr0=1.21e-05 lr1=6.05e-04
07:59:51 INFO   e2 step 11450/13847  loss=0.0985  acc=0.9703  lr0=1.21e-05 lr1=6.04e-04
08:00:14 INFO   e2 step 11500/13847  loss=0.0983  acc=0.9704  lr0=1.21e-05 lr1=6.03e-04
08:00:37 INFO   e2 step 11550/13847  loss=0.0982  acc=0.9704  lr0=1.20e-05 lr1=6.02e-04
08:00:59 INFO   e2 step 11600/13847  loss=0.0979  acc=0.9705  lr0=1.20e-05 lr1=6.01e-04
08:01:21 INFO   e2 step 11650/13847  loss=0.0976  acc=0.9706  lr0=1.20e-05 lr1=6.00e-04
08:01:44 INFO   e2 step 11700/13847  loss=0.0975  acc=0.9707  lr0=1.20e-05 lr1=5.99e-04
08:02:07 INFO   e2 step 11750/13847  loss=0.0974  acc=0.9708  lr0=1.20e-05 lr1=5.98e-04
08:02:30 INFO   e2 step 11800/13847  loss=0.0971  acc=0.9708  lr0=1.19e-05 lr1=5.97e-04
08:02:52 INFO   e2 step 11850/13847  loss=0.0970  acc=0.9709  lr0=1.19e-05 lr1=5.96e-04
08:03:16 INFO   e2 step 11900/13847  loss=0.0969  acc=0.9710  lr0=1.19e-05 lr1=5.95e-04
08:03:39 INFO   e2 step 11950/13847  loss=0.0967  acc=0.9710  lr0=1.19e-05 lr1=5.94e-04
08:04:01 INFO   e2 step 12000/13847  loss=0.0968  acc=0.9710  lr0=1.19e-05 lr1=5.93e-04
08:04:24 INFO   e2 step 12050/13847  loss=0.0967  acc=0.9711  lr0=1.18e-05 lr1=5.92e-04
08:04:47 INFO   e2 step 12100/13847  loss=0.0964  acc=0.9712  lr0=1.18e-05 lr1=5.91e-04
08:05:10 INFO   e2 step 12150/13847  loss=0.0963  acc=0.9712  lr0=1.18e-05 lr1=5.90e-04
08:05:33 INFO   e2 step 12200/13847  loss=0.0962  acc=0.9713  lr0=1.18e-05 lr1=5.89e-04
08:05:56 INFO   e2 step 12250/13847  loss=0.0960  acc=0.9713  lr0=1.18e-05 lr1=5.88e-04
08:06:18 INFO   e2 step 12300/13847  loss=0.0960  acc=0.9714  lr0=1.17e-05 lr1=5.87e-04
08:06:41 INFO   e2 step 12350/13847  loss=0.0960  acc=0.9714  lr0=1.17e-05 lr1=5.86e-04
08:07:03 INFO   e2 step 12400/13847  loss=0.0958  acc=0.9715  lr0=1.17e-05 lr1=5.85e-04
08:07:26 INFO   e2 step 12450/13847  loss=0.0958  acc=0.9715  lr0=1.17e-05 lr1=5.84e-04
08:07:49 INFO   e2 step 12500/13847  loss=0.0957  acc=0.9716  lr0=1.17e-05 lr1=5.83e-04
08:08:12 INFO   e2 step 12550/13847  loss=0.0956  acc=0.9716  lr0=1.16e-05 lr1=5.82e-04
08:08:35 INFO   e2 step 12600/13847  loss=0.0953  acc=0.9717  lr0=1.16e-05 lr1=5.81e-04
08:08:58 INFO   e2 step 12650/13847  loss=0.0953  acc=0.9718  lr0=1.16e-05 lr1=5.80e-04
08:09:21 INFO   e2 step 12700/13847  loss=0.0954  acc=0.9718  lr0=1.16e-05 lr1=5.79e-04
08:09:44 INFO   e2 step 12750/13847  loss=0.0954  acc=0.9718  lr0=1.16e-05 lr1=5.78e-04
08:10:08 INFO   e2 step 12800/13847  loss=0.0951  acc=0.9719  lr0=1.15e-05 lr1=5.77e-04
08:10:31 INFO   e2 step 12850/13847  loss=0.0953  acc=0.9719  lr0=1.15e-05 lr1=5.76e-04
08:10:54 INFO   e2 step 12900/13847  loss=0.0951  acc=0.9719  lr0=1.15e-05 lr1=5.75e-04
08:11:16 INFO   e2 step 12950/13847  loss=0.0950  acc=0.9720  lr0=1.15e-05 lr1=5.74e-04
08:11:39 INFO   e2 step 13000/13847  loss=0.0949  acc=0.9720  lr0=1.15e-05 lr1=5.73e-04
08:12:03 INFO   e2 step 13050/13847  loss=0.0949  acc=0.9720  lr0=1.14e-05 lr1=5.72e-04
08:12:28 INFO   e2 step 13100/13847  loss=0.0949  acc=0.9720  lr0=1.14e-05 lr1=5.71e-04
08:12:51 INFO   e2 step 13150/13847  loss=0.0947  acc=0.9721  lr0=1.14e-05 lr1=5.70e-04
08:13:13 INFO   e2 step 13200/13847  loss=0.0946  acc=0.9721  lr0=1.14e-05 lr1=5.69e-04
08:13:36 INFO   e2 step 13250/13847  loss=0.0944  acc=0.9722  lr0=1.14e-05 lr1=5.68e-04
08:13:59 INFO   e2 step 13300/13847  loss=0.0945  acc=0.9722  lr0=1.13e-05 lr1=5.67e-04
08:14:22 INFO   e2 step 13350/13847  loss=0.0944  acc=0.9722  lr0=1.13e-05 lr1=5.66e-04
08:14:45 INFO   e2 step 13400/13847  loss=0.0942  acc=0.9723  lr0=1.13e-05 lr1=5.65e-04
08:15:08 INFO   e2 step 13450/13847  loss=0.0939  acc=0.9724  lr0=1.13e-05 lr1=5.64e-04
08:15:31 INFO   e2 step 13500/13847  loss=0.0938  acc=0.9724  lr0=1.13e-05 lr1=5.63e-04
08:15:54 INFO   e2 step 13550/13847  loss=0.0937  acc=0.9725  lr0=1.12e-05 lr1=5.62e-04
08:16:16 INFO   e2 step 13600/13847  loss=0.0934  acc=0.9726  lr0=1.12e-05 lr1=5.61e-04
08:16:38 INFO   e2 step 13650/13847  loss=0.0933  acc=0.9726  lr0=1.12e-05 lr1=5.59e-04
08:17:01 INFO   e2 step 13700/13847  loss=0.0931  acc=0.9726  lr0=1.12e-05 lr1=5.58e-04
08:17:24 INFO   e2 step 13750/13847  loss=0.0929  acc=0.9727  lr0=1.11e-05 lr1=5.57e-04
08:17:48 INFO   e2 step 13800/13847  loss=0.0926  acc=0.9727  lr0=1.11e-05 lr1=5.56e-04
08:19:47 INFO [epoch 2] train_loss=0.0924 train_acc=0.9728  val_loss=1.1392 val_acc=0.8716 val_auc=0.8977  elapsed=6462.2s
08:19:50 INFO   saved best.pt  val_acc=0.8716
08:20:13 INFO   e3 step    50/13847  loss=0.0544  acc=0.9900  lr0=1.11e-05 lr1=5.55e-04
08:20:36 INFO   e3 step   100/13847  loss=0.0488  acc=0.9888  lr0=1.11e-05 lr1=5.54e-04
08:21:00 INFO   e3 step   150/13847  loss=0.0644  acc=0.9867  lr0=1.11e-05 lr1=5.53e-04
08:21:23 INFO   e3 step   200/13847  loss=0.0642  acc=0.9856  lr0=1.10e-05 lr1=5.52e-04
08:21:45 INFO   e3 step   250/13847  loss=0.0624  acc=0.9860  lr0=1.10e-05 lr1=5.51e-04
08:22:09 INFO   e3 step   300/13847  loss=0.0558  acc=0.9862  lr0=1.10e-05 lr1=5.50e-04
08:22:32 INFO   e3 step   350/13847  loss=0.0601  acc=0.9854  lr0=1.10e-05 lr1=5.49e-04
08:22:55 INFO   e3 step   400/13847  loss=0.0560  acc=0.9862  lr0=1.10e-05 lr1=5.48e-04
08:23:18 INFO   e3 step   450/13847  loss=0.0570  acc=0.9864  lr0=1.09e-05 lr1=5.47e-04
08:23:41 INFO   e3 step   500/13847  loss=0.0581  acc=0.9860  lr0=1.09e-05 lr1=5.46e-04
08:24:03 INFO   e3 step   550/13847  loss=0.0590  acc=0.9850  lr0=1.09e-05 lr1=5.45e-04
08:24:27 INFO   e3 step   600/13847  loss=0.0564  acc=0.9848  lr0=1.09e-05 lr1=5.44e-04
08:24:49 INFO   e3 step   650/13847  loss=0.0548  acc=0.9850  lr0=1.09e-05 lr1=5.43e-04
08:25:13 INFO   e3 step   700/13847  loss=0.0527  acc=0.9854  lr0=1.08e-05 lr1=5.42e-04
08:25:36 INFO   e3 step   750/13847  loss=0.0521  acc=0.9850  lr0=1.08e-05 lr1=5.41e-04
08:26:00 INFO   e3 step   800/13847  loss=0.0518  acc=0.9852  lr0=1.08e-05 lr1=5.39e-04
08:26:24 INFO   e3 step   850/13847  loss=0.0497  acc=0.9856  lr0=1.08e-05 lr1=5.38e-04
08:26:49 INFO   e3 step   900/13847  loss=0.0488  acc=0.9857  lr0=1.07e-05 lr1=5.37e-04
08:27:11 INFO   e3 step   950/13847  loss=0.0475  acc=0.9862  lr0=1.07e-05 lr1=5.36e-04
08:27:33 INFO   e3 step  1000/13847  loss=0.0456  acc=0.9866  lr0=1.07e-05 lr1=5.35e-04
08:27:57 INFO   e3 step  1050/13847  loss=0.0438  acc=0.9870  lr0=1.07e-05 lr1=5.34e-04
08:28:19 INFO   e3 step  1100/13847  loss=0.0456  acc=0.9869  lr0=1.07e-05 lr1=5.33e-04
08:28:42 INFO   e3 step  1150/13847  loss=0.0465  acc=0.9865  lr0=1.06e-05 lr1=5.32e-04
08:29:05 INFO   e3 step  1200/13847  loss=0.0462  acc=0.9866  lr0=1.06e-05 lr1=5.31e-04
08:29:28 INFO   e3 step  1250/13847  loss=0.0489  acc=0.9862  lr0=1.06e-05 lr1=5.30e-04
08:29:51 INFO   e3 step  1300/13847  loss=0.0507  acc=0.9859  lr0=1.06e-05 lr1=5.29e-04
08:30:14 INFO   e3 step  1350/13847  loss=0.0530  acc=0.9856  lr0=1.06e-05 lr1=5.28e-04
08:30:37 INFO   e3 step  1400/13847  loss=0.0534  acc=0.9855  lr0=1.05e-05 lr1=5.27e-04
08:31:00 INFO   e3 step  1450/13847  loss=0.0528  acc=0.9858  lr0=1.05e-05 lr1=5.26e-04
08:31:23 INFO   e3 step  1500/13847  loss=0.0528  acc=0.9858  lr0=1.05e-05 lr1=5.25e-04
08:31:46 INFO   e3 step  1550/13847  loss=0.0540  acc=0.9856  lr0=1.05e-05 lr1=5.24e-04
08:32:10 INFO   e3 step  1600/13847  loss=0.0539  acc=0.9856  lr0=1.05e-05 lr1=5.23e-04
08:32:33 INFO   e3 step  1650/13847  loss=0.0537  acc=0.9855  lr0=1.04e-05 lr1=5.22e-04
08:32:56 INFO   e3 step  1700/13847  loss=0.0541  acc=0.9854  lr0=1.04e-05 lr1=5.21e-04
08:33:19 INFO   e3 step  1750/13847  loss=0.0560  acc=0.9850  lr0=1.04e-05 lr1=5.20e-04
08:33:43 INFO   e3 step  1800/13847  loss=0.0553  acc=0.9852  lr0=1.04e-05 lr1=5.19e-04
08:34:05 INFO   e3 step  1850/13847  loss=0.0563  acc=0.9853  lr0=1.04e-05 lr1=5.18e-04
08:34:28 INFO   e3 step  1900/13847  loss=0.0598  acc=0.9847  lr0=1.03e-05 lr1=5.17e-04
08:34:51 INFO   e3 step  1950/13847  loss=0.0604  acc=0.9846  lr0=1.03e-05 lr1=5.16e-04
08:35:13 INFO   e3 step  2000/13847  loss=0.0613  acc=0.9846  lr0=1.03e-05 lr1=5.15e-04
08:35:36 INFO   e3 step  2050/13847  loss=0.0612  acc=0.9846  lr0=1.03e-05 lr1=5.14e-04
08:35:58 INFO   e3 step  2100/13847  loss=0.0598  acc=0.9850  lr0=1.03e-05 lr1=5.13e-04
08:36:21 INFO   e3 step  2150/13847  loss=0.0599  acc=0.9848  lr0=1.02e-05 lr1=5.12e-04
08:36:44 INFO   e3 step  2200/13847  loss=0.0589  acc=0.9851  lr0=1.02e-05 lr1=5.11e-04
08:37:08 INFO   e3 step  2250/13847  loss=0.0594  acc=0.9851  lr0=1.02e-05 lr1=5.10e-04
08:37:30 INFO   e3 step  2300/13847  loss=0.0594  acc=0.9852  lr0=1.02e-05 lr1=5.09e-04
08:37:54 INFO   e3 step  2350/13847  loss=0.0602  acc=0.9851  lr0=1.02e-05 lr1=5.08e-04
08:38:17 INFO   e3 step  2400/13847  loss=0.0608  acc=0.9849  lr0=1.01e-05 lr1=5.07e-04
08:38:40 INFO   e3 step  2450/13847  loss=0.0602  acc=0.9848  lr0=1.01e-05 lr1=5.06e-04
08:39:02 INFO   e3 step  2500/13847  loss=0.0599  acc=0.9848  lr0=1.01e-05 lr1=5.05e-04
08:39:26 INFO   e3 step  2550/13847  loss=0.0599  acc=0.9848  lr0=1.01e-05 lr1=5.04e-04
08:39:48 INFO   e3 step  2600/13847  loss=0.0594  acc=0.9850  lr0=1.01e-05 lr1=5.03e-04
08:40:11 INFO   e3 step  2650/13847  loss=0.0592  acc=0.9850  lr0=1.00e-05 lr1=5.02e-04
08:40:34 INFO   e3 step  2700/13847  loss=0.0592  acc=0.9850  lr0=1.00e-05 lr1=5.01e-04
08:40:57 INFO   e3 step  2750/13847  loss=0.0587  acc=0.9850  lr0=1.00e-05 lr1=5.00e-04
08:41:20 INFO   e3 step  2800/13847  loss=0.0597  acc=0.9849  lr0=9.99e-06 lr1=4.99e-04
08:41:42 INFO   e3 step  2850/13847  loss=0.0596  acc=0.9848  lr0=9.97e-06 lr1=4.98e-04
08:42:05 INFO   e3 step  2900/13847  loss=0.0595  acc=0.9848  lr0=9.95e-06 lr1=4.97e-04
08:42:28 INFO   e3 step  2950/13847  loss=0.0592  acc=0.9849  lr0=9.93e-06 lr1=4.96e-04
08:42:53 INFO   e3 step  3000/13847  loss=0.0592  acc=0.9850  lr0=9.91e-06 lr1=4.95e-04
08:43:16 INFO   e3 step  3050/13847  loss=0.0597  acc=0.9850  lr0=9.89e-06 lr1=4.94e-04
08:43:38 INFO   e3 step  3100/13847  loss=0.0603  acc=0.9848  lr0=9.87e-06 lr1=4.93e-04
08:44:01 INFO   e3 step  3150/13847  loss=0.0602  acc=0.9848  lr0=9.85e-06 lr1=4.92e-04
08:44:23 INFO   e3 step  3200/13847  loss=0.0610  acc=0.9847  lr0=9.83e-06 lr1=4.91e-04
08:44:47 INFO   e3 step  3250/13847  loss=0.0604  acc=0.9848  lr0=9.81e-06 lr1=4.90e-04
08:45:10 INFO   e3 step  3300/13847  loss=0.0596  acc=0.9850  lr0=9.79e-06 lr1=4.89e-04
08:45:32 INFO   e3 step  3350/13847  loss=0.0594  acc=0.9851  lr0=9.77e-06 lr1=4.88e-04
08:45:54 INFO   e3 step  3400/13847  loss=0.0596  acc=0.9852  lr0=9.75e-06 lr1=4.87e-04
08:46:17 INFO   e3 step  3450/13847  loss=0.0595  acc=0.9853  lr0=9.73e-06 lr1=4.86e-04
08:46:40 INFO   e3 step  3500/13847  loss=0.0595  acc=0.9853  lr0=9.71e-06 lr1=4.85e-04
08:47:03 INFO   e3 step  3550/13847  loss=0.0591  acc=0.9854  lr0=9.69e-06 lr1=4.84e-04
08:47:26 INFO   e3 step  3600/13847  loss=0.0591  acc=0.9855  lr0=9.67e-06 lr1=4.83e-04
08:47:48 INFO   e3 step  3650/13847  loss=0.0589  acc=0.9855  lr0=9.65e-06 lr1=4.82e-04
08:48:12 INFO   e3 step  3700/13847  loss=0.0587  acc=0.9856  lr0=9.63e-06 lr1=4.81e-04
08:48:35 INFO   e3 step  3750/13847  loss=0.0588  acc=0.9856  lr0=9.61e-06 lr1=4.80e-04
08:48:57 INFO   e3 step  3800/13847  loss=0.0590  acc=0.9857  lr0=9.59e-06 lr1=4.79e-04
08:49:20 INFO   e3 step  3850/13847  loss=0.0591  acc=0.9856  lr0=9.57e-06 lr1=4.78e-04
08:49:43 INFO   e3 step  3900/13847  loss=0.0587  acc=0.9856  lr0=9.55e-06 lr1=4.77e-04
08:50:06 INFO   e3 step  3950/13847  loss=0.0582  acc=0.9857  lr0=9.53e-06 lr1=4.76e-04
08:50:29 INFO   e3 step  4000/13847  loss=0.0579  acc=0.9857  lr0=9.51e-06 lr1=4.75e-04
08:50:53 INFO   e3 step  4050/13847  loss=0.0576  acc=0.9858  lr0=9.49e-06 lr1=4.74e-04
08:51:16 INFO   e3 step  4100/13847  loss=0.0570  acc=0.9859  lr0=9.47e-06 lr1=4.73e-04
08:51:38 INFO   e3 step  4150/13847  loss=0.0566  acc=0.9860  lr0=9.45e-06 lr1=4.72e-04
08:52:01 INFO   e3 step  4200/13847  loss=0.0572  acc=0.9858  lr0=9.43e-06 lr1=4.71e-04
08:52:25 INFO   e3 step  4250/13847  loss=0.0569  acc=0.9858  lr0=9.41e-06 lr1=4.70e-04
08:52:48 INFO   e3 step  4300/13847  loss=0.0565  acc=0.9859  lr0=9.39e-06 lr1=4.69e-04
08:53:10 INFO   e3 step  4350/13847  loss=0.0563  acc=0.9859  lr0=9.37e-06 lr1=4.68e-04
08:53:33 INFO   e3 step  4400/13847  loss=0.0566  acc=0.9859  lr0=9.35e-06 lr1=4.67e-04
08:53:55 INFO   e3 step  4450/13847  loss=0.0563  acc=0.9859  lr0=9.33e-06 lr1=4.66e-04
08:54:18 INFO   e3 step  4500/13847  loss=0.0558  acc=0.9861  lr0=9.31e-06 lr1=4.65e-04
08:54:41 INFO   e3 step  4550/13847  loss=0.0560  acc=0.9860  lr0=9.29e-06 lr1=4.64e-04
08:55:04 INFO   e3 step  4600/13847  loss=0.0562  acc=0.9860  lr0=9.27e-06 lr1=4.63e-04
08:55:27 INFO   e3 step  4650/13847  loss=0.0565  acc=0.9859  lr0=9.25e-06 lr1=4.62e-04
08:55:50 INFO   e3 step  4700/13847  loss=0.0567  acc=0.9858  lr0=9.23e-06 lr1=4.61e-04
08:56:13 INFO   e3 step  4750/13847  loss=0.0567  acc=0.9857  lr0=9.21e-06 lr1=4.60e-04
08:56:36 INFO   e3 step  4800/13847  loss=0.0564  acc=0.9857  lr0=9.19e-06 lr1=4.59e-04
08:56:59 INFO   e3 step  4850/13847  loss=0.0565  acc=0.9857  lr0=9.17e-06 lr1=4.58e-04
08:57:22 INFO   e3 step  4900/13847  loss=0.0568  acc=0.9856  lr0=9.15e-06 lr1=4.57e-04
08:57:46 INFO   e3 step  4950/13847  loss=0.0580  acc=0.9853  lr0=9.12e-06 lr1=4.56e-04
08:58:09 INFO   e3 step  5000/13847  loss=0.0588  acc=0.9851  lr0=9.10e-06 lr1=4.55e-04
08:58:32 INFO   e3 step  5050/13847  loss=0.0589  acc=0.9851  lr0=9.08e-06 lr1=4.54e-04
08:58:56 INFO   e3 step  5100/13847  loss=0.0601  acc=0.9850  lr0=9.06e-06 lr1=4.53e-04
08:59:19 INFO   e3 step  5150/13847  loss=0.0603  acc=0.9849  lr0=9.04e-06 lr1=4.52e-04
08:59:42 INFO   e3 step  5200/13847  loss=0.0607  acc=0.9848  lr0=9.02e-06 lr1=4.51e-04
09:00:05 INFO   e3 step  5250/13847  loss=0.0606  acc=0.9849  lr0=9.00e-06 lr1=4.50e-04
09:00:28 INFO   e3 step  5300/13847  loss=0.0607  acc=0.9848  lr0=8.98e-06 lr1=4.49e-04
09:00:51 INFO   e3 step  5350/13847  loss=0.0606  acc=0.9848  lr0=8.96e-06 lr1=4.48e-04
09:01:14 INFO   e3 step  5400/13847  loss=0.0608  acc=0.9848  lr0=8.94e-06 lr1=4.47e-04
09:01:37 INFO   e3 step  5450/13847  loss=0.0611  acc=0.9848  lr0=8.92e-06 lr1=4.46e-04
09:02:00 INFO   e3 step  5500/13847  loss=0.0610  acc=0.9849  lr0=8.90e-06 lr1=4.45e-04
09:02:23 INFO   e3 step  5550/13847  loss=0.0614  acc=0.9848  lr0=8.88e-06 lr1=4.44e-04
09:02:46 INFO   e3 step  5600/13847  loss=0.0616  acc=0.9848  lr0=8.86e-06 lr1=4.43e-04
09:03:09 INFO   e3 step  5650/13847  loss=0.0617  acc=0.9848  lr0=8.84e-06 lr1=4.42e-04
09:03:32 INFO   e3 step  5700/13847  loss=0.0616  acc=0.9848  lr0=8.82e-06 lr1=4.41e-04
09:03:55 INFO   e3 step  5750/13847  loss=0.0616  acc=0.9848  lr0=8.80e-06 lr1=4.40e-04
09:04:18 INFO   e3 step  5800/13847  loss=0.0619  acc=0.9848  lr0=8.78e-06 lr1=4.39e-04
09:04:42 INFO   e3 step  5850/13847  loss=0.0619  acc=0.9848  lr0=8.76e-06 lr1=4.38e-04
09:05:05 INFO   e3 step  5900/13847  loss=0.0619  acc=0.9848  lr0=8.74e-06 lr1=4.37e-04
09:05:27 INFO   e3 step  5950/13847  loss=0.0620  acc=0.9848  lr0=8.72e-06 lr1=4.36e-04
09:05:50 INFO   e3 step  6000/13847  loss=0.0618  acc=0.9848  lr0=8.70e-06 lr1=4.35e-04
09:06:13 INFO   e3 step  6050/13847  loss=0.0617  acc=0.9847  lr0=8.68e-06 lr1=4.34e-04
09:06:35 INFO   e3 step  6100/13847  loss=0.0616  acc=0.9847  lr0=8.66e-06 lr1=4.33e-04
09:06:58 INFO   e3 step  6150/13847  loss=0.0614  acc=0.9847  lr0=8.64e-06 lr1=4.32e-04
09:07:21 INFO   e3 step  6200/13847  loss=0.0612  acc=0.9848  lr0=8.62e-06 lr1=4.31e-04
09:07:43 INFO   e3 step  6250/13847  loss=0.0613  acc=0.9847  lr0=8.60e-06 lr1=4.30e-04
09:08:06 INFO   e3 step  6300/13847  loss=0.0609  acc=0.9848  lr0=8.58e-06 lr1=4.29e-04
09:08:29 INFO   e3 step  6350/13847  loss=0.0608  acc=0.9848  lr0=8.56e-06 lr1=4.28e-04
09:08:52 INFO   e3 step  6400/13847  loss=0.0607  acc=0.9848  lr0=8.54e-06 lr1=4.27e-04
09:09:15 INFO   e3 step  6450/13847  loss=0.0607  acc=0.9848  lr0=8.52e-06 lr1=4.26e-04
09:09:38 INFO   e3 step  6500/13847  loss=0.0604  acc=0.9849  lr0=8.50e-06 lr1=4.25e-04
09:10:01 INFO   e3 step  6550/13847  loss=0.0603  acc=0.9849  lr0=8.48e-06 lr1=4.24e-04
09:10:23 INFO   e3 step  6600/13847  loss=0.0600  acc=0.9849  lr0=8.46e-06 lr1=4.23e-04
09:10:46 INFO   e3 step  6650/13847  loss=0.0599  acc=0.9850  lr0=8.44e-06 lr1=4.22e-04
09:11:09 INFO   e3 step  6700/13847  loss=0.0602  acc=0.9849  lr0=8.42e-06 lr1=4.21e-04
09:11:33 INFO   e3 step  6750/13847  loss=0.0599  acc=0.9849  lr0=8.40e-06 lr1=4.20e-04
09:11:57 INFO   e3 step  6800/13847  loss=0.0597  acc=0.9849  lr0=8.38e-06 lr1=4.19e-04
09:12:20 INFO   e3 step  6850/13847  loss=0.0600  acc=0.9849  lr0=8.36e-06 lr1=4.18e-04
09:12:44 INFO   e3 step  6900/13847  loss=0.0598  acc=0.9849  lr0=8.34e-06 lr1=4.17e-04
09:13:06 INFO   e3 step  6950/13847  loss=0.0599  acc=0.9849  lr0=8.32e-06 lr1=4.16e-04
09:13:29 INFO   e3 step  7000/13847  loss=0.0600  acc=0.9849  lr0=8.30e-06 lr1=4.15e-04
09:13:52 INFO   e3 step  7050/13847  loss=0.0601  acc=0.9849  lr0=8.28e-06 lr1=4.14e-04
09:14:15 INFO   e3 step  7100/13847  loss=0.0601  acc=0.9849  lr0=8.26e-06 lr1=4.13e-04
09:14:38 INFO   e3 step  7150/13847  loss=0.0600  acc=0.9848  lr0=8.24e-06 lr1=4.12e-04
09:15:01 INFO   e3 step  7200/13847  loss=0.0599  acc=0.9848  lr0=8.22e-06 lr1=4.11e-04
09:15:22 INFO   e3 step  7250/13847  loss=0.0600  acc=0.9847  lr0=8.20e-06 lr1=4.10e-04
09:15:46 INFO   e3 step  7300/13847  loss=0.0603  acc=0.9846  lr0=8.18e-06 lr1=4.09e-04
09:16:10 INFO   e3 step  7350/13847  loss=0.0605  acc=0.9846  lr0=8.16e-06 lr1=4.08e-04
09:16:33 INFO   e3 step  7400/13847  loss=0.0603  acc=0.9846  lr0=8.14e-06 lr1=4.07e-04
09:16:57 INFO   e3 step  7450/13847  loss=0.0604  acc=0.9846  lr0=8.12e-06 lr1=4.06e-04
09:17:19 INFO   e3 step  7500/13847  loss=0.0604  acc=0.9846  lr0=8.10e-06 lr1=4.05e-04
09:17:43 INFO   e3 step  7550/13847  loss=0.0602  acc=0.9846  lr0=8.08e-06 lr1=4.04e-04
09:18:05 INFO   e3 step  7600/13847  loss=0.0601  acc=0.9846  lr0=8.06e-06 lr1=4.03e-04
09:18:29 INFO   e3 step  7650/13847  loss=0.0600  acc=0.9846  lr0=8.04e-06 lr1=4.02e-04
09:18:52 INFO   e3 step  7700/13847  loss=0.0599  acc=0.9846  lr0=8.02e-06 lr1=4.01e-04
09:19:15 INFO   e3 step  7750/13847  loss=0.0598  acc=0.9847  lr0=8.00e-06 lr1=4.00e-04
09:19:38 INFO   e3 step  7800/13847  loss=0.0601  acc=0.9846  lr0=7.98e-06 lr1=3.99e-04
09:20:01 INFO   e3 step  7850/13847  loss=0.0600  acc=0.9847  lr0=7.96e-06 lr1=3.98e-04
09:20:24 INFO   e3 step  7900/13847  loss=0.0599  acc=0.9847  lr0=7.94e-06 lr1=3.97e-04
09:20:46 INFO   e3 step  7950/13847  loss=0.0598  acc=0.9847  lr0=7.92e-06 lr1=3.96e-04
09:21:10 INFO   e3 step  8000/13847  loss=0.0595  acc=0.9847  lr0=7.90e-06 lr1=3.95e-04
09:21:33 INFO   e3 step  8050/13847  loss=0.0593  acc=0.9847  lr0=7.88e-06 lr1=3.94e-04
09:21:56 INFO   e3 step  8100/13847  loss=0.0592  acc=0.9847  lr0=7.86e-06 lr1=3.93e-04
09:22:19 INFO   e3 step  8150/13847  loss=0.0592  acc=0.9847  lr0=7.84e-06 lr1=3.92e-04
09:22:42 INFO   e3 step  8200/13847  loss=0.0590  acc=0.9847  lr0=7.82e-06 lr1=3.91e-04
09:23:05 INFO   e3 step  8250/13847  loss=0.0590  acc=0.9846  lr0=7.80e-06 lr1=3.90e-04
09:23:29 INFO   e3 step  8300/13847  loss=0.0589  acc=0.9846  lr0=7.78e-06 lr1=3.89e-04
09:23:52 INFO   e3 step  8350/13847  loss=0.0587  acc=0.9847  lr0=7.76e-06 lr1=3.88e-04
09:24:15 INFO   e3 step  8400/13847  loss=0.0587  acc=0.9846  lr0=7.74e-06 lr1=3.87e-04
09:24:39 INFO   e3 step  8450/13847  loss=0.0586  acc=0.9846  lr0=7.72e-06 lr1=3.86e-04
09:25:01 INFO   e3 step  8500/13847  loss=0.0585  acc=0.9846  lr0=7.70e-06 lr1=3.85e-04
09:25:24 INFO   e3 step  8550/13847  loss=0.0582  acc=0.9847  lr0=7.68e-06 lr1=3.84e-04
09:25:47 INFO   e3 step  8600/13847  loss=0.0581  acc=0.9847  lr0=7.66e-06 lr1=3.83e-04
09:26:09 INFO   e3 step  8650/13847  loss=0.0580  acc=0.9847  lr0=7.64e-06 lr1=3.82e-04
09:26:33 INFO   e3 step  8700/13847  loss=0.0578  acc=0.9848  lr0=7.62e-06 lr1=3.81e-04
09:26:55 INFO   e3 step  8750/13847  loss=0.0577  acc=0.9848  lr0=7.60e-06 lr1=3.80e-04
09:27:18 INFO   e3 step  8800/13847  loss=0.0575  acc=0.9849  lr0=7.58e-06 lr1=3.79e-04
09:27:41 INFO   e3 step  8850/13847  loss=0.0576  acc=0.9849  lr0=7.56e-06 lr1=3.78e-04
09:28:05 INFO   e3 step  8900/13847  loss=0.0573  acc=0.9849  lr0=7.54e-06 lr1=3.77e-04
09:28:28 INFO   e3 step  8950/13847  loss=0.0573  acc=0.9849  lr0=7.52e-06 lr1=3.76e-04
09:28:52 INFO   e3 step  9000/13847  loss=0.0573  acc=0.9849  lr0=7.50e-06 lr1=3.75e-04
09:29:14 INFO   e3 step  9050/13847  loss=0.0571  acc=0.9849  lr0=7.48e-06 lr1=3.74e-04
09:29:37 INFO   e3 step  9100/13847  loss=0.0570  acc=0.9850  lr0=7.46e-06 lr1=3.73e-04
09:30:01 INFO   e3 step  9150/13847  loss=0.0570  acc=0.9850  lr0=7.44e-06 lr1=3.72e-04
09:30:23 INFO   e3 step  9200/13847  loss=0.0568  acc=0.9850  lr0=7.42e-06 lr1=3.71e-04
09:30:47 INFO   e3 step  9250/13847  loss=0.0568  acc=0.9850  lr0=7.40e-06 lr1=3.70e-04
09:31:10 INFO   e3 step  9300/13847  loss=0.0568  acc=0.9850  lr0=7.38e-06 lr1=3.69e-04
09:31:34 INFO   e3 step  9350/13847  loss=0.0567  acc=0.9850  lr0=7.36e-06 lr1=3.68e-04
09:31:57 INFO   e3 step  9400/13847  loss=0.0565  acc=0.9851  lr0=7.34e-06 lr1=3.67e-04
09:32:19 INFO   e3 step  9450/13847  loss=0.0564  acc=0.9851  lr0=7.32e-06 lr1=3.66e-04
09:32:43 INFO   e3 step  9500/13847  loss=0.0564  acc=0.9851  lr0=7.30e-06 lr1=3.65e-04
09:33:06 INFO   e3 step  9550/13847  loss=0.0567  acc=0.9851  lr0=7.28e-06 lr1=3.64e-04
09:33:29 INFO   e3 step  9600/13847  loss=0.0567  acc=0.9851  lr0=7.26e-06 lr1=3.63e-04
09:33:52 INFO   e3 step  9650/13847  loss=0.0566  acc=0.9851  lr0=7.24e-06 lr1=3.62e-04
09:34:15 INFO   e3 step  9700/13847  loss=0.0566  acc=0.9851  lr0=7.22e-06 lr1=3.61e-04
09:34:38 INFO   e3 step  9750/13847  loss=0.0564  acc=0.9852  lr0=7.20e-06 lr1=3.60e-04
09:35:01 INFO   e3 step  9800/13847  loss=0.0567  acc=0.9851  lr0=7.18e-06 lr1=3.59e-04
09:35:24 INFO   e3 step  9850/13847  loss=0.0567  acc=0.9851  lr0=7.16e-06 lr1=3.58e-04
09:35:47 INFO   e3 step  9900/13847  loss=0.0566  acc=0.9852  lr0=7.14e-06 lr1=3.57e-04
09:36:10 INFO   e3 step  9950/13847  loss=0.0568  acc=0.9852  lr0=7.12e-06 lr1=3.56e-04
09:36:33 INFO   e3 step 10000/13847  loss=0.0569  acc=0.9852  lr0=7.10e-06 lr1=3.55e-04
09:36:56 INFO   e3 step 10050/13847  loss=0.0568  acc=0.9851  lr0=7.08e-06 lr1=3.54e-04
09:37:19 INFO   e3 step 10100/13847  loss=0.0567  acc=0.9852  lr0=7.06e-06 lr1=3.53e-04
09:37:41 INFO   e3 step 10150/13847  loss=0.0566  acc=0.9852  lr0=7.04e-06 lr1=3.52e-04
09:38:04 INFO   e3 step 10200/13847  loss=0.0565  acc=0.9852  lr0=7.02e-06 lr1=3.51e-04
09:38:27 INFO   e3 step 10250/13847  loss=0.0564  acc=0.9852  lr0=7.00e-06 lr1=3.50e-04
09:38:51 INFO   e3 step 10300/13847  loss=0.0563  acc=0.9852  lr0=6.98e-06 lr1=3.49e-04
09:39:13 INFO   e3 step 10350/13847  loss=0.0562  acc=0.9853  lr0=6.96e-06 lr1=3.48e-04
09:39:36 INFO   e3 step 10400/13847  loss=0.0561  acc=0.9853  lr0=6.94e-06 lr1=3.47e-04
09:39:58 INFO   e3 step 10450/13847  loss=0.0560  acc=0.9853  lr0=6.92e-06 lr1=3.46e-04
09:40:21 INFO   e3 step 10500/13847  loss=0.0558  acc=0.9853  lr0=6.90e-06 lr1=3.45e-04
09:40:44 INFO   e3 step 10550/13847  loss=0.0558  acc=0.9853  lr0=6.88e-06 lr1=3.44e-04
09:41:06 INFO   e3 step 10600/13847  loss=0.0558  acc=0.9854  lr0=6.86e-06 lr1=3.43e-04
09:41:29 INFO   e3 step 10650/13847  loss=0.0559  acc=0.9854  lr0=6.84e-06 lr1=3.42e-04
09:41:52 INFO   e3 step 10700/13847  loss=0.0559  acc=0.9854  lr0=6.82e-06 lr1=3.41e-04
09:42:15 INFO   e3 step 10750/13847  loss=0.0561  acc=0.9853  lr0=6.80e-06 lr1=3.40e-04
09:42:38 INFO   e3 step 10800/13847  loss=0.0563  acc=0.9853  lr0=6.78e-06 lr1=3.39e-04
09:43:01 INFO   e3 step 10850/13847  loss=0.0562  acc=0.9853  lr0=6.76e-06 lr1=3.38e-04
09:43:23 INFO   e3 step 10900/13847  loss=0.0561  acc=0.9853  lr0=6.74e-06 lr1=3.37e-04
09:43:46 INFO   e3 step 10950/13847  loss=0.0560  acc=0.9854  lr0=6.72e-06 lr1=3.36e-04
09:44:10 INFO   e3 step 11000/13847  loss=0.0562  acc=0.9854  lr0=6.70e-06 lr1=3.35e-04
09:44:34 INFO   e3 step 11050/13847  loss=0.0560  acc=0.9854  lr0=6.68e-06 lr1=3.34e-04
09:44:57 INFO   e3 step 11100/13847  loss=0.0558  acc=0.9855  lr0=6.66e-06 lr1=3.33e-04
09:45:20 INFO   e3 step 11150/13847  loss=0.0557  acc=0.9855  lr0=6.64e-06 lr1=3.32e-04
09:45:44 INFO   e3 step 11200/13847  loss=0.0558  acc=0.9855  lr0=6.62e-06 lr1=3.31e-04
09:46:06 INFO   e3 step 11250/13847  loss=0.0559  acc=0.9854  lr0=6.60e-06 lr1=3.30e-04
09:46:29 INFO   e3 step 11300/13847  loss=0.0558  acc=0.9854  lr0=6.58e-06 lr1=3.29e-04
09:46:52 INFO   e3 step 11350/13847  loss=0.0558  acc=0.9854  lr0=6.56e-06 lr1=3.28e-04
09:47:15 INFO   e3 step 11400/13847  loss=0.0557  acc=0.9854  lr0=6.54e-06 lr1=3.27e-04
09:47:39 INFO   e3 step 11450/13847  loss=0.0556  acc=0.9854  lr0=6.52e-06 lr1=3.26e-04
09:48:02 INFO   e3 step 11500/13847  loss=0.0555  acc=0.9854  lr0=6.50e-06 lr1=3.25e-04
09:48:26 INFO   e3 step 11550/13847  loss=0.0553  acc=0.9855  lr0=6.48e-06 lr1=3.24e-04
09:48:48 INFO   e3 step 11600/13847  loss=0.0551  acc=0.9855  lr0=6.46e-06 lr1=3.23e-04
09:49:11 INFO   e3 step 11650/13847  loss=0.0551  acc=0.9855  lr0=6.44e-06 lr1=3.22e-04
09:49:34 INFO   e3 step 11700/13847  loss=0.0550  acc=0.9855  lr0=6.42e-06 lr1=3.21e-04
09:49:56 INFO   e3 step 11750/13847  loss=0.0550  acc=0.9855  lr0=6.40e-06 lr1=3.20e-04
09:50:19 INFO   e3 step 11800/13847  loss=0.0548  acc=0.9855  lr0=6.38e-06 lr1=3.19e-04
09:50:41 INFO   e3 step 11850/13847  loss=0.0547  acc=0.9855  lr0=6.36e-06 lr1=3.18e-04
09:51:04 INFO   e3 step 11900/13847  loss=0.0546  acc=0.9856  lr0=6.34e-06 lr1=3.17e-04
09:51:27 INFO   e3 step 11950/13847  loss=0.0545  acc=0.9855  lr0=6.32e-06 lr1=3.16e-04
09:51:50 INFO   e3 step 12000/13847  loss=0.0544  acc=0.9855  lr0=6.30e-06 lr1=3.15e-04
09:52:12 INFO   e3 step 12050/13847  loss=0.0543  acc=0.9856  lr0=6.28e-06 lr1=3.14e-04
09:52:35 INFO   e3 step 12100/13847  loss=0.0542  acc=0.9856  lr0=6.26e-06 lr1=3.13e-04
09:52:59 INFO   e3 step 12150/13847  loss=0.0541  acc=0.9856  lr0=6.24e-06 lr1=3.12e-04
09:53:21 INFO   e3 step 12200/13847  loss=0.0540  acc=0.9856  lr0=6.22e-06 lr1=3.11e-04
09:53:44 INFO   e3 step 12250/13847  loss=0.0541  acc=0.9856  lr0=6.20e-06 lr1=3.10e-04
09:54:06 INFO   e3 step 12300/13847  loss=0.0540  acc=0.9856  lr0=6.18e-06 lr1=3.09e-04
09:54:29 INFO   e3 step 12350/13847  loss=0.0538  acc=0.9857  lr0=6.16e-06 lr1=3.08e-04
09:54:52 INFO   e3 step 12400/13847  loss=0.0539  acc=0.9857  lr0=6.14e-06 lr1=3.07e-04
09:55:15 INFO   e3 step 12450/13847  loss=0.0537  acc=0.9857  lr0=6.12e-06 lr1=3.06e-04
09:55:39 INFO   e3 step 12500/13847  loss=0.0537  acc=0.9857  lr0=6.10e-06 lr1=3.05e-04
09:56:03 INFO   e3 step 12550/13847  loss=0.0536  acc=0.9857  lr0=6.08e-06 lr1=3.04e-04
09:56:26 INFO   e3 step 12600/13847  loss=0.0534  acc=0.9857  lr0=6.06e-06 lr1=3.03e-04
09:56:49 INFO   e3 step 12650/13847  loss=0.0534  acc=0.9857  lr0=6.04e-06 lr1=3.02e-04
09:57:13 INFO   e3 step 12700/13847  loss=0.0533  acc=0.9857  lr0=6.02e-06 lr1=3.01e-04
09:57:36 INFO   e3 step 12750/13847  loss=0.0532  acc=0.9857  lr0=6.00e-06 lr1=3.00e-04
09:58:00 INFO   e3 step 12800/13847  loss=0.0531  acc=0.9857  lr0=5.98e-06 lr1=2.99e-04
09:58:22 INFO   e3 step 12850/13847  loss=0.0530  acc=0.9858  lr0=5.96e-06 lr1=2.98e-04
09:58:46 INFO   e3 step 12900/13847  loss=0.0529  acc=0.9858  lr0=5.94e-06 lr1=2.97e-04
09:59:09 INFO   e3 step 12950/13847  loss=0.0529  acc=0.9858  lr0=5.92e-06 lr1=2.96e-04
09:59:32 INFO   e3 step 13000/13847  loss=0.0527  acc=0.9859  lr0=5.90e-06 lr1=2.95e-04
09:59:55 INFO   e3 step 13050/13847  loss=0.0526  acc=0.9859  lr0=5.88e-06 lr1=2.94e-04
10:00:18 INFO   e3 step 13100/13847  loss=0.0527  acc=0.9859  lr0=5.86e-06 lr1=2.93e-04
10:00:41 INFO   e3 step 13150/13847  loss=0.0527  acc=0.9859  lr0=5.84e-06 lr1=2.92e-04
10:01:04 INFO   e3 step 13200/13847  loss=0.0526  acc=0.9859  lr0=5.82e-06 lr1=2.91e-04
10:01:27 INFO   e3 step 13250/13847  loss=0.0527  acc=0.9860  lr0=5.79e-06 lr1=2.90e-04
10:01:50 INFO   e3 step 13300/13847  loss=0.0527  acc=0.9860  lr0=5.77e-06 lr1=2.89e-04
10:02:14 INFO   e3 step 13350/13847  loss=0.0527  acc=0.9860  lr0=5.75e-06 lr1=2.88e-04
10:02:36 INFO   e3 step 13400/13847  loss=0.0526  acc=0.9860  lr0=5.73e-06 lr1=2.87e-04
10:03:00 INFO   e3 step 13450/13847  loss=0.0526  acc=0.9860  lr0=5.71e-06 lr1=2.86e-04
10:03:22 INFO   e3 step 13500/13847  loss=0.0525  acc=0.9860  lr0=5.69e-06 lr1=2.85e-04
10:03:46 INFO   e3 step 13550/13847  loss=0.0525  acc=0.9860  lr0=5.67e-06 lr1=2.84e-04
10:04:08 INFO   e3 step 13600/13847  loss=0.0524  acc=0.9861  lr0=5.65e-06 lr1=2.83e-04
10:04:32 INFO   e3 step 13650/13847  loss=0.0524  acc=0.9861  lr0=5.63e-06 lr1=2.82e-04
10:04:56 INFO   e3 step 13700/13847  loss=0.0523  acc=0.9861  lr0=5.61e-06 lr1=2.81e-04
10:05:19 INFO   e3 step 13750/13847  loss=0.0522  acc=0.9861  lr0=5.59e-06 lr1=2.80e-04
10:05:41 INFO   e3 step 13800/13847  loss=0.0521  acc=0.9862  lr0=5.57e-06 lr1=2.79e-04
10:07:41 INFO [epoch 3] train_loss=0.0522 train_acc=0.9862  val_loss=0.8111 val_acc=0.8831 val_auc=0.9200  elapsed=6471.3s
10:07:44 INFO   saved best.pt  val_acc=0.8831
10:08:07 INFO   e4 step    50/13847  loss=0.0437  acc=0.9900  lr0=5.54e-06 lr1=2.77e-04
10:08:30 INFO   e4 step   100/13847  loss=0.0497  acc=0.9875  lr0=5.52e-06 lr1=2.76e-04
10:08:52 INFO   e4 step   150/13847  loss=0.0517  acc=0.9875  lr0=5.50e-06 lr1=2.75e-04
10:09:15 INFO   e4 step   200/13847  loss=0.0450  acc=0.9881  lr0=5.48e-06 lr1=2.74e-04
10:09:38 INFO   e4 step   250/13847  loss=0.0390  acc=0.9900  lr0=5.46e-06 lr1=2.73e-04
10:10:01 INFO   e4 step   300/13847  loss=0.0410  acc=0.9888  lr0=5.44e-06 lr1=2.72e-04
10:10:25 INFO   e4 step   350/13847  loss=0.0387  acc=0.9886  lr0=5.42e-06 lr1=2.71e-04
10:10:48 INFO   e4 step   400/13847  loss=0.0420  acc=0.9884  lr0=5.39e-06 lr1=2.70e-04
10:11:11 INFO   e4 step   450/13847  loss=0.0413  acc=0.9889  lr0=5.37e-06 lr1=2.69e-04
10:11:33 INFO   e4 step   500/13847  loss=0.0428  acc=0.9890  lr0=5.35e-06 lr1=2.68e-04
10:11:56 INFO   e4 step   550/13847  loss=0.0392  acc=0.9900  lr0=5.33e-06 lr1=2.67e-04
10:12:19 INFO   e4 step   600/13847  loss=0.0424  acc=0.9890  lr0=5.31e-06 lr1=2.66e-04
10:12:42 INFO   e4 step   650/13847  loss=0.0420  acc=0.9888  lr0=5.29e-06 lr1=2.65e-04
10:13:05 INFO   e4 step   700/13847  loss=0.0395  acc=0.9895  lr0=5.27e-06 lr1=2.64e-04
10:13:29 INFO   e4 step   750/13847  loss=0.0393  acc=0.9893  lr0=5.25e-06 lr1=2.63e-04
10:13:52 INFO   e4 step   800/13847  loss=0.0395  acc=0.9888  lr0=5.23e-06 lr1=2.62e-04
10:14:16 INFO   e4 step   850/13847  loss=0.0398  acc=0.9885  lr0=5.21e-06 lr1=2.61e-04
10:14:39 INFO   e4 step   900/13847  loss=0.0393  acc=0.9885  lr0=5.19e-06 lr1=2.60e-04
10:15:02 INFO   e4 step   950/13847  loss=0.0388  acc=0.9887  lr0=5.17e-06 lr1=2.59e-04
10:15:25 INFO   e4 step  1000/13847  loss=0.0391  acc=0.9886  lr0=5.15e-06 lr1=2.58e-04
10:15:47 INFO   e4 step  1050/13847  loss=0.0391  acc=0.9885  lr0=5.13e-06 lr1=2.57e-04
10:16:09 INFO   e4 step  1100/13847  loss=0.0382  acc=0.9888  lr0=5.11e-06 lr1=2.56e-04
10:16:32 INFO   e4 step  1150/13847  loss=0.0383  acc=0.9886  lr0=5.09e-06 lr1=2.55e-04
10:16:55 INFO   e4 step  1200/13847  loss=0.0397  acc=0.9884  lr0=5.07e-06 lr1=2.54e-04
10:17:18 INFO   e4 step  1250/13847  loss=0.0416  acc=0.9882  lr0=5.05e-06 lr1=2.53e-04
10:17:41 INFO   e4 step  1300/13847  loss=0.0411  acc=0.9884  lr0=5.03e-06 lr1=2.52e-04
10:18:05 INFO   e4 step  1350/13847  loss=0.0407  acc=0.9884  lr0=5.01e-06 lr1=2.51e-04
10:18:27 INFO   e4 step  1400/13847  loss=0.0420  acc=0.9881  lr0=4.99e-06 lr1=2.50e-04
10:18:50 INFO   e4 step  1450/13847  loss=0.0421  acc=0.9882  lr0=4.97e-06 lr1=2.49e-04
10:19:14 INFO   e4 step  1500/13847  loss=0.0427  acc=0.9881  lr0=4.95e-06 lr1=2.48e-04
10:19:37 INFO   e4 step  1550/13847  loss=0.0426  acc=0.9883  lr0=4.93e-06 lr1=2.47e-04
10:20:00 INFO   e4 step  1600/13847  loss=0.0425  acc=0.9884  lr0=4.91e-06 lr1=2.46e-04
10:20:23 INFO   e4 step  1650/13847  loss=0.0421  acc=0.9880  lr0=4.89e-06 lr1=2.45e-04
10:20:46 INFO   e4 step  1700/13847  loss=0.0427  acc=0.9881  lr0=4.87e-06 lr1=2.44e-04
10:21:08 INFO   e4 step  1750/13847  loss=0.0426  acc=0.9883  lr0=4.85e-06 lr1=2.43e-04
10:21:31 INFO   e4 step  1800/13847  loss=0.0423  acc=0.9882  lr0=4.83e-06 lr1=2.42e-04
10:21:53 INFO   e4 step  1850/13847  loss=0.0420  acc=0.9882  lr0=4.81e-06 lr1=2.41e-04
10:22:16 INFO   e4 step  1900/13847  loss=0.0419  acc=0.9883  lr0=4.79e-06 lr1=2.40e-04
10:22:39 INFO   e4 step  1950/13847  loss=0.0415  acc=0.9883  lr0=4.77e-06 lr1=2.39e-04
10:23:03 INFO   e4 step  2000/13847  loss=0.0420  acc=0.9883  lr0=4.75e-06 lr1=2.38e-04
10:23:26 INFO   e4 step  2050/13847  loss=0.0429  acc=0.9881  lr0=4.73e-06 lr1=2.37e-04
10:23:48 INFO   e4 step  2100/13847  loss=0.0429  acc=0.9881  lr0=4.71e-06 lr1=2.36e-04
10:24:12 INFO   e4 step  2150/13847  loss=0.0430  acc=0.9881  lr0=4.69e-06 lr1=2.35e-04
10:24:34 INFO   e4 step  2200/13847  loss=0.0427  acc=0.9882  lr0=4.67e-06 lr1=2.34e-04
10:24:57 INFO   e4 step  2250/13847  loss=0.0426  acc=0.9882  lr0=4.65e-06 lr1=2.33e-04
10:25:20 INFO   e4 step  2300/13847  loss=0.0428  acc=0.9883  lr0=4.63e-06 lr1=2.32e-04
10:25:43 INFO   e4 step  2350/13847  loss=0.0423  acc=0.9884  lr0=4.61e-06 lr1=2.31e-04
10:26:06 INFO   e4 step  2400/13847  loss=0.0421  acc=0.9884  lr0=4.59e-06 lr1=2.30e-04
10:26:29 INFO   e4 step  2450/13847  loss=0.0428  acc=0.9884  lr0=4.57e-06 lr1=2.29e-04
10:26:52 INFO   e4 step  2500/13847  loss=0.0420  acc=0.9887  lr0=4.55e-06 lr1=2.28e-04
10:27:15 INFO   e4 step  2550/13847  loss=0.0420  acc=0.9885  lr0=4.53e-06 lr1=2.27e-04
10:27:38 INFO   e4 step  2600/13847  loss=0.0417  acc=0.9885  lr0=4.51e-06 lr1=2.26e-04
10:28:01 INFO   e4 step  2650/13847  loss=0.0420  acc=0.9884  lr0=4.49e-06 lr1=2.25e-04
10:28:24 INFO   e4 step  2700/13847  loss=0.0416  acc=0.9884  lr0=4.47e-06 lr1=2.24e-04
10:28:46 INFO   e4 step  2750/13847  loss=0.0419  acc=0.9882  lr0=4.45e-06 lr1=2.23e-04
10:29:09 INFO   e4 step  2800/13847  loss=0.0414  acc=0.9884  lr0=4.43e-06 lr1=2.22e-04
10:29:33 INFO   e4 step  2850/13847  loss=0.0413  acc=0.9883  lr0=4.41e-06 lr1=2.21e-04
10:29:56 INFO   e4 step  2900/13847  loss=0.0417  acc=0.9882  lr0=4.39e-06 lr1=2.20e-04
10:30:19 INFO   e4 step  2950/13847  loss=0.0415  acc=0.9883  lr0=4.37e-06 lr1=2.19e-04
10:30:42 INFO   e4 step  3000/13847  loss=0.0411  acc=0.9883  lr0=4.35e-06 lr1=2.18e-04
10:31:05 INFO   e4 step  3050/13847  loss=0.0409  acc=0.9883  lr0=4.33e-06 lr1=2.17e-04
10:31:28 INFO   e4 step  3100/13847  loss=0.0406  acc=0.9884  lr0=4.31e-06 lr1=2.16e-04
10:31:51 INFO   e4 step  3150/13847  loss=0.0403  acc=0.9885  lr0=4.29e-06 lr1=2.15e-04
10:32:14 INFO   e4 step  3200/13847  loss=0.0399  acc=0.9886  lr0=4.27e-06 lr1=2.14e-04
10:32:38 INFO   e4 step  3250/13847  loss=0.0398  acc=0.9885  lr0=4.25e-06 lr1=2.13e-04
10:33:01 INFO   e4 step  3300/13847  loss=0.0399  acc=0.9884  lr0=4.23e-06 lr1=2.12e-04
10:33:25 INFO   e4 step  3350/13847  loss=0.0393  acc=0.9886  lr0=4.21e-06 lr1=2.11e-04
10:33:47 INFO   e4 step  3400/13847  loss=0.0390  acc=0.9887  lr0=4.19e-06 lr1=2.10e-04
10:34:11 INFO   e4 step  3450/13847  loss=0.0391  acc=0.9887  lr0=4.17e-06 lr1=2.09e-04
10:34:34 INFO   e4 step  3500/13847  loss=0.0387  acc=0.9888  lr0=4.15e-06 lr1=2.08e-04
10:34:57 INFO   e4 step  3550/13847  loss=0.0384  acc=0.9888  lr0=4.13e-06 lr1=2.07e-04
10:35:19 INFO   e4 step  3600/13847  loss=0.0384  acc=0.9889  lr0=4.11e-06 lr1=2.06e-04
10:35:42 INFO   e4 step  3650/13847  loss=0.0384  acc=0.9888  lr0=4.09e-06 lr1=2.05e-04
10:36:05 INFO   e4 step  3700/13847  loss=0.0382  acc=0.9888  lr0=4.07e-06 lr1=2.04e-04
10:36:28 INFO   e4 step  3750/13847  loss=0.0382  acc=0.9887  lr0=4.05e-06 lr1=2.03e-04
10:36:51 INFO   e4 step  3800/13847  loss=0.0382  acc=0.9888  lr0=4.03e-06 lr1=2.02e-04
10:37:14 INFO   e4 step  3850/13847  loss=0.0383  acc=0.9887  lr0=4.01e-06 lr1=2.01e-04
10:37:37 INFO   e4 step  3900/13847  loss=0.0382  acc=0.9887  lr0=3.99e-06 lr1=2.00e-04
10:37:59 INFO   e4 step  3950/13847  loss=0.0378  acc=0.9888  lr0=3.97e-06 lr1=1.99e-04
10:38:22 INFO   e4 step  4000/13847  loss=0.0375  acc=0.9888  lr0=3.95e-06 lr1=1.98e-04
10:38:45 INFO   e4 step  4050/13847  loss=0.0375  acc=0.9889  lr0=3.93e-06 lr1=1.97e-04
10:39:08 INFO   e4 step  4100/13847  loss=0.0373  acc=0.9889  lr0=3.91e-06 lr1=1.96e-04
10:39:31 INFO   e4 step  4150/13847  loss=0.0370  acc=0.9889  lr0=3.89e-06 lr1=1.95e-04
10:39:54 INFO   e4 step  4200/13847  loss=0.0367  acc=0.9890  lr0=3.87e-06 lr1=1.94e-04
10:40:17 INFO   e4 step  4250/13847  loss=0.0363  acc=0.9891  lr0=3.85e-06 lr1=1.93e-04
10:40:40 INFO   e4 step  4300/13847  loss=0.0361  acc=0.9892  lr0=3.83e-06 lr1=1.92e-04
10:41:02 INFO   e4 step  4350/13847  loss=0.0358  acc=0.9892  lr0=3.81e-06 lr1=1.91e-04
10:41:25 INFO   e4 step  4400/13847  loss=0.0357  acc=0.9892  lr0=3.79e-06 lr1=1.90e-04
10:41:48 INFO   e4 step  4450/13847  loss=0.0356  acc=0.9892  lr0=3.77e-06 lr1=1.89e-04
10:42:10 INFO   e4 step  4500/13847  loss=0.0354  acc=0.9892  lr0=3.75e-06 lr1=1.88e-04
10:42:33 INFO   e4 step  4550/13847  loss=0.0353  acc=0.9893  lr0=3.73e-06 lr1=1.86e-04
10:42:56 INFO   e4 step  4600/13847  loss=0.0353  acc=0.9892  lr0=3.71e-06 lr1=1.85e-04
10:43:18 INFO   e4 step  4650/13847  loss=0.0351  acc=0.9892  lr0=3.69e-06 lr1=1.84e-04
10:43:42 INFO   e4 step  4700/13847  loss=0.0350  acc=0.9891  lr0=3.67e-06 lr1=1.83e-04
10:44:05 INFO   e4 step  4750/13847  loss=0.0351  acc=0.9892  lr0=3.65e-06 lr1=1.82e-04
10:44:27 INFO   e4 step  4800/13847  loss=0.0353  acc=0.9891  lr0=3.63e-06 lr1=1.81e-04
10:44:50 INFO   e4 step  4850/13847  loss=0.0355  acc=0.9890  lr0=3.61e-06 lr1=1.80e-04
10:45:13 INFO   e4 step  4900/13847  loss=0.0356  acc=0.9891  lr0=3.59e-06 lr1=1.79e-04
10:45:36 INFO   e4 step  4950/13847  loss=0.0353  acc=0.9891  lr0=3.57e-06 lr1=1.78e-04
10:46:00 INFO   e4 step  5000/13847  loss=0.0352  acc=0.9891  lr0=3.55e-06 lr1=1.77e-04
10:46:23 INFO   e4 step  5050/13847  loss=0.0350  acc=0.9892  lr0=3.53e-06 lr1=1.76e-04
10:46:45 INFO   e4 step  5100/13847  loss=0.0350  acc=0.9891  lr0=3.51e-06 lr1=1.75e-04
10:47:09 INFO   e4 step  5150/13847  loss=0.0351  acc=0.9891  lr0=3.49e-06 lr1=1.74e-04
10:47:31 INFO   e4 step  5200/13847  loss=0.0350  acc=0.9890  lr0=3.47e-06 lr1=1.73e-04
10:47:53 INFO   e4 step  5250/13847  loss=0.0348  acc=0.9890  lr0=3.45e-06 lr1=1.72e-04
10:48:16 INFO   e4 step  5300/13847  loss=0.0347  acc=0.9890  lr0=3.43e-06 lr1=1.71e-04
10:48:40 INFO   e4 step  5350/13847  loss=0.0345  acc=0.9890  lr0=3.41e-06 lr1=1.70e-04
10:49:03 INFO   e4 step  5400/13847  loss=0.0345  acc=0.9890  lr0=3.39e-06 lr1=1.69e-04
10:49:25 INFO   e4 step  5450/13847  loss=0.0344  acc=0.9890  lr0=3.37e-06 lr1=1.68e-04
10:49:49 INFO   e4 step  5500/13847  loss=0.0344  acc=0.9889  lr0=3.35e-06 lr1=1.67e-04
10:50:12 INFO   e4 step  5550/13847  loss=0.0343  acc=0.9889  lr0=3.33e-06 lr1=1.66e-04
10:50:35 INFO   e4 step  5600/13847  loss=0.0340  acc=0.9890  lr0=3.31e-06 lr1=1.65e-04
10:50:59 INFO   e4 step  5650/13847  loss=0.0339  acc=0.9891  lr0=3.29e-06 lr1=1.64e-04
10:51:22 INFO   e4 step  5700/13847  loss=0.0338  acc=0.9891  lr0=3.27e-06 lr1=1.63e-04
10:51:44 INFO   e4 step  5750/13847  loss=0.0338  acc=0.9891  lr0=3.25e-06 lr1=1.62e-04
10:52:08 INFO   e4 step  5800/13847  loss=0.0337  acc=0.9890  lr0=3.23e-06 lr1=1.61e-04
10:52:30 INFO   e4 step  5850/13847  loss=0.0336  acc=0.9890  lr0=3.21e-06 lr1=1.60e-04
10:52:53 INFO   e4 step  5900/13847  loss=0.0335  acc=0.9890  lr0=3.19e-06 lr1=1.59e-04
10:53:16 INFO   e4 step  5950/13847  loss=0.0335  acc=0.9891  lr0=3.17e-06 lr1=1.58e-04
10:53:39 INFO   e4 step  6000/13847  loss=0.0334  acc=0.9890  lr0=3.15e-06 lr1=1.57e-04
10:54:02 INFO   e4 step  6050/13847  loss=0.0333  acc=0.9891  lr0=3.13e-06 lr1=1.56e-04
10:54:26 INFO   e4 step  6100/13847  loss=0.0331  acc=0.9891  lr0=3.11e-06 lr1=1.55e-04
10:54:50 INFO   e4 step  6150/13847  loss=0.0329  acc=0.9892  lr0=3.09e-06 lr1=1.54e-04
10:55:13 INFO   e4 step  6200/13847  loss=0.0329  acc=0.9892  lr0=3.07e-06 lr1=1.53e-04
10:55:35 INFO   e4 step  6250/13847  loss=0.0329  acc=0.9891  lr0=3.05e-06 lr1=1.52e-04
10:55:59 INFO   e4 step  6300/13847  loss=0.0328  acc=0.9891  lr0=3.03e-06 lr1=1.51e-04
10:56:22 INFO   e4 step  6350/13847  loss=0.0326  acc=0.9892  lr0=3.01e-06 lr1=1.50e-04
10:56:46 INFO   e4 step  6400/13847  loss=0.0324  acc=0.9893  lr0=2.99e-06 lr1=1.49e-04
10:57:09 INFO   e4 step  6450/13847  loss=0.0323  acc=0.9893  lr0=2.97e-06 lr1=1.48e-04
10:57:32 INFO   e4 step  6500/13847  loss=0.0322  acc=0.9893  lr0=2.95e-06 lr1=1.47e-04
10:57:55 INFO   e4 step  6550/13847  loss=0.0322  acc=0.9893  lr0=2.93e-06 lr1=1.46e-04
10:58:19 INFO   e4 step  6600/13847  loss=0.0320  acc=0.9893  lr0=2.91e-06 lr1=1.45e-04
10:58:42 INFO   e4 step  6650/13847  loss=0.0319  acc=0.9893  lr0=2.89e-06 lr1=1.44e-04
10:59:04 INFO   e4 step  6700/13847  loss=0.0323  acc=0.9893  lr0=2.87e-06 lr1=1.43e-04
10:59:28 INFO   e4 step  6750/13847  loss=0.0321  acc=0.9894  lr0=2.85e-06 lr1=1.42e-04
10:59:50 INFO   e4 step  6800/13847  loss=0.0321  acc=0.9894  lr0=2.83e-06 lr1=1.41e-04
11:00:14 INFO   e4 step  6850/13847  loss=0.0321  acc=0.9894  lr0=2.81e-06 lr1=1.40e-04
11:00:37 INFO   e4 step  6900/13847  loss=0.0321  acc=0.9894  lr0=2.79e-06 lr1=1.39e-04
11:01:00 INFO   e4 step  6950/13847  loss=0.0321  acc=0.9894  lr0=2.77e-06 lr1=1.38e-04
11:01:24 INFO   e4 step  7000/13847  loss=0.0321  acc=0.9894  lr0=2.75e-06 lr1=1.37e-04
11:01:46 INFO   e4 step  7050/13847  loss=0.0320  acc=0.9894  lr0=2.73e-06 lr1=1.36e-04
11:02:10 INFO   e4 step  7100/13847  loss=0.0320  acc=0.9894  lr0=2.71e-06 lr1=1.35e-04
11:02:33 INFO   e4 step  7150/13847  loss=0.0319  acc=0.9894  lr0=2.69e-06 lr1=1.34e-04
11:02:55 INFO   e4 step  7200/13847  loss=0.0319  acc=0.9894  lr0=2.67e-06 lr1=1.33e-04
11:03:18 INFO   e4 step  7250/13847  loss=0.0317  acc=0.9894  lr0=2.65e-06 lr1=1.32e-04
11:03:41 INFO   e4 step  7300/13847  loss=0.0316  acc=0.9895  lr0=2.63e-06 lr1=1.31e-04
11:04:04 INFO   e4 step  7350/13847  loss=0.0316  acc=0.9895  lr0=2.61e-06 lr1=1.30e-04
11:04:27 INFO   e4 step  7400/13847  loss=0.0315  acc=0.9895  lr0=2.59e-06 lr1=1.29e-04
11:04:51 INFO   e4 step  7450/13847  loss=0.0314  acc=0.9895  lr0=2.57e-06 lr1=1.28e-04
11:05:14 INFO   e4 step  7500/13847  loss=0.0313  acc=0.9896  lr0=2.55e-06 lr1=1.27e-04
11:05:36 INFO   e4 step  7550/13847  loss=0.0312  acc=0.9896  lr0=2.53e-06 lr1=1.26e-04
11:05:59 INFO   e4 step  7600/13847  loss=0.0311  acc=0.9896  lr0=2.51e-06 lr1=1.25e-04
11:06:22 INFO   e4 step  7650/13847  loss=0.0311  acc=0.9896  lr0=2.49e-06 lr1=1.24e-04
11:06:45 INFO   e4 step  7700/13847  loss=0.0311  acc=0.9896  lr0=2.47e-06 lr1=1.23e-04
11:07:08 INFO   e4 step  7750/13847  loss=0.0310  acc=0.9897  lr0=2.45e-06 lr1=1.22e-04
11:07:32 INFO   e4 step  7800/13847  loss=0.0309  acc=0.9897  lr0=2.43e-06 lr1=1.21e-04
11:07:55 INFO   e4 step  7850/13847  loss=0.0308  acc=0.9897  lr0=2.41e-06 lr1=1.20e-04
11:08:18 INFO   e4 step  7900/13847  loss=0.0308  acc=0.9897  lr0=2.39e-06 lr1=1.19e-04
11:08:41 INFO   e4 step  7950/13847  loss=0.0307  acc=0.9897  lr0=2.37e-06 lr1=1.18e-04
11:09:05 INFO   e4 step  8000/13847  loss=0.0306  acc=0.9897  lr0=2.35e-06 lr1=1.17e-04
11:09:28 INFO   e4 step  8050/13847  loss=0.0305  acc=0.9898  lr0=2.33e-06 lr1=1.16e-04
11:09:52 INFO   e4 step  8100/13847  loss=0.0305  acc=0.9898  lr0=2.31e-06 lr1=1.15e-04
11:10:14 INFO   e4 step  8150/13847  loss=0.0306  acc=0.9898  lr0=2.29e-06 lr1=1.14e-04
11:10:37 INFO   e4 step  8200/13847  loss=0.0306  acc=0.9898  lr0=2.27e-06 lr1=1.13e-04
11:10:59 INFO   e4 step  8250/13847  loss=0.0307  acc=0.9897  lr0=2.25e-06 lr1=1.12e-04
11:11:22 INFO   e4 step  8300/13847  loss=0.0305  acc=0.9898  lr0=2.23e-06 lr1=1.11e-04
11:11:45 INFO   e4 step  8350/13847  loss=0.0305  acc=0.9897  lr0=2.21e-06 lr1=1.10e-04
11:12:09 INFO   e4 step  8400/13847  loss=0.0304  acc=0.9898  lr0=2.19e-06 lr1=1.09e-04
11:12:32 INFO   e4 step  8450/13847  loss=0.0302  acc=0.9898  lr0=2.17e-06 lr1=1.08e-04
11:12:55 INFO   e4 step  8500/13847  loss=0.0301  acc=0.9899  lr0=2.15e-06 lr1=1.07e-04
11:13:18 INFO   e4 step  8550/13847  loss=0.0301  acc=0.9898  lr0=2.13e-06 lr1=1.06e-04
11:13:42 INFO   e4 step  8600/13847  loss=0.0300  acc=0.9899  lr0=2.11e-06 lr1=1.05e-04
11:14:05 INFO   e4 step  8650/13847  loss=0.0299  acc=0.9899  lr0=2.09e-06 lr1=1.04e-04
11:14:28 INFO   e4 step  8700/13847  loss=0.0298  acc=0.9899  lr0=2.06e-06 lr1=1.03e-04
11:14:51 INFO   e4 step  8750/13847  loss=0.0297  acc=0.9899  lr0=2.04e-06 lr1=1.02e-04
11:15:14 INFO   e4 step  8800/13847  loss=0.0297  acc=0.9900  lr0=2.02e-06 lr1=1.01e-04
11:15:36 INFO   e4 step  8850/13847  loss=0.0296  acc=0.9900  lr0=2.00e-06 lr1=1.00e-04
11:15:58 INFO   e4 step  8900/13847  loss=0.0295  acc=0.9900  lr0=1.98e-06 lr1=9.92e-05
11:16:20 INFO   e4 step  8950/13847  loss=0.0294  acc=0.9901  lr0=1.96e-06 lr1=9.82e-05
11:16:43 INFO   e4 step  9000/13847  loss=0.0294  acc=0.9901  lr0=1.94e-06 lr1=9.72e-05
11:17:06 INFO   e4 step  9050/13847  loss=0.0294  acc=0.9900  lr0=1.92e-06 lr1=9.62e-05
11:17:28 INFO   e4 step  9100/13847  loss=0.0293  acc=0.9900  lr0=1.90e-06 lr1=9.52e-05
11:17:52 INFO   e4 step  9150/13847  loss=0.0296  acc=0.9899  lr0=1.88e-06 lr1=9.42e-05
11:18:14 INFO   e4 step  9200/13847  loss=0.0295  acc=0.9899  lr0=1.86e-06 lr1=9.32e-05
11:18:37 INFO   e4 step  9250/13847  loss=0.0294  acc=0.9900  lr0=1.84e-06 lr1=9.22e-05
11:19:00 INFO   e4 step  9300/13847  loss=0.0294  acc=0.9900  lr0=1.82e-06 lr1=9.12e-05
11:19:23 INFO   e4 step  9350/13847  loss=0.0293  acc=0.9900  lr0=1.80e-06 lr1=9.02e-05
11:19:45 INFO   e4 step  9400/13847  loss=0.0295  acc=0.9899  lr0=1.78e-06 lr1=8.92e-05
11:20:08 INFO   e4 step  9450/13847  loss=0.0295  acc=0.9899  lr0=1.76e-06 lr1=8.82e-05
11:20:31 INFO   e4 step  9500/13847  loss=0.0294  acc=0.9900  lr0=1.74e-06 lr1=8.72e-05
11:20:53 INFO   e4 step  9550/13847  loss=0.0293  acc=0.9900  lr0=1.72e-06 lr1=8.62e-05
11:21:17 INFO   e4 step  9600/13847  loss=0.0292  acc=0.9900  lr0=1.70e-06 lr1=8.52e-05
11:21:40 INFO   e4 step  9650/13847  loss=0.0292  acc=0.9900  lr0=1.68e-06 lr1=8.42e-05
11:22:03 INFO   e4 step  9700/13847  loss=0.0290  acc=0.9901  lr0=1.66e-06 lr1=8.32e-05
11:22:26 INFO   e4 step  9750/13847  loss=0.0289  acc=0.9901  lr0=1.64e-06 lr1=8.22e-05
11:22:49 INFO   e4 step  9800/13847  loss=0.0290  acc=0.9901  lr0=1.62e-06 lr1=8.12e-05
11:23:13 INFO   e4 step  9850/13847  loss=0.0290  acc=0.9901  lr0=1.60e-06 lr1=8.02e-05
11:23:35 INFO   e4 step  9900/13847  loss=0.0291  acc=0.9901  lr0=1.58e-06 lr1=7.92e-05
11:23:58 INFO   e4 step  9950/13847  loss=0.0290  acc=0.9901  lr0=1.56e-06 lr1=7.82e-05
11:24:21 INFO   e4 step 10000/13847  loss=0.0290  acc=0.9901  lr0=1.54e-06 lr1=7.72e-05
11:24:44 INFO   e4 step 10050/13847  loss=0.0289  acc=0.9902  lr0=1.52e-06 lr1=7.62e-05
11:25:07 INFO   e4 step 10100/13847  loss=0.0289  acc=0.9901  lr0=1.50e-06 lr1=7.52e-05
11:25:30 INFO   e4 step 10150/13847  loss=0.0290  acc=0.9901  lr0=1.48e-06 lr1=7.42e-05
11:25:53 INFO   e4 step 10200/13847  loss=0.0289  acc=0.9901  lr0=1.46e-06 lr1=7.32e-05
11:26:16 INFO   e4 step 10250/13847  loss=0.0288  acc=0.9902  lr0=1.44e-06 lr1=7.22e-05
11:26:40 INFO   e4 step 10300/13847  loss=0.0287  acc=0.9902  lr0=1.42e-06 lr1=7.12e-05
11:27:01 INFO   e4 step 10350/13847  loss=0.0287  acc=0.9902  lr0=1.40e-06 lr1=7.02e-05
11:27:24 INFO   e4 step 10400/13847  loss=0.0289  acc=0.9901  lr0=1.38e-06 lr1=6.91e-05
11:27:48 INFO   e4 step 10450/13847  loss=0.0289  acc=0.9901  lr0=1.36e-06 lr1=6.81e-05
11:28:11 INFO   e4 step 10500/13847  loss=0.0289  acc=0.9901  lr0=1.34e-06 lr1=6.71e-05
11:28:35 INFO   e4 step 10550/13847  loss=0.0290  acc=0.9901  lr0=1.32e-06 lr1=6.61e-05
11:28:57 INFO   e4 step 10600/13847  loss=0.0289  acc=0.9902  lr0=1.30e-06 lr1=6.51e-05
11:29:21 INFO   e4 step 10650/13847  loss=0.0289  acc=0.9901  lr0=1.28e-06 lr1=6.41e-05
11:29:44 INFO   e4 step 10700/13847  loss=0.0290  acc=0.9901  lr0=1.26e-06 lr1=6.31e-05
11:30:07 INFO   e4 step 10750/13847  loss=0.0290  acc=0.9901  lr0=1.24e-06 lr1=6.21e-05
11:30:29 INFO   e4 step 10800/13847  loss=0.0290  acc=0.9901  lr0=1.22e-06 lr1=6.11e-05
11:30:52 INFO   e4 step 10850/13847  loss=0.0289  acc=0.9901  lr0=1.20e-06 lr1=6.01e-05
11:31:15 INFO   e4 step 10900/13847  loss=0.0289  acc=0.9901  lr0=1.18e-06 lr1=5.91e-05
11:31:39 INFO   e4 step 10950/13847  loss=0.0288  acc=0.9902  lr0=1.16e-06 lr1=5.81e-05
11:32:01 INFO   e4 step 11000/13847  loss=0.0287  acc=0.9902  lr0=1.14e-06 lr1=5.71e-05
11:32:23 INFO   e4 step 11050/13847  loss=0.0288  acc=0.9902  lr0=1.12e-06 lr1=5.61e-05
11:32:47 INFO   e4 step 11100/13847  loss=0.0288  acc=0.9902  lr0=1.10e-06 lr1=5.51e-05
11:33:10 INFO   e4 step 11150/13847  loss=0.0288  acc=0.9902  lr0=1.08e-06 lr1=5.41e-05
11:33:34 INFO   e4 step 11200/13847  loss=0.0288  acc=0.9902  lr0=1.06e-06 lr1=5.31e-05
11:33:57 INFO   e4 step 11250/13847  loss=0.0288  acc=0.9902  lr0=1.04e-06 lr1=5.21e-05
11:34:19 INFO   e4 step 11300/13847  loss=0.0287  acc=0.9902  lr0=1.02e-06 lr1=5.11e-05
11:34:42 INFO   e4 step 11350/13847  loss=0.0288  acc=0.9902  lr0=1.00e-06 lr1=5.01e-05
11:35:04 INFO   e4 step 11400/13847  loss=0.0287  acc=0.9902  lr0=9.82e-07 lr1=4.91e-05
11:35:28 INFO   e4 step 11450/13847  loss=0.0288  acc=0.9902  lr0=9.62e-07 lr1=4.81e-05
11:35:51 INFO   e4 step 11500/13847  loss=0.0290  acc=0.9901  lr0=9.42e-07 lr1=4.71e-05
11:36:15 INFO   e4 step 11550/13847  loss=0.0290  acc=0.9901  lr0=9.22e-07 lr1=4.61e-05
11:36:38 INFO   e4 step 11600/13847  loss=0.0290  acc=0.9901  lr0=9.02e-07 lr1=4.51e-05
11:37:01 INFO   e4 step 11650/13847  loss=0.0290  acc=0.9901  lr0=8.81e-07 lr1=4.41e-05
11:37:24 INFO   e4 step 11700/13847  loss=0.0291  acc=0.9901  lr0=8.61e-07 lr1=4.31e-05
11:37:48 INFO   e4 step 11750/13847  loss=0.0290  acc=0.9901  lr0=8.41e-07 lr1=4.21e-05
11:38:11 INFO   e4 step 11800/13847  loss=0.0289  acc=0.9901  lr0=8.21e-07 lr1=4.11e-05
11:38:33 INFO   e4 step 11850/13847  loss=0.0290  acc=0.9901  lr0=8.01e-07 lr1=4.01e-05
11:38:56 INFO   e4 step 11900/13847  loss=0.0291  acc=0.9901  lr0=7.81e-07 lr1=3.91e-05
11:39:19 INFO   e4 step 11950/13847  loss=0.0291  acc=0.9901  lr0=7.61e-07 lr1=3.81e-05
11:39:43 INFO   e4 step 12000/13847  loss=0.0291  acc=0.9901  lr0=7.41e-07 lr1=3.71e-05
11:40:05 INFO   e4 step 12050/13847  loss=0.0291  acc=0.9901  lr0=7.21e-07 lr1=3.60e-05
11:40:28 INFO   e4 step 12100/13847  loss=0.0290  acc=0.9901  lr0=7.01e-07 lr1=3.50e-05
11:40:51 INFO   e4 step 12150/13847  loss=0.0289  acc=0.9901  lr0=6.81e-07 lr1=3.40e-05
11:41:15 INFO   e4 step 12200/13847  loss=0.0288  acc=0.9901  lr0=6.61e-07 lr1=3.30e-05
11:41:38 INFO   e4 step 12250/13847  loss=0.0288  acc=0.9901  lr0=6.41e-07 lr1=3.20e-05
11:42:01 INFO   e4 step 12300/13847  loss=0.0287  acc=0.9901  lr0=6.21e-07 lr1=3.10e-05
11:42:24 INFO   e4 step 12350/13847  loss=0.0288  acc=0.9901  lr0=6.01e-07 lr1=3.00e-05
11:42:46 INFO   e4 step 12400/13847  loss=0.0287  acc=0.9901  lr0=5.81e-07 lr1=2.90e-05
11:43:10 INFO   e4 step 12450/13847  loss=0.0286  acc=0.9901  lr0=5.60e-07 lr1=2.80e-05
11:43:34 INFO   e4 step 12500/13847  loss=0.0285  acc=0.9902  lr0=5.40e-07 lr1=2.70e-05
11:43:57 INFO   e4 step 12550/13847  loss=0.0285  acc=0.9902  lr0=5.20e-07 lr1=2.60e-05
11:44:20 INFO   e4 step 12600/13847  loss=0.0284  acc=0.9902  lr0=5.00e-07 lr1=2.50e-05
11:44:43 INFO   e4 step 12650/13847  loss=0.0285  acc=0.9902  lr0=4.80e-07 lr1=2.40e-05
11:45:06 INFO   e4 step 12700/13847  loss=0.0286  acc=0.9902  lr0=4.60e-07 lr1=2.30e-05
11:45:28 INFO   e4 step 12750/13847  loss=0.0285  acc=0.9902  lr0=4.40e-07 lr1=2.20e-05
11:45:51 INFO   e4 step 12800/13847  loss=0.0286  acc=0.9901  lr0=4.20e-07 lr1=2.10e-05
11:46:14 INFO   e4 step 12850/13847  loss=0.0285  acc=0.9901  lr0=4.00e-07 lr1=2.00e-05
11:46:37 INFO   e4 step 12900/13847  loss=0.0285  acc=0.9901  lr0=3.80e-07 lr1=1.90e-05
11:47:01 INFO   e4 step 12950/13847  loss=0.0285  acc=0.9901  lr0=3.60e-07 lr1=1.80e-05
11:47:24 INFO   e4 step 13000/13847  loss=0.0285  acc=0.9901  lr0=3.40e-07 lr1=1.70e-05
11:47:47 INFO   e4 step 13050/13847  loss=0.0286  acc=0.9901  lr0=3.20e-07 lr1=1.60e-05
11:48:11 INFO   e4 step 13100/13847  loss=0.0285  acc=0.9901  lr0=3.00e-07 lr1=1.50e-05
11:48:35 INFO   e4 step 13150/13847  loss=0.0285  acc=0.9901  lr0=2.80e-07 lr1=1.40e-05
11:48:58 INFO   e4 step 13200/13847  loss=0.0284  acc=0.9901  lr0=2.60e-07 lr1=1.30e-05
11:49:20 INFO   e4 step 13250/13847  loss=0.0284  acc=0.9901  lr0=2.40e-07 lr1=1.20e-05
11:49:44 INFO   e4 step 13300/13847  loss=0.0284  acc=0.9901  lr0=2.19e-07 lr1=1.10e-05
11:50:07 INFO   e4 step 13350/13847  loss=0.0284  acc=0.9901  lr0=1.99e-07 lr1=9.97e-06
11:50:31 INFO   e4 step 13400/13847  loss=0.0283  acc=0.9901  lr0=1.79e-07 lr1=8.97e-06
11:50:54 INFO   e4 step 13450/13847  loss=0.0283  acc=0.9901  lr0=1.59e-07 lr1=7.96e-06
11:51:17 INFO   e4 step 13500/13847  loss=0.0284  acc=0.9901  lr0=1.39e-07 lr1=6.96e-06
11:51:40 INFO   e4 step 13550/13847  loss=0.0284  acc=0.9901  lr0=1.19e-07 lr1=5.96e-06
11:52:03 INFO   e4 step 13600/13847  loss=0.0285  acc=0.9901  lr0=9.91e-08 lr1=4.95e-06
11:52:27 INFO   e4 step 13650/13847  loss=0.0285  acc=0.9901  lr0=7.90e-08 lr1=3.95e-06
11:52:49 INFO   e4 step 13700/13847  loss=0.0284  acc=0.9901  lr0=5.90e-08 lr1=2.95e-06
11:53:12 INFO   e4 step 13750/13847  loss=0.0284  acc=0.9901  lr0=3.89e-08 lr1=1.95e-06
11:53:34 INFO   e4 step 13800/13847  loss=0.0284  acc=0.9901  lr0=1.89e-08 lr1=9.43e-07
11:55:34 INFO [epoch 4] train_loss=0.0285 train_acc=0.9901  val_loss=1.0509 val_acc=0.8834 val_auc=0.9141  elapsed=6470.3s
11:55:37 INFO   saved best.pt  val_acc=0.8834
11:55:39 INFO loading best.pt for test eval
11:57:43 INFO [test] loss=1.0288  acc=0.8816  auc=0.9427  f1=0.8791
11:57:43 INFO [done] run_summary.json written to /mnt/localssd/crossencoder_sweep/runs/aep_causal_cls34/deberta-v3-large
