05:13:09 INFO run_dir=/mnt/localssd/crossencoder_sweep/runs/aep_causal_cls34/bge-large-en-v1.5
05:13:09 INFO device=cuda:0  bf16=True  physical_gpu=2  CUDA_VISIBLE_DEVICES=2
05:13:09 INFO dataset=aep_causal_cls34  model=bge-large-en-v1.5  backbone=BAAI/bge-large-en-v1.5
05:13:09 INFO tokenizer <- BAAI/bge-large-en-v1.5
Warning: You are sending unauthenticated requests to the HF Hub. Please set a HF_TOKEN to enable higher rate limits and faster downloads.
05:13:09 INFO split files: ['directional_train.jsonl', 'directional_val.jsonl', 'directional_test.jsonl']
05:13:09 INFO scanning max JOINT token length across all splits ...
05:14:20 INFO   observed_max_joint=512 -> max_seq_len=512 (cap=512, scan=70.6s)
05:14:20 INFO loading datasets ...
05:14:21 INFO   schema=standard  train=110775  val=6004  test=6004
05:14:21 INFO building CrossEncoderClassifier  backbone=BAAI/bge-large-en-v1.5
Loading weights:   0%|          | 0/391 [00:00<?, ?it/s]Loading weights: 100%|██████████| 391/391 [00:00<00:00, 7704.72it/s]
05:14:22 INFO   hidden_size=1024  trainable_params=335,142,913
05:14:22 INFO   total_steps=27696  warmup_steps=2769
05:14:30 INFO   e1 step    50/6924  loss=0.7198  acc=0.4988  lr0=3.61e-07 lr1=1.81e-05
05:14:37 INFO   e1 step   100/6924  loss=0.7149  acc=0.5000  lr0=7.22e-07 lr1=3.61e-05
05:14:44 INFO   e1 step   150/6924  loss=0.7169  acc=0.5008  lr0=1.08e-06 lr1=5.42e-05
05:14:51 INFO   e1 step   200/6924  loss=0.7172  acc=0.5009  lr0=1.44e-06 lr1=7.22e-05
05:14:58 INFO   e1 step   250/6924  loss=0.7156  acc=0.5018  lr0=1.81e-06 lr1=9.03e-05
05:15:05 INFO   e1 step   300/6924  loss=0.7113  acc=0.5104  lr0=2.17e-06 lr1=1.08e-04
05:15:12 INFO   e1 step   350/6924  loss=0.7082  acc=0.5148  lr0=2.53e-06 lr1=1.26e-04
05:15:19 INFO   e1 step   400/6924  loss=0.7076  acc=0.5158  lr0=2.89e-06 lr1=1.44e-04
05:15:26 INFO   e1 step   450/6924  loss=0.7065  acc=0.5165  lr0=3.25e-06 lr1=1.63e-04
05:15:33 INFO   e1 step   500/6924  loss=0.7050  acc=0.5194  lr0=3.61e-06 lr1=1.81e-04
05:15:40 INFO   e1 step   550/6924  loss=0.7016  acc=0.5256  lr0=3.97e-06 lr1=1.99e-04
05:15:47 INFO   e1 step   600/6924  loss=0.6962  acc=0.5343  lr0=4.33e-06 lr1=2.17e-04
05:15:54 INFO   e1 step   650/6924  loss=0.6879  acc=0.5449  lr0=4.69e-06 lr1=2.35e-04
05:16:01 INFO   e1 step   700/6924  loss=0.6775  acc=0.5574  lr0=5.06e-06 lr1=2.53e-04
05:16:08 INFO   e1 step   750/6924  loss=0.6650  acc=0.5713  lr0=5.42e-06 lr1=2.71e-04
05:16:15 INFO   e1 step   800/6924  loss=0.6522  acc=0.5846  lr0=5.78e-06 lr1=2.89e-04
05:16:22 INFO   e1 step   850/6924  loss=0.6400  acc=0.5970  lr0=6.14e-06 lr1=3.07e-04
05:16:29 INFO   e1 step   900/6924  loss=0.6281  acc=0.6078  lr0=6.50e-06 lr1=3.25e-04
05:16:35 INFO   e1 step   950/6924  loss=0.6159  acc=0.6187  lr0=6.86e-06 lr1=3.43e-04
05:16:42 INFO   e1 step  1000/6924  loss=0.6061  acc=0.6289  lr0=7.22e-06 lr1=3.61e-04
05:16:49 INFO   e1 step  1050/6924  loss=0.5939  acc=0.6390  lr0=7.58e-06 lr1=3.79e-04
05:16:56 INFO   e1 step  1100/6924  loss=0.5817  acc=0.6492  lr0=7.95e-06 lr1=3.97e-04
05:17:03 INFO   e1 step  1150/6924  loss=0.5714  acc=0.6576  lr0=8.31e-06 lr1=4.15e-04
05:17:10 INFO   e1 step  1200/6924  loss=0.5598  acc=0.6666  lr0=8.67e-06 lr1=4.33e-04
05:17:17 INFO   e1 step  1250/6924  loss=0.5483  acc=0.6753  lr0=9.03e-06 lr1=4.51e-04
05:17:24 INFO   e1 step  1300/6924  loss=0.5381  acc=0.6830  lr0=9.39e-06 lr1=4.69e-04
05:17:31 INFO   e1 step  1350/6924  loss=0.5294  acc=0.6903  lr0=9.75e-06 lr1=4.88e-04
05:17:38 INFO   e1 step  1400/6924  loss=0.5225  acc=0.6966  lr0=1.01e-05 lr1=5.06e-04
05:17:45 INFO   e1 step  1450/6924  loss=0.5150  acc=0.7025  lr0=1.05e-05 lr1=5.24e-04
05:17:52 INFO   e1 step  1500/6924  loss=0.5056  acc=0.7093  lr0=1.08e-05 lr1=5.42e-04
05:17:59 INFO   e1 step  1550/6924  loss=0.4991  acc=0.7145  lr0=1.12e-05 lr1=5.60e-04
05:18:06 INFO   e1 step  1600/6924  loss=0.4930  acc=0.7196  lr0=1.16e-05 lr1=5.78e-04
05:18:13 INFO   e1 step  1650/6924  loss=0.4861  acc=0.7252  lr0=1.19e-05 lr1=5.96e-04
05:18:20 INFO   e1 step  1700/6924  loss=0.4795  acc=0.7301  lr0=1.23e-05 lr1=6.14e-04
05:18:27 INFO   e1 step  1750/6924  loss=0.4727  acc=0.7348  lr0=1.26e-05 lr1=6.32e-04
05:18:34 INFO   e1 step  1800/6924  loss=0.4668  acc=0.7390  lr0=1.30e-05 lr1=6.50e-04
05:18:41 INFO   e1 step  1850/6924  loss=0.4617  acc=0.7431  lr0=1.34e-05 lr1=6.68e-04
05:18:48 INFO   e1 step  1900/6924  loss=0.4566  acc=0.7470  lr0=1.37e-05 lr1=6.86e-04
05:18:54 INFO   e1 step  1950/6924  loss=0.4512  acc=0.7508  lr0=1.41e-05 lr1=7.04e-04
05:19:02 INFO   e1 step  2000/6924  loss=0.4462  acc=0.7546  lr0=1.44e-05 lr1=7.22e-04
05:19:08 INFO   e1 step  2050/6924  loss=0.4411  acc=0.7583  lr0=1.48e-05 lr1=7.40e-04
05:19:15 INFO   e1 step  2100/6924  loss=0.4358  acc=0.7618  lr0=1.52e-05 lr1=7.58e-04
05:19:22 INFO   e1 step  2150/6924  loss=0.4313  acc=0.7654  lr0=1.55e-05 lr1=7.76e-04
05:19:30 INFO   e1 step  2200/6924  loss=0.4269  acc=0.7687  lr0=1.59e-05 lr1=7.95e-04
05:19:37 INFO   e1 step  2250/6924  loss=0.4215  acc=0.7724  lr0=1.63e-05 lr1=8.13e-04
05:19:44 INFO   e1 step  2300/6924  loss=0.4176  acc=0.7756  lr0=1.66e-05 lr1=8.31e-04
05:19:51 INFO   e1 step  2350/6924  loss=0.4127  acc=0.7788  lr0=1.70e-05 lr1=8.49e-04
05:19:58 INFO   e1 step  2400/6924  loss=0.4090  acc=0.7817  lr0=1.73e-05 lr1=8.67e-04
05:20:05 INFO   e1 step  2450/6924  loss=0.4050  acc=0.7847  lr0=1.77e-05 lr1=8.85e-04
05:20:12 INFO   e1 step  2500/6924  loss=0.4010  acc=0.7874  lr0=1.81e-05 lr1=9.03e-04
05:20:19 INFO   e1 step  2550/6924  loss=0.3977  acc=0.7899  lr0=1.84e-05 lr1=9.21e-04
05:20:26 INFO   e1 step  2600/6924  loss=0.3939  acc=0.7925  lr0=1.88e-05 lr1=9.39e-04
05:20:33 INFO   e1 step  2650/6924  loss=0.3901  acc=0.7952  lr0=1.91e-05 lr1=9.57e-04
05:20:40 INFO   e1 step  2700/6924  loss=0.3859  acc=0.7980  lr0=1.95e-05 lr1=9.75e-04
05:20:47 INFO   e1 step  2750/6924  loss=0.3823  acc=0.8004  lr0=1.99e-05 lr1=9.93e-04
05:20:54 INFO   e1 step  2800/6924  loss=0.3792  acc=0.8025  lr0=2.00e-05 lr1=9.99e-04
05:21:01 INFO   e1 step  2850/6924  loss=0.3761  acc=0.8046  lr0=1.99e-05 lr1=9.97e-04
05:21:08 INFO   e1 step  2900/6924  loss=0.3731  acc=0.8069  lr0=1.99e-05 lr1=9.95e-04
05:21:15 INFO   e1 step  2950/6924  loss=0.3695  acc=0.8092  lr0=1.99e-05 lr1=9.93e-04
05:21:22 INFO   e1 step  3000/6924  loss=0.3667  acc=0.8112  lr0=1.98e-05 lr1=9.91e-04
05:21:29 INFO   e1 step  3050/6924  loss=0.3637  acc=0.8133  lr0=1.98e-05 lr1=9.89e-04
05:21:36 INFO   e1 step  3100/6924  loss=0.3603  acc=0.8155  lr0=1.97e-05 lr1=9.87e-04
05:21:43 INFO   e1 step  3150/6924  loss=0.3575  acc=0.8174  lr0=1.97e-05 lr1=9.85e-04
05:21:49 INFO   e1 step  3200/6924  loss=0.3560  acc=0.8189  lr0=1.97e-05 lr1=9.83e-04
05:21:57 INFO   e1 step  3250/6924  loss=0.3524  acc=0.8210  lr0=1.96e-05 lr1=9.81e-04
05:22:03 INFO   e1 step  3300/6924  loss=0.3497  acc=0.8227  lr0=1.96e-05 lr1=9.79e-04
05:22:11 INFO   e1 step  3350/6924  loss=0.3472  acc=0.8245  lr0=1.95e-05 lr1=9.77e-04
05:22:17 INFO   e1 step  3400/6924  loss=0.3452  acc=0.8260  lr0=1.95e-05 lr1=9.75e-04
05:22:24 INFO   e1 step  3450/6924  loss=0.3430  acc=0.8278  lr0=1.95e-05 lr1=9.73e-04
05:22:31 INFO   e1 step  3500/6924  loss=0.3406  acc=0.8294  lr0=1.94e-05 lr1=9.71e-04
05:22:38 INFO   e1 step  3550/6924  loss=0.3385  acc=0.8310  lr0=1.94e-05 lr1=9.69e-04
05:22:45 INFO   e1 step  3600/6924  loss=0.3361  acc=0.8325  lr0=1.93e-05 lr1=9.67e-04
05:22:52 INFO   e1 step  3650/6924  loss=0.3334  acc=0.8343  lr0=1.93e-05 lr1=9.65e-04
05:22:59 INFO   e1 step  3700/6924  loss=0.3310  acc=0.8359  lr0=1.93e-05 lr1=9.63e-04
05:23:06 INFO   e1 step  3750/6924  loss=0.3290  acc=0.8374  lr0=1.92e-05 lr1=9.61e-04
05:23:13 INFO   e1 step  3800/6924  loss=0.3264  acc=0.8390  lr0=1.92e-05 lr1=9.59e-04
05:23:20 INFO   e1 step  3850/6924  loss=0.3248  acc=0.8403  lr0=1.91e-05 lr1=9.57e-04
05:23:27 INFO   e1 step  3900/6924  loss=0.3224  acc=0.8419  lr0=1.91e-05 lr1=9.55e-04
05:23:34 INFO   e1 step  3950/6924  loss=0.3201  acc=0.8434  lr0=1.91e-05 lr1=9.53e-04
05:23:41 INFO   e1 step  4000/6924  loss=0.3177  acc=0.8450  lr0=1.90e-05 lr1=9.51e-04
05:23:48 INFO   e1 step  4050/6924  loss=0.3150  acc=0.8465  lr0=1.90e-05 lr1=9.49e-04
05:23:55 INFO   e1 step  4100/6924  loss=0.3132  acc=0.8478  lr0=1.89e-05 lr1=9.47e-04
05:24:02 INFO   e1 step  4150/6924  loss=0.3109  acc=0.8492  lr0=1.89e-05 lr1=9.45e-04
05:24:09 INFO   e1 step  4200/6924  loss=0.3087  acc=0.8505  lr0=1.89e-05 lr1=9.43e-04
05:24:17 INFO   e1 step  4250/6924  loss=0.3066  acc=0.8518  lr0=1.88e-05 lr1=9.41e-04
05:24:24 INFO   e1 step  4300/6924  loss=0.3049  acc=0.8530  lr0=1.88e-05 lr1=9.39e-04
05:24:31 INFO   e1 step  4350/6924  loss=0.3029  acc=0.8541  lr0=1.87e-05 lr1=9.37e-04
05:24:37 INFO   e1 step  4400/6924  loss=0.3003  acc=0.8555  lr0=1.87e-05 lr1=9.35e-04
05:24:45 INFO   e1 step  4450/6924  loss=0.2986  acc=0.8565  lr0=1.87e-05 lr1=9.33e-04
05:24:52 INFO   e1 step  4500/6924  loss=0.2967  acc=0.8578  lr0=1.86e-05 lr1=9.31e-04
05:24:59 INFO   e1 step  4550/6924  loss=0.2949  acc=0.8589  lr0=1.86e-05 lr1=9.29e-04
05:25:06 INFO   e1 step  4600/6924  loss=0.2931  acc=0.8600  lr0=1.85e-05 lr1=9.27e-04
05:25:13 INFO   e1 step  4650/6924  loss=0.2909  acc=0.8612  lr0=1.85e-05 lr1=9.25e-04
05:25:20 INFO   e1 step  4700/6924  loss=0.2888  acc=0.8624  lr0=1.85e-05 lr1=9.23e-04
05:25:27 INFO   e1 step  4750/6924  loss=0.2868  acc=0.8636  lr0=1.84e-05 lr1=9.21e-04
05:25:34 INFO   e1 step  4800/6924  loss=0.2850  acc=0.8647  lr0=1.84e-05 lr1=9.19e-04
05:25:41 INFO   e1 step  4850/6924  loss=0.2829  acc=0.8658  lr0=1.83e-05 lr1=9.17e-04
05:25:48 INFO   e1 step  4900/6924  loss=0.2817  acc=0.8667  lr0=1.83e-05 lr1=9.15e-04
05:25:55 INFO   e1 step  4950/6924  loss=0.2801  acc=0.8677  lr0=1.83e-05 lr1=9.13e-04
05:26:02 INFO   e1 step  5000/6924  loss=0.2787  acc=0.8687  lr0=1.82e-05 lr1=9.10e-04
05:26:09 INFO   e1 step  5050/6924  loss=0.2771  acc=0.8697  lr0=1.82e-05 lr1=9.08e-04
05:26:16 INFO   e1 step  5100/6924  loss=0.2750  acc=0.8708  lr0=1.81e-05 lr1=9.06e-04
05:26:23 INFO   e1 step  5150/6924  loss=0.2740  acc=0.8717  lr0=1.81e-05 lr1=9.04e-04
05:26:30 INFO   e1 step  5200/6924  loss=0.2723  acc=0.8726  lr0=1.80e-05 lr1=9.02e-04
05:26:37 INFO   e1 step  5250/6924  loss=0.2706  acc=0.8736  lr0=1.80e-05 lr1=9.00e-04
05:26:44 INFO   e1 step  5300/6924  loss=0.2689  acc=0.8746  lr0=1.80e-05 lr1=8.98e-04
05:26:51 INFO   e1 step  5350/6924  loss=0.2674  acc=0.8754  lr0=1.79e-05 lr1=8.96e-04
05:26:58 INFO   e1 step  5400/6924  loss=0.2657  acc=0.8763  lr0=1.79e-05 lr1=8.94e-04
05:27:05 INFO   e1 step  5450/6924  loss=0.2641  acc=0.8772  lr0=1.78e-05 lr1=8.92e-04
05:27:12 INFO   e1 step  5500/6924  loss=0.2626  acc=0.8781  lr0=1.78e-05 lr1=8.90e-04
05:27:19 INFO   e1 step  5550/6924  loss=0.2611  acc=0.8790  lr0=1.78e-05 lr1=8.88e-04
05:27:26 INFO   e1 step  5600/6924  loss=0.2597  acc=0.8797  lr0=1.77e-05 lr1=8.86e-04
05:27:33 INFO   e1 step  5650/6924  loss=0.2580  acc=0.8806  lr0=1.77e-05 lr1=8.84e-04
05:27:40 INFO   e1 step  5700/6924  loss=0.2564  acc=0.8815  lr0=1.76e-05 lr1=8.82e-04
05:27:47 INFO   e1 step  5750/6924  loss=0.2552  acc=0.8822  lr0=1.76e-05 lr1=8.80e-04
05:27:54 INFO   e1 step  5800/6924  loss=0.2538  acc=0.8830  lr0=1.76e-05 lr1=8.78e-04
05:28:01 INFO   e1 step  5850/6924  loss=0.2523  acc=0.8838  lr0=1.75e-05 lr1=8.76e-04
05:28:07 INFO   e1 step  5900/6924  loss=0.2507  acc=0.8847  lr0=1.75e-05 lr1=8.74e-04
05:28:14 INFO   e1 step  5950/6924  loss=0.2491  acc=0.8854  lr0=1.74e-05 lr1=8.72e-04
05:28:21 INFO   e1 step  6000/6924  loss=0.2477  acc=0.8862  lr0=1.74e-05 lr1=8.70e-04
05:28:28 INFO   e1 step  6050/6924  loss=0.2463  acc=0.8870  lr0=1.74e-05 lr1=8.68e-04
05:28:35 INFO   e1 step  6100/6924  loss=0.2452  acc=0.8877  lr0=1.73e-05 lr1=8.66e-04
05:28:42 INFO   e1 step  6150/6924  loss=0.2439  acc=0.8885  lr0=1.73e-05 lr1=8.64e-04
05:28:49 INFO   e1 step  6200/6924  loss=0.2427  acc=0.8892  lr0=1.72e-05 lr1=8.62e-04
05:28:56 INFO   e1 step  6250/6924  loss=0.2418  acc=0.8899  lr0=1.72e-05 lr1=8.60e-04
05:29:03 INFO   e1 step  6300/6924  loss=0.2407  acc=0.8906  lr0=1.72e-05 lr1=8.58e-04
05:29:10 INFO   e1 step  6350/6924  loss=0.2399  acc=0.8911  lr0=1.71e-05 lr1=8.56e-04
05:29:17 INFO   e1 step  6400/6924  loss=0.2389  acc=0.8918  lr0=1.71e-05 lr1=8.54e-04
05:29:24 INFO   e1 step  6450/6924  loss=0.2378  acc=0.8924  lr0=1.70e-05 lr1=8.52e-04
05:29:31 INFO   e1 step  6500/6924  loss=0.2364  acc=0.8931  lr0=1.70e-05 lr1=8.50e-04
05:29:38 INFO   e1 step  6550/6924  loss=0.2353  acc=0.8936  lr0=1.70e-05 lr1=8.48e-04
05:29:46 INFO   e1 step  6600/6924  loss=0.2344  acc=0.8942  lr0=1.69e-05 lr1=8.46e-04
05:29:52 INFO   e1 step  6650/6924  loss=0.2329  acc=0.8949  lr0=1.69e-05 lr1=8.44e-04
05:29:59 INFO   e1 step  6700/6924  loss=0.2319  acc=0.8955  lr0=1.68e-05 lr1=8.42e-04
05:30:06 INFO   e1 step  6750/6924  loss=0.2309  acc=0.8961  lr0=1.68e-05 lr1=8.40e-04
05:30:13 INFO   e1 step  6800/6924  loss=0.2298  acc=0.8968  lr0=1.68e-05 lr1=8.38e-04
05:30:20 INFO   e1 step  6850/6924  loss=0.2288  acc=0.8973  lr0=1.67e-05 lr1=8.36e-04
05:30:27 INFO   e1 step  6900/6924  loss=0.2276  acc=0.8979  lr0=1.67e-05 lr1=8.34e-04
05:30:43 INFO [epoch 1] train_loss=0.2269 train_acc=0.8982  val_loss=0.9481 val_acc=0.8599 val_auc=0.9123  elapsed=980.5s
05:30:44 INFO   saved best.pt  val_acc=0.8599
05:30:51 INFO   e2 step    50/6924  loss=0.0624  acc=0.9812  lr0=1.66e-05 lr1=8.31e-04
05:30:58 INFO   e2 step   100/6924  loss=0.0668  acc=0.9812  lr0=1.66e-05 lr1=8.29e-04
05:31:05 INFO   e2 step   150/6924  loss=0.0539  acc=0.9842  lr0=1.65e-05 lr1=8.27e-04
05:31:12 INFO   e2 step   200/6924  loss=0.0635  acc=0.9828  lr0=1.65e-05 lr1=8.25e-04
05:31:19 INFO   e2 step   250/6924  loss=0.0679  acc=0.9820  lr0=1.65e-05 lr1=8.23e-04
05:31:26 INFO   e2 step   300/6924  loss=0.0760  acc=0.9802  lr0=1.64e-05 lr1=8.21e-04
05:31:33 INFO   e2 step   350/6924  loss=0.0804  acc=0.9782  lr0=1.64e-05 lr1=8.19e-04
05:31:40 INFO   e2 step   400/6924  loss=0.0803  acc=0.9780  lr0=1.63e-05 lr1=8.17e-04
05:31:47 INFO   e2 step   450/6924  loss=0.0774  acc=0.9783  lr0=1.63e-05 lr1=8.15e-04
05:31:54 INFO   e2 step   500/6924  loss=0.0767  acc=0.9785  lr0=1.63e-05 lr1=8.13e-04
05:32:01 INFO   e2 step   550/6924  loss=0.0781  acc=0.9788  lr0=1.62e-05 lr1=8.11e-04
05:32:08 INFO   e2 step   600/6924  loss=0.0771  acc=0.9792  lr0=1.62e-05 lr1=8.09e-04
05:32:15 INFO   e2 step   650/6924  loss=0.0773  acc=0.9789  lr0=1.61e-05 lr1=8.07e-04
05:32:22 INFO   e2 step   700/6924  loss=0.0773  acc=0.9786  lr0=1.61e-05 lr1=8.05e-04
05:32:29 INFO   e2 step   750/6924  loss=0.0776  acc=0.9784  lr0=1.61e-05 lr1=8.03e-04
05:32:35 INFO   e2 step   800/6924  loss=0.0745  acc=0.9792  lr0=1.60e-05 lr1=8.01e-04
05:32:42 INFO   e2 step   850/6924  loss=0.0730  acc=0.9797  lr0=1.60e-05 lr1=7.99e-04
05:32:49 INFO   e2 step   900/6924  loss=0.0707  acc=0.9801  lr0=1.59e-05 lr1=7.97e-04
05:32:56 INFO   e2 step   950/6924  loss=0.0737  acc=0.9798  lr0=1.59e-05 lr1=7.95e-04
05:33:03 INFO   e2 step  1000/6924  loss=0.0731  acc=0.9798  lr0=1.59e-05 lr1=7.93e-04
05:33:10 INFO   e2 step  1050/6924  loss=0.0728  acc=0.9799  lr0=1.58e-05 lr1=7.91e-04
05:33:17 INFO   e2 step  1100/6924  loss=0.0724  acc=0.9799  lr0=1.58e-05 lr1=7.89e-04
05:33:24 INFO   e2 step  1150/6924  loss=0.0723  acc=0.9798  lr0=1.57e-05 lr1=7.87e-04
05:33:31 INFO   e2 step  1200/6924  loss=0.0722  acc=0.9798  lr0=1.57e-05 lr1=7.85e-04
05:33:38 INFO   e2 step  1250/6924  loss=0.0716  acc=0.9798  lr0=1.57e-05 lr1=7.83e-04
05:33:45 INFO   e2 step  1300/6924  loss=0.0707  acc=0.9799  lr0=1.56e-05 lr1=7.81e-04
05:33:52 INFO   e2 step  1350/6924  loss=0.0699  acc=0.9798  lr0=1.56e-05 lr1=7.79e-04
05:33:59 INFO   e2 step  1400/6924  loss=0.0698  acc=0.9800  lr0=1.55e-05 lr1=7.77e-04
05:34:06 INFO   e2 step  1450/6924  loss=0.0690  acc=0.9801  lr0=1.55e-05 lr1=7.75e-04
05:34:13 INFO   e2 step  1500/6924  loss=0.0696  acc=0.9800  lr0=1.55e-05 lr1=7.73e-04
05:34:20 INFO   e2 step  1550/6924  loss=0.0696  acc=0.9802  lr0=1.54e-05 lr1=7.71e-04
05:34:27 INFO   e2 step  1600/6924  loss=0.0689  acc=0.9803  lr0=1.54e-05 lr1=7.69e-04
05:34:34 INFO   e2 step  1650/6924  loss=0.0688  acc=0.9803  lr0=1.53e-05 lr1=7.67e-04
05:34:41 INFO   e2 step  1700/6924  loss=0.0682  acc=0.9805  lr0=1.53e-05 lr1=7.65e-04
05:34:48 INFO   e2 step  1750/6924  loss=0.0689  acc=0.9804  lr0=1.53e-05 lr1=7.63e-04
05:34:55 INFO   e2 step  1800/6924  loss=0.0687  acc=0.9804  lr0=1.52e-05 lr1=7.61e-04
05:35:02 INFO   e2 step  1850/6924  loss=0.0688  acc=0.9803  lr0=1.52e-05 lr1=7.59e-04
05:35:09 INFO   e2 step  1900/6924  loss=0.0682  acc=0.9804  lr0=1.51e-05 lr1=7.57e-04
05:35:16 INFO   e2 step  1950/6924  loss=0.0674  acc=0.9806  lr0=1.51e-05 lr1=7.55e-04
05:35:23 INFO   e2 step  2000/6924  loss=0.0671  acc=0.9807  lr0=1.51e-05 lr1=7.53e-04
05:35:30 INFO   e2 step  2050/6924  loss=0.0671  acc=0.9806  lr0=1.50e-05 lr1=7.51e-04
05:35:38 INFO   e2 step  2100/6924  loss=0.0668  acc=0.9807  lr0=1.50e-05 lr1=7.49e-04
05:35:45 INFO   e2 step  2150/6924  loss=0.0665  acc=0.9808  lr0=1.49e-05 lr1=7.47e-04
05:35:52 INFO   e2 step  2200/6924  loss=0.0663  acc=0.9809  lr0=1.49e-05 lr1=7.45e-04
05:35:59 INFO   e2 step  2250/6924  loss=0.0661  acc=0.9810  lr0=1.49e-05 lr1=7.43e-04
05:36:06 INFO   e2 step  2300/6924  loss=0.0657  acc=0.9812  lr0=1.48e-05 lr1=7.41e-04
05:36:13 INFO   e2 step  2350/6924  loss=0.0660  acc=0.9811  lr0=1.48e-05 lr1=7.39e-04
05:36:20 INFO   e2 step  2400/6924  loss=0.0658  acc=0.9810  lr0=1.47e-05 lr1=7.37e-04
05:36:27 INFO   e2 step  2450/6924  loss=0.0659  acc=0.9809  lr0=1.47e-05 lr1=7.35e-04
05:36:33 INFO   e2 step  2500/6924  loss=0.0655  acc=0.9809  lr0=1.47e-05 lr1=7.33e-04
05:36:41 INFO   e2 step  2550/6924  loss=0.0651  acc=0.9810  lr0=1.46e-05 lr1=7.31e-04
05:36:48 INFO   e2 step  2600/6924  loss=0.0648  acc=0.9811  lr0=1.46e-05 lr1=7.29e-04
05:36:55 INFO   e2 step  2650/6924  loss=0.0642  acc=0.9811  lr0=1.45e-05 lr1=7.27e-04
05:37:01 INFO   e2 step  2700/6924  loss=0.0638  acc=0.9812  lr0=1.45e-05 lr1=7.25e-04
05:37:08 INFO   e2 step  2750/6924  loss=0.0638  acc=0.9812  lr0=1.45e-05 lr1=7.23e-04
05:37:15 INFO   e2 step  2800/6924  loss=0.0636  acc=0.9812  lr0=1.44e-05 lr1=7.21e-04
05:37:22 INFO   e2 step  2850/6924  loss=0.0635  acc=0.9811  lr0=1.44e-05 lr1=7.19e-04
05:37:29 INFO   e2 step  2900/6924  loss=0.0636  acc=0.9811  lr0=1.43e-05 lr1=7.17e-04
05:37:36 INFO   e2 step  2950/6924  loss=0.0640  acc=0.9811  lr0=1.43e-05 lr1=7.15e-04
05:37:43 INFO   e2 step  3000/6924  loss=0.0642  acc=0.9811  lr0=1.43e-05 lr1=7.13e-04
05:37:50 INFO   e2 step  3050/6924  loss=0.0640  acc=0.9812  lr0=1.42e-05 lr1=7.11e-04
05:37:57 INFO   e2 step  3100/6924  loss=0.0638  acc=0.9813  lr0=1.42e-05 lr1=7.09e-04
05:38:04 INFO   e2 step  3150/6924  loss=0.0635  acc=0.9813  lr0=1.41e-05 lr1=7.07e-04
05:38:11 INFO   e2 step  3200/6924  loss=0.0634  acc=0.9814  lr0=1.41e-05 lr1=7.05e-04
05:38:18 INFO   e2 step  3250/6924  loss=0.0636  acc=0.9814  lr0=1.41e-05 lr1=7.03e-04
05:38:25 INFO   e2 step  3300/6924  loss=0.0635  acc=0.9814  lr0=1.40e-05 lr1=7.01e-04
05:38:32 INFO   e2 step  3350/6924  loss=0.0632  acc=0.9814  lr0=1.40e-05 lr1=6.99e-04
05:38:39 INFO   e2 step  3400/6924  loss=0.0627  acc=0.9816  lr0=1.39e-05 lr1=6.97e-04
05:38:46 INFO   e2 step  3450/6924  loss=0.0624  acc=0.9816  lr0=1.39e-05 lr1=6.95e-04
05:38:53 INFO   e2 step  3500/6924  loss=0.0621  acc=0.9816  lr0=1.39e-05 lr1=6.93e-04
05:39:00 INFO   e2 step  3550/6924  loss=0.0618  acc=0.9817  lr0=1.38e-05 lr1=6.91e-04
05:39:07 INFO   e2 step  3600/6924  loss=0.0617  acc=0.9816  lr0=1.38e-05 lr1=6.89e-04
05:39:14 INFO   e2 step  3650/6924  loss=0.0614  acc=0.9818  lr0=1.37e-05 lr1=6.87e-04
05:39:20 INFO   e2 step  3700/6924  loss=0.0612  acc=0.9818  lr0=1.37e-05 lr1=6.85e-04
05:39:27 INFO   e2 step  3750/6924  loss=0.0610  acc=0.9818  lr0=1.37e-05 lr1=6.83e-04
05:39:34 INFO   e2 step  3800/6924  loss=0.0607  acc=0.9818  lr0=1.36e-05 lr1=6.81e-04
05:39:41 INFO   e2 step  3850/6924  loss=0.0604  acc=0.9819  lr0=1.36e-05 lr1=6.79e-04
05:39:49 INFO   e2 step  3900/6924  loss=0.0600  acc=0.9820  lr0=1.35e-05 lr1=6.77e-04
05:39:56 INFO   e2 step  3950/6924  loss=0.0596  acc=0.9820  lr0=1.35e-05 lr1=6.75e-04
05:40:02 INFO   e2 step  4000/6924  loss=0.0592  acc=0.9821  lr0=1.35e-05 lr1=6.73e-04
05:40:09 INFO   e2 step  4050/6924  loss=0.0592  acc=0.9821  lr0=1.34e-05 lr1=6.71e-04
05:40:16 INFO   e2 step  4100/6924  loss=0.0590  acc=0.9822  lr0=1.34e-05 lr1=6.69e-04
05:40:23 INFO   e2 step  4150/6924  loss=0.0588  acc=0.9822  lr0=1.33e-05 lr1=6.67e-04
05:40:30 INFO   e2 step  4200/6924  loss=0.0585  acc=0.9823  lr0=1.33e-05 lr1=6.65e-04
05:40:37 INFO   e2 step  4250/6924  loss=0.0580  acc=0.9823  lr0=1.33e-05 lr1=6.63e-04
05:40:44 INFO   e2 step  4300/6924  loss=0.0577  acc=0.9824  lr0=1.32e-05 lr1=6.61e-04
05:40:51 INFO   e2 step  4350/6924  loss=0.0580  acc=0.9823  lr0=1.32e-05 lr1=6.59e-04
05:40:58 INFO   e2 step  4400/6924  loss=0.0580  acc=0.9823  lr0=1.31e-05 lr1=6.57e-04
05:41:05 INFO   e2 step  4450/6924  loss=0.0580  acc=0.9823  lr0=1.31e-05 lr1=6.55e-04
05:41:12 INFO   e2 step  4500/6924  loss=0.0575  acc=0.9824  lr0=1.31e-05 lr1=6.53e-04
05:41:19 INFO   e2 step  4550/6924  loss=0.0572  acc=0.9825  lr0=1.30e-05 lr1=6.51e-04
05:41:26 INFO   e2 step  4600/6924  loss=0.0568  acc=0.9826  lr0=1.30e-05 lr1=6.49e-04
05:41:33 INFO   e2 step  4650/6924  loss=0.0567  acc=0.9826  lr0=1.29e-05 lr1=6.47e-04
05:41:40 INFO   e2 step  4700/6924  loss=0.0566  acc=0.9827  lr0=1.29e-05 lr1=6.45e-04
05:41:47 INFO   e2 step  4750/6924  loss=0.0564  acc=0.9827  lr0=1.29e-05 lr1=6.43e-04
05:41:54 INFO   e2 step  4800/6924  loss=0.0563  acc=0.9828  lr0=1.28e-05 lr1=6.41e-04
05:42:01 INFO   e2 step  4850/6924  loss=0.0562  acc=0.9827  lr0=1.28e-05 lr1=6.39e-04
05:42:08 INFO   e2 step  4900/6924  loss=0.0559  acc=0.9828  lr0=1.27e-05 lr1=6.37e-04
05:42:15 INFO   e2 step  4950/6924  loss=0.0557  acc=0.9828  lr0=1.27e-05 lr1=6.35e-04
05:42:22 INFO   e2 step  5000/6924  loss=0.0556  acc=0.9829  lr0=1.27e-05 lr1=6.33e-04
05:42:29 INFO   e2 step  5050/6924  loss=0.0553  acc=0.9830  lr0=1.26e-05 lr1=6.31e-04
05:42:36 INFO   e2 step  5100/6924  loss=0.0550  acc=0.9830  lr0=1.26e-05 lr1=6.29e-04
05:42:43 INFO   e2 step  5150/6924  loss=0.0548  acc=0.9831  lr0=1.25e-05 lr1=6.27e-04
05:42:50 INFO   e2 step  5200/6924  loss=0.0548  acc=0.9831  lr0=1.25e-05 lr1=6.25e-04
05:42:57 INFO   e2 step  5250/6924  loss=0.0545  acc=0.9832  lr0=1.25e-05 lr1=6.23e-04
05:43:04 INFO   e2 step  5300/6924  loss=0.0545  acc=0.9832  lr0=1.24e-05 lr1=6.21e-04
05:43:11 INFO   e2 step  5350/6924  loss=0.0543  acc=0.9833  lr0=1.24e-05 lr1=6.19e-04
05:43:18 INFO   e2 step  5400/6924  loss=0.0540  acc=0.9833  lr0=1.23e-05 lr1=6.17e-04
05:43:26 INFO   e2 step  5450/6924  loss=0.0540  acc=0.9833  lr0=1.23e-05 lr1=6.15e-04
05:43:32 INFO   e2 step  5500/6924  loss=0.0540  acc=0.9834  lr0=1.23e-05 lr1=6.13e-04
05:43:40 INFO   e2 step  5550/6924  loss=0.0539  acc=0.9834  lr0=1.22e-05 lr1=6.11e-04
05:43:47 INFO   e2 step  5600/6924  loss=0.0540  acc=0.9834  lr0=1.22e-05 lr1=6.09e-04
05:43:54 INFO   e2 step  5650/6924  loss=0.0539  acc=0.9834  lr0=1.21e-05 lr1=6.07e-04
05:44:00 INFO   e2 step  5700/6924  loss=0.0537  acc=0.9835  lr0=1.21e-05 lr1=6.05e-04
05:44:07 INFO   e2 step  5750/6924  loss=0.0535  acc=0.9835  lr0=1.21e-05 lr1=6.03e-04
05:44:14 INFO   e2 step  5800/6924  loss=0.0534  acc=0.9835  lr0=1.20e-05 lr1=6.01e-04
05:44:21 INFO   e2 step  5850/6924  loss=0.0532  acc=0.9836  lr0=1.20e-05 lr1=5.99e-04
05:44:28 INFO   e2 step  5900/6924  loss=0.0532  acc=0.9836  lr0=1.19e-05 lr1=5.97e-04
05:44:35 INFO   e2 step  5950/6924  loss=0.0531  acc=0.9836  lr0=1.19e-05 lr1=5.95e-04
05:44:42 INFO   e2 step  6000/6924  loss=0.0531  acc=0.9836  lr0=1.19e-05 lr1=5.93e-04
05:44:49 INFO   e2 step  6050/6924  loss=0.0530  acc=0.9836  lr0=1.18e-05 lr1=5.91e-04
05:44:56 INFO   e2 step  6100/6924  loss=0.0529  acc=0.9837  lr0=1.18e-05 lr1=5.89e-04
05:45:03 INFO   e2 step  6150/6924  loss=0.0528  acc=0.9837  lr0=1.17e-05 lr1=5.87e-04
05:45:09 INFO   e2 step  6200/6924  loss=0.0527  acc=0.9837  lr0=1.17e-05 lr1=5.85e-04
05:45:16 INFO   e2 step  6250/6924  loss=0.0528  acc=0.9837  lr0=1.17e-05 lr1=5.83e-04
05:45:23 INFO   e2 step  6300/6924  loss=0.0526  acc=0.9838  lr0=1.16e-05 lr1=5.81e-04
05:45:30 INFO   e2 step  6350/6924  loss=0.0527  acc=0.9838  lr0=1.16e-05 lr1=5.79e-04
05:45:37 INFO   e2 step  6400/6924  loss=0.0526  acc=0.9838  lr0=1.15e-05 lr1=5.77e-04
05:45:44 INFO   e2 step  6450/6924  loss=0.0525  acc=0.9838  lr0=1.15e-05 lr1=5.75e-04
05:45:51 INFO   e2 step  6500/6924  loss=0.0525  acc=0.9838  lr0=1.15e-05 lr1=5.73e-04
05:45:58 INFO   e2 step  6550/6924  loss=0.0525  acc=0.9838  lr0=1.14e-05 lr1=5.71e-04
05:46:05 INFO   e2 step  6600/6924  loss=0.0523  acc=0.9838  lr0=1.14e-05 lr1=5.69e-04
05:46:12 INFO   e2 step  6650/6924  loss=0.0521  acc=0.9839  lr0=1.13e-05 lr1=5.67e-04
05:46:19 INFO   e2 step  6700/6924  loss=0.0520  acc=0.9839  lr0=1.13e-05 lr1=5.65e-04
05:46:26 INFO   e2 step  6750/6924  loss=0.0519  acc=0.9840  lr0=1.13e-05 lr1=5.63e-04
05:46:33 INFO   e2 step  6800/6924  loss=0.0517  acc=0.9840  lr0=1.12e-05 lr1=5.61e-04
05:46:40 INFO   e2 step  6850/6924  loss=0.0516  acc=0.9840  lr0=1.12e-05 lr1=5.59e-04
05:46:47 INFO   e2 step  6900/6924  loss=0.0516  acc=0.9840  lr0=1.11e-05 lr1=5.57e-04
05:47:01 INFO [epoch 2] train_loss=0.0514 train_acc=0.9841  val_loss=1.1412 val_acc=0.8561 val_auc=0.8988  elapsed=976.9s
05:47:08 INFO   e3 step    50/6924  loss=0.0287  acc=0.9862  lr0=1.11e-05 lr1=5.54e-04
05:47:15 INFO   e3 step   100/6924  loss=0.0256  acc=0.9862  lr0=1.10e-05 lr1=5.52e-04
05:47:22 INFO   e3 step   150/6924  loss=0.0266  acc=0.9879  lr0=1.10e-05 lr1=5.50e-04
05:47:29 INFO   e3 step   200/6924  loss=0.0303  acc=0.9872  lr0=1.10e-05 lr1=5.48e-04
05:47:36 INFO   e3 step   250/6924  loss=0.0307  acc=0.9878  lr0=1.09e-05 lr1=5.46e-04
05:47:43 INFO   e3 step   300/6924  loss=0.0303  acc=0.9881  lr0=1.09e-05 lr1=5.44e-04
05:47:50 INFO   e3 step   350/6924  loss=0.0308  acc=0.9877  lr0=1.08e-05 lr1=5.42e-04
05:47:57 INFO   e3 step   400/6924  loss=0.0326  acc=0.9870  lr0=1.08e-05 lr1=5.39e-04
05:48:04 INFO   e3 step   450/6924  loss=0.0327  acc=0.9874  lr0=1.07e-05 lr1=5.37e-04
05:48:10 INFO   e3 step   500/6924  loss=0.0320  acc=0.9880  lr0=1.07e-05 lr1=5.35e-04
05:48:18 INFO   e3 step   550/6924  loss=0.0308  acc=0.9883  lr0=1.07e-05 lr1=5.33e-04
05:48:24 INFO   e3 step   600/6924  loss=0.0311  acc=0.9883  lr0=1.06e-05 lr1=5.31e-04
05:48:31 INFO   e3 step   650/6924  loss=0.0313  acc=0.9883  lr0=1.06e-05 lr1=5.29e-04
05:48:38 INFO   e3 step   700/6924  loss=0.0324  acc=0.9880  lr0=1.05e-05 lr1=5.27e-04
05:48:45 INFO   e3 step   750/6924  loss=0.0327  acc=0.9879  lr0=1.05e-05 lr1=5.25e-04
05:48:52 INFO   e3 step   800/6924  loss=0.0314  acc=0.9882  lr0=1.05e-05 lr1=5.23e-04
05:48:59 INFO   e3 step   850/6924  loss=0.0320  acc=0.9885  lr0=1.04e-05 lr1=5.21e-04
05:49:06 INFO   e3 step   900/6924  loss=0.0327  acc=0.9882  lr0=1.04e-05 lr1=5.19e-04
05:49:13 INFO   e3 step   950/6924  loss=0.0324  acc=0.9881  lr0=1.03e-05 lr1=5.17e-04
05:49:20 INFO   e3 step  1000/6924  loss=0.0331  acc=0.9878  lr0=1.03e-05 lr1=5.15e-04
05:49:27 INFO   e3 step  1050/6924  loss=0.0332  acc=0.9875  lr0=1.03e-05 lr1=5.13e-04
05:49:34 INFO   e3 step  1100/6924  loss=0.0339  acc=0.9871  lr0=1.02e-05 lr1=5.11e-04
05:49:41 INFO   e3 step  1150/6924  loss=0.0331  acc=0.9871  lr0=1.02e-05 lr1=5.09e-04
05:49:48 INFO   e3 step  1200/6924  loss=0.0341  acc=0.9869  lr0=1.01e-05 lr1=5.07e-04
05:49:55 INFO   e3 step  1250/6924  loss=0.0346  acc=0.9867  lr0=1.01e-05 lr1=5.05e-04
05:50:02 INFO   e3 step  1300/6924  loss=0.0345  acc=0.9867  lr0=1.01e-05 lr1=5.03e-04
05:50:09 INFO   e3 step  1350/6924  loss=0.0345  acc=0.9864  lr0=1.00e-05 lr1=5.01e-04
05:50:16 INFO   e3 step  1400/6924  loss=0.0349  acc=0.9863  lr0=9.99e-06 lr1=4.99e-04
05:50:23 INFO   e3 step  1450/6924  loss=0.0346  acc=0.9863  lr0=9.95e-06 lr1=4.97e-04
05:50:30 INFO   e3 step  1500/6924  loss=0.0344  acc=0.9864  lr0=9.91e-06 lr1=4.95e-04
05:50:37 INFO   e3 step  1550/6924  loss=0.0346  acc=0.9866  lr0=9.87e-06 lr1=4.93e-04
05:50:44 INFO   e3 step  1600/6924  loss=0.0340  acc=0.9868  lr0=9.83e-06 lr1=4.91e-04
05:50:51 INFO   e3 step  1650/6924  loss=0.0344  acc=0.9866  lr0=9.79e-06 lr1=4.89e-04
05:50:58 INFO   e3 step  1700/6924  loss=0.0345  acc=0.9866  lr0=9.75e-06 lr1=4.87e-04
05:51:05 INFO   e3 step  1750/6924  loss=0.0350  acc=0.9866  lr0=9.71e-06 lr1=4.85e-04
05:51:12 INFO   e3 step  1800/6924  loss=0.0348  acc=0.9867  lr0=9.67e-06 lr1=4.83e-04
05:51:19 INFO   e3 step  1850/6924  loss=0.0344  acc=0.9867  lr0=9.63e-06 lr1=4.81e-04
05:51:26 INFO   e3 step  1900/6924  loss=0.0342  acc=0.9868  lr0=9.59e-06 lr1=4.79e-04
05:51:33 INFO   e3 step  1950/6924  loss=0.0346  acc=0.9867  lr0=9.55e-06 lr1=4.77e-04
05:51:40 INFO   e3 step  2000/6924  loss=0.0346  acc=0.9867  lr0=9.51e-06 lr1=4.75e-04
05:51:47 INFO   e3 step  2050/6924  loss=0.0349  acc=0.9866  lr0=9.47e-06 lr1=4.73e-04
05:51:54 INFO   e3 step  2100/6924  loss=0.0349  acc=0.9866  lr0=9.43e-06 lr1=4.71e-04
05:52:01 INFO   e3 step  2150/6924  loss=0.0349  acc=0.9868  lr0=9.39e-06 lr1=4.69e-04
05:52:08 INFO   e3 step  2200/6924  loss=0.0352  acc=0.9868  lr0=9.35e-06 lr1=4.67e-04
05:52:15 INFO   e3 step  2250/6924  loss=0.0351  acc=0.9868  lr0=9.31e-06 lr1=4.65e-04
05:52:22 INFO   e3 step  2300/6924  loss=0.0350  acc=0.9869  lr0=9.27e-06 lr1=4.63e-04
05:52:29 INFO   e3 step  2350/6924  loss=0.0346  acc=0.9871  lr0=9.23e-06 lr1=4.61e-04
05:52:36 INFO   e3 step  2400/6924  loss=0.0347  acc=0.9871  lr0=9.19e-06 lr1=4.59e-04
05:52:44 INFO   e3 step  2450/6924  loss=0.0345  acc=0.9872  lr0=9.15e-06 lr1=4.57e-04
05:52:50 INFO   e3 step  2500/6924  loss=0.0345  acc=0.9872  lr0=9.10e-06 lr1=4.55e-04
05:52:57 INFO   e3 step  2550/6924  loss=0.0343  acc=0.9874  lr0=9.06e-06 lr1=4.53e-04
05:53:04 INFO   e3 step  2600/6924  loss=0.0343  acc=0.9874  lr0=9.02e-06 lr1=4.51e-04
05:53:11 INFO   e3 step  2650/6924  loss=0.0348  acc=0.9874  lr0=8.98e-06 lr1=4.49e-04
05:53:18 INFO   e3 step  2700/6924  loss=0.0348  acc=0.9874  lr0=8.94e-06 lr1=4.47e-04
05:53:25 INFO   e3 step  2750/6924  loss=0.0353  acc=0.9875  lr0=8.90e-06 lr1=4.45e-04
05:53:32 INFO   e3 step  2800/6924  loss=0.0356  acc=0.9874  lr0=8.86e-06 lr1=4.43e-04
05:53:39 INFO   e3 step  2850/6924  loss=0.0355  acc=0.9875  lr0=8.82e-06 lr1=4.41e-04
05:53:46 INFO   e3 step  2900/6924  loss=0.0355  acc=0.9875  lr0=8.78e-06 lr1=4.39e-04
05:53:53 INFO   e3 step  2950/6924  loss=0.0353  acc=0.9876  lr0=8.74e-06 lr1=4.37e-04
05:54:00 INFO   e3 step  3000/6924  loss=0.0356  acc=0.9876  lr0=8.70e-06 lr1=4.35e-04
05:54:07 INFO   e3 step  3050/6924  loss=0.0355  acc=0.9876  lr0=8.66e-06 lr1=4.33e-04
05:54:14 INFO   e3 step  3100/6924  loss=0.0355  acc=0.9875  lr0=8.62e-06 lr1=4.31e-04
05:54:20 INFO   e3 step  3150/6924  loss=0.0352  acc=0.9876  lr0=8.58e-06 lr1=4.29e-04
05:54:27 INFO   e3 step  3200/6924  loss=0.0351  acc=0.9876  lr0=8.54e-06 lr1=4.27e-04
05:54:35 INFO   e3 step  3250/6924  loss=0.0349  acc=0.9876  lr0=8.50e-06 lr1=4.25e-04
05:54:42 INFO   e3 step  3300/6924  loss=0.0346  acc=0.9877  lr0=8.46e-06 lr1=4.23e-04
05:54:49 INFO   e3 step  3350/6924  loss=0.0344  acc=0.9877  lr0=8.42e-06 lr1=4.21e-04
05:54:55 INFO   e3 step  3400/6924  loss=0.0342  acc=0.9878  lr0=8.38e-06 lr1=4.19e-04
05:55:03 INFO   e3 step  3450/6924  loss=0.0342  acc=0.9878  lr0=8.34e-06 lr1=4.17e-04
05:55:10 INFO   e3 step  3500/6924  loss=0.0342  acc=0.9878  lr0=8.30e-06 lr1=4.15e-04
05:55:17 INFO   e3 step  3550/6924  loss=0.0340  acc=0.9879  lr0=8.26e-06 lr1=4.13e-04
05:55:24 INFO   e3 step  3600/6924  loss=0.0340  acc=0.9879  lr0=8.22e-06 lr1=4.11e-04
05:55:31 INFO   e3 step  3650/6924  loss=0.0341  acc=0.9879  lr0=8.18e-06 lr1=4.09e-04
05:55:38 INFO   e3 step  3700/6924  loss=0.0339  acc=0.9880  lr0=8.14e-06 lr1=4.07e-04
05:55:45 INFO   e3 step  3750/6924  loss=0.0337  acc=0.9880  lr0=8.10e-06 lr1=4.05e-04
05:55:52 INFO   e3 step  3800/6924  loss=0.0336  acc=0.9881  lr0=8.06e-06 lr1=4.03e-04
05:55:59 INFO   e3 step  3850/6924  loss=0.0334  acc=0.9881  lr0=8.02e-06 lr1=4.01e-04
05:56:06 INFO   e3 step  3900/6924  loss=0.0335  acc=0.9881  lr0=7.98e-06 lr1=3.99e-04
05:56:13 INFO   e3 step  3950/6924  loss=0.0334  acc=0.9881  lr0=7.94e-06 lr1=3.97e-04
05:56:20 INFO   e3 step  4000/6924  loss=0.0334  acc=0.9881  lr0=7.90e-06 lr1=3.95e-04
05:56:27 INFO   e3 step  4050/6924  loss=0.0333  acc=0.9881  lr0=7.86e-06 lr1=3.93e-04
05:56:34 INFO   e3 step  4100/6924  loss=0.0334  acc=0.9882  lr0=7.82e-06 lr1=3.91e-04
05:56:41 INFO   e3 step  4150/6924  loss=0.0334  acc=0.9882  lr0=7.78e-06 lr1=3.89e-04
05:56:48 INFO   e3 step  4200/6924  loss=0.0332  acc=0.9883  lr0=7.74e-06 lr1=3.87e-04
05:56:55 INFO   e3 step  4250/6924  loss=0.0331  acc=0.9884  lr0=7.70e-06 lr1=3.85e-04
05:57:02 INFO   e3 step  4300/6924  loss=0.0332  acc=0.9883  lr0=7.66e-06 lr1=3.83e-04
05:57:09 INFO   e3 step  4350/6924  loss=0.0330  acc=0.9883  lr0=7.62e-06 lr1=3.81e-04
05:57:16 INFO   e3 step  4400/6924  loss=0.0331  acc=0.9883  lr0=7.58e-06 lr1=3.79e-04
05:57:23 INFO   e3 step  4450/6924  loss=0.0331  acc=0.9883  lr0=7.54e-06 lr1=3.77e-04
05:57:30 INFO   e3 step  4500/6924  loss=0.0331  acc=0.9883  lr0=7.50e-06 lr1=3.75e-04
05:57:37 INFO   e3 step  4550/6924  loss=0.0330  acc=0.9884  lr0=7.46e-06 lr1=3.73e-04
05:57:44 INFO   e3 step  4600/6924  loss=0.0328  acc=0.9884  lr0=7.42e-06 lr1=3.71e-04
05:57:51 INFO   e3 step  4650/6924  loss=0.0326  acc=0.9885  lr0=7.38e-06 lr1=3.69e-04
05:57:58 INFO   e3 step  4700/6924  loss=0.0328  acc=0.9884  lr0=7.34e-06 lr1=3.67e-04
05:58:05 INFO   e3 step  4750/6924  loss=0.0329  acc=0.9884  lr0=7.30e-06 lr1=3.65e-04
05:58:12 INFO   e3 step  4800/6924  loss=0.0330  acc=0.9883  lr0=7.26e-06 lr1=3.63e-04
05:58:19 INFO   e3 step  4850/6924  loss=0.0329  acc=0.9884  lr0=7.22e-06 lr1=3.61e-04
05:58:26 INFO   e3 step  4900/6924  loss=0.0329  acc=0.9884  lr0=7.18e-06 lr1=3.59e-04
05:58:33 INFO   e3 step  4950/6924  loss=0.0328  acc=0.9884  lr0=7.14e-06 lr1=3.57e-04
05:58:40 INFO   e3 step  5000/6924  loss=0.0328  acc=0.9884  lr0=7.10e-06 lr1=3.55e-04
05:58:47 INFO   e3 step  5050/6924  loss=0.0327  acc=0.9884  lr0=7.06e-06 lr1=3.53e-04
05:58:54 INFO   e3 step  5100/6924  loss=0.0325  acc=0.9885  lr0=7.02e-06 lr1=3.51e-04
05:59:01 INFO   e3 step  5150/6924  loss=0.0323  acc=0.9885  lr0=6.98e-06 lr1=3.49e-04
05:59:08 INFO   e3 step  5200/6924  loss=0.0322  acc=0.9885  lr0=6.94e-06 lr1=3.47e-04
05:59:15 INFO   e3 step  5250/6924  loss=0.0322  acc=0.9885  lr0=6.90e-06 lr1=3.45e-04
05:59:22 INFO   e3 step  5300/6924  loss=0.0321  acc=0.9886  lr0=6.86e-06 lr1=3.43e-04
05:59:28 INFO   e3 step  5350/6924  loss=0.0320  acc=0.9886  lr0=6.82e-06 lr1=3.41e-04
05:59:35 INFO   e3 step  5400/6924  loss=0.0321  acc=0.9886  lr0=6.78e-06 lr1=3.39e-04
05:59:42 INFO   e3 step  5450/6924  loss=0.0321  acc=0.9886  lr0=6.74e-06 lr1=3.37e-04
05:59:49 INFO   e3 step  5500/6924  loss=0.0320  acc=0.9886  lr0=6.70e-06 lr1=3.35e-04
05:59:56 INFO   e3 step  5550/6924  loss=0.0318  acc=0.9887  lr0=6.66e-06 lr1=3.33e-04
06:00:03 INFO   e3 step  5600/6924  loss=0.0317  acc=0.9887  lr0=6.62e-06 lr1=3.31e-04
06:00:11 INFO   e3 step  5650/6924  loss=0.0318  acc=0.9887  lr0=6.58e-06 lr1=3.29e-04
06:00:18 INFO   e3 step  5700/6924  loss=0.0317  acc=0.9887  lr0=6.54e-06 lr1=3.27e-04
06:00:25 INFO   e3 step  5750/6924  loss=0.0316  acc=0.9887  lr0=6.50e-06 lr1=3.25e-04
06:00:32 INFO   e3 step  5800/6924  loss=0.0314  acc=0.9887  lr0=6.46e-06 lr1=3.23e-04
06:00:38 INFO   e3 step  5850/6924  loss=0.0314  acc=0.9887  lr0=6.42e-06 lr1=3.21e-04
06:00:45 INFO   e3 step  5900/6924  loss=0.0313  acc=0.9887  lr0=6.38e-06 lr1=3.19e-04
06:00:53 INFO   e3 step  5950/6924  loss=0.0314  acc=0.9887  lr0=6.34e-06 lr1=3.17e-04
06:00:59 INFO   e3 step  6000/6924  loss=0.0313  acc=0.9887  lr0=6.30e-06 lr1=3.15e-04
06:01:06 INFO   e3 step  6050/6924  loss=0.0311  acc=0.9888  lr0=6.26e-06 lr1=3.13e-04
06:01:13 INFO   e3 step  6100/6924  loss=0.0311  acc=0.9888  lr0=6.22e-06 lr1=3.11e-04
06:01:21 INFO   e3 step  6150/6924  loss=0.0312  acc=0.9888  lr0=6.18e-06 lr1=3.09e-04
06:01:27 INFO   e3 step  6200/6924  loss=0.0311  acc=0.9887  lr0=6.14e-06 lr1=3.07e-04
06:01:34 INFO   e3 step  6250/6924  loss=0.0311  acc=0.9887  lr0=6.10e-06 lr1=3.05e-04
06:01:41 INFO   e3 step  6300/6924  loss=0.0310  acc=0.9887  lr0=6.06e-06 lr1=3.03e-04
06:01:48 INFO   e3 step  6350/6924  loss=0.0309  acc=0.9887  lr0=6.02e-06 lr1=3.01e-04
06:01:55 INFO   e3 step  6400/6924  loss=0.0309  acc=0.9887  lr0=5.98e-06 lr1=2.99e-04
06:02:02 INFO   e3 step  6450/6924  loss=0.0308  acc=0.9888  lr0=5.94e-06 lr1=2.97e-04
06:02:09 INFO   e3 step  6500/6924  loss=0.0307  acc=0.9888  lr0=5.90e-06 lr1=2.95e-04
06:02:16 INFO   e3 step  6550/6924  loss=0.0305  acc=0.9888  lr0=5.86e-06 lr1=2.93e-04
06:02:23 INFO   e3 step  6600/6924  loss=0.0304  acc=0.9888  lr0=5.82e-06 lr1=2.91e-04
06:02:30 INFO   e3 step  6650/6924  loss=0.0304  acc=0.9888  lr0=5.78e-06 lr1=2.89e-04
06:02:37 INFO   e3 step  6700/6924  loss=0.0304  acc=0.9888  lr0=5.74e-06 lr1=2.87e-04
06:02:44 INFO   e3 step  6750/6924  loss=0.0304  acc=0.9888  lr0=5.70e-06 lr1=2.85e-04
06:02:51 INFO   e3 step  6800/6924  loss=0.0302  acc=0.9888  lr0=5.65e-06 lr1=2.83e-04
06:02:58 INFO   e3 step  6850/6924  loss=0.0303  acc=0.9888  lr0=5.61e-06 lr1=2.81e-04
06:03:05 INFO   e3 step  6900/6924  loss=0.0302  acc=0.9888  lr0=5.57e-06 lr1=2.79e-04
06:03:19 INFO [epoch 3] train_loss=0.0302 train_acc=0.9888  val_loss=1.2373 val_acc=0.8613 val_auc=0.8898  elapsed=978.2s
06:03:21 INFO   saved best.pt  val_acc=0.8613
06:03:28 INFO   e4 step    50/6924  loss=0.0254  acc=0.9862  lr0=5.52e-06 lr1=2.76e-04
06:03:35 INFO   e4 step   100/6924  loss=0.0306  acc=0.9888  lr0=5.48e-06 lr1=2.74e-04
06:03:42 INFO   e4 step   150/6924  loss=0.0230  acc=0.9908  lr0=5.44e-06 lr1=2.72e-04
06:03:49 INFO   e4 step   200/6924  loss=0.0223  acc=0.9906  lr0=5.39e-06 lr1=2.70e-04
06:03:56 INFO   e4 step   250/6924  loss=0.0202  acc=0.9910  lr0=5.35e-06 lr1=2.68e-04
06:04:03 INFO   e4 step   300/6924  loss=0.0227  acc=0.9912  lr0=5.31e-06 lr1=2.66e-04
06:04:10 INFO   e4 step   350/6924  loss=0.0236  acc=0.9911  lr0=5.27e-06 lr1=2.64e-04
06:04:17 INFO   e4 step   400/6924  loss=0.0228  acc=0.9916  lr0=5.23e-06 lr1=2.62e-04
06:04:24 INFO   e4 step   450/6924  loss=0.0224  acc=0.9915  lr0=5.19e-06 lr1=2.60e-04
06:04:31 INFO   e4 step   500/6924  loss=0.0223  acc=0.9912  lr0=5.15e-06 lr1=2.58e-04
06:04:38 INFO   e4 step   550/6924  loss=0.0221  acc=0.9912  lr0=5.11e-06 lr1=2.56e-04
06:04:45 INFO   e4 step   600/6924  loss=0.0216  acc=0.9915  lr0=5.07e-06 lr1=2.54e-04
06:04:52 INFO   e4 step   650/6924  loss=0.0212  acc=0.9915  lr0=5.03e-06 lr1=2.52e-04
06:04:59 INFO   e4 step   700/6924  loss=0.0222  acc=0.9912  lr0=4.99e-06 lr1=2.50e-04
06:05:06 INFO   e4 step   750/6924  loss=0.0221  acc=0.9912  lr0=4.95e-06 lr1=2.48e-04
06:05:13 INFO   e4 step   800/6924  loss=0.0229  acc=0.9907  lr0=4.91e-06 lr1=2.46e-04
06:05:20 INFO   e4 step   850/6924  loss=0.0222  acc=0.9910  lr0=4.87e-06 lr1=2.44e-04
06:05:27 INFO   e4 step   900/6924  loss=0.0217  acc=0.9911  lr0=4.83e-06 lr1=2.42e-04
06:05:34 INFO   e4 step   950/6924  loss=0.0214  acc=0.9912  lr0=4.79e-06 lr1=2.40e-04
06:05:41 INFO   e4 step  1000/6924  loss=0.0216  acc=0.9911  lr0=4.75e-06 lr1=2.38e-04
06:05:48 INFO   e4 step  1050/6924  loss=0.0210  acc=0.9912  lr0=4.71e-06 lr1=2.36e-04
06:05:55 INFO   e4 step  1100/6924  loss=0.0209  acc=0.9912  lr0=4.67e-06 lr1=2.34e-04
06:06:02 INFO   e4 step  1150/6924  loss=0.0208  acc=0.9908  lr0=4.63e-06 lr1=2.32e-04
06:06:09 INFO   e4 step  1200/6924  loss=0.0207  acc=0.9907  lr0=4.59e-06 lr1=2.30e-04
06:06:16 INFO   e4 step  1250/6924  loss=0.0204  acc=0.9908  lr0=4.55e-06 lr1=2.28e-04
06:06:23 INFO   e4 step  1300/6924  loss=0.0210  acc=0.9907  lr0=4.51e-06 lr1=2.26e-04
06:06:30 INFO   e4 step  1350/6924  loss=0.0207  acc=0.9908  lr0=4.47e-06 lr1=2.24e-04
06:06:37 INFO   e4 step  1400/6924  loss=0.0213  acc=0.9905  lr0=4.43e-06 lr1=2.22e-04
06:06:44 INFO   e4 step  1450/6924  loss=0.0216  acc=0.9905  lr0=4.39e-06 lr1=2.20e-04
06:06:51 INFO   e4 step  1500/6924  loss=0.0216  acc=0.9904  lr0=4.35e-06 lr1=2.18e-04
06:06:58 INFO   e4 step  1550/6924  loss=0.0223  acc=0.9904  lr0=4.31e-06 lr1=2.16e-04
06:07:05 INFO   e4 step  1600/6924  loss=0.0221  acc=0.9905  lr0=4.27e-06 lr1=2.14e-04
06:07:12 INFO   e4 step  1650/6924  loss=0.0225  acc=0.9904  lr0=4.23e-06 lr1=2.12e-04
06:07:19 INFO   e4 step  1700/6924  loss=0.0225  acc=0.9904  lr0=4.19e-06 lr1=2.10e-04
06:07:26 INFO   e4 step  1750/6924  loss=0.0223  acc=0.9903  lr0=4.15e-06 lr1=2.08e-04
06:07:33 INFO   e4 step  1800/6924  loss=0.0227  acc=0.9902  lr0=4.11e-06 lr1=2.06e-04
06:07:40 INFO   e4 step  1850/6924  loss=0.0224  acc=0.9903  lr0=4.07e-06 lr1=2.04e-04
06:07:47 INFO   e4 step  1900/6924  loss=0.0222  acc=0.9904  lr0=4.03e-06 lr1=2.02e-04
06:07:54 INFO   e4 step  1950/6924  loss=0.0219  acc=0.9904  lr0=3.99e-06 lr1=2.00e-04
06:08:00 INFO   e4 step  2000/6924  loss=0.0224  acc=0.9904  lr0=3.95e-06 lr1=1.98e-04
06:08:07 INFO   e4 step  2050/6924  loss=0.0224  acc=0.9904  lr0=3.91e-06 lr1=1.96e-04
06:08:14 INFO   e4 step  2100/6924  loss=0.0223  acc=0.9906  lr0=3.87e-06 lr1=1.94e-04
06:08:21 INFO   e4 step  2150/6924  loss=0.0222  acc=0.9906  lr0=3.83e-06 lr1=1.92e-04
06:08:28 INFO   e4 step  2200/6924  loss=0.0221  acc=0.9907  lr0=3.79e-06 lr1=1.90e-04
06:08:35 INFO   e4 step  2250/6924  loss=0.0220  acc=0.9908  lr0=3.75e-06 lr1=1.88e-04
06:08:42 INFO   e4 step  2300/6924  loss=0.0221  acc=0.9907  lr0=3.71e-06 lr1=1.86e-04
06:08:49 INFO   e4 step  2350/6924  loss=0.0223  acc=0.9907  lr0=3.67e-06 lr1=1.83e-04
06:08:56 INFO   e4 step  2400/6924  loss=0.0221  acc=0.9907  lr0=3.63e-06 lr1=1.81e-04
06:09:03 INFO   e4 step  2450/6924  loss=0.0221  acc=0.9909  lr0=3.59e-06 lr1=1.79e-04
06:09:10 INFO   e4 step  2500/6924  loss=0.0219  acc=0.9909  lr0=3.55e-06 lr1=1.77e-04
06:09:17 INFO   e4 step  2550/6924  loss=0.0220  acc=0.9909  lr0=3.51e-06 lr1=1.75e-04
06:09:24 INFO   e4 step  2600/6924  loss=0.0222  acc=0.9907  lr0=3.47e-06 lr1=1.73e-04
06:09:31 INFO   e4 step  2650/6924  loss=0.0222  acc=0.9907  lr0=3.43e-06 lr1=1.71e-04
06:09:38 INFO   e4 step  2700/6924  loss=0.0223  acc=0.9906  lr0=3.39e-06 lr1=1.69e-04
06:09:45 INFO   e4 step  2750/6924  loss=0.0224  acc=0.9906  lr0=3.35e-06 lr1=1.67e-04
06:09:52 INFO   e4 step  2800/6924  loss=0.0223  acc=0.9906  lr0=3.31e-06 lr1=1.65e-04
06:09:59 INFO   e4 step  2850/6924  loss=0.0222  acc=0.9906  lr0=3.27e-06 lr1=1.63e-04
06:10:06 INFO   e4 step  2900/6924  loss=0.0221  acc=0.9907  lr0=3.23e-06 lr1=1.61e-04
06:10:13 INFO   e4 step  2950/6924  loss=0.0220  acc=0.9907  lr0=3.19e-06 lr1=1.59e-04
06:10:20 INFO   e4 step  3000/6924  loss=0.0221  acc=0.9906  lr0=3.15e-06 lr1=1.57e-04
06:10:27 INFO   e4 step  3050/6924  loss=0.0225  acc=0.9906  lr0=3.11e-06 lr1=1.55e-04
06:10:34 INFO   e4 step  3100/6924  loss=0.0226  acc=0.9906  lr0=3.07e-06 lr1=1.53e-04
06:10:41 INFO   e4 step  3150/6924  loss=0.0228  acc=0.9905  lr0=3.03e-06 lr1=1.51e-04
06:10:48 INFO   e4 step  3200/6924  loss=0.0227  acc=0.9905  lr0=2.99e-06 lr1=1.49e-04
06:10:55 INFO   e4 step  3250/6924  loss=0.0226  acc=0.9905  lr0=2.95e-06 lr1=1.47e-04
06:11:02 INFO   e4 step  3300/6924  loss=0.0225  acc=0.9906  lr0=2.91e-06 lr1=1.45e-04
06:11:09 INFO   e4 step  3350/6924  loss=0.0224  acc=0.9905  lr0=2.87e-06 lr1=1.43e-04
06:11:16 INFO   e4 step  3400/6924  loss=0.0224  acc=0.9905  lr0=2.83e-06 lr1=1.41e-04
06:11:23 INFO   e4 step  3450/6924  loss=0.0226  acc=0.9905  lr0=2.79e-06 lr1=1.39e-04
06:11:30 INFO   e4 step  3500/6924  loss=0.0225  acc=0.9905  lr0=2.75e-06 lr1=1.37e-04
06:11:37 INFO   e4 step  3550/6924  loss=0.0229  acc=0.9904  lr0=2.71e-06 lr1=1.35e-04
06:11:44 INFO   e4 step  3600/6924  loss=0.0229  acc=0.9905  lr0=2.67e-06 lr1=1.33e-04
06:11:51 INFO   e4 step  3650/6924  loss=0.0231  acc=0.9904  lr0=2.63e-06 lr1=1.31e-04
06:11:58 INFO   e4 step  3700/6924  loss=0.0230  acc=0.9904  lr0=2.59e-06 lr1=1.29e-04
06:12:05 INFO   e4 step  3750/6924  loss=0.0229  acc=0.9905  lr0=2.55e-06 lr1=1.27e-04
06:12:12 INFO   e4 step  3800/6924  loss=0.0230  acc=0.9904  lr0=2.51e-06 lr1=1.25e-04
06:12:19 INFO   e4 step  3850/6924  loss=0.0230  acc=0.9904  lr0=2.47e-06 lr1=1.23e-04
06:12:26 INFO   e4 step  3900/6924  loss=0.0230  acc=0.9904  lr0=2.43e-06 lr1=1.21e-04
06:12:33 INFO   e4 step  3950/6924  loss=0.0228  acc=0.9904  lr0=2.39e-06 lr1=1.19e-04
06:12:40 INFO   e4 step  4000/6924  loss=0.0229  acc=0.9904  lr0=2.35e-06 lr1=1.17e-04
06:12:47 INFO   e4 step  4050/6924  loss=0.0228  acc=0.9905  lr0=2.31e-06 lr1=1.15e-04
06:12:54 INFO   e4 step  4100/6924  loss=0.0229  acc=0.9905  lr0=2.27e-06 lr1=1.13e-04
06:13:01 INFO   e4 step  4150/6924  loss=0.0227  acc=0.9905  lr0=2.23e-06 lr1=1.11e-04
06:13:08 INFO   e4 step  4200/6924  loss=0.0227  acc=0.9905  lr0=2.19e-06 lr1=1.09e-04
06:13:15 INFO   e4 step  4250/6924  loss=0.0228  acc=0.9905  lr0=2.15e-06 lr1=1.07e-04
06:13:22 INFO   e4 step  4300/6924  loss=0.0229  acc=0.9905  lr0=2.11e-06 lr1=1.05e-04
06:13:29 INFO   e4 step  4350/6924  loss=0.0228  acc=0.9905  lr0=2.07e-06 lr1=1.03e-04
06:13:36 INFO   e4 step  4400/6924  loss=0.0227  acc=0.9905  lr0=2.03e-06 lr1=1.01e-04
06:13:43 INFO   e4 step  4450/6924  loss=0.0226  acc=0.9905  lr0=1.98e-06 lr1=9.92e-05
06:13:50 INFO   e4 step  4500/6924  loss=0.0227  acc=0.9906  lr0=1.94e-06 lr1=9.72e-05
06:13:57 INFO   e4 step  4550/6924  loss=0.0226  acc=0.9906  lr0=1.90e-06 lr1=9.52e-05
06:14:04 INFO   e4 step  4600/6924  loss=0.0227  acc=0.9906  lr0=1.86e-06 lr1=9.32e-05
06:14:10 INFO   e4 step  4650/6924  loss=0.0227  acc=0.9907  lr0=1.82e-06 lr1=9.12e-05
06:14:17 INFO   e4 step  4700/6924  loss=0.0229  acc=0.9907  lr0=1.78e-06 lr1=8.92e-05
06:14:24 INFO   e4 step  4750/6924  loss=0.0230  acc=0.9907  lr0=1.74e-06 lr1=8.72e-05
06:14:31 INFO   e4 step  4800/6924  loss=0.0232  acc=0.9906  lr0=1.70e-06 lr1=8.52e-05
06:14:39 INFO   e4 step  4850/6924  loss=0.0230  acc=0.9906  lr0=1.66e-06 lr1=8.32e-05
06:14:45 INFO   e4 step  4900/6924  loss=0.0232  acc=0.9906  lr0=1.62e-06 lr1=8.12e-05
06:14:52 INFO   e4 step  4950/6924  loss=0.0231  acc=0.9906  lr0=1.58e-06 lr1=7.92e-05
06:14:59 INFO   e4 step  5000/6924  loss=0.0232  acc=0.9906  lr0=1.54e-06 lr1=7.72e-05
06:15:06 INFO   e4 step  5050/6924  loss=0.0230  acc=0.9906  lr0=1.50e-06 lr1=7.52e-05
06:15:13 INFO   e4 step  5100/6924  loss=0.0232  acc=0.9905  lr0=1.46e-06 lr1=7.32e-05
06:15:20 INFO   e4 step  5150/6924  loss=0.0232  acc=0.9906  lr0=1.42e-06 lr1=7.12e-05
06:15:27 INFO   e4 step  5200/6924  loss=0.0231  acc=0.9906  lr0=1.38e-06 lr1=6.92e-05
06:15:34 INFO   e4 step  5250/6924  loss=0.0231  acc=0.9906  lr0=1.34e-06 lr1=6.72e-05
06:15:41 INFO   e4 step  5300/6924  loss=0.0230  acc=0.9906  lr0=1.30e-06 lr1=6.52e-05
06:15:48 INFO   e4 step  5350/6924  loss=0.0229  acc=0.9906  lr0=1.26e-06 lr1=6.31e-05
06:15:55 INFO   e4 step  5400/6924  loss=0.0229  acc=0.9906  lr0=1.22e-06 lr1=6.11e-05
06:16:02 INFO   e4 step  5450/6924  loss=0.0230  acc=0.9906  lr0=1.18e-06 lr1=5.91e-05
06:16:09 INFO   e4 step  5500/6924  loss=0.0230  acc=0.9906  lr0=1.14e-06 lr1=5.71e-05
06:16:16 INFO   e4 step  5550/6924  loss=0.0230  acc=0.9906  lr0=1.10e-06 lr1=5.51e-05
06:16:23 INFO   e4 step  5600/6924  loss=0.0229  acc=0.9906  lr0=1.06e-06 lr1=5.31e-05
06:16:30 INFO   e4 step  5650/6924  loss=0.0229  acc=0.9906  lr0=1.02e-06 lr1=5.11e-05
06:16:37 INFO   e4 step  5700/6924  loss=0.0228  acc=0.9906  lr0=9.82e-07 lr1=4.91e-05
06:16:44 INFO   e4 step  5750/6924  loss=0.0229  acc=0.9906  lr0=9.42e-07 lr1=4.71e-05
06:16:50 INFO   e4 step  5800/6924  loss=0.0229  acc=0.9906  lr0=9.02e-07 lr1=4.51e-05
06:16:57 INFO   e4 step  5850/6924  loss=0.0230  acc=0.9906  lr0=8.62e-07 lr1=4.31e-05
06:17:04 INFO   e4 step  5900/6924  loss=0.0229  acc=0.9906  lr0=8.22e-07 lr1=4.11e-05
06:17:11 INFO   e4 step  5950/6924  loss=0.0229  acc=0.9906  lr0=7.81e-07 lr1=3.91e-05
06:17:18 INFO   e4 step  6000/6924  loss=0.0228  acc=0.9906  lr0=7.41e-07 lr1=3.71e-05
06:17:25 INFO   e4 step  6050/6924  loss=0.0228  acc=0.9906  lr0=7.01e-07 lr1=3.51e-05
06:17:32 INFO   e4 step  6100/6924  loss=0.0228  acc=0.9906  lr0=6.61e-07 lr1=3.31e-05
06:17:39 INFO   e4 step  6150/6924  loss=0.0227  acc=0.9906  lr0=6.21e-07 lr1=3.11e-05
06:17:46 INFO   e4 step  6200/6924  loss=0.0227  acc=0.9906  lr0=5.81e-07 lr1=2.90e-05
06:17:53 INFO   e4 step  6250/6924  loss=0.0227  acc=0.9906  lr0=5.41e-07 lr1=2.70e-05
06:18:00 INFO   e4 step  6300/6924  loss=0.0227  acc=0.9906  lr0=5.01e-07 lr1=2.50e-05
06:18:07 INFO   e4 step  6350/6924  loss=0.0227  acc=0.9906  lr0=4.61e-07 lr1=2.30e-05
06:18:14 INFO   e4 step  6400/6924  loss=0.0228  acc=0.9906  lr0=4.20e-07 lr1=2.10e-05
06:18:21 INFO   e4 step  6450/6924  loss=0.0228  acc=0.9905  lr0=3.80e-07 lr1=1.90e-05
06:18:28 INFO   e4 step  6500/6924  loss=0.0228  acc=0.9906  lr0=3.40e-07 lr1=1.70e-05
06:18:35 INFO   e4 step  6550/6924  loss=0.0230  acc=0.9905  lr0=3.00e-07 lr1=1.50e-05
06:18:42 INFO   e4 step  6600/6924  loss=0.0230  acc=0.9904  lr0=2.60e-07 lr1=1.30e-05
06:18:49 INFO   e4 step  6650/6924  loss=0.0229  acc=0.9904  lr0=2.20e-07 lr1=1.10e-05
06:18:57 INFO   e4 step  6700/6924  loss=0.0229  acc=0.9904  lr0=1.80e-07 lr1=8.99e-06
06:19:04 INFO   e4 step  6750/6924  loss=0.0228  acc=0.9905  lr0=1.40e-07 lr1=6.98e-06
06:19:11 INFO   e4 step  6800/6924  loss=0.0227  acc=0.9905  lr0=9.95e-08 lr1=4.97e-06
06:19:17 INFO   e4 step  6850/6924  loss=0.0227  acc=0.9905  lr0=5.94e-08 lr1=2.97e-06
06:19:24 INFO   e4 step  6900/6924  loss=0.0226  acc=0.9905  lr0=1.93e-08 lr1=9.63e-07
06:19:39 INFO [epoch 4] train_loss=0.0225 train_acc=0.9905  val_loss=1.2029 val_acc=0.8614 val_auc=0.9007  elapsed=977.4s
06:19:40 INFO   saved best.pt  val_acc=0.8614
06:19:42 INFO loading best.pt for test eval
06:19:56 INFO [test] loss=1.5277  acc=0.8286  auc=0.8674  f1=0.8286
06:19:56 INFO [done] run_summary.json written to /mnt/localssd/crossencoder_sweep/runs/aep_causal_cls34/bge-large-en-v1.5
