12:41:41 INFO run_dir=/mnt/localssd/crossencoder_sweep/runs/new_aep_wf_scrap/all-MiniLM-L6-v2
12:41:41 INFO device=cuda:0  bf16=True  physical_gpu=1  CUDA_VISIBLE_DEVICES=1
12:41:41 INFO dataset=new_aep_wf_scrap  model=all-MiniLM-L6-v2  backbone=sentence-transformers/all-MiniLM-L6-v2
12:41:41 INFO tokenizer <- sentence-transformers/all-MiniLM-L6-v2
12:41:41 INFO split files: ['directional_train.jsonl', 'directional_val.jsonl', 'directional_test.jsonl']
12:41:41 INFO scanning max JOINT token length across all splits ...
12:41:47 INFO   observed_max_joint=444 -> max_seq_len=469 (cap=512, scan=5.4s)
12:41:47 INFO loading datasets ...
12:41:47 INFO   schema=step  train=13904  val=1676  test=1548
12:41:47 INFO building CrossEncoderClassifier  backbone=sentence-transformers/all-MiniLM-L6-v2
12:41:47 INFO   hidden_size=384  trainable_params=22,713,601
12:41:47 INFO   total_steps=872  warmup_steps=87
12:41:50 INFO   e1 step    50/218  loss=0.7069  acc=0.5069  lr0=1.15e-05 lr1=5.75e-04
12:41:51 INFO   e1 step   100/218  loss=0.7062  acc=0.4998  lr0=1.97e-05 lr1=9.83e-04
12:41:52 INFO   e1 step   150/218  loss=0.7038  acc=0.4993  lr0=1.84e-05 lr1=9.20e-04
12:41:54 INFO   e1 step   200/218  loss=0.7025  acc=0.4981  lr0=1.71e-05 lr1=8.56e-04
12:41:55 INFO [epoch 1] train_loss=0.7020 train_acc=0.4986  val_loss=0.6892 val_acc=0.5310 val_auc=0.5593  elapsed=7.6s
12:41:55 INFO   saved best.pt  val_acc=0.5310
12:41:56 INFO   e2 step    50/218  loss=0.6903  acc=0.5125  lr0=1.54e-05 lr1=7.69e-04
12:41:58 INFO   e2 step   100/218  loss=0.6891  acc=0.5189  lr0=1.41e-05 lr1=7.06e-04
12:41:59 INFO   e2 step   150/218  loss=0.6883  acc=0.5246  lr0=1.28e-05 lr1=6.42e-04
12:42:00 INFO   e2 step   200/218  loss=0.6865  acc=0.5302  lr0=1.16e-05 lr1=5.78e-04
12:42:01 INFO [epoch 2] train_loss=0.6854 train_acc=0.5319  val_loss=0.6746 val_acc=0.5704 val_auc=0.5986  elapsed=6.4s
12:42:02 INFO   saved best.pt  val_acc=0.5704
12:42:03 INFO   e3 step    50/218  loss=0.6695  acc=0.5694  lr0=9.83e-06 lr1=4.92e-04
12:42:04 INFO   e3 step   100/218  loss=0.6684  acc=0.5689  lr0=8.56e-06 lr1=4.28e-04
12:42:06 INFO   e3 step   150/218  loss=0.6643  acc=0.5786  lr0=7.29e-06 lr1=3.64e-04
12:42:07 INFO   e3 step   200/218  loss=0.6644  acc=0.5781  lr0=6.01e-06 lr1=3.01e-04
12:42:08 INFO [epoch 3] train_loss=0.6645 train_acc=0.5774  val_loss=0.6710 val_acc=0.5746 val_auc=0.6225  elapsed=6.5s
12:42:08 INFO   saved best.pt  val_acc=0.5746
12:42:10 INFO   e4 step    50/218  loss=0.6513  acc=0.5953  lr0=4.28e-06 lr1=2.14e-04
12:42:11 INFO   e4 step   100/218  loss=0.6469  acc=0.6008  lr0=3.01e-06 lr1=1.50e-04
12:42:12 INFO   e4 step   150/218  loss=0.6480  acc=0.6022  lr0=1.73e-06 lr1=8.66e-05
12:42:14 INFO   e4 step   200/218  loss=0.6456  acc=0.6077  lr0=4.59e-07 lr1=2.29e-05
12:42:15 INFO [epoch 4] train_loss=0.6456 train_acc=0.6080  val_loss=0.6652 val_acc=0.5865 val_auc=0.6321  elapsed=6.5s
12:42:15 INFO   saved best.pt  val_acc=0.5865
12:42:15 INFO loading best.pt for test eval
12:42:16 INFO [test] loss=0.6683  acc=0.5866  auc=0.6292  f1=0.5850
12:42:16 INFO [done] run_summary.json written to /mnt/localssd/crossencoder_sweep/runs/new_aep_wf_scrap/all-MiniLM-L6-v2
