01:17:58 INFO run_dir=runs/crossencoder_aep_dataset/ce_semantic
01:17:58 INFO device=cuda  bf16=True
01:17:58 INFO tokenizer <- bert-base-uncased
Warning: You are sending unauthenticated requests to the HF Hub. Please set a HF_TOKEN to enable higher rate limits and faster downloads.
01:17:59 INFO scanning max JOINT token length across all splits
[transformers] Token indices sequence length is longer than the specified maximum sequence length for this model (816 > 512). Running this sequence through the model will result in indexing errors
01:20:50 INFO   observed max joint tokens=6770  -> max_seq_len=512  (cap 512, scan 170.7s)
01:20:50 INFO loading datasets
01:20:52 INFO   train=148515  val=18696  test=8460
01:20:52 INFO building CrossEncoderClassifier on bert-base-uncased
Loading weights:   0%|          | 0/199 [00:00<?, ?it/s]Loading weights: 100%|██████████| 199/199 [00:00<00:00, 8234.43it/s]
[transformers] [1mBertModel LOAD REPORT[0m from: bert-base-uncased
Key                                        | Status     |  | 
-------------------------------------------+------------+--+-
cls.seq_relationship.weight                | UNEXPECTED |  | 
cls.predictions.transform.LayerNorm.weight | UNEXPECTED |  | 
cls.predictions.transform.dense.weight     | UNEXPECTED |  | 
cls.seq_relationship.bias                  | UNEXPECTED |  | 
cls.predictions.transform.dense.bias       | UNEXPECTED |  | 
cls.predictions.transform.LayerNorm.bias   | UNEXPECTED |  | 
cls.predictions.bias                       | UNEXPECTED |  | 

Notes:
- UNEXPECTED:	can be ignored when loading from different task/architecture; not ok if you expect identical arch.
01:20:53 INFO   hidden_size=768  trainable_params=109,483,009
01:20:53 INFO   total_steps=13926  warmup_steps=1392
01:20:59 INFO   e1 step    50/4642  loss=0.5866  acc=0.7156  lr0=7.18e-07 lr1=3.59e-05
01:21:05 INFO   e1 step   100/4642  loss=0.5796  acc=0.7334  lr0=1.44e-06 lr1=7.18e-05
01:21:10 INFO   e1 step   150/4642  loss=0.5596  acc=0.7496  lr0=2.16e-06 lr1=1.08e-04
01:21:16 INFO   e1 step   200/4642  loss=0.5523  acc=0.7520  lr0=2.87e-06 lr1=1.44e-04
01:21:21 INFO   e1 step   250/4642  loss=0.5413  acc=0.7579  lr0=3.59e-06 lr1=1.80e-04
01:21:27 INFO   e1 step   300/4642  loss=0.5316  acc=0.7624  lr0=4.31e-06 lr1=2.16e-04
01:21:32 INFO   e1 step   350/4642  loss=0.5233  acc=0.7647  lr0=5.03e-06 lr1=2.51e-04
01:21:38 INFO   e1 step   400/4642  loss=0.5169  acc=0.7662  lr0=5.75e-06 lr1=2.87e-04
01:21:43 INFO   e1 step   450/4642  loss=0.5062  acc=0.7719  lr0=6.47e-06 lr1=3.23e-04
01:21:49 INFO   e1 step   500/4642  loss=0.4927  acc=0.7785  lr0=7.18e-06 lr1=3.59e-04
01:21:55 INFO   e1 step   550/4642  loss=0.4819  acc=0.7834  lr0=7.90e-06 lr1=3.95e-04
01:22:00 INFO   e1 step   600/4642  loss=0.4721  acc=0.7884  lr0=8.62e-06 lr1=4.31e-04
01:22:06 INFO   e1 step   650/4642  loss=0.4609  acc=0.7943  lr0=9.34e-06 lr1=4.67e-04
01:22:11 INFO   e1 step   700/4642  loss=0.4508  acc=0.7995  lr0=1.01e-05 lr1=5.03e-04
01:22:17 INFO   e1 step   750/4642  loss=0.4406  acc=0.8043  lr0=1.08e-05 lr1=5.39e-04
01:22:22 INFO   e1 step   800/4642  loss=0.4302  acc=0.8097  lr0=1.15e-05 lr1=5.75e-04
01:22:28 INFO   e1 step   850/4642  loss=0.4209  acc=0.8144  lr0=1.22e-05 lr1=6.11e-04
01:22:33 INFO   e1 step   900/4642  loss=0.4110  acc=0.8193  lr0=1.29e-05 lr1=6.47e-04
01:22:39 INFO   e1 step   950/4642  loss=0.4009  acc=0.8242  lr0=1.36e-05 lr1=6.82e-04
01:22:44 INFO   e1 step  1000/4642  loss=0.3916  acc=0.8289  lr0=1.44e-05 lr1=7.18e-04
01:22:50 INFO   e1 step  1050/4642  loss=0.3841  acc=0.8328  lr0=1.51e-05 lr1=7.54e-04
01:22:55 INFO   e1 step  1100/4642  loss=0.3760  acc=0.8370  lr0=1.58e-05 lr1=7.90e-04
01:23:01 INFO   e1 step  1150/4642  loss=0.3671  acc=0.8408  lr0=1.65e-05 lr1=8.26e-04
01:23:06 INFO   e1 step  1200/4642  loss=0.3605  acc=0.8440  lr0=1.72e-05 lr1=8.62e-04
01:23:12 INFO   e1 step  1250/4642  loss=0.3530  acc=0.8475  lr0=1.80e-05 lr1=8.98e-04
01:23:17 INFO   e1 step  1300/4642  loss=0.3457  acc=0.8508  lr0=1.87e-05 lr1=9.34e-04
01:23:23 INFO   e1 step  1350/4642  loss=0.3391  acc=0.8539  lr0=1.94e-05 lr1=9.70e-04
01:23:28 INFO   e1 step  1400/4642  loss=0.3334  acc=0.8568  lr0=2.00e-05 lr1=9.99e-04
01:23:34 INFO   e1 step  1450/4642  loss=0.3267  acc=0.8598  lr0=1.99e-05 lr1=9.95e-04
01:23:39 INFO   e1 step  1500/4642  loss=0.3204  acc=0.8627  lr0=1.98e-05 lr1=9.91e-04
01:23:45 INFO   e1 step  1550/4642  loss=0.3146  acc=0.8655  lr0=1.97e-05 lr1=9.87e-04
01:23:51 INFO   e1 step  1600/4642  loss=0.3093  acc=0.8681  lr0=1.97e-05 lr1=9.83e-04
01:23:56 INFO   e1 step  1650/4642  loss=0.3040  acc=0.8706  lr0=1.96e-05 lr1=9.79e-04
01:24:02 INFO   e1 step  1700/4642  loss=0.2988  acc=0.8731  lr0=1.95e-05 lr1=9.75e-04
01:24:07 INFO   e1 step  1750/4642  loss=0.2939  acc=0.8754  lr0=1.94e-05 lr1=9.71e-04
01:24:13 INFO   e1 step  1800/4642  loss=0.2891  acc=0.8778  lr0=1.93e-05 lr1=9.67e-04
01:24:18 INFO   e1 step  1850/4642  loss=0.2848  acc=0.8799  lr0=1.93e-05 lr1=9.63e-04
01:24:24 INFO   e1 step  1900/4642  loss=0.2802  acc=0.8820  lr0=1.92e-05 lr1=9.59e-04
01:24:29 INFO   e1 step  1950/4642  loss=0.2757  acc=0.8841  lr0=1.91e-05 lr1=9.55e-04
01:24:35 INFO   e1 step  2000/4642  loss=0.2708  acc=0.8865  lr0=1.90e-05 lr1=9.51e-04
01:24:40 INFO   e1 step  2050/4642  loss=0.2666  acc=0.8885  lr0=1.90e-05 lr1=9.48e-04
01:24:46 INFO   e1 step  2100/4642  loss=0.2622  acc=0.8904  lr0=1.89e-05 lr1=9.44e-04
01:24:51 INFO   e1 step  2150/4642  loss=0.2587  acc=0.8921  lr0=1.88e-05 lr1=9.40e-04
01:24:57 INFO   e1 step  2200/4642  loss=0.2545  acc=0.8939  lr0=1.87e-05 lr1=9.36e-04
01:25:02 INFO   e1 step  2250/4642  loss=0.2513  acc=0.8955  lr0=1.86e-05 lr1=9.32e-04
01:25:08 INFO   e1 step  2300/4642  loss=0.2480  acc=0.8970  lr0=1.86e-05 lr1=9.28e-04
01:25:13 INFO   e1 step  2350/4642  loss=0.2443  acc=0.8987  lr0=1.85e-05 lr1=9.24e-04
01:25:19 INFO   e1 step  2400/4642  loss=0.2411  acc=0.9002  lr0=1.84e-05 lr1=9.20e-04
01:25:25 INFO   e1 step  2450/4642  loss=0.2382  acc=0.9016  lr0=1.83e-05 lr1=9.16e-04
01:25:30 INFO   e1 step  2500/4642  loss=0.2349  acc=0.9032  lr0=1.82e-05 lr1=9.12e-04
01:25:36 INFO   e1 step  2550/4642  loss=0.2317  acc=0.9046  lr0=1.82e-05 lr1=9.08e-04
01:25:41 INFO   e1 step  2600/4642  loss=0.2285  acc=0.9060  lr0=1.81e-05 lr1=9.04e-04
01:25:47 INFO   e1 step  2650/4642  loss=0.2259  acc=0.9072  lr0=1.80e-05 lr1=9.00e-04
01:25:52 INFO   e1 step  2700/4642  loss=0.2232  acc=0.9084  lr0=1.79e-05 lr1=8.96e-04
01:25:58 INFO   e1 step  2750/4642  loss=0.2205  acc=0.9096  lr0=1.78e-05 lr1=8.92e-04
01:26:03 INFO   e1 step  2800/4642  loss=0.2173  acc=0.9109  lr0=1.78e-05 lr1=8.88e-04
01:26:09 INFO   e1 step  2850/4642  loss=0.2147  acc=0.9121  lr0=1.77e-05 lr1=8.84e-04
01:26:15 INFO   e1 step  2900/4642  loss=0.2123  acc=0.9133  lr0=1.76e-05 lr1=8.80e-04
01:26:20 INFO   e1 step  2950/4642  loss=0.2099  acc=0.9144  lr0=1.75e-05 lr1=8.76e-04
01:26:26 INFO   e1 step  3000/4642  loss=0.2071  acc=0.9155  lr0=1.74e-05 lr1=8.72e-04
01:26:31 INFO   e1 step  3050/4642  loss=0.2051  acc=0.9165  lr0=1.74e-05 lr1=8.68e-04
01:26:37 INFO   e1 step  3100/4642  loss=0.2027  acc=0.9176  lr0=1.73e-05 lr1=8.64e-04
01:26:42 INFO   e1 step  3150/4642  loss=0.2003  acc=0.9187  lr0=1.72e-05 lr1=8.60e-04
01:26:48 INFO   e1 step  3200/4642  loss=0.1981  acc=0.9196  lr0=1.71e-05 lr1=8.56e-04
01:26:53 INFO   e1 step  3250/4642  loss=0.1962  acc=0.9206  lr0=1.70e-05 lr1=8.52e-04
01:26:59 INFO   e1 step  3300/4642  loss=0.1939  acc=0.9215  lr0=1.70e-05 lr1=8.48e-04
01:27:04 INFO   e1 step  3350/4642  loss=0.1921  acc=0.9224  lr0=1.69e-05 lr1=8.44e-04
01:27:10 INFO   e1 step  3400/4642  loss=0.1900  acc=0.9234  lr0=1.68e-05 lr1=8.40e-04
01:27:15 INFO   e1 step  3450/4642  loss=0.1878  acc=0.9244  lr0=1.67e-05 lr1=8.36e-04
01:27:21 INFO   e1 step  3500/4642  loss=0.1860  acc=0.9252  lr0=1.66e-05 lr1=8.32e-04
01:27:26 INFO   e1 step  3550/4642  loss=0.1839  acc=0.9261  lr0=1.66e-05 lr1=8.28e-04
01:27:32 INFO   e1 step  3600/4642  loss=0.1819  acc=0.9270  lr0=1.65e-05 lr1=8.24e-04
01:27:38 INFO   e1 step  3650/4642  loss=0.1802  acc=0.9278  lr0=1.64e-05 lr1=8.20e-04
01:27:43 INFO   e1 step  3700/4642  loss=0.1785  acc=0.9286  lr0=1.63e-05 lr1=8.16e-04
01:27:49 INFO   e1 step  3750/4642  loss=0.1768  acc=0.9293  lr0=1.62e-05 lr1=8.12e-04
01:27:54 INFO   e1 step  3800/4642  loss=0.1750  acc=0.9301  lr0=1.62e-05 lr1=8.08e-04
01:28:00 INFO   e1 step  3850/4642  loss=0.1733  acc=0.9308  lr0=1.61e-05 lr1=8.04e-04
01:28:05 INFO   e1 step  3900/4642  loss=0.1717  acc=0.9316  lr0=1.60e-05 lr1=8.00e-04
01:28:11 INFO   e1 step  3950/4642  loss=0.1699  acc=0.9323  lr0=1.59e-05 lr1=7.96e-04
01:28:16 INFO   e1 step  4000/4642  loss=0.1680  acc=0.9331  lr0=1.58e-05 lr1=7.92e-04
01:28:22 INFO   e1 step  4050/4642  loss=0.1665  acc=0.9338  lr0=1.58e-05 lr1=7.88e-04
01:28:27 INFO   e1 step  4100/4642  loss=0.1649  acc=0.9345  lr0=1.57e-05 lr1=7.84e-04
01:28:33 INFO   e1 step  4150/4642  loss=0.1632  acc=0.9352  lr0=1.56e-05 lr1=7.80e-04
01:28:38 INFO   e1 step  4200/4642  loss=0.1615  acc=0.9359  lr0=1.55e-05 lr1=7.76e-04
01:28:44 INFO   e1 step  4250/4642  loss=0.1602  acc=0.9365  lr0=1.54e-05 lr1=7.72e-04
01:28:50 INFO   e1 step  4300/4642  loss=0.1587  acc=0.9371  lr0=1.54e-05 lr1=7.68e-04
01:28:55 INFO   e1 step  4350/4642  loss=0.1571  acc=0.9378  lr0=1.53e-05 lr1=7.64e-04
01:29:01 INFO   e1 step  4400/4642  loss=0.1557  acc=0.9384  lr0=1.52e-05 lr1=7.60e-04
01:29:06 INFO   e1 step  4450/4642  loss=0.1543  acc=0.9390  lr0=1.51e-05 lr1=7.56e-04
01:29:12 INFO   e1 step  4500/4642  loss=0.1528  acc=0.9396  lr0=1.50e-05 lr1=7.52e-04
01:29:18 INFO   e1 step  4550/4642  loss=0.1515  acc=0.9402  lr0=1.50e-05 lr1=7.48e-04
01:29:23 INFO   e1 step  4600/4642  loss=0.1501  acc=0.9408  lr0=1.49e-05 lr1=7.44e-04
01:29:46 INFO [epoch 1] train_loss=0.1491 train_acc=0.9412  val_loss=0.7106 val_acc=0.8939 val_auc=0.9502  elapsed=533.5s
01:29:47 INFO   saved best.pt  val_acc=0.8939
01:29:53 INFO   e2 step    50/4642  loss=0.0255  acc=0.9938  lr0=1.47e-05 lr1=7.37e-04
01:29:59 INFO   e2 step   100/4642  loss=0.0175  acc=0.9956  lr0=1.47e-05 lr1=7.33e-04
01:30:04 INFO   e2 step   150/4642  loss=0.0179  acc=0.9952  lr0=1.46e-05 lr1=7.29e-04
01:30:10 INFO   e2 step   200/4642  loss=0.0185  acc=0.9952  lr0=1.45e-05 lr1=7.25e-04
01:30:15 INFO   e2 step   250/4642  loss=0.0163  acc=0.9958  lr0=1.44e-05 lr1=7.21e-04
01:30:21 INFO   e2 step   300/4642  loss=0.0157  acc=0.9960  lr0=1.43e-05 lr1=7.17e-04
01:30:26 INFO   e2 step   350/4642  loss=0.0160  acc=0.9960  lr0=1.43e-05 lr1=7.13e-04
01:30:32 INFO   e2 step   400/4642  loss=0.0169  acc=0.9959  lr0=1.42e-05 lr1=7.09e-04
01:30:37 INFO   e2 step   450/4642  loss=0.0166  acc=0.9958  lr0=1.41e-05 lr1=7.05e-04
01:30:43 INFO   e2 step   500/4642  loss=0.0170  acc=0.9959  lr0=1.40e-05 lr1=7.01e-04
01:30:48 INFO   e2 step   550/4642  loss=0.0166  acc=0.9959  lr0=1.39e-05 lr1=6.97e-04
01:30:54 INFO   e2 step   600/4642  loss=0.0167  acc=0.9959  lr0=1.39e-05 lr1=6.93e-04
01:30:59 INFO   e2 step   650/4642  loss=0.0172  acc=0.9959  lr0=1.38e-05 lr1=6.89e-04
01:31:05 INFO   e2 step   700/4642  loss=0.0171  acc=0.9959  lr0=1.37e-05 lr1=6.85e-04
01:31:10 INFO   e2 step   750/4642  loss=0.0170  acc=0.9958  lr0=1.36e-05 lr1=6.81e-04
01:31:16 INFO   e2 step   800/4642  loss=0.0164  acc=0.9960  lr0=1.35e-05 lr1=6.77e-04
01:31:21 INFO   e2 step   850/4642  loss=0.0167  acc=0.9958  lr0=1.35e-05 lr1=6.73e-04
01:31:27 INFO   e2 step   900/4642  loss=0.0168  acc=0.9958  lr0=1.34e-05 lr1=6.69e-04
01:31:32 INFO   e2 step   950/4642  loss=0.0176  acc=0.9957  lr0=1.33e-05 lr1=6.65e-04
01:31:38 INFO   e2 step  1000/4642  loss=0.0175  acc=0.9957  lr0=1.32e-05 lr1=6.61e-04
01:31:43 INFO   e2 step  1050/4642  loss=0.0175  acc=0.9957  lr0=1.31e-05 lr1=6.57e-04
01:31:49 INFO   e2 step  1100/4642  loss=0.0180  acc=0.9957  lr0=1.31e-05 lr1=6.53e-04
01:31:54 INFO   e2 step  1150/4642  loss=0.0181  acc=0.9957  lr0=1.30e-05 lr1=6.49e-04
01:32:00 INFO   e2 step  1200/4642  loss=0.0185  acc=0.9955  lr0=1.29e-05 lr1=6.45e-04
01:32:06 INFO   e2 step  1250/4642  loss=0.0188  acc=0.9954  lr0=1.28e-05 lr1=6.41e-04
01:32:11 INFO   e2 step  1300/4642  loss=0.0189  acc=0.9954  lr0=1.27e-05 lr1=6.37e-04
01:32:17 INFO   e2 step  1350/4642  loss=0.0188  acc=0.9954  lr0=1.27e-05 lr1=6.33e-04
01:32:22 INFO   e2 step  1400/4642  loss=0.0188  acc=0.9955  lr0=1.26e-05 lr1=6.29e-04
01:32:28 INFO   e2 step  1450/4642  loss=0.0186  acc=0.9956  lr0=1.25e-05 lr1=6.25e-04
01:32:33 INFO   e2 step  1500/4642  loss=0.0184  acc=0.9956  lr0=1.24e-05 lr1=6.21e-04
01:32:39 INFO   e2 step  1550/4642  loss=0.0182  acc=0.9956  lr0=1.23e-05 lr1=6.17e-04
01:32:44 INFO   e2 step  1600/4642  loss=0.0180  acc=0.9956  lr0=1.23e-05 lr1=6.13e-04
01:32:50 INFO   e2 step  1650/4642  loss=0.0180  acc=0.9957  lr0=1.22e-05 lr1=6.09e-04
01:32:55 INFO   e2 step  1700/4642  loss=0.0177  acc=0.9958  lr0=1.21e-05 lr1=6.05e-04
01:33:01 INFO   e2 step  1750/4642  loss=0.0177  acc=0.9958  lr0=1.20e-05 lr1=6.01e-04
01:33:06 INFO   e2 step  1800/4642  loss=0.0175  acc=0.9958  lr0=1.19e-05 lr1=5.97e-04
01:33:12 INFO   e2 step  1850/4642  loss=0.0176  acc=0.9958  lr0=1.19e-05 lr1=5.93e-04
01:33:17 INFO   e2 step  1900/4642  loss=0.0176  acc=0.9958  lr0=1.18e-05 lr1=5.89e-04
01:33:23 INFO   e2 step  1950/4642  loss=0.0175  acc=0.9958  lr0=1.17e-05 lr1=5.85e-04
01:33:28 INFO   e2 step  2000/4642  loss=0.0174  acc=0.9958  lr0=1.16e-05 lr1=5.81e-04
01:33:34 INFO   e2 step  2050/4642  loss=0.0175  acc=0.9958  lr0=1.15e-05 lr1=5.77e-04
01:33:39 INFO   e2 step  2100/4642  loss=0.0176  acc=0.9958  lr0=1.15e-05 lr1=5.73e-04
01:33:45 INFO   e2 step  2150/4642  loss=0.0175  acc=0.9957  lr0=1.14e-05 lr1=5.69e-04
01:33:51 INFO   e2 step  2200/4642  loss=0.0173  acc=0.9958  lr0=1.13e-05 lr1=5.65e-04
01:33:56 INFO   e2 step  2250/4642  loss=0.0175  acc=0.9958  lr0=1.12e-05 lr1=5.61e-04
01:34:02 INFO   e2 step  2300/4642  loss=0.0174  acc=0.9958  lr0=1.11e-05 lr1=5.57e-04
01:34:07 INFO   e2 step  2350/4642  loss=0.0173  acc=0.9959  lr0=1.11e-05 lr1=5.53e-04
01:34:13 INFO   e2 step  2400/4642  loss=0.0172  acc=0.9959  lr0=1.10e-05 lr1=5.49e-04
01:34:18 INFO   e2 step  2450/4642  loss=0.0172  acc=0.9959  lr0=1.09e-05 lr1=5.45e-04
01:34:24 INFO   e2 step  2500/4642  loss=0.0170  acc=0.9959  lr0=1.08e-05 lr1=5.41e-04
01:34:29 INFO   e2 step  2550/4642  loss=0.0169  acc=0.9959  lr0=1.07e-05 lr1=5.37e-04
01:34:35 INFO   e2 step  2600/4642  loss=0.0166  acc=0.9960  lr0=1.07e-05 lr1=5.33e-04
01:34:40 INFO   e2 step  2650/4642  loss=0.0167  acc=0.9960  lr0=1.06e-05 lr1=5.29e-04
01:34:46 INFO   e2 step  2700/4642  loss=0.0168  acc=0.9960  lr0=1.05e-05 lr1=5.25e-04
01:34:51 INFO   e2 step  2750/4642  loss=0.0166  acc=0.9960  lr0=1.04e-05 lr1=5.21e-04
01:34:57 INFO   e2 step  2800/4642  loss=0.0164  acc=0.9961  lr0=1.03e-05 lr1=5.17e-04
01:35:02 INFO   e2 step  2850/4642  loss=0.0162  acc=0.9961  lr0=1.03e-05 lr1=5.13e-04
01:35:08 INFO   e2 step  2900/4642  loss=0.0161  acc=0.9962  lr0=1.02e-05 lr1=5.09e-04
01:35:13 INFO   e2 step  2950/4642  loss=0.0161  acc=0.9962  lr0=1.01e-05 lr1=5.05e-04
01:35:19 INFO   e2 step  3000/4642  loss=0.0159  acc=0.9962  lr0=1.00e-05 lr1=5.01e-04
01:35:24 INFO   e2 step  3050/4642  loss=0.0158  acc=0.9963  lr0=9.95e-06 lr1=4.97e-04
01:35:30 INFO   e2 step  3100/4642  loss=0.0158  acc=0.9963  lr0=9.87e-06 lr1=4.93e-04
01:35:36 INFO   e2 step  3150/4642  loss=0.0156  acc=0.9963  lr0=9.79e-06 lr1=4.89e-04
01:35:41 INFO   e2 step  3200/4642  loss=0.0155  acc=0.9963  lr0=9.71e-06 lr1=4.85e-04
01:35:47 INFO   e2 step  3250/4642  loss=0.0158  acc=0.9963  lr0=9.63e-06 lr1=4.81e-04
01:35:52 INFO   e2 step  3300/4642  loss=0.0158  acc=0.9963  lr0=9.55e-06 lr1=4.77e-04
01:35:58 INFO   e2 step  3350/4642  loss=0.0158  acc=0.9963  lr0=9.47e-06 lr1=4.73e-04
01:36:03 INFO   e2 step  3400/4642  loss=0.0157  acc=0.9963  lr0=9.39e-06 lr1=4.69e-04
01:36:09 INFO   e2 step  3450/4642  loss=0.0157  acc=0.9963  lr0=9.31e-06 lr1=4.65e-04
01:36:14 INFO   e2 step  3500/4642  loss=0.0156  acc=0.9963  lr0=9.23e-06 lr1=4.61e-04
01:36:20 INFO   e2 step  3550/4642  loss=0.0155  acc=0.9964  lr0=9.15e-06 lr1=4.57e-04
01:36:25 INFO   e2 step  3600/4642  loss=0.0154  acc=0.9964  lr0=9.07e-06 lr1=4.53e-04
01:36:31 INFO   e2 step  3650/4642  loss=0.0153  acc=0.9964  lr0=8.99e-06 lr1=4.49e-04
01:36:36 INFO   e2 step  3700/4642  loss=0.0154  acc=0.9964  lr0=8.91e-06 lr1=4.46e-04
01:36:42 INFO   e2 step  3750/4642  loss=0.0153  acc=0.9964  lr0=8.83e-06 lr1=4.42e-04
01:36:47 INFO   e2 step  3800/4642  loss=0.0153  acc=0.9964  lr0=8.75e-06 lr1=4.38e-04
01:36:53 INFO   e2 step  3850/4642  loss=0.0153  acc=0.9964  lr0=8.67e-06 lr1=4.34e-04
01:36:58 INFO   e2 step  3900/4642  loss=0.0151  acc=0.9965  lr0=8.59e-06 lr1=4.30e-04
01:37:04 INFO   e2 step  3950/4642  loss=0.0150  acc=0.9965  lr0=8.51e-06 lr1=4.26e-04
01:37:10 INFO   e2 step  4000/4642  loss=0.0148  acc=0.9965  lr0=8.43e-06 lr1=4.22e-04
01:37:15 INFO   e2 step  4050/4642  loss=0.0147  acc=0.9966  lr0=8.35e-06 lr1=4.18e-04
01:37:21 INFO   e2 step  4100/4642  loss=0.0146  acc=0.9966  lr0=8.27e-06 lr1=4.14e-04
01:37:26 INFO   e2 step  4150/4642  loss=0.0145  acc=0.9966  lr0=8.19e-06 lr1=4.10e-04
01:37:32 INFO   e2 step  4200/4642  loss=0.0144  acc=0.9966  lr0=8.11e-06 lr1=4.06e-04
01:37:37 INFO   e2 step  4250/4642  loss=0.0143  acc=0.9966  lr0=8.03e-06 lr1=4.02e-04
01:37:43 INFO   e2 step  4300/4642  loss=0.0142  acc=0.9966  lr0=7.95e-06 lr1=3.98e-04
01:37:48 INFO   e2 step  4350/4642  loss=0.0141  acc=0.9967  lr0=7.87e-06 lr1=3.94e-04
01:37:54 INFO   e2 step  4400/4642  loss=0.0140  acc=0.9967  lr0=7.79e-06 lr1=3.90e-04
01:38:00 INFO   e2 step  4450/4642  loss=0.0139  acc=0.9967  lr0=7.71e-06 lr1=3.86e-04
01:38:05 INFO   e2 step  4500/4642  loss=0.0139  acc=0.9967  lr0=7.63e-06 lr1=3.82e-04
01:38:11 INFO   e2 step  4550/4642  loss=0.0139  acc=0.9967  lr0=7.55e-06 lr1=3.78e-04
01:38:16 INFO   e2 step  4600/4642  loss=0.0138  acc=0.9967  lr0=7.47e-06 lr1=3.74e-04
01:38:40 INFO [epoch 2] train_loss=0.0139 train_acc=0.9967  val_loss=0.5322 val_acc=0.9347 val_auc=0.9650  elapsed=532.6s
01:38:40 INFO   saved best.pt  val_acc=0.9347
01:38:46 INFO   e3 step    50/4642  loss=0.0051  acc=0.9988  lr0=7.33e-06 lr1=3.66e-04
01:38:52 INFO   e3 step   100/4642  loss=0.0074  acc=0.9984  lr0=7.25e-06 lr1=3.62e-04
01:38:57 INFO   e3 step   150/4642  loss=0.0050  acc=0.9990  lr0=7.17e-06 lr1=3.58e-04
01:39:03 INFO   e3 step   200/4642  loss=0.0038  acc=0.9992  lr0=7.09e-06 lr1=3.54e-04
01:39:08 INFO   e3 step   250/4642  loss=0.0041  acc=0.9991  lr0=7.01e-06 lr1=3.50e-04
01:39:14 INFO   e3 step   300/4642  loss=0.0034  acc=0.9993  lr0=6.93e-06 lr1=3.46e-04
01:39:19 INFO   e3 step   350/4642  loss=0.0029  acc=0.9994  lr0=6.85e-06 lr1=3.42e-04
01:39:25 INFO   e3 step   400/4642  loss=0.0026  acc=0.9995  lr0=6.77e-06 lr1=3.38e-04
01:39:31 INFO   e3 step   450/4642  loss=0.0023  acc=0.9995  lr0=6.69e-06 lr1=3.34e-04
01:39:36 INFO   e3 step   500/4642  loss=0.0022  acc=0.9995  lr0=6.61e-06 lr1=3.30e-04
01:39:42 INFO   e3 step   550/4642  loss=0.0023  acc=0.9995  lr0=6.53e-06 lr1=3.26e-04
01:39:47 INFO   e3 step   600/4642  loss=0.0027  acc=0.9994  lr0=6.45e-06 lr1=3.22e-04
01:39:53 INFO   e3 step   650/4642  loss=0.0026  acc=0.9993  lr0=6.37e-06 lr1=3.18e-04
01:39:58 INFO   e3 step   700/4642  loss=0.0024  acc=0.9994  lr0=6.29e-06 lr1=3.15e-04
01:40:04 INFO   e3 step   750/4642  loss=0.0023  acc=0.9994  lr0=6.21e-06 lr1=3.11e-04
01:40:09 INFO   e3 step   800/4642  loss=0.0025  acc=0.9994  lr0=6.13e-06 lr1=3.07e-04
01:40:15 INFO   e3 step   850/4642  loss=0.0024  acc=0.9994  lr0=6.05e-06 lr1=3.03e-04
01:40:20 INFO   e3 step   900/4642  loss=0.0022  acc=0.9994  lr0=5.97e-06 lr1=2.99e-04
01:40:26 INFO   e3 step   950/4642  loss=0.0022  acc=0.9994  lr0=5.89e-06 lr1=2.95e-04
01:40:31 INFO   e3 step  1000/4642  loss=0.0022  acc=0.9994  lr0=5.81e-06 lr1=2.91e-04
01:40:37 INFO   e3 step  1050/4642  loss=0.0022  acc=0.9994  lr0=5.73e-06 lr1=2.87e-04
01:40:42 INFO   e3 step  1100/4642  loss=0.0021  acc=0.9994  lr0=5.65e-06 lr1=2.83e-04
01:40:48 INFO   e3 step  1150/4642  loss=0.0020  acc=0.9995  lr0=5.57e-06 lr1=2.79e-04
01:40:53 INFO   e3 step  1200/4642  loss=0.0022  acc=0.9994  lr0=5.49e-06 lr1=2.75e-04
01:40:59 INFO   e3 step  1250/4642  loss=0.0021  acc=0.9994  lr0=5.41e-06 lr1=2.71e-04
01:41:04 INFO   e3 step  1300/4642  loss=0.0020  acc=0.9995  lr0=5.33e-06 lr1=2.67e-04
01:41:10 INFO   e3 step  1350/4642  loss=0.0021  acc=0.9995  lr0=5.25e-06 lr1=2.63e-04
01:41:16 INFO   e3 step  1400/4642  loss=0.0021  acc=0.9995  lr0=5.17e-06 lr1=2.59e-04
01:41:21 INFO   e3 step  1450/4642  loss=0.0021  acc=0.9995  lr0=5.09e-06 lr1=2.55e-04
01:41:27 INFO   e3 step  1500/4642  loss=0.0021  acc=0.9995  lr0=5.01e-06 lr1=2.51e-04
01:41:32 INFO   e3 step  1550/4642  loss=0.0020  acc=0.9995  lr0=4.93e-06 lr1=2.47e-04
01:41:38 INFO   e3 step  1600/4642  loss=0.0020  acc=0.9995  lr0=4.85e-06 lr1=2.43e-04
01:41:43 INFO   e3 step  1650/4642  loss=0.0019  acc=0.9995  lr0=4.77e-06 lr1=2.39e-04
01:41:49 INFO   e3 step  1700/4642  loss=0.0019  acc=0.9995  lr0=4.69e-06 lr1=2.35e-04
01:41:54 INFO   e3 step  1750/4642  loss=0.0018  acc=0.9995  lr0=4.61e-06 lr1=2.31e-04
01:42:00 INFO   e3 step  1800/4642  loss=0.0020  acc=0.9995  lr0=4.53e-06 lr1=2.27e-04
01:42:05 INFO   e3 step  1850/4642  loss=0.0020  acc=0.9995  lr0=4.46e-06 lr1=2.23e-04
01:42:11 INFO   e3 step  1900/4642  loss=0.0020  acc=0.9995  lr0=4.38e-06 lr1=2.19e-04
01:42:16 INFO   e3 step  1950/4642  loss=0.0019  acc=0.9995  lr0=4.30e-06 lr1=2.15e-04
01:42:22 INFO   e3 step  2000/4642  loss=0.0021  acc=0.9995  lr0=4.22e-06 lr1=2.11e-04
01:42:28 INFO   e3 step  2050/4642  loss=0.0021  acc=0.9995  lr0=4.14e-06 lr1=2.07e-04
01:42:33 INFO   e3 step  2100/4642  loss=0.0020  acc=0.9995  lr0=4.06e-06 lr1=2.03e-04
01:42:39 INFO   e3 step  2150/4642  loss=0.0020  acc=0.9995  lr0=3.98e-06 lr1=1.99e-04
01:42:44 INFO   e3 step  2200/4642  loss=0.0019  acc=0.9995  lr0=3.90e-06 lr1=1.95e-04
01:42:50 INFO   e3 step  2250/4642  loss=0.0019  acc=0.9995  lr0=3.82e-06 lr1=1.91e-04
01:42:55 INFO   e3 step  2300/4642  loss=0.0021  acc=0.9995  lr0=3.74e-06 lr1=1.87e-04
01:43:01 INFO   e3 step  2350/4642  loss=0.0021  acc=0.9995  lr0=3.66e-06 lr1=1.83e-04
01:43:06 INFO   e3 step  2400/4642  loss=0.0021  acc=0.9995  lr0=3.58e-06 lr1=1.79e-04
01:43:12 INFO   e3 step  2450/4642  loss=0.0021  acc=0.9995  lr0=3.50e-06 lr1=1.75e-04
01:43:17 INFO   e3 step  2500/4642  loss=0.0022  acc=0.9995  lr0=3.42e-06 lr1=1.71e-04
01:43:23 INFO   e3 step  2550/4642  loss=0.0022  acc=0.9995  lr0=3.34e-06 lr1=1.67e-04
01:43:29 INFO   e3 step  2600/4642  loss=0.0022  acc=0.9995  lr0=3.26e-06 lr1=1.63e-04
01:43:34 INFO   e3 step  2650/4642  loss=0.0023  acc=0.9995  lr0=3.18e-06 lr1=1.59e-04
01:43:40 INFO   e3 step  2700/4642  loss=0.0022  acc=0.9995  lr0=3.10e-06 lr1=1.55e-04
01:43:45 INFO   e3 step  2750/4642  loss=0.0022  acc=0.9995  lr0=3.02e-06 lr1=1.51e-04
01:43:51 INFO   e3 step  2800/4642  loss=0.0022  acc=0.9995  lr0=2.94e-06 lr1=1.47e-04
01:43:56 INFO   e3 step  2850/4642  loss=0.0022  acc=0.9995  lr0=2.86e-06 lr1=1.43e-04
01:44:02 INFO   e3 step  2900/4642  loss=0.0023  acc=0.9995  lr0=2.78e-06 lr1=1.39e-04
01:44:07 INFO   e3 step  2950/4642  loss=0.0023  acc=0.9995  lr0=2.70e-06 lr1=1.35e-04
01:44:13 INFO   e3 step  3000/4642  loss=0.0022  acc=0.9995  lr0=2.62e-06 lr1=1.31e-04
01:44:18 INFO   e3 step  3050/4642  loss=0.0022  acc=0.9995  lr0=2.54e-06 lr1=1.27e-04
01:44:24 INFO   e3 step  3100/4642  loss=0.0022  acc=0.9995  lr0=2.46e-06 lr1=1.23e-04
01:44:29 INFO   e3 step  3150/4642  loss=0.0021  acc=0.9995  lr0=2.38e-06 lr1=1.19e-04
01:44:35 INFO   e3 step  3200/4642  loss=0.0022  acc=0.9995  lr0=2.30e-06 lr1=1.15e-04
01:44:41 INFO   e3 step  3250/4642  loss=0.0022  acc=0.9995  lr0=2.22e-06 lr1=1.11e-04
01:44:46 INFO   e3 step  3300/4642  loss=0.0021  acc=0.9995  lr0=2.14e-06 lr1=1.07e-04
01:44:52 INFO   e3 step  3350/4642  loss=0.0021  acc=0.9995  lr0=2.06e-06 lr1=1.03e-04
01:44:57 INFO   e3 step  3400/4642  loss=0.0021  acc=0.9995  lr0=1.98e-06 lr1=9.91e-05
01:45:03 INFO   e3 step  3450/4642  loss=0.0022  acc=0.9995  lr0=1.90e-06 lr1=9.51e-05
01:45:08 INFO   e3 step  3500/4642  loss=0.0021  acc=0.9995  lr0=1.82e-06 lr1=9.11e-05
01:45:14 INFO   e3 step  3550/4642  loss=0.0021  acc=0.9995  lr0=1.74e-06 lr1=8.71e-05
01:45:19 INFO   e3 step  3600/4642  loss=0.0021  acc=0.9995  lr0=1.66e-06 lr1=8.31e-05
01:45:25 INFO   e3 step  3650/4642  loss=0.0021  acc=0.9995  lr0=1.58e-06 lr1=7.91e-05
01:45:31 INFO   e3 step  3700/4642  loss=0.0021  acc=0.9996  lr0=1.50e-06 lr1=7.52e-05
01:45:36 INFO   e3 step  3750/4642  loss=0.0021  acc=0.9996  lr0=1.42e-06 lr1=7.12e-05
01:45:42 INFO   e3 step  3800/4642  loss=0.0020  acc=0.9996  lr0=1.34e-06 lr1=6.72e-05
01:45:47 INFO   e3 step  3850/4642  loss=0.0020  acc=0.9996  lr0=1.26e-06 lr1=6.32e-05
01:45:53 INFO   e3 step  3900/4642  loss=0.0020  acc=0.9996  lr0=1.18e-06 lr1=5.92e-05
01:45:58 INFO   e3 step  3950/4642  loss=0.0020  acc=0.9996  lr0=1.10e-06 lr1=5.52e-05
01:46:04 INFO   e3 step  4000/4642  loss=0.0020  acc=0.9996  lr0=1.02e-06 lr1=5.12e-05
01:46:09 INFO   e3 step  4050/4642  loss=0.0020  acc=0.9996  lr0=9.45e-07 lr1=4.72e-05
01:46:15 INFO   e3 step  4100/4642  loss=0.0020  acc=0.9996  lr0=8.65e-07 lr1=4.32e-05
01:46:21 INFO   e3 step  4150/4642  loss=0.0019  acc=0.9996  lr0=7.85e-07 lr1=3.93e-05
01:46:26 INFO   e3 step  4200/4642  loss=0.0019  acc=0.9996  lr0=7.05e-07 lr1=3.53e-05
01:46:32 INFO   e3 step  4250/4642  loss=0.0019  acc=0.9996  lr0=6.25e-07 lr1=3.13e-05
01:46:37 INFO   e3 step  4300/4642  loss=0.0019  acc=0.9996  lr0=5.46e-07 lr1=2.73e-05
01:46:43 INFO   e3 step  4350/4642  loss=0.0018  acc=0.9996  lr0=4.66e-07 lr1=2.33e-05
01:46:48 INFO   e3 step  4400/4642  loss=0.0018  acc=0.9996  lr0=3.86e-07 lr1=1.93e-05
01:46:54 INFO   e3 step  4450/4642  loss=0.0018  acc=0.9996  lr0=3.06e-07 lr1=1.53e-05
01:46:59 INFO   e3 step  4500/4642  loss=0.0018  acc=0.9996  lr0=2.27e-07 lr1=1.13e-05
01:47:05 INFO   e3 step  4550/4642  loss=0.0018  acc=0.9996  lr0=1.47e-07 lr1=7.34e-06
01:47:11 INFO   e3 step  4600/4642  loss=0.0018  acc=0.9996  lr0=6.70e-08 lr1=3.35e-06
01:47:34 INFO [epoch 3] train_loss=0.0018 train_acc=0.9996  val_loss=0.8001 val_acc=0.9254 val_auc=0.9569  elapsed=533.6s
01:47:35 INFO loading best.pt for val/test eval
01:47:54 INFO [val] acc=0.9347 auc=0.9650 f1=0.8679
01:48:03 INFO [test] loss=0.7517  acc=0.9196  auc=0.9493  f1=0.9198
01:48:03 INFO [done] results in runs/crossencoder_aep_dataset/ce_semantic
