13:03:35 INFO run_dir=runs/crossencoder2x/new_ajo_ce2x_org  device=cuda  bf16=True
13:03:35 INFO tokenizer <- google-bert/bert-base-uncased
13:03:35 INFO scanning max joint token length across all splits …
13:04:11 INFO   observed max=512  -> max_seq_len=512  (scan 35.5s)
13:04:11 INFO loading datasets …
13:04:12 INFO   train=92972  val=6294  test=6258
13:04:12 INFO building CrossEncoder2x  backbone=google-bert/bert-base-uncased  n_layers=24 …
13:04:15 INFO   total params=194,537,473
13:04:15 INFO   total_steps=8718  warmup_steps=523
13:04:23 INFO   e1 opt_step=50/8718  loss=0.6788  acc=0.5863  lr=1.91e-06
13:04:30 INFO   e1 opt_step=100/8718  loss=0.6737  acc=0.5938  lr=3.82e-06
13:04:37 INFO   e1 opt_step=150/8718  loss=0.6720  acc=0.5915  lr=5.74e-06
13:04:44 INFO   e1 opt_step=200/8718  loss=0.6697  acc=0.5933  lr=7.65e-06
13:04:51 INFO   e1 opt_step=250/8718  loss=0.6690  acc=0.5893  lr=9.56e-06
13:04:58 INFO   e1 opt_step=300/8718  loss=0.6693  acc=0.5890  lr=1.15e-05
13:05:05 INFO   e1 opt_step=350/8718  loss=0.6670  acc=0.5900  lr=1.34e-05
13:05:12 INFO   e1 opt_step=400/8718  loss=0.6620  acc=0.5941  lr=1.53e-05
13:05:19 INFO   e1 opt_step=450/8718  loss=0.6549  acc=0.6011  lr=1.72e-05
13:05:26 INFO   e1 opt_step=500/8718  loss=0.6442  acc=0.6115  lr=1.91e-05
13:05:33 INFO   e1 opt_step=550/8718  loss=0.6361  acc=0.6177  lr=1.99e-05
13:05:41 INFO   e1 opt_step=600/8718  loss=0.6246  acc=0.6268  lr=1.98e-05
13:05:47 INFO   e1 opt_step=650/8718  loss=0.6154  acc=0.6348  lr=1.97e-05
13:05:55 INFO   e1 opt_step=700/8718  loss=0.6060  acc=0.6433  lr=1.96e-05
13:06:02 INFO   e1 opt_step=750/8718  loss=0.5960  acc=0.6510  lr=1.94e-05
13:06:09 INFO   e1 opt_step=800/8718  loss=0.5889  acc=0.6577  lr=1.93e-05
13:06:15 INFO   e1 opt_step=850/8718  loss=0.5826  acc=0.6633  lr=1.92e-05
13:06:22 INFO   e1 opt_step=900/8718  loss=0.5758  acc=0.6686  lr=1.91e-05
13:06:29 INFO   e1 opt_step=950/8718  loss=0.5673  acc=0.6738  lr=1.90e-05
13:06:36 INFO   e1 opt_step=1000/8718  loss=0.5608  acc=0.6783  lr=1.88e-05
13:06:43 INFO   e1 opt_step=1050/8718  loss=0.5531  acc=0.6836  lr=1.87e-05
13:06:50 INFO   e1 opt_step=1100/8718  loss=0.5453  acc=0.6880  lr=1.86e-05
13:06:58 INFO   e1 opt_step=1150/8718  loss=0.5402  acc=0.6927  lr=1.85e-05
13:07:05 INFO   e1 opt_step=1200/8718  loss=0.5340  acc=0.6973  lr=1.83e-05
13:07:13 INFO   e1 opt_step=1250/8718  loss=0.5283  acc=0.7016  lr=1.82e-05
13:07:20 INFO   e1 opt_step=1300/8718  loss=0.5214  acc=0.7057  lr=1.81e-05
13:07:27 INFO   e1 opt_step=1350/8718  loss=0.5154  acc=0.7088  lr=1.80e-05
13:07:34 INFO   e1 opt_step=1400/8718  loss=0.5097  acc=0.7127  lr=1.79e-05
13:07:42 INFO   e1 opt_step=1450/8718  loss=0.5042  acc=0.7159  lr=1.77e-05
13:07:49 INFO   e1 opt_step=1500/8718  loss=0.4986  acc=0.7192  lr=1.76e-05
13:07:56 INFO   e1 opt_step=1550/8718  loss=0.4931  acc=0.7225  lr=1.75e-05
13:08:04 INFO   e1 opt_step=1600/8718  loss=0.4888  acc=0.7255  lr=1.74e-05
13:08:16 INFO   e1 opt_step=1650/8718  loss=0.4845  acc=0.7288  lr=1.72e-05
13:08:31 INFO   e1 opt_step=1700/8718  loss=0.4796  acc=0.7320  lr=1.71e-05
13:08:46 INFO   e1 opt_step=1750/8718  loss=0.4756  acc=0.7348  lr=1.70e-05
13:09:00 INFO   e1 opt_step=1800/8718  loss=0.4707  acc=0.7382  lr=1.69e-05
13:09:15 INFO   e1 opt_step=1850/8718  loss=0.4665  acc=0.7408  lr=1.68e-05
13:09:30 INFO   e1 opt_step=1900/8718  loss=0.4624  acc=0.7436  lr=1.66e-05
13:09:46 INFO   e1 opt_step=1950/8718  loss=0.4578  acc=0.7463  lr=1.65e-05
13:10:01 INFO   e1 opt_step=2000/8718  loss=0.4539  acc=0.7488  lr=1.64e-05
13:10:16 INFO   e1 opt_step=2050/8718  loss=0.4499  acc=0.7514  lr=1.63e-05
13:10:31 INFO   e1 opt_step=2100/8718  loss=0.4461  acc=0.7536  lr=1.62e-05
13:10:46 INFO   e1 opt_step=2150/8718  loss=0.4424  acc=0.7564  lr=1.60e-05
13:11:01 INFO   e1 opt_step=2200/8718  loss=0.4388  acc=0.7585  lr=1.59e-05
13:11:15 INFO   e1 opt_step=2250/8718  loss=0.4349  acc=0.7610  lr=1.58e-05
13:11:30 INFO   e1 opt_step=2300/8718  loss=0.4312  acc=0.7637  lr=1.57e-05
13:11:45 INFO   e1 opt_step=2350/8718  loss=0.4275  acc=0.7661  lr=1.55e-05
13:11:59 INFO   e1 opt_step=2400/8718  loss=0.4232  acc=0.7689  lr=1.54e-05
13:12:13 INFO   e1 opt_step=2450/8718  loss=0.4198  acc=0.7714  lr=1.53e-05
13:12:28 INFO   e1 opt_step=2500/8718  loss=0.4167  acc=0.7735  lr=1.52e-05
13:12:43 INFO   e1 opt_step=2550/8718  loss=0.4134  acc=0.7760  lr=1.51e-05
13:12:59 INFO   e1 opt_step=2600/8718  loss=0.4102  acc=0.7783  lr=1.49e-05
13:13:13 INFO   e1 opt_step=2650/8718  loss=0.4067  acc=0.7808  lr=1.48e-05
13:13:27 INFO   e1 opt_step=2700/8718  loss=0.4032  acc=0.7828  lr=1.47e-05
13:13:41 INFO   e1 opt_step=2750/8718  loss=0.4002  acc=0.7850  lr=1.46e-05
13:13:56 INFO   e1 opt_step=2800/8718  loss=0.3967  acc=0.7873  lr=1.44e-05
13:14:10 INFO   e1 opt_step=2850/8718  loss=0.3937  acc=0.7896  lr=1.43e-05
13:14:25 INFO   e1 opt_step=2900/8718  loss=0.3901  acc=0.7921  lr=1.42e-05
13:14:41 INFO [epoch 1/3]  train_loss=0.3897  train_acc=0.7924  val_loss=0.8347  val_acc=0.6969  val_auc=0.7840  elapsed=626.3s
13:14:43 INFO   * saved best.pt  val_acc=0.6969
13:14:55 INFO   e2 opt_step=2950/8718  loss=0.1876  acc=0.9325  lr=1.41e-05
13:15:10 INFO   e2 opt_step=3000/8718  loss=0.1763  acc=0.9299  lr=1.40e-05
13:15:24 INFO   e2 opt_step=3050/8718  loss=0.1720  acc=0.9308  lr=1.38e-05
13:15:38 INFO   e2 opt_step=3100/8718  loss=0.1810  acc=0.9259  lr=1.37e-05
13:15:52 INFO   e2 opt_step=3150/8718  loss=0.1804  acc=0.9260  lr=1.36e-05
13:16:06 INFO   e2 opt_step=3200/8718  loss=0.1780  acc=0.9289  lr=1.35e-05
13:16:20 INFO   e2 opt_step=3250/8718  loss=0.1788  acc=0.9288  lr=1.33e-05
13:16:35 INFO   e2 opt_step=3300/8718  loss=0.1740  acc=0.9309  lr=1.32e-05
13:16:50 INFO   e2 opt_step=3350/8718  loss=0.1759  acc=0.9316  lr=1.31e-05
13:17:06 INFO   e2 opt_step=3400/8718  loss=0.1763  acc=0.9322  lr=1.30e-05
13:17:21 INFO   e2 opt_step=3450/8718  loss=0.1769  acc=0.9330  lr=1.29e-05
13:17:36 INFO   e2 opt_step=3500/8718  loss=0.1795  acc=0.9329  lr=1.27e-05
13:17:51 INFO   e2 opt_step=3550/8718  loss=0.1820  acc=0.9324  lr=1.26e-05
13:18:06 INFO   e2 opt_step=3600/8718  loss=0.1810  acc=0.9333  lr=1.25e-05
13:18:22 INFO   e2 opt_step=3650/8718  loss=0.1804  acc=0.9342  lr=1.24e-05
13:18:36 INFO   e2 opt_step=3700/8718  loss=0.1825  acc=0.9340  lr=1.22e-05
13:18:50 INFO   e2 opt_step=3750/8718  loss=0.1834  acc=0.9342  lr=1.21e-05
13:19:05 INFO   e2 opt_step=3800/8718  loss=0.1842  acc=0.9343  lr=1.20e-05
13:19:19 INFO   e2 opt_step=3850/8718  loss=0.1842  acc=0.9346  lr=1.19e-05
13:19:34 INFO   e2 opt_step=3900/8718  loss=0.1847  acc=0.9343  lr=1.18e-05
13:19:48 INFO   e2 opt_step=3950/8718  loss=0.1847  acc=0.9338  lr=1.16e-05
13:20:03 INFO   e2 opt_step=4000/8718  loss=0.1845  acc=0.9342  lr=1.15e-05
13:20:17 INFO   e2 opt_step=4050/8718  loss=0.1835  acc=0.9348  lr=1.14e-05
13:20:31 INFO   e2 opt_step=4100/8718  loss=0.1825  acc=0.9353  lr=1.13e-05
13:20:45 INFO   e2 opt_step=4150/8718  loss=0.1809  acc=0.9356  lr=1.11e-05
13:20:59 INFO   e2 opt_step=4200/8718  loss=0.1796  acc=0.9364  lr=1.10e-05
13:21:15 INFO   e2 opt_step=4250/8718  loss=0.1785  acc=0.9370  lr=1.09e-05
13:21:29 INFO   e2 opt_step=4300/8718  loss=0.1774  acc=0.9375  lr=1.08e-05
13:21:43 INFO   e2 opt_step=4350/8718  loss=0.1753  acc=0.9384  lr=1.07e-05
13:21:58 INFO   e2 opt_step=4400/8718  loss=0.1735  acc=0.9391  lr=1.05e-05
13:22:13 INFO   e2 opt_step=4450/8718  loss=0.1712  acc=0.9399  lr=1.04e-05
13:22:28 INFO   e2 opt_step=4500/8718  loss=0.1690  acc=0.9408  lr=1.03e-05
13:22:43 INFO   e2 opt_step=4550/8718  loss=0.1673  acc=0.9415  lr=1.02e-05
13:22:57 INFO   e2 opt_step=4600/8718  loss=0.1670  acc=0.9417  lr=1.01e-05
13:23:12 INFO   e2 opt_step=4650/8718  loss=0.1659  acc=0.9421  lr=9.93e-06
13:23:26 INFO   e2 opt_step=4700/8718  loss=0.1643  acc=0.9428  lr=9.81e-06
13:23:40 INFO   e2 opt_step=4750/8718  loss=0.1624  acc=0.9435  lr=9.68e-06
13:23:55 INFO   e2 opt_step=4800/8718  loss=0.1611  acc=0.9441  lr=9.56e-06
13:24:09 INFO   e2 opt_step=4850/8718  loss=0.1594  acc=0.9448  lr=9.44e-06
13:24:23 INFO   e2 opt_step=4900/8718  loss=0.1583  acc=0.9453  lr=9.32e-06
13:24:37 INFO   e2 opt_step=4950/8718  loss=0.1573  acc=0.9458  lr=9.20e-06
13:24:52 INFO   e2 opt_step=5000/8718  loss=0.1556  acc=0.9462  lr=9.07e-06
13:25:07 INFO   e2 opt_step=5050/8718  loss=0.1542  acc=0.9467  lr=8.95e-06
13:25:23 INFO   e2 opt_step=5100/8718  loss=0.1528  acc=0.9472  lr=8.83e-06
13:25:38 INFO   e2 opt_step=5150/8718  loss=0.1517  acc=0.9477  lr=8.71e-06
13:25:52 INFO   e2 opt_step=5200/8718  loss=0.1503  acc=0.9482  lr=8.59e-06
13:26:07 INFO   e2 opt_step=5250/8718  loss=0.1495  acc=0.9488  lr=8.46e-06
13:26:23 INFO   e2 opt_step=5300/8718  loss=0.1484  acc=0.9492  lr=8.34e-06
13:26:38 INFO   e2 opt_step=5350/8718  loss=0.1470  acc=0.9497  lr=8.22e-06
13:26:53 INFO   e2 opt_step=5400/8718  loss=0.1455  acc=0.9502  lr=8.10e-06
13:27:08 INFO   e2 opt_step=5450/8718  loss=0.1443  acc=0.9507  lr=7.98e-06
13:27:23 INFO   e2 opt_step=5500/8718  loss=0.1433  acc=0.9511  lr=7.85e-06
13:27:38 INFO   e2 opt_step=5550/8718  loss=0.1423  acc=0.9516  lr=7.73e-06
13:27:53 INFO   e2 opt_step=5600/8718  loss=0.1410  acc=0.9522  lr=7.61e-06
13:28:08 INFO   e2 opt_step=5650/8718  loss=0.1398  acc=0.9526  lr=7.49e-06
13:28:24 INFO   e2 opt_step=5700/8718  loss=0.1386  acc=0.9532  lr=7.37e-06
13:28:39 INFO   e2 opt_step=5750/8718  loss=0.1372  acc=0.9537  lr=7.24e-06
13:28:54 INFO   e2 opt_step=5800/8718  loss=0.1359  acc=0.9542  lr=7.12e-06
13:29:11 INFO [epoch 2/3]  train_loss=0.1357  train_acc=0.9543  val_loss=1.1719  val_acc=0.7865  val_auc=0.8251  elapsed=868.3s
13:29:13 INFO   * saved best.pt  val_acc=0.7865
13:29:24 INFO   e3 opt_step=5850/8718  loss=0.0525  acc=0.9827  lr=7.00e-06
13:29:39 INFO   e3 opt_step=5900/8718  loss=0.0622  acc=0.9794  lr=6.88e-06
13:29:52 INFO   e3 opt_step=5950/8718  loss=0.0536  acc=0.9828  lr=6.76e-06
13:30:06 INFO   e3 opt_step=6000/8718  loss=0.0523  acc=0.9842  lr=6.63e-06
13:30:20 INFO   e3 opt_step=6050/8718  loss=0.0516  acc=0.9842  lr=6.51e-06
13:30:35 INFO   e3 opt_step=6100/8718  loss=0.0545  acc=0.9840  lr=6.39e-06
13:30:49 INFO   e3 opt_step=6150/8718  loss=0.0539  acc=0.9844  lr=6.27e-06
13:31:03 INFO   e3 opt_step=6200/8718  loss=0.0542  acc=0.9847  lr=6.15e-06
13:31:18 INFO   e3 opt_step=6250/8718  loss=0.0523  acc=0.9853  lr=6.02e-06
13:31:33 INFO   e3 opt_step=6300/8718  loss=0.0523  acc=0.9853  lr=5.90e-06
13:31:48 INFO   e3 opt_step=6350/8718  loss=0.0526  acc=0.9852  lr=5.78e-06
13:32:03 INFO   e3 opt_step=6400/8718  loss=0.0512  acc=0.9854  lr=5.66e-06
13:32:18 INFO   e3 opt_step=6450/8718  loss=0.0504  acc=0.9856  lr=5.54e-06
13:32:32 INFO   e3 opt_step=6500/8718  loss=0.0503  acc=0.9857  lr=5.41e-06
13:32:46 INFO   e3 opt_step=6550/8718  loss=0.0500  acc=0.9857  lr=5.29e-06
13:33:00 INFO   e3 opt_step=6600/8718  loss=0.0501  acc=0.9858  lr=5.17e-06
13:33:15 INFO   e3 opt_step=6650/8718  loss=0.0481  acc=0.9865  lr=5.05e-06
13:33:30 INFO   e3 opt_step=6700/8718  loss=0.0478  acc=0.9866  lr=4.92e-06
13:33:44 INFO   e3 opt_step=6750/8718  loss=0.0477  acc=0.9867  lr=4.80e-06
13:33:59 INFO   e3 opt_step=6800/8718  loss=0.0473  acc=0.9868  lr=4.68e-06
13:34:13 INFO   e3 opt_step=6850/8718  loss=0.0466  acc=0.9869  lr=4.56e-06
13:34:28 INFO   e3 opt_step=6900/8718  loss=0.0461  acc=0.9870  lr=4.44e-06
13:34:43 INFO   e3 opt_step=6950/8718  loss=0.0456  acc=0.9871  lr=4.31e-06
13:34:57 INFO   e3 opt_step=7000/8718  loss=0.0449  acc=0.9873  lr=4.19e-06
13:35:13 INFO   e3 opt_step=7050/8718  loss=0.0447  acc=0.9874  lr=4.07e-06
13:35:28 INFO   e3 opt_step=7100/8718  loss=0.0445  acc=0.9874  lr=3.95e-06
13:35:43 INFO   e3 opt_step=7150/8718  loss=0.0437  acc=0.9876  lr=3.83e-06
13:35:56 INFO   e3 opt_step=7200/8718  loss=0.0435  acc=0.9878  lr=3.70e-06
13:36:11 INFO   e3 opt_step=7250/8718  loss=0.0431  acc=0.9879  lr=3.58e-06
13:36:27 INFO   e3 opt_step=7300/8718  loss=0.0423  acc=0.9881  lr=3.46e-06
13:36:43 INFO   e3 opt_step=7350/8718  loss=0.0421  acc=0.9882  lr=3.34e-06
13:36:57 INFO   e3 opt_step=7400/8718  loss=0.0416  acc=0.9884  lr=3.22e-06
13:37:12 INFO   e3 opt_step=7450/8718  loss=0.0412  acc=0.9885  lr=3.09e-06
13:37:27 INFO   e3 opt_step=7500/8718  loss=0.0410  acc=0.9885  lr=2.97e-06
13:37:42 INFO   e3 opt_step=7550/8718  loss=0.0405  acc=0.9887  lr=2.85e-06
13:37:57 INFO   e3 opt_step=7600/8718  loss=0.0406  acc=0.9887  lr=2.73e-06
13:38:11 INFO   e3 opt_step=7650/8718  loss=0.0402  acc=0.9887  lr=2.61e-06
13:38:26 INFO   e3 opt_step=7700/8718  loss=0.0398  acc=0.9888  lr=2.48e-06
13:38:40 INFO   e3 opt_step=7750/8718  loss=0.0396  acc=0.9888  lr=2.36e-06
13:38:55 INFO   e3 opt_step=7800/8718  loss=0.0397  acc=0.9887  lr=2.24e-06
13:39:09 INFO   e3 opt_step=7850/8718  loss=0.0394  acc=0.9888  lr=2.12e-06
13:39:23 INFO   e3 opt_step=7900/8718  loss=0.0392  acc=0.9888  lr=2.00e-06
13:39:37 INFO   e3 opt_step=7950/8718  loss=0.0393  acc=0.9889  lr=1.87e-06
13:39:52 INFO   e3 opt_step=8000/8718  loss=0.0390  acc=0.9889  lr=1.75e-06
13:40:07 INFO   e3 opt_step=8050/8718  loss=0.0387  acc=0.9891  lr=1.63e-06
13:40:21 INFO   e3 opt_step=8100/8718  loss=0.0385  acc=0.9891  lr=1.51e-06
13:40:36 INFO   e3 opt_step=8150/8718  loss=0.0379  acc=0.9893  lr=1.39e-06
13:40:51 INFO   e3 opt_step=8200/8718  loss=0.0376  acc=0.9894  lr=1.26e-06
13:41:05 INFO   e3 opt_step=8250/8718  loss=0.0376  acc=0.9894  lr=1.14e-06
13:41:19 INFO   e3 opt_step=8300/8718  loss=0.0374  acc=0.9895  lr=1.02e-06
13:41:33 INFO   e3 opt_step=8350/8718  loss=0.0370  acc=0.9895  lr=8.98e-07
13:41:48 INFO   e3 opt_step=8400/8718  loss=0.0367  acc=0.9896  lr=7.76e-07
13:42:03 INFO   e3 opt_step=8450/8718  loss=0.0363  acc=0.9896  lr=6.54e-07
13:42:18 INFO   e3 opt_step=8500/8718  loss=0.0361  acc=0.9897  lr=5.32e-07
13:42:33 INFO   e3 opt_step=8550/8718  loss=0.0359  acc=0.9898  lr=4.10e-07
13:42:47 INFO   e3 opt_step=8600/8718  loss=0.0360  acc=0.9898  lr=2.88e-07
13:43:01 INFO   e3 opt_step=8650/8718  loss=0.0358  acc=0.9899  lr=1.66e-07
13:43:16 INFO   e3 opt_step=8700/8718  loss=0.0356  acc=0.9899  lr=4.39e-08
13:43:36 INFO [epoch 3/3]  train_loss=0.0356  train_acc=0.9899  val_loss=1.5167  val_acc=0.7807  val_auc=0.7875  elapsed=863.3s
13:43:38 INFO saved final.pt  total_time=2364s
13:43:38 INFO loading best.pt for final val/test evaluation …
13:43:54 INFO [val]  acc=0.7865  auc=0.8251  f1=0.6643
13:44:08 INFO [test] loss=1.9723  acc=0.6558  auc=0.6718  f1=0.5446
13:44:08 INFO [done] best_val_acc=0.7865  test_acc=0.6558  test_auc=0.6718  results in runs/crossencoder2x/new_ajo_ce2x_org
