10:04:40 INFO run_dir=/mnt/localssd/crossencoder_sweep/runs/ajo_doc_not_tier1/bge-base-en-v1.5
10:04:40 INFO device=cuda:0  bf16=True  physical_gpu=2  CUDA_VISIBLE_DEVICES=2
10:04:40 INFO dataset=ajo_doc_not_tier1  model=bge-base-en-v1.5  backbone=BAAI/bge-base-en-v1.5
10:04:40 INFO tokenizer <- BAAI/bge-base-en-v1.5
10:04:41 INFO split files: ['directional_train.jsonl', 'directional_val.jsonl', 'directional_test.jsonl']
10:04:41 INFO scanning max JOINT token length across all splits ...
10:07:01 INFO   observed_max_joint=512 -> max_seq_len=512 (cap=512, scan=140.1s)
10:07:01 INFO loading datasets ...
10:07:02 INFO   schema=standard  train=88000  val=11200  test=11200
10:07:02 INFO building CrossEncoderClassifier  backbone=BAAI/bge-base-en-v1.5
10:07:03 INFO   hidden_size=768  trainable_params=109,483,009
10:07:03 INFO   total_steps=5500  warmup_steps=550
10:07:14 INFO   e1 step    50/1375  loss=0.7301  acc=0.4988  lr0=1.82e-06 lr1=9.09e-05
10:07:24 INFO   e1 step   100/1375  loss=0.7261  acc=0.4998  lr0=3.64e-06 lr1=1.82e-04
10:07:35 INFO   e1 step   150/1375  loss=0.7223  acc=0.5038  lr0=5.45e-06 lr1=2.73e-04
10:07:45 INFO   e1 step   200/1375  loss=0.7186  acc=0.5050  lr0=7.27e-06 lr1=3.64e-04
10:07:55 INFO   e1 step   250/1375  loss=0.7165  acc=0.5036  lr0=9.09e-06 lr1=4.55e-04
10:08:05 INFO   e1 step   300/1375  loss=0.7147  acc=0.5048  lr0=1.09e-05 lr1=5.45e-04
10:08:15 INFO   e1 step   350/1375  loss=0.7101  acc=0.5121  lr0=1.27e-05 lr1=6.36e-04
10:08:25 INFO   e1 step   400/1375  loss=0.7063  acc=0.5195  lr0=1.45e-05 lr1=7.27e-04
10:08:36 INFO   e1 step   450/1375  loss=0.7040  acc=0.5230  lr0=1.64e-05 lr1=8.18e-04
10:08:46 INFO   e1 step   500/1375  loss=0.7006  acc=0.5279  lr0=1.82e-05 lr1=9.09e-04
10:08:56 INFO   e1 step   550/1375  loss=0.6973  acc=0.5337  lr0=2.00e-05 lr1=1.00e-03
10:09:06 INFO   e1 step   600/1375  loss=0.6939  acc=0.5388  lr0=1.98e-05 lr1=9.90e-04
10:09:16 INFO   e1 step   650/1375  loss=0.6906  acc=0.5437  lr0=1.96e-05 lr1=9.80e-04
10:09:26 INFO   e1 step   700/1375  loss=0.6858  acc=0.5502  lr0=1.94e-05 lr1=9.70e-04
10:09:37 INFO   e1 step   750/1375  loss=0.6783  acc=0.5592  lr0=1.92e-05 lr1=9.60e-04
10:09:47 INFO   e1 step   800/1375  loss=0.6665  acc=0.5716  lr0=1.90e-05 lr1=9.49e-04
10:09:57 INFO   e1 step   850/1375  loss=0.6532  acc=0.5840  lr0=1.88e-05 lr1=9.39e-04
10:10:07 INFO   e1 step   900/1375  loss=0.6386  acc=0.5964  lr0=1.86e-05 lr1=9.29e-04
10:10:17 INFO   e1 step   950/1375  loss=0.6228  acc=0.6095  lr0=1.84e-05 lr1=9.19e-04
10:10:27 INFO   e1 step  1000/1375  loss=0.6079  acc=0.6216  lr0=1.82e-05 lr1=9.09e-04
10:10:38 INFO   e1 step  1050/1375  loss=0.5922  acc=0.6338  lr0=1.80e-05 lr1=8.99e-04
10:10:48 INFO   e1 step  1100/1375  loss=0.5786  acc=0.6444  lr0=1.78e-05 lr1=8.89e-04
10:10:58 INFO   e1 step  1150/1375  loss=0.5643  acc=0.6554  lr0=1.76e-05 lr1=8.79e-04
10:11:08 INFO   e1 step  1200/1375  loss=0.5505  acc=0.6661  lr0=1.74e-05 lr1=8.69e-04
10:11:18 INFO   e1 step  1250/1375  loss=0.5370  acc=0.6760  lr0=1.72e-05 lr1=8.59e-04
10:11:29 INFO   e1 step  1300/1375  loss=0.5240  acc=0.6855  lr0=1.70e-05 lr1=8.48e-04
10:11:39 INFO   e1 step  1350/1375  loss=0.5113  acc=0.6946  lr0=1.68e-05 lr1=8.38e-04
10:11:54 INFO [epoch 1] train_loss=0.5050 train_acc=0.6989  val_loss=0.1991 val_acc=0.9234 val_auc=0.9771  elapsed=290.9s
10:11:55 INFO   saved best.pt  val_acc=0.9234
10:12:05 INFO   e2 step    50/1375  loss=0.1169  acc=0.9559  lr0=1.65e-05 lr1=8.23e-04
10:12:15 INFO   e2 step   100/1375  loss=0.1199  acc=0.9550  lr0=1.63e-05 lr1=8.13e-04
10:12:25 INFO   e2 step   150/1375  loss=0.1209  acc=0.9548  lr0=1.61e-05 lr1=8.03e-04
10:12:36 INFO   e2 step   200/1375  loss=0.1188  acc=0.9561  lr0=1.59e-05 lr1=7.93e-04
10:12:46 INFO   e2 step   250/1375  loss=0.1137  acc=0.9581  lr0=1.57e-05 lr1=7.83e-04
10:12:56 INFO   e2 step   300/1375  loss=0.1115  acc=0.9600  lr0=1.55e-05 lr1=7.73e-04
10:13:06 INFO   e2 step   350/1375  loss=0.1091  acc=0.9607  lr0=1.53e-05 lr1=7.63e-04
10:13:16 INFO   e2 step   400/1375  loss=0.1053  acc=0.9616  lr0=1.51e-05 lr1=7.53e-04
10:13:26 INFO   e2 step   450/1375  loss=0.1019  acc=0.9629  lr0=1.48e-05 lr1=7.42e-04
10:13:37 INFO   e2 step   500/1375  loss=0.0981  acc=0.9642  lr0=1.46e-05 lr1=7.32e-04
10:13:47 INFO   e2 step   550/1375  loss=0.0952  acc=0.9654  lr0=1.44e-05 lr1=7.22e-04
10:13:57 INFO   e2 step   600/1375  loss=0.0921  acc=0.9665  lr0=1.42e-05 lr1=7.12e-04
10:14:07 INFO   e2 step   650/1375  loss=0.0888  acc=0.9675  lr0=1.40e-05 lr1=7.02e-04
10:14:17 INFO   e2 step   700/1375  loss=0.0862  acc=0.9686  lr0=1.38e-05 lr1=6.92e-04
10:14:28 INFO   e2 step   750/1375  loss=0.0837  acc=0.9696  lr0=1.36e-05 lr1=6.82e-04
10:14:38 INFO   e2 step   800/1375  loss=0.0818  acc=0.9704  lr0=1.34e-05 lr1=6.72e-04
10:14:48 INFO   e2 step   850/1375  loss=0.0793  acc=0.9714  lr0=1.32e-05 lr1=6.62e-04
10:14:58 INFO   e2 step   900/1375  loss=0.0767  acc=0.9723  lr0=1.30e-05 lr1=6.52e-04
10:15:08 INFO   e2 step   950/1375  loss=0.0746  acc=0.9731  lr0=1.28e-05 lr1=6.41e-04
10:15:18 INFO   e2 step  1000/1375  loss=0.0722  acc=0.9739  lr0=1.26e-05 lr1=6.31e-04
10:15:29 INFO   e2 step  1050/1375  loss=0.0706  acc=0.9745  lr0=1.24e-05 lr1=6.21e-04
10:15:39 INFO   e2 step  1100/1375  loss=0.0692  acc=0.9750  lr0=1.22e-05 lr1=6.11e-04
10:15:49 INFO   e2 step  1150/1375  loss=0.0674  acc=0.9757  lr0=1.20e-05 lr1=6.01e-04
10:15:59 INFO   e2 step  1200/1375  loss=0.0661  acc=0.9762  lr0=1.18e-05 lr1=5.91e-04
10:16:09 INFO   e2 step  1250/1375  loss=0.0647  acc=0.9768  lr0=1.16e-05 lr1=5.81e-04
10:16:19 INFO   e2 step  1300/1375  loss=0.0633  acc=0.9774  lr0=1.14e-05 lr1=5.71e-04
10:16:30 INFO   e2 step  1350/1375  loss=0.0621  acc=0.9779  lr0=1.12e-05 lr1=5.61e-04
10:16:45 INFO [epoch 2] train_loss=0.0613 train_acc=0.9781  val_loss=0.1543 val_acc=0.9695 val_auc=0.9928  elapsed=290.4s
10:16:46 INFO   saved best.pt  val_acc=0.9695
10:16:56 INFO   e3 step    50/1375  loss=0.0147  acc=0.9959  lr0=1.09e-05 lr1=5.45e-04
10:17:06 INFO   e3 step   100/1375  loss=0.0120  acc=0.9962  lr0=1.07e-05 lr1=5.35e-04
10:17:17 INFO   e3 step   150/1375  loss=0.0120  acc=0.9962  lr0=1.05e-05 lr1=5.25e-04
10:17:27 INFO   e3 step   200/1375  loss=0.0139  acc=0.9959  lr0=1.03e-05 lr1=5.15e-04
10:17:37 INFO   e3 step   250/1375  loss=0.0135  acc=0.9960  lr0=1.01e-05 lr1=5.05e-04
10:17:47 INFO   e3 step   300/1375  loss=0.0139  acc=0.9959  lr0=9.90e-06 lr1=4.95e-04
10:17:57 INFO   e3 step   350/1375  loss=0.0132  acc=0.9961  lr0=9.70e-06 lr1=4.85e-04
10:18:07 INFO   e3 step   400/1375  loss=0.0121  acc=0.9963  lr0=9.49e-06 lr1=4.75e-04
10:18:17 INFO   e3 step   450/1375  loss=0.0122  acc=0.9963  lr0=9.29e-06 lr1=4.65e-04
10:18:28 INFO   e3 step   500/1375  loss=0.0119  acc=0.9964  lr0=9.09e-06 lr1=4.55e-04
10:18:38 INFO   e3 step   550/1375  loss=0.0113  acc=0.9966  lr0=8.89e-06 lr1=4.44e-04
10:18:48 INFO   e3 step   600/1375  loss=0.0107  acc=0.9967  lr0=8.69e-06 lr1=4.34e-04
10:18:58 INFO   e3 step   650/1375  loss=0.0108  acc=0.9967  lr0=8.48e-06 lr1=4.24e-04
10:19:08 INFO   e3 step   700/1375  loss=0.0104  acc=0.9968  lr0=8.28e-06 lr1=4.14e-04
10:19:18 INFO   e3 step   750/1375  loss=0.0102  acc=0.9969  lr0=8.08e-06 lr1=4.04e-04
10:19:29 INFO   e3 step   800/1375  loss=0.0100  acc=0.9970  lr0=7.88e-06 lr1=3.94e-04
10:19:39 INFO   e3 step   850/1375  loss=0.0101  acc=0.9970  lr0=7.68e-06 lr1=3.84e-04
10:19:49 INFO   e3 step   900/1375  loss=0.0099  acc=0.9970  lr0=7.47e-06 lr1=3.74e-04
10:19:59 INFO   e3 step   950/1375  loss=0.0099  acc=0.9970  lr0=7.27e-06 lr1=3.64e-04
10:20:09 INFO   e3 step  1000/1375  loss=0.0101  acc=0.9970  lr0=7.07e-06 lr1=3.54e-04
10:20:19 INFO   e3 step  1050/1375  loss=0.0105  acc=0.9969  lr0=6.87e-06 lr1=3.43e-04
10:20:29 INFO   e3 step  1100/1375  loss=0.0105  acc=0.9969  lr0=6.67e-06 lr1=3.33e-04
10:20:40 INFO   e3 step  1150/1375  loss=0.0103  acc=0.9970  lr0=6.46e-06 lr1=3.23e-04
10:20:50 INFO   e3 step  1200/1375  loss=0.0101  acc=0.9970  lr0=6.26e-06 lr1=3.13e-04
10:21:00 INFO   e3 step  1250/1375  loss=0.0098  acc=0.9971  lr0=6.06e-06 lr1=3.03e-04
10:21:10 INFO   e3 step  1300/1375  loss=0.0097  acc=0.9971  lr0=5.86e-06 lr1=2.93e-04
10:21:20 INFO   e3 step  1350/1375  loss=0.0095  acc=0.9972  lr0=5.66e-06 lr1=2.83e-04
10:21:35 INFO [epoch 3] train_loss=0.0094 train_acc=0.9972  val_loss=0.1363 val_acc=0.9763 val_auc=0.9934  elapsed=289.7s
10:21:36 INFO   saved best.pt  val_acc=0.9763
10:21:47 INFO   e4 step    50/1375  loss=0.0025  acc=0.9994  lr0=5.35e-06 lr1=2.68e-04
10:21:57 INFO   e4 step   100/1375  loss=0.0032  acc=0.9991  lr0=5.15e-06 lr1=2.58e-04
10:22:07 INFO   e4 step   150/1375  loss=0.0024  acc=0.9993  lr0=4.95e-06 lr1=2.47e-04
10:22:17 INFO   e4 step   200/1375  loss=0.0033  acc=0.9991  lr0=4.75e-06 lr1=2.37e-04
10:22:27 INFO   e4 step   250/1375  loss=0.0030  acc=0.9991  lr0=4.55e-06 lr1=2.27e-04
10:22:37 INFO   e4 step   300/1375  loss=0.0027  acc=0.9992  lr0=4.34e-06 lr1=2.17e-04
10:22:47 INFO   e4 step   350/1375  loss=0.0031  acc=0.9992  lr0=4.14e-06 lr1=2.07e-04
10:22:57 INFO   e4 step   400/1375  loss=0.0029  acc=0.9992  lr0=3.94e-06 lr1=1.97e-04
10:23:08 INFO   e4 step   450/1375  loss=0.0028  acc=0.9992  lr0=3.74e-06 lr1=1.87e-04
10:23:18 INFO   e4 step   500/1375  loss=0.0027  acc=0.9992  lr0=3.54e-06 lr1=1.77e-04
10:23:28 INFO   e4 step   550/1375  loss=0.0026  acc=0.9993  lr0=3.33e-06 lr1=1.67e-04
10:23:38 INFO   e4 step   600/1375  loss=0.0024  acc=0.9993  lr0=3.13e-06 lr1=1.57e-04
10:23:48 INFO   e4 step   650/1375  loss=0.0024  acc=0.9993  lr0=2.93e-06 lr1=1.46e-04
10:23:58 INFO   e4 step   700/1375  loss=0.0023  acc=0.9993  lr0=2.73e-06 lr1=1.36e-04
10:24:08 INFO   e4 step   750/1375  loss=0.0022  acc=0.9994  lr0=2.53e-06 lr1=1.26e-04
10:24:18 INFO   e4 step   800/1375  loss=0.0022  acc=0.9994  lr0=2.32e-06 lr1=1.16e-04
10:24:29 INFO   e4 step   850/1375  loss=0.0020  acc=0.9994  lr0=2.12e-06 lr1=1.06e-04
10:24:39 INFO   e4 step   900/1375  loss=0.0021  acc=0.9994  lr0=1.92e-06 lr1=9.60e-05
10:24:49 INFO   e4 step   950/1375  loss=0.0021  acc=0.9994  lr0=1.72e-06 lr1=8.59e-05
10:24:59 INFO   e4 step  1000/1375  loss=0.0020  acc=0.9994  lr0=1.52e-06 lr1=7.58e-05
10:25:09 INFO   e4 step  1050/1375  loss=0.0020  acc=0.9994  lr0=1.31e-06 lr1=6.57e-05
10:25:19 INFO   e4 step  1100/1375  loss=0.0020  acc=0.9994  lr0=1.11e-06 lr1=5.56e-05
10:25:29 INFO   e4 step  1150/1375  loss=0.0019  acc=0.9995  lr0=9.09e-07 lr1=4.55e-05
10:25:39 INFO   e4 step  1200/1375  loss=0.0018  acc=0.9995  lr0=7.07e-07 lr1=3.54e-05
10:25:49 INFO   e4 step  1250/1375  loss=0.0018  acc=0.9995  lr0=5.05e-07 lr1=2.53e-05
10:26:00 INFO   e4 step  1300/1375  loss=0.0018  acc=0.9995  lr0=3.03e-07 lr1=1.52e-05
10:26:10 INFO   e4 step  1350/1375  loss=0.0017  acc=0.9995  lr0=1.01e-07 lr1=5.05e-06
10:26:25 INFO [epoch 4] train_loss=0.0017 train_acc=0.9995  val_loss=0.1348 val_acc=0.9805 val_auc=0.9926  elapsed=289.0s
10:26:26 INFO   saved best.pt  val_acc=0.9805
10:26:26 INFO loading best.pt for test eval
10:26:37 INFO [test] loss=0.2253  acc=0.9696  auc=0.9890  f1=0.9698
10:26:37 INFO [done] run_summary.json written to /mnt/localssd/crossencoder_sweep/runs/ajo_doc_not_tier1/bge-base-en-v1.5
