22:38:36 INFO run_dir=runs/classifier/new_aep_workflow_scrap_snowflake-arctic-embed-l
22:38:36 INFO device=cuda  bf16=True
22:38:36 INFO tokenizer <- Snowflake/snowflake-arctic-embed-l
22:38:37 INFO max_seq_len=512 (user-provided)
22:38:37 INFO loading datasets
22:38:37 INFO   train=13904  val=1676  test=1548
22:38:37 INFO building DirectionalClassifier on Snowflake/snowflake-arctic-embed-l  head_cfg={'head_type': 'mlp', 'hidden_dims': [1024, 256], 'dropout': 0.1, 'activation': 'gelu', 'norm': 'layer'}  n_tiers=0
22:38:43 INFO   hidden_size=1024  trainable_params=674,752,513
22:38:43 INFO   total_steps=2607  warmup_steps=260
22:38:58 INFO   e1 step    50/869  loss=0.8233  acc=0.5300  lr0=1.92e-06 lr1=1.92e-04
22:42:47 INFO run_dir=runs/classifier/new_aep_workflow_scrap_snowflake-arctic-embed-l
22:42:47 INFO device=cuda  bf16=True
22:42:47 INFO tokenizer <- Snowflake/snowflake-arctic-embed-l
22:42:48 INFO max_seq_len=512 (user-provided)
22:42:48 INFO loading datasets
22:42:48 INFO   train=13904  val=1676  test=1548
22:42:48 INFO building DirectionalClassifier on Snowflake/snowflake-arctic-embed-l  head_cfg={'head_type': 'mlp', 'hidden_dims': [1024, 256], 'dropout': 0.1, 'activation': 'gelu', 'norm': 'layer'}  n_tiers=0
22:42:51 INFO   hidden_size=1024  trainable_params=674,752,513
22:42:51 INFO   total_steps=2607  warmup_steps=260
22:43:06 INFO   e1 step    50/869  loss=0.8233  acc=0.5300  lr0=1.92e-06 lr1=1.92e-04
22:43:19 INFO   e1 step   100/869  loss=0.7942  acc=0.5281  lr0=3.85e-06 lr1=3.85e-04
22:43:33 INFO   e1 step   150/869  loss=0.7686  acc=0.5354  lr0=5.77e-06 lr1=5.77e-04
22:43:47 INFO   e1 step   200/869  loss=0.7484  acc=0.5459  lr0=7.69e-06 lr1=7.69e-04
22:44:01 INFO   e1 step   250/869  loss=0.7390  acc=0.5455  lr0=9.62e-06 lr1=9.62e-04
22:44:15 INFO   e1 step   300/869  loss=0.7269  acc=0.5529  lr0=9.83e-06 lr1=9.83e-04
22:44:29 INFO   e1 step   350/869  loss=0.7195  acc=0.5561  lr0=9.62e-06 lr1=9.62e-04
22:44:42 INFO   e1 step   400/869  loss=0.7153  acc=0.5559  lr0=9.40e-06 lr1=9.40e-04
22:44:56 INFO   e1 step   450/869  loss=0.7111  acc=0.5568  lr0=9.19e-06 lr1=9.19e-04
22:45:09 INFO   e1 step   500/869  loss=0.7076  acc=0.5557  lr0=8.98e-06 lr1=8.98e-04
22:45:23 INFO   e1 step   550/869  loss=0.7015  acc=0.5620  lr0=8.76e-06 lr1=8.76e-04
22:45:36 INFO   e1 step   600/869  loss=0.6987  acc=0.5624  lr0=8.55e-06 lr1=8.55e-04
22:45:49 INFO   e1 step   650/869  loss=0.6951  acc=0.5665  lr0=8.34e-06 lr1=8.34e-04
22:46:03 INFO   e1 step   700/869  loss=0.6920  acc=0.5690  lr0=8.13e-06 lr1=8.13e-04
22:46:17 INFO   e1 step   750/869  loss=0.6902  acc=0.5707  lr0=7.91e-06 lr1=7.91e-04
22:46:30 INFO   e1 step   800/869  loss=0.6864  acc=0.5749  lr0=7.70e-06 lr1=7.70e-04
22:46:44 INFO   e1 step   850/869  loss=0.6839  acc=0.5765  lr0=7.49e-06 lr1=7.49e-04
22:46:55 INFO [epoch 1] train_loss=0.6825 train_acc=0.5778  val_loss=0.6595 val_acc=0.6342 val_auc=0.6983  elapsed=244.2s
22:46:58 INFO   saved best.pt  val_acc=0.6342
22:47:12 INFO   e2 step    50/869  loss=0.5878  acc=0.6700  lr0=7.19e-06 lr1=7.19e-04
22:47:25 INFO   e2 step   100/869  loss=0.5948  acc=0.6794  lr0=6.98e-06 lr1=6.98e-04
22:47:39 INFO   e2 step   150/869  loss=0.5872  acc=0.6813  lr0=6.77e-06 lr1=6.77e-04
22:47:53 INFO   e2 step   200/869  loss=0.5833  acc=0.6844  lr0=6.55e-06 lr1=6.55e-04
22:48:07 INFO   e2 step   250/869  loss=0.5725  acc=0.6900  lr0=6.34e-06 lr1=6.34e-04
22:48:20 INFO   e2 step   300/869  loss=0.5732  acc=0.6885  lr0=6.13e-06 lr1=6.13e-04
22:48:33 INFO   e2 step   350/869  loss=0.5743  acc=0.6873  lr0=5.91e-06 lr1=5.91e-04
22:48:47 INFO   e2 step   400/869  loss=0.5706  acc=0.6894  lr0=5.70e-06 lr1=5.70e-04
22:49:01 INFO   e2 step   450/869  loss=0.5677  acc=0.6893  lr0=5.49e-06 lr1=5.49e-04
22:49:15 INFO   e2 step   500/869  loss=0.5648  acc=0.6911  lr0=5.27e-06 lr1=5.27e-04
22:49:28 INFO   e2 step   550/869  loss=0.5653  acc=0.6909  lr0=5.06e-06 lr1=5.06e-04
22:49:42 INFO   e2 step   600/869  loss=0.5623  acc=0.6917  lr0=4.85e-06 lr1=4.85e-04
22:49:56 INFO   e2 step   650/869  loss=0.5604  acc=0.6935  lr0=4.64e-06 lr1=4.64e-04
22:50:09 INFO   e2 step   700/869  loss=0.5578  acc=0.6944  lr0=4.42e-06 lr1=4.42e-04
22:50:23 INFO   e2 step   750/869  loss=0.5591  acc=0.6936  lr0=4.21e-06 lr1=4.21e-04
22:50:36 INFO   e2 step   800/869  loss=0.5591  acc=0.6927  lr0=4.00e-06 lr1=4.00e-04
22:50:50 INFO   e2 step   850/869  loss=0.5572  acc=0.6933  lr0=3.78e-06 lr1=3.78e-04
22:51:01 INFO [epoch 2] train_loss=0.5568 train_acc=0.6933  val_loss=0.5852 val_acc=0.6653 val_auc=0.7599  elapsed=242.7s
22:51:04 INFO   saved best.pt  val_acc=0.6653
22:51:18 INFO   e3 step    50/869  loss=0.4230  acc=0.7950  lr0=3.49e-06 lr1=3.49e-04
22:51:32 INFO   e3 step   100/869  loss=0.4129  acc=0.7963  lr0=3.28e-06 lr1=3.28e-04
22:51:46 INFO   e3 step   150/869  loss=0.4301  acc=0.7908  lr0=3.06e-06 lr1=3.06e-04
22:51:59 INFO   e3 step   200/869  loss=0.4343  acc=0.7881  lr0=2.85e-06 lr1=2.85e-04
22:52:13 INFO   e3 step   250/869  loss=0.4329  acc=0.7885  lr0=2.64e-06 lr1=2.64e-04
22:52:26 INFO   e3 step   300/869  loss=0.4296  acc=0.7913  lr0=2.42e-06 lr1=2.42e-04
22:52:40 INFO   e3 step   350/869  loss=0.4326  acc=0.7882  lr0=2.21e-06 lr1=2.21e-04
22:52:53 INFO   e3 step   400/869  loss=0.4290  acc=0.7913  lr0=2.00e-06 lr1=2.00e-04
22:53:07 INFO   e3 step   450/869  loss=0.4304  acc=0.7882  lr0=1.79e-06 lr1=1.79e-04
22:53:18 INFO   e3 step   500/869  loss=0.4271  acc=0.7896  lr0=1.57e-06 lr1=1.57e-04
22:53:31 INFO   e3 step   550/869  loss=0.4253  acc=0.7892  lr0=1.36e-06 lr1=1.36e-04
22:53:45 INFO   e3 step   600/869  loss=0.4229  acc=0.7910  lr0=1.15e-06 lr1=1.15e-04
22:53:59 INFO   e3 step   650/869  loss=0.4222  acc=0.7913  lr0=9.33e-07 lr1=9.33e-05
22:54:12 INFO   e3 step   700/869  loss=0.4224  acc=0.7908  lr0=7.20e-07 lr1=7.20e-05
22:54:26 INFO   e3 step   750/869  loss=0.4200  acc=0.7921  lr0=5.07e-07 lr1=5.07e-05
22:54:39 INFO   e3 step   800/869  loss=0.4202  acc=0.7918  lr0=2.94e-07 lr1=2.94e-05
22:54:53 INFO   e3 step   850/869  loss=0.4182  acc=0.7922  lr0=8.10e-08 lr1=8.10e-06
22:55:04 INFO [epoch 3] train_loss=0.4186 train_acc=0.7919  val_loss=0.7176 val_acc=0.6742 val_auc=0.7608  elapsed=239.4s
22:55:07 INFO   saved best.pt  val_acc=0.6742
22:55:10 INFO loading best.pt for test eval
22:55:16 INFO [test] loss=0.7031  acc=0.6854  auc=0.7622  f1=0.6880
22:55:16 INFO [test] per-tier-pair accuracy:
22:55:16 INFO         T0-T0  n= 1548  acc=0.6854
22:55:16 INFO [done] results in runs/classifier/new_aep_workflow_scrap_snowflake-arctic-embed-l
