03:58:22 INFO run_dir=runs/classifier/data/ajo_newstyle_BAAI/bge-m3
03:58:22 INFO device=cuda  bf16=True
03:58:22 INFO tokenizer <- BAAI/bge-m3
03:58:25 INFO max_seq_len=524 (user-provided)
03:58:25 INFO loading datasets
03:58:26 INFO   train=20897  val=2612  test=2613
03:58:26 INFO building DirectionalClassifier on BAAI/bge-m3  head_cfg={'head_type': 'mlp', 'hidden_dims': [512, 128], 'dropout': 0.1, 'activation': 'gelu', 'norm': 'layer'}  n_tiers=0
03:58:29 INFO   hidden_size=1024  trainable_params=1,137,682,433
03:58:29 INFO   total_steps=6540  warmup_steps=654
03:59:06 INFO   e1 step    50/654  loss=0.8209  acc=0.5088  lr0=1.53e-06 lr1=7.65e-05
03:59:41 INFO   e1 step   100/654  loss=0.7791  acc=0.5166  lr0=3.06e-06 lr1=1.53e-04
04:00:15 INFO   e1 step   150/654  loss=0.7502  acc=0.5315  lr0=4.59e-06 lr1=2.29e-04
04:00:50 INFO   e1 step   200/654  loss=0.7393  acc=0.5247  lr0=6.12e-06 lr1=3.06e-04
04:01:24 INFO   e1 step   250/654  loss=0.7285  acc=0.5288  lr0=7.65e-06 lr1=3.82e-04
04:01:58 INFO   e1 step   300/654  loss=0.7193  acc=0.5366  lr0=9.17e-06 lr1=4.59e-04
04:02:33 INFO   e1 step   350/654  loss=0.7134  acc=0.5402  lr0=1.07e-05 lr1=5.35e-04
04:03:07 INFO   e1 step   400/654  loss=0.7078  acc=0.5440  lr0=1.22e-05 lr1=6.12e-04
04:03:42 INFO   e1 step   450/654  loss=0.7019  acc=0.5501  lr0=1.38e-05 lr1=6.88e-04
04:04:16 INFO   e1 step   500/654  loss=0.6969  acc=0.5545  lr0=1.53e-05 lr1=7.65e-04
04:04:51 INFO   e1 step   550/654  loss=0.6926  acc=0.5595  lr0=1.68e-05 lr1=8.41e-04
04:05:25 INFO   e1 step   600/654  loss=0.6873  acc=0.5645  lr0=1.83e-05 lr1=9.17e-04
04:05:59 INFO   e1 step   650/654  loss=0.6836  acc=0.5672  lr0=1.99e-05 lr1=9.94e-04
04:06:16 INFO [epoch 1] train_loss=0.6838 train_acc=0.5670  val_loss=0.6278 val_acc=0.6041 val_auc=0.6751  elapsed=467.4s
04:06:23 INFO   saved best.pt  val_acc=0.6041
04:06:58 INFO   e2 step    50/654  loss=0.6034  acc=0.6431  lr0=1.98e-05 lr1=9.92e-04
04:07:32 INFO   e2 step   100/654  loss=0.6037  acc=0.6425  lr0=1.97e-05 lr1=9.83e-04
04:08:07 INFO   e2 step   150/654  loss=0.6041  acc=0.6419  lr0=1.95e-05 lr1=9.75e-04
04:08:41 INFO   e2 step   200/654  loss=0.6058  acc=0.6403  lr0=1.93e-05 lr1=9.66e-04
04:09:16 INFO   e2 step   250/654  loss=0.6028  acc=0.6410  lr0=1.92e-05 lr1=9.58e-04
04:09:50 INFO   e2 step   300/654  loss=0.6054  acc=0.6392  lr0=1.90e-05 lr1=9.49e-04
04:10:25 INFO   e2 step   350/654  loss=0.6036  acc=0.6401  lr0=1.88e-05 lr1=9.41e-04
04:10:59 INFO   e2 step   400/654  loss=0.6025  acc=0.6391  lr0=1.86e-05 lr1=9.32e-04
04:11:34 INFO   e2 step   450/654  loss=0.5988  acc=0.6428  lr0=1.85e-05 lr1=9.24e-04
04:12:08 INFO   e2 step   500/654  loss=0.5990  acc=0.6436  lr0=1.83e-05 lr1=9.15e-04
04:12:43 INFO   e2 step   550/654  loss=0.5974  acc=0.6444  lr0=1.81e-05 lr1=9.07e-04
04:13:17 INFO   e2 step   600/654  loss=0.5970  acc=0.6428  lr0=1.80e-05 lr1=8.98e-04
04:13:52 INFO   e2 step   650/654  loss=0.5957  acc=0.6432  lr0=1.78e-05 lr1=8.90e-04
04:14:09 INFO [epoch 2] train_loss=0.5959 train_acc=0.6431  val_loss=0.5788 val_acc=0.6275 val_auc=0.7239  elapsed=466.0s
04:14:17 INFO   saved best.pt  val_acc=0.6275
04:14:52 INFO   e3 step    50/654  loss=0.5569  acc=0.6731  lr0=1.76e-05 lr1=8.80e-04
04:15:27 INFO   e3 step   100/654  loss=0.5438  acc=0.6900  lr0=1.74e-05 lr1=8.72e-04
04:16:01 INFO   e3 step   150/654  loss=0.5358  acc=0.6896  lr0=1.73e-05 lr1=8.63e-04
04:16:36 INFO   e3 step   200/654  loss=0.5323  acc=0.6923  lr0=1.71e-05 lr1=8.55e-04
04:17:10 INFO   e3 step   250/654  loss=0.5330  acc=0.6929  lr0=1.69e-05 lr1=8.46e-04
04:17:45 INFO   e3 step   300/654  loss=0.5341  acc=0.6924  lr0=1.68e-05 lr1=8.38e-04
04:18:20 INFO   e3 step   350/654  loss=0.5347  acc=0.6936  lr0=1.66e-05 lr1=8.29e-04
04:18:54 INFO   e3 step   400/654  loss=0.5362  acc=0.6909  lr0=1.64e-05 lr1=8.21e-04
04:19:28 INFO   e3 step   450/654  loss=0.5368  acc=0.6904  lr0=1.62e-05 lr1=8.12e-04
04:20:03 INFO   e3 step   500/654  loss=0.5331  acc=0.6933  lr0=1.61e-05 lr1=8.04e-04
04:20:38 INFO   e3 step   550/654  loss=0.5338  acc=0.6915  lr0=1.59e-05 lr1=7.95e-04
04:21:12 INFO   e3 step   600/654  loss=0.5338  acc=0.6924  lr0=1.57e-05 lr1=7.87e-04
04:21:47 INFO   e3 step   650/654  loss=0.5341  acc=0.6923  lr0=1.56e-05 lr1=7.78e-04
04:22:04 INFO [epoch 3] train_loss=0.5341 train_acc=0.6923  val_loss=0.5588 val_acc=0.6654 val_auc=0.7617  elapsed=466.3s
04:22:11 INFO   saved best.pt  val_acc=0.6654
04:22:46 INFO   e4 step    50/654  loss=0.4763  acc=0.7344  lr0=1.54e-05 lr1=7.69e-04
04:23:20 INFO   e4 step   100/654  loss=0.4616  acc=0.7494  lr0=1.52e-05 lr1=7.61e-04
04:23:55 INFO   e4 step   150/654  loss=0.4598  acc=0.7492  lr0=1.50e-05 lr1=7.52e-04
04:24:29 INFO   e4 step   200/654  loss=0.4636  acc=0.7466  lr0=1.49e-05 lr1=7.44e-04
04:25:04 INFO   e4 step   250/654  loss=0.4677  acc=0.7409  lr0=1.47e-05 lr1=7.35e-04
04:25:38 INFO   e4 step   300/654  loss=0.4721  acc=0.7378  lr0=1.45e-05 lr1=7.27e-04
04:26:13 INFO   e4 step   350/654  loss=0.4689  acc=0.7375  lr0=1.44e-05 lr1=7.18e-04
04:26:48 INFO   e4 step   400/654  loss=0.4684  acc=0.7394  lr0=1.42e-05 lr1=7.10e-04
04:27:22 INFO   e4 step   450/654  loss=0.4673  acc=0.7403  lr0=1.40e-05 lr1=7.01e-04
04:27:57 INFO   e4 step   500/654  loss=0.4655  acc=0.7409  lr0=1.39e-05 lr1=6.93e-04
04:28:31 INFO   e4 step   550/654  loss=0.4668  acc=0.7414  lr0=1.37e-05 lr1=6.84e-04
04:29:06 INFO   e4 step   600/654  loss=0.4690  acc=0.7404  lr0=1.35e-05 lr1=6.76e-04
04:29:40 INFO   e4 step   650/654  loss=0.4697  acc=0.7405  lr0=1.33e-05 lr1=6.67e-04
04:29:57 INFO [epoch 4] train_loss=0.4698 train_acc=0.7403  val_loss=0.5559 val_acc=0.6600 val_auc=0.7636  elapsed=466.3s
04:30:32 INFO   e5 step    50/654  loss=0.4082  acc=0.7856  lr0=1.32e-05 lr1=6.58e-04
04:31:07 INFO   e5 step   100/654  loss=0.4118  acc=0.7809  lr0=1.30e-05 lr1=6.50e-04
04:31:41 INFO   e5 step   150/654  loss=0.4057  acc=0.7829  lr0=1.28e-05 lr1=6.41e-04
04:32:15 INFO   e5 step   200/654  loss=0.4049  acc=0.7856  lr0=1.27e-05 lr1=6.33e-04
04:32:50 INFO   e5 step   250/654  loss=0.4046  acc=0.7830  lr0=1.25e-05 lr1=6.24e-04
04:33:25 INFO   e5 step   300/654  loss=0.4011  acc=0.7824  lr0=1.23e-05 lr1=6.16e-04
04:33:59 INFO   e5 step   350/654  loss=0.4013  acc=0.7821  lr0=1.21e-05 lr1=6.07e-04
04:34:34 INFO   e5 step   400/654  loss=0.4044  acc=0.7810  lr0=1.20e-05 lr1=5.99e-04
04:35:08 INFO   e5 step   450/654  loss=0.4070  acc=0.7805  lr0=1.18e-05 lr1=5.90e-04
04:35:43 INFO   e5 step   500/654  loss=0.4076  acc=0.7796  lr0=1.16e-05 lr1=5.82e-04
04:36:18 INFO   e5 step   550/654  loss=0.4084  acc=0.7790  lr0=1.15e-05 lr1=5.73e-04
04:36:52 INFO   e5 step   600/654  loss=0.4072  acc=0.7796  lr0=1.13e-05 lr1=5.65e-04
04:37:27 INFO   e5 step   650/654  loss=0.4073  acc=0.7794  lr0=1.11e-05 lr1=5.56e-04
04:37:43 INFO [epoch 5] train_loss=0.4072 train_acc=0.7793  val_loss=0.7089 val_acc=0.6489 val_auc=0.7578  elapsed=466.2s
04:38:18 INFO   e6 step    50/654  loss=0.3301  acc=0.8419  lr0=1.09e-05 lr1=5.47e-04
04:38:53 INFO   e6 step   100/654  loss=0.3311  acc=0.8369  lr0=1.08e-05 lr1=5.39e-04
04:39:27 INFO   e6 step   150/654  loss=0.3261  acc=0.8354  lr0=1.06e-05 lr1=5.30e-04
04:40:02 INFO   e6 step   200/654  loss=0.3225  acc=0.8386  lr0=1.04e-05 lr1=5.22e-04
04:40:36 INFO   e6 step   250/654  loss=0.3245  acc=0.8337  lr0=1.03e-05 lr1=5.13e-04
04:41:11 INFO   e6 step   300/654  loss=0.3312  acc=0.8281  lr0=1.01e-05 lr1=5.05e-04
04:41:46 INFO   e6 step   350/654  loss=0.3344  acc=0.8268  lr0=9.92e-06 lr1=4.96e-04
04:42:20 INFO   e6 step   400/654  loss=0.3382  acc=0.8230  lr0=9.75e-06 lr1=4.88e-04
04:42:54 INFO   e6 step   450/654  loss=0.3408  acc=0.8210  lr0=9.58e-06 lr1=4.79e-04
04:43:29 INFO   e6 step   500/654  loss=0.3406  acc=0.8210  lr0=9.41e-06 lr1=4.71e-04
04:44:03 INFO   e6 step   550/654  loss=0.3412  acc=0.8206  lr0=9.24e-06 lr1=4.62e-04
04:44:38 INFO   e6 step   600/654  loss=0.3416  acc=0.8206  lr0=9.07e-06 lr1=4.54e-04
04:45:13 INFO   e6 step   650/654  loss=0.3431  acc=0.8191  lr0=8.90e-06 lr1=4.45e-04
04:45:29 INFO [epoch 6] train_loss=0.3434 train_acc=0.8189  val_loss=0.7974 val_acc=0.6512 val_auc=0.7499  elapsed=466.0s
04:46:04 INFO   e7 step    50/654  loss=0.2613  acc=0.8675  lr0=8.72e-06 lr1=4.36e-04
04:46:39 INFO   e7 step   100/654  loss=0.2663  acc=0.8669  lr0=8.55e-06 lr1=4.27e-04
04:47:13 INFO   e7 step   150/654  loss=0.2689  acc=0.8694  lr0=8.38e-06 lr1=4.19e-04
04:47:48 INFO   e7 step   200/654  loss=0.2684  acc=0.8670  lr0=8.21e-06 lr1=4.10e-04
04:48:22 INFO   e7 step   250/654  loss=0.2718  acc=0.8639  lr0=8.04e-06 lr1=4.02e-04
04:48:57 INFO   e7 step   300/654  loss=0.2712  acc=0.8648  lr0=7.87e-06 lr1=3.93e-04
04:49:31 INFO   e7 step   350/654  loss=0.2733  acc=0.8626  lr0=7.70e-06 lr1=3.85e-04
04:50:06 INFO   e7 step   400/654  loss=0.2732  acc=0.8616  lr0=7.53e-06 lr1=3.76e-04
04:50:40 INFO   e7 step   450/654  loss=0.2771  acc=0.8592  lr0=7.36e-06 lr1=3.68e-04
04:51:15 INFO   e7 step   500/654  loss=0.2785  acc=0.8591  lr0=7.19e-06 lr1=3.59e-04
04:51:49 INFO   e7 step   550/654  loss=0.2775  acc=0.8597  lr0=7.02e-06 lr1=3.51e-04
04:52:24 INFO   e7 step   600/654  loss=0.2779  acc=0.8593  lr0=6.85e-06 lr1=3.43e-04
04:52:58 INFO   e7 step   650/654  loss=0.2810  acc=0.8575  lr0=6.68e-06 lr1=3.34e-04
04:53:15 INFO [epoch 7] train_loss=0.2813 train_acc=0.8574  val_loss=1.0303 val_acc=0.6531 val_auc=0.7474  elapsed=465.6s
04:53:50 INFO   e8 step    50/654  loss=0.1923  acc=0.9019  lr0=6.50e-06 lr1=3.25e-04
04:54:24 INFO   e8 step   100/654  loss=0.2101  acc=0.8972  lr0=6.33e-06 lr1=3.16e-04
04:54:59 INFO   e8 step   150/654  loss=0.2091  acc=0.8975  lr0=6.16e-06 lr1=3.08e-04
04:55:33 INFO   e8 step   200/654  loss=0.2135  acc=0.8952  lr0=5.99e-06 lr1=2.99e-04
04:56:08 INFO   e8 step   250/654  loss=0.2131  acc=0.8961  lr0=5.82e-06 lr1=2.91e-04
04:56:42 INFO   e8 step   300/654  loss=0.2150  acc=0.8958  lr0=5.65e-06 lr1=2.82e-04
04:57:17 INFO   e8 step   350/654  loss=0.2175  acc=0.8947  lr0=5.48e-06 lr1=2.74e-04
04:57:51 INFO   e8 step   400/654  loss=0.2192  acc=0.8937  lr0=5.31e-06 lr1=2.65e-04
04:58:26 INFO   e8 step   450/654  loss=0.2200  acc=0.8931  lr0=5.14e-06 lr1=2.57e-04
04:59:01 INFO   e8 step   500/654  loss=0.2227  acc=0.8909  lr0=4.97e-06 lr1=2.48e-04
04:59:35 INFO   e8 step   550/654  loss=0.2237  acc=0.8902  lr0=4.80e-06 lr1=2.40e-04
05:00:45 INFO   e8 step   600/654  loss=0.2231  acc=0.8903  lr0=4.63e-06 lr1=2.31e-04
05:02:02 INFO   e8 step   650/654  loss=0.2240  acc=0.8896  lr0=4.46e-06 lr1=2.23e-04
05:02:39 INFO [epoch 8] train_loss=0.2238 train_acc=0.8896  val_loss=1.3835 val_acc=0.6440 val_auc=0.7308  elapsed=563.6s
05:03:55 INFO   e9 step    50/654  loss=0.1631  acc=0.9187  lr0=4.27e-06 lr1=2.14e-04
05:05:09 INFO   e9 step   100/654  loss=0.1868  acc=0.9131  lr0=4.10e-06 lr1=2.05e-04
05:06:26 INFO   e9 step   150/654  loss=0.1804  acc=0.9144  lr0=3.93e-06 lr1=1.97e-04
05:07:42 INFO   e9 step   200/654  loss=0.1823  acc=0.9159  lr0=3.76e-06 lr1=1.88e-04
05:08:59 INFO   e9 step   250/654  loss=0.1799  acc=0.9181  lr0=3.59e-06 lr1=1.80e-04
05:10:14 INFO   e9 step   300/654  loss=0.1781  acc=0.9193  lr0=3.43e-06 lr1=1.71e-04
05:11:31 INFO   e9 step   350/654  loss=0.1742  acc=0.9204  lr0=3.26e-06 lr1=1.63e-04
05:12:47 INFO   e9 step   400/654  loss=0.1744  acc=0.9206  lr0=3.09e-06 lr1=1.54e-04
05:14:04 INFO   e9 step   450/654  loss=0.1757  acc=0.9194  lr0=2.92e-06 lr1=1.46e-04
05:14:44 INFO   e9 step   500/654  loss=0.1770  acc=0.9182  lr0=2.75e-06 lr1=1.37e-04
05:15:18 INFO   e9 step   550/654  loss=0.1764  acc=0.9189  lr0=2.58e-06 lr1=1.29e-04
05:15:53 INFO   e9 step   600/654  loss=0.1760  acc=0.9194  lr0=2.41e-06 lr1=1.20e-04
05:16:27 INFO   e9 step   650/654  loss=0.1753  acc=0.9193  lr0=2.24e-06 lr1=1.12e-04
05:16:44 INFO [epoch 9] train_loss=0.1756 train_acc=0.9194  val_loss=1.5099 val_acc=0.6478 val_auc=0.7262  elapsed=845.3s
05:17:19 INFO   e10 step    50/654  loss=0.1208  acc=0.9363  lr0=2.05e-06 lr1=1.03e-04
05:17:53 INFO   e10 step   100/654  loss=0.1249  acc=0.9384  lr0=1.88e-06 lr1=9.41e-05
05:18:27 INFO   e10 step   150/654  loss=0.1233  acc=0.9387  lr0=1.71e-06 lr1=8.56e-05
05:19:02 INFO   e10 step   200/654  loss=0.1292  acc=0.9367  lr0=1.54e-06 lr1=7.71e-05
05:19:36 INFO   e10 step   250/654  loss=0.1296  acc=0.9375  lr0=1.37e-06 lr1=6.86e-05
05:20:11 INFO   e10 step   300/654  loss=0.1298  acc=0.9383  lr0=1.20e-06 lr1=6.01e-05
05:20:45 INFO   e10 step   350/654  loss=0.1293  acc=0.9387  lr0=1.03e-06 lr1=5.16e-05
05:21:19 INFO   e10 step   400/654  loss=0.1272  acc=0.9397  lr0=8.63e-07 lr1=4.32e-05
05:21:54 INFO   e10 step   450/654  loss=0.1286  acc=0.9396  lr0=6.93e-07 lr1=3.47e-05
05:22:28 INFO   e10 step   500/654  loss=0.1275  acc=0.9393  lr0=5.23e-07 lr1=2.62e-05
05:23:03 INFO   e10 step   550/654  loss=0.1285  acc=0.9387  lr0=3.53e-07 lr1=1.77e-05
05:23:37 INFO   e10 step   600/654  loss=0.1286  acc=0.9389  lr0=1.83e-07 lr1=9.17e-06
05:24:11 INFO   e10 step   650/654  loss=0.1295  acc=0.9390  lr0=1.36e-08 lr1=6.80e-07
05:24:28 INFO [epoch 10] train_loss=0.1296 train_acc=0.9390  val_loss=1.7217 val_acc=0.6440 val_auc=0.7168  elapsed=464.2s
05:24:34 INFO loading best.pt for test eval
05:24:52 INFO [test] loss=0.5978  acc=0.6429  auc=0.7346  f1=0.6815
05:24:52 INFO [test] per-tier-pair accuracy:
05:24:52 INFO         T0-T0  n= 2613  acc=0.6429
05:24:52 INFO [done] results in runs/classifier/data/ajo_newstyle_BAAI/bge-m3
