00:41:30 INFO run_dir=/mnt/localssd/baseline_sweep/runs/new_ajo_workflows/all-MiniLM-L6-v2
00:41:30 INFO device=cuda:0  bf16=True  physical_gpu=3  CUDA_VISIBLE_DEVICES=3
00:41:30 INFO dataset=new_ajo_workflows  model=all-MiniLM-L6-v2  backbone=sentence-transformers/all-MiniLM-L6-v2
00:41:30 INFO tokenizer <- sentence-transformers/all-MiniLM-L6-v2
00:41:30 INFO split files: ['directional_train.jsonl', 'directional_val.jsonl', 'directional_test.jsonl']
00:41:30 INFO scanning max token length across all splits ...
00:41:36 INFO   observed_max=331 -> max_seq_len=350 (cap=512, scan=5.4s)
00:41:36 INFO loading datasets ...
00:41:36 INFO   schema=standard  train=21846  val=2470  test=2616
00:41:36 INFO building DirectionalClassifier  backbone=sentence-transformers/all-MiniLM-L6-v2  head=MLP(4d->512->128->1, act=gelu, norm=layer, dropout=0.1)  n_tiers=0
00:41:37 INFO   hidden_size=384  trainable_params=46,283,521
00:41:37 INFO   total_steps=1368  warmup_steps=136
00:41:40 INFO   e1 step    50/342  loss=0.7821  acc=0.5225  lr0=7.35e-06 lr1=3.68e-04
00:41:42 INFO   e1 step   100/342  loss=0.7499  acc=0.5186  lr0=1.47e-05 lr1=7.35e-04
00:41:44 INFO   e1 step   150/342  loss=0.7308  acc=0.5220  lr0=1.98e-05 lr1=9.89e-04
00:41:46 INFO   e1 step   200/342  loss=0.7184  acc=0.5217  lr0=1.90e-05 lr1=9.48e-04
00:41:49 INFO   e1 step   250/342  loss=0.7100  acc=0.5232  lr0=1.81e-05 lr1=9.07e-04
00:41:51 INFO   e1 step   300/342  loss=0.7028  acc=0.5271  lr0=1.73e-05 lr1=8.67e-04
00:41:53 INFO [epoch 1] train_loss=0.6981 train_acc=0.5315  val_loss=0.6605 val_acc=0.5717 val_auc=0.6078  elapsed=16.5s
00:41:54 INFO   saved best.pt  val_acc=0.5717
00:41:56 INFO   e2 step    50/342  loss=0.6515  acc=0.5822  lr0=1.58e-05 lr1=7.92e-04
00:41:58 INFO   e2 step   100/342  loss=0.6527  acc=0.5775  lr0=1.50e-05 lr1=7.52e-04
00:42:00 INFO   e2 step   150/342  loss=0.6536  acc=0.5751  lr0=1.42e-05 lr1=7.11e-04
00:42:02 INFO   e2 step   200/342  loss=0.6523  acc=0.5721  lr0=1.34e-05 lr1=6.70e-04
00:42:04 INFO   e2 step   250/342  loss=0.6530  acc=0.5731  lr0=1.26e-05 lr1=6.30e-04
00:42:07 INFO   e2 step   300/342  loss=0.6522  acc=0.5742  lr0=1.18e-05 lr1=5.89e-04
00:42:10 INFO [epoch 2] train_loss=0.6520 train_acc=0.5740  val_loss=0.6589 val_acc=0.5858 val_auc=0.6278  elapsed=16.2s
00:42:10 INFO   saved best.pt  val_acc=0.5858
00:42:13 INFO   e3 step    50/342  loss=0.6238  acc=0.6106  lr0=1.03e-05 lr1=5.15e-04
00:42:15 INFO   e3 step   100/342  loss=0.6203  acc=0.6209  lr0=9.48e-06 lr1=4.74e-04
00:42:17 INFO   e3 step   150/342  loss=0.6234  acc=0.6225  lr0=8.67e-06 lr1=4.33e-04
00:42:19 INFO   e3 step   200/342  loss=0.6235  acc=0.6181  lr0=7.86e-06 lr1=3.93e-04
00:42:21 INFO   e3 step   250/342  loss=0.6239  acc=0.6166  lr0=7.05e-06 lr1=3.52e-04
00:42:23 INFO   e3 step   300/342  loss=0.6239  acc=0.6167  lr0=6.23e-06 lr1=3.12e-04
00:42:26 INFO [epoch 3] train_loss=0.6238 train_acc=0.6182  val_loss=0.6710 val_acc=0.5858 val_auc=0.6285  elapsed=16.0s
00:42:29 INFO   e4 step    50/342  loss=0.5907  acc=0.6603  lr0=4.74e-06 lr1=2.37e-04
00:42:31 INFO   e4 step   100/342  loss=0.5960  acc=0.6505  lr0=3.93e-06 lr1=1.96e-04
00:42:33 INFO   e4 step   150/342  loss=0.6017  acc=0.6420  lr0=3.12e-06 lr1=1.56e-04
00:42:35 INFO   e4 step   200/342  loss=0.5978  acc=0.6477  lr0=2.31e-06 lr1=1.15e-04
00:42:37 INFO   e4 step   250/342  loss=0.5979  acc=0.6464  lr0=1.49e-06 lr1=7.47e-05
00:42:40 INFO   e4 step   300/342  loss=0.5956  acc=0.6479  lr0=6.82e-07 lr1=3.41e-05
00:42:42 INFO [epoch 4] train_loss=0.5945 train_acc=0.6494  val_loss=0.7116 val_acc=0.5862 val_auc=0.6310  elapsed=16.1s
00:42:43 INFO   saved best.pt  val_acc=0.5862
00:42:43 INFO loading best.pt for test eval
00:42:44 INFO [test] loss=0.6719  acc=0.5975  auc=0.6464  f1=0.6150
00:42:44 INFO [test] per-tier-pair accuracy:
00:42:44 INFO         T0-T0  n= 2288  acc=0.5857
00:42:44 INFO         T2-T2  n=  120  acc=0.7083
00:42:44 INFO         T3-T3  n=  120  acc=0.6417
00:42:44 INFO         T9-T9  n=   60  acc=0.7167
00:42:44 INFO       T10-T10  n=   28  acc=0.6429
00:42:44 INFO [done] run_summary.json written to /mnt/localssd/baseline_sweep/runs/new_ajo_workflows/all-MiniLM-L6-v2
