00:37:30 INFO run_dir=/mnt/localssd/baseline_sweep/runs/new_ajo_workflows/all-mpnet-base-v2
00:37:30 INFO device=cuda:0  bf16=True  physical_gpu=3  CUDA_VISIBLE_DEVICES=3
00:37:30 INFO dataset=new_ajo_workflows  model=all-mpnet-base-v2  backbone=sentence-transformers/all-mpnet-base-v2
00:37:30 INFO tokenizer <- sentence-transformers/all-mpnet-base-v2
00:37:30 INFO split files: ['directional_train.jsonl', 'directional_val.jsonl', 'directional_test.jsonl']
00:37:30 INFO scanning max token length across all splits ...
00:37:35 INFO   observed_max=331 -> max_seq_len=350 (cap=512, scan=5.3s)
00:37:35 INFO loading datasets ...
00:37:36 INFO   schema=standard  train=21846  val=2470  test=2616
00:37:36 INFO building DirectionalClassifier  backbone=sentence-transformers/all-mpnet-base-v2  head=MLP(4d->512->128->1, act=gelu, norm=layer, dropout=0.1)  n_tiers=0
00:37:37 INFO   hidden_size=768  trainable_params=220,619,521
00:37:37 INFO   total_steps=1368  warmup_steps=136
00:37:46 INFO   e1 step    50/342  loss=0.8155  acc=0.5319  lr0=7.35e-06 lr1=3.68e-04
00:37:53 INFO   e1 step   100/342  loss=0.7688  acc=0.5330  lr0=1.47e-05 lr1=7.35e-04
00:38:00 INFO   e1 step   150/342  loss=0.7413  acc=0.5377  lr0=1.98e-05 lr1=9.89e-04
00:38:07 INFO   e1 step   200/342  loss=0.7226  acc=0.5422  lr0=1.90e-05 lr1=9.48e-04
00:38:15 INFO   e1 step   250/342  loss=0.7111  acc=0.5416  lr0=1.81e-05 lr1=9.07e-04
00:38:22 INFO   e1 step   300/342  loss=0.7033  acc=0.5431  lr0=1.73e-05 lr1=8.67e-04
00:38:30 INFO [epoch 1] train_loss=0.6978 train_acc=0.5436  val_loss=0.6601 val_acc=0.5611 val_auc=0.6352  elapsed=53.2s
00:38:31 INFO   saved best.pt  val_acc=0.5611
00:38:40 INFO   e2 step    50/342  loss=0.6383  acc=0.5984  lr0=1.58e-05 lr1=7.92e-04
00:38:47 INFO   e2 step   100/342  loss=0.6426  acc=0.5919  lr0=1.50e-05 lr1=7.52e-04
00:38:54 INFO   e2 step   150/342  loss=0.6432  acc=0.5908  lr0=1.42e-05 lr1=7.11e-04
00:39:01 INFO   e2 step   200/342  loss=0.6413  acc=0.5948  lr0=1.34e-05 lr1=6.70e-04
00:39:08 INFO   e2 step   250/342  loss=0.6386  acc=0.5993  lr0=1.26e-05 lr1=6.30e-04
00:39:15 INFO   e2 step   300/342  loss=0.6362  acc=0.6029  lr0=1.18e-05 lr1=5.89e-04
00:39:23 INFO [epoch 2] train_loss=0.6347 train_acc=0.6064  val_loss=0.6847 val_acc=0.5980 val_auc=0.6421  elapsed=51.9s
00:39:24 INFO   saved best.pt  val_acc=0.5980
00:39:32 INFO   e3 step    50/342  loss=0.5716  acc=0.6822  lr0=1.03e-05 lr1=5.15e-04
00:39:39 INFO   e3 step   100/342  loss=0.5742  acc=0.6797  lr0=9.48e-06 lr1=4.74e-04
00:39:46 INFO   e3 step   150/342  loss=0.5771  acc=0.6785  lr0=8.67e-06 lr1=4.33e-04
00:39:54 INFO   e3 step   200/342  loss=0.5801  acc=0.6725  lr0=7.86e-06 lr1=3.93e-04
00:40:01 INFO   e3 step   250/342  loss=0.5773  acc=0.6732  lr0=7.05e-06 lr1=3.52e-04
00:40:08 INFO   e3 step   300/342  loss=0.5749  acc=0.6726  lr0=6.23e-06 lr1=3.12e-04
00:40:17 INFO [epoch 3] train_loss=0.5744 train_acc=0.6750  val_loss=0.6945 val_acc=0.6024 val_auc=0.6605  elapsed=52.3s
00:40:18 INFO   saved best.pt  val_acc=0.6024
00:40:25 INFO   e4 step    50/342  loss=0.5113  acc=0.7341  lr0=4.74e-06 lr1=2.37e-04
00:40:32 INFO   e4 step   100/342  loss=0.5146  acc=0.7289  lr0=3.93e-06 lr1=1.96e-04
00:40:39 INFO   e4 step   150/342  loss=0.5100  acc=0.7323  lr0=3.12e-06 lr1=1.56e-04
00:40:47 INFO   e4 step   200/342  loss=0.5096  acc=0.7309  lr0=2.31e-06 lr1=1.15e-04
00:40:54 INFO   e4 step   250/342  loss=0.5080  acc=0.7298  lr0=1.49e-06 lr1=7.47e-05
00:41:01 INFO   e4 step   300/342  loss=0.5066  acc=0.7299  lr0=6.82e-07 lr1=3.41e-05
00:41:10 INFO [epoch 4] train_loss=0.5057 train_acc=0.7301  val_loss=0.8001 val_acc=0.6101 val_auc=0.6592  elapsed=52.3s
00:41:11 INFO   saved best.pt  val_acc=0.6101
00:41:12 INFO loading best.pt for test eval
00:41:14 INFO [test] loss=0.7175  acc=0.6284  auc=0.6839  f1=0.6354
00:41:14 INFO [test] per-tier-pair accuracy:
00:41:14 INFO         T0-T0  n= 2288  acc=0.6163
00:41:14 INFO         T2-T2  n=  120  acc=0.7917
00:41:14 INFO         T3-T3  n=  120  acc=0.6417
00:41:14 INFO         T9-T9  n=   60  acc=0.7833
00:41:14 INFO       T10-T10  n=   28  acc=0.5357
00:41:14 INFO [done] run_summary.json written to /mnt/localssd/baseline_sweep/runs/new_ajo_workflows/all-mpnet-base-v2
