07:40:09 INFO run_dir=/mnt/localssd/crossencoder_sweep/runs/aep_causal_wf_v3/all-MiniLM-L6-v2
07:40:09 INFO device=cuda:0  bf16=True  physical_gpu=3  CUDA_VISIBLE_DEVICES=3
07:40:09 INFO dataset=aep_causal_wf_v3  model=all-MiniLM-L6-v2  backbone=sentence-transformers/all-MiniLM-L6-v2
07:40:09 INFO tokenizer <- sentence-transformers/all-MiniLM-L6-v2
07:40:10 INFO split files: ['directional_train.jsonl', 'directional_val.jsonl', 'directional_test.jsonl']
07:40:10 INFO scanning max JOINT token length across all splits ...
07:40:18 INFO   observed_max_joint=512 -> max_seq_len=512 (cap=512, scan=8.0s)
07:40:18 INFO loading datasets ...
07:40:18 INFO   schema=standard  train=21287  val=327  test=318
07:40:18 INFO building CrossEncoderClassifier  backbone=sentence-transformers/all-MiniLM-L6-v2
07:40:19 INFO   hidden_size=384  trainable_params=22,713,601
07:40:19 INFO   total_steps=1332  warmup_steps=133
07:40:21 INFO   e1 step    50/333  loss=0.7104  acc=0.4963  lr0=7.52e-06 lr1=3.76e-04
07:40:23 INFO   e1 step   100/333  loss=0.7043  acc=0.5105  lr0=1.50e-05 lr1=7.52e-04
07:40:25 INFO   e1 step   150/333  loss=0.7026  acc=0.5094  lr0=1.97e-05 lr1=9.86e-04
07:40:27 INFO   e1 step   200/333  loss=0.7019  acc=0.5082  lr0=1.89e-05 lr1=9.44e-04
07:40:28 INFO   e1 step   250/333  loss=0.7003  acc=0.5103  lr0=1.80e-05 lr1=9.02e-04
07:40:30 INFO   e1 step   300/333  loss=0.6987  acc=0.5137  lr0=1.72e-05 lr1=8.61e-04
07:40:32 INFO [epoch 1] train_loss=0.6977 train_acc=0.5156  val_loss=0.6947 val_acc=0.5138 val_auc=0.4949  elapsed=12.9s
07:40:32 INFO   saved best.pt  val_acc=0.5138
07:40:34 INFO   e2 step    50/333  loss=0.6782  acc=0.5631  lr0=1.58e-05 lr1=7.91e-04
07:40:35 INFO   e2 step   100/333  loss=0.6769  acc=0.5598  lr0=1.50e-05 lr1=7.50e-04
07:40:37 INFO   e2 step   150/333  loss=0.6722  acc=0.5689  lr0=1.42e-05 lr1=7.08e-04
07:40:39 INFO   e2 step   200/333  loss=0.6681  acc=0.5751  lr0=1.33e-05 lr1=6.66e-04
07:40:40 INFO   e2 step   250/333  loss=0.6640  acc=0.5797  lr0=1.25e-05 lr1=6.25e-04
07:40:42 INFO   e2 step   300/333  loss=0.6604  acc=0.5855  lr0=1.17e-05 lr1=5.83e-04
07:40:43 INFO [epoch 2] train_loss=0.6590 train_acc=0.5871  val_loss=0.7213 val_acc=0.5107 val_auc=0.5121  elapsed=11.6s
07:40:45 INFO   e3 step    50/333  loss=0.6171  acc=0.6481  lr0=1.03e-05 lr1=5.14e-04
07:40:47 INFO   e3 step   100/333  loss=0.6095  acc=0.6519  lr0=9.44e-06 lr1=4.72e-04
07:40:49 INFO   e3 step   150/333  loss=0.6084  acc=0.6523  lr0=8.61e-06 lr1=4.30e-04
07:40:50 INFO   e3 step   200/333  loss=0.6031  acc=0.6566  lr0=7.77e-06 lr1=3.89e-04
07:40:52 INFO   e3 step   250/333  loss=0.6011  acc=0.6584  lr0=6.94e-06 lr1=3.47e-04
07:40:54 INFO   e3 step   300/333  loss=0.5996  acc=0.6575  lr0=6.11e-06 lr1=3.05e-04
07:40:55 INFO [epoch 3] train_loss=0.5989 train_acc=0.6582  val_loss=0.7485 val_acc=0.5076 val_auc=0.5401  elapsed=11.7s
07:40:57 INFO   e4 step    50/333  loss=0.5650  acc=0.6778  lr0=4.72e-06 lr1=2.36e-04
07:40:59 INFO   e4 step   100/333  loss=0.5627  acc=0.6858  lr0=3.89e-06 lr1=1.94e-04
07:41:00 INFO   e4 step   150/333  loss=0.5618  acc=0.6909  lr0=3.05e-06 lr1=1.53e-04
07:41:02 INFO   e4 step   200/333  loss=0.5628  acc=0.6914  lr0=2.22e-06 lr1=1.11e-04
07:41:04 INFO   e4 step   250/333  loss=0.5629  acc=0.6928  lr0=1.38e-06 lr1=6.92e-05
07:41:05 INFO   e4 step   300/333  loss=0.5621  acc=0.6938  lr0=5.50e-07 lr1=2.75e-05
07:41:07 INFO [epoch 4] train_loss=0.5611 train_acc=0.6946  val_loss=0.7526 val_acc=0.5352 val_auc=0.5571  elapsed=11.7s
07:41:07 INFO   saved best.pt  val_acc=0.5352
07:41:07 INFO loading best.pt for test eval
07:41:07 INFO [test] loss=0.6657  acc=0.6447  auc=0.6713  f1=0.6246
07:41:07 INFO [done] run_summary.json written to /mnt/localssd/crossencoder_sweep/runs/aep_causal_wf_v3/all-MiniLM-L6-v2
