17:54:58 INFO run_dir=/mnt/localssd/baseline_sweep/runs/ajo_doc_not_tier1/deberta-v3-large
17:54:58 INFO device=cuda:0  bf16=False  physical_gpu=2  CUDA_VISIBLE_DEVICES=2
17:54:58 INFO dataset=ajo_doc_not_tier1  model=deberta-v3-large  backbone=microsoft/deberta-v3-large
17:54:58 INFO tokenizer <- microsoft/deberta-v3-large
Warning: You are sending unauthenticated requests to the HF Hub. Please set a HF_TOKEN to enable higher rate limits and faster downloads.
17:54:59 INFO split files: ['directional_train.jsonl', 'directional_val.jsonl', 'directional_test.jsonl']
17:54:59 INFO scanning max token length across all splits ...
17:56:39 INFO   observed_max=275 -> max_seq_len=291 (cap=512, scan=100.1s)
17:56:39 INFO loading datasets ...
17:56:41 INFO   schema=standard  train=88000  val=11200  test=11200
17:56:41 INFO building DirectionalClassifier  backbone=microsoft/deberta-v3-large  head=MLP(4d->512->128->1, act=gelu, norm=layer, dropout=0.1)  n_tiers=0
Loading weights:   0%|          | 0/390 [00:00<?, ?it/s]Loading weights: 100%|██████████| 390/390 [00:00<00:00, 32535.33it/s]
[transformers] [1mDebertaV2Model LOAD REPORT[0m from: microsoft/deberta-v3-large
Key                                     | Status     |  | 
----------------------------------------+------------+--+-
lm_predictions.lm_head.LayerNorm.weight | UNEXPECTED |  | 
mask_predictions.LayerNorm.bias         | UNEXPECTED |  | 
lm_predictions.lm_head.dense.bias       | UNEXPECTED |  | 
lm_predictions.lm_head.bias             | UNEXPECTED |  | 
lm_predictions.lm_head.LayerNorm.bias   | UNEXPECTED |  | 
lm_predictions.lm_head.dense.weight     | UNEXPECTED |  | 
mask_predictions.LayerNorm.weight       | UNEXPECTED |  | 
mask_predictions.classifier.bias        | UNEXPECTED |  | 
mask_predictions.classifier.weight      | UNEXPECTED |  | 
mask_predictions.dense.bias             | UNEXPECTED |  | 
mask_predictions.dense.weight           | UNEXPECTED |  | 

Notes:
- UNEXPECTED:	can be ignored when loading from different task/architecture; not ok if you expect identical arch.
Loading weights:   0%|          | 0/390 [00:00<?, ?it/s]Loading weights: 100%|██████████| 390/390 [00:00<00:00, 30093.80it/s]
[transformers] [1mDebertaV2Model LOAD REPORT[0m from: microsoft/deberta-v3-large
Key                                     | Status     |  | 
----------------------------------------+------------+--+-
lm_predictions.lm_head.LayerNorm.weight | UNEXPECTED |  | 
mask_predictions.LayerNorm.bias         | UNEXPECTED |  | 
lm_predictions.lm_head.dense.bias       | UNEXPECTED |  | 
lm_predictions.lm_head.bias             | UNEXPECTED |  | 
lm_predictions.lm_head.LayerNorm.bias   | UNEXPECTED |  | 
lm_predictions.lm_head.dense.weight     | UNEXPECTED |  | 
mask_predictions.LayerNorm.weight       | UNEXPECTED |  | 
mask_predictions.classifier.bias        | UNEXPECTED |  | 
mask_predictions.classifier.weight      | UNEXPECTED |  | 
mask_predictions.dense.bias             | UNEXPECTED |  | 
mask_predictions.dense.weight           | UNEXPECTED |  | 

Notes:
- UNEXPECTED:	can be ignored when loading from different task/architecture; not ok if you expect identical arch.
17:56:46 INFO   hidden_size=1024  trainable_params=870,197,249
17:56:46 INFO   total_steps=44000  warmup_steps=4400
17:57:24 INFO   e1 step    50/11000  loss=0.8608  acc=0.5250  lr0=2.27e-07 lr1=1.14e-05
17:58:01 INFO   e1 step   100/11000  loss=0.8179  acc=0.5250  lr0=4.55e-07 lr1=2.27e-05
17:58:37 INFO   e1 step   150/11000  loss=0.8076  acc=0.5142  lr0=6.82e-07 lr1=3.41e-05
17:59:13 INFO   e1 step   200/11000  loss=0.7981  acc=0.5044  lr0=9.09e-07 lr1=4.55e-05
17:59:50 INFO   e1 step   250/11000  loss=0.7951  acc=0.5000  lr0=1.14e-06 lr1=5.68e-05
18:00:26 INFO   e1 step   300/11000  loss=0.7872  acc=0.5021  lr0=1.36e-06 lr1=6.82e-05
18:01:02 INFO   e1 step   350/11000  loss=0.7783  acc=0.5050  lr0=1.59e-06 lr1=7.95e-05
18:01:39 INFO   e1 step   400/11000  loss=0.7727  acc=0.5038  lr0=1.82e-06 lr1=9.09e-05
18:02:15 INFO   e1 step   450/11000  loss=0.7660  acc=0.5067  lr0=2.05e-06 lr1=1.02e-04
18:02:51 INFO   e1 step   500/11000  loss=0.7594  acc=0.5092  lr0=2.27e-06 lr1=1.14e-04
18:03:27 INFO   e1 step   550/11000  loss=0.7552  acc=0.5100  lr0=2.50e-06 lr1=1.25e-04
18:04:03 INFO   e1 step   600/11000  loss=0.7515  acc=0.5127  lr0=2.73e-06 lr1=1.36e-04
18:04:40 INFO   e1 step   650/11000  loss=0.7485  acc=0.5121  lr0=2.95e-06 lr1=1.48e-04
18:05:16 INFO   e1 step   700/11000  loss=0.7449  acc=0.5146  lr0=3.18e-06 lr1=1.59e-04
18:05:52 INFO   e1 step   750/11000  loss=0.7428  acc=0.5138  lr0=3.41e-06 lr1=1.70e-04
18:06:29 INFO   e1 step   800/11000  loss=0.7404  acc=0.5130  lr0=3.64e-06 lr1=1.82e-04
18:07:05 INFO   e1 step   850/11000  loss=0.7389  acc=0.5110  lr0=3.86e-06 lr1=1.93e-04
18:07:41 INFO   e1 step   900/11000  loss=0.7370  acc=0.5101  lr0=4.09e-06 lr1=2.05e-04
18:08:17 INFO   e1 step   950/11000  loss=0.7353  acc=0.5084  lr0=4.32e-06 lr1=2.16e-04
18:08:53 INFO   e1 step  1000/11000  loss=0.7334  acc=0.5092  lr0=4.55e-06 lr1=2.27e-04
18:09:29 INFO   e1 step  1050/11000  loss=0.7315  acc=0.5100  lr0=4.77e-06 lr1=2.39e-04
18:10:06 INFO   e1 step  1100/11000  loss=0.7299  acc=0.5110  lr0=5.00e-06 lr1=2.50e-04
18:10:42 INFO   e1 step  1150/11000  loss=0.7285  acc=0.5115  lr0=5.23e-06 lr1=2.61e-04
18:11:18 INFO   e1 step  1200/11000  loss=0.7273  acc=0.5103  lr0=5.45e-06 lr1=2.73e-04
18:11:54 INFO   e1 step  1250/11000  loss=0.7265  acc=0.5092  lr0=5.68e-06 lr1=2.84e-04
18:12:30 INFO   e1 step  1300/11000  loss=0.7258  acc=0.5087  lr0=5.91e-06 lr1=2.95e-04
18:13:07 INFO   e1 step  1350/11000  loss=0.7245  acc=0.5107  lr0=6.14e-06 lr1=3.07e-04
18:13:43 INFO   e1 step  1400/11000  loss=0.7234  acc=0.5111  lr0=6.36e-06 lr1=3.18e-04
18:14:19 INFO   e1 step  1450/11000  loss=0.7224  acc=0.5117  lr0=6.59e-06 lr1=3.30e-04
18:14:55 INFO   e1 step  1500/11000  loss=0.7216  acc=0.5125  lr0=6.82e-06 lr1=3.41e-04
18:15:32 INFO   e1 step  1550/11000  loss=0.7207  acc=0.5119  lr0=7.05e-06 lr1=3.52e-04
18:16:08 INFO   e1 step  1600/11000  loss=0.7200  acc=0.5109  lr0=7.27e-06 lr1=3.64e-04
18:16:44 INFO   e1 step  1650/11000  loss=0.7193  acc=0.5115  lr0=7.50e-06 lr1=3.75e-04
18:17:20 INFO   e1 step  1700/11000  loss=0.7186  acc=0.5116  lr0=7.73e-06 lr1=3.86e-04
18:17:57 INFO   e1 step  1750/11000  loss=0.7179  acc=0.5123  lr0=7.95e-06 lr1=3.98e-04
18:18:33 INFO   e1 step  1800/11000  loss=0.7170  acc=0.5135  lr0=8.18e-06 lr1=4.09e-04
18:19:09 INFO   e1 step  1850/11000  loss=0.7162  acc=0.5136  lr0=8.41e-06 lr1=4.20e-04
18:19:45 INFO   e1 step  1900/11000  loss=0.7158  acc=0.5143  lr0=8.64e-06 lr1=4.32e-04
18:20:21 INFO   e1 step  1950/11000  loss=0.7153  acc=0.5142  lr0=8.86e-06 lr1=4.43e-04
18:20:58 INFO   e1 step  2000/11000  loss=0.7150  acc=0.5142  lr0=9.09e-06 lr1=4.55e-04
18:21:34 INFO   e1 step  2050/11000  loss=0.7145  acc=0.5150  lr0=9.32e-06 lr1=4.66e-04
18:22:10 INFO   e1 step  2100/11000  loss=0.7140  acc=0.5152  lr0=9.55e-06 lr1=4.77e-04
18:22:46 INFO   e1 step  2150/11000  loss=0.7135  acc=0.5152  lr0=9.77e-06 lr1=4.89e-04
18:23:22 INFO   e1 step  2200/11000  loss=0.7128  acc=0.5164  lr0=1.00e-05 lr1=5.00e-04
18:23:59 INFO   e1 step  2250/11000  loss=0.7123  acc=0.5167  lr0=1.02e-05 lr1=5.11e-04
18:24:35 INFO   e1 step  2300/11000  loss=0.7119  acc=0.5173  lr0=1.05e-05 lr1=5.23e-04
18:25:11 INFO   e1 step  2350/11000  loss=0.7115  acc=0.5180  lr0=1.07e-05 lr1=5.34e-04
18:25:47 INFO   e1 step  2400/11000  loss=0.7109  acc=0.5179  lr0=1.09e-05 lr1=5.45e-04
18:26:23 INFO   e1 step  2450/11000  loss=0.7107  acc=0.5190  lr0=1.11e-05 lr1=5.57e-04
18:27:00 INFO   e1 step  2500/11000  loss=0.7106  acc=0.5177  lr0=1.14e-05 lr1=5.68e-04
18:27:36 INFO   e1 step  2550/11000  loss=0.7103  acc=0.5182  lr0=1.16e-05 lr1=5.80e-04
18:28:12 INFO   e1 step  2600/11000  loss=0.7100  acc=0.5187  lr0=1.18e-05 lr1=5.91e-04
18:28:48 INFO   e1 step  2650/11000  loss=0.7098  acc=0.5183  lr0=1.20e-05 lr1=6.02e-04
18:29:24 INFO   e1 step  2700/11000  loss=0.7095  acc=0.5186  lr0=1.23e-05 lr1=6.14e-04
18:30:01 INFO   e1 step  2750/11000  loss=0.7091  acc=0.5191  lr0=1.25e-05 lr1=6.25e-04
18:30:37 INFO   e1 step  2800/11000  loss=0.7091  acc=0.5186  lr0=1.27e-05 lr1=6.36e-04
18:31:13 INFO   e1 step  2850/11000  loss=0.7088  acc=0.5186  lr0=1.30e-05 lr1=6.48e-04
18:31:49 INFO   e1 step  2900/11000  loss=0.7084  acc=0.5179  lr0=1.32e-05 lr1=6.59e-04
18:32:26 INFO   e1 step  2950/11000  loss=0.7081  acc=0.5177  lr0=1.34e-05 lr1=6.70e-04
18:33:02 INFO   e1 step  3000/11000  loss=0.7079  acc=0.5177  lr0=1.36e-05 lr1=6.82e-04
18:33:38 INFO   e1 step  3050/11000  loss=0.7078  acc=0.5179  lr0=1.39e-05 lr1=6.93e-04
18:34:14 INFO   e1 step  3100/11000  loss=0.7074  acc=0.5182  lr0=1.41e-05 lr1=7.05e-04
18:34:51 INFO   e1 step  3150/11000  loss=0.7075  acc=0.5178  lr0=1.43e-05 lr1=7.16e-04
18:35:27 INFO   e1 step  3200/11000  loss=0.7071  acc=0.5180  lr0=1.45e-05 lr1=7.27e-04
18:36:03 INFO   e1 step  3250/11000  loss=0.7070  acc=0.5183  lr0=1.48e-05 lr1=7.39e-04
18:36:39 INFO   e1 step  3300/11000  loss=0.7069  acc=0.5182  lr0=1.50e-05 lr1=7.50e-04
18:37:15 INFO   e1 step  3350/11000  loss=0.7066  acc=0.5188  lr0=1.52e-05 lr1=7.61e-04
18:37:52 INFO   e1 step  3400/11000  loss=0.7063  acc=0.5198  lr0=1.55e-05 lr1=7.73e-04
18:38:28 INFO   e1 step  3450/11000  loss=0.7061  acc=0.5197  lr0=1.57e-05 lr1=7.84e-04
18:39:04 INFO   e1 step  3500/11000  loss=0.7060  acc=0.5198  lr0=1.59e-05 lr1=7.95e-04
18:39:40 INFO   e1 step  3550/11000  loss=0.7061  acc=0.5195  lr0=1.61e-05 lr1=8.07e-04
18:40:16 INFO   e1 step  3600/11000  loss=0.7059  acc=0.5196  lr0=1.64e-05 lr1=8.18e-04
18:40:52 INFO   e1 step  3650/11000  loss=0.7060  acc=0.5190  lr0=1.66e-05 lr1=8.30e-04
18:41:29 INFO   e1 step  3700/11000  loss=0.7058  acc=0.5188  lr0=1.68e-05 lr1=8.41e-04
18:42:05 INFO   e1 step  3750/11000  loss=0.7057  acc=0.5189  lr0=1.70e-05 lr1=8.52e-04
18:42:41 INFO   e1 step  3800/11000  loss=0.7056  acc=0.5184  lr0=1.73e-05 lr1=8.64e-04
18:43:17 INFO   e1 step  3850/11000  loss=0.7053  acc=0.5187  lr0=1.75e-05 lr1=8.75e-04
18:43:54 INFO   e1 step  3900/11000  loss=0.7053  acc=0.5183  lr0=1.77e-05 lr1=8.86e-04
18:44:30 INFO   e1 step  3950/11000  loss=0.7052  acc=0.5183  lr0=1.80e-05 lr1=8.98e-04
18:45:06 INFO   e1 step  4000/11000  loss=0.7051  acc=0.5179  lr0=1.82e-05 lr1=9.09e-04
18:45:42 INFO   e1 step  4050/11000  loss=0.7050  acc=0.5176  lr0=1.84e-05 lr1=9.20e-04
18:46:19 INFO   e1 step  4100/11000  loss=0.7048  acc=0.5176  lr0=1.86e-05 lr1=9.32e-04
18:46:55 INFO   e1 step  4150/11000  loss=0.7047  acc=0.5172  lr0=1.89e-05 lr1=9.43e-04
18:47:31 INFO   e1 step  4200/11000  loss=0.7047  acc=0.5168  lr0=1.91e-05 lr1=9.55e-04
18:48:07 INFO   e1 step  4250/11000  loss=0.7047  acc=0.5164  lr0=1.93e-05 lr1=9.66e-04
18:48:43 INFO   e1 step  4300/11000  loss=0.7046  acc=0.5160  lr0=1.95e-05 lr1=9.77e-04
18:49:20 INFO   e1 step  4350/11000  loss=0.7045  acc=0.5159  lr0=1.98e-05 lr1=9.89e-04
18:49:56 INFO   e1 step  4400/11000  loss=0.7044  acc=0.5162  lr0=2.00e-05 lr1=1.00e-03
18:50:32 INFO   e1 step  4450/11000  loss=0.7043  acc=0.5163  lr0=2.00e-05 lr1=9.99e-04
18:51:08 INFO   e1 step  4500/11000  loss=0.7042  acc=0.5159  lr0=1.99e-05 lr1=9.97e-04
18:51:44 INFO   e1 step  4550/11000  loss=0.7041  acc=0.5158  lr0=1.99e-05 lr1=9.96e-04
18:52:21 INFO   e1 step  4600/11000  loss=0.7040  acc=0.5156  lr0=1.99e-05 lr1=9.95e-04
18:52:57 INFO   e1 step  4650/11000  loss=0.7039  acc=0.5153  lr0=1.99e-05 lr1=9.94e-04
18:53:33 INFO   e1 step  4700/11000  loss=0.7039  acc=0.5152  lr0=1.98e-05 lr1=9.92e-04
18:54:09 INFO   e1 step  4750/11000  loss=0.7038  acc=0.5155  lr0=1.98e-05 lr1=9.91e-04
18:54:45 INFO   e1 step  4800/11000  loss=0.7037  acc=0.5153  lr0=1.98e-05 lr1=9.90e-04
18:55:22 INFO   e1 step  4850/11000  loss=0.7037  acc=0.5150  lr0=1.98e-05 lr1=9.89e-04
18:55:58 INFO   e1 step  4900/11000  loss=0.7036  acc=0.5150  lr0=1.97e-05 lr1=9.87e-04
18:56:34 INFO   e1 step  4950/11000  loss=0.7035  acc=0.5149  lr0=1.97e-05 lr1=9.86e-04
18:57:11 INFO   e1 step  5000/11000  loss=0.7035  acc=0.5145  lr0=1.97e-05 lr1=9.85e-04
18:57:47 INFO   e1 step  5050/11000  loss=0.7035  acc=0.5143  lr0=1.97e-05 lr1=9.84e-04
18:58:23 INFO   e1 step  5100/11000  loss=0.7034  acc=0.5142  lr0=1.96e-05 lr1=9.82e-04
18:58:59 INFO   e1 step  5150/11000  loss=0.7034  acc=0.5140  lr0=1.96e-05 lr1=9.81e-04
18:59:36 INFO   e1 step  5200/11000  loss=0.7033  acc=0.5136  lr0=1.96e-05 lr1=9.80e-04
19:00:12 INFO   e1 step  5250/11000  loss=0.7033  acc=0.5134  lr0=1.96e-05 lr1=9.79e-04
19:00:48 INFO   e1 step  5300/11000  loss=0.7033  acc=0.5128  lr0=1.95e-05 lr1=9.77e-04
19:01:24 INFO   e1 step  5350/11000  loss=0.7032  acc=0.5123  lr0=1.95e-05 lr1=9.76e-04
19:02:00 INFO   e1 step  5400/11000  loss=0.7032  acc=0.5121  lr0=1.95e-05 lr1=9.75e-04
19:02:37 INFO   e1 step  5450/11000  loss=0.7031  acc=0.5125  lr0=1.95e-05 lr1=9.73e-04
19:03:13 INFO   e1 step  5500/11000  loss=0.7030  acc=0.5122  lr0=1.94e-05 lr1=9.72e-04
19:03:49 INFO   e1 step  5550/11000  loss=0.7029  acc=0.5124  lr0=1.94e-05 lr1=9.71e-04
19:04:25 INFO   e1 step  5600/11000  loss=0.7029  acc=0.5122  lr0=1.94e-05 lr1=9.70e-04
19:05:01 INFO   e1 step  5650/11000  loss=0.7028  acc=0.5123  lr0=1.94e-05 lr1=9.68e-04
19:05:37 INFO   e1 step  5700/11000  loss=0.7028  acc=0.5123  lr0=1.93e-05 lr1=9.67e-04
19:06:13 INFO   e1 step  5750/11000  loss=0.7027  acc=0.5123  lr0=1.93e-05 lr1=9.66e-04
19:06:49 INFO   e1 step  5800/11000  loss=0.7027  acc=0.5122  lr0=1.93e-05 lr1=9.65e-04
19:07:25 INFO   e1 step  5850/11000  loss=0.7026  acc=0.5121  lr0=1.93e-05 lr1=9.63e-04
19:08:01 INFO   e1 step  5900/11000  loss=0.7026  acc=0.5119  lr0=1.92e-05 lr1=9.62e-04
19:08:38 INFO   e1 step  5950/11000  loss=0.7025  acc=0.5120  lr0=1.92e-05 lr1=9.61e-04
19:09:14 INFO   e1 step  6000/11000  loss=0.7024  acc=0.5120  lr0=1.92e-05 lr1=9.60e-04
19:09:50 INFO   e1 step  6050/11000  loss=0.7024  acc=0.5117  lr0=1.92e-05 lr1=9.58e-04
19:10:26 INFO   e1 step  6100/11000  loss=0.7024  acc=0.5111  lr0=1.91e-05 lr1=9.57e-04
19:11:02 INFO   e1 step  6150/11000  loss=0.7023  acc=0.5111  lr0=1.91e-05 lr1=9.56e-04
19:11:39 INFO   e1 step  6200/11000  loss=0.7023  acc=0.5109  lr0=1.91e-05 lr1=9.55e-04
19:12:15 INFO   e1 step  6250/11000  loss=0.7023  acc=0.5108  lr0=1.91e-05 lr1=9.53e-04
19:12:51 INFO   e1 step  6300/11000  loss=0.7022  acc=0.5105  lr0=1.90e-05 lr1=9.52e-04
19:13:27 INFO   e1 step  6350/11000  loss=0.7022  acc=0.5106  lr0=1.90e-05 lr1=9.51e-04
19:14:03 INFO   e1 step  6400/11000  loss=0.7021  acc=0.5104  lr0=1.90e-05 lr1=9.49e-04
19:14:39 INFO   e1 step  6450/11000  loss=0.7021  acc=0.5105  lr0=1.90e-05 lr1=9.48e-04
19:15:16 INFO   e1 step  6500/11000  loss=0.7020  acc=0.5104  lr0=1.89e-05 lr1=9.47e-04
19:15:52 INFO   e1 step  6550/11000  loss=0.7020  acc=0.5101  lr0=1.89e-05 lr1=9.46e-04
19:16:28 INFO   e1 step  6600/11000  loss=0.7020  acc=0.5099  lr0=1.89e-05 lr1=9.44e-04
19:17:04 INFO   e1 step  6650/11000  loss=0.7019  acc=0.5095  lr0=1.89e-05 lr1=9.43e-04
19:17:40 INFO   e1 step  6700/11000  loss=0.7019  acc=0.5093  lr0=1.88e-05 lr1=9.42e-04
19:18:17 INFO   e1 step  6750/11000  loss=0.7019  acc=0.5089  lr0=1.88e-05 lr1=9.41e-04
19:18:53 INFO   e1 step  6800/11000  loss=0.7018  acc=0.5087  lr0=1.88e-05 lr1=9.39e-04
19:19:29 INFO   e1 step  6850/11000  loss=0.7017  acc=0.5088  lr0=1.88e-05 lr1=9.38e-04
19:20:05 INFO   e1 step  6900/11000  loss=0.7017  acc=0.5088  lr0=1.87e-05 lr1=9.37e-04
19:20:42 INFO   e1 step  6950/11000  loss=0.7016  acc=0.5092  lr0=1.87e-05 lr1=9.36e-04
19:21:18 INFO   e1 step  7000/11000  loss=0.7016  acc=0.5091  lr0=1.87e-05 lr1=9.34e-04
19:21:54 INFO   e1 step  7050/11000  loss=0.7015  acc=0.5090  lr0=1.87e-05 lr1=9.33e-04
19:22:30 INFO   e1 step  7100/11000  loss=0.7015  acc=0.5089  lr0=1.86e-05 lr1=9.32e-04
19:23:06 INFO   e1 step  7150/11000  loss=0.7015  acc=0.5084  lr0=1.86e-05 lr1=9.31e-04
19:23:42 INFO   e1 step  7200/11000  loss=0.7014  acc=0.5085  lr0=1.86e-05 lr1=9.29e-04
19:24:18 INFO   e1 step  7250/11000  loss=0.7014  acc=0.5084  lr0=1.86e-05 lr1=9.28e-04
19:24:54 INFO   e1 step  7300/11000  loss=0.7013  acc=0.5085  lr0=1.85e-05 lr1=9.27e-04
19:25:31 INFO   e1 step  7350/11000  loss=0.7013  acc=0.5083  lr0=1.85e-05 lr1=9.26e-04
19:26:07 INFO   e1 step  7400/11000  loss=0.7013  acc=0.5080  lr0=1.85e-05 lr1=9.24e-04
19:26:43 INFO   e1 step  7450/11000  loss=0.7012  acc=0.5078  lr0=1.85e-05 lr1=9.23e-04
19:27:19 INFO   e1 step  7500/11000  loss=0.7012  acc=0.5073  lr0=1.84e-05 lr1=9.22e-04
19:27:56 INFO   e1 step  7550/11000  loss=0.7011  acc=0.5075  lr0=1.84e-05 lr1=9.20e-04
19:28:32 INFO   e1 step  7600/11000  loss=0.7011  acc=0.5074  lr0=1.84e-05 lr1=9.19e-04
19:29:08 INFO   e1 step  7650/11000  loss=0.7010  acc=0.5076  lr0=1.84e-05 lr1=9.18e-04
19:29:44 INFO   e1 step  7700/11000  loss=0.7010  acc=0.5075  lr0=1.83e-05 lr1=9.17e-04
19:30:20 INFO   e1 step  7750/11000  loss=0.7010  acc=0.5074  lr0=1.83e-05 lr1=9.15e-04
19:30:57 INFO   e1 step  7800/11000  loss=0.7010  acc=0.5072  lr0=1.83e-05 lr1=9.14e-04
19:31:33 INFO   e1 step  7850/11000  loss=0.7009  acc=0.5070  lr0=1.83e-05 lr1=9.13e-04
19:32:09 INFO   e1 step  7900/11000  loss=0.7009  acc=0.5068  lr0=1.82e-05 lr1=9.12e-04
19:32:46 INFO   e1 step  7950/11000  loss=0.7009  acc=0.5068  lr0=1.82e-05 lr1=9.10e-04
19:33:22 INFO   e1 step  8000/11000  loss=0.7008  acc=0.5068  lr0=1.82e-05 lr1=9.09e-04
19:33:58 INFO   e1 step  8050/11000  loss=0.7008  acc=0.5066  lr0=1.82e-05 lr1=9.08e-04
19:34:34 INFO   e1 step  8100/11000  loss=0.7007  acc=0.5065  lr0=1.81e-05 lr1=9.07e-04
19:35:10 INFO   e1 step  8150/11000  loss=0.7007  acc=0.5064  lr0=1.81e-05 lr1=9.05e-04
19:35:46 INFO   e1 step  8200/11000  loss=0.7007  acc=0.5060  lr0=1.81e-05 lr1=9.04e-04
19:36:23 INFO   e1 step  8250/11000  loss=0.7006  acc=0.5059  lr0=1.81e-05 lr1=9.03e-04
19:36:59 INFO   e1 step  8300/11000  loss=0.7006  acc=0.5059  lr0=1.80e-05 lr1=9.02e-04
19:37:35 INFO   e1 step  8350/11000  loss=0.7006  acc=0.5060  lr0=1.80e-05 lr1=9.00e-04
19:38:11 INFO   e1 step  8400/11000  loss=0.7005  acc=0.5061  lr0=1.80e-05 lr1=8.99e-04
19:38:47 INFO   e1 step  8450/11000  loss=0.7005  acc=0.5061  lr0=1.80e-05 lr1=8.98e-04
19:39:24 INFO   e1 step  8500/11000  loss=0.7005  acc=0.5061  lr0=1.79e-05 lr1=8.96e-04
19:40:00 INFO   e1 step  8550/11000  loss=0.7004  acc=0.5062  lr0=1.79e-05 lr1=8.95e-04
19:40:36 INFO   e1 step  8600/11000  loss=0.7004  acc=0.5063  lr0=1.79e-05 lr1=8.94e-04
19:41:12 INFO   e1 step  8650/11000  loss=0.7004  acc=0.5062  lr0=1.79e-05 lr1=8.93e-04
19:41:49 INFO   e1 step  8700/11000  loss=0.7004  acc=0.5062  lr0=1.78e-05 lr1=8.91e-04
19:42:25 INFO   e1 step  8750/11000  loss=0.7003  acc=0.5063  lr0=1.78e-05 lr1=8.90e-04
19:43:01 INFO   e1 step  8800/11000  loss=0.7003  acc=0.5065  lr0=1.78e-05 lr1=8.89e-04
19:43:37 INFO   e1 step  8850/11000  loss=0.7002  acc=0.5066  lr0=1.78e-05 lr1=8.88e-04
19:44:13 INFO   e1 step  8900/11000  loss=0.7002  acc=0.5065  lr0=1.77e-05 lr1=8.86e-04
19:44:49 INFO   e1 step  8950/11000  loss=0.7002  acc=0.5067  lr0=1.77e-05 lr1=8.85e-04
19:45:26 INFO   e1 step  9000/11000  loss=0.7001  acc=0.5068  lr0=1.77e-05 lr1=8.84e-04
19:46:02 INFO   e1 step  9050/11000  loss=0.7001  acc=0.5070  lr0=1.77e-05 lr1=8.83e-04
19:46:38 INFO   e1 step  9100/11000  loss=0.7001  acc=0.5069  lr0=1.76e-05 lr1=8.81e-04
19:47:14 INFO   e1 step  9150/11000  loss=0.7001  acc=0.5067  lr0=1.76e-05 lr1=8.80e-04
19:47:51 INFO   e1 step  9200/11000  loss=0.7000  acc=0.5067  lr0=1.76e-05 lr1=8.79e-04
19:48:27 INFO   e1 step  9250/11000  loss=0.7000  acc=0.5067  lr0=1.76e-05 lr1=8.78e-04
19:49:03 INFO   e1 step  9300/11000  loss=0.7000  acc=0.5065  lr0=1.75e-05 lr1=8.76e-04
19:49:39 INFO   e1 step  9350/11000  loss=0.6999  acc=0.5066  lr0=1.75e-05 lr1=8.75e-04
19:50:15 INFO   e1 step  9400/11000  loss=0.6999  acc=0.5064  lr0=1.75e-05 lr1=8.74e-04
19:50:52 INFO   e1 step  9450/11000  loss=0.6999  acc=0.5062  lr0=1.74e-05 lr1=8.72e-04
19:51:28 INFO   e1 step  9500/11000  loss=0.6999  acc=0.5060  lr0=1.74e-05 lr1=8.71e-04
19:52:04 INFO   e1 step  9550/11000  loss=0.6998  acc=0.5060  lr0=1.74e-05 lr1=8.70e-04
19:52:40 INFO   e1 step  9600/11000  loss=0.6998  acc=0.5060  lr0=1.74e-05 lr1=8.69e-04
19:53:16 INFO   e1 step  9650/11000  loss=0.6998  acc=0.5061  lr0=1.73e-05 lr1=8.67e-04
19:53:52 INFO   e1 step  9700/11000  loss=0.6998  acc=0.5060  lr0=1.73e-05 lr1=8.66e-04
19:54:29 INFO   e1 step  9750/11000  loss=0.6997  acc=0.5057  lr0=1.73e-05 lr1=8.65e-04
19:55:05 INFO   e1 step  9800/11000  loss=0.6997  acc=0.5058  lr0=1.73e-05 lr1=8.64e-04
19:55:41 INFO   e1 step  9850/11000  loss=0.6997  acc=0.5059  lr0=1.72e-05 lr1=8.62e-04
19:56:17 INFO   e1 step  9900/11000  loss=0.6997  acc=0.5058  lr0=1.72e-05 lr1=8.61e-04
19:56:53 INFO   e1 step  9950/11000  loss=0.6996  acc=0.5057  lr0=1.72e-05 lr1=8.60e-04
19:57:30 INFO   e1 step 10000/11000  loss=0.6996  acc=0.5057  lr0=1.72e-05 lr1=8.59e-04
19:58:06 INFO   e1 step 10050/11000  loss=0.6996  acc=0.5055  lr0=1.71e-05 lr1=8.57e-04
19:58:42 INFO   e1 step 10100/11000  loss=0.6996  acc=0.5054  lr0=1.71e-05 lr1=8.56e-04
19:59:18 INFO   e1 step 10150/11000  loss=0.6995  acc=0.5053  lr0=1.71e-05 lr1=8.55e-04
19:59:54 INFO   e1 step 10200/11000  loss=0.6995  acc=0.5054  lr0=1.71e-05 lr1=8.54e-04
20:00:30 INFO   e1 step 10250/11000  loss=0.6995  acc=0.5053  lr0=1.70e-05 lr1=8.52e-04
20:01:06 INFO   e1 step 10300/11000  loss=0.6995  acc=0.5052  lr0=1.70e-05 lr1=8.51e-04
20:01:43 INFO   e1 step 10350/11000  loss=0.6995  acc=0.5052  lr0=1.70e-05 lr1=8.50e-04
20:02:19 INFO   e1 step 10400/11000  loss=0.6994  acc=0.5053  lr0=1.70e-05 lr1=8.48e-04
20:02:55 INFO   e1 step 10450/11000  loss=0.6994  acc=0.5052  lr0=1.69e-05 lr1=8.47e-04
20:03:31 INFO   e1 step 10500/11000  loss=0.6994  acc=0.5051  lr0=1.69e-05 lr1=8.46e-04
20:04:07 INFO   e1 step 10550/11000  loss=0.6994  acc=0.5051  lr0=1.69e-05 lr1=8.45e-04
20:04:43 INFO   e1 step 10600/11000  loss=0.6993  acc=0.5051  lr0=1.69e-05 lr1=8.43e-04
20:05:20 INFO   e1 step 10650/11000  loss=0.6993  acc=0.5052  lr0=1.68e-05 lr1=8.42e-04
20:05:56 INFO   e1 step 10700/11000  loss=0.6993  acc=0.5053  lr0=1.68e-05 lr1=8.41e-04
20:06:32 INFO   e1 step 10750/11000  loss=0.6993  acc=0.5052  lr0=1.68e-05 lr1=8.40e-04
20:07:08 INFO   e1 step 10800/11000  loss=0.6993  acc=0.5052  lr0=1.68e-05 lr1=8.38e-04
20:07:44 INFO   e1 step 10850/11000  loss=0.6992  acc=0.5052  lr0=1.67e-05 lr1=8.37e-04
20:08:20 INFO   e1 step 10900/11000  loss=0.6992  acc=0.5052  lr0=1.67e-05 lr1=8.36e-04
20:08:56 INFO   e1 step 10950/11000  loss=0.6992  acc=0.5051  lr0=1.67e-05 lr1=8.35e-04
20:09:33 INFO   e1 step 11000/11000  loss=0.6992  acc=0.5051  lr0=1.67e-05 lr1=8.33e-04
20:14:18 INFO [epoch 1] train_loss=0.6992 train_acc=0.5051  val_loss=0.6934 val_acc=0.5034 val_auc=0.4964  elapsed=8252.5s
20:14:22 INFO   saved best.pt  val_acc=0.5034
20:14:58 INFO   e2 step    50/11000  loss=0.6929  acc=0.5175  lr0=1.66e-05 lr1=8.32e-04
20:15:35 INFO   e2 step   100/11000  loss=0.6940  acc=0.5038  lr0=1.66e-05 lr1=8.31e-04
20:16:11 INFO   e2 step   150/11000  loss=0.6929  acc=0.5150  lr0=1.66e-05 lr1=8.30e-04
20:16:47 INFO   e2 step   200/11000  loss=0.6920  acc=0.5256  lr0=1.66e-05 lr1=8.28e-04
20:17:23 INFO   e2 step   250/11000  loss=0.6932  acc=0.5175  lr0=1.65e-05 lr1=8.27e-04
20:17:59 INFO   e2 step   300/11000  loss=0.6928  acc=0.5212  lr0=1.65e-05 lr1=8.26e-04
20:18:35 INFO   e2 step   350/11000  loss=0.6931  acc=0.5221  lr0=1.65e-05 lr1=8.24e-04
20:19:12 INFO   e2 step   400/11000  loss=0.6935  acc=0.5175  lr0=1.65e-05 lr1=8.23e-04
20:19:48 INFO   e2 step   450/11000  loss=0.6942  acc=0.5106  lr0=1.64e-05 lr1=8.22e-04
20:20:24 INFO   e2 step   500/11000  loss=0.6941  acc=0.5110  lr0=1.64e-05 lr1=8.21e-04
20:21:00 INFO   e2 step   550/11000  loss=0.6941  acc=0.5114  lr0=1.64e-05 lr1=8.19e-04
20:21:37 INFO   e2 step   600/11000  loss=0.6943  acc=0.5096  lr0=1.64e-05 lr1=8.18e-04
20:22:13 INFO   e2 step   650/11000  loss=0.6945  acc=0.5088  lr0=1.63e-05 lr1=8.17e-04
20:22:49 INFO   e2 step   700/11000  loss=0.6945  acc=0.5095  lr0=1.63e-05 lr1=8.16e-04
20:23:25 INFO   e2 step   750/11000  loss=0.6946  acc=0.5073  lr0=1.63e-05 lr1=8.14e-04
20:24:02 INFO   e2 step   800/11000  loss=0.6944  acc=0.5091  lr0=1.63e-05 lr1=8.13e-04
20:24:38 INFO   e2 step   850/11000  loss=0.6943  acc=0.5100  lr0=1.62e-05 lr1=8.12e-04
20:25:14 INFO   e2 step   900/11000  loss=0.6943  acc=0.5093  lr0=1.62e-05 lr1=8.11e-04
20:25:50 INFO   e2 step   950/11000  loss=0.6943  acc=0.5087  lr0=1.62e-05 lr1=8.09e-04
20:26:26 INFO   e2 step  1000/11000  loss=0.6942  acc=0.5096  lr0=1.62e-05 lr1=8.08e-04
20:27:02 INFO   e2 step  1050/11000  loss=0.6944  acc=0.5073  lr0=1.61e-05 lr1=8.07e-04
20:27:39 INFO   e2 step  1100/11000  loss=0.6944  acc=0.5064  lr0=1.61e-05 lr1=8.06e-04
20:28:15 INFO   e2 step  1150/11000  loss=0.6945  acc=0.5048  lr0=1.61e-05 lr1=8.04e-04
20:28:51 INFO   e2 step  1200/11000  loss=0.6945  acc=0.5051  lr0=1.61e-05 lr1=8.03e-04
20:29:27 INFO   e2 step  1250/11000  loss=0.6945  acc=0.5036  lr0=1.60e-05 lr1=8.02e-04
20:30:03 INFO   e2 step  1300/11000  loss=0.6945  acc=0.5030  lr0=1.60e-05 lr1=8.01e-04
20:30:39 INFO   e2 step  1350/11000  loss=0.6945  acc=0.5029  lr0=1.60e-05 lr1=7.99e-04
20:31:16 INFO   e2 step  1400/11000  loss=0.6945  acc=0.5022  lr0=1.60e-05 lr1=7.98e-04
20:31:52 INFO   e2 step  1450/11000  loss=0.6945  acc=0.5028  lr0=1.59e-05 lr1=7.97e-04
20:32:28 INFO   e2 step  1500/11000  loss=0.6945  acc=0.5022  lr0=1.59e-05 lr1=7.95e-04
20:33:04 INFO   e2 step  1550/11000  loss=0.6945  acc=0.5010  lr0=1.59e-05 lr1=7.94e-04
20:33:40 INFO   e2 step  1600/11000  loss=0.6944  acc=0.5013  lr0=1.59e-05 lr1=7.93e-04
20:34:16 INFO   e2 step  1650/11000  loss=0.6944  acc=0.5013  lr0=1.58e-05 lr1=7.92e-04
20:34:52 INFO   e2 step  1700/11000  loss=0.6944  acc=0.5013  lr0=1.58e-05 lr1=7.90e-04
20:35:29 INFO   e2 step  1750/11000  loss=0.6944  acc=0.5016  lr0=1.58e-05 lr1=7.89e-04
20:36:05 INFO   e2 step  1800/11000  loss=0.6944  acc=0.5014  lr0=1.58e-05 lr1=7.88e-04
20:36:41 INFO   e2 step  1850/11000  loss=0.6944  acc=0.5020  lr0=1.57e-05 lr1=7.87e-04
20:37:17 INFO   e2 step  1900/11000  loss=0.6943  acc=0.5026  lr0=1.57e-05 lr1=7.85e-04
20:37:54 INFO   e2 step  1950/11000  loss=0.6943  acc=0.5024  lr0=1.57e-05 lr1=7.84e-04
20:38:30 INFO   e2 step  2000/11000  loss=0.6944  acc=0.5016  lr0=1.57e-05 lr1=7.83e-04
20:39:06 INFO   e2 step  2050/11000  loss=0.6944  acc=0.5024  lr0=1.56e-05 lr1=7.82e-04
20:39:42 INFO   e2 step  2100/11000  loss=0.6943  acc=0.5035  lr0=1.56e-05 lr1=7.80e-04
20:40:18 INFO   e2 step  2150/11000  loss=0.6945  acc=0.5027  lr0=1.56e-05 lr1=7.79e-04
20:40:54 INFO   e2 step  2200/11000  loss=0.6944  acc=0.5029  lr0=1.56e-05 lr1=7.78e-04
20:41:30 INFO   e2 step  2250/11000  loss=0.6945  acc=0.5030  lr0=1.55e-05 lr1=7.77e-04
20:42:07 INFO   e2 step  2300/11000  loss=0.6945  acc=0.5018  lr0=1.55e-05 lr1=7.75e-04
20:42:42 INFO   e2 step  2350/11000  loss=0.6945  acc=0.5011  lr0=1.55e-05 lr1=7.74e-04
20:43:19 INFO   e2 step  2400/11000  loss=0.6944  acc=0.5023  lr0=1.55e-05 lr1=7.73e-04
20:43:55 INFO   e2 step  2450/11000  loss=0.6945  acc=0.5021  lr0=1.54e-05 lr1=7.71e-04
20:44:31 INFO   e2 step  2500/11000  loss=0.6944  acc=0.5028  lr0=1.54e-05 lr1=7.70e-04
20:45:07 INFO   e2 step  2550/11000  loss=0.6944  acc=0.5023  lr0=1.54e-05 lr1=7.69e-04
20:45:43 INFO   e2 step  2600/11000  loss=0.6943  acc=0.5034  lr0=1.54e-05 lr1=7.68e-04
20:46:19 INFO   e2 step  2650/11000  loss=0.6944  acc=0.5031  lr0=1.53e-05 lr1=7.66e-04
20:46:55 INFO   e2 step  2700/11000  loss=0.6944  acc=0.5025  lr0=1.53e-05 lr1=7.65e-04
20:47:31 INFO   e2 step  2750/11000  loss=0.6943  acc=0.5032  lr0=1.53e-05 lr1=7.64e-04
20:48:07 INFO   e2 step  2800/11000  loss=0.6943  acc=0.5029  lr0=1.53e-05 lr1=7.63e-04
20:48:43 INFO   e2 step  2850/11000  loss=0.6944  acc=0.5025  lr0=1.52e-05 lr1=7.61e-04
20:49:19 INFO   e2 step  2900/11000  loss=0.6943  acc=0.5030  lr0=1.52e-05 lr1=7.60e-04
20:49:55 INFO   e2 step  2950/11000  loss=0.6943  acc=0.5028  lr0=1.52e-05 lr1=7.59e-04
20:50:32 INFO   e2 step  3000/11000  loss=0.6943  acc=0.5030  lr0=1.52e-05 lr1=7.58e-04
20:51:08 INFO   e2 step  3050/11000  loss=0.6943  acc=0.5023  lr0=1.51e-05 lr1=7.56e-04
20:51:44 INFO   e2 step  3100/11000  loss=0.6943  acc=0.5023  lr0=1.51e-05 lr1=7.55e-04
20:52:20 INFO   e2 step  3150/11000  loss=0.6943  acc=0.5019  lr0=1.51e-05 lr1=7.54e-04
20:52:57 INFO   e2 step  3200/11000  loss=0.6943  acc=0.5020  lr0=1.51e-05 lr1=7.53e-04
20:53:32 INFO   e2 step  3250/11000  loss=0.6944  acc=0.5017  lr0=1.50e-05 lr1=7.51e-04
20:54:09 INFO   e2 step  3300/11000  loss=0.6944  acc=0.5010  lr0=1.50e-05 lr1=7.50e-04
20:54:45 INFO   e2 step  3350/11000  loss=0.6944  acc=0.5014  lr0=1.50e-05 lr1=7.49e-04
20:55:21 INFO   e2 step  3400/11000  loss=0.6944  acc=0.5011  lr0=1.49e-05 lr1=7.47e-04
20:55:57 INFO   e2 step  3450/11000  loss=0.6944  acc=0.5008  lr0=1.49e-05 lr1=7.46e-04
20:56:33 INFO   e2 step  3500/11000  loss=0.6944  acc=0.5005  lr0=1.49e-05 lr1=7.45e-04
20:57:09 INFO   e2 step  3550/11000  loss=0.6944  acc=0.5003  lr0=1.49e-05 lr1=7.44e-04
20:57:45 INFO   e2 step  3600/11000  loss=0.6944  acc=0.5000  lr0=1.48e-05 lr1=7.42e-04
20:58:22 INFO   e2 step  3650/11000  loss=0.6944  acc=0.5001  lr0=1.48e-05 lr1=7.41e-04
20:58:58 INFO   e2 step  3700/11000  loss=0.6944  acc=0.4994  lr0=1.48e-05 lr1=7.40e-04
20:59:34 INFO   e2 step  3750/11000  loss=0.6944  acc=0.5001  lr0=1.48e-05 lr1=7.39e-04
21:00:10 INFO   e2 step  3800/11000  loss=0.6944  acc=0.4996  lr0=1.47e-05 lr1=7.37e-04
21:00:46 INFO   e2 step  3850/11000  loss=0.6944  acc=0.4991  lr0=1.47e-05 lr1=7.36e-04
21:01:23 INFO   e2 step  3900/11000  loss=0.6944  acc=0.4994  lr0=1.47e-05 lr1=7.35e-04
21:01:59 INFO   e2 step  3950/11000  loss=0.6944  acc=0.4998  lr0=1.47e-05 lr1=7.34e-04
21:02:35 INFO   e2 step  4000/11000  loss=0.6944  acc=0.4995  lr0=1.46e-05 lr1=7.32e-04
21:03:11 INFO   e2 step  4050/11000  loss=0.6944  acc=0.4992  lr0=1.46e-05 lr1=7.31e-04
21:03:47 INFO   e2 step  4100/11000  loss=0.6944  acc=0.4994  lr0=1.46e-05 lr1=7.30e-04
21:04:24 INFO   e2 step  4150/11000  loss=0.6944  acc=0.4993  lr0=1.46e-05 lr1=7.29e-04
21:05:00 INFO   e2 step  4200/11000  loss=0.6944  acc=0.4995  lr0=1.45e-05 lr1=7.27e-04
21:05:36 INFO   e2 step  4250/11000  loss=0.6944  acc=0.4990  lr0=1.45e-05 lr1=7.26e-04
21:06:12 INFO   e2 step  4300/11000  loss=0.6944  acc=0.4990  lr0=1.45e-05 lr1=7.25e-04
21:06:48 INFO   e2 step  4350/11000  loss=0.6944  acc=0.4990  lr0=1.45e-05 lr1=7.23e-04
21:07:25 INFO   e2 step  4400/11000  loss=0.6944  acc=0.4988  lr0=1.44e-05 lr1=7.22e-04
21:08:01 INFO   e2 step  4450/11000  loss=0.6944  acc=0.4984  lr0=1.44e-05 lr1=7.21e-04
21:08:37 INFO   e2 step  4500/11000  loss=0.6944  acc=0.4988  lr0=1.44e-05 lr1=7.20e-04
21:09:13 INFO   e2 step  4550/11000  loss=0.6944  acc=0.4987  lr0=1.44e-05 lr1=7.18e-04
21:09:49 INFO   e2 step  4600/11000  loss=0.6944  acc=0.4990  lr0=1.43e-05 lr1=7.17e-04
21:10:26 INFO   e2 step  4650/11000  loss=0.6944  acc=0.4990  lr0=1.43e-05 lr1=7.16e-04
21:11:02 INFO   e2 step  4700/11000  loss=0.6944  acc=0.4994  lr0=1.43e-05 lr1=7.15e-04
21:11:38 INFO   e2 step  4750/11000  loss=0.6944  acc=0.4994  lr0=1.43e-05 lr1=7.13e-04
21:12:14 INFO   e2 step  4800/11000  loss=0.6944  acc=0.4995  lr0=1.42e-05 lr1=7.12e-04
21:12:50 INFO   e2 step  4850/11000  loss=0.6943  acc=0.4994  lr0=1.42e-05 lr1=7.11e-04
21:13:27 INFO   e2 step  4900/11000  loss=0.6943  acc=0.4993  lr0=1.42e-05 lr1=7.10e-04
21:14:02 INFO   e2 step  4950/11000  loss=0.6943  acc=0.4992  lr0=1.42e-05 lr1=7.08e-04
21:14:39 INFO   e2 step  5000/11000  loss=0.6943  acc=0.4993  lr0=1.41e-05 lr1=7.07e-04
21:15:15 INFO   e2 step  5050/11000  loss=0.6943  acc=0.4991  lr0=1.41e-05 lr1=7.06e-04
21:15:51 INFO   e2 step  5100/11000  loss=0.6943  acc=0.4989  lr0=1.41e-05 lr1=7.05e-04
21:16:27 INFO   e2 step  5150/11000  loss=0.6943  acc=0.4990  lr0=1.41e-05 lr1=7.03e-04
21:17:03 INFO   e2 step  5200/11000  loss=0.6943  acc=0.4990  lr0=1.40e-05 lr1=7.02e-04
21:17:39 INFO   e2 step  5250/11000  loss=0.6943  acc=0.4992  lr0=1.40e-05 lr1=7.01e-04
21:18:15 INFO   e2 step  5300/11000  loss=0.6943  acc=0.4991  lr0=1.40e-05 lr1=6.99e-04
21:18:51 INFO   e2 step  5350/11000  loss=0.6943  acc=0.4993  lr0=1.40e-05 lr1=6.98e-04
21:19:27 INFO   e2 step  5400/11000  loss=0.6943  acc=0.4996  lr0=1.39e-05 lr1=6.97e-04
21:20:03 INFO   e2 step  5450/11000  loss=0.6943  acc=0.4998  lr0=1.39e-05 lr1=6.96e-04
21:20:39 INFO   e2 step  5500/11000  loss=0.6943  acc=0.4992  lr0=1.39e-05 lr1=6.94e-04
21:21:15 INFO   e2 step  5550/11000  loss=0.6943  acc=0.4993  lr0=1.39e-05 lr1=6.93e-04
21:21:51 INFO   e2 step  5600/11000  loss=0.6943  acc=0.4993  lr0=1.38e-05 lr1=6.92e-04
21:22:28 INFO   e2 step  5650/11000  loss=0.6943  acc=0.4990  lr0=1.38e-05 lr1=6.91e-04
21:23:04 INFO   e2 step  5700/11000  loss=0.6943  acc=0.4989  lr0=1.38e-05 lr1=6.89e-04
21:23:41 INFO   e2 step  5750/11000  loss=0.6943  acc=0.4993  lr0=1.38e-05 lr1=6.88e-04
21:24:16 INFO   e2 step  5800/11000  loss=0.6943  acc=0.4995  lr0=1.37e-05 lr1=6.87e-04
21:24:52 INFO   e2 step  5850/11000  loss=0.6943  acc=0.4991  lr0=1.37e-05 lr1=6.86e-04
21:25:29 INFO   e2 step  5900/11000  loss=0.6943  acc=0.4991  lr0=1.37e-05 lr1=6.84e-04
21:26:05 INFO   e2 step  5950/11000  loss=0.6943  acc=0.4996  lr0=1.37e-05 lr1=6.83e-04
21:26:41 INFO   e2 step  6000/11000  loss=0.6943  acc=0.4994  lr0=1.36e-05 lr1=6.82e-04
21:27:17 INFO   e2 step  6050/11000  loss=0.6943  acc=0.4992  lr0=1.36e-05 lr1=6.81e-04
21:27:54 INFO   e2 step  6100/11000  loss=0.6943  acc=0.4993  lr0=1.36e-05 lr1=6.79e-04
21:28:30 INFO   e2 step  6150/11000  loss=0.6943  acc=0.4996  lr0=1.36e-05 lr1=6.78e-04
21:29:06 INFO   e2 step  6200/11000  loss=0.6943  acc=0.4998  lr0=1.35e-05 lr1=6.77e-04
21:29:42 INFO   e2 step  6250/11000  loss=0.6943  acc=0.4999  lr0=1.35e-05 lr1=6.76e-04
21:30:19 INFO   e2 step  6300/11000  loss=0.6943  acc=0.4998  lr0=1.35e-05 lr1=6.74e-04
21:30:55 INFO   e2 step  6350/11000  loss=0.6943  acc=0.4998  lr0=1.35e-05 lr1=6.73e-04
21:31:31 INFO   e2 step  6400/11000  loss=0.6943  acc=0.5001  lr0=1.34e-05 lr1=6.72e-04
21:32:07 INFO   e2 step  6450/11000  loss=0.6943  acc=0.4999  lr0=1.34e-05 lr1=6.70e-04
21:32:43 INFO   e2 step  6500/11000  loss=0.6943  acc=0.4999  lr0=1.34e-05 lr1=6.69e-04
21:33:20 INFO   e2 step  6550/11000  loss=0.6942  acc=0.5003  lr0=1.34e-05 lr1=6.68e-04
21:33:56 INFO   e2 step  6600/11000  loss=0.6942  acc=0.5002  lr0=1.33e-05 lr1=6.67e-04
21:34:32 INFO   e2 step  6650/11000  loss=0.6942  acc=0.5004  lr0=1.33e-05 lr1=6.65e-04
21:35:08 INFO   e2 step  6700/11000  loss=0.6942  acc=0.5004  lr0=1.33e-05 lr1=6.64e-04
21:35:44 INFO   e2 step  6750/11000  loss=0.6942  acc=0.5003  lr0=1.33e-05 lr1=6.63e-04
21:36:20 INFO   e2 step  6800/11000  loss=0.6942  acc=0.5002  lr0=1.32e-05 lr1=6.62e-04
21:36:56 INFO   e2 step  6850/11000  loss=0.6942  acc=0.5003  lr0=1.32e-05 lr1=6.60e-04
21:37:33 INFO   e2 step  6900/11000  loss=0.6942  acc=0.5003  lr0=1.32e-05 lr1=6.59e-04
21:38:09 INFO   e2 step  6950/11000  loss=0.6942  acc=0.5002  lr0=1.32e-05 lr1=6.58e-04
21:38:45 INFO   e2 step  7000/11000  loss=0.6942  acc=0.5001  lr0=1.31e-05 lr1=6.57e-04
21:39:21 INFO   e2 step  7050/11000  loss=0.6942  acc=0.4999  lr0=1.31e-05 lr1=6.55e-04
21:39:57 INFO   e2 step  7100/11000  loss=0.6942  acc=0.5000  lr0=1.31e-05 lr1=6.54e-04
21:40:34 INFO   e2 step  7150/11000  loss=0.6942  acc=0.4997  lr0=1.31e-05 lr1=6.53e-04
21:41:10 INFO   e2 step  7200/11000  loss=0.6942  acc=0.4998  lr0=1.30e-05 lr1=6.52e-04
21:41:46 INFO   e2 step  7250/11000  loss=0.6942  acc=0.5000  lr0=1.30e-05 lr1=6.50e-04
21:42:22 INFO   e2 step  7300/11000  loss=0.6942  acc=0.4999  lr0=1.30e-05 lr1=6.49e-04
21:42:59 INFO   e2 step  7350/11000  loss=0.6942  acc=0.4998  lr0=1.30e-05 lr1=6.48e-04
21:43:35 INFO   e2 step  7400/11000  loss=0.6942  acc=0.4999  lr0=1.29e-05 lr1=6.46e-04
21:44:11 INFO   e2 step  7450/11000  loss=0.6942  acc=0.4999  lr0=1.29e-05 lr1=6.45e-04
21:44:47 INFO   e2 step  7500/11000  loss=0.6942  acc=0.4998  lr0=1.29e-05 lr1=6.44e-04
21:45:23 INFO   e2 step  7550/11000  loss=0.6942  acc=0.4999  lr0=1.29e-05 lr1=6.43e-04
21:45:59 INFO   e2 step  7600/11000  loss=0.6942  acc=0.5003  lr0=1.28e-05 lr1=6.41e-04
21:46:36 INFO   e2 step  7650/11000  loss=0.6942  acc=0.5002  lr0=1.28e-05 lr1=6.40e-04
21:47:12 INFO   e2 step  7700/11000  loss=0.6942  acc=0.5001  lr0=1.28e-05 lr1=6.39e-04
21:47:48 INFO   e2 step  7750/11000  loss=0.6942  acc=0.5000  lr0=1.28e-05 lr1=6.38e-04
21:48:25 INFO   e2 step  7800/11000  loss=0.6942  acc=0.5000  lr0=1.27e-05 lr1=6.36e-04
21:49:01 INFO   e2 step  7850/11000  loss=0.6942  acc=0.5000  lr0=1.27e-05 lr1=6.35e-04
21:49:37 INFO   e2 step  7900/11000  loss=0.6942  acc=0.5001  lr0=1.27e-05 lr1=6.34e-04
21:50:13 INFO   e2 step  7950/11000  loss=0.6942  acc=0.5001  lr0=1.27e-05 lr1=6.33e-04
21:50:49 INFO   e2 step  8000/11000  loss=0.6942  acc=0.5002  lr0=1.26e-05 lr1=6.31e-04
21:51:26 INFO   e2 step  8050/11000  loss=0.6942  acc=0.5002  lr0=1.26e-05 lr1=6.30e-04
21:52:02 INFO   e2 step  8100/11000  loss=0.6942  acc=0.5002  lr0=1.26e-05 lr1=6.29e-04
21:52:38 INFO   e2 step  8150/11000  loss=0.6942  acc=0.5002  lr0=1.26e-05 lr1=6.28e-04
21:53:14 INFO   e2 step  8200/11000  loss=0.6942  acc=0.5000  lr0=1.25e-05 lr1=6.26e-04
21:53:50 INFO   e2 step  8250/11000  loss=0.6942  acc=0.5001  lr0=1.25e-05 lr1=6.25e-04
21:54:27 INFO   e2 step  8300/11000  loss=0.6941  acc=0.5000  lr0=1.25e-05 lr1=6.24e-04
21:55:03 INFO   e2 step  8350/11000  loss=0.6941  acc=0.4998  lr0=1.24e-05 lr1=6.22e-04
21:55:39 INFO   e2 step  8400/11000  loss=0.6941  acc=0.4999  lr0=1.24e-05 lr1=6.21e-04
21:56:15 INFO   e2 step  8450/11000  loss=0.6941  acc=0.5000  lr0=1.24e-05 lr1=6.20e-04
21:56:51 INFO   e2 step  8500/11000  loss=0.6941  acc=0.4999  lr0=1.24e-05 lr1=6.19e-04
21:57:27 INFO   e2 step  8550/11000  loss=0.6941  acc=0.4998  lr0=1.23e-05 lr1=6.17e-04
21:58:04 INFO   e2 step  8600/11000  loss=0.6941  acc=0.4998  lr0=1.23e-05 lr1=6.16e-04
21:58:40 INFO   e2 step  8650/11000  loss=0.6941  acc=0.5002  lr0=1.23e-05 lr1=6.15e-04
21:59:16 INFO   e2 step  8700/11000  loss=0.6941  acc=0.5000  lr0=1.23e-05 lr1=6.14e-04
21:59:52 INFO   e2 step  8750/11000  loss=0.6941  acc=0.5000  lr0=1.22e-05 lr1=6.12e-04
22:00:28 INFO   e2 step  8800/11000  loss=0.6941  acc=0.4998  lr0=1.22e-05 lr1=6.11e-04
22:01:05 INFO   e2 step  8850/11000  loss=0.6941  acc=0.4996  lr0=1.22e-05 lr1=6.10e-04
22:01:41 INFO   e2 step  8900/11000  loss=0.6941  acc=0.4994  lr0=1.22e-05 lr1=6.09e-04
22:02:17 INFO   e2 step  8950/11000  loss=0.6941  acc=0.4994  lr0=1.21e-05 lr1=6.07e-04
22:02:53 INFO   e2 step  9000/11000  loss=0.6941  acc=0.4990  lr0=1.21e-05 lr1=6.06e-04
22:03:29 INFO   e2 step  9050/11000  loss=0.6941  acc=0.4992  lr0=1.21e-05 lr1=6.05e-04
22:04:06 INFO   e2 step  9100/11000  loss=0.6941  acc=0.4994  lr0=1.21e-05 lr1=6.04e-04
22:04:41 INFO   e2 step  9150/11000  loss=0.6941  acc=0.4994  lr0=1.20e-05 lr1=6.02e-04
22:05:18 INFO   e2 step  9200/11000  loss=0.6941  acc=0.4993  lr0=1.20e-05 lr1=6.01e-04
22:05:54 INFO   e2 step  9250/11000  loss=0.6941  acc=0.4993  lr0=1.20e-05 lr1=6.00e-04
22:06:30 INFO   e2 step  9300/11000  loss=0.6941  acc=0.4994  lr0=1.20e-05 lr1=5.98e-04
22:07:06 INFO   e2 step  9350/11000  loss=0.6941  acc=0.4996  lr0=1.19e-05 lr1=5.97e-04
22:07:42 INFO   e2 step  9400/11000  loss=0.6941  acc=0.4996  lr0=1.19e-05 lr1=5.96e-04
22:08:18 INFO   e2 step  9450/11000  loss=0.6941  acc=0.4998  lr0=1.19e-05 lr1=5.95e-04
22:08:55 INFO   e2 step  9500/11000  loss=0.6941  acc=0.4998  lr0=1.19e-05 lr1=5.93e-04
22:09:31 INFO   e2 step  9550/11000  loss=0.6941  acc=0.5001  lr0=1.18e-05 lr1=5.92e-04
22:10:07 INFO   e2 step  9600/11000  loss=0.6941  acc=0.5002  lr0=1.18e-05 lr1=5.91e-04
22:10:43 INFO   e2 step  9650/11000  loss=0.6941  acc=0.5001  lr0=1.18e-05 lr1=5.90e-04
22:11:19 INFO   e2 step  9700/11000  loss=0.6941  acc=0.4999  lr0=1.18e-05 lr1=5.88e-04
22:11:56 INFO   e2 step  9750/11000  loss=0.6941  acc=0.4999  lr0=1.17e-05 lr1=5.87e-04
22:12:32 INFO   e2 step  9800/11000  loss=0.6941  acc=0.4997  lr0=1.17e-05 lr1=5.86e-04
22:13:08 INFO   e2 step  9850/11000  loss=0.6941  acc=0.4995  lr0=1.17e-05 lr1=5.85e-04
22:13:44 INFO   e2 step  9900/11000  loss=0.6941  acc=0.4995  lr0=1.17e-05 lr1=5.83e-04
22:14:20 INFO   e2 step  9950/11000  loss=0.6941  acc=0.4995  lr0=1.16e-05 lr1=5.82e-04
22:14:56 INFO   e2 step 10000/11000  loss=0.6941  acc=0.4995  lr0=1.16e-05 lr1=5.81e-04
22:15:33 INFO   e2 step 10050/11000  loss=0.6941  acc=0.4995  lr0=1.16e-05 lr1=5.80e-04
22:16:09 INFO   e2 step 10100/11000  loss=0.6941  acc=0.4995  lr0=1.16e-05 lr1=5.78e-04
22:16:45 INFO   e2 step 10150/11000  loss=0.6941  acc=0.4995  lr0=1.15e-05 lr1=5.77e-04
22:17:21 INFO   e2 step 10200/11000  loss=0.6941  acc=0.4994  lr0=1.15e-05 lr1=5.76e-04
22:17:57 INFO   e2 step 10250/11000  loss=0.6941  acc=0.4993  lr0=1.15e-05 lr1=5.74e-04
22:18:33 INFO   e2 step 10300/11000  loss=0.6941  acc=0.4993  lr0=1.15e-05 lr1=5.73e-04
22:19:10 INFO   e2 step 10350/11000  loss=0.6940  acc=0.4993  lr0=1.14e-05 lr1=5.72e-04
22:19:46 INFO   e2 step 10400/11000  loss=0.6940  acc=0.4994  lr0=1.14e-05 lr1=5.71e-04
22:20:22 INFO   e2 step 10450/11000  loss=0.6940  acc=0.4994  lr0=1.14e-05 lr1=5.69e-04
22:20:59 INFO   e2 step 10500/11000  loss=0.6940  acc=0.4995  lr0=1.14e-05 lr1=5.68e-04
22:21:35 INFO   e2 step 10550/11000  loss=0.6940  acc=0.4995  lr0=1.13e-05 lr1=5.67e-04
22:22:11 INFO   e2 step 10600/11000  loss=0.6940  acc=0.4993  lr0=1.13e-05 lr1=5.66e-04
22:22:47 INFO   e2 step 10650/11000  loss=0.6940  acc=0.4994  lr0=1.13e-05 lr1=5.64e-04
22:23:24 INFO   e2 step 10700/11000  loss=0.6940  acc=0.4995  lr0=1.13e-05 lr1=5.63e-04
22:24:00 INFO   e2 step 10750/11000  loss=0.6940  acc=0.4996  lr0=1.12e-05 lr1=5.62e-04
22:24:36 INFO   e2 step 10800/11000  loss=0.6940  acc=0.4998  lr0=1.12e-05 lr1=5.61e-04
22:25:12 INFO   e2 step 10850/11000  loss=0.6940  acc=0.4999  lr0=1.12e-05 lr1=5.59e-04
22:25:48 INFO   e2 step 10900/11000  loss=0.6940  acc=0.4999  lr0=1.12e-05 lr1=5.58e-04
22:26:25 INFO   e2 step 10950/11000  loss=0.6940  acc=0.5001  lr0=1.11e-05 lr1=5.57e-04
22:27:01 INFO   e2 step 11000/11000  loss=0.6940  acc=0.5000  lr0=1.11e-05 lr1=5.56e-04
22:31:47 INFO [epoch 2] train_loss=0.6940 train_acc=0.5000  val_loss=0.6936 val_acc=0.4966 val_auc=0.5000  elapsed=8244.4s
22:32:23 INFO   e3 step    50/11000  loss=0.6941  acc=0.4600  lr0=1.11e-05 lr1=5.54e-04
22:32:59 INFO   e3 step   100/11000  loss=0.6937  acc=0.4788  lr0=1.11e-05 lr1=5.53e-04
22:33:36 INFO   e3 step   150/11000  loss=0.6938  acc=0.4683  lr0=1.10e-05 lr1=5.52e-04
22:34:12 INFO   e3 step   200/11000  loss=0.6935  acc=0.4813  lr0=1.10e-05 lr1=5.51e-04
22:34:48 INFO   e3 step   250/11000  loss=0.6935  acc=0.4875  lr0=1.10e-05 lr1=5.49e-04
22:35:24 INFO   e3 step   300/11000  loss=0.6932  acc=0.4954  lr0=1.10e-05 lr1=5.48e-04
22:36:00 INFO   e3 step   350/11000  loss=0.6932  acc=0.4989  lr0=1.09e-05 lr1=5.47e-04
22:36:36 INFO   e3 step   400/11000  loss=0.6935  acc=0.4950  lr0=1.09e-05 lr1=5.45e-04
22:37:12 INFO   e3 step   450/11000  loss=0.6934  acc=0.4986  lr0=1.09e-05 lr1=5.44e-04
22:37:49 INFO   e3 step   500/11000  loss=0.6936  acc=0.4960  lr0=1.09e-05 lr1=5.43e-04
22:38:25 INFO   e3 step   550/11000  loss=0.6936  acc=0.4948  lr0=1.08e-05 lr1=5.42e-04
22:39:01 INFO   e3 step   600/11000  loss=0.6935  acc=0.4938  lr0=1.08e-05 lr1=5.40e-04
22:39:37 INFO   e3 step   650/11000  loss=0.6935  acc=0.4954  lr0=1.08e-05 lr1=5.39e-04
22:40:14 INFO   e3 step   700/11000  loss=0.6936  acc=0.4936  lr0=1.08e-05 lr1=5.38e-04
22:40:50 INFO   e3 step   750/11000  loss=0.6936  acc=0.4938  lr0=1.07e-05 lr1=5.37e-04
22:41:26 INFO   e3 step   800/11000  loss=0.6936  acc=0.4938  lr0=1.07e-05 lr1=5.35e-04
22:42:02 INFO   e3 step   850/11000  loss=0.6935  acc=0.4959  lr0=1.07e-05 lr1=5.34e-04
22:42:38 INFO   e3 step   900/11000  loss=0.6935  acc=0.4964  lr0=1.07e-05 lr1=5.33e-04
22:43:14 INFO   e3 step   950/11000  loss=0.6935  acc=0.4974  lr0=1.06e-05 lr1=5.32e-04
22:43:51 INFO   e3 step  1000/11000  loss=0.6936  acc=0.4971  lr0=1.06e-05 lr1=5.30e-04
22:44:27 INFO   e3 step  1050/11000  loss=0.6936  acc=0.4962  lr0=1.06e-05 lr1=5.29e-04
22:45:03 INFO   e3 step  1100/11000  loss=0.6936  acc=0.4965  lr0=1.06e-05 lr1=5.28e-04
22:45:40 INFO   e3 step  1150/11000  loss=0.6936  acc=0.4965  lr0=1.05e-05 lr1=5.27e-04
22:46:16 INFO   e3 step  1200/11000  loss=0.6936  acc=0.4965  lr0=1.05e-05 lr1=5.25e-04
22:46:52 INFO   e3 step  1250/11000  loss=0.6936  acc=0.4967  lr0=1.05e-05 lr1=5.24e-04
22:47:29 INFO   e3 step  1300/11000  loss=0.6936  acc=0.4978  lr0=1.05e-05 lr1=5.23e-04
22:48:05 INFO   e3 step  1350/11000  loss=0.6936  acc=0.4954  lr0=1.04e-05 lr1=5.21e-04
22:48:41 INFO   e3 step  1400/11000  loss=0.6936  acc=0.4959  lr0=1.04e-05 lr1=5.20e-04
22:49:17 INFO   e3 step  1450/11000  loss=0.6936  acc=0.4956  lr0=1.04e-05 lr1=5.19e-04
22:49:53 INFO   e3 step  1500/11000  loss=0.6936  acc=0.4949  lr0=1.04e-05 lr1=5.18e-04
22:50:29 INFO   e3 step  1550/11000  loss=0.6936  acc=0.4948  lr0=1.03e-05 lr1=5.16e-04
22:51:06 INFO   e3 step  1600/11000  loss=0.6936  acc=0.4945  lr0=1.03e-05 lr1=5.15e-04
22:51:42 INFO   e3 step  1650/11000  loss=0.6936  acc=0.4947  lr0=1.03e-05 lr1=5.14e-04
22:52:18 INFO   e3 step  1700/11000  loss=0.6936  acc=0.4951  lr0=1.03e-05 lr1=5.13e-04
22:52:54 INFO   e3 step  1750/11000  loss=0.6936  acc=0.4936  lr0=1.02e-05 lr1=5.11e-04
22:53:31 INFO   e3 step  1800/11000  loss=0.6936  acc=0.4949  lr0=1.02e-05 lr1=5.10e-04
22:54:07 INFO   e3 step  1850/11000  loss=0.6936  acc=0.4953  lr0=1.02e-05 lr1=5.09e-04
22:54:43 INFO   e3 step  1900/11000  loss=0.6936  acc=0.4964  lr0=1.02e-05 lr1=5.08e-04
22:55:19 INFO   e3 step  1950/11000  loss=0.6936  acc=0.4965  lr0=1.01e-05 lr1=5.06e-04
22:55:55 INFO   e3 step  2000/11000  loss=0.6936  acc=0.4964  lr0=1.01e-05 lr1=5.05e-04
22:56:32 INFO   e3 step  2050/11000  loss=0.6936  acc=0.4963  lr0=1.01e-05 lr1=5.04e-04
22:57:08 INFO   e3 step  2100/11000  loss=0.6936  acc=0.4964  lr0=1.01e-05 lr1=5.03e-04
22:57:44 INFO   e3 step  2150/11000  loss=0.6936  acc=0.4968  lr0=1.00e-05 lr1=5.01e-04
22:58:20 INFO   e3 step  2200/11000  loss=0.6936  acc=0.4972  lr0=1.00e-05 lr1=5.00e-04
22:58:56 INFO   e3 step  2250/11000  loss=0.6935  acc=0.4977  lr0=9.97e-06 lr1=4.99e-04
22:59:33 INFO   e3 step  2300/11000  loss=0.6936  acc=0.4977  lr0=9.95e-06 lr1=4.97e-04
23:00:09 INFO   e3 step  2350/11000  loss=0.6935  acc=0.4976  lr0=9.92e-06 lr1=4.96e-04
23:00:45 INFO   e3 step  2400/11000  loss=0.6935  acc=0.4981  lr0=9.90e-06 lr1=4.95e-04
23:01:21 INFO   e3 step  2450/11000  loss=0.6935  acc=0.4977  lr0=9.87e-06 lr1=4.94e-04
23:01:57 INFO   e3 step  2500/11000  loss=0.6935  acc=0.4975  lr0=9.85e-06 lr1=4.92e-04
23:02:33 INFO   e3 step  2550/11000  loss=0.6935  acc=0.4980  lr0=9.82e-06 lr1=4.91e-04
23:03:09 INFO   e3 step  2600/11000  loss=0.6935  acc=0.4979  lr0=9.80e-06 lr1=4.90e-04
23:03:46 INFO   e3 step  2650/11000  loss=0.6935  acc=0.4975  lr0=9.77e-06 lr1=4.89e-04
23:04:22 INFO   e3 step  2700/11000  loss=0.6935  acc=0.4973  lr0=9.75e-06 lr1=4.87e-04
23:04:58 INFO   e3 step  2750/11000  loss=0.6935  acc=0.4971  lr0=9.72e-06 lr1=4.86e-04
23:05:35 INFO   e3 step  2800/11000  loss=0.6935  acc=0.4968  lr0=9.70e-06 lr1=4.85e-04
23:06:10 INFO   e3 step  2850/11000  loss=0.6936  acc=0.4971  lr0=9.67e-06 lr1=4.84e-04
23:06:46 INFO   e3 step  2900/11000  loss=0.6936  acc=0.4969  lr0=9.65e-06 lr1=4.82e-04
23:07:23 INFO   e3 step  2950/11000  loss=0.6936  acc=0.4975  lr0=9.62e-06 lr1=4.81e-04
23:07:59 INFO   e3 step  3000/11000  loss=0.6936  acc=0.4977  lr0=9.60e-06 lr1=4.80e-04
23:08:35 INFO   e3 step  3050/11000  loss=0.6935  acc=0.4979  lr0=9.57e-06 lr1=4.79e-04
23:09:11 INFO   e3 step  3100/11000  loss=0.6935  acc=0.4983  lr0=9.55e-06 lr1=4.77e-04
23:09:47 INFO   e3 step  3150/11000  loss=0.6935  acc=0.4988  lr0=9.52e-06 lr1=4.76e-04
23:10:24 INFO   e3 step  3200/11000  loss=0.6934  acc=0.4997  lr0=9.49e-06 lr1=4.75e-04
23:11:00 INFO   e3 step  3250/11000  loss=0.6935  acc=0.4995  lr0=9.47e-06 lr1=4.73e-04
23:11:36 INFO   e3 step  3300/11000  loss=0.6935  acc=0.4995  lr0=9.44e-06 lr1=4.72e-04
23:12:12 INFO   e3 step  3350/11000  loss=0.6935  acc=0.4993  lr0=9.42e-06 lr1=4.71e-04
23:12:48 INFO   e3 step  3400/11000  loss=0.6935  acc=0.4992  lr0=9.39e-06 lr1=4.70e-04
23:13:24 INFO   e3 step  3450/11000  loss=0.6935  acc=0.4996  lr0=9.37e-06 lr1=4.68e-04
23:14:00 INFO   e3 step  3500/11000  loss=0.6935  acc=0.4996  lr0=9.34e-06 lr1=4.67e-04
23:14:37 INFO   e3 step  3550/11000  loss=0.6935  acc=0.5002  lr0=9.32e-06 lr1=4.66e-04
23:15:13 INFO   e3 step  3600/11000  loss=0.6935  acc=0.5004  lr0=9.29e-06 lr1=4.65e-04
23:15:49 INFO   e3 step  3650/11000  loss=0.6935  acc=0.5003  lr0=9.27e-06 lr1=4.63e-04
23:16:25 INFO   e3 step  3700/11000  loss=0.6935  acc=0.5004  lr0=9.24e-06 lr1=4.62e-04
23:17:02 INFO   e3 step  3750/11000  loss=0.6935  acc=0.5003  lr0=9.22e-06 lr1=4.61e-04
23:17:38 INFO   e3 step  3800/11000  loss=0.6935  acc=0.5000  lr0=9.19e-06 lr1=4.60e-04
23:18:14 INFO   e3 step  3850/11000  loss=0.6935  acc=0.5000  lr0=9.17e-06 lr1=4.58e-04
23:18:50 INFO   e3 step  3900/11000  loss=0.6935  acc=0.5002  lr0=9.14e-06 lr1=4.57e-04
23:19:27 INFO   e3 step  3950/11000  loss=0.6935  acc=0.5003  lr0=9.12e-06 lr1=4.56e-04
23:20:03 INFO   e3 step  4000/11000  loss=0.6935  acc=0.5007  lr0=9.09e-06 lr1=4.55e-04
23:20:39 INFO   e3 step  4050/11000  loss=0.6935  acc=0.5008  lr0=9.07e-06 lr1=4.53e-04
23:21:15 INFO   e3 step  4100/11000  loss=0.6935  acc=0.5002  lr0=9.04e-06 lr1=4.52e-04
23:21:51 INFO   e3 step  4150/11000  loss=0.6935  acc=0.5003  lr0=9.02e-06 lr1=4.51e-04
23:22:27 INFO   e3 step  4200/11000  loss=0.6935  acc=0.5009  lr0=8.99e-06 lr1=4.49e-04
23:23:04 INFO   e3 step  4250/11000  loss=0.6935  acc=0.5007  lr0=8.96e-06 lr1=4.48e-04
23:23:40 INFO   e3 step  4300/11000  loss=0.6935  acc=0.5001  lr0=8.94e-06 lr1=4.47e-04
23:24:16 INFO   e3 step  4350/11000  loss=0.6935  acc=0.5004  lr0=8.91e-06 lr1=4.46e-04
23:24:52 INFO   e3 step  4400/11000  loss=0.6935  acc=0.5000  lr0=8.89e-06 lr1=4.44e-04
23:25:29 INFO   e3 step  4450/11000  loss=0.6935  acc=0.5001  lr0=8.86e-06 lr1=4.43e-04
23:26:05 INFO   e3 step  4500/11000  loss=0.6935  acc=0.4999  lr0=8.84e-06 lr1=4.42e-04
23:26:41 INFO   e3 step  4550/11000  loss=0.6935  acc=0.4996  lr0=8.81e-06 lr1=4.41e-04
23:27:17 INFO   e3 step  4600/11000  loss=0.6935  acc=0.4997  lr0=8.79e-06 lr1=4.39e-04
23:27:54 INFO   e3 step  4650/11000  loss=0.6935  acc=0.5001  lr0=8.76e-06 lr1=4.38e-04
23:28:30 INFO   e3 step  4700/11000  loss=0.6935  acc=0.5000  lr0=8.74e-06 lr1=4.37e-04
23:29:06 INFO   e3 step  4750/11000  loss=0.6935  acc=0.4996  lr0=8.71e-06 lr1=4.36e-04
23:29:42 INFO   e3 step  4800/11000  loss=0.6935  acc=0.5001  lr0=8.69e-06 lr1=4.34e-04
23:30:19 INFO   e3 step  4850/11000  loss=0.6935  acc=0.5002  lr0=8.66e-06 lr1=4.33e-04
23:30:55 INFO   e3 step  4900/11000  loss=0.6935  acc=0.5003  lr0=8.64e-06 lr1=4.32e-04
23:31:31 INFO   e3 step  4950/11000  loss=0.6935  acc=0.5004  lr0=8.61e-06 lr1=4.31e-04
23:32:07 INFO   e3 step  5000/11000  loss=0.6935  acc=0.5007  lr0=8.59e-06 lr1=4.29e-04
23:32:44 INFO   e3 step  5050/11000  loss=0.6935  acc=0.5007  lr0=8.56e-06 lr1=4.28e-04
23:33:20 INFO   e3 step  5100/11000  loss=0.6935  acc=0.5007  lr0=8.54e-06 lr1=4.27e-04
23:33:56 INFO   e3 step  5150/11000  loss=0.6935  acc=0.5005  lr0=8.51e-06 lr1=4.26e-04
23:34:32 INFO   e3 step  5200/11000  loss=0.6935  acc=0.5005  lr0=8.48e-06 lr1=4.24e-04
23:35:08 INFO   e3 step  5250/11000  loss=0.6935  acc=0.5002  lr0=8.46e-06 lr1=4.23e-04
23:35:45 INFO   e3 step  5300/11000  loss=0.6935  acc=0.5004  lr0=8.43e-06 lr1=4.22e-04
23:36:21 INFO   e3 step  5350/11000  loss=0.6935  acc=0.5007  lr0=8.41e-06 lr1=4.20e-04
23:36:57 INFO   e3 step  5400/11000  loss=0.6935  acc=0.5010  lr0=8.38e-06 lr1=4.19e-04
23:37:33 INFO   e3 step  5450/11000  loss=0.6934  acc=0.5013  lr0=8.36e-06 lr1=4.18e-04
23:38:09 INFO   e3 step  5500/11000  loss=0.6935  acc=0.5012  lr0=8.33e-06 lr1=4.17e-04
23:38:46 INFO   e3 step  5550/11000  loss=0.6934  acc=0.5014  lr0=8.31e-06 lr1=4.15e-04
23:39:22 INFO   e3 step  5600/11000  loss=0.6935  acc=0.5012  lr0=8.28e-06 lr1=4.14e-04
23:39:58 INFO   e3 step  5650/11000  loss=0.6935  acc=0.5012  lr0=8.26e-06 lr1=4.13e-04
23:40:34 INFO   e3 step  5700/11000  loss=0.6935  acc=0.5007  lr0=8.23e-06 lr1=4.12e-04
23:41:10 INFO   e3 step  5750/11000  loss=0.6935  acc=0.5006  lr0=8.21e-06 lr1=4.10e-04
23:41:46 INFO   e3 step  5800/11000  loss=0.6935  acc=0.5008  lr0=8.18e-06 lr1=4.09e-04
23:42:22 INFO   e3 step  5850/11000  loss=0.6935  acc=0.5009  lr0=8.16e-06 lr1=4.08e-04
23:42:59 INFO   e3 step  5900/11000  loss=0.6934  acc=0.5013  lr0=8.13e-06 lr1=4.07e-04
23:43:35 INFO   e3 step  5950/11000  loss=0.6935  acc=0.5012  lr0=8.11e-06 lr1=4.05e-04
23:44:11 INFO   e3 step  6000/11000  loss=0.6934  acc=0.5014  lr0=8.08e-06 lr1=4.04e-04
23:44:47 INFO   e3 step  6050/11000  loss=0.6935  acc=0.5013  lr0=8.06e-06 lr1=4.03e-04
23:45:23 INFO   e3 step  6100/11000  loss=0.6935  acc=0.5014  lr0=8.03e-06 lr1=4.02e-04
23:45:59 INFO   e3 step  6150/11000  loss=0.6934  acc=0.5015  lr0=8.01e-06 lr1=4.00e-04
23:46:35 INFO   e3 step  6200/11000  loss=0.6934  acc=0.5011  lr0=7.98e-06 lr1=3.99e-04
23:47:12 INFO   e3 step  6250/11000  loss=0.6934  acc=0.5013  lr0=7.95e-06 lr1=3.98e-04
23:47:48 INFO   e3 step  6300/11000  loss=0.6934  acc=0.5014  lr0=7.93e-06 lr1=3.96e-04
23:48:24 INFO   e3 step  6350/11000  loss=0.6934  acc=0.5016  lr0=7.90e-06 lr1=3.95e-04
23:49:00 INFO   e3 step  6400/11000  loss=0.6934  acc=0.5015  lr0=7.88e-06 lr1=3.94e-04
23:49:36 INFO   e3 step  6450/11000  loss=0.6935  acc=0.5013  lr0=7.85e-06 lr1=3.93e-04
23:50:12 INFO   e3 step  6500/11000  loss=0.6934  acc=0.5015  lr0=7.83e-06 lr1=3.91e-04
23:50:48 INFO   e3 step  6550/11000  loss=0.6935  acc=0.5014  lr0=7.80e-06 lr1=3.90e-04
23:51:25 INFO   e3 step  6600/11000  loss=0.6934  acc=0.5014  lr0=7.78e-06 lr1=3.89e-04
23:52:01 INFO   e3 step  6650/11000  loss=0.6934  acc=0.5015  lr0=7.75e-06 lr1=3.88e-04
23:52:37 INFO   e3 step  6700/11000  loss=0.6935  acc=0.5013  lr0=7.73e-06 lr1=3.86e-04
23:53:13 INFO   e3 step  6750/11000  loss=0.6934  acc=0.5011  lr0=7.70e-06 lr1=3.85e-04
23:53:50 INFO   e3 step  6800/11000  loss=0.6934  acc=0.5017  lr0=7.68e-06 lr1=3.84e-04
23:54:26 INFO   e3 step  6850/11000  loss=0.6934  acc=0.5018  lr0=7.65e-06 lr1=3.83e-04
23:55:02 INFO   e3 step  6900/11000  loss=0.6934  acc=0.5014  lr0=7.63e-06 lr1=3.81e-04
23:55:39 INFO   e3 step  6950/11000  loss=0.6934  acc=0.5016  lr0=7.60e-06 lr1=3.80e-04
23:56:15 INFO   e3 step  7000/11000  loss=0.6934  acc=0.5013  lr0=7.58e-06 lr1=3.79e-04
23:56:51 INFO   e3 step  7050/11000  loss=0.6934  acc=0.5013  lr0=7.55e-06 lr1=3.78e-04
23:57:27 INFO   e3 step  7100/11000  loss=0.6934  acc=0.5013  lr0=7.53e-06 lr1=3.76e-04
23:58:03 INFO   e3 step  7150/11000  loss=0.6934  acc=0.5012  lr0=7.50e-06 lr1=3.75e-04
23:58:39 INFO   e3 step  7200/11000  loss=0.6934  acc=0.5013  lr0=7.47e-06 lr1=3.74e-04
23:59:15 INFO   e3 step  7250/11000  loss=0.6934  acc=0.5012  lr0=7.45e-06 lr1=3.72e-04
23:59:51 INFO   e3 step  7300/11000  loss=0.6934  acc=0.5015  lr0=7.42e-06 lr1=3.71e-04
00:00:27 INFO   e3 step  7350/11000  loss=0.6934  acc=0.5020  lr0=7.40e-06 lr1=3.70e-04
00:01:03 INFO   e3 step  7400/11000  loss=0.6934  acc=0.5020  lr0=7.37e-06 lr1=3.69e-04
00:01:40 INFO   e3 step  7450/11000  loss=0.6934  acc=0.5020  lr0=7.35e-06 lr1=3.67e-04
00:02:16 INFO   e3 step  7500/11000  loss=0.6934  acc=0.5017  lr0=7.32e-06 lr1=3.66e-04
00:02:52 INFO   e3 step  7550/11000  loss=0.6934  acc=0.5017  lr0=7.30e-06 lr1=3.65e-04
00:03:28 INFO   e3 step  7600/11000  loss=0.6934  acc=0.5014  lr0=7.27e-06 lr1=3.64e-04
00:04:04 INFO   e3 step  7650/11000  loss=0.6934  acc=0.5013  lr0=7.25e-06 lr1=3.62e-04
00:04:40 INFO   e3 step  7700/11000  loss=0.6934  acc=0.5014  lr0=7.22e-06 lr1=3.61e-04
00:05:16 INFO   e3 step  7750/11000  loss=0.6934  acc=0.5015  lr0=7.20e-06 lr1=3.60e-04
00:05:52 INFO   e3 step  7800/11000  loss=0.6934  acc=0.5012  lr0=7.17e-06 lr1=3.59e-04
00:06:28 INFO   e3 step  7850/11000  loss=0.6934  acc=0.5013  lr0=7.15e-06 lr1=3.57e-04
00:07:05 INFO   e3 step  7900/11000  loss=0.6934  acc=0.5015  lr0=7.12e-06 lr1=3.56e-04
00:07:41 INFO   e3 step  7950/11000  loss=0.6934  acc=0.5013  lr0=7.10e-06 lr1=3.55e-04
00:08:17 INFO   e3 step  8000/11000  loss=0.6934  acc=0.5014  lr0=7.07e-06 lr1=3.54e-04
00:08:53 INFO   e3 step  8050/11000  loss=0.6934  acc=0.5015  lr0=7.05e-06 lr1=3.52e-04
00:09:29 INFO   e3 step  8100/11000  loss=0.6934  acc=0.5013  lr0=7.02e-06 lr1=3.51e-04
00:10:06 INFO   e3 step  8150/11000  loss=0.6934  acc=0.5014  lr0=6.99e-06 lr1=3.50e-04
00:10:42 INFO   e3 step  8200/11000  loss=0.6934  acc=0.5014  lr0=6.97e-06 lr1=3.48e-04
00:11:18 INFO   e3 step  8250/11000  loss=0.6934  acc=0.5015  lr0=6.94e-06 lr1=3.47e-04
00:11:54 INFO   e3 step  8300/11000  loss=0.6934  acc=0.5013  lr0=6.92e-06 lr1=3.46e-04
00:12:31 INFO   e3 step  8350/11000  loss=0.6934  acc=0.5013  lr0=6.89e-06 lr1=3.45e-04
00:13:07 INFO   e3 step  8400/11000  loss=0.6934  acc=0.5013  lr0=6.87e-06 lr1=3.43e-04
00:13:43 INFO   e3 step  8450/11000  loss=0.6934  acc=0.5015  lr0=6.84e-06 lr1=3.42e-04
00:14:19 INFO   e3 step  8500/11000  loss=0.6934  acc=0.5017  lr0=6.82e-06 lr1=3.41e-04
00:14:55 INFO   e3 step  8550/11000  loss=0.6934  acc=0.5015  lr0=6.79e-06 lr1=3.40e-04
00:15:31 INFO   e3 step  8600/11000  loss=0.6934  acc=0.5018  lr0=6.77e-06 lr1=3.38e-04
00:16:07 INFO   e3 step  8650/11000  loss=0.6934  acc=0.5020  lr0=6.74e-06 lr1=3.37e-04
00:16:44 INFO   e3 step  8700/11000  loss=0.6934  acc=0.5017  lr0=6.72e-06 lr1=3.36e-04
00:17:20 INFO   e3 step  8750/11000  loss=0.6934  acc=0.5015  lr0=6.69e-06 lr1=3.35e-04
00:17:56 INFO   e3 step  8800/11000  loss=0.6934  acc=0.5016  lr0=6.67e-06 lr1=3.33e-04
00:18:32 INFO   e3 step  8850/11000  loss=0.6934  acc=0.5019  lr0=6.64e-06 lr1=3.32e-04
00:19:08 INFO   e3 step  8900/11000  loss=0.6934  acc=0.5018  lr0=6.62e-06 lr1=3.31e-04
00:19:44 INFO   e3 step  8950/11000  loss=0.6934  acc=0.5017  lr0=6.59e-06 lr1=3.30e-04
00:20:20 INFO   e3 step  9000/11000  loss=0.6934  acc=0.5018  lr0=6.57e-06 lr1=3.28e-04
00:20:56 INFO   e3 step  9050/11000  loss=0.6934  acc=0.5017  lr0=6.54e-06 lr1=3.27e-04
00:21:33 INFO   e3 step  9100/11000  loss=0.6934  acc=0.5018  lr0=6.52e-06 lr1=3.26e-04
00:22:09 INFO   e3 step  9150/11000  loss=0.6934  acc=0.5018  lr0=6.49e-06 lr1=3.24e-04
00:22:45 INFO   e3 step  9200/11000  loss=0.6934  acc=0.5017  lr0=6.46e-06 lr1=3.23e-04
00:23:21 INFO   e3 step  9250/11000  loss=0.6934  acc=0.5017  lr0=6.44e-06 lr1=3.22e-04
00:23:58 INFO   e3 step  9300/11000  loss=0.6934  acc=0.5018  lr0=6.41e-06 lr1=3.21e-04
00:24:34 INFO   e3 step  9350/11000  loss=0.6934  acc=0.5019  lr0=6.39e-06 lr1=3.19e-04
00:25:10 INFO   e3 step  9400/11000  loss=0.6934  acc=0.5020  lr0=6.36e-06 lr1=3.18e-04
00:25:46 INFO   e3 step  9450/11000  loss=0.6934  acc=0.5017  lr0=6.34e-06 lr1=3.17e-04
00:26:23 INFO   e3 step  9500/11000  loss=0.6934  acc=0.5018  lr0=6.31e-06 lr1=3.16e-04
00:26:59 INFO   e3 step  9550/11000  loss=0.6934  acc=0.5016  lr0=6.29e-06 lr1=3.14e-04
00:27:35 INFO   e3 step  9600/11000  loss=0.6934  acc=0.5015  lr0=6.26e-06 lr1=3.13e-04
00:28:11 INFO   e3 step  9650/11000  loss=0.6934  acc=0.5015  lr0=6.24e-06 lr1=3.12e-04
00:28:48 INFO   e3 step  9700/11000  loss=0.6934  acc=0.5017  lr0=6.21e-06 lr1=3.11e-04
00:29:24 INFO   e3 step  9750/11000  loss=0.6934  acc=0.5016  lr0=6.19e-06 lr1=3.09e-04
00:30:01 INFO   e3 step  9800/11000  loss=0.6934  acc=0.5016  lr0=6.16e-06 lr1=3.08e-04
00:30:37 INFO   e3 step  9850/11000  loss=0.6934  acc=0.5015  lr0=6.14e-06 lr1=3.07e-04
00:31:13 INFO   e3 step  9900/11000  loss=0.6934  acc=0.5013  lr0=6.11e-06 lr1=3.06e-04
00:31:50 INFO   e3 step  9950/11000  loss=0.6934  acc=0.5014  lr0=6.09e-06 lr1=3.04e-04
00:32:26 INFO   e3 step 10000/11000  loss=0.6934  acc=0.5014  lr0=6.06e-06 lr1=3.03e-04
00:33:03 INFO   e3 step 10050/11000  loss=0.6934  acc=0.5015  lr0=6.04e-06 lr1=3.02e-04
00:33:39 INFO   e3 step 10100/11000  loss=0.6934  acc=0.5014  lr0=6.01e-06 lr1=3.01e-04
00:34:15 INFO   e3 step 10150/11000  loss=0.6934  acc=0.5015  lr0=5.98e-06 lr1=2.99e-04
00:34:52 INFO   e3 step 10200/11000  loss=0.6934  acc=0.5015  lr0=5.96e-06 lr1=2.98e-04
00:35:28 INFO   e3 step 10250/11000  loss=0.6934  acc=0.5015  lr0=5.93e-06 lr1=2.97e-04
00:36:04 INFO   e3 step 10300/11000  loss=0.6934  acc=0.5016  lr0=5.91e-06 lr1=2.95e-04
00:36:41 INFO   e3 step 10350/11000  loss=0.6934  acc=0.5015  lr0=5.88e-06 lr1=2.94e-04
00:37:17 INFO   e3 step 10400/11000  loss=0.6934  acc=0.5015  lr0=5.86e-06 lr1=2.93e-04
00:37:53 INFO   e3 step 10450/11000  loss=0.6934  acc=0.5017  lr0=5.83e-06 lr1=2.92e-04
00:38:30 INFO   e3 step 10500/11000  loss=0.6934  acc=0.5018  lr0=5.81e-06 lr1=2.90e-04
00:39:06 INFO   e3 step 10550/11000  loss=0.6934  acc=0.5019  lr0=5.78e-06 lr1=2.89e-04
00:39:42 INFO   e3 step 10600/11000  loss=0.6934  acc=0.5019  lr0=5.76e-06 lr1=2.88e-04
00:40:19 INFO   e3 step 10650/11000  loss=0.6934  acc=0.5019  lr0=5.73e-06 lr1=2.87e-04
00:40:55 INFO   e3 step 10700/11000  loss=0.6934  acc=0.5017  lr0=5.71e-06 lr1=2.85e-04
00:41:31 INFO   e3 step 10750/11000  loss=0.6934  acc=0.5016  lr0=5.68e-06 lr1=2.84e-04
00:42:08 INFO   e3 step 10800/11000  loss=0.6934  acc=0.5016  lr0=5.66e-06 lr1=2.83e-04
00:42:44 INFO   e3 step 10850/11000  loss=0.6934  acc=0.5016  lr0=5.63e-06 lr1=2.82e-04
00:43:20 INFO   e3 step 10900/11000  loss=0.6934  acc=0.5014  lr0=5.61e-06 lr1=2.80e-04
00:43:56 INFO   e3 step 10950/11000  loss=0.6934  acc=0.5013  lr0=5.58e-06 lr1=2.79e-04
00:44:33 INFO   e3 step 11000/11000  loss=0.6934  acc=0.5013  lr0=5.56e-06 lr1=2.78e-04
00:49:20 INFO [epoch 3] train_loss=0.6934 train_acc=0.5013  val_loss=0.6932 val_acc=0.4966 val_auc=0.5006  elapsed=8252.9s
00:49:56 INFO   e4 step    50/11000  loss=0.6929  acc=0.5200  lr0=5.53e-06 lr1=2.77e-04
00:50:32 INFO   e4 step   100/11000  loss=0.6938  acc=0.5000  lr0=5.51e-06 lr1=2.75e-04
00:51:09 INFO   e4 step   150/11000  loss=0.6938  acc=0.4867  lr0=5.48e-06 lr1=2.74e-04
00:51:45 INFO   e4 step   200/11000  loss=0.6937  acc=0.4963  lr0=5.45e-06 lr1=2.73e-04
00:52:21 INFO   e4 step   250/11000  loss=0.6937  acc=0.4855  lr0=5.43e-06 lr1=2.71e-04
00:52:57 INFO   e4 step   300/11000  loss=0.6937  acc=0.4821  lr0=5.40e-06 lr1=2.70e-04
00:53:34 INFO   e4 step   350/11000  loss=0.6937  acc=0.4846  lr0=5.38e-06 lr1=2.69e-04
00:54:10 INFO   e4 step   400/11000  loss=0.6937  acc=0.4834  lr0=5.35e-06 lr1=2.68e-04
00:54:46 INFO   e4 step   450/11000  loss=0.6937  acc=0.4831  lr0=5.33e-06 lr1=2.66e-04
00:55:22 INFO   e4 step   500/11000  loss=0.6936  acc=0.4865  lr0=5.30e-06 lr1=2.65e-04
00:55:59 INFO   e4 step   550/11000  loss=0.6936  acc=0.4898  lr0=5.28e-06 lr1=2.64e-04
00:56:36 INFO   e4 step   600/11000  loss=0.6936  acc=0.4904  lr0=5.25e-06 lr1=2.63e-04
00:57:12 INFO   e4 step   650/11000  loss=0.6936  acc=0.4892  lr0=5.23e-06 lr1=2.61e-04
00:57:49 INFO   e4 step   700/11000  loss=0.6935  acc=0.4891  lr0=5.20e-06 lr1=2.60e-04
00:58:25 INFO   e4 step   750/11000  loss=0.6935  acc=0.4915  lr0=5.18e-06 lr1=2.59e-04
00:59:01 INFO   e4 step   800/11000  loss=0.6935  acc=0.4902  lr0=5.15e-06 lr1=2.58e-04
00:59:37 INFO   e4 step   850/11000  loss=0.6935  acc=0.4937  lr0=5.13e-06 lr1=2.56e-04
01:00:14 INFO   e4 step   900/11000  loss=0.6935  acc=0.4931  lr0=5.10e-06 lr1=2.55e-04
01:00:50 INFO   e4 step   950/11000  loss=0.6935  acc=0.4930  lr0=5.08e-06 lr1=2.54e-04
01:01:26 INFO   e4 step  1000/11000  loss=0.6935  acc=0.4918  lr0=5.05e-06 lr1=2.53e-04
01:02:03 INFO   e4 step  1050/11000  loss=0.6935  acc=0.4921  lr0=5.03e-06 lr1=2.51e-04
01:02:39 INFO   e4 step  1100/11000  loss=0.6935  acc=0.4933  lr0=5.00e-06 lr1=2.50e-04
01:03:15 INFO   e4 step  1150/11000  loss=0.6935  acc=0.4924  lr0=4.97e-06 lr1=2.49e-04
01:03:51 INFO   e4 step  1200/11000  loss=0.6935  acc=0.4929  lr0=4.95e-06 lr1=2.47e-04
01:04:28 INFO   e4 step  1250/11000  loss=0.6935  acc=0.4937  lr0=4.92e-06 lr1=2.46e-04
01:05:04 INFO   e4 step  1300/11000  loss=0.6935  acc=0.4929  lr0=4.90e-06 lr1=2.45e-04
01:05:40 INFO   e4 step  1350/11000  loss=0.6935  acc=0.4922  lr0=4.87e-06 lr1=2.44e-04
01:06:17 INFO   e4 step  1400/11000  loss=0.6934  acc=0.4938  lr0=4.85e-06 lr1=2.42e-04
01:06:53 INFO   e4 step  1450/11000  loss=0.6934  acc=0.4945  lr0=4.82e-06 lr1=2.41e-04
01:07:29 INFO   e4 step  1500/11000  loss=0.6934  acc=0.4943  lr0=4.80e-06 lr1=2.40e-04
01:08:06 INFO   e4 step  1550/11000  loss=0.6934  acc=0.4944  lr0=4.77e-06 lr1=2.39e-04
01:08:42 INFO   e4 step  1600/11000  loss=0.6934  acc=0.4959  lr0=4.75e-06 lr1=2.37e-04
01:09:18 INFO   e4 step  1650/11000  loss=0.6934  acc=0.4963  lr0=4.72e-06 lr1=2.36e-04
01:09:54 INFO   e4 step  1700/11000  loss=0.6934  acc=0.4965  lr0=4.70e-06 lr1=2.35e-04
01:10:30 INFO   e4 step  1750/11000  loss=0.6934  acc=0.4962  lr0=4.67e-06 lr1=2.34e-04
01:11:07 INFO   e4 step  1800/11000  loss=0.6934  acc=0.4960  lr0=4.65e-06 lr1=2.32e-04
01:11:43 INFO   e4 step  1850/11000  loss=0.6934  acc=0.4960  lr0=4.62e-06 lr1=2.31e-04
01:12:19 INFO   e4 step  1900/11000  loss=0.6934  acc=0.4956  lr0=4.60e-06 lr1=2.30e-04
01:12:55 INFO   e4 step  1950/11000  loss=0.6934  acc=0.4953  lr0=4.57e-06 lr1=2.29e-04
01:13:31 INFO   e4 step  2000/11000  loss=0.6934  acc=0.4958  lr0=4.55e-06 lr1=2.27e-04
01:14:08 INFO   e4 step  2050/11000  loss=0.6934  acc=0.4959  lr0=4.52e-06 lr1=2.26e-04
01:14:44 INFO   e4 step  2100/11000  loss=0.6934  acc=0.4951  lr0=4.49e-06 lr1=2.25e-04
01:15:20 INFO   e4 step  2150/11000  loss=0.6934  acc=0.4952  lr0=4.47e-06 lr1=2.23e-04
01:15:56 INFO   e4 step  2200/11000  loss=0.6934  acc=0.4952  lr0=4.44e-06 lr1=2.22e-04
01:16:33 INFO   e4 step  2250/11000  loss=0.6934  acc=0.4948  lr0=4.42e-06 lr1=2.21e-04
01:17:09 INFO   e4 step  2300/11000  loss=0.6934  acc=0.4949  lr0=4.39e-06 lr1=2.20e-04
01:17:45 INFO   e4 step  2350/11000  loss=0.6934  acc=0.4944  lr0=4.37e-06 lr1=2.18e-04
01:18:21 INFO   e4 step  2400/11000  loss=0.6934  acc=0.4948  lr0=4.34e-06 lr1=2.17e-04
01:18:58 INFO   e4 step  2450/11000  loss=0.6934  acc=0.4947  lr0=4.32e-06 lr1=2.16e-04
01:19:34 INFO   e4 step  2500/11000  loss=0.6934  acc=0.4952  lr0=4.29e-06 lr1=2.15e-04
01:20:11 INFO   e4 step  2550/11000  loss=0.6934  acc=0.4943  lr0=4.27e-06 lr1=2.13e-04
01:20:47 INFO   e4 step  2600/11000  loss=0.6934  acc=0.4948  lr0=4.24e-06 lr1=2.12e-04
01:21:23 INFO   e4 step  2650/11000  loss=0.6934  acc=0.4942  lr0=4.22e-06 lr1=2.11e-04
01:21:59 INFO   e4 step  2700/11000  loss=0.6934  acc=0.4941  lr0=4.19e-06 lr1=2.10e-04
01:22:36 INFO   e4 step  2750/11000  loss=0.6934  acc=0.4945  lr0=4.17e-06 lr1=2.08e-04
01:23:12 INFO   e4 step  2800/11000  loss=0.6934  acc=0.4950  lr0=4.14e-06 lr1=2.07e-04
01:23:49 INFO   e4 step  2850/11000  loss=0.6934  acc=0.4946  lr0=4.12e-06 lr1=2.06e-04
01:24:25 INFO   e4 step  2900/11000  loss=0.6934  acc=0.4943  lr0=4.09e-06 lr1=2.05e-04
01:25:01 INFO   e4 step  2950/11000  loss=0.6934  acc=0.4951  lr0=4.07e-06 lr1=2.03e-04
01:25:38 INFO   e4 step  3000/11000  loss=0.6934  acc=0.4950  lr0=4.04e-06 lr1=2.02e-04
01:26:14 INFO   e4 step  3050/11000  loss=0.6934  acc=0.4943  lr0=4.02e-06 lr1=2.01e-04
01:26:50 INFO   e4 step  3100/11000  loss=0.6934  acc=0.4939  lr0=3.99e-06 lr1=1.99e-04
01:27:27 INFO   e4 step  3150/11000  loss=0.6934  acc=0.4932  lr0=3.96e-06 lr1=1.98e-04
01:28:03 INFO   e4 step  3200/11000  loss=0.6934  acc=0.4941  lr0=3.94e-06 lr1=1.97e-04
01:28:39 INFO   e4 step  3250/11000  loss=0.6934  acc=0.4938  lr0=3.91e-06 lr1=1.96e-04
01:29:15 INFO   e4 step  3300/11000  loss=0.6934  acc=0.4938  lr0=3.89e-06 lr1=1.94e-04
01:29:52 INFO   e4 step  3350/11000  loss=0.6934  acc=0.4939  lr0=3.86e-06 lr1=1.93e-04
01:30:28 INFO   e4 step  3400/11000  loss=0.6934  acc=0.4941  lr0=3.84e-06 lr1=1.92e-04
01:31:04 INFO   e4 step  3450/11000  loss=0.6933  acc=0.4948  lr0=3.81e-06 lr1=1.91e-04
01:31:40 INFO   e4 step  3500/11000  loss=0.6934  acc=0.4949  lr0=3.79e-06 lr1=1.89e-04
01:32:16 INFO   e4 step  3550/11000  loss=0.6933  acc=0.4949  lr0=3.76e-06 lr1=1.88e-04
01:32:53 INFO   e4 step  3600/11000  loss=0.6933  acc=0.4954  lr0=3.74e-06 lr1=1.87e-04
01:33:29 INFO   e4 step  3650/11000  loss=0.6933  acc=0.4949  lr0=3.71e-06 lr1=1.86e-04
01:34:05 INFO   e4 step  3700/11000  loss=0.6933  acc=0.4946  lr0=3.69e-06 lr1=1.84e-04
01:34:42 INFO   e4 step  3750/11000  loss=0.6933  acc=0.4946  lr0=3.66e-06 lr1=1.83e-04
01:35:18 INFO   e4 step  3800/11000  loss=0.6933  acc=0.4944  lr0=3.64e-06 lr1=1.82e-04
01:35:54 INFO   e4 step  3850/11000  loss=0.6933  acc=0.4938  lr0=3.61e-06 lr1=1.81e-04
01:36:31 INFO   e4 step  3900/11000  loss=0.6933  acc=0.4939  lr0=3.59e-06 lr1=1.79e-04
01:37:07 INFO   e4 step  3950/11000  loss=0.6933  acc=0.4942  lr0=3.56e-06 lr1=1.78e-04
01:37:43 INFO   e4 step  4000/11000  loss=0.6933  acc=0.4947  lr0=3.54e-06 lr1=1.77e-04
01:38:20 INFO   e4 step  4050/11000  loss=0.6933  acc=0.4945  lr0=3.51e-06 lr1=1.76e-04
01:38:56 INFO   e4 step  4100/11000  loss=0.6933  acc=0.4948  lr0=3.48e-06 lr1=1.74e-04
01:39:32 INFO   e4 step  4150/11000  loss=0.6933  acc=0.4946  lr0=3.46e-06 lr1=1.73e-04
01:40:08 INFO   e4 step  4200/11000  loss=0.6933  acc=0.4946  lr0=3.43e-06 lr1=1.72e-04
01:40:45 INFO   e4 step  4250/11000  loss=0.6933  acc=0.4946  lr0=3.41e-06 lr1=1.70e-04
01:41:21 INFO   e4 step  4300/11000  loss=0.6933  acc=0.4945  lr0=3.38e-06 lr1=1.69e-04
01:41:57 INFO   e4 step  4350/11000  loss=0.6933  acc=0.4945  lr0=3.36e-06 lr1=1.68e-04
01:42:34 INFO   e4 step  4400/11000  loss=0.6933  acc=0.4948  lr0=3.33e-06 lr1=1.67e-04
01:43:10 INFO   e4 step  4450/11000  loss=0.6933  acc=0.4949  lr0=3.31e-06 lr1=1.65e-04
01:43:46 INFO   e4 step  4500/11000  loss=0.6933  acc=0.4948  lr0=3.28e-06 lr1=1.64e-04
01:44:22 INFO   e4 step  4550/11000  loss=0.6933  acc=0.4951  lr0=3.26e-06 lr1=1.63e-04
01:44:59 INFO   e4 step  4600/11000  loss=0.6933  acc=0.4954  lr0=3.23e-06 lr1=1.62e-04
01:45:35 INFO   e4 step  4650/11000  loss=0.6933  acc=0.4958  lr0=3.21e-06 lr1=1.60e-04
01:46:11 INFO   e4 step  4700/11000  loss=0.6933  acc=0.4952  lr0=3.18e-06 lr1=1.59e-04
01:46:48 INFO   e4 step  4750/11000  loss=0.6933  acc=0.4954  lr0=3.16e-06 lr1=1.58e-04
01:47:24 INFO   e4 step  4800/11000  loss=0.6933  acc=0.4952  lr0=3.13e-06 lr1=1.57e-04
01:48:00 INFO   e4 step  4850/11000  loss=0.6933  acc=0.4953  lr0=3.11e-06 lr1=1.55e-04
01:48:36 INFO   e4 step  4900/11000  loss=0.6933  acc=0.4953  lr0=3.08e-06 lr1=1.54e-04
01:49:13 INFO   e4 step  4950/11000  loss=0.6933  acc=0.4953  lr0=3.06e-06 lr1=1.53e-04
01:49:49 INFO   e4 step  5000/11000  loss=0.6933  acc=0.4955  lr0=3.03e-06 lr1=1.52e-04
01:50:25 INFO   e4 step  5050/11000  loss=0.6933  acc=0.4951  lr0=3.01e-06 lr1=1.50e-04
01:51:02 INFO   e4 step  5100/11000  loss=0.6933  acc=0.4952  lr0=2.98e-06 lr1=1.49e-04
01:51:38 INFO   e4 step  5150/11000  loss=0.6933  acc=0.4953  lr0=2.95e-06 lr1=1.48e-04
01:52:15 INFO   e4 step  5200/11000  loss=0.6933  acc=0.4950  lr0=2.93e-06 lr1=1.46e-04
01:52:51 INFO   e4 step  5250/11000  loss=0.6933  acc=0.4953  lr0=2.90e-06 lr1=1.45e-04
01:53:27 INFO   e4 step  5300/11000  loss=0.6933  acc=0.4954  lr0=2.88e-06 lr1=1.44e-04
01:54:04 INFO   e4 step  5350/11000  loss=0.6933  acc=0.4956  lr0=2.85e-06 lr1=1.43e-04
01:54:40 INFO   e4 step  5400/11000  loss=0.6933  acc=0.4953  lr0=2.83e-06 lr1=1.41e-04
01:55:16 INFO   e4 step  5450/11000  loss=0.6933  acc=0.4953  lr0=2.80e-06 lr1=1.40e-04
01:55:53 INFO   e4 step  5500/11000  loss=0.6933  acc=0.4955  lr0=2.78e-06 lr1=1.39e-04
01:56:29 INFO   e4 step  5550/11000  loss=0.6933  acc=0.4956  lr0=2.75e-06 lr1=1.38e-04
01:57:05 INFO   e4 step  5600/11000  loss=0.6933  acc=0.4955  lr0=2.73e-06 lr1=1.36e-04
01:57:42 INFO   e4 step  5650/11000  loss=0.6933  acc=0.4952  lr0=2.70e-06 lr1=1.35e-04
01:58:18 INFO   e4 step  5700/11000  loss=0.6933  acc=0.4952  lr0=2.68e-06 lr1=1.34e-04
01:58:54 INFO   e4 step  5750/11000  loss=0.6933  acc=0.4955  lr0=2.65e-06 lr1=1.33e-04
01:59:31 INFO   e4 step  5800/11000  loss=0.6933  acc=0.4955  lr0=2.63e-06 lr1=1.31e-04
02:00:07 INFO   e4 step  5850/11000  loss=0.6933  acc=0.4956  lr0=2.60e-06 lr1=1.30e-04
02:00:43 INFO   e4 step  5900/11000  loss=0.6933  acc=0.4952  lr0=2.58e-06 lr1=1.29e-04
02:01:20 INFO   e4 step  5950/11000  loss=0.6933  acc=0.4952  lr0=2.55e-06 lr1=1.28e-04
02:01:56 INFO   e4 step  6000/11000  loss=0.6933  acc=0.4950  lr0=2.53e-06 lr1=1.26e-04
02:02:32 INFO   e4 step  6050/11000  loss=0.6933  acc=0.4952  lr0=2.50e-06 lr1=1.25e-04
02:03:09 INFO   e4 step  6100/11000  loss=0.6933  acc=0.4953  lr0=2.47e-06 lr1=1.24e-04
02:03:45 INFO   e4 step  6150/11000  loss=0.6933  acc=0.4955  lr0=2.45e-06 lr1=1.22e-04
02:04:22 INFO   e4 step  6200/11000  loss=0.6933  acc=0.4956  lr0=2.42e-06 lr1=1.21e-04
02:04:58 INFO   e4 step  6250/11000  loss=0.6933  acc=0.4955  lr0=2.40e-06 lr1=1.20e-04
02:05:34 INFO   e4 step  6300/11000  loss=0.6933  acc=0.4953  lr0=2.37e-06 lr1=1.19e-04
02:06:11 INFO   e4 step  6350/11000  loss=0.6933  acc=0.4954  lr0=2.35e-06 lr1=1.17e-04
02:06:47 INFO   e4 step  6400/11000  loss=0.6933  acc=0.4952  lr0=2.32e-06 lr1=1.16e-04
02:07:24 INFO   e4 step  6450/11000  loss=0.6933  acc=0.4953  lr0=2.30e-06 lr1=1.15e-04
02:08:00 INFO   e4 step  6500/11000  loss=0.6933  acc=0.4954  lr0=2.27e-06 lr1=1.14e-04
02:08:36 INFO   e4 step  6550/11000  loss=0.6933  acc=0.4954  lr0=2.25e-06 lr1=1.12e-04
02:09:12 INFO   e4 step  6600/11000  loss=0.6933  acc=0.4954  lr0=2.22e-06 lr1=1.11e-04
02:09:49 INFO   e4 step  6650/11000  loss=0.6933  acc=0.4957  lr0=2.20e-06 lr1=1.10e-04
02:10:25 INFO   e4 step  6700/11000  loss=0.6933  acc=0.4958  lr0=2.17e-06 lr1=1.09e-04
02:11:01 INFO   e4 step  6750/11000  loss=0.6933  acc=0.4958  lr0=2.15e-06 lr1=1.07e-04
02:11:38 INFO   e4 step  6800/11000  loss=0.6933  acc=0.4956  lr0=2.12e-06 lr1=1.06e-04
02:12:14 INFO   e4 step  6850/11000  loss=0.6933  acc=0.4952  lr0=2.10e-06 lr1=1.05e-04
02:12:50 INFO   e4 step  6900/11000  loss=0.6933  acc=0.4952  lr0=2.07e-06 lr1=1.04e-04
02:13:27 INFO   e4 step  6950/11000  loss=0.6933  acc=0.4951  lr0=2.05e-06 lr1=1.02e-04
02:14:03 INFO   e4 step  7000/11000  loss=0.6933  acc=0.4950  lr0=2.02e-06 lr1=1.01e-04
02:14:39 INFO   e4 step  7050/11000  loss=0.6933  acc=0.4951  lr0=1.99e-06 lr1=9.97e-05
02:15:16 INFO   e4 step  7100/11000  loss=0.6933  acc=0.4949  lr0=1.97e-06 lr1=9.85e-05
02:15:52 INFO   e4 step  7150/11000  loss=0.6933  acc=0.4947  lr0=1.94e-06 lr1=9.72e-05
02:16:28 INFO   e4 step  7200/11000  loss=0.6933  acc=0.4948  lr0=1.92e-06 lr1=9.60e-05
02:17:04 INFO   e4 step  7250/11000  loss=0.6933  acc=0.4950  lr0=1.89e-06 lr1=9.47e-05
02:17:41 INFO   e4 step  7300/11000  loss=0.6933  acc=0.4951  lr0=1.87e-06 lr1=9.34e-05
02:18:17 INFO   e4 step  7350/11000  loss=0.6933  acc=0.4951  lr0=1.84e-06 lr1=9.22e-05
02:18:53 INFO   e4 step  7400/11000  loss=0.6933  acc=0.4950  lr0=1.82e-06 lr1=9.09e-05
02:19:30 INFO   e4 step  7450/11000  loss=0.6933  acc=0.4951  lr0=1.79e-06 lr1=8.96e-05
02:20:06 INFO   e4 step  7500/11000  loss=0.6933  acc=0.4954  lr0=1.77e-06 lr1=8.84e-05
02:20:42 INFO   e4 step  7550/11000  loss=0.6933  acc=0.4954  lr0=1.74e-06 lr1=8.71e-05
02:21:19 INFO   e4 step  7600/11000  loss=0.6933  acc=0.4954  lr0=1.72e-06 lr1=8.59e-05
02:21:55 INFO   e4 step  7650/11000  loss=0.6933  acc=0.4953  lr0=1.69e-06 lr1=8.46e-05
02:22:31 INFO   e4 step  7700/11000  loss=0.6933  acc=0.4953  lr0=1.67e-06 lr1=8.33e-05
02:23:08 INFO   e4 step  7750/11000  loss=0.6933  acc=0.4954  lr0=1.64e-06 lr1=8.21e-05
02:23:44 INFO   e4 step  7800/11000  loss=0.6933  acc=0.4954  lr0=1.62e-06 lr1=8.08e-05
02:24:21 INFO   e4 step  7850/11000  loss=0.6933  acc=0.4954  lr0=1.59e-06 lr1=7.95e-05
02:24:57 INFO   e4 step  7900/11000  loss=0.6933  acc=0.4955  lr0=1.57e-06 lr1=7.83e-05
02:25:34 INFO   e4 step  7950/11000  loss=0.6933  acc=0.4955  lr0=1.54e-06 lr1=7.70e-05
02:26:10 INFO   e4 step  8000/11000  loss=0.6933  acc=0.4957  lr0=1.52e-06 lr1=7.58e-05
02:26:47 INFO   e4 step  8050/11000  loss=0.6933  acc=0.4957  lr0=1.49e-06 lr1=7.45e-05
02:27:23 INFO   e4 step  8100/11000  loss=0.6933  acc=0.4959  lr0=1.46e-06 lr1=7.32e-05
02:28:00 INFO   e4 step  8150/11000  loss=0.6933  acc=0.4958  lr0=1.44e-06 lr1=7.20e-05
02:28:36 INFO   e4 step  8200/11000  loss=0.6933  acc=0.4960  lr0=1.41e-06 lr1=7.07e-05
02:29:12 INFO   e4 step  8250/11000  loss=0.6933  acc=0.4961  lr0=1.39e-06 lr1=6.94e-05
02:29:49 INFO   e4 step  8300/11000  loss=0.6933  acc=0.4963  lr0=1.36e-06 lr1=6.82e-05
02:30:25 INFO   e4 step  8350/11000  loss=0.6933  acc=0.4963  lr0=1.34e-06 lr1=6.69e-05
02:31:01 INFO   e4 step  8400/11000  loss=0.6933  acc=0.4964  lr0=1.31e-06 lr1=6.57e-05
02:31:37 INFO   e4 step  8450/11000  loss=0.6933  acc=0.4965  lr0=1.29e-06 lr1=6.44e-05
02:32:13 INFO   e4 step  8500/11000  loss=0.6933  acc=0.4962  lr0=1.26e-06 lr1=6.31e-05
02:32:50 INFO   e4 step  8550/11000  loss=0.6933  acc=0.4960  lr0=1.24e-06 lr1=6.19e-05
02:33:26 INFO   e4 step  8600/11000  loss=0.6933  acc=0.4961  lr0=1.21e-06 lr1=6.06e-05
02:34:02 INFO   e4 step  8650/11000  loss=0.6933  acc=0.4963  lr0=1.19e-06 lr1=5.93e-05
02:34:38 INFO   e4 step  8700/11000  loss=0.6933  acc=0.4963  lr0=1.16e-06 lr1=5.81e-05
02:35:14 INFO   e4 step  8750/11000  loss=0.6933  acc=0.4962  lr0=1.14e-06 lr1=5.68e-05
02:35:51 INFO   e4 step  8800/11000  loss=0.6933  acc=0.4961  lr0=1.11e-06 lr1=5.56e-05
02:36:27 INFO   e4 step  8850/11000  loss=0.6933  acc=0.4962  lr0=1.09e-06 lr1=5.43e-05
02:37:04 INFO   e4 step  8900/11000  loss=0.6933  acc=0.4962  lr0=1.06e-06 lr1=5.30e-05
02:37:40 INFO   e4 step  8950/11000  loss=0.6933  acc=0.4962  lr0=1.04e-06 lr1=5.18e-05
02:38:17 INFO   e4 step  9000/11000  loss=0.6933  acc=0.4963  lr0=1.01e-06 lr1=5.05e-05
02:38:53 INFO   e4 step  9050/11000  loss=0.6933  acc=0.4961  lr0=9.85e-07 lr1=4.92e-05
02:39:29 INFO   e4 step  9100/11000  loss=0.6933  acc=0.4960  lr0=9.60e-07 lr1=4.80e-05
02:40:06 INFO   e4 step  9150/11000  loss=0.6933  acc=0.4963  lr0=9.34e-07 lr1=4.67e-05
02:40:42 INFO   e4 step  9200/11000  loss=0.6933  acc=0.4963  lr0=9.09e-07 lr1=4.55e-05
02:41:18 INFO   e4 step  9250/11000  loss=0.6933  acc=0.4963  lr0=8.84e-07 lr1=4.42e-05
02:41:55 INFO   e4 step  9300/11000  loss=0.6933  acc=0.4963  lr0=8.59e-07 lr1=4.29e-05
02:42:31 INFO   e4 step  9350/11000  loss=0.6933  acc=0.4962  lr0=8.33e-07 lr1=4.17e-05
02:43:07 INFO   e4 step  9400/11000  loss=0.6933  acc=0.4964  lr0=8.08e-07 lr1=4.04e-05
02:43:44 INFO   e4 step  9450/11000  loss=0.6933  acc=0.4965  lr0=7.83e-07 lr1=3.91e-05
02:44:20 INFO   e4 step  9500/11000  loss=0.6933  acc=0.4965  lr0=7.58e-07 lr1=3.79e-05
02:44:56 INFO   e4 step  9550/11000  loss=0.6933  acc=0.4963  lr0=7.32e-07 lr1=3.66e-05
02:45:33 INFO   e4 step  9600/11000  loss=0.6933  acc=0.4961  lr0=7.07e-07 lr1=3.54e-05
02:46:09 INFO   e4 step  9650/11000  loss=0.6933  acc=0.4963  lr0=6.82e-07 lr1=3.41e-05
02:46:45 INFO   e4 step  9700/11000  loss=0.6933  acc=0.4963  lr0=6.57e-07 lr1=3.28e-05
02:47:22 INFO   e4 step  9750/11000  loss=0.6933  acc=0.4965  lr0=6.31e-07 lr1=3.16e-05
02:47:58 INFO   e4 step  9800/11000  loss=0.6933  acc=0.4964  lr0=6.06e-07 lr1=3.03e-05
02:48:35 INFO   e4 step  9850/11000  loss=0.6933  acc=0.4964  lr0=5.81e-07 lr1=2.90e-05
02:49:11 INFO   e4 step  9900/11000  loss=0.6933  acc=0.4962  lr0=5.56e-07 lr1=2.78e-05
02:49:47 INFO   e4 step  9950/11000  loss=0.6933  acc=0.4963  lr0=5.30e-07 lr1=2.65e-05
02:50:23 INFO   e4 step 10000/11000  loss=0.6933  acc=0.4965  lr0=5.05e-07 lr1=2.53e-05
02:50:59 INFO   e4 step 10050/11000  loss=0.6933  acc=0.4966  lr0=4.80e-07 lr1=2.40e-05
02:51:36 INFO   e4 step 10100/11000  loss=0.6933  acc=0.4965  lr0=4.55e-07 lr1=2.27e-05
02:52:12 INFO   e4 step 10150/11000  loss=0.6933  acc=0.4964  lr0=4.29e-07 lr1=2.15e-05
02:52:48 INFO   e4 step 10200/11000  loss=0.6933  acc=0.4965  lr0=4.04e-07 lr1=2.02e-05
02:53:24 INFO   e4 step 10250/11000  loss=0.6933  acc=0.4965  lr0=3.79e-07 lr1=1.89e-05
02:54:01 INFO   e4 step 10300/11000  loss=0.6933  acc=0.4965  lr0=3.54e-07 lr1=1.77e-05
02:54:37 INFO   e4 step 10350/11000  loss=0.6933  acc=0.4968  lr0=3.28e-07 lr1=1.64e-05
02:55:14 INFO   e4 step 10400/11000  loss=0.6933  acc=0.4967  lr0=3.03e-07 lr1=1.52e-05
02:55:50 INFO   e4 step 10450/11000  loss=0.6933  acc=0.4968  lr0=2.78e-07 lr1=1.39e-05
02:56:27 INFO   e4 step 10500/11000  loss=0.6933  acc=0.4968  lr0=2.53e-07 lr1=1.26e-05
02:57:03 INFO   e4 step 10550/11000  loss=0.6933  acc=0.4967  lr0=2.27e-07 lr1=1.14e-05
02:57:40 INFO   e4 step 10600/11000  loss=0.6933  acc=0.4967  lr0=2.02e-07 lr1=1.01e-05
02:58:16 INFO   e4 step 10650/11000  loss=0.6933  acc=0.4965  lr0=1.77e-07 lr1=8.84e-06
02:58:52 INFO   e4 step 10700/11000  loss=0.6933  acc=0.4965  lr0=1.52e-07 lr1=7.58e-06
02:59:29 INFO   e4 step 10750/11000  loss=0.6933  acc=0.4966  lr0=1.26e-07 lr1=6.31e-06
03:00:05 INFO   e4 step 10800/11000  loss=0.6933  acc=0.4966  lr0=1.01e-07 lr1=5.05e-06
03:00:42 INFO   e4 step 10850/11000  loss=0.6933  acc=0.4967  lr0=7.58e-08 lr1=3.79e-06
03:01:18 INFO   e4 step 10900/11000  loss=0.6933  acc=0.4966  lr0=5.05e-08 lr1=2.53e-06
03:01:54 INFO   e4 step 10950/11000  loss=0.6933  acc=0.4968  lr0=2.53e-08 lr1=1.26e-06
03:02:31 INFO   e4 step 11000/11000  loss=0.6933  acc=0.4968  lr0=0.00e+00 lr1=0.00e+00
03:07:19 INFO [epoch 4] train_loss=0.6933 train_acc=0.4968  val_loss=0.6932 val_acc=0.4966 val_auc=0.5568  elapsed=8279.6s
03:07:23 INFO loading best.pt for test eval
03:12:09 INFO [test] loss=0.6934  acc=0.5034  auc=0.5000  f1=0.6697
03:12:09 INFO [test] per-tier-pair accuracy:
03:12:09 INFO         T2-T3  n= 1400  acc=0.4943
03:12:09 INFO         T3-T4  n= 1400  acc=0.5114
03:12:09 INFO         T4-T5  n= 1400  acc=0.5050
03:12:09 INFO         T5-T6  n= 1400  acc=0.5121
03:12:09 INFO         T6-T7  n= 1400  acc=0.5000
03:12:09 INFO         T7-T8  n= 1400  acc=0.4950
03:12:09 INFO         T8-T9  n= 1400  acc=0.5064
03:12:09 INFO        T9-T10  n= 1400  acc=0.5029
03:12:09 INFO [done] run_summary.json written to /mnt/localssd/baseline_sweep/runs/ajo_doc_not_tier1/deberta-v3-large
