10:22:16 INFO run_dir=/mnt/localssd/baseline_sweep/runs/ajo_doc_not_tier1/deberta-v3-large
10:22:16 INFO device=cuda:0  bf16=False  physical_gpu=0  CUDA_VISIBLE_DEVICES=0
10:22:16 INFO dataset=ajo_doc_not_tier1  model=deberta-v3-large  backbone=microsoft/deberta-v3-large
10:22:16 INFO tokenizer <- microsoft/deberta-v3-large
10:22:17 INFO split files: ['directional_train.jsonl', 'directional_val.jsonl', 'directional_test.jsonl']
10:22:17 INFO scanning max token length across all splits ...
10:23:58 INFO   observed_max=275 -> max_seq_len=291 (cap=512, scan=100.9s)
10:23:58 INFO loading datasets ...
10:23:59 INFO   schema=standard  train=88000  val=11200  test=11200
10:23:59 INFO building DirectionalClassifier  backbone=microsoft/deberta-v3-large  head=MLP(4d->512->128->1, act=gelu, norm=layer, dropout=0.1)  n_tiers=0
10:24:04 INFO   hidden_size=1024  trainable_params=870,197,249
10:24:04 INFO   total_steps=5500  warmup_steps=330  grad_accum=8  eff_batch=64
10:24:40 INFO   e1 step    50/11000  loss=0.8918  acc=0.5225  lr0=1.82e-07 lr1=1.82e-05
10:25:15 INFO   e1 step   100/11000  loss=0.8620  acc=0.5138  lr0=3.64e-07 lr1=3.64e-05
10:25:49 INFO   e1 step   150/11000  loss=0.8683  acc=0.5067  lr0=5.45e-07 lr1=5.45e-05
10:26:24 INFO   e1 step   200/11000  loss=0.8445  acc=0.5056  lr0=7.58e-07 lr1=7.58e-05
10:26:59 INFO   e1 step   250/11000  loss=0.8287  acc=0.5060  lr0=9.39e-07 lr1=9.39e-05
10:27:34 INFO   e1 step   300/11000  loss=0.8160  acc=0.5104  lr0=1.12e-06 lr1=1.12e-04
10:28:08 INFO   e1 step   350/11000  loss=0.8024  acc=0.5146  lr0=1.30e-06 lr1=1.30e-04
10:28:43 INFO   e1 step   400/11000  loss=0.7950  acc=0.5112  lr0=1.52e-06 lr1=1.52e-04
10:29:17 INFO   e1 step   450/11000  loss=0.7894  acc=0.5100  lr0=1.70e-06 lr1=1.70e-04
10:29:52 INFO   e1 step   500/11000  loss=0.7805  acc=0.5142  lr0=1.88e-06 lr1=1.88e-04
10:30:26 INFO   e1 step   550/11000  loss=0.7741  acc=0.5125  lr0=2.06e-06 lr1=2.06e-04
10:31:01 INFO   e1 step   600/11000  loss=0.7699  acc=0.5110  lr0=2.27e-06 lr1=2.27e-04
10:31:36 INFO   e1 step   650/11000  loss=0.7680  acc=0.5060  lr0=2.45e-06 lr1=2.45e-04
10:32:10 INFO   e1 step   700/11000  loss=0.7643  acc=0.5080  lr0=2.64e-06 lr1=2.64e-04
10:32:46 INFO   e1 step   750/11000  loss=0.7623  acc=0.5058  lr0=2.82e-06 lr1=2.82e-04
10:33:20 INFO   e1 step   800/11000  loss=0.7590  acc=0.5052  lr0=3.03e-06 lr1=3.03e-04
10:33:55 INFO   e1 step   850/11000  loss=0.7557  acc=0.5051  lr0=3.21e-06 lr1=3.21e-04
10:34:29 INFO   e1 step   900/11000  loss=0.7527  acc=0.5058  lr0=3.39e-06 lr1=3.39e-04
10:35:03 INFO   e1 step   950/11000  loss=0.7497  acc=0.5067  lr0=3.58e-06 lr1=3.58e-04
10:35:38 INFO   e1 step  1000/11000  loss=0.7470  acc=0.5068  lr0=3.79e-06 lr1=3.79e-04
10:36:12 INFO   e1 step  1050/11000  loss=0.7456  acc=0.5048  lr0=3.97e-06 lr1=3.97e-04
10:36:47 INFO   e1 step  1100/11000  loss=0.7442  acc=0.5044  lr0=4.15e-06 lr1=4.15e-04
10:37:22 INFO   e1 step  1150/11000  loss=0.7422  acc=0.5054  lr0=4.33e-06 lr1=4.33e-04
10:37:56 INFO   e1 step  1200/11000  loss=0.7405  acc=0.5056  lr0=4.55e-06 lr1=4.55e-04
10:38:31 INFO   e1 step  1250/11000  loss=0.7391  acc=0.5046  lr0=4.73e-06 lr1=4.73e-04
10:39:05 INFO   e1 step  1300/11000  loss=0.7373  acc=0.5062  lr0=4.91e-06 lr1=4.91e-04
10:39:40 INFO   e1 step  1350/11000  loss=0.7355  acc=0.5080  lr0=5.09e-06 lr1=5.09e-04
10:40:15 INFO   e1 step  1400/11000  loss=0.7345  acc=0.5076  lr0=5.30e-06 lr1=5.30e-04
10:40:49 INFO   e1 step  1450/11000  loss=0.7331  acc=0.5083  lr0=5.48e-06 lr1=5.48e-04
10:41:24 INFO   e1 step  1500/11000  loss=0.7323  acc=0.5078  lr0=5.67e-06 lr1=5.67e-04
10:41:58 INFO   e1 step  1550/11000  loss=0.7311  acc=0.5084  lr0=5.85e-06 lr1=5.85e-04
10:42:33 INFO   e1 step  1600/11000  loss=0.7300  acc=0.5088  lr0=6.06e-06 lr1=6.06e-04
10:43:07 INFO   e1 step  1650/11000  loss=0.7289  acc=0.5092  lr0=6.24e-06 lr1=6.24e-04
10:43:42 INFO   e1 step  1700/11000  loss=0.7278  acc=0.5099  lr0=6.42e-06 lr1=6.42e-04
10:44:17 INFO   e1 step  1750/11000  loss=0.7268  acc=0.5099  lr0=6.61e-06 lr1=6.61e-04
10:44:51 INFO   e1 step  1800/11000  loss=0.7260  acc=0.5105  lr0=6.82e-06 lr1=6.82e-04
10:45:26 INFO   e1 step  1850/11000  loss=0.7251  acc=0.5107  lr0=7.00e-06 lr1=7.00e-04
10:46:00 INFO   e1 step  1900/11000  loss=0.7243  acc=0.5107  lr0=7.18e-06 lr1=7.18e-04
10:46:35 INFO   e1 step  1950/11000  loss=0.7234  acc=0.5112  lr0=7.36e-06 lr1=7.36e-04
10:47:10 INFO   e1 step  2000/11000  loss=0.7228  acc=0.5108  lr0=7.58e-06 lr1=7.58e-04
10:47:44 INFO   e1 step  2050/11000  loss=0.7220  acc=0.5116  lr0=7.76e-06 lr1=7.76e-04
10:48:19 INFO   e1 step  2100/11000  loss=0.7214  acc=0.5120  lr0=7.94e-06 lr1=7.94e-04
10:48:53 INFO   e1 step  2150/11000  loss=0.7205  acc=0.5129  lr0=8.12e-06 lr1=8.12e-04
10:49:28 INFO   e1 step  2200/11000  loss=0.7200  acc=0.5134  lr0=8.33e-06 lr1=8.33e-04
10:50:03 INFO   e1 step  2250/11000  loss=0.7194  acc=0.5137  lr0=8.52e-06 lr1=8.52e-04
10:50:37 INFO   e1 step  2300/11000  loss=0.7187  acc=0.5140  lr0=8.70e-06 lr1=8.70e-04
10:51:12 INFO   e1 step  2350/11000  loss=0.7184  acc=0.5131  lr0=8.88e-06 lr1=8.88e-04
10:51:46 INFO   e1 step  2400/11000  loss=0.7176  acc=0.5140  lr0=9.09e-06 lr1=9.09e-04
10:52:21 INFO   e1 step  2450/11000  loss=0.7171  acc=0.5143  lr0=9.27e-06 lr1=9.27e-04
10:52:55 INFO   e1 step  2500/11000  loss=0.7166  acc=0.5150  lr0=9.45e-06 lr1=9.45e-04
10:53:30 INFO   e1 step  2550/11000  loss=0.7160  acc=0.5154  lr0=9.64e-06 lr1=9.64e-04
10:54:04 INFO   e1 step  2600/11000  loss=0.7159  acc=0.5152  lr0=9.85e-06 lr1=9.85e-04
10:54:39 INFO   e1 step  2650/11000  loss=0.7154  acc=0.5155  lr0=1.00e-05 lr1=1.00e-03
10:55:14 INFO   e1 step  2700/11000  loss=0.7149  acc=0.5155  lr0=9.99e-06 lr1=9.99e-04
10:55:48 INFO   e1 step  2750/11000  loss=0.7142  acc=0.5154  lr0=9.97e-06 lr1=9.97e-04
10:56:23 INFO   e1 step  2800/11000  loss=0.7142  acc=0.5157  lr0=9.96e-06 lr1=9.96e-04
10:56:57 INFO   e1 step  2850/11000  loss=0.7137  acc=0.5161  lr0=9.95e-06 lr1=9.95e-04
10:57:32 INFO   e1 step  2900/11000  loss=0.7131  acc=0.5164  lr0=9.94e-06 lr1=9.94e-04
10:58:07 INFO   e1 step  2950/11000  loss=0.7124  acc=0.5168  lr0=9.93e-06 lr1=9.93e-04
10:58:41 INFO   e1 step  3000/11000  loss=0.7117  acc=0.5171  lr0=9.91e-06 lr1=9.91e-04
10:59:16 INFO   e1 step  3050/11000  loss=0.7115  acc=0.5177  lr0=9.90e-06 lr1=9.90e-04
10:59:51 INFO   e1 step  3100/11000  loss=0.7107  acc=0.5186  lr0=9.89e-06 lr1=9.89e-04
11:00:25 INFO   e1 step  3150/11000  loss=0.7104  acc=0.5188  lr0=9.88e-06 lr1=9.88e-04
11:01:00 INFO   e1 step  3200/11000  loss=0.7098  acc=0.5195  lr0=9.86e-06 lr1=9.86e-04
11:01:35 INFO   e1 step  3250/11000  loss=0.7094  acc=0.5206  lr0=9.85e-06 lr1=9.85e-04
11:02:09 INFO   e1 step  3300/11000  loss=0.7087  acc=0.5220  lr0=9.84e-06 lr1=9.84e-04
11:02:43 INFO   e1 step  3350/11000  loss=0.7082  acc=0.5227  lr0=9.83e-06 lr1=9.83e-04
11:03:18 INFO   e1 step  3400/11000  loss=0.7072  acc=0.5242  lr0=9.82e-06 lr1=9.82e-04
11:03:53 INFO   e1 step  3450/11000  loss=0.7064  acc=0.5247  lr0=9.80e-06 lr1=9.80e-04
11:04:28 INFO   e1 step  3500/11000  loss=0.7057  acc=0.5255  lr0=9.79e-06 lr1=9.79e-04
11:05:02 INFO   e1 step  3550/11000  loss=0.7051  acc=0.5264  lr0=9.78e-06 lr1=9.78e-04
11:05:37 INFO   e1 step  3600/11000  loss=0.7046  acc=0.5266  lr0=9.77e-06 lr1=9.77e-04
11:06:11 INFO   e1 step  3650/11000  loss=0.7037  acc=0.5276  lr0=9.76e-06 lr1=9.76e-04
11:06:46 INFO   e1 step  3700/11000  loss=0.7031  acc=0.5289  lr0=9.74e-06 lr1=9.74e-04
11:07:20 INFO   e1 step  3750/11000  loss=0.7023  acc=0.5295  lr0=9.73e-06 lr1=9.73e-04
11:07:55 INFO   e1 step  3800/11000  loss=0.7016  acc=0.5299  lr0=9.72e-06 lr1=9.72e-04
11:08:30 INFO   e1 step  3850/11000  loss=0.7006  acc=0.5313  lr0=9.71e-06 lr1=9.71e-04
11:09:04 INFO   e1 step  3900/11000  loss=0.6999  acc=0.5321  lr0=9.70e-06 lr1=9.70e-04
11:09:39 INFO   e1 step  3950/11000  loss=0.6997  acc=0.5322  lr0=9.68e-06 lr1=9.68e-04
11:10:14 INFO   e1 step  4000/11000  loss=0.6988  acc=0.5332  lr0=9.67e-06 lr1=9.67e-04
11:10:48 INFO   e1 step  4050/11000  loss=0.6978  acc=0.5342  lr0=9.66e-06 lr1=9.66e-04
11:11:23 INFO   e1 step  4100/11000  loss=0.6972  acc=0.5347  lr0=9.65e-06 lr1=9.65e-04
11:11:58 INFO   e1 step  4150/11000  loss=0.6960  acc=0.5361  lr0=9.64e-06 lr1=9.64e-04
11:12:32 INFO   e1 step  4200/11000  loss=0.6953  acc=0.5373  lr0=9.62e-06 lr1=9.62e-04
11:13:07 INFO   e1 step  4250/11000  loss=0.6945  acc=0.5386  lr0=9.61e-06 lr1=9.61e-04
11:13:41 INFO   e1 step  4300/11000  loss=0.6939  acc=0.5394  lr0=9.60e-06 lr1=9.60e-04
11:14:16 INFO   e1 step  4350/11000  loss=0.6932  acc=0.5401  lr0=9.59e-06 lr1=9.59e-04
11:14:51 INFO   e1 step  4400/11000  loss=0.6929  acc=0.5403  lr0=9.57e-06 lr1=9.57e-04
11:15:25 INFO   e1 step  4450/11000  loss=0.6920  acc=0.5411  lr0=9.56e-06 lr1=9.56e-04
11:16:00 INFO   e1 step  4500/11000  loss=0.6911  acc=0.5426  lr0=9.55e-06 lr1=9.55e-04
11:16:34 INFO   e1 step  4550/11000  loss=0.6904  acc=0.5435  lr0=9.54e-06 lr1=9.54e-04
11:17:09 INFO   e1 step  4600/11000  loss=0.6893  acc=0.5448  lr0=9.53e-06 lr1=9.53e-04
11:17:43 INFO   e1 step  4650/11000  loss=0.6881  acc=0.5463  lr0=9.51e-06 lr1=9.51e-04
11:18:18 INFO   e1 step  4700/11000  loss=0.6875  acc=0.5472  lr0=9.50e-06 lr1=9.50e-04
11:18:53 INFO   e1 step  4750/11000  loss=0.6863  acc=0.5485  lr0=9.49e-06 lr1=9.49e-04
11:19:27 INFO   e1 step  4800/11000  loss=0.6856  acc=0.5495  lr0=9.48e-06 lr1=9.48e-04
11:20:02 INFO   e1 step  4850/11000  loss=0.6846  acc=0.5504  lr0=9.47e-06 lr1=9.47e-04
11:20:36 INFO   e1 step  4900/11000  loss=0.6839  acc=0.5514  lr0=9.45e-06 lr1=9.45e-04
11:21:11 INFO   e1 step  4950/11000  loss=0.6831  acc=0.5520  lr0=9.44e-06 lr1=9.44e-04
11:21:46 INFO   e1 step  5000/11000  loss=0.6821  acc=0.5532  lr0=9.43e-06 lr1=9.43e-04
11:22:20 INFO   e1 step  5050/11000  loss=0.6814  acc=0.5539  lr0=9.42e-06 lr1=9.42e-04
11:22:55 INFO   e1 step  5100/11000  loss=0.6807  acc=0.5547  lr0=9.41e-06 lr1=9.41e-04
11:23:29 INFO   e1 step  5150/11000  loss=0.6800  acc=0.5553  lr0=9.39e-06 lr1=9.39e-04
11:24:04 INFO   e1 step  5200/11000  loss=0.6794  acc=0.5562  lr0=9.38e-06 lr1=9.38e-04
11:24:39 INFO   e1 step  5250/11000  loss=0.6784  acc=0.5574  lr0=9.37e-06 lr1=9.37e-04
11:25:13 INFO   e1 step  5300/11000  loss=0.6775  acc=0.5586  lr0=9.36e-06 lr1=9.36e-04
11:25:48 INFO   e1 step  5350/11000  loss=0.6764  acc=0.5599  lr0=9.35e-06 lr1=9.35e-04
11:26:22 INFO   e1 step  5400/11000  loss=0.6758  acc=0.5605  lr0=9.33e-06 lr1=9.33e-04
11:26:57 INFO   e1 step  5450/11000  loss=0.6747  acc=0.5617  lr0=9.32e-06 lr1=9.32e-04
11:27:32 INFO   e1 step  5500/11000  loss=0.6736  acc=0.5629  lr0=9.31e-06 lr1=9.31e-04
11:28:06 INFO   e1 step  5550/11000  loss=0.6724  acc=0.5642  lr0=9.30e-06 lr1=9.30e-04
11:28:40 INFO   e1 step  5600/11000  loss=0.6717  acc=0.5651  lr0=9.28e-06 lr1=9.28e-04
11:29:15 INFO   e1 step  5650/11000  loss=0.6708  acc=0.5660  lr0=9.27e-06 lr1=9.27e-04
11:29:50 INFO   e1 step  5700/11000  loss=0.6696  acc=0.5673  lr0=9.26e-06 lr1=9.26e-04
11:30:24 INFO   e1 step  5750/11000  loss=0.6682  acc=0.5686  lr0=9.25e-06 lr1=9.25e-04
11:30:58 INFO   e1 step  5800/11000  loss=0.6668  acc=0.5700  lr0=9.24e-06 lr1=9.24e-04
11:31:33 INFO   e1 step  5850/11000  loss=0.6654  acc=0.5713  lr0=9.22e-06 lr1=9.22e-04
11:32:08 INFO   e1 step  5900/11000  loss=0.6641  acc=0.5727  lr0=9.21e-06 lr1=9.21e-04
11:32:42 INFO   e1 step  5950/11000  loss=0.6633  acc=0.5737  lr0=9.20e-06 lr1=9.20e-04
11:33:17 INFO   e1 step  6000/11000  loss=0.6622  acc=0.5746  lr0=9.19e-06 lr1=9.19e-04
11:33:51 INFO   e1 step  6050/11000  loss=0.6612  acc=0.5760  lr0=9.18e-06 lr1=9.18e-04
11:34:26 INFO   e1 step  6100/11000  loss=0.6598  acc=0.5770  lr0=9.16e-06 lr1=9.16e-04
11:35:01 INFO   e1 step  6150/11000  loss=0.6587  acc=0.5782  lr0=9.15e-06 lr1=9.15e-04
11:35:36 INFO   e1 step  6200/11000  loss=0.6579  acc=0.5789  lr0=9.14e-06 lr1=9.14e-04
11:36:10 INFO   e1 step  6250/11000  loss=0.6566  acc=0.5804  lr0=9.13e-06 lr1=9.13e-04
11:36:45 INFO   e1 step  6300/11000  loss=0.6551  acc=0.5818  lr0=9.12e-06 lr1=9.12e-04
11:37:19 INFO   e1 step  6350/11000  loss=0.6539  acc=0.5831  lr0=9.10e-06 lr1=9.10e-04
11:37:54 INFO   e1 step  6400/11000  loss=0.6526  acc=0.5845  lr0=9.09e-06 lr1=9.09e-04
11:38:28 INFO   e1 step  6450/11000  loss=0.6519  acc=0.5857  lr0=9.08e-06 lr1=9.08e-04
11:39:03 INFO   e1 step  6500/11000  loss=0.6507  acc=0.5871  lr0=9.07e-06 lr1=9.07e-04
11:39:38 INFO   e1 step  6550/11000  loss=0.6496  acc=0.5883  lr0=9.06e-06 lr1=9.06e-04
11:40:12 INFO   e1 step  6600/11000  loss=0.6486  acc=0.5896  lr0=9.04e-06 lr1=9.04e-04
11:40:46 INFO   e1 step  6650/11000  loss=0.6472  acc=0.5910  lr0=9.03e-06 lr1=9.03e-04
11:41:21 INFO   e1 step  6700/11000  loss=0.6459  acc=0.5921  lr0=9.02e-06 lr1=9.02e-04
11:41:56 INFO   e1 step  6750/11000  loss=0.6448  acc=0.5934  lr0=9.01e-06 lr1=9.01e-04
11:42:30 INFO   e1 step  6800/11000  loss=0.6438  acc=0.5944  lr0=8.99e-06 lr1=8.99e-04
11:43:05 INFO   e1 step  6850/11000  loss=0.6426  acc=0.5956  lr0=8.98e-06 lr1=8.98e-04
11:43:39 INFO   e1 step  6900/11000  loss=0.6413  acc=0.5971  lr0=8.97e-06 lr1=8.97e-04
11:44:14 INFO   e1 step  6950/11000  loss=0.6400  acc=0.5983  lr0=8.96e-06 lr1=8.96e-04
11:44:49 INFO   e1 step  7000/11000  loss=0.6384  acc=0.5998  lr0=8.95e-06 lr1=8.95e-04
11:45:23 INFO   e1 step  7050/11000  loss=0.6369  acc=0.6013  lr0=8.93e-06 lr1=8.93e-04
11:45:57 INFO   e1 step  7100/11000  loss=0.6352  acc=0.6028  lr0=8.92e-06 lr1=8.92e-04
11:46:32 INFO   e1 step  7150/11000  loss=0.6338  acc=0.6042  lr0=8.91e-06 lr1=8.91e-04
11:47:06 INFO   e1 step  7200/11000  loss=0.6323  acc=0.6055  lr0=8.90e-06 lr1=8.90e-04
11:47:41 INFO   e1 step  7250/11000  loss=0.6305  acc=0.6073  lr0=8.89e-06 lr1=8.89e-04
11:48:15 INFO   e1 step  7300/11000  loss=0.6295  acc=0.6085  lr0=8.87e-06 lr1=8.87e-04
11:48:50 INFO   e1 step  7350/11000  loss=0.6281  acc=0.6099  lr0=8.86e-06 lr1=8.86e-04
11:49:24 INFO   e1 step  7400/11000  loss=0.6263  acc=0.6116  lr0=8.85e-06 lr1=8.85e-04
11:49:59 INFO   e1 step  7450/11000  loss=0.6249  acc=0.6129  lr0=8.84e-06 lr1=8.84e-04
11:50:34 INFO   e1 step  7500/11000  loss=0.6238  acc=0.6142  lr0=8.83e-06 lr1=8.83e-04
11:51:08 INFO   e1 step  7550/11000  loss=0.6223  acc=0.6155  lr0=8.81e-06 lr1=8.81e-04
11:51:43 INFO   e1 step  7600/11000  loss=0.6212  acc=0.6167  lr0=8.80e-06 lr1=8.80e-04
11:52:17 INFO   e1 step  7650/11000  loss=0.6197  acc=0.6181  lr0=8.79e-06 lr1=8.79e-04
11:52:52 INFO   e1 step  7700/11000  loss=0.6181  acc=0.6196  lr0=8.78e-06 lr1=8.78e-04
11:53:26 INFO   e1 step  7750/11000  loss=0.6169  acc=0.6208  lr0=8.77e-06 lr1=8.77e-04
11:54:01 INFO   e1 step  7800/11000  loss=0.6154  acc=0.6222  lr0=8.75e-06 lr1=8.75e-04
11:54:36 INFO   e1 step  7850/11000  loss=0.6138  acc=0.6236  lr0=8.74e-06 lr1=8.74e-04
11:55:10 INFO   e1 step  7900/11000  loss=0.6123  acc=0.6249  lr0=8.73e-06 lr1=8.73e-04
11:55:45 INFO   e1 step  7950/11000  loss=0.6109  acc=0.6263  lr0=8.72e-06 lr1=8.72e-04
11:56:20 INFO   e1 step  8000/11000  loss=0.6095  acc=0.6276  lr0=8.70e-06 lr1=8.70e-04
11:56:54 INFO   e1 step  8050/11000  loss=0.6078  acc=0.6291  lr0=8.69e-06 lr1=8.69e-04
11:57:29 INFO   e1 step  8100/11000  loss=0.6059  acc=0.6305  lr0=8.68e-06 lr1=8.68e-04
11:58:03 INFO   e1 step  8150/11000  loss=0.6045  acc=0.6318  lr0=8.67e-06 lr1=8.67e-04
11:58:37 INFO   e1 step  8200/11000  loss=0.6031  acc=0.6331  lr0=8.66e-06 lr1=8.66e-04
11:59:12 INFO   e1 step  8250/11000  loss=0.6014  acc=0.6346  lr0=8.64e-06 lr1=8.64e-04
11:59:46 INFO   e1 step  8300/11000  loss=0.5998  acc=0.6359  lr0=8.63e-06 lr1=8.63e-04
12:00:21 INFO   e1 step  8350/11000  loss=0.5982  acc=0.6373  lr0=8.62e-06 lr1=8.62e-04
12:00:56 INFO   e1 step  8400/11000  loss=0.5967  acc=0.6385  lr0=8.61e-06 lr1=8.61e-04
12:01:30 INFO   e1 step  8450/11000  loss=0.5950  acc=0.6399  lr0=8.60e-06 lr1=8.60e-04
12:02:05 INFO   e1 step  8500/11000  loss=0.5933  acc=0.6412  lr0=8.58e-06 lr1=8.58e-04
12:02:40 INFO   e1 step  8550/11000  loss=0.5915  acc=0.6427  lr0=8.57e-06 lr1=8.57e-04
12:03:15 INFO   e1 step  8600/11000  loss=0.5899  acc=0.6440  lr0=8.56e-06 lr1=8.56e-04
12:03:49 INFO   e1 step  8650/11000  loss=0.5883  acc=0.6453  lr0=8.55e-06 lr1=8.55e-04
12:04:24 INFO   e1 step  8700/11000  loss=0.5864  acc=0.6468  lr0=8.54e-06 lr1=8.54e-04
12:04:58 INFO   e1 step  8750/11000  loss=0.5844  acc=0.6483  lr0=8.52e-06 lr1=8.52e-04
12:05:33 INFO   e1 step  8800/11000  loss=0.5827  acc=0.6496  lr0=8.51e-06 lr1=8.51e-04
12:06:07 INFO   e1 step  8850/11000  loss=0.5810  acc=0.6509  lr0=8.50e-06 lr1=8.50e-04
12:06:42 INFO   e1 step  8900/11000  loss=0.5799  acc=0.6520  lr0=8.49e-06 lr1=8.49e-04
12:07:16 INFO   e1 step  8950/11000  loss=0.5781  acc=0.6534  lr0=8.48e-06 lr1=8.48e-04
12:07:51 INFO   e1 step  9000/11000  loss=0.5762  acc=0.6548  lr0=8.46e-06 lr1=8.46e-04
12:08:26 INFO   e1 step  9050/11000  loss=0.5743  acc=0.6563  lr0=8.45e-06 lr1=8.45e-04
12:09:00 INFO   e1 step  9100/11000  loss=0.5727  acc=0.6576  lr0=8.44e-06 lr1=8.44e-04
12:09:35 INFO   e1 step  9150/11000  loss=0.5711  acc=0.6589  lr0=8.43e-06 lr1=8.43e-04
12:10:10 INFO   e1 step  9200/11000  loss=0.5697  acc=0.6601  lr0=8.41e-06 lr1=8.41e-04
12:10:44 INFO   e1 step  9250/11000  loss=0.5680  acc=0.6613  lr0=8.40e-06 lr1=8.40e-04
12:11:19 INFO   e1 step  9300/11000  loss=0.5664  acc=0.6626  lr0=8.39e-06 lr1=8.39e-04
12:11:53 INFO   e1 step  9350/11000  loss=0.5646  acc=0.6639  lr0=8.38e-06 lr1=8.38e-04
12:12:28 INFO   e1 step  9400/11000  loss=0.5630  acc=0.6652  lr0=8.37e-06 lr1=8.37e-04
12:13:02 INFO   e1 step  9450/11000  loss=0.5614  acc=0.6664  lr0=8.35e-06 lr1=8.35e-04
12:13:37 INFO   e1 step  9500/11000  loss=0.5595  acc=0.6677  lr0=8.34e-06 lr1=8.34e-04
12:14:11 INFO   e1 step  9550/11000  loss=0.5581  acc=0.6688  lr0=8.33e-06 lr1=8.33e-04
12:14:46 INFO   e1 step  9600/11000  loss=0.5564  acc=0.6701  lr0=8.32e-06 lr1=8.32e-04
12:15:20 INFO   e1 step  9650/11000  loss=0.5550  acc=0.6713  lr0=8.31e-06 lr1=8.31e-04
12:15:55 INFO   e1 step  9700/11000  loss=0.5534  acc=0.6724  lr0=8.29e-06 lr1=8.29e-04
12:16:30 INFO   e1 step  9750/11000  loss=0.5518  acc=0.6737  lr0=8.28e-06 lr1=8.28e-04
12:17:04 INFO   e1 step  9800/11000  loss=0.5503  acc=0.6748  lr0=8.27e-06 lr1=8.27e-04
12:17:39 INFO   e1 step  9850/11000  loss=0.5485  acc=0.6761  lr0=8.26e-06 lr1=8.26e-04
12:18:13 INFO   e1 step  9900/11000  loss=0.5471  acc=0.6772  lr0=8.25e-06 lr1=8.25e-04
12:18:48 INFO   e1 step  9950/11000  loss=0.5458  acc=0.6782  lr0=8.23e-06 lr1=8.23e-04
12:19:22 INFO   e1 step 10000/11000  loss=0.5445  acc=0.6792  lr0=8.22e-06 lr1=8.22e-04
12:19:57 INFO   e1 step 10050/11000  loss=0.5432  acc=0.6802  lr0=8.21e-06 lr1=8.21e-04
12:20:31 INFO   e1 step 10100/11000  loss=0.5415  acc=0.6814  lr0=8.20e-06 lr1=8.20e-04
12:21:06 INFO   e1 step 10150/11000  loss=0.5403  acc=0.6824  lr0=8.19e-06 lr1=8.19e-04
12:21:40 INFO   e1 step 10200/11000  loss=0.5388  acc=0.6835  lr0=8.17e-06 lr1=8.17e-04
12:22:15 INFO   e1 step 10250/11000  loss=0.5371  acc=0.6847  lr0=8.16e-06 lr1=8.16e-04
12:22:49 INFO   e1 step 10300/11000  loss=0.5356  acc=0.6858  lr0=8.15e-06 lr1=8.15e-04
12:23:24 INFO   e1 step 10350/11000  loss=0.5340  acc=0.6870  lr0=8.14e-06 lr1=8.14e-04
12:23:58 INFO   e1 step 10400/11000  loss=0.5325  acc=0.6881  lr0=8.12e-06 lr1=8.12e-04
12:24:33 INFO   e1 step 10450/11000  loss=0.5308  acc=0.6893  lr0=8.11e-06 lr1=8.11e-04
12:25:07 INFO   e1 step 10500/11000  loss=0.5292  acc=0.6904  lr0=8.10e-06 lr1=8.10e-04
12:25:42 INFO   e1 step 10550/11000  loss=0.5275  acc=0.6916  lr0=8.09e-06 lr1=8.09e-04
12:26:16 INFO   e1 step 10600/11000  loss=0.5257  acc=0.6927  lr0=8.08e-06 lr1=8.08e-04
12:26:51 INFO   e1 step 10650/11000  loss=0.5243  acc=0.6938  lr0=8.06e-06 lr1=8.06e-04
12:27:25 INFO   e1 step 10700/11000  loss=0.5229  acc=0.6948  lr0=8.05e-06 lr1=8.05e-04
12:28:00 INFO   e1 step 10750/11000  loss=0.5216  acc=0.6958  lr0=8.04e-06 lr1=8.04e-04
12:28:34 INFO   e1 step 10800/11000  loss=0.5200  acc=0.6969  lr0=8.03e-06 lr1=8.03e-04
12:29:09 INFO   e1 step 10850/11000  loss=0.5183  acc=0.6980  lr0=8.02e-06 lr1=8.02e-04
12:29:43 INFO   e1 step 10900/11000  loss=0.5167  acc=0.6991  lr0=8.00e-06 lr1=8.00e-04
12:30:18 INFO   e1 step 10950/11000  loss=0.5154  acc=0.7001  lr0=7.99e-06 lr1=7.99e-04
12:30:52 INFO   e1 step 11000/11000  loss=0.5139  acc=0.7012  lr0=7.98e-06 lr1=7.98e-04
12:35:42 INFO [epoch 1] train_loss=0.5139 train_acc=0.7012  val_loss=0.2628 val_acc=0.8960 val_auc=0.9648  elapsed=7897.2s
12:35:46 INFO   saved best.pt  val_acc=0.8960
12:36:21 INFO   e2 step    50/11000  loss=0.1853  acc=0.9325  lr0=7.97e-06 lr1=7.97e-04
12:36:55 INFO   e2 step   100/11000  loss=0.2191  acc=0.9163  lr0=7.96e-06 lr1=7.96e-04
12:37:30 INFO   e2 step   150/11000  loss=0.2358  acc=0.9025  lr0=7.94e-06 lr1=7.94e-04
12:38:04 INFO   e2 step   200/11000  loss=0.2365  acc=0.9012  lr0=7.93e-06 lr1=7.93e-04
12:38:39 INFO   e2 step   250/11000  loss=0.2242  acc=0.9065  lr0=7.92e-06 lr1=7.92e-04
12:39:14 INFO   e2 step   300/11000  loss=0.2152  acc=0.9096  lr0=7.91e-06 lr1=7.91e-04
12:39:48 INFO   e2 step   350/11000  loss=0.2123  acc=0.9114  lr0=7.90e-06 lr1=7.90e-04
12:40:23 INFO   e2 step   400/11000  loss=0.2053  acc=0.9134  lr0=7.88e-06 lr1=7.88e-04
12:40:57 INFO   e2 step   450/11000  loss=0.2020  acc=0.9147  lr0=7.87e-06 lr1=7.87e-04
12:41:32 INFO   e2 step   500/11000  loss=0.1995  acc=0.9163  lr0=7.86e-06 lr1=7.86e-04
12:42:06 INFO   e2 step   550/11000  loss=0.2001  acc=0.9180  lr0=7.85e-06 lr1=7.85e-04
12:42:41 INFO   e2 step   600/11000  loss=0.1953  acc=0.9200  lr0=7.83e-06 lr1=7.83e-04
12:43:15 INFO   e2 step   650/11000  loss=0.1922  acc=0.9217  lr0=7.82e-06 lr1=7.82e-04
12:43:50 INFO   e2 step   700/11000  loss=0.1876  acc=0.9236  lr0=7.81e-06 lr1=7.81e-04
12:44:24 INFO   e2 step   750/11000  loss=0.1863  acc=0.9250  lr0=7.80e-06 lr1=7.80e-04
12:44:59 INFO   e2 step   800/11000  loss=0.1866  acc=0.9253  lr0=7.79e-06 lr1=7.79e-04
12:45:33 INFO   e2 step   850/11000  loss=0.1863  acc=0.9256  lr0=7.77e-06 lr1=7.77e-04
12:46:08 INFO   e2 step   900/11000  loss=0.1852  acc=0.9256  lr0=7.76e-06 lr1=7.76e-04
12:46:42 INFO   e2 step   950/11000  loss=0.1826  acc=0.9268  lr0=7.75e-06 lr1=7.75e-04
12:47:17 INFO   e2 step  1000/11000  loss=0.1785  acc=0.9286  lr0=7.74e-06 lr1=7.74e-04
12:47:51 INFO   e2 step  1050/11000  loss=0.1779  acc=0.9288  lr0=7.73e-06 lr1=7.73e-04
12:48:26 INFO   e2 step  1100/11000  loss=0.1756  acc=0.9301  lr0=7.71e-06 lr1=7.71e-04
12:49:00 INFO   e2 step  1150/11000  loss=0.1781  acc=0.9298  lr0=7.70e-06 lr1=7.70e-04
12:49:35 INFO   e2 step  1200/11000  loss=0.1783  acc=0.9299  lr0=7.69e-06 lr1=7.69e-04
12:50:09 INFO   e2 step  1250/11000  loss=0.1759  acc=0.9313  lr0=7.68e-06 lr1=7.68e-04
12:50:44 INFO   e2 step  1300/11000  loss=0.1747  acc=0.9320  lr0=7.67e-06 lr1=7.67e-04
12:51:18 INFO   e2 step  1350/11000  loss=0.1733  acc=0.9324  lr0=7.65e-06 lr1=7.65e-04
12:51:53 INFO   e2 step  1400/11000  loss=0.1754  acc=0.9322  lr0=7.64e-06 lr1=7.64e-04
12:52:28 INFO   e2 step  1450/11000  loss=0.1742  acc=0.9330  lr0=7.63e-06 lr1=7.63e-04
12:53:02 INFO   e2 step  1500/11000  loss=0.1750  acc=0.9327  lr0=7.62e-06 lr1=7.62e-04
12:53:37 INFO   e2 step  1550/11000  loss=0.1749  acc=0.9330  lr0=7.61e-06 lr1=7.61e-04
12:54:11 INFO   e2 step  1600/11000  loss=0.1739  acc=0.9332  lr0=7.59e-06 lr1=7.59e-04
12:54:46 INFO   e2 step  1650/11000  loss=0.1726  acc=0.9340  lr0=7.58e-06 lr1=7.58e-04
12:55:20 INFO   e2 step  1700/11000  loss=0.1703  acc=0.9349  lr0=7.57e-06 lr1=7.57e-04
