### PASS 1 (18 runs) ###
  clearing bi/ajo_newstyle/deberta-v3-large (test_acc=0.500191) -> collapsed_bak/
  clearing bi/ajo_newstyle/e5-large-v2 (test_acc=0.531956) -> collapsed_bak/
  clearing bi/new_aep_wf_scrap/deberta-v3-large (test_acc=0.5) -> collapsed_bak/
  clearing bi/new_ajo_workflows/deberta-v3-large (test_acc=0.5) -> collapsed_bak/
  clearing bi/new_ajo_workflows/e5-large-v2 (test_acc=0.543196) -> collapsed_bak/
  clearing ce/aep_causal_cls34/e5-large-v2 (test_acc=0.488841) -> collapsed_bak/
  clearing ce/aep_causal_wf_v3/e5-large-v2 (test_acc=0.465409) -> collapsed_bak/
  clearing ce/aep_dataset/e5-large-v2 (test_acc=0.510638) -> collapsed_bak/
  clearing ce/ajo_doc_not_tier1/bge-large-en-v1.5 (test_acc=0.496607) -> collapsed_bak/
  clearing ce/ajo_doc_not_tier1/e5-large-v2 (test_acc=0.496607) -> collapsed_bak/
  clearing ce/ajo_newstyle/bge-large-en-v1.5 (test_acc=0.500191) -> collapsed_bak/
  clearing ce/ajo_newstyle/deberta-v3-large (test_acc=0.500191) -> collapsed_bak/
  clearing ce/ajo_newstyle/e5-large-v2 (test_acc=0.500191) -> collapsed_bak/
  clearing ce/new_aep_wf_scrap/bge-large-en-v1.5 (test_acc=0.5) -> collapsed_bak/
  clearing ce/new_aep_wf_scrap/deberta-v3-large (test_acc=0.5) -> collapsed_bak/
  clearing ce/new_aep_wf_scrap/e5-large-v2 (test_acc=0.540698) -> collapsed_bak/
  clearing ce/new_ajo_workflows/deberta-v3-large (test_acc=0.5) -> collapsed_bak/
  clearing ce/new_ajo_workflows/e5-large-v2 (test_acc=0.5) -> collapsed_bak/
== [1/2] bi-encoder sweep (retrains only cleared runs, then OOD + aggregate) ==
2026-07-01 06:25:01 === PHASE 0: Pre-downloading 6 backbones (serial) ===
2026-07-01 06:25:01   fetch microsoft/deberta-v3-large
2026-07-01 06:25:09   fetch sentence-transformers/all-mpnet-base-v2
2026-07-01 06:25:16   fetch sentence-transformers/all-MiniLM-L6-v2
2026-07-01 06:25:22   fetch intfloat/e5-large-v2
2026-07-01 06:25:29   fetch BAAI/bge-base-en-v1.5
2026-07-01 06:25:35   fetch BAAI/bge-large-en-v1.5
2026-07-01 06:25:41 === PHASE 0 complete ===
2026-07-01 06:25:41 === PHASE 1: Training (7 datasets × 6 models = 42 runs) ===
2026-07-01 06:25:41 SKIP (already done): aep_causal_cls34/deberta-v3-large
2026-07-01 06:25:41 SKIP (already done): aep_causal_cls34/all-mpnet-base-v2
2026-07-01 06:25:41 SKIP (already done): aep_causal_cls34/all-MiniLM-L6-v2
2026-07-01 06:25:41 SKIP (already done): aep_causal_cls34/e5-large-v2
2026-07-01 06:25:41 SKIP (already done): aep_causal_cls34/bge-base-en-v1.5
2026-07-01 06:25:41 SKIP (already done): aep_causal_cls34/bge-large-en-v1.5
2026-07-01 06:25:41 SKIP (already done): aep_dataset/deberta-v3-large
2026-07-01 06:25:41 SKIP (already done): aep_dataset/all-mpnet-base-v2
2026-07-01 06:25:41 SKIP (already done): aep_dataset/all-MiniLM-L6-v2
2026-07-01 06:25:41 SKIP (already done): aep_dataset/e5-large-v2
2026-07-01 06:25:41 SKIP (already done): aep_dataset/bge-base-en-v1.5
2026-07-01 06:25:41 SKIP (already done): aep_dataset/bge-large-en-v1.5
2026-07-01 06:25:41 SKIP (already done): aep_causal_wf_v3/deberta-v3-large
2026-07-01 06:25:41 SKIP (already done): aep_causal_wf_v3/all-mpnet-base-v2
2026-07-01 06:25:41 SKIP (already done): aep_causal_wf_v3/all-MiniLM-L6-v2
2026-07-01 06:25:41 SKIP (already done): aep_causal_wf_v3/e5-large-v2
2026-07-01 06:25:41 SKIP (already done): aep_causal_wf_v3/bge-base-en-v1.5
2026-07-01 06:25:41 SKIP (already done): aep_causal_wf_v3/bge-large-en-v1.5
2026-07-01 06:25:41 SKIP (already done): ajo_doc_not_tier1/deberta-v3-large
2026-07-01 06:25:41 SKIP (already done): ajo_doc_not_tier1/all-mpnet-base-v2
2026-07-01 06:25:41 SKIP (already done): ajo_doc_not_tier1/all-MiniLM-L6-v2
2026-07-01 06:25:41 SKIP (already done): ajo_doc_not_tier1/e5-large-v2
2026-07-01 06:25:41 SKIP (already done): ajo_doc_not_tier1/bge-base-en-v1.5
2026-07-01 06:25:41 SKIP (already done): ajo_doc_not_tier1/bge-large-en-v1.5
2026-07-01 06:25:41 START GPU0: ajo_newstyle/deberta-v3-large  batch=8
2026-07-01 06:25:41 SKIP (already done): ajo_newstyle/all-mpnet-base-v2
2026-07-01 06:25:41 SKIP (already done): ajo_newstyle/all-MiniLM-L6-v2
2026-07-01 06:25:41 START GPU1: ajo_newstyle/e5-large-v2  batch=16
2026-07-01 06:25:41 SKIP (already done): ajo_newstyle/bge-base-en-v1.5
2026-07-01 06:25:41 SKIP (already done): ajo_newstyle/bge-large-en-v1.5
2026-07-01 06:25:41 START GPU2: new_aep_wf_scrap/deberta-v3-large  batch=8
2026-07-01 06:25:41 SKIP (already done): new_aep_wf_scrap/all-mpnet-base-v2
2026-07-01 06:25:41 SKIP (already done): new_aep_wf_scrap/all-MiniLM-L6-v2
2026-07-01 06:25:41 SKIP (already done): new_aep_wf_scrap/e5-large-v2
2026-07-01 06:25:41 SKIP (already done): new_aep_wf_scrap/bge-base-en-v1.5
2026-07-01 06:25:41 SKIP (already done): new_aep_wf_scrap/bge-large-en-v1.5
2026-07-01 06:25:41 START GPU3: new_ajo_workflows/deberta-v3-large  batch=8
2026-07-01 06:25:41 SKIP (already done): new_ajo_workflows/all-mpnet-base-v2
2026-07-01 06:25:41 SKIP (already done): new_ajo_workflows/all-MiniLM-L6-v2
2026-07-01 06:55:42 START GPU1: new_ajo_workflows/e5-large-v2  batch=16
2026-07-01 06:55:42 SKIP (already done): new_ajo_workflows/bge-base-en-v1.5
2026-07-01 06:55:42 SKIP (already done): new_ajo_workflows/bge-large-en-v1.5
2026-07-01 06:55:42 All jobs submitted — waiting for completion ...
2026-07-01 10:10:23 === PHASE 1 complete ===
2026-07-01 10:10:23 === PHASE 2: OOD evaluation (max 4 concurrent, 1 per GPU) ===
2026-07-01 10:10:23 SKIP OOD (already done): aep_causal_cls34/deberta-v3-large
2026-07-01 10:10:23 SKIP OOD (already done): aep_causal_cls34/all-mpnet-base-v2
2026-07-01 10:10:23 SKIP OOD (already done): aep_causal_cls34/all-MiniLM-L6-v2
2026-07-01 10:10:23 SKIP OOD (already done): aep_causal_cls34/e5-large-v2
2026-07-01 10:10:23 SKIP OOD (already done): aep_causal_cls34/bge-base-en-v1.5
2026-07-01 10:10:23 SKIP OOD (already done): aep_causal_cls34/bge-large-en-v1.5
2026-07-01 10:10:23 SKIP OOD (already done): aep_dataset/deberta-v3-large
2026-07-01 10:10:23 SKIP OOD (already done): aep_dataset/all-mpnet-base-v2
2026-07-01 10:10:23 SKIP OOD (already done): aep_dataset/all-MiniLM-L6-v2
2026-07-01 10:10:23 SKIP OOD (already done): aep_dataset/e5-large-v2
2026-07-01 10:10:23 SKIP OOD (already done): aep_dataset/bge-base-en-v1.5
2026-07-01 10:10:23 SKIP OOD (already done): aep_dataset/bge-large-en-v1.5
2026-07-01 10:10:23 SKIP OOD (already done): aep_causal_wf_v3/deberta-v3-large
2026-07-01 10:10:23 SKIP OOD (already done): aep_causal_wf_v3/all-mpnet-base-v2
2026-07-01 10:10:23 SKIP OOD (already done): aep_causal_wf_v3/all-MiniLM-L6-v2
2026-07-01 10:10:23 SKIP OOD (already done): aep_causal_wf_v3/e5-large-v2
2026-07-01 10:10:23 SKIP OOD (already done): aep_causal_wf_v3/bge-base-en-v1.5
2026-07-01 10:10:23 SKIP OOD (already done): aep_causal_wf_v3/bge-large-en-v1.5
2026-07-01 10:10:23 SKIP OOD (already done): ajo_doc_not_tier1/deberta-v3-large
2026-07-01 10:10:23 SKIP OOD (already done): ajo_doc_not_tier1/all-mpnet-base-v2
2026-07-01 10:10:23 SKIP OOD (already done): ajo_doc_not_tier1/all-MiniLM-L6-v2
2026-07-01 10:10:23 SKIP OOD (already done): ajo_doc_not_tier1/e5-large-v2
2026-07-01 10:10:23 SKIP OOD (already done): ajo_doc_not_tier1/bge-base-en-v1.5
2026-07-01 10:10:23 SKIP OOD (already done): ajo_doc_not_tier1/bge-large-en-v1.5
2026-07-01 10:10:23 OOD eval GPU0: ajo_newstyle/deberta-v3-large
2026-07-01 10:10:23 SKIP OOD (already done): ajo_newstyle/all-mpnet-base-v2
2026-07-01 10:10:23 SKIP OOD (already done): ajo_newstyle/all-MiniLM-L6-v2
2026-07-01 10:10:23 OOD eval GPU1: ajo_newstyle/e5-large-v2
2026-07-01 10:10:23 SKIP OOD (already done): ajo_newstyle/bge-base-en-v1.5
2026-07-01 10:10:23 SKIP OOD (already done): ajo_newstyle/bge-large-en-v1.5
2026-07-01 10:10:23 OOD eval GPU2: new_aep_wf_scrap/deberta-v3-large
2026-07-01 10:10:23 SKIP OOD (already done): new_aep_wf_scrap/all-mpnet-base-v2
2026-07-01 10:10:23 SKIP OOD (already done): new_aep_wf_scrap/all-MiniLM-L6-v2
2026-07-01 10:10:23 SKIP OOD (already done): new_aep_wf_scrap/e5-large-v2
2026-07-01 10:10:23 SKIP OOD (already done): new_aep_wf_scrap/bge-base-en-v1.5
2026-07-01 10:10:23 SKIP OOD (already done): new_aep_wf_scrap/bge-large-en-v1.5
2026-07-01 10:10:23 OOD eval GPU3: new_ajo_workflows/deberta-v3-large
2026-07-01 10:10:23 SKIP OOD (already done): new_ajo_workflows/all-mpnet-base-v2
2026-07-01 10:10:23 SKIP OOD (already done): new_ajo_workflows/all-MiniLM-L6-v2
2026-07-01 10:10:53 OOD eval GPU0: new_ajo_workflows/e5-large-v2
2026-07-01 10:10:53 SKIP OOD (already done): new_ajo_workflows/bge-base-en-v1.5
2026-07-01 10:10:53 SKIP OOD (already done): new_ajo_workflows/bge-large-en-v1.5
2026-07-01 10:10:53 All OOD evals submitted — waiting for completion ...
2026-07-01 10:11:05 === PHASE 2 complete ===
2026-07-01 10:11:05 === PHASE 3: Aggregating results ===
Wrote /mnt/localssd/baseline_sweep/results/final_results.json

Dataset                Model                  test_acc test_auc test_f1 milan_pairw ajo_perfect
-----------------------------------------------------------------------------------------------
aep_causal_cls34       deberta-v3-large         0.6193   0.6677  0.5935      0.5333      0.1667
aep_causal_cls34       all-mpnet-base-v2        0.8877   0.9460  0.8795      0.5333      0.2667
aep_causal_cls34       all-MiniLM-L6-v2         0.8744   0.9197  0.8722      0.3000      0.1333
aep_causal_cls34       e5-large-v2              0.8728   0.9101  0.8671      0.4333      0.1667
aep_causal_cls34       bge-base-en-v1.5         0.8609   0.9064  0.8565      0.3000      0.1333
aep_causal_cls34       bge-large-en-v1.5        0.8774   0.9154  0.8738      0.3667      0.1333
aep_dataset            deberta-v3-large         0.8835   0.9392  0.8847      0.5000      0.6333
aep_dataset            all-mpnet-base-v2        0.9329   0.9654  0.9342      0.8667      0.2667
aep_dataset            all-MiniLM-L6-v2         0.9121   0.9537  0.9141      0.6000      0.2667
aep_dataset            e5-large-v2              0.9293   0.9445  0.9308      0.5333      0.3000
aep_dataset            bge-base-en-v1.5         0.9228   0.9530  0.9247      0.4667      0.4000
aep_dataset            bge-large-en-v1.5        0.9275   0.9500  0.9285      0.6333      0.4667
aep_causal_wf_v3       deberta-v3-large         0.7516   0.8094  0.7410      0.3333      0.0333
aep_causal_wf_v3       all-mpnet-base-v2        0.7767   0.8553  0.7657      0.3667      0.0000
aep_causal_wf_v3       all-MiniLM-L6-v2         0.7296   0.8089  0.7190      0.3000      0.0333
aep_causal_wf_v3       e5-large-v2              0.7296   0.8124  0.7244      0.5333      0.1333
aep_causal_wf_v3       bge-base-en-v1.5         0.7390   0.8219  0.7331      0.2667      0.2333
aep_causal_wf_v3       bge-large-en-v1.5        0.7862   0.8508  0.7606      0.5000      0.0667
ajo_doc_not_tier1      deberta-v3-large         0.5034   0.5000  0.6697      0.5000      0.9667
ajo_doc_not_tier1      all-mpnet-base-v2        0.9942   0.9973  0.9942      0.5333      0.6000
ajo_doc_not_tier1      all-MiniLM-L6-v2         0.9815   0.9953  0.9817      0.3000      0.3000
ajo_doc_not_tier1      e5-large-v2              0.9705   0.9726  0.9707      0.4333      0.5000
ajo_doc_not_tier1      bge-base-en-v1.5         0.9933   0.9984  0.9934      0.5333      0.5000
ajo_doc_not_tier1      bge-large-en-v1.5        0.9918   0.9965  0.9918      0.4333      0.4667
ajo_newstyle           deberta-v3-large         0.6054   0.6842  0.5881      0.4667      0.4667
ajo_newstyle           all-mpnet-base-v2        0.6529   0.7546  0.6571      0.2667      0.4000
ajo_newstyle           all-MiniLM-L6-v2         0.6169   0.7034  0.5858      0.5333      0.0667
ajo_newstyle           e5-large-v2              0.6070   0.6769  0.6283      0.4000      0.1000
ajo_newstyle           bge-base-en-v1.5         0.6334   0.7264  0.6267      0.4667      0.2000
ajo_newstyle           bge-large-en-v1.5        0.6414   0.7344  0.5781      0.4667      0.2667
new_aep_wf_scrap       deberta-v3-large         0.6860   0.7475  0.6848      0.6667      0.2667
new_aep_wf_scrap       all-mpnet-base-v2        0.6835   0.7565  0.6742      0.4333      0.3667
new_aep_wf_scrap       all-MiniLM-L6-v2         0.6479   0.7194  0.6482      0.6000      0.3000
new_aep_wf_scrap       e5-large-v2              0.5807   0.6168  0.5755      0.5000      0.3667
new_aep_wf_scrap       bge-base-en-v1.5         0.6815   0.7616  0.6584      0.8000      0.1333
new_aep_wf_scrap       bge-large-en-v1.5        0.6686   0.7461  0.6591      0.6667      0.1000
new_ajo_workflows      deberta-v3-large         0.6151   0.6682  0.6361      0.6667      0.0667
new_ajo_workflows      all-mpnet-base-v2        0.6284   0.6839  0.6354      0.6333      0.2333
new_ajo_workflows      all-MiniLM-L6-v2         0.5975   0.6464  0.6150      0.7333      0.1667
new_ajo_workflows      e5-large-v2              0.6112   0.6549  0.6262      0.5667      0.2667
new_ajo_workflows      bge-base-en-v1.5         0.6277   0.6817  0.6319      0.7000      0.2333
new_ajo_workflows      bge-large-en-v1.5        0.6323   0.6934  0.6254      0.7000      0.3667

42/42 runs completed.
2026-07-01 10:11:05 Done. Final results at /mnt/localssd/baseline_sweep/results/final_results.json
== [2/2] cross-encoder sweep ==
2026-07-01 10:11:05 === PHASE 0: Pre-downloading 6 backbones (serial) ===
2026-07-01 10:11:05   fetch microsoft/deberta-v3-large
2026-07-01 10:11:13   fetch sentence-transformers/all-mpnet-base-v2
2026-07-01 10:11:20   fetch sentence-transformers/all-MiniLM-L6-v2
2026-07-01 10:11:26   fetch intfloat/e5-large-v2
2026-07-01 10:11:32   fetch BAAI/bge-base-en-v1.5
2026-07-01 10:11:39   fetch BAAI/bge-large-en-v1.5
2026-07-01 10:11:45 === PHASE 0 complete ===
2026-07-01 10:11:45 === PHASE 1: Training (7 datasets × 6 models = 42 runs) ===
2026-07-01 10:11:45 SKIP (already done): aep_causal_cls34/deberta-v3-large
2026-07-01 10:11:45 SKIP (already done): aep_causal_cls34/all-mpnet-base-v2
2026-07-01 10:11:45 SKIP (already done): aep_causal_cls34/all-MiniLM-L6-v2
2026-07-01 10:11:45 START GPU0: aep_causal_cls34/e5-large-v2  batch=16
2026-07-01 10:11:45 SKIP (already done): aep_causal_cls34/bge-base-en-v1.5
2026-07-01 10:11:45 SKIP (already done): aep_causal_cls34/bge-large-en-v1.5
2026-07-01 10:11:45 SKIP (already done): aep_dataset/deberta-v3-large
2026-07-01 10:11:45 SKIP (already done): aep_dataset/all-mpnet-base-v2
2026-07-01 10:11:45 SKIP (already done): aep_dataset/all-MiniLM-L6-v2
2026-07-01 10:11:45 START GPU1: aep_dataset/e5-large-v2  batch=16
2026-07-01 10:11:45 SKIP (already done): aep_dataset/bge-base-en-v1.5
2026-07-01 10:11:45 SKIP (already done): aep_dataset/bge-large-en-v1.5
2026-07-01 10:11:45 SKIP (already done): aep_causal_wf_v3/deberta-v3-large
2026-07-01 10:11:45 SKIP (already done): aep_causal_wf_v3/all-mpnet-base-v2
2026-07-01 10:11:45 SKIP (already done): aep_causal_wf_v3/all-MiniLM-L6-v2
2026-07-01 10:11:45 START GPU2: aep_causal_wf_v3/e5-large-v2  batch=16
2026-07-01 10:11:45 SKIP (already done): aep_causal_wf_v3/bge-base-en-v1.5
2026-07-01 10:11:45 SKIP (already done): aep_causal_wf_v3/bge-large-en-v1.5
2026-07-01 10:11:45 SKIP (already done): ajo_doc_not_tier1/deberta-v3-large
2026-07-01 10:11:45 SKIP (already done): ajo_doc_not_tier1/all-mpnet-base-v2
2026-07-01 10:11:45 SKIP (already done): ajo_doc_not_tier1/all-MiniLM-L6-v2
2026-07-01 10:11:45 START GPU3: ajo_doc_not_tier1/e5-large-v2  batch=16
2026-07-01 10:11:45 SKIP (already done): ajo_doc_not_tier1/bge-base-en-v1.5
2026-07-01 10:20:15 START GPU2: ajo_doc_not_tier1/bge-large-en-v1.5  batch=16
2026-07-01 11:01:45 START GPU1: ajo_newstyle/deberta-v3-large  batch=8
2026-07-01 11:01:45 SKIP (already done): ajo_newstyle/all-mpnet-base-v2
2026-07-01 11:01:45 SKIP (already done): ajo_newstyle/all-MiniLM-L6-v2
2026-07-01 11:13:15 START GPU0: ajo_newstyle/e5-large-v2  batch=16
2026-07-01 11:13:15 SKIP (already done): ajo_newstyle/bge-base-en-v1.5
2026-07-01 11:17:15 START GPU3: ajo_newstyle/bge-large-en-v1.5  batch=16
2026-07-01 11:26:15 START GPU2: new_aep_wf_scrap/deberta-v3-large  batch=8
2026-07-01 11:26:15 SKIP (already done): new_aep_wf_scrap/all-mpnet-base-v2
2026-07-01 11:26:15 SKIP (already done): new_aep_wf_scrap/all-MiniLM-L6-v2
2026-07-01 11:29:15 START GPU0: new_aep_wf_scrap/e5-large-v2  batch=16
2026-07-01 11:29:15 SKIP (already done): new_aep_wf_scrap/bge-base-en-v1.5
2026-07-01 11:33:15 START GPU3: new_aep_wf_scrap/bge-large-en-v1.5  batch=16
2026-07-01 11:34:15 START GPU0: new_ajo_workflows/deberta-v3-large  batch=8
2026-07-01 11:34:15 SKIP (already done): new_ajo_workflows/all-mpnet-base-v2
2026-07-01 11:34:15 SKIP (already done): new_ajo_workflows/all-MiniLM-L6-v2
2026-07-01 11:38:15 START GPU3: new_ajo_workflows/e5-large-v2  batch=16
2026-07-01 11:38:15 SKIP (already done): new_ajo_workflows/bge-base-en-v1.5
2026-07-01 11:38:15 SKIP (already done): new_ajo_workflows/bge-large-en-v1.5
2026-07-01 11:38:15 All jobs submitted — waiting for completion ...
2026-07-01 13:09:52 === PHASE 1 complete ===
2026-07-01 13:09:52 === PHASE 2: OOD evaluation (max 4 concurrent, 1 per GPU) ===
2026-07-01 13:09:52 SKIP OOD (already done): aep_causal_cls34/deberta-v3-large
2026-07-01 13:09:52 SKIP OOD (already done): aep_causal_cls34/all-mpnet-base-v2
2026-07-01 13:09:52 SKIP OOD (already done): aep_causal_cls34/all-MiniLM-L6-v2
2026-07-01 13:09:52 OOD eval GPU0: aep_causal_cls34/e5-large-v2
2026-07-01 13:09:52 SKIP OOD (already done): aep_causal_cls34/bge-base-en-v1.5
2026-07-01 13:09:52 SKIP OOD (already done): aep_causal_cls34/bge-large-en-v1.5
2026-07-01 13:09:52 SKIP OOD (already done): aep_dataset/deberta-v3-large
2026-07-01 13:09:52 SKIP OOD (already done): aep_dataset/all-mpnet-base-v2
2026-07-01 13:09:52 SKIP OOD (already done): aep_dataset/all-MiniLM-L6-v2
2026-07-01 13:09:52 OOD eval GPU1: aep_dataset/e5-large-v2
2026-07-01 13:09:52 SKIP OOD (already done): aep_dataset/bge-base-en-v1.5
2026-07-01 13:09:52 SKIP OOD (already done): aep_dataset/bge-large-en-v1.5
2026-07-01 13:09:52 SKIP OOD (already done): aep_causal_wf_v3/deberta-v3-large
2026-07-01 13:09:52 SKIP OOD (already done): aep_causal_wf_v3/all-mpnet-base-v2
2026-07-01 13:09:52 SKIP OOD (already done): aep_causal_wf_v3/all-MiniLM-L6-v2
2026-07-01 13:09:52 OOD eval GPU2: aep_causal_wf_v3/e5-large-v2
2026-07-01 13:09:52 SKIP OOD (already done): aep_causal_wf_v3/bge-base-en-v1.5
2026-07-01 13:09:52 SKIP OOD (already done): aep_causal_wf_v3/bge-large-en-v1.5
2026-07-01 13:09:52 SKIP OOD (already done): ajo_doc_not_tier1/deberta-v3-large
2026-07-01 13:09:52 SKIP OOD (already done): ajo_doc_not_tier1/all-mpnet-base-v2
2026-07-01 13:09:52 SKIP OOD (already done): ajo_doc_not_tier1/all-MiniLM-L6-v2
2026-07-01 13:09:52 OOD eval GPU3: ajo_doc_not_tier1/e5-large-v2
2026-07-01 13:09:52 SKIP OOD (already done): ajo_doc_not_tier1/bge-base-en-v1.5
2026-07-01 13:10:22 OOD eval GPU0: ajo_doc_not_tier1/bge-large-en-v1.5
2026-07-01 13:10:22 OOD eval GPU1: ajo_newstyle/deberta-v3-large
2026-07-01 13:10:22 SKIP OOD (already done): ajo_newstyle/all-mpnet-base-v2
2026-07-01 13:10:22 SKIP OOD (already done): ajo_newstyle/all-MiniLM-L6-v2
2026-07-01 13:10:22 OOD eval GPU2: ajo_newstyle/e5-large-v2
2026-07-01 13:10:22 SKIP OOD (already done): ajo_newstyle/bge-base-en-v1.5
2026-07-01 13:10:22 OOD eval GPU3: ajo_newstyle/bge-large-en-v1.5
2026-07-01 13:10:52 OOD eval GPU0: new_aep_wf_scrap/deberta-v3-large
2026-07-01 13:10:52 SKIP OOD (already done): new_aep_wf_scrap/all-mpnet-base-v2
2026-07-01 13:10:52 SKIP OOD (already done): new_aep_wf_scrap/all-MiniLM-L6-v2
2026-07-01 13:10:52 OOD eval GPU1: new_aep_wf_scrap/e5-large-v2
2026-07-01 13:10:52 SKIP OOD (already done): new_aep_wf_scrap/bge-base-en-v1.5
2026-07-01 13:10:52 OOD eval GPU2: new_aep_wf_scrap/bge-large-en-v1.5
2026-07-01 13:10:52 OOD eval GPU3: new_ajo_workflows/deberta-v3-large
2026-07-01 13:10:52 SKIP OOD (already done): new_ajo_workflows/all-mpnet-base-v2
2026-07-01 13:10:52 SKIP OOD (already done): new_ajo_workflows/all-MiniLM-L6-v2
2026-07-01 13:11:22 OOD eval GPU0: new_ajo_workflows/e5-large-v2
2026-07-01 13:11:22 SKIP OOD (already done): new_ajo_workflows/bge-base-en-v1.5
2026-07-01 13:11:22 SKIP OOD (already done): new_ajo_workflows/bge-large-en-v1.5
2026-07-01 13:11:22 All OOD evals submitted — waiting for completion ...
2026-07-01 13:11:33 === PHASE 2 complete ===
2026-07-01 13:11:33 === PHASE 3: Aggregating results ===
Wrote /mnt/localssd/crossencoder_sweep/results/final_results.json

Dataset                Model                  test_acc test_auc test_f1 milan_pairw ajo_perfect
-----------------------------------------------------------------------------------------------
aep_causal_cls34       deberta-v3-large         0.8816   0.9427  0.8791      0.3000      0.1333
aep_causal_cls34       all-mpnet-base-v2        0.8719   0.9129  0.8679      0.4000      0.0000
aep_causal_cls34       all-MiniLM-L6-v2         0.7876   0.8479  0.7892      0.3333      0.1333
aep_causal_cls34       e5-large-v2              0.7985   0.8339  0.7978      0.3333      0.1333
aep_causal_cls34       bge-base-en-v1.5         0.8145   0.8646  0.8082      0.2333      0.1000
aep_causal_cls34       bge-large-en-v1.5        0.8286   0.8674  0.8286      0.6000      0.1000
aep_dataset            deberta-v3-large         0.9390   0.9808  0.9406      0.4667      0.2000
aep_dataset            all-mpnet-base-v2        0.9251   0.9625  0.9267      0.7000      0.5667
aep_dataset            all-MiniLM-L6-v2         0.8690   0.9381  0.8714      0.4667      0.3333
aep_dataset            e5-large-v2              0.5110   0.5104  0.6571      0.5000      0.7000
aep_dataset            bge-base-en-v1.5         0.8963   0.9396  0.8997      0.6667      0.4333
aep_dataset            bge-large-en-v1.5        0.9126   0.9432  0.9138      0.5667      0.2000
aep_causal_wf_v3       deberta-v3-large         0.7736   0.8714  0.7616      0.5333      0.1667
aep_causal_wf_v3       all-mpnet-base-v2        0.6698   0.7467  0.6392      0.5333      0.1000
aep_causal_wf_v3       all-MiniLM-L6-v2         0.6447   0.6713  0.6246      0.5333      0.3000
aep_causal_wf_v3       e5-large-v2              0.5031   0.5551  0.5707      0.5000      0.1667
aep_causal_wf_v3       bge-base-en-v1.5         0.6321   0.7176  0.5776      0.6000      0.1667
aep_causal_wf_v3       bge-large-en-v1.5        0.6792   0.7225  0.6792      0.5000      0.3000
ajo_doc_not_tier1      deberta-v3-large         0.4966   0.4970  0.0000      0.5000      0.5333
ajo_doc_not_tier1      all-mpnet-base-v2        0.9893   0.9953  0.9894      0.3667      0.5000
ajo_doc_not_tier1      all-MiniLM-L6-v2         0.9663   0.9862  0.9666      0.5000      0.4000
ajo_doc_not_tier1      e5-large-v2              0.5009   0.4977  0.6601      0.5000      0.8667
ajo_doc_not_tier1      bge-base-en-v1.5         0.9696   0.9890  0.9698      0.4667      0.5000
ajo_doc_not_tier1      bge-large-en-v1.5        0.9733   0.9912  0.9734      0.4333      0.5333
ajo_newstyle           deberta-v3-large         0.8109   0.9079  0.8076      0.7000      0.3667
ajo_newstyle           all-mpnet-base-v2        0.6100   0.6936  0.6002      0.3333      0.5000
ajo_newstyle           all-MiniLM-L6-v2         0.5522   0.5790  0.5004      0.4333      0.2333
ajo_newstyle           e5-large-v2              0.5002   0.5025  0.6668      0.5000      0.7000
ajo_newstyle           bge-base-en-v1.5         0.5515   0.6101  0.5447      0.5667      0.2667
ajo_newstyle           bge-large-en-v1.5        0.5920   0.6629  0.5944      0.3000      0.3000
new_aep_wf_scrap       deberta-v3-large         0.7442   0.8158  0.7432      0.8000      0.4000
new_aep_wf_scrap       all-mpnet-base-v2        0.6957   0.7727  0.6955      0.5667      0.2333
new_aep_wf_scrap       all-MiniLM-L6-v2         0.5866   0.6292  0.5850      0.5667      0.3333
new_aep_wf_scrap       e5-large-v2              0.5646   0.6020  0.5905      0.5000      0.4333
new_aep_wf_scrap       bge-base-en-v1.5         0.6124   0.6658  0.6324      0.9000      0.2667
new_aep_wf_scrap       bge-large-en-v1.5        0.6040   0.6521  0.6017      0.7000      0.3000
new_ajo_workflows      deberta-v3-large         0.7221   0.7929  0.7239      0.7333      0.5000
new_ajo_workflows      all-mpnet-base-v2        0.6422   0.6886  0.6513      0.6667      0.2333
new_ajo_workflows      all-MiniLM-L6-v2         0.5558   0.5907  0.5805      0.5333      0.4333
new_ajo_workflows      e5-large-v2              0.5008   0.5058  0.6567      0.5000      0.4333
new_ajo_workflows      bge-base-en-v1.5         0.5558   0.5986  0.5548      0.4333      0.3333
new_ajo_workflows      bge-large-en-v1.5        0.5818   0.6326  0.6045      0.5000      0.0667

42/42 runs completed.
2026-07-01 13:11:33 Done. Final results at /mnt/localssd/crossencoder_sweep/results/final_results.json
== done; both results/final_results.json refreshed ==
