08:04:39 INFO run_dir=/mnt/localssd/crossencoder_sweep/runs/ajo_doc_not_tier1/deberta-v3-large
08:04:39 INFO device=cuda:0  bf16=False  physical_gpu=3  CUDA_VISIBLE_DEVICES=3
08:04:39 INFO dataset=ajo_doc_not_tier1  model=deberta-v3-large  backbone=microsoft/deberta-v3-large
08:04:39 INFO tokenizer <- microsoft/deberta-v3-large
08:04:40 INFO split files: ['directional_train.jsonl', 'directional_val.jsonl', 'directional_test.jsonl']
08:04:40 INFO scanning max JOINT token length across all splits ...
08:06:17 INFO   observed_max_joint=512 -> max_seq_len=512 (cap=512, scan=96.6s)
08:06:17 INFO loading datasets ...
08:06:18 INFO   schema=standard  train=88000  val=11200  test=11200
08:06:18 INFO building CrossEncoderClassifier  backbone=microsoft/deberta-v3-large
Warning: You are sending unauthenticated requests to the HF Hub. Please set a HF_TOKEN to enable higher rate limits and faster downloads.
Loading weights:   0%|          | 0/390 [00:00<?, ?it/s]Loading weights: 100%|██████████| 390/390 [00:00<00:00, 32470.74it/s]
[transformers] [1mDebertaV2Model LOAD REPORT[0m from: microsoft/deberta-v3-large
Key                                     | Status     |  | 
----------------------------------------+------------+--+-
lm_predictions.lm_head.bias             | UNEXPECTED |  | 
lm_predictions.lm_head.dense.weight     | UNEXPECTED |  | 
lm_predictions.lm_head.dense.bias       | UNEXPECTED |  | 
lm_predictions.lm_head.LayerNorm.weight | UNEXPECTED |  | 
mask_predictions.classifier.bias        | UNEXPECTED |  | 
lm_predictions.lm_head.LayerNorm.bias   | UNEXPECTED |  | 
mask_predictions.LayerNorm.bias         | UNEXPECTED |  | 
mask_predictions.dense.bias             | UNEXPECTED |  | 
mask_predictions.dense.weight           | UNEXPECTED |  | 
mask_predictions.LayerNorm.weight       | UNEXPECTED |  | 
mask_predictions.classifier.weight      | UNEXPECTED |  | 

Notes:
- UNEXPECTED:	can be ignored when loading from different task/architecture; not ok if you expect identical arch.
08:06:22 INFO   hidden_size=1024  trainable_params=434,013,185
08:06:22 INFO   total_steps=44000  warmup_steps=4400
08:07:00 INFO   e1 step    50/11000  loss=0.7676  acc=0.4900  lr0=2.27e-07 lr1=1.14e-05
08:07:35 INFO   e1 step   100/11000  loss=0.7712  acc=0.4913  lr0=4.55e-07 lr1=2.27e-05
08:08:11 INFO   e1 step   150/11000  loss=0.7670  acc=0.4883  lr0=6.82e-07 lr1=3.41e-05
08:08:47 INFO   e1 step   200/11000  loss=0.7522  acc=0.4975  lr0=9.09e-07 lr1=4.55e-05
08:09:23 INFO   e1 step   250/11000  loss=0.7496  acc=0.4940  lr0=1.14e-06 lr1=5.68e-05
08:09:58 INFO   e1 step   300/11000  loss=0.7430  acc=0.4996  lr0=1.36e-06 lr1=6.82e-05
08:10:34 INFO   e1 step   350/11000  loss=0.7391  acc=0.4996  lr0=1.59e-06 lr1=7.95e-05
08:11:10 INFO   e1 step   400/11000  loss=0.7374  acc=0.5050  lr0=1.82e-06 lr1=9.09e-05
08:11:45 INFO   e1 step   450/11000  loss=0.7328  acc=0.5131  lr0=2.05e-06 lr1=1.02e-04
08:12:21 INFO   e1 step   500/11000  loss=0.7323  acc=0.5095  lr0=2.27e-06 lr1=1.14e-04
08:12:57 INFO   e1 step   550/11000  loss=0.7297  acc=0.5102  lr0=2.50e-06 lr1=1.25e-04
08:13:33 INFO   e1 step   600/11000  loss=0.7290  acc=0.5096  lr0=2.73e-06 lr1=1.36e-04
08:14:08 INFO   e1 step   650/11000  loss=0.7293  acc=0.5077  lr0=2.95e-06 lr1=1.48e-04
08:14:44 INFO   e1 step   700/11000  loss=0.7294  acc=0.5071  lr0=3.18e-06 lr1=1.59e-04
08:15:20 INFO   e1 step   750/11000  loss=0.7277  acc=0.5097  lr0=3.41e-06 lr1=1.70e-04
08:15:55 INFO   e1 step   800/11000  loss=0.7270  acc=0.5098  lr0=3.64e-06 lr1=1.82e-04
08:16:31 INFO   e1 step   850/11000  loss=0.7244  acc=0.5144  lr0=3.86e-06 lr1=1.93e-04
08:17:07 INFO   e1 step   900/11000  loss=0.7235  acc=0.5156  lr0=4.09e-06 lr1=2.05e-04
08:17:42 INFO   e1 step   950/11000  loss=0.7231  acc=0.5157  lr0=4.32e-06 lr1=2.16e-04
08:18:18 INFO   e1 step  1000/11000  loss=0.7236  acc=0.5148  lr0=4.55e-06 lr1=2.27e-04
08:18:54 INFO   e1 step  1050/11000  loss=0.7233  acc=0.5140  lr0=4.77e-06 lr1=2.39e-04
08:19:30 INFO   e1 step  1100/11000  loss=0.7226  acc=0.5141  lr0=5.00e-06 lr1=2.50e-04
08:20:05 INFO   e1 step  1150/11000  loss=0.7227  acc=0.5127  lr0=5.23e-06 lr1=2.61e-04
08:20:41 INFO   e1 step  1200/11000  loss=0.7225  acc=0.5115  lr0=5.45e-06 lr1=2.73e-04
08:21:17 INFO   e1 step  1250/11000  loss=0.7222  acc=0.5105  lr0=5.68e-06 lr1=2.84e-04
08:21:52 INFO   e1 step  1300/11000  loss=0.7217  acc=0.5104  lr0=5.91e-06 lr1=2.95e-04
08:22:28 INFO   e1 step  1350/11000  loss=0.7220  acc=0.5085  lr0=6.14e-06 lr1=3.07e-04
08:23:04 INFO   e1 step  1400/11000  loss=0.7221  acc=0.5069  lr0=6.36e-06 lr1=3.18e-04
08:23:40 INFO   e1 step  1450/11000  loss=0.7217  acc=0.5066  lr0=6.59e-06 lr1=3.30e-04
08:24:15 INFO   e1 step  1500/11000  loss=0.7213  acc=0.5057  lr0=6.82e-06 lr1=3.41e-04
08:24:51 INFO   e1 step  1550/11000  loss=0.7210  acc=0.5052  lr0=7.05e-06 lr1=3.52e-04
08:25:27 INFO   e1 step  1600/11000  loss=0.7208  acc=0.5044  lr0=7.27e-06 lr1=3.64e-04
08:26:03 INFO   e1 step  1650/11000  loss=0.7202  acc=0.5047  lr0=7.50e-06 lr1=3.75e-04
08:26:38 INFO   e1 step  1700/11000  loss=0.7198  acc=0.5050  lr0=7.73e-06 lr1=3.86e-04
08:27:14 INFO   e1 step  1750/11000  loss=0.7197  acc=0.5046  lr0=7.95e-06 lr1=3.98e-04
08:27:50 INFO   e1 step  1800/11000  loss=0.7194  acc=0.5044  lr0=8.18e-06 lr1=4.09e-04
08:28:25 INFO   e1 step  1850/11000  loss=0.7188  acc=0.5051  lr0=8.41e-06 lr1=4.20e-04
08:29:01 INFO   e1 step  1900/11000  loss=0.7183  acc=0.5055  lr0=8.64e-06 lr1=4.32e-04
08:29:37 INFO   e1 step  1950/11000  loss=0.7180  acc=0.5041  lr0=8.86e-06 lr1=4.43e-04
08:30:12 INFO   e1 step  2000/11000  loss=0.7175  acc=0.5045  lr0=9.09e-06 lr1=4.55e-04
08:30:48 INFO   e1 step  2050/11000  loss=0.7172  acc=0.5048  lr0=9.32e-06 lr1=4.66e-04
08:31:24 INFO   e1 step  2100/11000  loss=0.7168  acc=0.5047  lr0=9.55e-06 lr1=4.77e-04
08:32:00 INFO   e1 step  2150/11000  loss=0.7164  acc=0.5053  lr0=9.77e-06 lr1=4.89e-04
08:32:35 INFO   e1 step  2200/11000  loss=0.7162  acc=0.5049  lr0=1.00e-05 lr1=5.00e-04
08:33:11 INFO   e1 step  2250/11000  loss=0.7161  acc=0.5047  lr0=1.02e-05 lr1=5.11e-04
08:33:47 INFO   e1 step  2300/11000  loss=0.7159  acc=0.5041  lr0=1.05e-05 lr1=5.23e-04
08:34:23 INFO   e1 step  2350/11000  loss=0.7158  acc=0.5046  lr0=1.07e-05 lr1=5.34e-04
08:34:58 INFO   e1 step  2400/11000  loss=0.7153  acc=0.5053  lr0=1.09e-05 lr1=5.45e-04
08:35:34 INFO   e1 step  2450/11000  loss=0.7152  acc=0.5048  lr0=1.11e-05 lr1=5.57e-04
08:36:10 INFO   e1 step  2500/11000  loss=0.7150  acc=0.5041  lr0=1.14e-05 lr1=5.68e-04
08:36:45 INFO   e1 step  2550/11000  loss=0.7148  acc=0.5039  lr0=1.16e-05 lr1=5.80e-04
08:37:21 INFO   e1 step  2600/11000  loss=0.7146  acc=0.5034  lr0=1.18e-05 lr1=5.91e-04
08:37:57 INFO   e1 step  2650/11000  loss=0.7144  acc=0.5034  lr0=1.20e-05 lr1=6.02e-04
08:38:33 INFO   e1 step  2700/11000  loss=0.7141  acc=0.5036  lr0=1.23e-05 lr1=6.14e-04
08:39:08 INFO   e1 step  2750/11000  loss=0.7140  acc=0.5034  lr0=1.25e-05 lr1=6.25e-04
08:39:44 INFO   e1 step  2800/11000  loss=0.7138  acc=0.5033  lr0=1.27e-05 lr1=6.36e-04
08:40:20 INFO   e1 step  2850/11000  loss=0.7136  acc=0.5027  lr0=1.30e-05 lr1=6.48e-04
08:40:55 INFO   e1 step  2900/11000  loss=0.7135  acc=0.5027  lr0=1.32e-05 lr1=6.59e-04
08:41:31 INFO   e1 step  2950/11000  loss=0.7132  acc=0.5031  lr0=1.34e-05 lr1=6.70e-04
08:42:07 INFO   e1 step  3000/11000  loss=0.7131  acc=0.5028  lr0=1.36e-05 lr1=6.82e-04
08:42:43 INFO   e1 step  3050/11000  loss=0.7135  acc=0.5032  lr0=1.39e-05 lr1=6.93e-04
08:43:18 INFO   e1 step  3100/11000  loss=0.7133  acc=0.5029  lr0=1.41e-05 lr1=7.05e-04
08:43:54 INFO   e1 step  3150/11000  loss=0.7130  acc=0.5035  lr0=1.43e-05 lr1=7.16e-04
08:44:30 INFO   e1 step  3200/11000  loss=0.7128  acc=0.5036  lr0=1.45e-05 lr1=7.27e-04
08:45:05 INFO   e1 step  3250/11000  loss=0.7126  acc=0.5039  lr0=1.48e-05 lr1=7.39e-04
08:45:41 INFO   e1 step  3300/11000  loss=0.7124  acc=0.5040  lr0=1.50e-05 lr1=7.50e-04
08:46:17 INFO   e1 step  3350/11000  loss=0.7123  acc=0.5042  lr0=1.52e-05 lr1=7.61e-04
08:46:52 INFO   e1 step  3400/11000  loss=0.7121  acc=0.5037  lr0=1.55e-05 lr1=7.73e-04
08:47:28 INFO   e1 step  3450/11000  loss=0.7123  acc=0.5029  lr0=1.57e-05 lr1=7.84e-04
08:48:04 INFO   e1 step  3500/11000  loss=0.7121  acc=0.5028  lr0=1.59e-05 lr1=7.95e-04
08:48:40 INFO   e1 step  3550/11000  loss=0.7119  acc=0.5029  lr0=1.61e-05 lr1=8.07e-04
08:49:15 INFO   e1 step  3600/11000  loss=0.7117  acc=0.5034  lr0=1.64e-05 lr1=8.18e-04
08:49:51 INFO   e1 step  3650/11000  loss=0.7116  acc=0.5036  lr0=1.66e-05 lr1=8.30e-04
08:50:27 INFO   e1 step  3700/11000  loss=0.7114  acc=0.5034  lr0=1.68e-05 lr1=8.41e-04
08:51:03 INFO   e1 step  3750/11000  loss=0.7112  acc=0.5036  lr0=1.70e-05 lr1=8.52e-04
08:51:38 INFO   e1 step  3800/11000  loss=0.7113  acc=0.5034  lr0=1.73e-05 lr1=8.64e-04
08:52:14 INFO   e1 step  3850/11000  loss=0.7113  acc=0.5032  lr0=1.75e-05 lr1=8.75e-04
08:52:50 INFO   e1 step  3900/11000  loss=0.7112  acc=0.5033  lr0=1.77e-05 lr1=8.86e-04
08:53:25 INFO   e1 step  3950/11000  loss=0.7111  acc=0.5026  lr0=1.80e-05 lr1=8.98e-04
08:54:01 INFO   e1 step  4000/11000  loss=0.7110  acc=0.5028  lr0=1.82e-05 lr1=9.09e-04
08:54:37 INFO   e1 step  4050/11000  loss=0.7109  acc=0.5028  lr0=1.84e-05 lr1=9.20e-04
08:55:12 INFO   e1 step  4100/11000  loss=0.7108  acc=0.5027  lr0=1.86e-05 lr1=9.32e-04
08:55:48 INFO   e1 step  4150/11000  loss=0.7106  acc=0.5025  lr0=1.89e-05 lr1=9.43e-04
08:56:24 INFO   e1 step  4200/11000  loss=0.7107  acc=0.5024  lr0=1.91e-05 lr1=9.55e-04
08:56:59 INFO   e1 step  4250/11000  loss=0.7105  acc=0.5026  lr0=1.93e-05 lr1=9.66e-04
08:57:35 INFO   e1 step  4300/11000  loss=0.7104  acc=0.5027  lr0=1.95e-05 lr1=9.77e-04
08:58:11 INFO   e1 step  4350/11000  loss=0.7103  acc=0.5028  lr0=1.98e-05 lr1=9.89e-04
08:58:47 INFO   e1 step  4400/11000  loss=0.7103  acc=0.5030  lr0=2.00e-05 lr1=1.00e-03
08:59:22 INFO   e1 step  4450/11000  loss=0.7102  acc=0.5030  lr0=2.00e-05 lr1=9.99e-04
08:59:58 INFO   e1 step  4500/11000  loss=0.7102  acc=0.5032  lr0=1.99e-05 lr1=9.97e-04
09:00:34 INFO   e1 step  4550/11000  loss=0.7101  acc=0.5036  lr0=1.99e-05 lr1=9.96e-04
09:01:09 INFO   e1 step  4600/11000  loss=0.7101  acc=0.5040  lr0=1.99e-05 lr1=9.95e-04
09:01:45 INFO   e1 step  4650/11000  loss=0.7100  acc=0.5042  lr0=1.99e-05 lr1=9.94e-04
09:02:21 INFO   e1 step  4700/11000  loss=0.7099  acc=0.5039  lr0=1.98e-05 lr1=9.92e-04
09:02:56 INFO   e1 step  4750/11000  loss=0.7099  acc=0.5041  lr0=1.98e-05 lr1=9.91e-04
09:03:32 INFO   e1 step  4800/11000  loss=0.7098  acc=0.5043  lr0=1.98e-05 lr1=9.90e-04
09:04:08 INFO   e1 step  4850/11000  loss=0.7097  acc=0.5044  lr0=1.98e-05 lr1=9.89e-04
09:04:43 INFO   e1 step  4900/11000  loss=0.7096  acc=0.5046  lr0=1.97e-05 lr1=9.87e-04
09:05:19 INFO   e1 step  4950/11000  loss=0.7095  acc=0.5046  lr0=1.97e-05 lr1=9.86e-04
09:05:55 INFO   e1 step  5000/11000  loss=0.7095  acc=0.5042  lr0=1.97e-05 lr1=9.85e-04
09:06:30 INFO   e1 step  5050/11000  loss=0.7094  acc=0.5045  lr0=1.97e-05 lr1=9.84e-04
09:07:06 INFO   e1 step  5100/11000  loss=0.7092  acc=0.5051  lr0=1.96e-05 lr1=9.82e-04
09:07:42 INFO   e1 step  5150/11000  loss=0.7091  acc=0.5054  lr0=1.96e-05 lr1=9.81e-04
09:08:18 INFO   e1 step  5200/11000  loss=0.7090  acc=0.5055  lr0=1.96e-05 lr1=9.80e-04
09:08:53 INFO   e1 step  5250/11000  loss=0.7089  acc=0.5055  lr0=1.96e-05 lr1=9.79e-04
09:09:29 INFO   e1 step  5300/11000  loss=0.7088  acc=0.5054  lr0=1.95e-05 lr1=9.77e-04
09:10:05 INFO   e1 step  5350/11000  loss=0.7088  acc=0.5056  lr0=1.95e-05 lr1=9.76e-04
09:10:41 INFO   e1 step  5400/11000  loss=0.7086  acc=0.5057  lr0=1.95e-05 lr1=9.75e-04
09:11:16 INFO   e1 step  5450/11000  loss=0.7086  acc=0.5058  lr0=1.95e-05 lr1=9.73e-04
09:11:52 INFO   e1 step  5500/11000  loss=0.7085  acc=0.5055  lr0=1.94e-05 lr1=9.72e-04
09:12:28 INFO   e1 step  5550/11000  loss=0.7085  acc=0.5053  lr0=1.94e-05 lr1=9.71e-04
09:13:04 INFO   e1 step  5600/11000  loss=0.7084  acc=0.5054  lr0=1.94e-05 lr1=9.70e-04
09:13:39 INFO   e1 step  5650/11000  loss=0.7083  acc=0.5051  lr0=1.94e-05 lr1=9.68e-04
09:14:15 INFO   e1 step  5700/11000  loss=0.7083  acc=0.5047  lr0=1.93e-05 lr1=9.67e-04
09:14:51 INFO   e1 step  5750/11000  loss=0.7082  acc=0.5049  lr0=1.93e-05 lr1=9.66e-04
09:15:26 INFO   e1 step  5800/11000  loss=0.7081  acc=0.5050  lr0=1.93e-05 lr1=9.65e-04
09:16:02 INFO   e1 step  5850/11000  loss=0.7081  acc=0.5052  lr0=1.93e-05 lr1=9.63e-04
09:16:38 INFO   e1 step  5900/11000  loss=0.7081  acc=0.5050  lr0=1.92e-05 lr1=9.62e-04
09:17:13 INFO   e1 step  5950/11000  loss=0.7083  acc=0.5048  lr0=1.92e-05 lr1=9.61e-04
09:17:49 INFO   e1 step  6000/11000  loss=0.7082  acc=0.5050  lr0=1.92e-05 lr1=9.60e-04
09:18:25 INFO   e1 step  6050/11000  loss=0.7081  acc=0.5046  lr0=1.92e-05 lr1=9.58e-04
09:19:00 INFO   e1 step  6100/11000  loss=0.7081  acc=0.5045  lr0=1.91e-05 lr1=9.57e-04
09:19:36 INFO   e1 step  6150/11000  loss=0.7080  acc=0.5046  lr0=1.91e-05 lr1=9.56e-04
09:20:12 INFO   e1 step  6200/11000  loss=0.7080  acc=0.5041  lr0=1.91e-05 lr1=9.55e-04
09:20:48 INFO   e1 step  6250/11000  loss=0.7081  acc=0.5038  lr0=1.91e-05 lr1=9.53e-04
09:21:23 INFO   e1 step  6300/11000  loss=0.7080  acc=0.5040  lr0=1.90e-05 lr1=9.52e-04
09:21:59 INFO   e1 step  6350/11000  loss=0.7080  acc=0.5036  lr0=1.90e-05 lr1=9.51e-04
09:22:35 INFO   e1 step  6400/11000  loss=0.7080  acc=0.5035  lr0=1.90e-05 lr1=9.49e-04
09:23:10 INFO   e1 step  6450/11000  loss=0.7079  acc=0.5037  lr0=1.90e-05 lr1=9.48e-04
09:23:46 INFO   e1 step  6500/11000  loss=0.7078  acc=0.5041  lr0=1.89e-05 lr1=9.47e-04
09:24:22 INFO   e1 step  6550/11000  loss=0.7078  acc=0.5043  lr0=1.89e-05 lr1=9.46e-04
09:24:57 INFO   e1 step  6600/11000  loss=0.7077  acc=0.5041  lr0=1.89e-05 lr1=9.44e-04
09:25:33 INFO   e1 step  6650/11000  loss=0.7077  acc=0.5042  lr0=1.89e-05 lr1=9.43e-04
09:26:09 INFO   e1 step  6700/11000  loss=0.7077  acc=0.5040  lr0=1.88e-05 lr1=9.42e-04
09:26:44 INFO   e1 step  6750/11000  loss=0.7076  acc=0.5042  lr0=1.88e-05 lr1=9.41e-04
09:27:20 INFO   e1 step  6800/11000  loss=0.7077  acc=0.5043  lr0=1.88e-05 lr1=9.39e-04
09:27:56 INFO   e1 step  6850/11000  loss=0.7076  acc=0.5043  lr0=1.88e-05 lr1=9.38e-04
09:28:31 INFO   e1 step  6900/11000  loss=0.7076  acc=0.5042  lr0=1.87e-05 lr1=9.37e-04
09:29:07 INFO   e1 step  6950/11000  loss=0.7076  acc=0.5042  lr0=1.87e-05 lr1=9.36e-04
09:29:43 INFO   e1 step  7000/11000  loss=0.7075  acc=0.5043  lr0=1.87e-05 lr1=9.34e-04
09:30:18 INFO   e1 step  7050/11000  loss=0.7074  acc=0.5045  lr0=1.87e-05 lr1=9.33e-04
09:30:54 INFO   e1 step  7100/11000  loss=0.7073  acc=0.5044  lr0=1.86e-05 lr1=9.32e-04
09:31:30 INFO   e1 step  7150/11000  loss=0.7073  acc=0.5041  lr0=1.86e-05 lr1=9.31e-04
09:32:05 INFO   e1 step  7200/11000  loss=0.7074  acc=0.5040  lr0=1.86e-05 lr1=9.29e-04
09:32:41 INFO   e1 step  7250/11000  loss=0.7074  acc=0.5039  lr0=1.86e-05 lr1=9.28e-04
09:33:17 INFO   e1 step  7300/11000  loss=0.7073  acc=0.5040  lr0=1.85e-05 lr1=9.27e-04
09:33:53 INFO   e1 step  7350/11000  loss=0.7072  acc=0.5042  lr0=1.85e-05 lr1=9.26e-04
09:34:28 INFO   e1 step  7400/11000  loss=0.7072  acc=0.5039  lr0=1.85e-05 lr1=9.24e-04
09:35:04 INFO   e1 step  7450/11000  loss=0.7072  acc=0.5037  lr0=1.85e-05 lr1=9.23e-04
09:35:40 INFO   e1 step  7500/11000  loss=0.7071  acc=0.5037  lr0=1.84e-05 lr1=9.22e-04
09:36:15 INFO   e1 step  7550/11000  loss=0.7071  acc=0.5037  lr0=1.84e-05 lr1=9.20e-04
09:36:51 INFO   e1 step  7600/11000  loss=0.7071  acc=0.5036  lr0=1.84e-05 lr1=9.19e-04
09:37:27 INFO   e1 step  7650/11000  loss=0.7070  acc=0.5035  lr0=1.84e-05 lr1=9.18e-04
09:38:02 INFO   e1 step  7700/11000  loss=0.7070  acc=0.5035  lr0=1.83e-05 lr1=9.17e-04
09:38:38 INFO   e1 step  7750/11000  loss=0.7069  acc=0.5036  lr0=1.83e-05 lr1=9.15e-04
09:39:14 INFO   e1 step  7800/11000  loss=0.7069  acc=0.5037  lr0=1.83e-05 lr1=9.14e-04
09:39:49 INFO   e1 step  7850/11000  loss=0.7069  acc=0.5036  lr0=1.83e-05 lr1=9.13e-04
09:40:25 INFO   e1 step  7900/11000  loss=0.7068  acc=0.5034  lr0=1.82e-05 lr1=9.12e-04
09:41:01 INFO   e1 step  7950/11000  loss=0.7068  acc=0.5031  lr0=1.82e-05 lr1=9.10e-04
09:41:37 INFO   e1 step  8000/11000  loss=0.7067  acc=0.5031  lr0=1.82e-05 lr1=9.09e-04
09:42:12 INFO   e1 step  8050/11000  loss=0.7067  acc=0.5033  lr0=1.82e-05 lr1=9.08e-04
09:42:48 INFO   e1 step  8100/11000  loss=0.7066  acc=0.5035  lr0=1.81e-05 lr1=9.07e-04
09:43:24 INFO   e1 step  8150/11000  loss=0.7066  acc=0.5033  lr0=1.81e-05 lr1=9.05e-04
09:43:59 INFO   e1 step  8200/11000  loss=0.7066  acc=0.5032  lr0=1.81e-05 lr1=9.04e-04
09:44:35 INFO   e1 step  8250/11000  loss=0.7066  acc=0.5033  lr0=1.81e-05 lr1=9.03e-04
09:45:11 INFO   e1 step  8300/11000  loss=0.7066  acc=0.5030  lr0=1.80e-05 lr1=9.02e-04
09:45:46 INFO   e1 step  8350/11000  loss=0.7066  acc=0.5031  lr0=1.80e-05 lr1=9.00e-04
09:46:22 INFO   e1 step  8400/11000  loss=0.7065  acc=0.5030  lr0=1.80e-05 lr1=8.99e-04
09:46:58 INFO   e1 step  8450/11000  loss=0.7065  acc=0.5030  lr0=1.80e-05 lr1=8.98e-04
09:47:33 INFO   e1 step  8500/11000  loss=0.7064  acc=0.5031  lr0=1.79e-05 lr1=8.96e-04
09:48:09 INFO   e1 step  8550/11000  loss=0.7064  acc=0.5032  lr0=1.79e-05 lr1=8.95e-04
09:48:45 INFO   e1 step  8600/11000  loss=0.7064  acc=0.5031  lr0=1.79e-05 lr1=8.94e-04
09:49:21 INFO   e1 step  8650/11000  loss=0.7063  acc=0.5030  lr0=1.79e-05 lr1=8.93e-04
09:49:56 INFO   e1 step  8700/11000  loss=0.7063  acc=0.5031  lr0=1.78e-05 lr1=8.91e-04
09:50:32 INFO   e1 step  8750/11000  loss=0.7063  acc=0.5030  lr0=1.78e-05 lr1=8.90e-04
09:51:08 INFO   e1 step  8800/11000  loss=0.7062  acc=0.5028  lr0=1.78e-05 lr1=8.89e-04
09:51:43 INFO   e1 step  8850/11000  loss=0.7062  acc=0.5028  lr0=1.78e-05 lr1=8.88e-04
09:52:19 INFO   e1 step  8900/11000  loss=0.7062  acc=0.5029  lr0=1.77e-05 lr1=8.86e-04
09:52:55 INFO   e1 step  8950/11000  loss=0.7061  acc=0.5030  lr0=1.77e-05 lr1=8.85e-04
09:53:31 INFO   e1 step  9000/11000  loss=0.7061  acc=0.5029  lr0=1.77e-05 lr1=8.84e-04
09:54:06 INFO   e1 step  9050/11000  loss=0.7061  acc=0.5030  lr0=1.77e-05 lr1=8.83e-04
09:54:42 INFO   e1 step  9100/11000  loss=0.7061  acc=0.5030  lr0=1.76e-05 lr1=8.81e-04
09:55:18 INFO   e1 step  9150/11000  loss=0.7061  acc=0.5029  lr0=1.76e-05 lr1=8.80e-04
09:55:53 INFO   e1 step  9200/11000  loss=0.7060  acc=0.5029  lr0=1.76e-05 lr1=8.79e-04
09:56:29 INFO   e1 step  9250/11000  loss=0.7060  acc=0.5027  lr0=1.76e-05 lr1=8.78e-04
09:57:05 INFO   e1 step  9300/11000  loss=0.7060  acc=0.5027  lr0=1.75e-05 lr1=8.76e-04
09:57:41 INFO   e1 step  9350/11000  loss=0.7061  acc=0.5026  lr0=1.75e-05 lr1=8.75e-04
09:58:16 INFO   e1 step  9400/11000  loss=0.7060  acc=0.5027  lr0=1.75e-05 lr1=8.74e-04
09:58:52 INFO   e1 step  9450/11000  loss=0.7060  acc=0.5027  lr0=1.74e-05 lr1=8.72e-04
09:59:28 INFO   e1 step  9500/11000  loss=0.7060  acc=0.5026  lr0=1.74e-05 lr1=8.71e-04
10:00:03 INFO   e1 step  9550/11000  loss=0.7060  acc=0.5027  lr0=1.74e-05 lr1=8.70e-04
10:00:39 INFO   e1 step  9600/11000  loss=0.7060  acc=0.5026  lr0=1.74e-05 lr1=8.69e-04
10:01:15 INFO   e1 step  9650/11000  loss=0.7060  acc=0.5025  lr0=1.73e-05 lr1=8.67e-04
10:01:50 INFO   e1 step  9700/11000  loss=0.7060  acc=0.5024  lr0=1.73e-05 lr1=8.66e-04
10:02:26 INFO   e1 step  9750/11000  loss=0.7059  acc=0.5026  lr0=1.73e-05 lr1=8.65e-04
10:03:02 INFO   e1 step  9800/11000  loss=0.7059  acc=0.5027  lr0=1.73e-05 lr1=8.64e-04
10:03:38 INFO   e1 step  9850/11000  loss=0.7059  acc=0.5026  lr0=1.72e-05 lr1=8.62e-04
10:04:13 INFO   e1 step  9900/11000  loss=0.7058  acc=0.5027  lr0=1.72e-05 lr1=8.61e-04
10:04:49 INFO   e1 step  9950/11000  loss=0.7058  acc=0.5026  lr0=1.72e-05 lr1=8.60e-04
10:05:25 INFO   e1 step 10000/11000  loss=0.7058  acc=0.5023  lr0=1.72e-05 lr1=8.59e-04
10:06:00 INFO   e1 step 10050/11000  loss=0.7058  acc=0.5023  lr0=1.71e-05 lr1=8.57e-04
10:06:36 INFO   e1 step 10100/11000  loss=0.7058  acc=0.5022  lr0=1.71e-05 lr1=8.56e-04
10:07:12 INFO   e1 step 10150/11000  loss=0.7058  acc=0.5022  lr0=1.71e-05 lr1=8.55e-04
10:07:47 INFO   e1 step 10200/11000  loss=0.7057  acc=0.5023  lr0=1.71e-05 lr1=8.54e-04
10:08:23 INFO   e1 step 10250/11000  loss=0.7057  acc=0.5023  lr0=1.70e-05 lr1=8.52e-04
10:08:59 INFO   e1 step 10300/11000  loss=0.7057  acc=0.5021  lr0=1.70e-05 lr1=8.51e-04
10:09:35 INFO   e1 step 10350/11000  loss=0.7057  acc=0.5022  lr0=1.70e-05 lr1=8.50e-04
10:10:10 INFO   e1 step 10400/11000  loss=0.7056  acc=0.5022  lr0=1.70e-05 lr1=8.48e-04
10:10:46 INFO   e1 step 10450/11000  loss=0.7056  acc=0.5021  lr0=1.69e-05 lr1=8.47e-04
10:11:22 INFO   e1 step 10500/11000  loss=0.7056  acc=0.5022  lr0=1.69e-05 lr1=8.46e-04
10:11:57 INFO   e1 step 10550/11000  loss=0.7055  acc=0.5023  lr0=1.69e-05 lr1=8.45e-04
10:12:33 INFO   e1 step 10600/11000  loss=0.7055  acc=0.5022  lr0=1.69e-05 lr1=8.43e-04
10:13:09 INFO   e1 step 10650/11000  loss=0.7055  acc=0.5022  lr0=1.68e-05 lr1=8.42e-04
10:13:44 INFO   e1 step 10700/11000  loss=0.7055  acc=0.5021  lr0=1.68e-05 lr1=8.41e-04
10:14:20 INFO   e1 step 10750/11000  loss=0.7054  acc=0.5022  lr0=1.68e-05 lr1=8.40e-04
10:14:56 INFO   e1 step 10800/11000  loss=0.7055  acc=0.5022  lr0=1.68e-05 lr1=8.38e-04
10:15:31 INFO   e1 step 10850/11000  loss=0.7054  acc=0.5022  lr0=1.67e-05 lr1=8.37e-04
10:16:07 INFO   e1 step 10900/11000  loss=0.7054  acc=0.5022  lr0=1.67e-05 lr1=8.36e-04
10:16:43 INFO   e1 step 10950/11000  loss=0.7053  acc=0.5023  lr0=1.67e-05 lr1=8.35e-04
10:17:18 INFO   e1 step 11000/11000  loss=0.7053  acc=0.5021  lr0=1.67e-05 lr1=8.33e-04
10:22:24 INFO [epoch 1] train_loss=0.7053 train_acc=0.5021  val_loss=0.7098 val_acc=0.4966 val_auc=0.5009  elapsed=8161.8s
10:22:26 INFO   saved best.pt  val_acc=0.4966
10:23:02 INFO   e2 step    50/11000  loss=0.6956  acc=0.5200  lr0=1.66e-05 lr1=8.32e-04
10:23:38 INFO   e2 step   100/11000  loss=0.7086  acc=0.5300  lr0=1.66e-05 lr1=8.31e-04
10:24:14 INFO   e2 step   150/11000  loss=0.7098  acc=0.5158  lr0=1.66e-05 lr1=8.30e-04
10:24:49 INFO   e2 step   200/11000  loss=0.7067  acc=0.5094  lr0=1.66e-05 lr1=8.28e-04
10:25:25 INFO   e2 step   250/11000  loss=0.7055  acc=0.5085  lr0=1.65e-05 lr1=8.27e-04
10:26:01 INFO   e2 step   300/11000  loss=0.7041  acc=0.5154  lr0=1.65e-05 lr1=8.26e-04
10:26:36 INFO   e2 step   350/11000  loss=0.7052  acc=0.5107  lr0=1.65e-05 lr1=8.24e-04
10:27:12 INFO   e2 step   400/11000  loss=0.7040  acc=0.5119  lr0=1.65e-05 lr1=8.23e-04
10:27:48 INFO   e2 step   450/11000  loss=0.7030  acc=0.5131  lr0=1.64e-05 lr1=8.22e-04
10:28:23 INFO   e2 step   500/11000  loss=0.7033  acc=0.5125  lr0=1.64e-05 lr1=8.21e-04
10:28:59 INFO   e2 step   550/11000  loss=0.7038  acc=0.5102  lr0=1.64e-05 lr1=8.19e-04
10:29:35 INFO   e2 step   600/11000  loss=0.7044  acc=0.5075  lr0=1.64e-05 lr1=8.18e-04
10:30:10 INFO   e2 step   650/11000  loss=0.7035  acc=0.5106  lr0=1.63e-05 lr1=8.17e-04
10:30:46 INFO   e2 step   700/11000  loss=0.7036  acc=0.5105  lr0=1.63e-05 lr1=8.16e-04
10:31:22 INFO   e2 step   750/11000  loss=0.7031  acc=0.5105  lr0=1.63e-05 lr1=8.14e-04
10:31:57 INFO   e2 step   800/11000  loss=0.7027  acc=0.5091  lr0=1.63e-05 lr1=8.13e-04
10:32:33 INFO   e2 step   850/11000  loss=0.7028  acc=0.5079  lr0=1.62e-05 lr1=8.12e-04
10:33:09 INFO   e2 step   900/11000  loss=0.7024  acc=0.5086  lr0=1.62e-05 lr1=8.11e-04
10:33:44 INFO   e2 step   950/11000  loss=0.7023  acc=0.5101  lr0=1.62e-05 lr1=8.09e-04
10:34:20 INFO   e2 step  1000/11000  loss=0.7025  acc=0.5075  lr0=1.62e-05 lr1=8.08e-04
10:34:56 INFO   e2 step  1050/11000  loss=0.7026  acc=0.5067  lr0=1.61e-05 lr1=8.07e-04
10:35:31 INFO   e2 step  1100/11000  loss=0.7025  acc=0.5060  lr0=1.61e-05 lr1=8.06e-04
10:36:07 INFO   e2 step  1150/11000  loss=0.7024  acc=0.5068  lr0=1.61e-05 lr1=8.04e-04
10:36:43 INFO   e2 step  1200/11000  loss=0.7025  acc=0.5057  lr0=1.61e-05 lr1=8.03e-04
10:37:18 INFO   e2 step  1250/11000  loss=0.7021  acc=0.5066  lr0=1.60e-05 lr1=8.02e-04
10:37:54 INFO   e2 step  1300/11000  loss=0.7023  acc=0.5066  lr0=1.60e-05 lr1=8.01e-04
10:38:30 INFO   e2 step  1350/11000  loss=0.7027  acc=0.5063  lr0=1.60e-05 lr1=7.99e-04
10:39:05 INFO   e2 step  1400/11000  loss=0.7026  acc=0.5056  lr0=1.60e-05 lr1=7.98e-04
10:39:41 INFO   e2 step  1450/11000  loss=0.7027  acc=0.5050  lr0=1.59e-05 lr1=7.97e-04
10:40:17 INFO   e2 step  1500/11000  loss=0.7025  acc=0.5055  lr0=1.59e-05 lr1=7.95e-04
10:40:52 INFO   e2 step  1550/11000  loss=0.7025  acc=0.5052  lr0=1.59e-05 lr1=7.94e-04
10:41:28 INFO   e2 step  1600/11000  loss=0.7024  acc=0.5031  lr0=1.59e-05 lr1=7.93e-04
10:42:04 INFO   e2 step  1650/11000  loss=0.7025  acc=0.5024  lr0=1.58e-05 lr1=7.92e-04
10:42:40 INFO   e2 step  1700/11000  loss=0.7024  acc=0.5026  lr0=1.58e-05 lr1=7.90e-04
10:43:15 INFO   e2 step  1750/11000  loss=0.7024  acc=0.5016  lr0=1.58e-05 lr1=7.89e-04
10:43:51 INFO   e2 step  1800/11000  loss=0.7023  acc=0.5014  lr0=1.58e-05 lr1=7.88e-04
10:44:27 INFO   e2 step  1850/11000  loss=0.7021  acc=0.5022  lr0=1.57e-05 lr1=7.87e-04
10:45:02 INFO   e2 step  1900/11000  loss=0.7020  acc=0.5031  lr0=1.57e-05 lr1=7.85e-04
10:45:38 INFO   e2 step  1950/11000  loss=0.7019  acc=0.5026  lr0=1.57e-05 lr1=7.84e-04
10:46:14 INFO   e2 step  2000/11000  loss=0.7019  acc=0.5018  lr0=1.57e-05 lr1=7.83e-04
10:46:49 INFO   e2 step  2050/11000  loss=0.7018  acc=0.5016  lr0=1.56e-05 lr1=7.82e-04
10:47:25 INFO   e2 step  2100/11000  loss=0.7019  acc=0.5014  lr0=1.56e-05 lr1=7.80e-04
10:48:01 INFO   e2 step  2150/11000  loss=0.7021  acc=0.5009  lr0=1.56e-05 lr1=7.79e-04
10:48:37 INFO   e2 step  2200/11000  loss=0.7020  acc=0.5011  lr0=1.56e-05 lr1=7.78e-04
10:49:12 INFO   e2 step  2250/11000  loss=0.7019  acc=0.5011  lr0=1.55e-05 lr1=7.77e-04
10:49:48 INFO   e2 step  2300/11000  loss=0.7018  acc=0.5013  lr0=1.55e-05 lr1=7.75e-04
10:50:24 INFO   e2 step  2350/11000  loss=0.7019  acc=0.5010  lr0=1.55e-05 lr1=7.74e-04
10:50:59 INFO   e2 step  2400/11000  loss=0.7019  acc=0.5014  lr0=1.55e-05 lr1=7.73e-04
10:51:35 INFO   e2 step  2450/11000  loss=0.7018  acc=0.5010  lr0=1.54e-05 lr1=7.71e-04
10:52:11 INFO   e2 step  2500/11000  loss=0.7018  acc=0.5010  lr0=1.54e-05 lr1=7.70e-04
10:52:47 INFO   e2 step  2550/11000  loss=0.7016  acc=0.5019  lr0=1.54e-05 lr1=7.69e-04
10:53:22 INFO   e2 step  2600/11000  loss=0.7015  acc=0.5024  lr0=1.54e-05 lr1=7.68e-04
10:53:58 INFO   e2 step  2650/11000  loss=0.7014  acc=0.5022  lr0=1.53e-05 lr1=7.66e-04
10:54:34 INFO   e2 step  2700/11000  loss=0.7013  acc=0.5026  lr0=1.53e-05 lr1=7.65e-04
10:55:09 INFO   e2 step  2750/11000  loss=0.7012  acc=0.5021  lr0=1.53e-05 lr1=7.64e-04
10:55:45 INFO   e2 step  2800/11000  loss=0.7011  acc=0.5025  lr0=1.53e-05 lr1=7.63e-04
10:56:21 INFO   e2 step  2850/11000  loss=0.7011  acc=0.5017  lr0=1.52e-05 lr1=7.61e-04
10:56:57 INFO   e2 step  2900/11000  loss=0.7012  acc=0.5016  lr0=1.52e-05 lr1=7.60e-04
10:57:32 INFO   e2 step  2950/11000  loss=0.7014  acc=0.5010  lr0=1.52e-05 lr1=7.59e-04
10:58:08 INFO   e2 step  3000/11000  loss=0.7015  acc=0.5005  lr0=1.52e-05 lr1=7.58e-04
10:58:44 INFO   e2 step  3050/11000  loss=0.7015  acc=0.5003  lr0=1.51e-05 lr1=7.56e-04
10:59:19 INFO   e2 step  3100/11000  loss=0.7014  acc=0.4997  lr0=1.51e-05 lr1=7.55e-04
10:59:55 INFO   e2 step  3150/11000  loss=0.7014  acc=0.5000  lr0=1.51e-05 lr1=7.54e-04
11:00:31 INFO   e2 step  3200/11000  loss=0.7013  acc=0.5000  lr0=1.51e-05 lr1=7.53e-04
11:01:07 INFO   e2 step  3250/11000  loss=0.7014  acc=0.4992  lr0=1.50e-05 lr1=7.51e-04
11:01:42 INFO   e2 step  3300/11000  loss=0.7013  acc=0.4995  lr0=1.50e-05 lr1=7.50e-04
11:02:18 INFO   e2 step  3350/11000  loss=0.7013  acc=0.4994  lr0=1.50e-05 lr1=7.49e-04
11:02:54 INFO   e2 step  3400/11000  loss=0.7013  acc=0.4991  lr0=1.49e-05 lr1=7.47e-04
11:03:30 INFO   e2 step  3450/11000  loss=0.7014  acc=0.4989  lr0=1.49e-05 lr1=7.46e-04
11:04:05 INFO   e2 step  3500/11000  loss=0.7013  acc=0.4991  lr0=1.49e-05 lr1=7.45e-04
11:04:41 INFO   e2 step  3550/11000  loss=0.7012  acc=0.4991  lr0=1.49e-05 lr1=7.44e-04
11:05:17 INFO   e2 step  3600/11000  loss=0.7013  acc=0.4987  lr0=1.48e-05 lr1=7.42e-04
11:05:52 INFO   e2 step  3650/11000  loss=0.7013  acc=0.4986  lr0=1.48e-05 lr1=7.41e-04
11:06:28 INFO   e2 step  3700/11000  loss=0.7013  acc=0.4988  lr0=1.48e-05 lr1=7.40e-04
11:07:04 INFO   e2 step  3750/11000  loss=0.7013  acc=0.4992  lr0=1.48e-05 lr1=7.39e-04
11:07:40 INFO   e2 step  3800/11000  loss=0.7012  acc=0.4993  lr0=1.47e-05 lr1=7.37e-04
11:08:15 INFO   e2 step  3850/11000  loss=0.7011  acc=0.4999  lr0=1.47e-05 lr1=7.36e-04
11:08:51 INFO   e2 step  3900/11000  loss=0.7011  acc=0.5002  lr0=1.47e-05 lr1=7.35e-04
11:09:27 INFO   e2 step  3950/11000  loss=0.7011  acc=0.5002  lr0=1.47e-05 lr1=7.34e-04
11:10:02 INFO   e2 step  4000/11000  loss=0.7011  acc=0.5001  lr0=1.46e-05 lr1=7.32e-04
11:10:38 INFO   e2 step  4050/11000  loss=0.7011  acc=0.5004  lr0=1.46e-05 lr1=7.31e-04
11:11:14 INFO   e2 step  4100/11000  loss=0.7014  acc=0.5002  lr0=1.46e-05 lr1=7.30e-04
11:11:49 INFO   e2 step  4150/11000  loss=0.7013  acc=0.5001  lr0=1.46e-05 lr1=7.29e-04
11:12:25 INFO   e2 step  4200/11000  loss=0.7013  acc=0.4997  lr0=1.45e-05 lr1=7.27e-04
11:13:01 INFO   e2 step  4250/11000  loss=0.7013  acc=0.4995  lr0=1.45e-05 lr1=7.26e-04
11:13:37 INFO   e2 step  4300/11000  loss=0.7012  acc=0.4996  lr0=1.45e-05 lr1=7.25e-04
11:14:12 INFO   e2 step  4350/11000  loss=0.7012  acc=0.4996  lr0=1.45e-05 lr1=7.23e-04
11:14:48 INFO   e2 step  4400/11000  loss=0.7011  acc=0.4996  lr0=1.44e-05 lr1=7.22e-04
11:15:24 INFO   e2 step  4450/11000  loss=0.7012  acc=0.4993  lr0=1.44e-05 lr1=7.21e-04
11:15:59 INFO   e2 step  4500/11000  loss=0.7011  acc=0.4993  lr0=1.44e-05 lr1=7.20e-04
11:16:35 INFO   e2 step  4550/11000  loss=0.7011  acc=0.4992  lr0=1.44e-05 lr1=7.18e-04
11:17:11 INFO   e2 step  4600/11000  loss=0.7011  acc=0.4995  lr0=1.43e-05 lr1=7.17e-04
11:17:46 INFO   e2 step  4650/11000  loss=0.7010  acc=0.4996  lr0=1.43e-05 lr1=7.16e-04
11:18:22 INFO   e2 step  4700/11000  loss=0.7009  acc=0.4998  lr0=1.43e-05 lr1=7.15e-04
11:18:58 INFO   e2 step  4750/11000  loss=0.7009  acc=0.4995  lr0=1.43e-05 lr1=7.13e-04
11:19:33 INFO   e2 step  4800/11000  loss=0.7009  acc=0.4999  lr0=1.42e-05 lr1=7.12e-04
11:20:09 INFO   e2 step  4850/11000  loss=0.7009  acc=0.4997  lr0=1.42e-05 lr1=7.11e-04
11:20:45 INFO   e2 step  4900/11000  loss=0.7008  acc=0.5001  lr0=1.42e-05 lr1=7.10e-04
11:21:20 INFO   e2 step  4950/11000  loss=0.7008  acc=0.4998  lr0=1.42e-05 lr1=7.08e-04
11:21:56 INFO   e2 step  5000/11000  loss=0.7008  acc=0.5000  lr0=1.41e-05 lr1=7.07e-04
11:22:32 INFO   e2 step  5050/11000  loss=0.7008  acc=0.4998  lr0=1.41e-05 lr1=7.06e-04
11:23:07 INFO   e2 step  5100/11000  loss=0.7007  acc=0.4997  lr0=1.41e-05 lr1=7.05e-04
11:23:43 INFO   e2 step  5150/11000  loss=0.7007  acc=0.4995  lr0=1.41e-05 lr1=7.03e-04
11:24:19 INFO   e2 step  5200/11000  loss=0.7007  acc=0.4994  lr0=1.40e-05 lr1=7.02e-04
11:24:55 INFO   e2 step  5250/11000  loss=0.7008  acc=0.4992  lr0=1.40e-05 lr1=7.01e-04
11:25:30 INFO   e2 step  5300/11000  loss=0.7008  acc=0.4992  lr0=1.40e-05 lr1=6.99e-04
11:26:06 INFO   e2 step  5350/11000  loss=0.7008  acc=0.4992  lr0=1.40e-05 lr1=6.98e-04
11:26:42 INFO   e2 step  5400/11000  loss=0.7008  acc=0.4989  lr0=1.39e-05 lr1=6.97e-04
11:27:18 INFO   e2 step  5450/11000  loss=0.7007  acc=0.4991  lr0=1.39e-05 lr1=6.96e-04
11:27:53 INFO   e2 step  5500/11000  loss=0.7007  acc=0.4988  lr0=1.39e-05 lr1=6.94e-04
11:28:29 INFO   e2 step  5550/11000  loss=0.7007  acc=0.4987  lr0=1.39e-05 lr1=6.93e-04
11:29:05 INFO   e2 step  5600/11000  loss=0.7007  acc=0.4987  lr0=1.38e-05 lr1=6.92e-04
11:29:40 INFO   e2 step  5650/11000  loss=0.7006  acc=0.4990  lr0=1.38e-05 lr1=6.91e-04
11:30:16 INFO   e2 step  5700/11000  loss=0.7006  acc=0.4986  lr0=1.38e-05 lr1=6.89e-04
11:30:52 INFO   e2 step  5750/11000  loss=0.7007  acc=0.4985  lr0=1.38e-05 lr1=6.88e-04
11:31:27 INFO   e2 step  5800/11000  loss=0.7006  acc=0.4984  lr0=1.37e-05 lr1=6.87e-04
11:32:03 INFO   e2 step  5850/11000  loss=0.7006  acc=0.4984  lr0=1.37e-05 lr1=6.86e-04
11:32:39 INFO   e2 step  5900/11000  loss=0.7006  acc=0.4985  lr0=1.37e-05 lr1=6.84e-04
11:33:15 INFO   e2 step  5950/11000  loss=0.7006  acc=0.4985  lr0=1.37e-05 lr1=6.83e-04
11:33:50 INFO   e2 step  6000/11000  loss=0.7006  acc=0.4986  lr0=1.36e-05 lr1=6.82e-04
11:34:26 INFO   e2 step  6050/11000  loss=0.7005  acc=0.4988  lr0=1.36e-05 lr1=6.81e-04
11:35:02 INFO   e2 step  6100/11000  loss=0.7005  acc=0.4988  lr0=1.36e-05 lr1=6.79e-04
11:35:37 INFO   e2 step  6150/11000  loss=0.7005  acc=0.4989  lr0=1.36e-05 lr1=6.78e-04
11:36:13 INFO   e2 step  6200/11000  loss=0.7005  acc=0.4989  lr0=1.35e-05 lr1=6.77e-04
11:36:49 INFO   e2 step  6250/11000  loss=0.7005  acc=0.4989  lr0=1.35e-05 lr1=6.76e-04
11:37:25 INFO   e2 step  6300/11000  loss=0.7005  acc=0.4988  lr0=1.35e-05 lr1=6.74e-04
11:38:00 INFO   e2 step  6350/11000  loss=0.7005  acc=0.4991  lr0=1.35e-05 lr1=6.73e-04
11:38:36 INFO   e2 step  6400/11000  loss=0.7005  acc=0.4987  lr0=1.34e-05 lr1=6.72e-04
11:39:12 INFO   e2 step  6450/11000  loss=0.7004  acc=0.4986  lr0=1.34e-05 lr1=6.70e-04
11:39:48 INFO   e2 step  6500/11000  loss=0.7005  acc=0.4983  lr0=1.34e-05 lr1=6.69e-04
11:40:23 INFO   e2 step  6550/11000  loss=0.7004  acc=0.4984  lr0=1.34e-05 lr1=6.68e-04
11:40:59 INFO   e2 step  6600/11000  loss=0.7005  acc=0.4983  lr0=1.33e-05 lr1=6.67e-04
11:41:35 INFO   e2 step  6650/11000  loss=0.7005  acc=0.4984  lr0=1.33e-05 lr1=6.65e-04
11:42:11 INFO   e2 step  6700/11000  loss=0.7004  acc=0.4984  lr0=1.33e-05 lr1=6.64e-04
11:42:46 INFO   e2 step  6750/11000  loss=0.7004  acc=0.4985  lr0=1.33e-05 lr1=6.63e-04
11:43:22 INFO   e2 step  6800/11000  loss=0.7005  acc=0.4983  lr0=1.32e-05 lr1=6.62e-04
11:43:58 INFO   e2 step  6850/11000  loss=0.7004  acc=0.4983  lr0=1.32e-05 lr1=6.60e-04
11:44:33 INFO   e2 step  6900/11000  loss=0.7004  acc=0.4984  lr0=1.32e-05 lr1=6.59e-04
11:45:09 INFO   e2 step  6950/11000  loss=0.7004  acc=0.4985  lr0=1.32e-05 lr1=6.58e-04
11:45:45 INFO   e2 step  7000/11000  loss=0.7004  acc=0.4982  lr0=1.31e-05 lr1=6.57e-04
11:46:20 INFO   e2 step  7050/11000  loss=0.7003  acc=0.4985  lr0=1.31e-05 lr1=6.55e-04
11:46:56 INFO   e2 step  7100/11000  loss=0.7003  acc=0.4985  lr0=1.31e-05 lr1=6.54e-04
11:47:32 INFO   e2 step  7150/11000  loss=0.7003  acc=0.4987  lr0=1.31e-05 lr1=6.53e-04
11:48:07 INFO   e2 step  7200/11000  loss=0.7003  acc=0.4985  lr0=1.30e-05 lr1=6.52e-04
11:48:43 INFO   e2 step  7250/11000  loss=0.7003  acc=0.4984  lr0=1.30e-05 lr1=6.50e-04
11:49:19 INFO   e2 step  7300/11000  loss=0.7002  acc=0.4986  lr0=1.30e-05 lr1=6.49e-04
11:49:55 INFO   e2 step  7350/11000  loss=0.7002  acc=0.4983  lr0=1.30e-05 lr1=6.48e-04
11:50:30 INFO   e2 step  7400/11000  loss=0.7003  acc=0.4979  lr0=1.29e-05 lr1=6.46e-04
11:51:06 INFO   e2 step  7450/11000  loss=0.7002  acc=0.4982  lr0=1.29e-05 lr1=6.45e-04
11:51:42 INFO   e2 step  7500/11000  loss=0.7002  acc=0.4984  lr0=1.29e-05 lr1=6.44e-04
11:52:17 INFO   e2 step  7550/11000  loss=0.7002  acc=0.4983  lr0=1.29e-05 lr1=6.43e-04
11:52:53 INFO   e2 step  7600/11000  loss=0.7001  acc=0.4985  lr0=1.28e-05 lr1=6.41e-04
11:53:29 INFO   e2 step  7650/11000  loss=0.7001  acc=0.4982  lr0=1.28e-05 lr1=6.40e-04
11:54:05 INFO   e2 step  7700/11000  loss=0.7001  acc=0.4983  lr0=1.28e-05 lr1=6.39e-04
11:54:40 INFO   e2 step  7750/11000  loss=0.7001  acc=0.4984  lr0=1.28e-05 lr1=6.38e-04
11:55:16 INFO   e2 step  7800/11000  loss=0.7000  acc=0.4984  lr0=1.27e-05 lr1=6.36e-04
11:55:52 INFO   e2 step  7850/11000  loss=0.7000  acc=0.4984  lr0=1.27e-05 lr1=6.35e-04
11:56:27 INFO   e2 step  7900/11000  loss=0.7000  acc=0.4984  lr0=1.27e-05 lr1=6.34e-04
11:57:03 INFO   e2 step  7950/11000  loss=0.7000  acc=0.4982  lr0=1.27e-05 lr1=6.33e-04
11:57:39 INFO   e2 step  8000/11000  loss=0.7000  acc=0.4984  lr0=1.26e-05 lr1=6.31e-04
11:58:14 INFO   e2 step  8050/11000  loss=0.7002  acc=0.4979  lr0=1.26e-05 lr1=6.30e-04
11:58:50 INFO   e2 step  8100/11000  loss=0.7002  acc=0.4979  lr0=1.26e-05 lr1=6.29e-04
11:59:26 INFO   e2 step  8150/11000  loss=0.7002  acc=0.4978  lr0=1.26e-05 lr1=6.28e-04
12:00:02 INFO   e2 step  8200/11000  loss=0.7002  acc=0.4980  lr0=1.25e-05 lr1=6.26e-04
12:00:37 INFO   e2 step  8250/11000  loss=0.7002  acc=0.4981  lr0=1.25e-05 lr1=6.25e-04
12:01:13 INFO   e2 step  8300/11000  loss=0.7002  acc=0.4979  lr0=1.25e-05 lr1=6.24e-04
12:01:49 INFO   e2 step  8350/11000  loss=0.7002  acc=0.4977  lr0=1.24e-05 lr1=6.22e-04
12:02:24 INFO   e2 step  8400/11000  loss=0.7002  acc=0.4978  lr0=1.24e-05 lr1=6.21e-04
12:03:00 INFO   e2 step  8450/11000  loss=0.7002  acc=0.4976  lr0=1.24e-05 lr1=6.20e-04
12:03:36 INFO   e2 step  8500/11000  loss=0.7002  acc=0.4975  lr0=1.24e-05 lr1=6.19e-04
12:04:11 INFO   e2 step  8550/11000  loss=0.7002  acc=0.4974  lr0=1.23e-05 lr1=6.17e-04
12:04:47 INFO   e2 step  8600/11000  loss=0.7002  acc=0.4975  lr0=1.23e-05 lr1=6.16e-04
12:05:23 INFO   e2 step  8650/11000  loss=0.7002  acc=0.4975  lr0=1.23e-05 lr1=6.15e-04
12:05:59 INFO   e2 step  8700/11000  loss=0.7002  acc=0.4974  lr0=1.23e-05 lr1=6.14e-04
12:06:34 INFO   e2 step  8750/11000  loss=0.7001  acc=0.4974  lr0=1.22e-05 lr1=6.12e-04
12:07:10 INFO   e2 step  8800/11000  loss=0.7001  acc=0.4974  lr0=1.22e-05 lr1=6.11e-04
12:07:46 INFO   e2 step  8850/11000  loss=0.7001  acc=0.4974  lr0=1.22e-05 lr1=6.10e-04
12:08:21 INFO   e2 step  8900/11000  loss=0.7001  acc=0.4974  lr0=1.22e-05 lr1=6.09e-04
12:08:57 INFO   e2 step  8950/11000  loss=0.7001  acc=0.4974  lr0=1.21e-05 lr1=6.07e-04
12:09:33 INFO   e2 step  9000/11000  loss=0.7001  acc=0.4975  lr0=1.21e-05 lr1=6.06e-04
12:10:08 INFO   e2 step  9050/11000  loss=0.7000  acc=0.4977  lr0=1.21e-05 lr1=6.05e-04
12:10:44 INFO   e2 step  9100/11000  loss=0.7000  acc=0.4979  lr0=1.21e-05 lr1=6.04e-04
12:11:20 INFO   e2 step  9150/11000  loss=0.7000  acc=0.4981  lr0=1.20e-05 lr1=6.02e-04
12:11:56 INFO   e2 step  9200/11000  loss=0.6999  acc=0.4981  lr0=1.20e-05 lr1=6.01e-04
12:12:31 INFO   e2 step  9250/11000  loss=0.6999  acc=0.4980  lr0=1.20e-05 lr1=6.00e-04
12:13:07 INFO   e2 step  9300/11000  loss=0.6999  acc=0.4980  lr0=1.20e-05 lr1=5.98e-04
12:13:43 INFO   e2 step  9350/11000  loss=0.6999  acc=0.4980  lr0=1.19e-05 lr1=5.97e-04
12:14:18 INFO   e2 step  9400/11000  loss=0.6999  acc=0.4982  lr0=1.19e-05 lr1=5.96e-04
12:14:54 INFO   e2 step  9450/11000  loss=0.6999  acc=0.4980  lr0=1.19e-05 lr1=5.95e-04
12:15:30 INFO   e2 step  9500/11000  loss=0.6999  acc=0.4980  lr0=1.19e-05 lr1=5.93e-04
12:16:05 INFO   e2 step  9550/11000  loss=0.6999  acc=0.4983  lr0=1.18e-05 lr1=5.92e-04
12:16:41 INFO   e2 step  9600/11000  loss=0.6999  acc=0.4985  lr0=1.18e-05 lr1=5.91e-04
12:17:17 INFO   e2 step  9650/11000  loss=0.6998  acc=0.4984  lr0=1.18e-05 lr1=5.90e-04
12:17:53 INFO   e2 step  9700/11000  loss=0.6998  acc=0.4984  lr0=1.18e-05 lr1=5.88e-04
12:18:28 INFO   e2 step  9750/11000  loss=0.6998  acc=0.4983  lr0=1.17e-05 lr1=5.87e-04
12:19:04 INFO   e2 step  9800/11000  loss=0.6998  acc=0.4982  lr0=1.17e-05 lr1=5.86e-04
12:19:40 INFO   e2 step  9850/11000  loss=0.6998  acc=0.4982  lr0=1.17e-05 lr1=5.85e-04
12:20:15 INFO   e2 step  9900/11000  loss=0.6998  acc=0.4981  lr0=1.17e-05 lr1=5.83e-04
12:20:51 INFO   e2 step  9950/11000  loss=0.6998  acc=0.4982  lr0=1.16e-05 lr1=5.82e-04
12:21:27 INFO   e2 step 10000/11000  loss=0.6998  acc=0.4981  lr0=1.16e-05 lr1=5.81e-04
12:22:03 INFO   e2 step 10050/11000  loss=0.6998  acc=0.4982  lr0=1.16e-05 lr1=5.80e-04
12:22:38 INFO   e2 step 10100/11000  loss=0.6998  acc=0.4984  lr0=1.16e-05 lr1=5.78e-04
12:23:14 INFO   e2 step 10150/11000  loss=0.6998  acc=0.4984  lr0=1.15e-05 lr1=5.77e-04
12:23:50 INFO   e2 step 10200/11000  loss=0.6998  acc=0.4985  lr0=1.15e-05 lr1=5.76e-04
12:24:25 INFO   e2 step 10250/11000  loss=0.6997  acc=0.4986  lr0=1.15e-05 lr1=5.74e-04
12:25:01 INFO   e2 step 10300/11000  loss=0.6997  acc=0.4987  lr0=1.15e-05 lr1=5.73e-04
12:25:37 INFO   e2 step 10350/11000  loss=0.6997  acc=0.4986  lr0=1.14e-05 lr1=5.72e-04
12:26:13 INFO   e2 step 10400/11000  loss=0.6997  acc=0.4988  lr0=1.14e-05 lr1=5.71e-04
12:26:48 INFO   e2 step 10450/11000  loss=0.6997  acc=0.4986  lr0=1.14e-05 lr1=5.69e-04
12:27:24 INFO   e2 step 10500/11000  loss=0.6997  acc=0.4985  lr0=1.14e-05 lr1=5.68e-04
12:28:00 INFO   e2 step 10550/11000  loss=0.6997  acc=0.4985  lr0=1.13e-05 lr1=5.67e-04
12:28:35 INFO   e2 step 10600/11000  loss=0.6997  acc=0.4983  lr0=1.13e-05 lr1=5.66e-04
12:29:11 INFO   e2 step 10650/11000  loss=0.6997  acc=0.4983  lr0=1.13e-05 lr1=5.64e-04
12:29:47 INFO   e2 step 10700/11000  loss=0.6997  acc=0.4983  lr0=1.13e-05 lr1=5.63e-04
12:30:23 INFO   e2 step 10750/11000  loss=0.6997  acc=0.4983  lr0=1.12e-05 lr1=5.62e-04
12:30:58 INFO   e2 step 10800/11000  loss=0.6996  acc=0.4985  lr0=1.12e-05 lr1=5.61e-04
12:31:34 INFO   e2 step 10850/11000  loss=0.6996  acc=0.4985  lr0=1.12e-05 lr1=5.59e-04
12:32:10 INFO   e2 step 10900/11000  loss=0.6996  acc=0.4986  lr0=1.12e-05 lr1=5.58e-04
12:32:45 INFO   e2 step 10950/11000  loss=0.6996  acc=0.4986  lr0=1.11e-05 lr1=5.57e-04
12:33:21 INFO   e2 step 11000/11000  loss=0.6996  acc=0.4986  lr0=1.11e-05 lr1=5.56e-04
12:38:26 INFO [epoch 2] train_loss=0.6996 train_acc=0.4986  val_loss=0.6947 val_acc=0.4966 val_auc=0.4999  elapsed=8159.4s
12:39:01 INFO   e3 step    50/11000  loss=0.7026  acc=0.4875  lr0=1.11e-05 lr1=5.54e-04
12:39:37 INFO   e3 step   100/11000  loss=0.6996  acc=0.4963  lr0=1.11e-05 lr1=5.53e-04
12:40:13 INFO   e3 step   150/11000  loss=0.7027  acc=0.4767  lr0=1.10e-05 lr1=5.52e-04
12:40:49 INFO   e3 step   200/11000  loss=0.7014  acc=0.4781  lr0=1.10e-05 lr1=5.51e-04
12:41:24 INFO   e3 step   250/11000  loss=0.7019  acc=0.4740  lr0=1.10e-05 lr1=5.49e-04
12:42:00 INFO   e3 step   300/11000  loss=0.7005  acc=0.4825  lr0=1.10e-05 lr1=5.48e-04
12:42:36 INFO   e3 step   350/11000  loss=0.7001  acc=0.4864  lr0=1.09e-05 lr1=5.47e-04
12:43:12 INFO   e3 step   400/11000  loss=0.6990  acc=0.4913  lr0=1.09e-05 lr1=5.45e-04
12:43:47 INFO   e3 step   450/11000  loss=0.6984  acc=0.4936  lr0=1.09e-05 lr1=5.44e-04
12:44:23 INFO   e3 step   500/11000  loss=0.6984  acc=0.4963  lr0=1.09e-05 lr1=5.43e-04
12:44:59 INFO   e3 step   550/11000  loss=0.6985  acc=0.4939  lr0=1.08e-05 lr1=5.42e-04
12:45:34 INFO   e3 step   600/11000  loss=0.6989  acc=0.4917  lr0=1.08e-05 lr1=5.40e-04
12:46:10 INFO   e3 step   650/11000  loss=0.6986  acc=0.4925  lr0=1.08e-05 lr1=5.39e-04
12:46:46 INFO   e3 step   700/11000  loss=0.6989  acc=0.4936  lr0=1.08e-05 lr1=5.38e-04
12:47:21 INFO   e3 step   750/11000  loss=0.6987  acc=0.4957  lr0=1.07e-05 lr1=5.37e-04
12:47:57 INFO   e3 step   800/11000  loss=0.6986  acc=0.4945  lr0=1.07e-05 lr1=5.35e-04
12:48:33 INFO   e3 step   850/11000  loss=0.6982  acc=0.4962  lr0=1.07e-05 lr1=5.34e-04
12:49:08 INFO   e3 step   900/11000  loss=0.6984  acc=0.4978  lr0=1.07e-05 lr1=5.33e-04
12:49:44 INFO   e3 step   950/11000  loss=0.6985  acc=0.4958  lr0=1.06e-05 lr1=5.32e-04
12:50:20 INFO   e3 step  1000/11000  loss=0.6982  acc=0.4973  lr0=1.06e-05 lr1=5.30e-04
12:50:56 INFO   e3 step  1050/11000  loss=0.6984  acc=0.4981  lr0=1.06e-05 lr1=5.29e-04
12:51:31 INFO   e3 step  1100/11000  loss=0.6985  acc=0.4976  lr0=1.06e-05 lr1=5.28e-04
12:52:07 INFO   e3 step  1150/11000  loss=0.6987  acc=0.4970  lr0=1.05e-05 lr1=5.27e-04
12:52:43 INFO   e3 step  1200/11000  loss=0.6985  acc=0.4978  lr0=1.05e-05 lr1=5.25e-04
12:53:19 INFO   e3 step  1250/11000  loss=0.6985  acc=0.4978  lr0=1.05e-05 lr1=5.24e-04
12:53:54 INFO   e3 step  1300/11000  loss=0.6984  acc=0.4971  lr0=1.05e-05 lr1=5.23e-04
12:54:30 INFO   e3 step  1350/11000  loss=0.6981  acc=0.4984  lr0=1.04e-05 lr1=5.21e-04
12:55:06 INFO   e3 step  1400/11000  loss=0.6981  acc=0.4992  lr0=1.04e-05 lr1=5.20e-04
12:55:42 INFO   e3 step  1450/11000  loss=0.6979  acc=0.4995  lr0=1.04e-05 lr1=5.19e-04
12:56:18 INFO   e3 step  1500/11000  loss=0.6980  acc=0.4987  lr0=1.04e-05 lr1=5.18e-04
12:56:53 INFO   e3 step  1550/11000  loss=0.6979  acc=0.4986  lr0=1.03e-05 lr1=5.16e-04
12:57:29 INFO   e3 step  1600/11000  loss=0.6982  acc=0.4978  lr0=1.03e-05 lr1=5.15e-04
12:58:05 INFO   e3 step  1650/11000  loss=0.6980  acc=0.4984  lr0=1.03e-05 lr1=5.14e-04
12:58:40 INFO   e3 step  1700/11000  loss=0.6979  acc=0.4989  lr0=1.03e-05 lr1=5.13e-04
12:59:16 INFO   e3 step  1750/11000  loss=0.6979  acc=0.4991  lr0=1.02e-05 lr1=5.11e-04
12:59:52 INFO   e3 step  1800/11000  loss=0.6977  acc=0.4999  lr0=1.02e-05 lr1=5.10e-04
13:00:27 INFO   e3 step  1850/11000  loss=0.6977  acc=0.4993  lr0=1.02e-05 lr1=5.09e-04
13:01:03 INFO   e3 step  1900/11000  loss=0.6975  acc=0.5002  lr0=1.02e-05 lr1=5.08e-04
13:01:39 INFO   e3 step  1950/11000  loss=0.6975  acc=0.4997  lr0=1.01e-05 lr1=5.06e-04
13:02:15 INFO   e3 step  2000/11000  loss=0.6977  acc=0.4991  lr0=1.01e-05 lr1=5.05e-04
13:02:50 INFO   e3 step  2050/11000  loss=0.6978  acc=0.4982  lr0=1.01e-05 lr1=5.04e-04
13:03:26 INFO   e3 step  2100/11000  loss=0.6978  acc=0.4980  lr0=1.01e-05 lr1=5.03e-04
13:04:02 INFO   e3 step  2150/11000  loss=0.6978  acc=0.4985  lr0=1.00e-05 lr1=5.01e-04
13:04:38 INFO   e3 step  2200/11000  loss=0.6980  acc=0.4981  lr0=1.00e-05 lr1=5.00e-04
13:05:13 INFO   e3 step  2250/11000  loss=0.6980  acc=0.4982  lr0=9.97e-06 lr1=4.99e-04
13:05:49 INFO   e3 step  2300/11000  loss=0.6982  acc=0.4983  lr0=9.95e-06 lr1=4.97e-04
13:06:25 INFO   e3 step  2350/11000  loss=0.6981  acc=0.4983  lr0=9.92e-06 lr1=4.96e-04
13:07:01 INFO   e3 step  2400/11000  loss=0.6980  acc=0.4984  lr0=9.90e-06 lr1=4.95e-04
13:07:37 INFO   e3 step  2450/11000  loss=0.6979  acc=0.4984  lr0=9.87e-06 lr1=4.94e-04
13:08:12 INFO   e3 step  2500/11000  loss=0.6980  acc=0.4978  lr0=9.85e-06 lr1=4.92e-04
13:08:48 INFO   e3 step  2550/11000  loss=0.6979  acc=0.4978  lr0=9.82e-06 lr1=4.91e-04
13:09:24 INFO   e3 step  2600/11000  loss=0.6979  acc=0.4975  lr0=9.80e-06 lr1=4.90e-04
13:10:00 INFO   e3 step  2650/11000  loss=0.6979  acc=0.4977  lr0=9.77e-06 lr1=4.89e-04
13:10:35 INFO   e3 step  2700/11000  loss=0.6978  acc=0.4981  lr0=9.75e-06 lr1=4.87e-04
13:11:11 INFO   e3 step  2750/11000  loss=0.6978  acc=0.4984  lr0=9.72e-06 lr1=4.86e-04
13:11:47 INFO   e3 step  2800/11000  loss=0.6978  acc=0.4980  lr0=9.70e-06 lr1=4.85e-04
13:12:23 INFO   e3 step  2850/11000  loss=0.6977  acc=0.4985  lr0=9.67e-06 lr1=4.84e-04
13:12:58 INFO   e3 step  2900/11000  loss=0.6977  acc=0.4985  lr0=9.65e-06 lr1=4.82e-04
13:13:34 INFO   e3 step  2950/11000  loss=0.6978  acc=0.4982  lr0=9.62e-06 lr1=4.81e-04
13:14:10 INFO   e3 step  3000/11000  loss=0.6978  acc=0.4984  lr0=9.60e-06 lr1=4.80e-04
13:14:46 INFO   e3 step  3050/11000  loss=0.6978  acc=0.4990  lr0=9.57e-06 lr1=4.79e-04
13:15:21 INFO   e3 step  3100/11000  loss=0.6979  acc=0.4991  lr0=9.55e-06 lr1=4.77e-04
13:15:57 INFO   e3 step  3150/11000  loss=0.6978  acc=0.4992  lr0=9.52e-06 lr1=4.76e-04
13:16:33 INFO   e3 step  3200/11000  loss=0.6978  acc=0.4996  lr0=9.49e-06 lr1=4.75e-04
13:17:08 INFO   e3 step  3250/11000  loss=0.6979  acc=0.4995  lr0=9.47e-06 lr1=4.73e-04
13:17:44 INFO   e3 step  3300/11000  loss=0.6978  acc=0.4993  lr0=9.44e-06 lr1=4.72e-04
13:18:20 INFO   e3 step  3350/11000  loss=0.6978  acc=0.4995  lr0=9.42e-06 lr1=4.71e-04
13:18:56 INFO   e3 step  3400/11000  loss=0.6978  acc=0.4992  lr0=9.39e-06 lr1=4.70e-04
13:19:31 INFO   e3 step  3450/11000  loss=0.6978  acc=0.4994  lr0=9.37e-06 lr1=4.68e-04
13:20:07 INFO   e3 step  3500/11000  loss=0.6977  acc=0.4997  lr0=9.34e-06 lr1=4.67e-04
13:20:43 INFO   e3 step  3550/11000  loss=0.6978  acc=0.5004  lr0=9.32e-06 lr1=4.66e-04
13:21:18 INFO   e3 step  3600/11000  loss=0.6977  acc=0.5005  lr0=9.29e-06 lr1=4.65e-04
13:21:54 INFO   e3 step  3650/11000  loss=0.6976  acc=0.5006  lr0=9.27e-06 lr1=4.63e-04
13:22:30 INFO   e3 step  3700/11000  loss=0.6976  acc=0.5006  lr0=9.24e-06 lr1=4.62e-04
13:23:06 INFO   e3 step  3750/11000  loss=0.6977  acc=0.5002  lr0=9.22e-06 lr1=4.61e-04
13:23:41 INFO   e3 step  3800/11000  loss=0.6977  acc=0.5002  lr0=9.19e-06 lr1=4.60e-04
13:24:17 INFO   e3 step  3850/11000  loss=0.6977  acc=0.5001  lr0=9.17e-06 lr1=4.58e-04
13:24:53 INFO   e3 step  3900/11000  loss=0.6977  acc=0.4999  lr0=9.14e-06 lr1=4.57e-04
13:25:28 INFO   e3 step  3950/11000  loss=0.6977  acc=0.4997  lr0=9.12e-06 lr1=4.56e-04
13:26:04 INFO   e3 step  4000/11000  loss=0.6977  acc=0.4998  lr0=9.09e-06 lr1=4.55e-04
13:26:40 INFO   e3 step  4050/11000  loss=0.6977  acc=0.4996  lr0=9.07e-06 lr1=4.53e-04
13:27:16 INFO   e3 step  4100/11000  loss=0.6977  acc=0.4993  lr0=9.04e-06 lr1=4.52e-04
13:27:51 INFO   e3 step  4150/11000  loss=0.6977  acc=0.4996  lr0=9.02e-06 lr1=4.51e-04
13:28:27 INFO   e3 step  4200/11000  loss=0.6978  acc=0.4994  lr0=8.99e-06 lr1=4.49e-04
13:29:03 INFO   e3 step  4250/11000  loss=0.6978  acc=0.4991  lr0=8.96e-06 lr1=4.48e-04
13:29:39 INFO   e3 step  4300/11000  loss=0.6978  acc=0.4987  lr0=8.94e-06 lr1=4.47e-04
13:30:14 INFO   e3 step  4350/11000  loss=0.6978  acc=0.4986  lr0=8.91e-06 lr1=4.46e-04
13:30:50 INFO   e3 step  4400/11000  loss=0.6977  acc=0.4984  lr0=8.89e-06 lr1=4.44e-04
13:31:26 INFO   e3 step  4450/11000  loss=0.6977  acc=0.4982  lr0=8.86e-06 lr1=4.43e-04
13:32:01 INFO   e3 step  4500/11000  loss=0.6977  acc=0.4980  lr0=8.84e-06 lr1=4.42e-04
13:32:37 INFO   e3 step  4550/11000  loss=0.6977  acc=0.4979  lr0=8.81e-06 lr1=4.41e-04
13:33:13 INFO   e3 step  4600/11000  loss=0.6978  acc=0.4979  lr0=8.79e-06 lr1=4.39e-04
13:33:49 INFO   e3 step  4650/11000  loss=0.6977  acc=0.4982  lr0=8.76e-06 lr1=4.38e-04
13:34:24 INFO   e3 step  4700/11000  loss=0.6978  acc=0.4982  lr0=8.74e-06 lr1=4.37e-04
13:35:00 INFO   e3 step  4750/11000  loss=0.6978  acc=0.4983  lr0=8.71e-06 lr1=4.36e-04
13:35:36 INFO   e3 step  4800/11000  loss=0.6978  acc=0.4985  lr0=8.69e-06 lr1=4.34e-04
13:36:12 INFO   e3 step  4850/11000  loss=0.6977  acc=0.4993  lr0=8.66e-06 lr1=4.33e-04
13:36:47 INFO   e3 step  4900/11000  loss=0.6977  acc=0.4995  lr0=8.64e-06 lr1=4.32e-04
13:37:23 INFO   e3 step  4950/11000  loss=0.6976  acc=0.4993  lr0=8.61e-06 lr1=4.31e-04
13:37:59 INFO   e3 step  5000/11000  loss=0.6976  acc=0.4991  lr0=8.59e-06 lr1=4.29e-04
13:38:34 INFO   e3 step  5050/11000  loss=0.6976  acc=0.4989  lr0=8.56e-06 lr1=4.28e-04
13:39:10 INFO   e3 step  5100/11000  loss=0.6977  acc=0.4988  lr0=8.54e-06 lr1=4.27e-04
13:39:46 INFO   e3 step  5150/11000  loss=0.6976  acc=0.4989  lr0=8.51e-06 lr1=4.26e-04
13:40:22 INFO   e3 step  5200/11000  loss=0.6976  acc=0.4990  lr0=8.48e-06 lr1=4.24e-04
13:40:57 INFO   e3 step  5250/11000  loss=0.6976  acc=0.4988  lr0=8.46e-06 lr1=4.23e-04
13:41:33 INFO   e3 step  5300/11000  loss=0.6977  acc=0.4985  lr0=8.43e-06 lr1=4.22e-04
13:42:09 INFO   e3 step  5350/11000  loss=0.6976  acc=0.4984  lr0=8.41e-06 lr1=4.20e-04
13:42:45 INFO   e3 step  5400/11000  loss=0.6976  acc=0.4984  lr0=8.38e-06 lr1=4.19e-04
13:43:20 INFO   e3 step  5450/11000  loss=0.6976  acc=0.4985  lr0=8.36e-06 lr1=4.18e-04
13:43:56 INFO   e3 step  5500/11000  loss=0.6976  acc=0.4986  lr0=8.33e-06 lr1=4.17e-04
13:44:32 INFO   e3 step  5550/11000  loss=0.6976  acc=0.4985  lr0=8.31e-06 lr1=4.15e-04
13:45:08 INFO   e3 step  5600/11000  loss=0.6975  acc=0.4988  lr0=8.28e-06 lr1=4.14e-04
13:45:43 INFO   e3 step  5650/11000  loss=0.6975  acc=0.4986  lr0=8.26e-06 lr1=4.13e-04
13:46:19 INFO   e3 step  5700/11000  loss=0.6975  acc=0.4986  lr0=8.23e-06 lr1=4.12e-04
13:46:55 INFO   e3 step  5750/11000  loss=0.6976  acc=0.4983  lr0=8.21e-06 lr1=4.10e-04
13:47:30 INFO   e3 step  5800/11000  loss=0.6975  acc=0.4986  lr0=8.18e-06 lr1=4.09e-04
13:48:06 INFO   e3 step  5850/11000  loss=0.6975  acc=0.4987  lr0=8.16e-06 lr1=4.08e-04
13:48:42 INFO   e3 step  5900/11000  loss=0.6976  acc=0.4986  lr0=8.13e-06 lr1=4.07e-04
13:49:18 INFO   e3 step  5950/11000  loss=0.6975  acc=0.4987  lr0=8.11e-06 lr1=4.05e-04
13:49:53 INFO   e3 step  6000/11000  loss=0.6975  acc=0.4989  lr0=8.08e-06 lr1=4.04e-04
13:50:29 INFO   e3 step  6050/11000  loss=0.6975  acc=0.4989  lr0=8.06e-06 lr1=4.03e-04
13:51:05 INFO   e3 step  6100/11000  loss=0.6975  acc=0.4989  lr0=8.03e-06 lr1=4.02e-04
13:51:41 INFO   e3 step  6150/11000  loss=0.6975  acc=0.4987  lr0=8.01e-06 lr1=4.00e-04
13:52:16 INFO   e3 step  6200/11000  loss=0.6975  acc=0.4984  lr0=7.98e-06 lr1=3.99e-04
13:52:52 INFO   e3 step  6250/11000  loss=0.6975  acc=0.4986  lr0=7.95e-06 lr1=3.98e-04
13:53:28 INFO   e3 step  6300/11000  loss=0.6975  acc=0.4983  lr0=7.93e-06 lr1=3.96e-04
13:54:03 INFO   e3 step  6350/11000  loss=0.6974  acc=0.4983  lr0=7.90e-06 lr1=3.95e-04
13:54:39 INFO   e3 step  6400/11000  loss=0.6974  acc=0.4988  lr0=7.88e-06 lr1=3.94e-04
13:55:15 INFO   e3 step  6450/11000  loss=0.6974  acc=0.4990  lr0=7.85e-06 lr1=3.93e-04
13:55:51 INFO   e3 step  6500/11000  loss=0.6973  acc=0.4990  lr0=7.83e-06 lr1=3.91e-04
13:56:26 INFO   e3 step  6550/11000  loss=0.6973  acc=0.4990  lr0=7.80e-06 lr1=3.90e-04
13:57:02 INFO   e3 step  6600/11000  loss=0.6973  acc=0.4991  lr0=7.78e-06 lr1=3.89e-04
13:57:38 INFO   e3 step  6650/11000  loss=0.6973  acc=0.4990  lr0=7.75e-06 lr1=3.88e-04
13:58:14 INFO   e3 step  6700/11000  loss=0.6973  acc=0.4988  lr0=7.73e-06 lr1=3.86e-04
13:58:49 INFO   e3 step  6750/11000  loss=0.6973  acc=0.4986  lr0=7.70e-06 lr1=3.85e-04
13:59:25 INFO   e3 step  6800/11000  loss=0.6973  acc=0.4989  lr0=7.68e-06 lr1=3.84e-04
14:00:01 INFO   e3 step  6850/11000  loss=0.6973  acc=0.4988  lr0=7.65e-06 lr1=3.83e-04
14:00:36 INFO   e3 step  6900/11000  loss=0.6973  acc=0.4984  lr0=7.63e-06 lr1=3.81e-04
14:01:12 INFO   e3 step  6950/11000  loss=0.6973  acc=0.4981  lr0=7.60e-06 lr1=3.80e-04
14:01:48 INFO   e3 step  7000/11000  loss=0.6973  acc=0.4983  lr0=7.58e-06 lr1=3.79e-04
14:02:23 INFO   e3 step  7050/11000  loss=0.6973  acc=0.4984  lr0=7.55e-06 lr1=3.78e-04
14:02:59 INFO   e3 step  7100/11000  loss=0.6973  acc=0.4985  lr0=7.53e-06 lr1=3.76e-04
14:03:35 INFO   e3 step  7150/11000  loss=0.6973  acc=0.4986  lr0=7.50e-06 lr1=3.75e-04
14:04:11 INFO   e3 step  7200/11000  loss=0.6973  acc=0.4985  lr0=7.47e-06 lr1=3.74e-04
14:04:46 INFO   e3 step  7250/11000  loss=0.6973  acc=0.4984  lr0=7.45e-06 lr1=3.72e-04
14:05:22 INFO   e3 step  7300/11000  loss=0.6973  acc=0.4984  lr0=7.42e-06 lr1=3.71e-04
14:05:58 INFO   e3 step  7350/11000  loss=0.6973  acc=0.4984  lr0=7.40e-06 lr1=3.70e-04
14:06:34 INFO   e3 step  7400/11000  loss=0.6973  acc=0.4983  lr0=7.37e-06 lr1=3.69e-04
14:07:09 INFO   e3 step  7450/11000  loss=0.6973  acc=0.4982  lr0=7.35e-06 lr1=3.67e-04
14:07:45 INFO   e3 step  7500/11000  loss=0.6973  acc=0.4982  lr0=7.32e-06 lr1=3.66e-04
14:08:21 INFO   e3 step  7550/11000  loss=0.6974  acc=0.4979  lr0=7.30e-06 lr1=3.65e-04
14:08:57 INFO   e3 step  7600/11000  loss=0.6973  acc=0.4980  lr0=7.27e-06 lr1=3.64e-04
14:09:32 INFO   e3 step  7650/11000  loss=0.6973  acc=0.4980  lr0=7.25e-06 lr1=3.62e-04
14:10:08 INFO   e3 step  7700/11000  loss=0.6973  acc=0.4980  lr0=7.22e-06 lr1=3.61e-04
14:10:44 INFO   e3 step  7750/11000  loss=0.6973  acc=0.4978  lr0=7.20e-06 lr1=3.60e-04
14:11:20 INFO   e3 step  7800/11000  loss=0.6973  acc=0.4981  lr0=7.17e-06 lr1=3.59e-04
14:11:55 INFO   e3 step  7850/11000  loss=0.6973  acc=0.4983  lr0=7.15e-06 lr1=3.57e-04
14:12:31 INFO   e3 step  7900/11000  loss=0.6972  acc=0.4982  lr0=7.12e-06 lr1=3.56e-04
14:13:07 INFO   e3 step  7950/11000  loss=0.6973  acc=0.4981  lr0=7.10e-06 lr1=3.55e-04
14:13:43 INFO   e3 step  8000/11000  loss=0.6973  acc=0.4982  lr0=7.07e-06 lr1=3.54e-04
14:14:18 INFO   e3 step  8050/11000  loss=0.6973  acc=0.4981  lr0=7.05e-06 lr1=3.52e-04
14:14:54 INFO   e3 step  8100/11000  loss=0.6973  acc=0.4980  lr0=7.02e-06 lr1=3.51e-04
14:15:30 INFO   e3 step  8150/11000  loss=0.6972  acc=0.4981  lr0=6.99e-06 lr1=3.50e-04
14:16:05 INFO   e3 step  8200/11000  loss=0.6972  acc=0.4980  lr0=6.97e-06 lr1=3.48e-04
14:16:41 INFO   e3 step  8250/11000  loss=0.6972  acc=0.4979  lr0=6.94e-06 lr1=3.47e-04
14:17:17 INFO   e3 step  8300/11000  loss=0.6972  acc=0.4976  lr0=6.92e-06 lr1=3.46e-04
14:17:53 INFO   e3 step  8350/11000  loss=0.6972  acc=0.4976  lr0=6.89e-06 lr1=3.45e-04
14:18:28 INFO   e3 step  8400/11000  loss=0.6972  acc=0.4976  lr0=6.87e-06 lr1=3.43e-04
14:19:04 INFO   e3 step  8450/11000  loss=0.6972  acc=0.4976  lr0=6.84e-06 lr1=3.42e-04
14:19:40 INFO   e3 step  8500/11000  loss=0.6972  acc=0.4975  lr0=6.82e-06 lr1=3.41e-04
14:20:16 INFO   e3 step  8550/11000  loss=0.6972  acc=0.4976  lr0=6.79e-06 lr1=3.40e-04
14:20:51 INFO   e3 step  8600/11000  loss=0.6972  acc=0.4978  lr0=6.77e-06 lr1=3.38e-04
14:21:27 INFO   e3 step  8650/11000  loss=0.6972  acc=0.4977  lr0=6.74e-06 lr1=3.37e-04
14:22:03 INFO   e3 step  8700/11000  loss=0.6972  acc=0.4976  lr0=6.72e-06 lr1=3.36e-04
14:22:38 INFO   e3 step  8750/11000  loss=0.6972  acc=0.4977  lr0=6.69e-06 lr1=3.35e-04
14:23:14 INFO   e3 step  8800/11000  loss=0.6972  acc=0.4977  lr0=6.67e-06 lr1=3.33e-04
14:23:50 INFO   e3 step  8850/11000  loss=0.6972  acc=0.4977  lr0=6.64e-06 lr1=3.32e-04
14:24:26 INFO   e3 step  8900/11000  loss=0.6972  acc=0.4977  lr0=6.62e-06 lr1=3.31e-04
14:25:01 INFO   e3 step  8950/11000  loss=0.6971  acc=0.4977  lr0=6.59e-06 lr1=3.30e-04
14:25:37 INFO   e3 step  9000/11000  loss=0.6971  acc=0.4977  lr0=6.57e-06 lr1=3.28e-04
14:26:13 INFO   e3 step  9050/11000  loss=0.6971  acc=0.4978  lr0=6.54e-06 lr1=3.27e-04
14:26:49 INFO   e3 step  9100/11000  loss=0.6971  acc=0.4978  lr0=6.52e-06 lr1=3.26e-04
14:27:24 INFO   e3 step  9150/11000  loss=0.6971  acc=0.4979  lr0=6.49e-06 lr1=3.24e-04
14:28:00 INFO   e3 step  9200/11000  loss=0.6971  acc=0.4976  lr0=6.46e-06 lr1=3.23e-04
14:28:36 INFO   e3 step  9250/11000  loss=0.6971  acc=0.4976  lr0=6.44e-06 lr1=3.22e-04
14:29:12 INFO   e3 step  9300/11000  loss=0.6971  acc=0.4976  lr0=6.41e-06 lr1=3.21e-04
14:29:47 INFO   e3 step  9350/11000  loss=0.6971  acc=0.4977  lr0=6.39e-06 lr1=3.19e-04
14:30:23 INFO   e3 step  9400/11000  loss=0.6971  acc=0.4976  lr0=6.36e-06 lr1=3.18e-04
14:30:59 INFO   e3 step  9450/11000  loss=0.6971  acc=0.4975  lr0=6.34e-06 lr1=3.17e-04
14:31:35 INFO   e3 step  9500/11000  loss=0.6971  acc=0.4973  lr0=6.31e-06 lr1=3.16e-04
14:32:10 INFO   e3 step  9550/11000  loss=0.6971  acc=0.4972  lr0=6.29e-06 lr1=3.14e-04
14:32:46 INFO   e3 step  9600/11000  loss=0.6970  acc=0.4974  lr0=6.26e-06 lr1=3.13e-04
14:33:22 INFO   e3 step  9650/11000  loss=0.6971  acc=0.4974  lr0=6.24e-06 lr1=3.12e-04
14:33:58 INFO   e3 step  9700/11000  loss=0.6971  acc=0.4972  lr0=6.21e-06 lr1=3.11e-04
14:34:34 INFO   e3 step  9750/11000  loss=0.6971  acc=0.4971  lr0=6.19e-06 lr1=3.09e-04
14:35:09 INFO   e3 step  9800/11000  loss=0.6971  acc=0.4972  lr0=6.16e-06 lr1=3.08e-04
14:35:45 INFO   e3 step  9850/11000  loss=0.6971  acc=0.4971  lr0=6.14e-06 lr1=3.07e-04
14:36:21 INFO   e3 step  9900/11000  loss=0.6970  acc=0.4972  lr0=6.11e-06 lr1=3.06e-04
14:36:57 INFO   e3 step  9950/11000  loss=0.6970  acc=0.4973  lr0=6.09e-06 lr1=3.04e-04
14:37:32 INFO   e3 step 10000/11000  loss=0.6970  acc=0.4974  lr0=6.06e-06 lr1=3.03e-04
14:38:08 INFO   e3 step 10050/11000  loss=0.6970  acc=0.4973  lr0=6.04e-06 lr1=3.02e-04
14:38:44 INFO   e3 step 10100/11000  loss=0.6970  acc=0.4972  lr0=6.01e-06 lr1=3.01e-04
14:39:20 INFO   e3 step 10150/11000  loss=0.6970  acc=0.4974  lr0=5.98e-06 lr1=2.99e-04
14:39:56 INFO   e3 step 10200/11000  loss=0.6970  acc=0.4975  lr0=5.96e-06 lr1=2.98e-04
14:40:31 INFO   e3 step 10250/11000  loss=0.6970  acc=0.4975  lr0=5.93e-06 lr1=2.97e-04
14:41:07 INFO   e3 step 10300/11000  loss=0.6970  acc=0.4975  lr0=5.91e-06 lr1=2.95e-04
14:41:43 INFO   e3 step 10350/11000  loss=0.6970  acc=0.4975  lr0=5.88e-06 lr1=2.94e-04
14:42:19 INFO   e3 step 10400/11000  loss=0.6970  acc=0.4976  lr0=5.86e-06 lr1=2.93e-04
14:42:55 INFO   e3 step 10450/11000  loss=0.6970  acc=0.4978  lr0=5.83e-06 lr1=2.92e-04
14:43:30 INFO   e3 step 10500/11000  loss=0.6970  acc=0.4979  lr0=5.81e-06 lr1=2.90e-04
14:44:06 INFO   e3 step 10550/11000  loss=0.6970  acc=0.4980  lr0=5.78e-06 lr1=2.89e-04
14:44:42 INFO   e3 step 10600/11000  loss=0.6970  acc=0.4980  lr0=5.76e-06 lr1=2.88e-04
14:45:18 INFO   e3 step 10650/11000  loss=0.6969  acc=0.4983  lr0=5.73e-06 lr1=2.87e-04
14:45:53 INFO   e3 step 10700/11000  loss=0.6969  acc=0.4982  lr0=5.71e-06 lr1=2.85e-04
14:46:29 INFO   e3 step 10750/11000  loss=0.6969  acc=0.4983  lr0=5.68e-06 lr1=2.84e-04
14:47:05 INFO   e3 step 10800/11000  loss=0.6969  acc=0.4981  lr0=5.66e-06 lr1=2.83e-04
14:47:41 INFO   e3 step 10850/11000  loss=0.6969  acc=0.4981  lr0=5.63e-06 lr1=2.82e-04
14:48:17 INFO   e3 step 10900/11000  loss=0.6969  acc=0.4980  lr0=5.61e-06 lr1=2.80e-04
14:48:52 INFO   e3 step 10950/11000  loss=0.6969  acc=0.4979  lr0=5.58e-06 lr1=2.79e-04
14:49:28 INFO   e3 step 11000/11000  loss=0.6969  acc=0.4979  lr0=5.56e-06 lr1=2.78e-04
14:54:34 INFO [epoch 3] train_loss=0.6969 train_acc=0.4979  val_loss=0.6939 val_acc=0.4966 val_auc=0.5027  elapsed=8168.4s
14:55:10 INFO   e4 step    50/11000  loss=0.6965  acc=0.5000  lr0=5.53e-06 lr1=2.77e-04
14:55:46 INFO   e4 step   100/11000  loss=0.6939  acc=0.5238  lr0=5.51e-06 lr1=2.75e-04
14:56:22 INFO   e4 step   150/11000  loss=0.6945  acc=0.5142  lr0=5.48e-06 lr1=2.74e-04
14:56:57 INFO   e4 step   200/11000  loss=0.6947  acc=0.5125  lr0=5.45e-06 lr1=2.73e-04
14:57:33 INFO   e4 step   250/11000  loss=0.6940  acc=0.5115  lr0=5.43e-06 lr1=2.71e-04
14:58:09 INFO   e4 step   300/11000  loss=0.6946  acc=0.5067  lr0=5.40e-06 lr1=2.70e-04
14:58:45 INFO   e4 step   350/11000  loss=0.6946  acc=0.5043  lr0=5.38e-06 lr1=2.69e-04
14:59:20 INFO   e4 step   400/11000  loss=0.6942  acc=0.5056  lr0=5.35e-06 lr1=2.68e-04
14:59:56 INFO   e4 step   450/11000  loss=0.6945  acc=0.5025  lr0=5.33e-06 lr1=2.66e-04
15:00:32 INFO   e4 step   500/11000  loss=0.6947  acc=0.4993  lr0=5.30e-06 lr1=2.65e-04
15:01:08 INFO   e4 step   550/11000  loss=0.6945  acc=0.4986  lr0=5.28e-06 lr1=2.64e-04
15:01:43 INFO   e4 step   600/11000  loss=0.6948  acc=0.4933  lr0=5.25e-06 lr1=2.63e-04
15:02:19 INFO   e4 step   650/11000  loss=0.6951  acc=0.4910  lr0=5.23e-06 lr1=2.61e-04
15:02:55 INFO   e4 step   700/11000  loss=0.6950  acc=0.4925  lr0=5.20e-06 lr1=2.60e-04
15:03:31 INFO   e4 step   750/11000  loss=0.6949  acc=0.4932  lr0=5.18e-06 lr1=2.59e-04
15:04:06 INFO   e4 step   800/11000  loss=0.6955  acc=0.4911  lr0=5.15e-06 lr1=2.58e-04
15:04:42 INFO   e4 step   850/11000  loss=0.6958  acc=0.4888  lr0=5.13e-06 lr1=2.56e-04
15:05:18 INFO   e4 step   900/11000  loss=0.6956  acc=0.4892  lr0=5.10e-06 lr1=2.55e-04
15:05:54 INFO   e4 step   950/11000  loss=0.6957  acc=0.4891  lr0=5.08e-06 lr1=2.54e-04
15:06:29 INFO   e4 step  1000/11000  loss=0.6956  acc=0.4890  lr0=5.05e-06 lr1=2.53e-04
15:07:05 INFO   e4 step  1050/11000  loss=0.6956  acc=0.4896  lr0=5.03e-06 lr1=2.51e-04
15:07:41 INFO   e4 step  1100/11000  loss=0.6956  acc=0.4906  lr0=5.00e-06 lr1=2.50e-04
15:08:17 INFO   e4 step  1150/11000  loss=0.6955  acc=0.4915  lr0=4.97e-06 lr1=2.49e-04
15:08:53 INFO   e4 step  1200/11000  loss=0.6956  acc=0.4903  lr0=4.95e-06 lr1=2.47e-04
15:09:28 INFO   e4 step  1250/11000  loss=0.6956  acc=0.4906  lr0=4.92e-06 lr1=2.46e-04
15:10:04 INFO   e4 step  1300/11000  loss=0.6957  acc=0.4901  lr0=4.90e-06 lr1=2.45e-04
15:10:40 INFO   e4 step  1350/11000  loss=0.6957  acc=0.4901  lr0=4.87e-06 lr1=2.44e-04
15:11:16 INFO   e4 step  1400/11000  loss=0.6959  acc=0.4896  lr0=4.85e-06 lr1=2.42e-04
15:11:51 INFO   e4 step  1450/11000  loss=0.6958  acc=0.4904  lr0=4.82e-06 lr1=2.41e-04
15:12:27 INFO   e4 step  1500/11000  loss=0.6958  acc=0.4908  lr0=4.80e-06 lr1=2.40e-04
15:13:03 INFO   e4 step  1550/11000  loss=0.6958  acc=0.4907  lr0=4.77e-06 lr1=2.39e-04
15:13:39 INFO   e4 step  1600/11000  loss=0.6958  acc=0.4910  lr0=4.75e-06 lr1=2.37e-04
15:14:14 INFO   e4 step  1650/11000  loss=0.6959  acc=0.4908  lr0=4.72e-06 lr1=2.36e-04
15:14:50 INFO   e4 step  1700/11000  loss=0.6959  acc=0.4910  lr0=4.70e-06 lr1=2.35e-04
15:15:26 INFO   e4 step  1750/11000  loss=0.6959  acc=0.4909  lr0=4.67e-06 lr1=2.34e-04
15:16:02 INFO   e4 step  1800/11000  loss=0.6960  acc=0.4895  lr0=4.65e-06 lr1=2.32e-04
15:16:37 INFO   e4 step  1850/11000  loss=0.6960  acc=0.4886  lr0=4.62e-06 lr1=2.31e-04
15:17:13 INFO   e4 step  1900/11000  loss=0.6959  acc=0.4894  lr0=4.60e-06 lr1=2.30e-04
15:17:49 INFO   e4 step  1950/11000  loss=0.6959  acc=0.4903  lr0=4.57e-06 lr1=2.29e-04
15:18:25 INFO   e4 step  2000/11000  loss=0.6959  acc=0.4906  lr0=4.55e-06 lr1=2.27e-04
15:19:01 INFO   e4 step  2050/11000  loss=0.6959  acc=0.4901  lr0=4.52e-06 lr1=2.26e-04
15:19:36 INFO   e4 step  2100/11000  loss=0.6959  acc=0.4899  lr0=4.49e-06 lr1=2.25e-04
15:20:12 INFO   e4 step  2150/11000  loss=0.6958  acc=0.4903  lr0=4.47e-06 lr1=2.23e-04
15:20:48 INFO   e4 step  2200/11000  loss=0.6958  acc=0.4908  lr0=4.44e-06 lr1=2.22e-04
15:21:24 INFO   e4 step  2250/11000  loss=0.6958  acc=0.4905  lr0=4.42e-06 lr1=2.21e-04
15:21:59 INFO   e4 step  2300/11000  loss=0.6958  acc=0.4903  lr0=4.39e-06 lr1=2.20e-04
15:22:35 INFO   e4 step  2350/11000  loss=0.6958  acc=0.4905  lr0=4.37e-06 lr1=2.18e-04
15:23:11 INFO   e4 step  2400/11000  loss=0.6958  acc=0.4899  lr0=4.34e-06 lr1=2.17e-04
15:23:47 INFO   e4 step  2450/11000  loss=0.6957  acc=0.4910  lr0=4.32e-06 lr1=2.16e-04
15:24:23 INFO   e4 step  2500/11000  loss=0.6957  acc=0.4914  lr0=4.29e-06 lr1=2.15e-04
15:24:58 INFO   e4 step  2550/11000  loss=0.6957  acc=0.4914  lr0=4.27e-06 lr1=2.13e-04
15:25:34 INFO   e4 step  2600/11000  loss=0.6958  acc=0.4903  lr0=4.24e-06 lr1=2.12e-04
15:26:10 INFO   e4 step  2650/11000  loss=0.6957  acc=0.4914  lr0=4.22e-06 lr1=2.11e-04
15:26:46 INFO   e4 step  2700/11000  loss=0.6956  acc=0.4923  lr0=4.19e-06 lr1=2.10e-04
15:27:21 INFO   e4 step  2750/11000  loss=0.6956  acc=0.4925  lr0=4.17e-06 lr1=2.08e-04
15:27:57 INFO   e4 step  2800/11000  loss=0.6956  acc=0.4921  lr0=4.14e-06 lr1=2.07e-04
15:28:33 INFO   e4 step  2850/11000  loss=0.6957  acc=0.4916  lr0=4.12e-06 lr1=2.06e-04
15:29:09 INFO   e4 step  2900/11000  loss=0.6957  acc=0.4913  lr0=4.09e-06 lr1=2.05e-04
15:29:44 INFO   e4 step  2950/11000  loss=0.6957  acc=0.4907  lr0=4.07e-06 lr1=2.03e-04
15:30:20 INFO   e4 step  3000/11000  loss=0.6957  acc=0.4905  lr0=4.04e-06 lr1=2.02e-04
15:30:56 INFO   e4 step  3050/11000  loss=0.6957  acc=0.4907  lr0=4.02e-06 lr1=2.01e-04
15:31:32 INFO   e4 step  3100/11000  loss=0.6956  acc=0.4909  lr0=3.99e-06 lr1=1.99e-04
15:32:07 INFO   e4 step  3150/11000  loss=0.6956  acc=0.4912  lr0=3.96e-06 lr1=1.98e-04
15:32:43 INFO   e4 step  3200/11000  loss=0.6956  acc=0.4911  lr0=3.94e-06 lr1=1.97e-04
15:33:19 INFO   e4 step  3250/11000  loss=0.6955  acc=0.4920  lr0=3.91e-06 lr1=1.96e-04
15:33:55 INFO   e4 step  3300/11000  loss=0.6956  acc=0.4923  lr0=3.89e-06 lr1=1.94e-04
15:34:31 INFO   e4 step  3350/11000  loss=0.6955  acc=0.4926  lr0=3.86e-06 lr1=1.93e-04
15:35:06 INFO   e4 step  3400/11000  loss=0.6955  acc=0.4923  lr0=3.84e-06 lr1=1.92e-04
15:35:42 INFO   e4 step  3450/11000  loss=0.6955  acc=0.4925  lr0=3.81e-06 lr1=1.91e-04
15:36:18 INFO   e4 step  3500/11000  loss=0.6955  acc=0.4930  lr0=3.79e-06 lr1=1.89e-04
15:36:54 INFO   e4 step  3550/11000  loss=0.6955  acc=0.4933  lr0=3.76e-06 lr1=1.88e-04
15:37:30 INFO   e4 step  3600/11000  loss=0.6955  acc=0.4932  lr0=3.74e-06 lr1=1.87e-04
15:38:05 INFO   e4 step  3650/11000  loss=0.6956  acc=0.4929  lr0=3.71e-06 lr1=1.86e-04
15:38:41 INFO   e4 step  3700/11000  loss=0.6956  acc=0.4931  lr0=3.69e-06 lr1=1.84e-04
15:39:17 INFO   e4 step  3750/11000  loss=0.6955  acc=0.4932  lr0=3.66e-06 lr1=1.83e-04
15:39:53 INFO   e4 step  3800/11000  loss=0.6955  acc=0.4934  lr0=3.64e-06 lr1=1.82e-04
15:40:29 INFO   e4 step  3850/11000  loss=0.6955  acc=0.4932  lr0=3.61e-06 lr1=1.81e-04
15:41:04 INFO   e4 step  3900/11000  loss=0.6955  acc=0.4929  lr0=3.59e-06 lr1=1.79e-04
15:41:40 INFO   e4 step  3950/11000  loss=0.6955  acc=0.4928  lr0=3.56e-06 lr1=1.78e-04
15:42:16 INFO   e4 step  4000/11000  loss=0.6955  acc=0.4925  lr0=3.54e-06 lr1=1.77e-04
15:42:52 INFO   e4 step  4050/11000  loss=0.6955  acc=0.4923  lr0=3.51e-06 lr1=1.76e-04
15:43:27 INFO   e4 step  4100/11000  loss=0.6955  acc=0.4923  lr0=3.48e-06 lr1=1.74e-04
15:44:03 INFO   e4 step  4150/11000  loss=0.6955  acc=0.4922  lr0=3.46e-06 lr1=1.73e-04
15:44:39 INFO   e4 step  4200/11000  loss=0.6956  acc=0.4920  lr0=3.43e-06 lr1=1.72e-04
15:45:15 INFO   e4 step  4250/11000  loss=0.6955  acc=0.4923  lr0=3.41e-06 lr1=1.70e-04
15:45:51 INFO   e4 step  4300/11000  loss=0.6956  acc=0.4917  lr0=3.38e-06 lr1=1.69e-04
15:46:27 INFO   e4 step  4350/11000  loss=0.6956  acc=0.4916  lr0=3.36e-06 lr1=1.68e-04
15:47:02 INFO   e4 step  4400/11000  loss=0.6956  acc=0.4916  lr0=3.33e-06 lr1=1.67e-04
15:47:38 INFO   e4 step  4450/11000  loss=0.6956  acc=0.4910  lr0=3.31e-06 lr1=1.65e-04
15:48:14 INFO   e4 step  4500/11000  loss=0.6956  acc=0.4909  lr0=3.28e-06 lr1=1.64e-04
15:48:50 INFO   e4 step  4550/11000  loss=0.6956  acc=0.4907  lr0=3.26e-06 lr1=1.63e-04
15:49:25 INFO   e4 step  4600/11000  loss=0.6956  acc=0.4907  lr0=3.23e-06 lr1=1.62e-04
15:50:01 INFO   e4 step  4650/11000  loss=0.6956  acc=0.4903  lr0=3.21e-06 lr1=1.60e-04
15:50:37 INFO   e4 step  4700/11000  loss=0.6956  acc=0.4907  lr0=3.18e-06 lr1=1.59e-04
15:51:13 INFO   e4 step  4750/11000  loss=0.6956  acc=0.4910  lr0=3.16e-06 lr1=1.58e-04
15:51:49 INFO   e4 step  4800/11000  loss=0.6955  acc=0.4909  lr0=3.13e-06 lr1=1.57e-04
15:52:24 INFO   e4 step  4850/11000  loss=0.6956  acc=0.4909  lr0=3.11e-06 lr1=1.55e-04
15:53:00 INFO   e4 step  4900/11000  loss=0.6956  acc=0.4909  lr0=3.08e-06 lr1=1.54e-04
15:53:36 INFO   e4 step  4950/11000  loss=0.6955  acc=0.4908  lr0=3.06e-06 lr1=1.53e-04
15:54:12 INFO   e4 step  5000/11000  loss=0.6955  acc=0.4908  lr0=3.03e-06 lr1=1.52e-04
15:54:48 INFO   e4 step  5050/11000  loss=0.6954  acc=0.4915  lr0=3.01e-06 lr1=1.50e-04
15:55:23 INFO   e4 step  5100/11000  loss=0.6955  acc=0.4908  lr0=2.98e-06 lr1=1.49e-04
15:55:59 INFO   e4 step  5150/11000  loss=0.6955  acc=0.4911  lr0=2.95e-06 lr1=1.48e-04
15:56:35 INFO   e4 step  5200/11000  loss=0.6955  acc=0.4912  lr0=2.93e-06 lr1=1.46e-04
15:57:11 INFO   e4 step  5250/11000  loss=0.6955  acc=0.4912  lr0=2.90e-06 lr1=1.45e-04
15:57:47 INFO   e4 step  5300/11000  loss=0.6955  acc=0.4912  lr0=2.88e-06 lr1=1.44e-04
15:58:22 INFO   e4 step  5350/11000  loss=0.6955  acc=0.4909  lr0=2.85e-06 lr1=1.43e-04
15:58:58 INFO   e4 step  5400/11000  loss=0.6955  acc=0.4910  lr0=2.83e-06 lr1=1.41e-04
15:59:34 INFO   e4 step  5450/11000  loss=0.6955  acc=0.4912  lr0=2.80e-06 lr1=1.40e-04
16:00:10 INFO   e4 step  5500/11000  loss=0.6955  acc=0.4910  lr0=2.78e-06 lr1=1.39e-04
16:00:46 INFO   e4 step  5550/11000  loss=0.6955  acc=0.4907  lr0=2.75e-06 lr1=1.38e-04
16:01:22 INFO   e4 step  5600/11000  loss=0.6955  acc=0.4910  lr0=2.73e-06 lr1=1.36e-04
16:01:57 INFO   e4 step  5650/11000  loss=0.6954  acc=0.4910  lr0=2.70e-06 lr1=1.35e-04
16:02:33 INFO   e4 step  5700/11000  loss=0.6954  acc=0.4912  lr0=2.68e-06 lr1=1.34e-04
16:03:09 INFO   e4 step  5750/11000  loss=0.6954  acc=0.4912  lr0=2.65e-06 lr1=1.33e-04
16:03:45 INFO   e4 step  5800/11000  loss=0.6954  acc=0.4913  lr0=2.63e-06 lr1=1.31e-04
16:04:21 INFO   e4 step  5850/11000  loss=0.6954  acc=0.4916  lr0=2.60e-06 lr1=1.30e-04
16:04:56 INFO   e4 step  5900/11000  loss=0.6954  acc=0.4919  lr0=2.58e-06 lr1=1.29e-04
16:05:32 INFO   e4 step  5950/11000  loss=0.6954  acc=0.4917  lr0=2.55e-06 lr1=1.28e-04
16:06:08 INFO   e4 step  6000/11000  loss=0.6954  acc=0.4916  lr0=2.53e-06 lr1=1.26e-04
16:06:44 INFO   e4 step  6050/11000  loss=0.6953  acc=0.4921  lr0=2.50e-06 lr1=1.25e-04
16:07:19 INFO   e4 step  6100/11000  loss=0.6953  acc=0.4924  lr0=2.47e-06 lr1=1.24e-04
16:07:55 INFO   e4 step  6150/11000  loss=0.6953  acc=0.4925  lr0=2.45e-06 lr1=1.22e-04
16:08:31 INFO   e4 step  6200/11000  loss=0.6953  acc=0.4924  lr0=2.42e-06 lr1=1.21e-04
16:09:07 INFO   e4 step  6250/11000  loss=0.6953  acc=0.4924  lr0=2.40e-06 lr1=1.20e-04
16:09:43 INFO   e4 step  6300/11000  loss=0.6953  acc=0.4926  lr0=2.37e-06 lr1=1.19e-04
16:10:18 INFO   e4 step  6350/11000  loss=0.6953  acc=0.4926  lr0=2.35e-06 lr1=1.17e-04
16:10:54 INFO   e4 step  6400/11000  loss=0.6953  acc=0.4928  lr0=2.32e-06 lr1=1.16e-04
16:11:30 INFO   e4 step  6450/11000  loss=0.6953  acc=0.4929  lr0=2.30e-06 lr1=1.15e-04
16:12:06 INFO   e4 step  6500/11000  loss=0.6953  acc=0.4926  lr0=2.27e-06 lr1=1.14e-04
16:12:42 INFO   e4 step  6550/11000  loss=0.6953  acc=0.4926  lr0=2.25e-06 lr1=1.12e-04
16:13:17 INFO   e4 step  6600/11000  loss=0.6953  acc=0.4931  lr0=2.22e-06 lr1=1.11e-04
16:13:53 INFO   e4 step  6650/11000  loss=0.6953  acc=0.4929  lr0=2.20e-06 lr1=1.10e-04
16:14:29 INFO   e4 step  6700/11000  loss=0.6953  acc=0.4928  lr0=2.17e-06 lr1=1.09e-04
16:15:05 INFO   e4 step  6750/11000  loss=0.6953  acc=0.4931  lr0=2.15e-06 lr1=1.07e-04
16:15:41 INFO   e4 step  6800/11000  loss=0.6953  acc=0.4931  lr0=2.12e-06 lr1=1.06e-04
16:16:16 INFO   e4 step  6850/11000  loss=0.6952  acc=0.4933  lr0=2.10e-06 lr1=1.05e-04
16:16:52 INFO   e4 step  6900/11000  loss=0.6952  acc=0.4933  lr0=2.07e-06 lr1=1.04e-04
16:17:28 INFO   e4 step  6950/11000  loss=0.6953  acc=0.4931  lr0=2.05e-06 lr1=1.02e-04
16:18:04 INFO   e4 step  7000/11000  loss=0.6952  acc=0.4931  lr0=2.02e-06 lr1=1.01e-04
16:18:40 INFO   e4 step  7050/11000  loss=0.6952  acc=0.4933  lr0=1.99e-06 lr1=9.97e-05
16:19:16 INFO   e4 step  7100/11000  loss=0.6952  acc=0.4931  lr0=1.97e-06 lr1=9.85e-05
16:19:51 INFO   e4 step  7150/11000  loss=0.6952  acc=0.4929  lr0=1.94e-06 lr1=9.72e-05
16:20:27 INFO   e4 step  7200/11000  loss=0.6952  acc=0.4929  lr0=1.92e-06 lr1=9.60e-05
16:21:03 INFO   e4 step  7250/11000  loss=0.6952  acc=0.4931  lr0=1.89e-06 lr1=9.47e-05
16:21:39 INFO   e4 step  7300/11000  loss=0.6952  acc=0.4932  lr0=1.87e-06 lr1=9.34e-05
16:22:15 INFO   e4 step  7350/11000  loss=0.6952  acc=0.4935  lr0=1.84e-06 lr1=9.22e-05
16:22:50 INFO   e4 step  7400/11000  loss=0.6952  acc=0.4935  lr0=1.82e-06 lr1=9.09e-05
16:23:26 INFO   e4 step  7450/11000  loss=0.6952  acc=0.4934  lr0=1.79e-06 lr1=8.96e-05
16:24:02 INFO   e4 step  7500/11000  loss=0.6951  acc=0.4936  lr0=1.77e-06 lr1=8.84e-05
16:24:38 INFO   e4 step  7550/11000  loss=0.6951  acc=0.4934  lr0=1.74e-06 lr1=8.71e-05
16:25:13 INFO   e4 step  7600/11000  loss=0.6951  acc=0.4935  lr0=1.72e-06 lr1=8.59e-05
16:25:49 INFO   e4 step  7650/11000  loss=0.6951  acc=0.4940  lr0=1.69e-06 lr1=8.46e-05
16:26:25 INFO   e4 step  7700/11000  loss=0.6951  acc=0.4939  lr0=1.67e-06 lr1=8.33e-05
16:27:01 INFO   e4 step  7750/11000  loss=0.6951  acc=0.4942  lr0=1.64e-06 lr1=8.21e-05
16:27:36 INFO   e4 step  7800/11000  loss=0.6951  acc=0.4941  lr0=1.62e-06 lr1=8.08e-05
16:28:12 INFO   e4 step  7850/11000  loss=0.6951  acc=0.4942  lr0=1.59e-06 lr1=7.95e-05
16:28:48 INFO   e4 step  7900/11000  loss=0.6951  acc=0.4941  lr0=1.57e-06 lr1=7.83e-05
16:29:24 INFO   e4 step  7950/11000  loss=0.6951  acc=0.4942  lr0=1.54e-06 lr1=7.70e-05
16:30:00 INFO   e4 step  8000/11000  loss=0.6951  acc=0.4944  lr0=1.52e-06 lr1=7.58e-05
16:30:36 INFO   e4 step  8050/11000  loss=0.6951  acc=0.4943  lr0=1.49e-06 lr1=7.45e-05
16:31:11 INFO   e4 step  8100/11000  loss=0.6950  acc=0.4945  lr0=1.46e-06 lr1=7.32e-05
16:31:47 INFO   e4 step  8150/11000  loss=0.6950  acc=0.4945  lr0=1.44e-06 lr1=7.20e-05
16:32:23 INFO   e4 step  8200/11000  loss=0.6950  acc=0.4946  lr0=1.41e-06 lr1=7.07e-05
16:32:59 INFO   e4 step  8250/11000  loss=0.6950  acc=0.4945  lr0=1.39e-06 lr1=6.94e-05
16:33:35 INFO   e4 step  8300/11000  loss=0.6950  acc=0.4946  lr0=1.36e-06 lr1=6.82e-05
16:34:10 INFO   e4 step  8350/11000  loss=0.6950  acc=0.4945  lr0=1.34e-06 lr1=6.69e-05
16:34:46 INFO   e4 step  8400/11000  loss=0.6950  acc=0.4946  lr0=1.31e-06 lr1=6.57e-05
16:35:22 INFO   e4 step  8450/11000  loss=0.6950  acc=0.4947  lr0=1.29e-06 lr1=6.44e-05
16:35:58 INFO   e4 step  8500/11000  loss=0.6950  acc=0.4944  lr0=1.26e-06 lr1=6.31e-05
16:36:33 INFO   e4 step  8550/11000  loss=0.6950  acc=0.4944  lr0=1.24e-06 lr1=6.19e-05
16:37:09 INFO   e4 step  8600/11000  loss=0.6950  acc=0.4944  lr0=1.21e-06 lr1=6.06e-05
16:37:45 INFO   e4 step  8650/11000  loss=0.6950  acc=0.4945  lr0=1.19e-06 lr1=5.93e-05
16:38:21 INFO   e4 step  8700/11000  loss=0.6950  acc=0.4944  lr0=1.16e-06 lr1=5.81e-05
16:38:56 INFO   e4 step  8750/11000  loss=0.6950  acc=0.4944  lr0=1.14e-06 lr1=5.68e-05
16:39:32 INFO   e4 step  8800/11000  loss=0.6950  acc=0.4944  lr0=1.11e-06 lr1=5.56e-05
16:40:08 INFO   e4 step  8850/11000  loss=0.6950  acc=0.4943  lr0=1.09e-06 lr1=5.43e-05
16:40:44 INFO   e4 step  8900/11000  loss=0.6950  acc=0.4945  lr0=1.06e-06 lr1=5.30e-05
16:41:19 INFO   e4 step  8950/11000  loss=0.6950  acc=0.4944  lr0=1.04e-06 lr1=5.18e-05
16:41:55 INFO   e4 step  9000/11000  loss=0.6950  acc=0.4945  lr0=1.01e-06 lr1=5.05e-05
16:42:31 INFO   e4 step  9050/11000  loss=0.6949  acc=0.4947  lr0=9.85e-07 lr1=4.92e-05
16:43:07 INFO   e4 step  9100/11000  loss=0.6949  acc=0.4945  lr0=9.60e-07 lr1=4.80e-05
16:43:43 INFO   e4 step  9150/11000  loss=0.6949  acc=0.4948  lr0=9.34e-07 lr1=4.67e-05
16:44:18 INFO   e4 step  9200/11000  loss=0.6949  acc=0.4947  lr0=9.09e-07 lr1=4.55e-05
16:44:54 INFO   e4 step  9250/11000  loss=0.6949  acc=0.4945  lr0=8.84e-07 lr1=4.42e-05
16:45:30 INFO   e4 step  9300/11000  loss=0.6949  acc=0.4947  lr0=8.59e-07 lr1=4.29e-05
16:46:06 INFO   e4 step  9350/11000  loss=0.6949  acc=0.4947  lr0=8.33e-07 lr1=4.17e-05
16:46:42 INFO   e4 step  9400/11000  loss=0.6949  acc=0.4949  lr0=8.08e-07 lr1=4.04e-05
16:47:17 INFO   e4 step  9450/11000  loss=0.6949  acc=0.4948  lr0=7.83e-07 lr1=3.91e-05
16:47:53 INFO   e4 step  9500/11000  loss=0.6949  acc=0.4948  lr0=7.58e-07 lr1=3.79e-05
16:48:29 INFO   e4 step  9550/11000  loss=0.6949  acc=0.4950  lr0=7.32e-07 lr1=3.66e-05
16:49:04 INFO   e4 step  9600/11000  loss=0.6949  acc=0.4951  lr0=7.07e-07 lr1=3.54e-05
16:49:40 INFO   e4 step  9650/11000  loss=0.6948  acc=0.4952  lr0=6.82e-07 lr1=3.41e-05
16:50:16 INFO   e4 step  9700/11000  loss=0.6948  acc=0.4953  lr0=6.57e-07 lr1=3.28e-05
16:50:52 INFO   e4 step  9750/11000  loss=0.6948  acc=0.4954  lr0=6.31e-07 lr1=3.16e-05
16:51:28 INFO   e4 step  9800/11000  loss=0.6948  acc=0.4956  lr0=6.06e-07 lr1=3.03e-05
16:52:03 INFO   e4 step  9850/11000  loss=0.6948  acc=0.4955  lr0=5.81e-07 lr1=2.90e-05
16:52:39 INFO   e4 step  9900/11000  loss=0.6948  acc=0.4955  lr0=5.56e-07 lr1=2.78e-05
16:53:15 INFO   e4 step  9950/11000  loss=0.6948  acc=0.4955  lr0=5.30e-07 lr1=2.65e-05
16:53:51 INFO   e4 step 10000/11000  loss=0.6948  acc=0.4954  lr0=5.05e-07 lr1=2.53e-05
16:54:27 INFO   e4 step 10050/11000  loss=0.6948  acc=0.4952  lr0=4.80e-07 lr1=2.40e-05
16:55:02 INFO   e4 step 10100/11000  loss=0.6948  acc=0.4951  lr0=4.55e-07 lr1=2.27e-05
16:55:38 INFO   e4 step 10150/11000  loss=0.6948  acc=0.4952  lr0=4.29e-07 lr1=2.15e-05
16:56:14 INFO   e4 step 10200/11000  loss=0.6948  acc=0.4951  lr0=4.04e-07 lr1=2.02e-05
16:56:50 INFO   e4 step 10250/11000  loss=0.6948  acc=0.4950  lr0=3.79e-07 lr1=1.89e-05
16:57:26 INFO   e4 step 10300/11000  loss=0.6948  acc=0.4952  lr0=3.54e-07 lr1=1.77e-05
16:58:01 INFO   e4 step 10350/11000  loss=0.6948  acc=0.4951  lr0=3.28e-07 lr1=1.64e-05
16:58:37 INFO   e4 step 10400/11000  loss=0.6948  acc=0.4950  lr0=3.03e-07 lr1=1.52e-05
16:59:13 INFO   e4 step 10450/11000  loss=0.6948  acc=0.4951  lr0=2.78e-07 lr1=1.39e-05
16:59:49 INFO   e4 step 10500/11000  loss=0.6947  acc=0.4953  lr0=2.53e-07 lr1=1.26e-05
17:00:25 INFO   e4 step 10550/11000  loss=0.6948  acc=0.4950  lr0=2.27e-07 lr1=1.14e-05
17:01:01 INFO   e4 step 10600/11000  loss=0.6947  acc=0.4950  lr0=2.02e-07 lr1=1.01e-05
17:01:36 INFO   e4 step 10650/11000  loss=0.6947  acc=0.4950  lr0=1.77e-07 lr1=8.84e-06
17:02:12 INFO   e4 step 10700/11000  loss=0.6947  acc=0.4951  lr0=1.52e-07 lr1=7.58e-06
17:02:48 INFO   e4 step 10750/11000  loss=0.6947  acc=0.4951  lr0=1.26e-07 lr1=6.31e-06
17:03:24 INFO   e4 step 10800/11000  loss=0.6947  acc=0.4951  lr0=1.01e-07 lr1=5.05e-06
17:03:59 INFO   e4 step 10850/11000  loss=0.6947  acc=0.4949  lr0=7.58e-08 lr1=3.79e-06
17:04:35 INFO   e4 step 10900/11000  loss=0.6947  acc=0.4948  lr0=5.05e-08 lr1=2.53e-06
17:05:11 INFO   e4 step 10950/11000  loss=0.6947  acc=0.4949  lr0=2.53e-08 lr1=1.26e-06
17:05:47 INFO   e4 step 11000/11000  loss=0.6947  acc=0.4946  lr0=0.00e+00 lr1=0.00e+00
17:10:53 INFO [epoch 4] train_loss=0.6947 train_acc=0.4946  val_loss=0.6933 val_acc=0.4966 val_auc=0.5000  elapsed=8179.3s
17:10:56 INFO loading best.pt for test eval
17:16:02 INFO [test] loss=0.7098  acc=0.4966  auc=0.4970  f1=0.0000
17:16:02 INFO [done] run_summary.json written to /mnt/localssd/crossencoder_sweep/runs/ajo_doc_not_tier1/deberta-v3-large
