10:22:16 INFO run_dir=/mnt/localssd/crossencoder_sweep/runs/ajo_doc_not_tier1/deberta-v3-large
10:22:16 INFO device=cuda:0  bf16=False  physical_gpu=1  CUDA_VISIBLE_DEVICES=1
10:22:16 INFO dataset=ajo_doc_not_tier1  model=deberta-v3-large  backbone=microsoft/deberta-v3-large
10:22:16 INFO tokenizer <- microsoft/deberta-v3-large
10:22:17 INFO split files: ['directional_train.jsonl', 'directional_val.jsonl', 'directional_test.jsonl']
10:22:17 INFO scanning max JOINT token length across all splits ...
10:23:54 INFO   observed_max_joint=512 -> max_seq_len=512 (cap=512, scan=97.3s)
10:23:54 INFO loading datasets ...
10:23:56 INFO   schema=standard  train=88000  val=11200  test=11200
10:23:56 INFO building CrossEncoderClassifier  backbone=microsoft/deberta-v3-large
10:24:00 INFO   hidden_size=1024  trainable_params=434,013,185
10:24:00 INFO   total_steps=5500  warmup_steps=330  grad_accum=8  eff_batch=64
10:24:36 INFO   e1 step    50/11000  loss=0.7693  acc=0.4900  lr0=1.82e-07 lr1=1.82e-07
10:25:11 INFO   e1 step   100/11000  loss=0.7811  acc=0.4863  lr0=3.64e-07 lr1=3.64e-07
10:25:45 INFO   e1 step   150/11000  loss=0.7854  acc=0.4825  lr0=5.45e-07 lr1=5.45e-07
10:26:20 INFO   e1 step   200/11000  loss=0.7722  acc=0.5000  lr0=7.58e-07 lr1=7.58e-07
10:26:55 INFO   e1 step   250/11000  loss=0.7710  acc=0.4985  lr0=9.39e-07 lr1=9.39e-07
10:27:30 INFO   e1 step   300/11000  loss=0.7651  acc=0.4988  lr0=1.12e-06 lr1=1.12e-06
10:28:04 INFO   e1 step   350/11000  loss=0.7599  acc=0.5025  lr0=1.30e-06 lr1=1.30e-06
10:28:39 INFO   e1 step   400/11000  loss=0.7562  acc=0.5072  lr0=1.52e-06 lr1=1.52e-06
10:29:14 INFO   e1 step   450/11000  loss=0.7505  acc=0.5119  lr0=1.70e-06 lr1=1.70e-06
10:29:48 INFO   e1 step   500/11000  loss=0.7496  acc=0.5088  lr0=1.88e-06 lr1=1.88e-06
10:30:23 INFO   e1 step   550/11000  loss=0.7458  acc=0.5095  lr0=2.06e-06 lr1=2.06e-06
10:30:58 INFO   e1 step   600/11000  loss=0.7438  acc=0.5096  lr0=2.27e-06 lr1=2.27e-06
10:31:33 INFO   e1 step   650/11000  loss=0.7433  acc=0.5081  lr0=2.45e-06 lr1=2.45e-06
10:32:07 INFO   e1 step   700/11000  loss=0.7423  acc=0.5079  lr0=2.64e-06 lr1=2.64e-06
10:32:42 INFO   e1 step   750/11000  loss=0.7403  acc=0.5083  lr0=2.82e-06 lr1=2.82e-06
10:33:17 INFO   e1 step   800/11000  loss=0.7398  acc=0.5073  lr0=3.03e-06 lr1=3.03e-06
10:33:52 INFO   e1 step   850/11000  loss=0.7368  acc=0.5116  lr0=3.21e-06 lr1=3.21e-06
10:34:26 INFO   e1 step   900/11000  loss=0.7357  acc=0.5121  lr0=3.39e-06 lr1=3.39e-06
10:35:01 INFO   e1 step   950/11000  loss=0.7351  acc=0.5117  lr0=3.58e-06 lr1=3.58e-06
10:35:36 INFO   e1 step  1000/11000  loss=0.7359  acc=0.5091  lr0=3.79e-06 lr1=3.79e-06
10:36:11 INFO   e1 step  1050/11000  loss=0.7355  acc=0.5077  lr0=3.97e-06 lr1=3.97e-06
10:36:45 INFO   e1 step  1100/11000  loss=0.7345  acc=0.5083  lr0=4.15e-06 lr1=4.15e-06
10:37:20 INFO   e1 step  1150/11000  loss=0.7344  acc=0.5073  lr0=4.33e-06 lr1=4.33e-06
10:37:55 INFO   e1 step  1200/11000  loss=0.7342  acc=0.5069  lr0=4.55e-06 lr1=4.55e-06
10:38:29 INFO   e1 step  1250/11000  loss=0.7339  acc=0.5061  lr0=4.73e-06 lr1=4.73e-06
10:39:04 INFO   e1 step  1300/11000  loss=0.7335  acc=0.5062  lr0=4.91e-06 lr1=4.91e-06
10:39:39 INFO   e1 step  1350/11000  loss=0.7336  acc=0.5050  lr0=5.09e-06 lr1=5.09e-06
10:40:14 INFO   e1 step  1400/11000  loss=0.7338  acc=0.5048  lr0=5.30e-06 lr1=5.30e-06
10:40:49 INFO   e1 step  1450/11000  loss=0.7332  acc=0.5057  lr0=5.48e-06 lr1=5.48e-06
10:41:23 INFO   e1 step  1500/11000  loss=0.7334  acc=0.5049  lr0=5.67e-06 lr1=5.67e-06
10:41:58 INFO   e1 step  1550/11000  loss=0.7335  acc=0.5046  lr0=5.85e-06 lr1=5.85e-06
10:42:33 INFO   e1 step  1600/11000  loss=0.7339  acc=0.5027  lr0=6.06e-06 lr1=6.06e-06
10:43:07 INFO   e1 step  1650/11000  loss=0.7336  acc=0.5033  lr0=6.24e-06 lr1=6.24e-06
10:43:42 INFO   e1 step  1700/11000  loss=0.7337  acc=0.5032  lr0=6.42e-06 lr1=6.42e-06
10:44:17 INFO   e1 step  1750/11000  loss=0.7337  acc=0.5026  lr0=6.61e-06 lr1=6.61e-06
10:44:52 INFO   e1 step  1800/11000  loss=0.7333  acc=0.5026  lr0=6.82e-06 lr1=6.82e-06
10:45:26 INFO   e1 step  1850/11000  loss=0.7328  acc=0.5030  lr0=7.00e-06 lr1=7.00e-06
10:46:01 INFO   e1 step  1900/11000  loss=0.7324  acc=0.5035  lr0=7.18e-06 lr1=7.18e-06
10:46:36 INFO   e1 step  1950/11000  loss=0.7324  acc=0.5031  lr0=7.36e-06 lr1=7.36e-06
10:47:11 INFO   e1 step  2000/11000  loss=0.7318  acc=0.5037  lr0=7.58e-06 lr1=7.58e-06
10:47:45 INFO   e1 step  2050/11000  loss=0.7316  acc=0.5036  lr0=7.76e-06 lr1=7.76e-06
10:48:20 INFO   e1 step  2100/11000  loss=0.7310  acc=0.5040  lr0=7.94e-06 lr1=7.94e-06
10:48:55 INFO   e1 step  2150/11000  loss=0.7309  acc=0.5038  lr0=8.12e-06 lr1=8.12e-06
10:49:30 INFO   e1 step  2200/11000  loss=0.7312  acc=0.5028  lr0=8.33e-06 lr1=8.33e-06
10:50:05 INFO   e1 step  2250/11000  loss=0.7312  acc=0.5022  lr0=8.52e-06 lr1=8.52e-06
10:50:39 INFO   e1 step  2300/11000  loss=0.7309  acc=0.5025  lr0=8.70e-06 lr1=8.70e-06
10:51:14 INFO   e1 step  2350/11000  loss=0.7311  acc=0.5019  lr0=8.88e-06 lr1=8.88e-06
10:51:49 INFO   e1 step  2400/11000  loss=0.7309  acc=0.5016  lr0=9.09e-06 lr1=9.09e-06
10:52:24 INFO   e1 step  2450/11000  loss=0.7309  acc=0.5009  lr0=9.27e-06 lr1=9.27e-06
10:52:58 INFO   e1 step  2500/11000  loss=0.7308  acc=0.5009  lr0=9.45e-06 lr1=9.45e-06
10:53:33 INFO   e1 step  2550/11000  loss=0.7304  acc=0.5008  lr0=9.64e-06 lr1=9.64e-06
10:54:08 INFO   e1 step  2600/11000  loss=0.7303  acc=0.5007  lr0=9.85e-06 lr1=9.85e-06
10:54:43 INFO   e1 step  2650/11000  loss=0.7302  acc=0.5008  lr0=1.00e-05 lr1=1.00e-05
10:55:17 INFO   e1 step  2700/11000  loss=0.7298  acc=0.5015  lr0=9.99e-06 lr1=9.99e-06
10:55:52 INFO   e1 step  2750/11000  loss=0.7296  acc=0.5020  lr0=9.97e-06 lr1=9.97e-06
10:56:27 INFO   e1 step  2800/11000  loss=0.7297  acc=0.5018  lr0=9.96e-06 lr1=9.96e-06
10:57:02 INFO   e1 step  2850/11000  loss=0.7299  acc=0.5014  lr0=9.95e-06 lr1=9.95e-06
10:57:36 INFO   e1 step  2900/11000  loss=0.7302  acc=0.5007  lr0=9.94e-06 lr1=9.94e-06
10:58:11 INFO   e1 step  2950/11000  loss=0.7300  acc=0.5006  lr0=9.93e-06 lr1=9.93e-06
10:58:46 INFO   e1 step  3000/11000  loss=0.7299  acc=0.5000  lr0=9.91e-06 lr1=9.91e-06
10:59:21 INFO   e1 step  3050/11000  loss=0.7302  acc=0.4994  lr0=9.90e-06 lr1=9.90e-06
10:59:55 INFO   e1 step  3100/11000  loss=0.7300  acc=0.4995  lr0=9.89e-06 lr1=9.89e-06
11:00:30 INFO   e1 step  3150/11000  loss=0.7297  acc=0.4998  lr0=9.88e-06 lr1=9.88e-06
11:01:05 INFO   e1 step  3200/11000  loss=0.7295  acc=0.4998  lr0=9.86e-06 lr1=9.86e-06
11:01:40 INFO   e1 step  3250/11000  loss=0.7292  acc=0.5001  lr0=9.85e-06 lr1=9.85e-06
11:02:14 INFO   e1 step  3300/11000  loss=0.7291  acc=0.5006  lr0=9.84e-06 lr1=9.84e-06
11:02:49 INFO   e1 step  3350/11000  loss=0.7288  acc=0.5009  lr0=9.83e-06 lr1=9.83e-06
11:03:24 INFO   e1 step  3400/11000  loss=0.7288  acc=0.5008  lr0=9.82e-06 lr1=9.82e-06
11:03:59 INFO   e1 step  3450/11000  loss=0.7287  acc=0.5007  lr0=9.80e-06 lr1=9.80e-06
11:04:33 INFO   e1 step  3500/11000  loss=0.7285  acc=0.5013  lr0=9.79e-06 lr1=9.79e-06
11:05:08 INFO   e1 step  3550/11000  loss=0.7284  acc=0.5008  lr0=9.78e-06 lr1=9.78e-06
11:05:43 INFO   e1 step  3600/11000  loss=0.7284  acc=0.5010  lr0=9.77e-06 lr1=9.77e-06
11:06:18 INFO   e1 step  3650/11000  loss=0.7282  acc=0.5014  lr0=9.76e-06 lr1=9.76e-06
11:06:52 INFO   e1 step  3700/11000  loss=0.7281  acc=0.5014  lr0=9.74e-06 lr1=9.74e-06
11:07:27 INFO   e1 step  3750/11000  loss=0.7280  acc=0.5017  lr0=9.73e-06 lr1=9.73e-06
11:08:02 INFO   e1 step  3800/11000  loss=0.7282  acc=0.5011  lr0=9.72e-06 lr1=9.72e-06
11:08:37 INFO   e1 step  3850/11000  loss=0.7280  acc=0.5012  lr0=9.71e-06 lr1=9.71e-06
11:09:11 INFO   e1 step  3900/11000  loss=0.7279  acc=0.5012  lr0=9.70e-06 lr1=9.70e-06
11:09:46 INFO   e1 step  3950/11000  loss=0.7280  acc=0.5008  lr0=9.68e-06 lr1=9.68e-06
11:10:21 INFO   e1 step  4000/11000  loss=0.7279  acc=0.5008  lr0=9.67e-06 lr1=9.67e-06
11:10:55 INFO   e1 step  4050/11000  loss=0.7278  acc=0.5008  lr0=9.66e-06 lr1=9.66e-06
11:11:30 INFO   e1 step  4100/11000  loss=0.7278  acc=0.5008  lr0=9.65e-06 lr1=9.65e-06
11:12:05 INFO   e1 step  4150/11000  loss=0.7278  acc=0.5006  lr0=9.64e-06 lr1=9.64e-06
11:12:40 INFO   e1 step  4200/11000  loss=0.7276  acc=0.5007  lr0=9.62e-06 lr1=9.62e-06
11:13:14 INFO   e1 step  4250/11000  loss=0.7274  acc=0.5013  lr0=9.61e-06 lr1=9.61e-06
11:13:49 INFO   e1 step  4300/11000  loss=0.7270  acc=0.5020  lr0=9.60e-06 lr1=9.60e-06
11:14:24 INFO   e1 step  4350/11000  loss=0.7272  acc=0.5020  lr0=9.59e-06 lr1=9.59e-06
11:14:58 INFO   e1 step  4400/11000  loss=0.7273  acc=0.5017  lr0=9.57e-06 lr1=9.57e-06
11:15:33 INFO   e1 step  4450/11000  loss=0.7275  acc=0.5013  lr0=9.56e-06 lr1=9.56e-06
11:16:08 INFO   e1 step  4500/11000  loss=0.7274  acc=0.5014  lr0=9.55e-06 lr1=9.55e-06
11:16:43 INFO   e1 step  4550/11000  loss=0.7273  acc=0.5013  lr0=9.54e-06 lr1=9.54e-06
11:17:18 INFO   e1 step  4600/11000  loss=0.7275  acc=0.5008  lr0=9.53e-06 lr1=9.53e-06
11:17:52 INFO   e1 step  4650/11000  loss=0.7275  acc=0.5011  lr0=9.51e-06 lr1=9.51e-06
11:18:27 INFO   e1 step  4700/11000  loss=0.7273  acc=0.5011  lr0=9.50e-06 lr1=9.50e-06
11:19:02 INFO   e1 step  4750/11000  loss=0.7269  acc=0.5017  lr0=9.49e-06 lr1=9.49e-06
11:19:36 INFO   e1 step  4800/11000  loss=0.7267  acc=0.5021  lr0=9.48e-06 lr1=9.48e-06
11:20:11 INFO   e1 step  4850/11000  loss=0.7266  acc=0.5026  lr0=9.47e-06 lr1=9.47e-06
11:20:46 INFO   e1 step  4900/11000  loss=0.7263  acc=0.5027  lr0=9.45e-06 lr1=9.45e-06
11:21:20 INFO   e1 step  4950/11000  loss=0.7263  acc=0.5029  lr0=9.44e-06 lr1=9.44e-06
11:21:55 INFO   e1 step  5000/11000  loss=0.7262  acc=0.5034  lr0=9.43e-06 lr1=9.43e-06
11:22:30 INFO   e1 step  5050/11000  loss=0.7259  acc=0.5040  lr0=9.42e-06 lr1=9.42e-06
11:23:05 INFO   e1 step  5100/11000  loss=0.7258  acc=0.5044  lr0=9.41e-06 lr1=9.41e-06
11:23:39 INFO   e1 step  5150/11000  loss=0.7254  acc=0.5053  lr0=9.39e-06 lr1=9.39e-06
11:24:14 INFO   e1 step  5200/11000  loss=0.7251  acc=0.5060  lr0=9.38e-06 lr1=9.38e-06
11:24:49 INFO   e1 step  5250/11000  loss=0.7248  acc=0.5069  lr0=9.37e-06 lr1=9.37e-06
11:25:24 INFO   e1 step  5300/11000  loss=0.7242  acc=0.5081  lr0=9.36e-06 lr1=9.36e-06
11:25:59 INFO   e1 step  5350/11000  loss=0.7239  acc=0.5088  lr0=9.35e-06 lr1=9.35e-06
11:26:33 INFO   e1 step  5400/11000  loss=0.7232  acc=0.5098  lr0=9.33e-06 lr1=9.33e-06
11:27:08 INFO   e1 step  5450/11000  loss=0.7226  acc=0.5108  lr0=9.32e-06 lr1=9.32e-06
11:27:43 INFO   e1 step  5500/11000  loss=0.7216  acc=0.5126  lr0=9.31e-06 lr1=9.31e-06
11:28:18 INFO   e1 step  5550/11000  loss=0.7206  acc=0.5141  lr0=9.30e-06 lr1=9.30e-06
11:28:52 INFO   e1 step  5600/11000  loss=0.7193  acc=0.5157  lr0=9.28e-06 lr1=9.28e-06
11:29:27 INFO   e1 step  5650/11000  loss=0.7174  acc=0.5178  lr0=9.27e-06 lr1=9.27e-06
11:30:02 INFO   e1 step  5700/11000  loss=0.7161  acc=0.5195  lr0=9.26e-06 lr1=9.26e-06
11:30:37 INFO   e1 step  5750/11000  loss=0.7143  acc=0.5217  lr0=9.25e-06 lr1=9.25e-06
11:31:11 INFO   e1 step  5800/11000  loss=0.7123  acc=0.5237  lr0=9.24e-06 lr1=9.24e-06
11:31:46 INFO   e1 step  5850/11000  loss=0.7106  acc=0.5257  lr0=9.22e-06 lr1=9.22e-06
11:32:21 INFO   e1 step  5900/11000  loss=0.7086  acc=0.5279  lr0=9.21e-06 lr1=9.21e-06
11:32:55 INFO   e1 step  5950/11000  loss=0.7061  acc=0.5302  lr0=9.20e-06 lr1=9.20e-06
11:33:30 INFO   e1 step  6000/11000  loss=0.7030  acc=0.5329  lr0=9.19e-06 lr1=9.19e-06
11:34:05 INFO   e1 step  6050/11000  loss=0.6999  acc=0.5356  lr0=9.18e-06 lr1=9.18e-06
11:34:40 INFO   e1 step  6100/11000  loss=0.6971  acc=0.5383  lr0=9.16e-06 lr1=9.16e-06
11:35:14 INFO   e1 step  6150/11000  loss=0.6938  acc=0.5412  lr0=9.15e-06 lr1=9.15e-06
11:35:49 INFO   e1 step  6200/11000  loss=0.6917  acc=0.5439  lr0=9.14e-06 lr1=9.14e-06
11:36:24 INFO   e1 step  6250/11000  loss=0.6888  acc=0.5467  lr0=9.13e-06 lr1=9.13e-06
11:36:59 INFO   e1 step  6300/11000  loss=0.6859  acc=0.5493  lr0=9.12e-06 lr1=9.12e-06
11:37:34 INFO   e1 step  6350/11000  loss=0.6827  acc=0.5521  lr0=9.10e-06 lr1=9.10e-06
11:38:08 INFO   e1 step  6400/11000  loss=0.6796  acc=0.5546  lr0=9.09e-06 lr1=9.09e-06
11:38:43 INFO   e1 step  6450/11000  loss=0.6763  acc=0.5573  lr0=9.08e-06 lr1=9.08e-06
11:39:18 INFO   e1 step  6500/11000  loss=0.6734  acc=0.5599  lr0=9.07e-06 lr1=9.07e-06
11:39:52 INFO   e1 step  6550/11000  loss=0.6704  acc=0.5625  lr0=9.06e-06 lr1=9.06e-06
11:40:27 INFO   e1 step  6600/11000  loss=0.6667  acc=0.5652  lr0=9.04e-06 lr1=9.04e-06
11:41:02 INFO   e1 step  6650/11000  loss=0.6629  acc=0.5680  lr0=9.03e-06 lr1=9.03e-06
11:41:37 INFO   e1 step  6700/11000  loss=0.6593  acc=0.5707  lr0=9.02e-06 lr1=9.02e-06
11:42:11 INFO   e1 step  6750/11000  loss=0.6555  acc=0.5735  lr0=9.01e-06 lr1=9.01e-06
11:42:46 INFO   e1 step  6800/11000  loss=0.6517  acc=0.5763  lr0=8.99e-06 lr1=8.99e-06
11:43:21 INFO   e1 step  6850/11000  loss=0.6485  acc=0.5789  lr0=8.98e-06 lr1=8.98e-06
11:43:55 INFO   e1 step  6900/11000  loss=0.6452  acc=0.5814  lr0=8.97e-06 lr1=8.97e-06
11:44:30 INFO   e1 step  6950/11000  loss=0.6417  acc=0.5839  lr0=8.96e-06 lr1=8.96e-06
11:45:05 INFO   e1 step  7000/11000  loss=0.6386  acc=0.5864  lr0=8.95e-06 lr1=8.95e-06
11:45:39 INFO   e1 step  7050/11000  loss=0.6351  acc=0.5890  lr0=8.93e-06 lr1=8.93e-06
11:46:14 INFO   e1 step  7100/11000  loss=0.6315  acc=0.5915  lr0=8.92e-06 lr1=8.92e-06
11:46:49 INFO   e1 step  7150/11000  loss=0.6283  acc=0.5939  lr0=8.91e-06 lr1=8.91e-06
11:47:24 INFO   e1 step  7200/11000  loss=0.6246  acc=0.5965  lr0=8.90e-06 lr1=8.90e-06
11:47:59 INFO   e1 step  7250/11000  loss=0.6213  acc=0.5990  lr0=8.89e-06 lr1=8.89e-06
11:48:33 INFO   e1 step  7300/11000  loss=0.6182  acc=0.6014  lr0=8.87e-06 lr1=8.87e-06
11:49:08 INFO   e1 step  7350/11000  loss=0.6149  acc=0.6038  lr0=8.86e-06 lr1=8.86e-06
11:49:43 INFO   e1 step  7400/11000  loss=0.6115  acc=0.6062  lr0=8.85e-06 lr1=8.85e-06
11:50:17 INFO   e1 step  7450/11000  loss=0.6078  acc=0.6087  lr0=8.84e-06 lr1=8.84e-06
11:50:52 INFO   e1 step  7500/11000  loss=0.6045  acc=0.6111  lr0=8.83e-06 lr1=8.83e-06
11:51:27 INFO   e1 step  7550/11000  loss=0.6012  acc=0.6135  lr0=8.81e-06 lr1=8.81e-06
11:52:02 INFO   e1 step  7600/11000  loss=0.5978  acc=0.6159  lr0=8.80e-06 lr1=8.80e-06
11:52:36 INFO   e1 step  7650/11000  loss=0.5947  acc=0.6181  lr0=8.79e-06 lr1=8.79e-06
11:53:11 INFO   e1 step  7700/11000  loss=0.5918  acc=0.6202  lr0=8.78e-06 lr1=8.78e-06
11:53:46 INFO   e1 step  7750/11000  loss=0.5887  acc=0.6224  lr0=8.77e-06 lr1=8.77e-06
11:54:20 INFO   e1 step  7800/11000  loss=0.5857  acc=0.6246  lr0=8.75e-06 lr1=8.75e-06
11:54:55 INFO   e1 step  7850/11000  loss=0.5822  acc=0.6269  lr0=8.74e-06 lr1=8.74e-06
11:55:30 INFO   e1 step  7900/11000  loss=0.5789  acc=0.6292  lr0=8.73e-06 lr1=8.73e-06
11:56:04 INFO   e1 step  7950/11000  loss=0.5756  acc=0.6314  lr0=8.72e-06 lr1=8.72e-06
11:56:39 INFO   e1 step  8000/11000  loss=0.5725  acc=0.6336  lr0=8.70e-06 lr1=8.70e-06
11:57:14 INFO   e1 step  8050/11000  loss=0.5692  acc=0.6358  lr0=8.69e-06 lr1=8.69e-06
11:57:49 INFO   e1 step  8100/11000  loss=0.5661  acc=0.6379  lr0=8.68e-06 lr1=8.68e-06
11:58:23 INFO   e1 step  8150/11000  loss=0.5629  acc=0.6400  lr0=8.67e-06 lr1=8.67e-06
11:58:58 INFO   e1 step  8200/11000  loss=0.5597  acc=0.6421  lr0=8.66e-06 lr1=8.66e-06
11:59:33 INFO   e1 step  8250/11000  loss=0.5566  acc=0.6442  lr0=8.64e-06 lr1=8.64e-06
12:00:07 INFO   e1 step  8300/11000  loss=0.5536  acc=0.6462  lr0=8.63e-06 lr1=8.63e-06
12:00:42 INFO   e1 step  8350/11000  loss=0.5505  acc=0.6483  lr0=8.62e-06 lr1=8.62e-06
12:01:17 INFO   e1 step  8400/11000  loss=0.5476  acc=0.6503  lr0=8.61e-06 lr1=8.61e-06
12:01:52 INFO   e1 step  8450/11000  loss=0.5446  acc=0.6523  lr0=8.60e-06 lr1=8.60e-06
12:02:26 INFO   e1 step  8500/11000  loss=0.5418  acc=0.6543  lr0=8.58e-06 lr1=8.58e-06
12:03:01 INFO   e1 step  8550/11000  loss=0.5391  acc=0.6562  lr0=8.57e-06 lr1=8.57e-06
12:03:36 INFO   e1 step  8600/11000  loss=0.5367  acc=0.6579  lr0=8.56e-06 lr1=8.56e-06
12:04:11 INFO   e1 step  8650/11000  loss=0.5340  acc=0.6598  lr0=8.55e-06 lr1=8.55e-06
12:04:45 INFO   e1 step  8700/11000  loss=0.5313  acc=0.6616  lr0=8.54e-06 lr1=8.54e-06
12:05:20 INFO   e1 step  8750/11000  loss=0.5284  acc=0.6636  lr0=8.52e-06 lr1=8.52e-06
12:05:55 INFO   e1 step  8800/11000  loss=0.5257  acc=0.6654  lr0=8.51e-06 lr1=8.51e-06
12:06:29 INFO   e1 step  8850/11000  loss=0.5229  acc=0.6672  lr0=8.50e-06 lr1=8.50e-06
12:07:04 INFO   e1 step  8900/11000  loss=0.5201  acc=0.6690  lr0=8.49e-06 lr1=8.49e-06
12:07:39 INFO   e1 step  8950/11000  loss=0.5173  acc=0.6708  lr0=8.48e-06 lr1=8.48e-06
12:08:14 INFO   e1 step  9000/11000  loss=0.5149  acc=0.6725  lr0=8.46e-06 lr1=8.46e-06
12:08:48 INFO   e1 step  9050/11000  loss=0.5123  acc=0.6743  lr0=8.45e-06 lr1=8.45e-06
12:09:23 INFO   e1 step  9100/11000  loss=0.5098  acc=0.6760  lr0=8.44e-06 lr1=8.44e-06
12:09:58 INFO   e1 step  9150/11000  loss=0.5073  acc=0.6777  lr0=8.43e-06 lr1=8.43e-06
12:10:33 INFO   e1 step  9200/11000  loss=0.5047  acc=0.6795  lr0=8.41e-06 lr1=8.41e-06
12:11:07 INFO   e1 step  9250/11000  loss=0.5023  acc=0.6811  lr0=8.40e-06 lr1=8.40e-06
12:11:42 INFO   e1 step  9300/11000  loss=0.4998  acc=0.6828  lr0=8.39e-06 lr1=8.39e-06
12:12:17 INFO   e1 step  9350/11000  loss=0.4974  acc=0.6844  lr0=8.38e-06 lr1=8.38e-06
12:12:52 INFO   e1 step  9400/11000  loss=0.4948  acc=0.6861  lr0=8.37e-06 lr1=8.37e-06
12:13:26 INFO   e1 step  9450/11000  loss=0.4923  acc=0.6877  lr0=8.35e-06 lr1=8.35e-06
12:14:01 INFO   e1 step  9500/11000  loss=0.4899  acc=0.6893  lr0=8.34e-06 lr1=8.34e-06
12:14:36 INFO   e1 step  9550/11000  loss=0.4874  acc=0.6909  lr0=8.33e-06 lr1=8.33e-06
12:15:10 INFO   e1 step  9600/11000  loss=0.4850  acc=0.6925  lr0=8.32e-06 lr1=8.32e-06
12:15:45 INFO   e1 step  9650/11000  loss=0.4827  acc=0.6940  lr0=8.31e-06 lr1=8.31e-06
12:16:20 INFO   e1 step  9700/11000  loss=0.4803  acc=0.6955  lr0=8.29e-06 lr1=8.29e-06
12:16:54 INFO   e1 step  9750/11000  loss=0.4778  acc=0.6971  lr0=8.28e-06 lr1=8.28e-06
12:17:29 INFO   e1 step  9800/11000  loss=0.4755  acc=0.6986  lr0=8.27e-06 lr1=8.27e-06
12:18:04 INFO   e1 step  9850/11000  loss=0.4733  acc=0.7001  lr0=8.26e-06 lr1=8.26e-06
12:18:39 INFO   e1 step  9900/11000  loss=0.4710  acc=0.7016  lr0=8.25e-06 lr1=8.25e-06
12:19:13 INFO   e1 step  9950/11000  loss=0.4689  acc=0.7030  lr0=8.23e-06 lr1=8.23e-06
12:19:48 INFO   e1 step 10000/11000  loss=0.4666  acc=0.7045  lr0=8.22e-06 lr1=8.22e-06
12:20:23 INFO   e1 step 10050/11000  loss=0.4644  acc=0.7059  lr0=8.21e-06 lr1=8.21e-06
12:20:58 INFO   e1 step 10100/11000  loss=0.4622  acc=0.7074  lr0=8.20e-06 lr1=8.20e-06
12:21:32 INFO   e1 step 10150/11000  loss=0.4601  acc=0.7087  lr0=8.19e-06 lr1=8.19e-06
12:22:07 INFO   e1 step 10200/11000  loss=0.4579  acc=0.7101  lr0=8.17e-06 lr1=8.17e-06
12:22:42 INFO   e1 step 10250/11000  loss=0.4560  acc=0.7115  lr0=8.16e-06 lr1=8.16e-06
12:23:17 INFO   e1 step 10300/11000  loss=0.4538  acc=0.7129  lr0=8.15e-06 lr1=8.15e-06
12:23:51 INFO   e1 step 10350/11000  loss=0.4519  acc=0.7142  lr0=8.14e-06 lr1=8.14e-06
12:24:26 INFO   e1 step 10400/11000  loss=0.4498  acc=0.7155  lr0=8.12e-06 lr1=8.12e-06
12:25:01 INFO   e1 step 10450/11000  loss=0.4477  acc=0.7169  lr0=8.11e-06 lr1=8.11e-06
12:25:36 INFO   e1 step 10500/11000  loss=0.4456  acc=0.7182  lr0=8.10e-06 lr1=8.10e-06
12:26:10 INFO   e1 step 10550/11000  loss=0.4436  acc=0.7195  lr0=8.09e-06 lr1=8.09e-06
12:26:45 INFO   e1 step 10600/11000  loss=0.4415  acc=0.7209  lr0=8.08e-06 lr1=8.08e-06
12:27:20 INFO   e1 step 10650/11000  loss=0.4395  acc=0.7221  lr0=8.06e-06 lr1=8.06e-06
12:27:54 INFO   e1 step 10700/11000  loss=0.4376  acc=0.7234  lr0=8.05e-06 lr1=8.05e-06
12:28:29 INFO   e1 step 10750/11000  loss=0.4356  acc=0.7247  lr0=8.04e-06 lr1=8.04e-06
12:29:04 INFO   e1 step 10800/11000  loss=0.4340  acc=0.7259  lr0=8.03e-06 lr1=8.03e-06
12:29:38 INFO   e1 step 10850/11000  loss=0.4320  acc=0.7271  lr0=8.02e-06 lr1=8.02e-06
12:30:13 INFO   e1 step 10900/11000  loss=0.4300  acc=0.7284  lr0=8.00e-06 lr1=8.00e-06
12:30:48 INFO   e1 step 10950/11000  loss=0.4283  acc=0.7296  lr0=7.99e-06 lr1=7.99e-06
12:31:23 INFO   e1 step 11000/11000  loss=0.4264  acc=0.7308  lr0=7.98e-06 lr1=7.98e-06
12:36:27 INFO [epoch 1] train_loss=0.4264 train_acc=0.7308  val_loss=0.1207 val_acc=0.9785 val_auc=0.9958  elapsed=7947.3s
12:36:29 INFO   saved best.pt  val_acc=0.9785
12:37:04 INFO   e2 step    50/11000  loss=0.0134  acc=0.9925  lr0=7.97e-06 lr1=7.97e-06
12:37:39 INFO   e2 step   100/11000  loss=0.0241  acc=0.9925  lr0=7.96e-06 lr1=7.96e-06
12:38:13 INFO   e2 step   150/11000  loss=0.0188  acc=0.9942  lr0=7.94e-06 lr1=7.94e-06
12:38:48 INFO   e2 step   200/11000  loss=0.0166  acc=0.9950  lr0=7.93e-06 lr1=7.93e-06
12:39:23 INFO   e2 step   250/11000  loss=0.0150  acc=0.9950  lr0=7.92e-06 lr1=7.92e-06
12:39:58 INFO   e2 step   300/11000  loss=0.0189  acc=0.9946  lr0=7.91e-06 lr1=7.91e-06
12:40:32 INFO   e2 step   350/11000  loss=0.0179  acc=0.9950  lr0=7.90e-06 lr1=7.90e-06
12:41:07 INFO   e2 step   400/11000  loss=0.0160  acc=0.9956  lr0=7.88e-06 lr1=7.88e-06
12:41:42 INFO   e2 step   450/11000  loss=0.0159  acc=0.9956  lr0=7.87e-06 lr1=7.87e-06
12:42:16 INFO   e2 step   500/11000  loss=0.0161  acc=0.9955  lr0=7.86e-06 lr1=7.86e-06
12:42:51 INFO   e2 step   550/11000  loss=0.0154  acc=0.9957  lr0=7.85e-06 lr1=7.85e-06
12:43:26 INFO   e2 step   600/11000  loss=0.0142  acc=0.9960  lr0=7.83e-06 lr1=7.83e-06
12:44:00 INFO   e2 step   650/11000  loss=0.0132  acc=0.9963  lr0=7.82e-06 lr1=7.82e-06
12:44:35 INFO   e2 step   700/11000  loss=0.0129  acc=0.9964  lr0=7.81e-06 lr1=7.81e-06
12:45:10 INFO   e2 step   750/11000  loss=0.0121  acc=0.9967  lr0=7.80e-06 lr1=7.80e-06
12:45:44 INFO   e2 step   800/11000  loss=0.0119  acc=0.9967  lr0=7.79e-06 lr1=7.79e-06
12:46:19 INFO   e2 step   850/11000  loss=0.0119  acc=0.9966  lr0=7.77e-06 lr1=7.77e-06
12:46:54 INFO   e2 step   900/11000  loss=0.0112  acc=0.9968  lr0=7.76e-06 lr1=7.76e-06
12:47:28 INFO   e2 step   950/11000  loss=0.0109  acc=0.9968  lr0=7.75e-06 lr1=7.75e-06
12:48:03 INFO   e2 step  1000/11000  loss=0.0104  acc=0.9970  lr0=7.74e-06 lr1=7.74e-06
12:48:38 INFO   e2 step  1050/11000  loss=0.0103  acc=0.9970  lr0=7.73e-06 lr1=7.73e-06
12:49:13 INFO   e2 step  1100/11000  loss=0.0100  acc=0.9970  lr0=7.71e-06 lr1=7.71e-06
12:49:47 INFO   e2 step  1150/11000  loss=0.0102  acc=0.9971  lr0=7.70e-06 lr1=7.70e-06
12:50:22 INFO   e2 step  1200/11000  loss=0.0098  acc=0.9972  lr0=7.69e-06 lr1=7.69e-06
12:50:56 INFO   e2 step  1250/11000  loss=0.0097  acc=0.9972  lr0=7.68e-06 lr1=7.68e-06
12:51:31 INFO   e2 step  1300/11000  loss=0.0094  acc=0.9973  lr0=7.67e-06 lr1=7.67e-06
12:52:06 INFO   e2 step  1350/11000  loss=0.0098  acc=0.9973  lr0=7.65e-06 lr1=7.65e-06
12:52:41 INFO   e2 step  1400/11000  loss=0.0096  acc=0.9973  lr0=7.64e-06 lr1=7.64e-06
12:53:15 INFO   e2 step  1450/11000  loss=0.0093  acc=0.9974  lr0=7.63e-06 lr1=7.63e-06
12:53:50 INFO   e2 step  1500/11000  loss=0.0092  acc=0.9974  lr0=7.62e-06 lr1=7.62e-06
12:54:25 INFO   e2 step  1550/11000  loss=0.0093  acc=0.9973  lr0=7.61e-06 lr1=7.61e-06
12:54:59 INFO   e2 step  1600/11000  loss=0.0091  acc=0.9974  lr0=7.59e-06 lr1=7.59e-06
12:55:34 INFO   e2 step  1650/11000  loss=0.0097  acc=0.9973  lr0=7.58e-06 lr1=7.58e-06
