[config] dataset=aep_causal_classification_t  neg_type=random  k=4  epochs=5  batch=32  grad_accum=2  eff_batch=64  max_len=256  total_steps=8655  warmup=519  params=194,537,473
  step=500/8655  loss=0.7001  lr=1.93e-05  epoch=1
  step=1000/8655  loss=0.6949  lr=1.88e-05  epoch=1
  step=1500/8655  loss=0.6888  lr=1.76e-05  epoch=1
[epoch 1/5]  train_loss=0.6956  val_AUC=0.4979  val_Acc=0.5065  (355s)
  * new best val_AUC=0.4979
  step=2000/8655  loss=0.6876  lr=1.64e-05  epoch=2
  step=2500/8655  loss=0.6971  lr=1.51e-05  epoch=2
  step=3000/8655  loss=0.7052  lr=1.39e-05  epoch=2
[epoch 2/5]  train_loss=0.6944  val_AUC=0.5002  val_Acc=0.5065  (709s)
  * new best val_AUC=0.5002
  step=3500/8655  loss=0.6924  lr=1.27e-05  epoch=3
  step=4000/8655  loss=0.6925  lr=1.14e-05  epoch=3
  step=4500/8655  loss=0.6916  lr=1.02e-05  epoch=3
  step=5000/8655  loss=0.6761  lr=8.98e-06  epoch=3
[epoch 3/5]  train_loss=0.6940  val_AUC=0.5017  val_Acc=0.4935  (1065s)
  * new best val_AUC=0.5017
  step=5500/8655  loss=0.6936  lr=7.76e-06  epoch=4
  step=6000/8655  loss=0.6987  lr=6.53e-06  epoch=4
  step=6500/8655  loss=0.6937  lr=5.30e-06  epoch=4
[epoch 4/5]  train_loss=0.6938  val_AUC=0.4919  val_Acc=0.4935  (1423s)
  no improvement (best=0.5017, patience 1/2)
  step=7000/8655  loss=0.6953  lr=4.07e-06  epoch=5
  step=7500/8655  loss=0.6988  lr=2.84e-06  epoch=5
  step=8000/8655  loss=0.7007  lr=1.61e-06  epoch=5
  step=8500/8655  loss=0.6781  lr=3.81e-07  epoch=5
[epoch 5/5]  train_loss=0.6934  val_AUC=0.5024  val_Acc=0.5015  (1778s)
  * new best val_AUC=0.5024

[test] loading checkpoint_best.pt …
[test]  AUC=0.4987  Acc=0.4928

[done]  neg_type=random  best_val_AUC=0.5024  test_AUC=0.4987  test_Acc=0.4928
