21:30:42 INFO run_dir=runs/crossencoder2x/ce2x_semantic  device=cuda  bf16=True
21:30:42 INFO tokenizer <- google-bert/bert-base-uncased
21:30:42 INFO scanning max joint token length across all splits …
21:33:09 INFO run_dir=runs/crossencoder2x/ce2x_semantic  device=cuda  bf16=True
21:33:09 INFO tokenizer <- google-bert/bert-base-uncased
21:33:09 INFO scanning max joint token length across all splits …
21:36:00 INFO   observed max=512  -> max_seq_len=512  (scan 170.2s)
21:36:00 INFO loading datasets …
21:36:02 INFO   train=261210  val=14736  test=6004
21:36:02 INFO building CrossEncoder2x  backbone=google-bert/bert-base-uncased  n_layers=24 …
21:36:05 INFO   total params=194,537,473
21:36:05 INFO   total_steps=24489  warmup_steps=1469
21:36:16 INFO   e1 opt_step=50/24489  loss=0.5886  acc=0.7831  lr=6.81e-07
21:36:26 INFO   e1 opt_step=100/24489  loss=0.5501  acc=0.7875  lr=1.36e-06
21:36:36 INFO   e1 opt_step=150/24489  loss=0.5315  acc=0.7917  lr=2.04e-06
21:36:45 INFO   e1 opt_step=200/24489  loss=0.5236  acc=0.7902  lr=2.72e-06
21:36:55 INFO   e1 opt_step=250/24489  loss=0.5151  acc=0.7905  lr=3.40e-06
21:37:05 INFO   e1 opt_step=300/24489  loss=0.5060  acc=0.7884  lr=4.08e-06
21:37:14 INFO   e1 opt_step=350/24489  loss=0.4906  acc=0.7915  lr=4.77e-06
21:37:23 INFO   e1 opt_step=400/24489  loss=0.4762  acc=0.7954  lr=5.45e-06
21:37:33 INFO   e1 opt_step=450/24489  loss=0.4655  acc=0.7994  lr=6.13e-06
21:37:42 INFO   e1 opt_step=500/24489  loss=0.4519  acc=0.8039  lr=6.81e-06
21:37:52 INFO   e1 opt_step=550/24489  loss=0.4386  acc=0.8091  lr=7.49e-06
21:38:02 INFO   e1 opt_step=600/24489  loss=0.4244  acc=0.8156  lr=8.17e-06
21:38:11 INFO   e1 opt_step=650/24489  loss=0.4110  acc=0.8219  lr=8.85e-06
21:38:21 INFO   e1 opt_step=700/24489  loss=0.3976  acc=0.8282  lr=9.53e-06
21:38:30 INFO   e1 opt_step=750/24489  loss=0.3860  acc=0.8337  lr=1.02e-05
21:38:40 INFO   e1 opt_step=800/24489  loss=0.3733  acc=0.8392  lr=1.09e-05
21:38:50 INFO   e1 opt_step=850/24489  loss=0.3630  acc=0.8438  lr=1.16e-05
21:38:59 INFO   e1 opt_step=900/24489  loss=0.3530  acc=0.8482  lr=1.23e-05
21:39:09 INFO   e1 opt_step=950/24489  loss=0.3432  acc=0.8531  lr=1.29e-05
21:39:19 INFO   e1 opt_step=1000/24489  loss=0.3345  acc=0.8571  lr=1.36e-05
21:39:28 INFO   e1 opt_step=1050/24489  loss=0.3277  acc=0.8601  lr=1.43e-05
21:39:38 INFO   e1 opt_step=1100/24489  loss=0.3212  acc=0.8635  lr=1.50e-05
21:39:48 INFO   e1 opt_step=1150/24489  loss=0.3139  acc=0.8669  lr=1.57e-05
21:39:57 INFO   e1 opt_step=1200/24489  loss=0.3075  acc=0.8699  lr=1.63e-05
21:40:07 INFO   e1 opt_step=1250/24489  loss=0.3005  acc=0.8731  lr=1.70e-05
21:40:16 INFO   e1 opt_step=1300/24489  loss=0.2942  acc=0.8761  lr=1.77e-05
21:40:26 INFO   e1 opt_step=1350/24489  loss=0.2888  acc=0.8791  lr=1.84e-05
21:40:36 INFO   e1 opt_step=1400/24489  loss=0.2840  acc=0.8815  lr=1.91e-05
21:40:45 INFO   e1 opt_step=1450/24489  loss=0.2785  acc=0.8844  lr=1.97e-05
21:40:55 INFO   e1 opt_step=1500/24489  loss=0.2736  acc=0.8866  lr=2.00e-05
21:41:05 INFO   e1 opt_step=1550/24489  loss=0.2689  acc=0.8887  lr=1.99e-05
21:41:14 INFO   e1 opt_step=1600/24489  loss=0.2646  acc=0.8908  lr=1.99e-05
21:41:24 INFO   e1 opt_step=1650/24489  loss=0.2601  acc=0.8929  lr=1.98e-05
21:41:33 INFO   e1 opt_step=1700/24489  loss=0.2553  acc=0.8950  lr=1.98e-05
21:41:43 INFO   e1 opt_step=1750/24489  loss=0.2512  acc=0.8971  lr=1.98e-05
21:41:53 INFO   e1 opt_step=1800/24489  loss=0.2476  acc=0.8988  lr=1.97e-05
21:42:02 INFO   e1 opt_step=1850/24489  loss=0.2430  acc=0.9009  lr=1.97e-05
21:42:12 INFO   e1 opt_step=1900/24489  loss=0.2395  acc=0.9026  lr=1.96e-05
21:42:22 INFO   e1 opt_step=1950/24489  loss=0.2360  acc=0.9042  lr=1.96e-05
21:42:31 INFO   e1 opt_step=2000/24489  loss=0.2327  acc=0.9058  lr=1.95e-05
21:42:41 INFO   e1 opt_step=2050/24489  loss=0.2291  acc=0.9074  lr=1.95e-05
21:42:51 INFO   e1 opt_step=2100/24489  loss=0.2253  acc=0.9090  lr=1.95e-05
21:43:01 INFO   e1 opt_step=2150/24489  loss=0.2223  acc=0.9104  lr=1.94e-05
21:43:10 INFO   e1 opt_step=2200/24489  loss=0.2190  acc=0.9119  lr=1.94e-05
21:43:20 INFO   e1 opt_step=2250/24489  loss=0.2160  acc=0.9132  lr=1.93e-05
21:43:29 INFO   e1 opt_step=2300/24489  loss=0.2131  acc=0.9146  lr=1.93e-05
21:43:39 INFO   e1 opt_step=2350/24489  loss=0.2108  acc=0.9158  lr=1.92e-05
21:43:49 INFO   e1 opt_step=2400/24489  loss=0.2080  acc=0.9171  lr=1.92e-05
21:43:58 INFO   e1 opt_step=2450/24489  loss=0.2053  acc=0.9184  lr=1.91e-05
21:44:08 INFO   e1 opt_step=2500/24489  loss=0.2025  acc=0.9195  lr=1.91e-05
21:44:18 INFO   e1 opt_step=2550/24489  loss=0.1995  acc=0.9208  lr=1.91e-05
21:44:27 INFO   e1 opt_step=2600/24489  loss=0.1970  acc=0.9219  lr=1.90e-05
21:44:37 INFO   e1 opt_step=2650/24489  loss=0.1942  acc=0.9231  lr=1.90e-05
21:44:46 INFO   e1 opt_step=2700/24489  loss=0.1917  acc=0.9242  lr=1.89e-05
21:44:56 INFO   e1 opt_step=2750/24489  loss=0.1891  acc=0.9254  lr=1.89e-05
21:45:05 INFO   e1 opt_step=2800/24489  loss=0.1868  acc=0.9264  lr=1.88e-05
21:45:15 INFO   e1 opt_step=2850/24489  loss=0.1843  acc=0.9275  lr=1.88e-05
21:45:25 INFO   e1 opt_step=2900/24489  loss=0.1821  acc=0.9285  lr=1.88e-05
21:45:34 INFO   e1 opt_step=2950/24489  loss=0.1801  acc=0.9293  lr=1.87e-05
21:45:44 INFO   e1 opt_step=3000/24489  loss=0.1780  acc=0.9302  lr=1.87e-05
21:45:53 INFO   e1 opt_step=3050/24489  loss=0.1759  acc=0.9310  lr=1.86e-05
21:46:03 INFO   e1 opt_step=3100/24489  loss=0.1739  acc=0.9319  lr=1.86e-05
21:46:13 INFO   e1 opt_step=3150/24489  loss=0.1721  acc=0.9328  lr=1.85e-05
21:46:22 INFO   e1 opt_step=3200/24489  loss=0.1702  acc=0.9335  lr=1.85e-05
21:46:32 INFO   e1 opt_step=3250/24489  loss=0.1686  acc=0.9343  lr=1.85e-05
21:46:41 INFO   e1 opt_step=3300/24489  loss=0.1669  acc=0.9350  lr=1.84e-05
21:46:51 INFO   e1 opt_step=3350/24489  loss=0.1652  acc=0.9358  lr=1.84e-05
21:47:01 INFO   e1 opt_step=3400/24489  loss=0.1635  acc=0.9365  lr=1.83e-05
21:47:10 INFO   e1 opt_step=3450/24489  loss=0.1618  acc=0.9372  lr=1.83e-05
21:47:20 INFO   e1 opt_step=3500/24489  loss=0.1602  acc=0.9379  lr=1.82e-05
21:47:30 INFO   e1 opt_step=3550/24489  loss=0.1586  acc=0.9386  lr=1.82e-05
21:47:39 INFO   e1 opt_step=3600/24489  loss=0.1574  acc=0.9392  lr=1.81e-05
21:47:48 INFO   e1 opt_step=3650/24489  loss=0.1559  acc=0.9398  lr=1.81e-05
21:47:58 INFO   e1 opt_step=3700/24489  loss=0.1544  acc=0.9404  lr=1.81e-05
21:48:07 INFO   e1 opt_step=3750/24489  loss=0.1530  acc=0.9411  lr=1.80e-05
21:48:17 INFO   e1 opt_step=3800/24489  loss=0.1516  acc=0.9417  lr=1.80e-05
21:48:26 INFO   e1 opt_step=3850/24489  loss=0.1499  acc=0.9423  lr=1.79e-05
21:48:36 INFO   e1 opt_step=3900/24489  loss=0.1484  acc=0.9429  lr=1.79e-05
21:48:45 INFO   e1 opt_step=3950/24489  loss=0.1469  acc=0.9435  lr=1.78e-05
21:48:55 INFO   e1 opt_step=4000/24489  loss=0.1455  acc=0.9441  lr=1.78e-05
21:49:05 INFO   e1 opt_step=4050/24489  loss=0.1440  acc=0.9447  lr=1.78e-05
21:49:14 INFO   e1 opt_step=4100/24489  loss=0.1426  acc=0.9453  lr=1.77e-05
21:49:23 INFO   e1 opt_step=4150/24489  loss=0.1414  acc=0.9458  lr=1.77e-05
21:49:33 INFO   e1 opt_step=4200/24489  loss=0.1401  acc=0.9464  lr=1.76e-05
21:49:43 INFO   e1 opt_step=4250/24489  loss=0.1391  acc=0.9468  lr=1.76e-05
21:49:52 INFO   e1 opt_step=4300/24489  loss=0.1379  acc=0.9473  lr=1.75e-05
21:50:02 INFO   e1 opt_step=4350/24489  loss=0.1366  acc=0.9478  lr=1.75e-05
21:50:12 INFO   e1 opt_step=4400/24489  loss=0.1357  acc=0.9483  lr=1.75e-05
21:50:21 INFO   e1 opt_step=4450/24489  loss=0.1347  acc=0.9487  lr=1.74e-05
21:50:31 INFO   e1 opt_step=4500/24489  loss=0.1336  acc=0.9492  lr=1.74e-05
21:50:41 INFO   e1 opt_step=4550/24489  loss=0.1326  acc=0.9496  lr=1.73e-05
21:50:50 INFO   e1 opt_step=4600/24489  loss=0.1314  acc=0.9501  lr=1.73e-05
21:51:00 INFO   e1 opt_step=4650/24489  loss=0.1304  acc=0.9505  lr=1.72e-05
21:51:09 INFO   e1 opt_step=4700/24489  loss=0.1293  acc=0.9509  lr=1.72e-05
21:51:19 INFO   e1 opt_step=4750/24489  loss=0.1282  acc=0.9513  lr=1.71e-05
21:51:29 INFO   e1 opt_step=4800/24489  loss=0.1272  acc=0.9518  lr=1.71e-05
21:51:39 INFO   e1 opt_step=4850/24489  loss=0.1261  acc=0.9522  lr=1.71e-05
21:51:48 INFO   e1 opt_step=4900/24489  loss=0.1251  acc=0.9526  lr=1.70e-05
21:51:58 INFO   e1 opt_step=4950/24489  loss=0.1241  acc=0.9530  lr=1.70e-05
21:52:07 INFO   e1 opt_step=5000/24489  loss=0.1232  acc=0.9534  lr=1.69e-05
21:52:17 INFO   e1 opt_step=5050/24489  loss=0.1223  acc=0.9537  lr=1.69e-05
21:52:27 INFO   e1 opt_step=5100/24489  loss=0.1216  acc=0.9540  lr=1.68e-05
21:52:36 INFO   e1 opt_step=5150/24489  loss=0.1206  acc=0.9544  lr=1.68e-05
21:52:46 INFO   e1 opt_step=5200/24489  loss=0.1196  acc=0.9548  lr=1.68e-05
21:52:55 INFO   e1 opt_step=5250/24489  loss=0.1188  acc=0.9551  lr=1.67e-05
21:53:05 INFO   e1 opt_step=5300/24489  loss=0.1179  acc=0.9555  lr=1.67e-05
21:53:15 INFO   e1 opt_step=5350/24489  loss=0.1172  acc=0.9558  lr=1.66e-05
21:53:25 INFO   e1 opt_step=5400/24489  loss=0.1164  acc=0.9561  lr=1.66e-05
21:53:34 INFO   e1 opt_step=5450/24489  loss=0.1156  acc=0.9565  lr=1.65e-05
21:53:44 INFO   e1 opt_step=5500/24489  loss=0.1148  acc=0.9568  lr=1.65e-05
21:53:53 INFO   e1 opt_step=5550/24489  loss=0.1140  acc=0.9571  lr=1.65e-05
21:54:03 INFO   e1 opt_step=5600/24489  loss=0.1133  acc=0.9574  lr=1.64e-05
21:54:12 INFO   e1 opt_step=5650/24489  loss=0.1126  acc=0.9577  lr=1.64e-05
21:54:22 INFO   e1 opt_step=5700/24489  loss=0.1120  acc=0.9580  lr=1.63e-05
21:54:32 INFO   e1 opt_step=5750/24489  loss=0.1112  acc=0.9583  lr=1.63e-05
21:54:42 INFO   e1 opt_step=5800/24489  loss=0.1105  acc=0.9586  lr=1.62e-05
21:54:51 INFO   e1 opt_step=5850/24489  loss=0.1096  acc=0.9589  lr=1.62e-05
21:55:01 INFO   e1 opt_step=5900/24489  loss=0.1089  acc=0.9591  lr=1.62e-05
21:55:10 INFO   e1 opt_step=5950/24489  loss=0.1082  acc=0.9594  lr=1.61e-05
21:55:20 INFO   e1 opt_step=6000/24489  loss=0.1074  acc=0.9597  lr=1.61e-05
21:55:30 INFO   e1 opt_step=6050/24489  loss=0.1069  acc=0.9600  lr=1.60e-05
21:55:39 INFO   e1 opt_step=6100/24489  loss=0.1063  acc=0.9603  lr=1.60e-05
21:55:49 INFO   e1 opt_step=6150/24489  loss=0.1056  acc=0.9606  lr=1.59e-05
21:55:59 INFO   e1 opt_step=6200/24489  loss=0.1050  acc=0.9608  lr=1.59e-05
21:56:09 INFO   e1 opt_step=6250/24489  loss=0.1045  acc=0.9611  lr=1.58e-05
21:56:18 INFO   e1 opt_step=6300/24489  loss=0.1038  acc=0.9613  lr=1.58e-05
21:56:28 INFO   e1 opt_step=6350/24489  loss=0.1033  acc=0.9616  lr=1.58e-05
21:56:38 INFO   e1 opt_step=6400/24489  loss=0.1027  acc=0.9618  lr=1.57e-05
21:56:47 INFO   e1 opt_step=6450/24489  loss=0.1021  acc=0.9620  lr=1.57e-05
21:56:57 INFO   e1 opt_step=6500/24489  loss=0.1015  acc=0.9623  lr=1.56e-05
21:57:07 INFO   e1 opt_step=6550/24489  loss=0.1009  acc=0.9625  lr=1.56e-05
21:57:16 INFO   e1 opt_step=6600/24489  loss=0.1002  acc=0.9628  lr=1.55e-05
21:57:26 INFO   e1 opt_step=6650/24489  loss=0.0996  acc=0.9630  lr=1.55e-05
21:57:35 INFO   e1 opt_step=6700/24489  loss=0.0991  acc=0.9632  lr=1.55e-05
21:57:45 INFO   e1 opt_step=6750/24489  loss=0.0986  acc=0.9634  lr=1.54e-05
21:57:54 INFO   e1 opt_step=6800/24489  loss=0.0980  acc=0.9637  lr=1.54e-05
21:58:04 INFO   e1 opt_step=6850/24489  loss=0.0974  acc=0.9639  lr=1.53e-05
21:58:14 INFO   e1 opt_step=6900/24489  loss=0.0969  acc=0.9641  lr=1.53e-05
21:58:23 INFO   e1 opt_step=6950/24489  loss=0.0966  acc=0.9643  lr=1.52e-05
21:58:33 INFO   e1 opt_step=7000/24489  loss=0.0961  acc=0.9645  lr=1.52e-05
21:58:42 INFO   e1 opt_step=7050/24489  loss=0.0956  acc=0.9647  lr=1.52e-05
21:58:52 INFO   e1 opt_step=7100/24489  loss=0.0951  acc=0.9649  lr=1.51e-05
21:59:02 INFO   e1 opt_step=7150/24489  loss=0.0947  acc=0.9650  lr=1.51e-05
21:59:11 INFO   e1 opt_step=7200/24489  loss=0.0942  acc=0.9652  lr=1.50e-05
21:59:21 INFO   e1 opt_step=7250/24489  loss=0.0936  acc=0.9654  lr=1.50e-05
21:59:30 INFO   e1 opt_step=7300/24489  loss=0.0931  acc=0.9656  lr=1.49e-05
21:59:39 INFO   e1 opt_step=7350/24489  loss=0.0926  acc=0.9658  lr=1.49e-05
21:59:49 INFO   e1 opt_step=7400/24489  loss=0.0922  acc=0.9660  lr=1.48e-05
21:59:59 INFO   e1 opt_step=7450/24489  loss=0.0917  acc=0.9662  lr=1.48e-05
22:00:08 INFO   e1 opt_step=7500/24489  loss=0.0912  acc=0.9664  lr=1.48e-05
22:00:18 INFO   e1 opt_step=7550/24489  loss=0.0908  acc=0.9665  lr=1.47e-05
22:00:28 INFO   e1 opt_step=7600/24489  loss=0.0903  acc=0.9667  lr=1.47e-05
22:00:38 INFO   e1 opt_step=7650/24489  loss=0.0899  acc=0.9669  lr=1.46e-05
22:00:47 INFO   e1 opt_step=7700/24489  loss=0.0895  acc=0.9670  lr=1.46e-05
22:00:57 INFO   e1 opt_step=7750/24489  loss=0.0890  acc=0.9672  lr=1.45e-05
22:01:06 INFO   e1 opt_step=7800/24489  loss=0.0885  acc=0.9674  lr=1.45e-05
22:01:16 INFO   e1 opt_step=7850/24489  loss=0.0881  acc=0.9676  lr=1.45e-05
22:01:25 INFO   e1 opt_step=7900/24489  loss=0.0877  acc=0.9677  lr=1.44e-05
22:01:35 INFO   e1 opt_step=7950/24489  loss=0.0873  acc=0.9679  lr=1.44e-05
22:01:45 INFO   e1 opt_step=8000/24489  loss=0.0869  acc=0.9680  lr=1.43e-05
22:01:54 INFO   e1 opt_step=8050/24489  loss=0.0865  acc=0.9682  lr=1.43e-05
22:02:04 INFO   e1 opt_step=8100/24489  loss=0.0861  acc=0.9684  lr=1.42e-05
22:02:13 INFO   e1 opt_step=8150/24489  loss=0.0857  acc=0.9685  lr=1.42e-05
22:02:35 INFO [epoch 1/3]  train_loss=0.0856  train_acc=0.9686  val_loss=0.5480  val_acc=0.9137  val_auc=0.9269  elapsed=1589.6s
22:02:37 INFO   * saved best.pt  val_acc=0.9137
22:02:44 INFO   e2 opt_step=8200/24489  loss=0.0309  acc=0.9907  lr=1.42e-05
22:02:54 INFO   e2 opt_step=8250/24489  loss=0.0250  acc=0.9910  lr=1.41e-05
22:03:03 INFO   e2 opt_step=8300/24489  loss=0.0242  acc=0.9920  lr=1.41e-05
22:03:13 INFO   e2 opt_step=8350/24489  loss=0.0215  acc=0.9925  lr=1.40e-05
22:03:22 INFO   e2 opt_step=8400/24489  loss=0.0218  acc=0.9926  lr=1.40e-05
22:03:32 INFO   e2 opt_step=8450/24489  loss=0.0206  acc=0.9931  lr=1.39e-05
22:03:42 INFO   e2 opt_step=8500/24489  loss=0.0217  acc=0.9931  lr=1.39e-05
22:03:51 INFO   e2 opt_step=8550/24489  loss=0.0217  acc=0.9931  lr=1.38e-05
22:04:01 INFO   e2 opt_step=8600/24489  loss=0.0221  acc=0.9928  lr=1.38e-05
22:04:11 INFO   e2 opt_step=8650/24489  loss=0.0221  acc=0.9927  lr=1.38e-05
22:04:20 INFO   e2 opt_step=8700/24489  loss=0.0214  acc=0.9930  lr=1.37e-05
22:04:30 INFO   e2 opt_step=8750/24489  loss=0.0210  acc=0.9933  lr=1.37e-05
22:04:39 INFO   e2 opt_step=8800/24489  loss=0.0219  acc=0.9932  lr=1.36e-05
22:04:49 INFO   e2 opt_step=8850/24489  loss=0.0221  acc=0.9931  lr=1.36e-05
22:04:59 INFO   e2 opt_step=8900/24489  loss=0.0230  acc=0.9930  lr=1.35e-05
22:05:09 INFO   e2 opt_step=8950/24489  loss=0.0232  acc=0.9930  lr=1.35e-05
22:05:19 INFO   e2 opt_step=9000/24489  loss=0.0228  acc=0.9930  lr=1.35e-05
22:05:28 INFO   e2 opt_step=9050/24489  loss=0.0228  acc=0.9931  lr=1.34e-05
22:05:38 INFO   e2 opt_step=9100/24489  loss=0.0232  acc=0.9931  lr=1.34e-05
22:05:47 INFO   e2 opt_step=9150/24489  loss=0.0227  acc=0.9932  lr=1.33e-05
22:05:57 INFO   e2 opt_step=9200/24489  loss=0.0227  acc=0.9933  lr=1.33e-05
22:06:07 INFO   e2 opt_step=9250/24489  loss=0.0223  acc=0.9933  lr=1.32e-05
22:06:16 INFO   e2 opt_step=9300/24489  loss=0.0221  acc=0.9934  lr=1.32e-05
22:06:26 INFO   e2 opt_step=9350/24489  loss=0.0219  acc=0.9934  lr=1.32e-05
22:06:36 INFO   e2 opt_step=9400/24489  loss=0.0225  acc=0.9934  lr=1.31e-05
22:06:45 INFO   e2 opt_step=9450/24489  loss=0.0224  acc=0.9935  lr=1.31e-05
22:06:55 INFO   e2 opt_step=9500/24489  loss=0.0228  acc=0.9935  lr=1.30e-05
22:07:05 INFO   e2 opt_step=9550/24489  loss=0.0228  acc=0.9935  lr=1.30e-05
22:07:14 INFO   e2 opt_step=9600/24489  loss=0.0226  acc=0.9935  lr=1.29e-05
22:07:24 INFO   e2 opt_step=9650/24489  loss=0.0224  acc=0.9935  lr=1.29e-05
22:07:33 INFO   e2 opt_step=9700/24489  loss=0.0225  acc=0.9935  lr=1.28e-05
22:07:43 INFO   e2 opt_step=9750/24489  loss=0.0226  acc=0.9934  lr=1.28e-05
22:07:52 INFO   e2 opt_step=9800/24489  loss=0.0225  acc=0.9934  lr=1.28e-05
22:08:02 INFO   e2 opt_step=9850/24489  loss=0.0222  acc=0.9935  lr=1.27e-05
22:08:12 INFO   e2 opt_step=9900/24489  loss=0.0221  acc=0.9935  lr=1.27e-05
22:08:21 INFO   e2 opt_step=9950/24489  loss=0.0219  acc=0.9935  lr=1.26e-05
22:08:31 INFO   e2 opt_step=10000/24489  loss=0.0219  acc=0.9935  lr=1.26e-05
22:08:40 INFO   e2 opt_step=10050/24489  loss=0.0215  acc=0.9936  lr=1.25e-05
22:08:50 INFO   e2 opt_step=10100/24489  loss=0.0216  acc=0.9936  lr=1.25e-05
22:09:00 INFO   e2 opt_step=10150/24489  loss=0.0215  acc=0.9936  lr=1.25e-05
22:09:09 INFO   e2 opt_step=10200/24489  loss=0.0215  acc=0.9936  lr=1.24e-05
22:09:19 INFO   e2 opt_step=10250/24489  loss=0.0212  acc=0.9937  lr=1.24e-05
22:09:29 INFO   e2 opt_step=10300/24489  loss=0.0214  acc=0.9937  lr=1.23e-05
22:09:38 INFO   e2 opt_step=10350/24489  loss=0.0211  acc=0.9938  lr=1.23e-05
22:09:48 INFO   e2 opt_step=10400/24489  loss=0.0212  acc=0.9938  lr=1.22e-05
22:09:57 INFO   e2 opt_step=10450/24489  loss=0.0211  acc=0.9938  lr=1.22e-05
22:10:07 INFO   e2 opt_step=10500/24489  loss=0.0211  acc=0.9939  lr=1.22e-05
22:10:16 INFO   e2 opt_step=10550/24489  loss=0.0211  acc=0.9939  lr=1.21e-05
22:10:26 INFO   e2 opt_step=10600/24489  loss=0.0210  acc=0.9939  lr=1.21e-05
22:10:36 INFO   e2 opt_step=10650/24489  loss=0.0210  acc=0.9938  lr=1.20e-05
22:10:45 INFO   e2 opt_step=10700/24489  loss=0.0210  acc=0.9938  lr=1.20e-05
22:10:55 INFO   e2 opt_step=10750/24489  loss=0.0208  acc=0.9939  lr=1.19e-05
22:11:04 INFO   e2 opt_step=10800/24489  loss=0.0207  acc=0.9940  lr=1.19e-05
22:11:14 INFO   e2 opt_step=10850/24489  loss=0.0208  acc=0.9940  lr=1.18e-05
22:11:24 INFO   e2 opt_step=10900/24489  loss=0.0210  acc=0.9939  lr=1.18e-05
22:11:33 INFO   e2 opt_step=10950/24489  loss=0.0210  acc=0.9939  lr=1.18e-05
22:11:43 INFO   e2 opt_step=11000/24489  loss=0.0208  acc=0.9940  lr=1.17e-05
22:11:52 INFO   e2 opt_step=11050/24489  loss=0.0210  acc=0.9939  lr=1.17e-05
22:12:02 INFO   e2 opt_step=11100/24489  loss=0.0209  acc=0.9939  lr=1.16e-05
22:12:12 INFO   e2 opt_step=11150/24489  loss=0.0208  acc=0.9940  lr=1.16e-05
22:12:21 INFO   e2 opt_step=11200/24489  loss=0.0206  acc=0.9940  lr=1.15e-05
22:12:31 INFO   e2 opt_step=11250/24489  loss=0.0206  acc=0.9940  lr=1.15e-05
22:12:40 INFO   e2 opt_step=11300/24489  loss=0.0205  acc=0.9940  lr=1.15e-05
22:12:50 INFO   e2 opt_step=11350/24489  loss=0.0204  acc=0.9940  lr=1.14e-05
22:13:00 INFO   e2 opt_step=11400/24489  loss=0.0203  acc=0.9941  lr=1.14e-05
22:13:09 INFO   e2 opt_step=11450/24489  loss=0.0203  acc=0.9940  lr=1.13e-05
22:13:19 INFO   e2 opt_step=11500/24489  loss=0.0203  acc=0.9940  lr=1.13e-05
22:13:28 INFO   e2 opt_step=11550/24489  loss=0.0202  acc=0.9940  lr=1.12e-05
22:13:38 INFO   e2 opt_step=11600/24489  loss=0.0201  acc=0.9940  lr=1.12e-05
22:13:47 INFO   e2 opt_step=11650/24489  loss=0.0200  acc=0.9940  lr=1.12e-05
22:13:57 INFO   e2 opt_step=11700/24489  loss=0.0201  acc=0.9940  lr=1.11e-05
22:14:07 INFO   e2 opt_step=11750/24489  loss=0.0203  acc=0.9940  lr=1.11e-05
22:14:16 INFO   e2 opt_step=11800/24489  loss=0.0202  acc=0.9940  lr=1.10e-05
22:14:26 INFO   e2 opt_step=11850/24489  loss=0.0203  acc=0.9940  lr=1.10e-05
22:14:35 INFO   e2 opt_step=11900/24489  loss=0.0202  acc=0.9940  lr=1.09e-05
22:14:45 INFO   e2 opt_step=11950/24489  loss=0.0201  acc=0.9941  lr=1.09e-05
22:14:54 INFO   e2 opt_step=12000/24489  loss=0.0200  acc=0.9941  lr=1.09e-05
22:15:04 INFO   e2 opt_step=12050/24489  loss=0.0201  acc=0.9941  lr=1.08e-05
22:15:14 INFO   e2 opt_step=12100/24489  loss=0.0201  acc=0.9941  lr=1.08e-05
22:15:23 INFO   e2 opt_step=12150/24489  loss=0.0200  acc=0.9941  lr=1.07e-05
22:15:32 INFO   e2 opt_step=12200/24489  loss=0.0198  acc=0.9941  lr=1.07e-05
22:15:42 INFO   e2 opt_step=12250/24489  loss=0.0199  acc=0.9941  lr=1.06e-05
22:15:52 INFO   e2 opt_step=12300/24489  loss=0.0199  acc=0.9941  lr=1.06e-05
22:16:01 INFO   e2 opt_step=12350/24489  loss=0.0199  acc=0.9941  lr=1.05e-05
22:16:11 INFO   e2 opt_step=12400/24489  loss=0.0198  acc=0.9941  lr=1.05e-05
22:16:21 INFO   e2 opt_step=12450/24489  loss=0.0197  acc=0.9941  lr=1.05e-05
22:16:30 INFO   e2 opt_step=12500/24489  loss=0.0198  acc=0.9941  lr=1.04e-05
22:16:40 INFO   e2 opt_step=12550/24489  loss=0.0196  acc=0.9941  lr=1.04e-05
22:16:49 INFO   e2 opt_step=12600/24489  loss=0.0197  acc=0.9941  lr=1.03e-05
22:16:59 INFO   e2 opt_step=12650/24489  loss=0.0202  acc=0.9939  lr=1.03e-05
22:17:08 INFO   e2 opt_step=12700/24489  loss=0.0216  acc=0.9934  lr=1.02e-05
22:17:18 INFO   e2 opt_step=12750/24489  loss=0.0223  acc=0.9932  lr=1.02e-05
22:17:28 INFO   e2 opt_step=12800/24489  loss=0.0225  acc=0.9931  lr=1.02e-05
22:17:37 INFO   e2 opt_step=12850/24489  loss=0.0225  acc=0.9930  lr=1.01e-05
22:17:47 INFO   e2 opt_step=12900/24489  loss=0.0226  acc=0.9930  lr=1.01e-05
22:17:56 INFO   e2 opt_step=12950/24489  loss=0.0227  acc=0.9930  lr=1.00e-05
22:18:06 INFO   e2 opt_step=13000/24489  loss=0.0227  acc=0.9930  lr=9.98e-06
22:18:16 INFO   e2 opt_step=13050/24489  loss=0.0226  acc=0.9930  lr=9.94e-06
22:18:25 INFO   e2 opt_step=13100/24489  loss=0.0225  acc=0.9930  lr=9.89e-06
22:18:35 INFO   e2 opt_step=13150/24489  loss=0.0226  acc=0.9930  lr=9.85e-06
22:18:44 INFO   e2 opt_step=13200/24489  loss=0.0225  acc=0.9930  lr=9.81e-06
22:18:54 INFO   e2 opt_step=13250/24489  loss=0.0225  acc=0.9930  lr=9.76e-06
22:19:03 INFO   e2 opt_step=13300/24489  loss=0.0224  acc=0.9931  lr=9.72e-06
22:19:13 INFO   e2 opt_step=13350/24489  loss=0.0224  acc=0.9931  lr=9.68e-06
22:19:23 INFO   e2 opt_step=13400/24489  loss=0.0223  acc=0.9931  lr=9.63e-06
22:19:32 INFO   e2 opt_step=13450/24489  loss=0.0222  acc=0.9931  lr=9.59e-06
22:19:41 INFO   e2 opt_step=13500/24489  loss=0.0222  acc=0.9931  lr=9.55e-06
22:19:51 INFO   e2 opt_step=13550/24489  loss=0.0221  acc=0.9931  lr=9.50e-06
22:20:00 INFO   e2 opt_step=13600/24489  loss=0.0221  acc=0.9931  lr=9.46e-06
22:20:10 INFO   e2 opt_step=13650/24489  loss=0.0220  acc=0.9931  lr=9.42e-06
22:20:20 INFO   e2 opt_step=13700/24489  loss=0.0219  acc=0.9932  lr=9.37e-06
22:20:30 INFO   e2 opt_step=13750/24489  loss=0.0219  acc=0.9931  lr=9.33e-06
22:20:39 INFO   e2 opt_step=13800/24489  loss=0.0218  acc=0.9932  lr=9.29e-06
22:20:49 INFO   e2 opt_step=13850/24489  loss=0.0218  acc=0.9932  lr=9.24e-06
22:20:58 INFO   e2 opt_step=13900/24489  loss=0.0217  acc=0.9932  lr=9.20e-06
22:21:08 INFO   e2 opt_step=13950/24489  loss=0.0218  acc=0.9932  lr=9.16e-06
22:21:17 INFO   e2 opt_step=14000/24489  loss=0.0219  acc=0.9932  lr=9.11e-06
22:21:27 INFO   e2 opt_step=14050/24489  loss=0.0218  acc=0.9932  lr=9.07e-06
22:21:37 INFO   e2 opt_step=14100/24489  loss=0.0217  acc=0.9932  lr=9.03e-06
22:21:46 INFO   e2 opt_step=14150/24489  loss=0.0217  acc=0.9932  lr=8.98e-06
22:21:56 INFO   e2 opt_step=14200/24489  loss=0.0217  acc=0.9932  lr=8.94e-06
22:22:05 INFO   e2 opt_step=14250/24489  loss=0.0216  acc=0.9932  lr=8.90e-06
22:22:15 INFO   e2 opt_step=14300/24489  loss=0.0216  acc=0.9932  lr=8.85e-06
22:22:25 INFO   e2 opt_step=14350/24489  loss=0.0215  acc=0.9933  lr=8.81e-06
22:22:34 INFO   e2 opt_step=14400/24489  loss=0.0214  acc=0.9933  lr=8.77e-06
22:22:44 INFO   e2 opt_step=14450/24489  loss=0.0213  acc=0.9933  lr=8.72e-06
22:22:53 INFO   e2 opt_step=14500/24489  loss=0.0213  acc=0.9933  lr=8.68e-06
22:23:03 INFO   e2 opt_step=14550/24489  loss=0.0213  acc=0.9933  lr=8.64e-06
22:23:13 INFO   e2 opt_step=14600/24489  loss=0.0212  acc=0.9933  lr=8.59e-06
22:23:22 INFO   e2 opt_step=14650/24489  loss=0.0211  acc=0.9933  lr=8.55e-06
22:23:32 INFO   e2 opt_step=14700/24489  loss=0.0211  acc=0.9933  lr=8.50e-06
22:23:41 INFO   e2 opt_step=14750/24489  loss=0.0210  acc=0.9933  lr=8.46e-06
22:23:51 INFO   e2 opt_step=14800/24489  loss=0.0209  acc=0.9933  lr=8.42e-06
22:24:01 INFO   e2 opt_step=14850/24489  loss=0.0209  acc=0.9933  lr=8.37e-06
22:24:10 INFO   e2 opt_step=14900/24489  loss=0.0209  acc=0.9933  lr=8.33e-06
22:24:19 INFO   e2 opt_step=14950/24489  loss=0.0208  acc=0.9934  lr=8.29e-06
22:24:29 INFO   e2 opt_step=15000/24489  loss=0.0207  acc=0.9934  lr=8.24e-06
22:24:39 INFO   e2 opt_step=15050/24489  loss=0.0207  acc=0.9934  lr=8.20e-06
22:24:48 INFO   e2 opt_step=15100/24489  loss=0.0206  acc=0.9934  lr=8.16e-06
22:24:58 INFO   e2 opt_step=15150/24489  loss=0.0205  acc=0.9934  lr=8.11e-06
22:25:07 INFO   e2 opt_step=15200/24489  loss=0.0204  acc=0.9934  lr=8.07e-06
22:25:17 INFO   e2 opt_step=15250/24489  loss=0.0204  acc=0.9935  lr=8.03e-06
22:25:26 INFO   e2 opt_step=15300/24489  loss=0.0203  acc=0.9935  lr=7.98e-06
22:25:36 INFO   e2 opt_step=15350/24489  loss=0.0203  acc=0.9935  lr=7.94e-06
22:25:46 INFO   e2 opt_step=15400/24489  loss=0.0203  acc=0.9935  lr=7.90e-06
22:25:55 INFO   e2 opt_step=15450/24489  loss=0.0203  acc=0.9935  lr=7.85e-06
22:26:05 INFO   e2 opt_step=15500/24489  loss=0.0202  acc=0.9935  lr=7.81e-06
22:26:14 INFO   e2 opt_step=15550/24489  loss=0.0202  acc=0.9935  lr=7.77e-06
22:26:24 INFO   e2 opt_step=15600/24489  loss=0.0202  acc=0.9935  lr=7.72e-06
22:26:33 INFO   e2 opt_step=15650/24489  loss=0.0202  acc=0.9935  lr=7.68e-06
22:26:43 INFO   e2 opt_step=15700/24489  loss=0.0202  acc=0.9935  lr=7.64e-06
22:26:52 INFO   e2 opt_step=15750/24489  loss=0.0202  acc=0.9935  lr=7.59e-06
22:27:02 INFO   e2 opt_step=15800/24489  loss=0.0201  acc=0.9935  lr=7.55e-06
22:27:11 INFO   e2 opt_step=15850/24489  loss=0.0202  acc=0.9935  lr=7.51e-06
22:27:21 INFO   e2 opt_step=15900/24489  loss=0.0201  acc=0.9935  lr=7.46e-06
22:27:30 INFO   e2 opt_step=15950/24489  loss=0.0201  acc=0.9935  lr=7.42e-06
22:27:40 INFO   e2 opt_step=16000/24489  loss=0.0200  acc=0.9935  lr=7.38e-06
22:27:50 INFO   e2 opt_step=16050/24489  loss=0.0200  acc=0.9935  lr=7.33e-06
22:27:59 INFO   e2 opt_step=16100/24489  loss=0.0200  acc=0.9935  lr=7.29e-06
22:28:09 INFO   e2 opt_step=16150/24489  loss=0.0200  acc=0.9935  lr=7.25e-06
22:28:18 INFO   e2 opt_step=16200/24489  loss=0.0199  acc=0.9936  lr=7.20e-06
22:28:28 INFO   e2 opt_step=16250/24489  loss=0.0198  acc=0.9936  lr=7.16e-06
22:28:37 INFO   e2 opt_step=16300/24489  loss=0.0198  acc=0.9936  lr=7.11e-06
22:29:01 INFO [epoch 2/3]  train_loss=0.0198  train_acc=0.9936  val_loss=0.7271  val_acc=0.9108  val_auc=0.9152  elapsed=1584.6s
22:29:08 INFO   e3 opt_step=16350/24489  loss=0.0110  acc=0.9948  lr=7.07e-06
22:29:17 INFO   e3 opt_step=16400/24489  loss=0.0067  acc=0.9975  lr=7.03e-06
22:29:26 INFO   e3 opt_step=16450/24489  loss=0.0109  acc=0.9957  lr=6.98e-06
22:29:36 INFO   e3 opt_step=16500/24489  loss=0.0139  acc=0.9950  lr=6.94e-06
22:29:45 INFO   e3 opt_step=16550/24489  loss=0.0145  acc=0.9944  lr=6.90e-06
22:29:55 INFO   e3 opt_step=16600/24489  loss=0.0138  acc=0.9948  lr=6.85e-06
22:30:05 INFO   e3 opt_step=16650/24489  loss=0.0136  acc=0.9949  lr=6.81e-06
22:30:14 INFO   e3 opt_step=16700/24489  loss=0.0144  acc=0.9948  lr=6.77e-06
22:30:24 INFO   e3 opt_step=16750/24489  loss=0.0165  acc=0.9947  lr=6.72e-06
22:30:33 INFO   e3 opt_step=16800/24489  loss=0.0155  acc=0.9949  lr=6.68e-06
22:30:43 INFO   e3 opt_step=16850/24489  loss=0.0156  acc=0.9949  lr=6.64e-06
22:30:52 INFO   e3 opt_step=16900/24489  loss=0.0155  acc=0.9948  lr=6.59e-06
22:31:02 INFO   e3 opt_step=16950/24489  loss=0.0157  acc=0.9949  lr=6.55e-06
22:31:11 INFO   e3 opt_step=17000/24489  loss=0.0159  acc=0.9947  lr=6.51e-06
22:31:21 INFO   e3 opt_step=17050/24489  loss=0.0154  acc=0.9949  lr=6.46e-06
22:31:30 INFO   e3 opt_step=17100/24489  loss=0.0159  acc=0.9948  lr=6.42e-06
22:31:40 INFO   e3 opt_step=17150/24489  loss=0.0159  acc=0.9948  lr=6.38e-06
22:31:49 INFO   e3 opt_step=17200/24489  loss=0.0156  acc=0.9948  lr=6.33e-06
22:31:59 INFO   e3 opt_step=17250/24489  loss=0.0150  acc=0.9951  lr=6.29e-06
22:32:08 INFO   e3 opt_step=17300/24489  loss=0.0151  acc=0.9951  lr=6.25e-06
22:32:18 INFO   e3 opt_step=17350/24489  loss=0.0148  acc=0.9952  lr=6.20e-06
22:32:27 INFO   e3 opt_step=17400/24489  loss=0.0149  acc=0.9952  lr=6.16e-06
22:32:37 INFO   e3 opt_step=17450/24489  loss=0.0147  acc=0.9951  lr=6.12e-06
22:32:46 INFO   e3 opt_step=17500/24489  loss=0.0148  acc=0.9951  lr=6.07e-06
22:32:56 INFO   e3 opt_step=17550/24489  loss=0.0145  acc=0.9952  lr=6.03e-06
22:33:06 INFO   e3 opt_step=17600/24489  loss=0.0147  acc=0.9951  lr=5.99e-06
22:33:15 INFO   e3 opt_step=17650/24489  loss=0.0149  acc=0.9950  lr=5.94e-06
22:33:25 INFO   e3 opt_step=17700/24489  loss=0.0148  acc=0.9951  lr=5.90e-06
22:33:35 INFO   e3 opt_step=17750/24489  loss=0.0145  acc=0.9952  lr=5.85e-06
22:33:44 INFO   e3 opt_step=17800/24489  loss=0.0144  acc=0.9951  lr=5.81e-06
22:33:54 INFO   e3 opt_step=17850/24489  loss=0.0142  acc=0.9952  lr=5.77e-06
22:34:03 INFO   e3 opt_step=17900/24489  loss=0.0143  acc=0.9951  lr=5.72e-06
22:34:13 INFO   e3 opt_step=17950/24489  loss=0.0144  acc=0.9951  lr=5.68e-06
22:34:23 INFO   e3 opt_step=18000/24489  loss=0.0143  acc=0.9951  lr=5.64e-06
22:34:32 INFO   e3 opt_step=18050/24489  loss=0.0143  acc=0.9951  lr=5.59e-06
22:34:42 INFO   e3 opt_step=18100/24489  loss=0.0145  acc=0.9950  lr=5.55e-06
22:34:51 INFO   e3 opt_step=18150/24489  loss=0.0144  acc=0.9950  lr=5.51e-06
22:35:01 INFO   e3 opt_step=18200/24489  loss=0.0145  acc=0.9950  lr=5.46e-06
22:35:10 INFO   e3 opt_step=18250/24489  loss=0.0144  acc=0.9949  lr=5.42e-06
22:35:20 INFO   e3 opt_step=18300/24489  loss=0.0143  acc=0.9950  lr=5.38e-06
22:35:29 INFO   e3 opt_step=18350/24489  loss=0.0142  acc=0.9950  lr=5.33e-06
22:35:39 INFO   e3 opt_step=18400/24489  loss=0.0143  acc=0.9950  lr=5.29e-06
22:35:48 INFO   e3 opt_step=18450/24489  loss=0.0144  acc=0.9949  lr=5.25e-06
22:35:58 INFO   e3 opt_step=18500/24489  loss=0.0146  acc=0.9949  lr=5.20e-06
22:36:07 INFO   e3 opt_step=18550/24489  loss=0.0147  acc=0.9948  lr=5.16e-06
22:36:17 INFO   e3 opt_step=18600/24489  loss=0.0145  acc=0.9948  lr=5.12e-06
22:36:27 INFO   e3 opt_step=18650/24489  loss=0.0147  acc=0.9947  lr=5.07e-06
22:36:36 INFO   e3 opt_step=18700/24489  loss=0.0146  acc=0.9947  lr=5.03e-06
22:36:46 INFO   e3 opt_step=18750/24489  loss=0.0148  acc=0.9947  lr=4.99e-06
22:36:55 INFO   e3 opt_step=18800/24489  loss=0.0146  acc=0.9947  lr=4.94e-06
22:37:05 INFO   e3 opt_step=18850/24489  loss=0.0146  acc=0.9947  lr=4.90e-06
22:37:14 INFO   e3 opt_step=18900/24489  loss=0.0147  acc=0.9946  lr=4.86e-06
22:37:24 INFO   e3 opt_step=18950/24489  loss=0.0146  acc=0.9947  lr=4.81e-06
22:37:34 INFO   e3 opt_step=19000/24489  loss=0.0146  acc=0.9946  lr=4.77e-06
22:37:43 INFO   e3 opt_step=19050/24489  loss=0.0146  acc=0.9946  lr=4.73e-06
22:37:53 INFO   e3 opt_step=19100/24489  loss=0.0144  acc=0.9946  lr=4.68e-06
22:38:02 INFO   e3 opt_step=19150/24489  loss=0.0144  acc=0.9947  lr=4.64e-06
22:38:12 INFO   e3 opt_step=19200/24489  loss=0.0143  acc=0.9947  lr=4.60e-06
22:38:21 INFO   e3 opt_step=19250/24489  loss=0.0141  acc=0.9948  lr=4.55e-06
22:38:31 INFO   e3 opt_step=19300/24489  loss=0.0141  acc=0.9948  lr=4.51e-06
22:38:41 INFO   e3 opt_step=19350/24489  loss=0.0141  acc=0.9948  lr=4.46e-06
22:38:51 INFO   e3 opt_step=19400/24489  loss=0.0141  acc=0.9948  lr=4.42e-06
22:39:00 INFO   e3 opt_step=19450/24489  loss=0.0140  acc=0.9948  lr=4.38e-06
22:39:10 INFO   e3 opt_step=19500/24489  loss=0.0138  acc=0.9949  lr=4.33e-06
22:39:20 INFO   e3 opt_step=19550/24489  loss=0.0138  acc=0.9948  lr=4.29e-06
22:39:29 INFO   e3 opt_step=19600/24489  loss=0.0137  acc=0.9949  lr=4.25e-06
22:39:39 INFO   e3 opt_step=19650/24489  loss=0.0136  acc=0.9949  lr=4.20e-06
22:39:48 INFO   e3 opt_step=19700/24489  loss=0.0136  acc=0.9949  lr=4.16e-06
22:39:58 INFO   e3 opt_step=19750/24489  loss=0.0135  acc=0.9949  lr=4.12e-06
22:40:07 INFO   e3 opt_step=19800/24489  loss=0.0134  acc=0.9949  lr=4.07e-06
22:40:17 INFO   e3 opt_step=19850/24489  loss=0.0134  acc=0.9949  lr=4.03e-06
22:40:27 INFO   e3 opt_step=19900/24489  loss=0.0133  acc=0.9950  lr=3.99e-06
22:40:36 INFO   e3 opt_step=19950/24489  loss=0.0134  acc=0.9949  lr=3.94e-06
22:40:46 INFO   e3 opt_step=20000/24489  loss=0.0134  acc=0.9949  lr=3.90e-06
22:40:55 INFO   e3 opt_step=20050/24489  loss=0.0133  acc=0.9949  lr=3.86e-06
22:41:05 INFO   e3 opt_step=20100/24489  loss=0.0133  acc=0.9949  lr=3.81e-06
22:41:15 INFO   e3 opt_step=20150/24489  loss=0.0133  acc=0.9949  lr=3.77e-06
22:41:24 INFO   e3 opt_step=20200/24489  loss=0.0133  acc=0.9950  lr=3.73e-06
22:41:34 INFO   e3 opt_step=20250/24489  loss=0.0132  acc=0.9950  lr=3.68e-06
22:41:44 INFO   e3 opt_step=20300/24489  loss=0.0132  acc=0.9950  lr=3.64e-06
22:41:53 INFO   e3 opt_step=20350/24489  loss=0.0132  acc=0.9950  lr=3.60e-06
22:42:03 INFO   e3 opt_step=20400/24489  loss=0.0132  acc=0.9950  lr=3.55e-06
22:42:12 INFO   e3 opt_step=20450/24489  loss=0.0132  acc=0.9950  lr=3.51e-06
22:42:22 INFO   e3 opt_step=20500/24489  loss=0.0131  acc=0.9950  lr=3.47e-06
22:42:32 INFO   e3 opt_step=20550/24489  loss=0.0130  acc=0.9950  lr=3.42e-06
22:42:41 INFO   e3 opt_step=20600/24489  loss=0.0130  acc=0.9950  lr=3.38e-06
22:42:51 INFO   e3 opt_step=20650/24489  loss=0.0130  acc=0.9950  lr=3.34e-06
22:43:01 INFO   e3 opt_step=20700/24489  loss=0.0130  acc=0.9950  lr=3.29e-06
22:43:10 INFO   e3 opt_step=20750/24489  loss=0.0129  acc=0.9950  lr=3.25e-06
22:43:20 INFO   e3 opt_step=20800/24489  loss=0.0129  acc=0.9950  lr=3.21e-06
22:43:30 INFO   e3 opt_step=20850/24489  loss=0.0129  acc=0.9950  lr=3.16e-06
22:43:39 INFO   e3 opt_step=20900/24489  loss=0.0129  acc=0.9950  lr=3.12e-06
22:43:49 INFO   e3 opt_step=20950/24489  loss=0.0128  acc=0.9950  lr=3.07e-06
22:43:59 INFO   e3 opt_step=21000/24489  loss=0.0128  acc=0.9950  lr=3.03e-06
22:44:08 INFO   e3 opt_step=21050/24489  loss=0.0128  acc=0.9950  lr=2.99e-06
22:44:18 INFO   e3 opt_step=21100/24489  loss=0.0127  acc=0.9950  lr=2.94e-06
22:44:27 INFO   e3 opt_step=21150/24489  loss=0.0127  acc=0.9950  lr=2.90e-06
22:44:37 INFO   e3 opt_step=21200/24489  loss=0.0127  acc=0.9950  lr=2.86e-06
22:44:46 INFO   e3 opt_step=21250/24489  loss=0.0126  acc=0.9951  lr=2.81e-06
22:44:56 INFO   e3 opt_step=21300/24489  loss=0.0126  acc=0.9951  lr=2.77e-06
22:45:06 INFO   e3 opt_step=21350/24489  loss=0.0126  acc=0.9950  lr=2.73e-06
22:45:15 INFO   e3 opt_step=21400/24489  loss=0.0126  acc=0.9950  lr=2.68e-06
22:45:25 INFO   e3 opt_step=21450/24489  loss=0.0127  acc=0.9950  lr=2.64e-06
22:45:34 INFO   e3 opt_step=21500/24489  loss=0.0126  acc=0.9950  lr=2.60e-06
22:45:44 INFO   e3 opt_step=21550/24489  loss=0.0126  acc=0.9950  lr=2.55e-06
22:45:53 INFO   e3 opt_step=21600/24489  loss=0.0126  acc=0.9950  lr=2.51e-06
22:46:03 INFO   e3 opt_step=21650/24489  loss=0.0125  acc=0.9950  lr=2.47e-06
22:46:12 INFO   e3 opt_step=21700/24489  loss=0.0125  acc=0.9950  lr=2.42e-06
22:46:21 INFO   e3 opt_step=21750/24489  loss=0.0125  acc=0.9950  lr=2.38e-06
22:46:31 INFO   e3 opt_step=21800/24489  loss=0.0125  acc=0.9950  lr=2.34e-06
22:46:40 INFO   e3 opt_step=21850/24489  loss=0.0125  acc=0.9950  lr=2.29e-06
22:46:50 INFO   e3 opt_step=21900/24489  loss=0.0125  acc=0.9950  lr=2.25e-06
22:47:00 INFO   e3 opt_step=21950/24489  loss=0.0124  acc=0.9950  lr=2.21e-06
22:47:09 INFO   e3 opt_step=22000/24489  loss=0.0124  acc=0.9951  lr=2.16e-06
22:47:19 INFO   e3 opt_step=22050/24489  loss=0.0124  acc=0.9950  lr=2.12e-06
22:47:29 INFO   e3 opt_step=22100/24489  loss=0.0124  acc=0.9951  lr=2.08e-06
22:47:38 INFO   e3 opt_step=22150/24489  loss=0.0125  acc=0.9950  lr=2.03e-06
22:47:48 INFO   e3 opt_step=22200/24489  loss=0.0125  acc=0.9950  lr=1.99e-06
22:47:57 INFO   e3 opt_step=22250/24489  loss=0.0124  acc=0.9950  lr=1.95e-06
22:48:07 INFO   e3 opt_step=22300/24489  loss=0.0124  acc=0.9950  lr=1.90e-06
22:48:17 INFO   e3 opt_step=22350/24489  loss=0.0124  acc=0.9950  lr=1.86e-06
22:48:26 INFO   e3 opt_step=22400/24489  loss=0.0124  acc=0.9950  lr=1.81e-06
22:48:35 INFO   e3 opt_step=22450/24489  loss=0.0124  acc=0.9950  lr=1.77e-06
22:48:45 INFO   e3 opt_step=22500/24489  loss=0.0124  acc=0.9950  lr=1.73e-06
22:48:54 INFO   e3 opt_step=22550/24489  loss=0.0124  acc=0.9950  lr=1.68e-06
22:49:04 INFO   e3 opt_step=22600/24489  loss=0.0123  acc=0.9950  lr=1.64e-06
22:49:13 INFO   e3 opt_step=22650/24489  loss=0.0123  acc=0.9950  lr=1.60e-06
22:49:23 INFO   e3 opt_step=22700/24489  loss=0.0123  acc=0.9950  lr=1.55e-06
22:49:33 INFO   e3 opt_step=22750/24489  loss=0.0123  acc=0.9950  lr=1.51e-06
22:49:42 INFO   e3 opt_step=22800/24489  loss=0.0123  acc=0.9950  lr=1.47e-06
22:49:52 INFO   e3 opt_step=22850/24489  loss=0.0123  acc=0.9950  lr=1.42e-06
22:50:01 INFO   e3 opt_step=22900/24489  loss=0.0123  acc=0.9950  lr=1.38e-06
22:50:11 INFO   e3 opt_step=22950/24489  loss=0.0122  acc=0.9950  lr=1.34e-06
22:50:21 INFO   e3 opt_step=23000/24489  loss=0.0122  acc=0.9950  lr=1.29e-06
22:50:30 INFO   e3 opt_step=23050/24489  loss=0.0122  acc=0.9950  lr=1.25e-06
22:50:40 INFO   e3 opt_step=23100/24489  loss=0.0122  acc=0.9950  lr=1.21e-06
22:50:49 INFO   e3 opt_step=23150/24489  loss=0.0121  acc=0.9950  lr=1.16e-06
22:50:59 INFO   e3 opt_step=23200/24489  loss=0.0122  acc=0.9950  lr=1.12e-06
22:51:08 INFO   e3 opt_step=23250/24489  loss=0.0121  acc=0.9950  lr=1.08e-06
22:51:18 INFO   e3 opt_step=23300/24489  loss=0.0121  acc=0.9950  lr=1.03e-06
22:51:28 INFO   e3 opt_step=23350/24489  loss=0.0120  acc=0.9950  lr=9.90e-07
22:51:37 INFO   e3 opt_step=23400/24489  loss=0.0120  acc=0.9951  lr=9.46e-07
22:51:47 INFO   e3 opt_step=23450/24489  loss=0.0120  acc=0.9951  lr=9.03e-07
22:51:56 INFO   e3 opt_step=23500/24489  loss=0.0120  acc=0.9951  lr=8.59e-07
22:52:06 INFO   e3 opt_step=23550/24489  loss=0.0119  acc=0.9951  lr=8.16e-07
22:52:15 INFO   e3 opt_step=23600/24489  loss=0.0120  acc=0.9951  lr=7.72e-07
22:52:25 INFO   e3 opt_step=23650/24489  loss=0.0119  acc=0.9951  lr=7.29e-07
22:52:35 INFO   e3 opt_step=23700/24489  loss=0.0119  acc=0.9951  lr=6.85e-07
22:52:44 INFO   e3 opt_step=23750/24489  loss=0.0119  acc=0.9951  lr=6.42e-07
22:52:54 INFO   e3 opt_step=23800/24489  loss=0.0119  acc=0.9951  lr=5.99e-07
22:53:03 INFO   e3 opt_step=23850/24489  loss=0.0118  acc=0.9951  lr=5.55e-07
22:53:13 INFO   e3 opt_step=23900/24489  loss=0.0118  acc=0.9951  lr=5.12e-07
22:53:23 INFO   e3 opt_step=23950/24489  loss=0.0118  acc=0.9951  lr=4.68e-07
22:53:32 INFO   e3 opt_step=24000/24489  loss=0.0117  acc=0.9952  lr=4.25e-07
22:53:42 INFO   e3 opt_step=24050/24489  loss=0.0117  acc=0.9952  lr=3.81e-07
22:53:51 INFO   e3 opt_step=24100/24489  loss=0.0117  acc=0.9952  lr=3.38e-07
22:54:01 INFO   e3 opt_step=24150/24489  loss=0.0117  acc=0.9952  lr=2.95e-07
22:54:10 INFO   e3 opt_step=24200/24489  loss=0.0117  acc=0.9952  lr=2.51e-07
22:54:20 INFO   e3 opt_step=24250/24489  loss=0.0117  acc=0.9951  lr=2.08e-07
22:54:29 INFO   e3 opt_step=24300/24489  loss=0.0117  acc=0.9952  lr=1.64e-07
22:54:39 INFO   e3 opt_step=24350/24489  loss=0.0116  acc=0.9952  lr=1.21e-07
22:54:49 INFO   e3 opt_step=24400/24489  loss=0.0116  acc=0.9952  lr=7.73e-08
22:54:58 INFO   e3 opt_step=24450/24489  loss=0.0116  acc=0.9952  lr=3.39e-08
22:55:25 INFO [epoch 3/3]  train_loss=0.0115  train_acc=0.9952  val_loss=0.6007  val_acc=0.9320  val_auc=0.9272  elapsed=1582.2s
22:55:27 INFO   * saved best.pt  val_acc=0.9320
22:55:28 INFO saved final.pt  total_time=4762s
22:55:28 INFO loading best.pt for final val/test evaluation …
22:55:47 INFO [val]  acc=0.9320  auc=0.9272  f1=0.8384
22:55:57 INFO [test] loss=1.1272  acc=0.8724  auc=0.8916  f1=0.8661
22:55:57 INFO [done] best_val_acc=0.9320  test_acc=0.8724  test_auc=0.8916  results in runs/crossencoder2x/ce2x_semantic
