10:42:02 INFO run_dir=runs/classifier/new_ajo_workflows
10:42:02 INFO device=cuda  bf16=True
10:42:02 INFO tokenizer <- BAAI/bge-small-en-v1.5
10:42:02 INFO max_seq_len=524 exceeds model cap 512; clamping to 512
10:42:02 INFO max_seq_len=512 (user-provided)
10:42:02 INFO loading datasets
10:42:02 INFO   train=21846  val=2470  test=2616
10:42:02 INFO building DirectionalClassifier on BAAI/bge-small-en-v1.5  head_cfg={'head_type': 'mlp', 'hidden_dims': [512, 128], 'dropout': 0.1, 'activation': 'gelu', 'norm': 'layer'}  n_tiers=0
10:42:03 INFO   hidden_size=384  trainable_params=67,577,089
10:42:03 INFO   total_steps=2049  warmup_steps=204
10:45:34 INFO run_dir=runs/classifier/new_ajo_workflows
10:45:34 INFO device=cuda  bf16=True
10:45:34 INFO tokenizer <- BAAI/bge-small-en-v1.5
10:45:34 INFO max_seq_len=524 exceeds model cap 512; clamping to 512
10:45:34 INFO max_seq_len=512 (user-provided)
10:45:34 INFO loading datasets
10:45:35 INFO   train=21846  val=2470  test=2616
10:45:35 INFO building DirectionalClassifier on BAAI/bge-small-en-v1.5  head_cfg={'head_type': 'mlp', 'hidden_dims': [512, 128], 'dropout': 0.1, 'activation': 'gelu', 'norm': 'layer'}  n_tiers=0
10:45:36 INFO   hidden_size=384  trainable_params=67,577,089
10:45:36 INFO   total_steps=2049  warmup_steps=204
10:45:40 INFO   e1 step    50/683  loss=0.8523  acc=0.4956  lr0=4.90e-06 lr1=2.45e-04
10:45:44 INFO   e1 step   100/683  loss=0.7859  acc=0.5244  lr0=9.80e-06 lr1=4.90e-04
10:45:48 INFO   e1 step   150/683  loss=0.7562  acc=0.5306  lr0=1.47e-05 lr1=7.35e-04
10:45:52 INFO   e1 step   200/683  loss=0.7472  acc=0.5253  lr0=1.96e-05 lr1=9.80e-04
10:45:56 INFO   e1 step   250/683  loss=0.7360  acc=0.5266  lr0=1.95e-05 lr1=9.75e-04
10:46:00 INFO   e1 step   300/683  loss=0.7263  acc=0.5268  lr0=1.90e-05 lr1=9.48e-04
10:46:04 INFO   e1 step   350/683  loss=0.7187  acc=0.5308  lr0=1.84e-05 lr1=9.21e-04
10:46:08 INFO   e1 step   400/683  loss=0.7133  acc=0.5291  lr0=1.79e-05 lr1=8.94e-04
10:46:13 INFO   e1 step   450/683  loss=0.7092  acc=0.5288  lr0=1.73e-05 lr1=8.67e-04
10:46:17 INFO   e1 step   500/683  loss=0.7055  acc=0.5277  lr0=1.68e-05 lr1=8.40e-04
10:46:20 INFO   e1 step   550/683  loss=0.7020  acc=0.5299  lr0=1.62e-05 lr1=8.12e-04
10:46:25 INFO   e1 step   600/683  loss=0.6986  acc=0.5311  lr0=1.57e-05 lr1=7.85e-04
10:46:29 INFO   e1 step   650/683  loss=0.6963  acc=0.5315  lr0=1.52e-05 lr1=7.58e-04
10:46:34 INFO [epoch 1] train_loss=0.6948 train_acc=0.5338  val_loss=0.6567 val_acc=0.5595 val_auc=0.6197  elapsed=58.4s
10:46:34 INFO   saved best.pt  val_acc=0.5595
10:46:38 INFO   e2 step    50/683  loss=0.6587  acc=0.5731  lr0=1.43e-05 lr1=7.13e-04
10:46:42 INFO   e2 step   100/683  loss=0.6523  acc=0.5797  lr0=1.37e-05 lr1=6.86e-04
10:46:47 INFO   e2 step   150/683  loss=0.6511  acc=0.5787  lr0=1.32e-05 lr1=6.59e-04
10:46:51 INFO   e2 step   200/683  loss=0.6500  acc=0.5805  lr0=1.26e-05 lr1=6.32e-04
10:46:55 INFO   e2 step   250/683  loss=0.6507  acc=0.5804  lr0=1.21e-05 lr1=6.05e-04
10:46:59 INFO   e2 step   300/683  loss=0.6498  acc=0.5776  lr0=1.16e-05 lr1=5.78e-04
10:47:03 INFO   e2 step   350/683  loss=0.6495  acc=0.5774  lr0=1.10e-05 lr1=5.51e-04
10:47:07 INFO   e2 step   400/683  loss=0.6471  acc=0.5826  lr0=1.05e-05 lr1=5.24e-04
10:47:11 INFO   e2 step   450/683  loss=0.6466  acc=0.5844  lr0=9.93e-06 lr1=4.96e-04
10:47:15 INFO   e2 step   500/683  loss=0.6466  acc=0.5869  lr0=9.39e-06 lr1=4.69e-04
10:47:19 INFO   e2 step   550/683  loss=0.6459  acc=0.5866  lr0=8.85e-06 lr1=4.42e-04
10:47:22 INFO   e2 step   600/683  loss=0.6453  acc=0.5865  lr0=8.30e-06 lr1=4.15e-04
10:47:26 INFO   e2 step   650/683  loss=0.6443  acc=0.5877  lr0=7.76e-06 lr1=3.88e-04
10:47:31 INFO [epoch 2] train_loss=0.6437 train_acc=0.5894  val_loss=0.6809 val_acc=0.5943 val_auc=0.6456  elapsed=56.5s
10:47:31 INFO   saved best.pt  val_acc=0.5943
10:47:35 INFO   e3 step    50/683  loss=0.6067  acc=0.6319  lr0=6.86e-06 lr1=3.43e-04
10:47:39 INFO   e3 step   100/683  loss=0.6074  acc=0.6412  lr0=6.32e-06 lr1=3.16e-04
10:47:43 INFO   e3 step   150/683  loss=0.6029  acc=0.6469  lr0=5.78e-06 lr1=2.89e-04
10:47:47 INFO   e3 step   200/683  loss=0.6031  acc=0.6477  lr0=5.24e-06 lr1=2.62e-04
10:47:51 INFO   e3 step   250/683  loss=0.6007  acc=0.6505  lr0=4.69e-06 lr1=2.35e-04
10:47:55 INFO   e3 step   300/683  loss=0.6011  acc=0.6510  lr0=4.15e-06 lr1=2.08e-04
10:47:58 INFO   e3 step   350/683  loss=0.5981  acc=0.6554  lr0=3.61e-06 lr1=1.80e-04
10:48:02 INFO   e3 step   400/683  loss=0.5992  acc=0.6527  lr0=3.07e-06 lr1=1.53e-04
10:48:05 INFO   e3 step   450/683  loss=0.5992  acc=0.6520  lr0=2.53e-06 lr1=1.26e-04
10:48:09 INFO   e3 step   500/683  loss=0.5976  acc=0.6526  lr0=1.98e-06 lr1=9.92e-05
10:48:14 INFO   e3 step   550/683  loss=0.5971  acc=0.6528  lr0=1.44e-06 lr1=7.21e-05
10:48:18 INFO   e3 step   600/683  loss=0.5977  acc=0.6524  lr0=9.00e-07 lr1=4.50e-05
10:48:22 INFO   e3 step   650/683  loss=0.5966  acc=0.6524  lr0=3.58e-07 lr1=1.79e-05
10:48:26 INFO [epoch 3] train_loss=0.5973 train_acc=0.6517  val_loss=0.7001 val_acc=0.6032 val_auc=0.6542  elapsed=54.6s
10:48:27 INFO   saved best.pt  val_acc=0.6032
10:48:27 INFO loading best.pt for test eval
10:48:29 INFO [test] loss=0.6588  acc=0.6223  auc=0.6683  f1=0.6229
10:51:33 INFO run_dir=runs/classifier/new_ajo_workflows
10:51:33 INFO device=cuda  bf16=True
10:51:33 INFO tokenizer <- BAAI/bge-small-en-v1.5
10:51:34 INFO max_seq_len=524 exceeds model cap 512; clamping to 512
10:51:34 INFO max_seq_len=512 (user-provided)
10:51:34 INFO loading datasets
10:51:34 INFO   train=21846  val=2470  test=2616
10:51:34 INFO building DirectionalClassifier on BAAI/bge-small-en-v1.5  head_cfg={'head_type': 'mlp', 'hidden_dims': [512, 128], 'dropout': 0.1, 'activation': 'gelu', 'norm': 'layer'}  n_tiers=0
10:51:35 INFO   hidden_size=384  trainable_params=67,577,089
10:51:35 INFO   total_steps=2049  warmup_steps=204
10:51:40 INFO   e1 step    50/683  loss=0.8523  acc=0.4919  lr0=4.90e-06 lr1=2.45e-04
10:51:44 INFO   e1 step   100/683  loss=0.7859  acc=0.5206  lr0=9.80e-06 lr1=4.90e-04
10:51:47 INFO   e1 step   150/683  loss=0.7561  acc=0.5290  lr0=1.47e-05 lr1=7.35e-04
10:51:52 INFO   e1 step   200/683  loss=0.7472  acc=0.5241  lr0=1.96e-05 lr1=9.80e-04
10:51:56 INFO   e1 step   250/683  loss=0.7360  acc=0.5254  lr0=1.95e-05 lr1=9.75e-04
10:52:00 INFO   e1 step   300/683  loss=0.7263  acc=0.5257  lr0=1.90e-05 lr1=9.48e-04
10:52:05 INFO   e1 step   350/683  loss=0.7187  acc=0.5295  lr0=1.84e-05 lr1=9.21e-04
10:52:09 INFO   e1 step   400/683  loss=0.7134  acc=0.5290  lr0=1.79e-05 lr1=8.94e-04
10:52:13 INFO   e1 step   450/683  loss=0.7096  acc=0.5289  lr0=1.73e-05 lr1=8.67e-04
10:52:17 INFO   e1 step   500/683  loss=0.7059  acc=0.5281  lr0=1.68e-05 lr1=8.40e-04
10:52:21 INFO   e1 step   550/683  loss=0.7023  acc=0.5317  lr0=1.62e-05 lr1=8.12e-04
10:52:26 INFO   e1 step   600/683  loss=0.6989  acc=0.5330  lr0=1.57e-05 lr1=7.85e-04
10:52:31 INFO   e1 step   650/683  loss=0.6966  acc=0.5338  lr0=1.52e-05 lr1=7.58e-04
10:52:36 INFO [epoch 1] train_loss=0.6951 train_acc=0.5358  val_loss=0.6535 val_acc=0.5656 val_auc=0.6220  elapsed=61.4s
10:52:37 INFO   saved best.pt  val_acc=0.5656
10:52:42 INFO   e2 step    50/683  loss=0.6559  acc=0.5731  lr0=1.43e-05 lr1=7.13e-04
10:52:46 INFO   e2 step   100/683  loss=0.6510  acc=0.5800  lr0=1.37e-05 lr1=6.86e-04
10:52:50 INFO   e2 step   150/683  loss=0.6505  acc=0.5779  lr0=1.32e-05 lr1=6.59e-04
10:52:55 INFO   e2 step   200/683  loss=0.6494  acc=0.5808  lr0=1.26e-05 lr1=6.32e-04
10:52:59 INFO   e2 step   250/683  loss=0.6501  acc=0.5799  lr0=1.21e-05 lr1=6.05e-04
10:53:03 INFO   e2 step   300/683  loss=0.6491  acc=0.5776  lr0=1.16e-05 lr1=5.78e-04
10:53:59 INFO run_dir=runs/classifier/new_ajo_workflows
10:53:59 INFO device=cuda  bf16=True
10:53:59 INFO tokenizer <- BAAI/bge-small-en-v1.5
10:54:00 INFO max_seq_len=524 exceeds model cap 512; clamping to 512
10:54:00 INFO max_seq_len=512 (user-provided)
10:54:00 INFO loading datasets
10:54:00 INFO   train=21846  val=2470  test=2616
10:54:00 INFO building DirectionalClassifier on BAAI/bge-small-en-v1.5  head_cfg={'head_type': 'mlp', 'hidden_dims': [512, 128], 'dropout': 0.1, 'activation': 'gelu', 'norm': 'layer'}  n_tiers=0
10:54:01 INFO   hidden_size=384  trainable_params=67,577,089
10:54:01 INFO   total_steps=6830  warmup_steps=683
10:54:06 INFO   e1 step    50/683  loss=0.8741  acc=0.4725  lr0=1.46e-06 lr1=7.32e-05
10:54:10 INFO   e1 step   100/683  loss=0.8236  acc=0.4947  lr0=2.93e-06 lr1=1.46e-04
10:54:14 INFO   e1 step   150/683  loss=0.7926  acc=0.5040  lr0=4.39e-06 lr1=2.20e-04
10:54:18 INFO   e1 step   200/683  loss=0.7750  acc=0.5081  lr0=5.86e-06 lr1=2.93e-04
10:54:23 INFO   e1 step   250/683  loss=0.7589  acc=0.5122  lr0=7.32e-06 lr1=3.66e-04
10:54:26 INFO   e1 step   300/683  loss=0.7466  acc=0.5174  lr0=8.78e-06 lr1=4.39e-04
10:54:30 INFO   e1 step   350/683  loss=0.7377  acc=0.5223  lr0=1.02e-05 lr1=5.12e-04
10:54:34 INFO   e1 step   400/683  loss=0.7315  acc=0.5210  lr0=1.17e-05 lr1=5.86e-04
10:54:38 INFO   e1 step   450/683  loss=0.7265  acc=0.5215  lr0=1.32e-05 lr1=6.59e-04
10:54:42 INFO   e1 step   500/683  loss=0.7218  acc=0.5226  lr0=1.46e-05 lr1=7.32e-04
10:54:47 INFO   e1 step   550/683  loss=0.7171  acc=0.5255  lr0=1.61e-05 lr1=8.05e-04
10:54:51 INFO   e1 step   600/683  loss=0.7133  acc=0.5278  lr0=1.76e-05 lr1=8.78e-04
10:54:55 INFO   e1 step   650/683  loss=0.7100  acc=0.5286  lr0=1.90e-05 lr1=9.52e-04
10:54:59 INFO [epoch 1] train_loss=0.7079 train_acc=0.5306  val_loss=0.6639 val_acc=0.5526 val_auc=0.6036  elapsed=57.7s
10:54:59 INFO   saved best.pt  val_acc=0.5526
10:55:04 INFO   e2 step    50/683  loss=0.6628  acc=0.5694  lr0=1.98e-05 lr1=9.92e-04
10:55:08 INFO   e2 step   100/683  loss=0.6581  acc=0.5772  lr0=1.97e-05 lr1=9.84e-04
10:55:12 INFO   e2 step   150/683  loss=0.6581  acc=0.5717  lr0=1.95e-05 lr1=9.76e-04
10:55:16 INFO   e2 step   200/683  loss=0.6563  acc=0.5764  lr0=1.93e-05 lr1=9.67e-04
10:55:20 INFO   e2 step   250/683  loss=0.6579  acc=0.5757  lr0=1.92e-05 lr1=9.59e-04
10:55:24 INFO   e2 step   300/683  loss=0.6564  acc=0.5759  lr0=1.90e-05 lr1=9.51e-04
10:55:28 INFO   e2 step   350/683  loss=0.6566  acc=0.5740  lr0=1.89e-05 lr1=9.43e-04
10:55:32 INFO   e2 step   400/683  loss=0.6547  acc=0.5766  lr0=1.87e-05 lr1=9.35e-04
10:55:36 INFO   e2 step   450/683  loss=0.6550  acc=0.5778  lr0=1.85e-05 lr1=9.27e-04
10:55:40 INFO   e2 step   500/683  loss=0.6549  acc=0.5791  lr0=1.84e-05 lr1=9.19e-04
10:55:44 INFO   e2 step   550/683  loss=0.6543  acc=0.5801  lr0=1.82e-05 lr1=9.11e-04
10:55:48 INFO   e2 step   600/683  loss=0.6539  acc=0.5786  lr0=1.80e-05 lr1=9.02e-04
10:55:52 INFO   e2 step   650/683  loss=0.6527  acc=0.5798  lr0=1.79e-05 lr1=8.94e-04
10:55:57 INFO [epoch 2] train_loss=0.6522 train_acc=0.5808  val_loss=0.6612 val_acc=0.6040 val_auc=0.6499  elapsed=57.1s
10:55:57 INFO   saved best.pt  val_acc=0.6040
10:56:01 INFO   e3 step    50/683  loss=0.6140  acc=0.6406  lr0=1.76e-05 lr1=8.81e-04
10:56:05 INFO   e3 step   100/683  loss=0.6131  acc=0.6419  lr0=1.75e-05 lr1=8.73e-04
10:56:10 INFO   e3 step   150/683  loss=0.6090  acc=0.6435  lr0=1.73e-05 lr1=8.64e-04
10:56:15 INFO   e3 step   200/683  loss=0.6101  acc=0.6427  lr0=1.71e-05 lr1=8.56e-04
10:56:19 INFO   e3 step   250/683  loss=0.6108  acc=0.6448  lr0=1.70e-05 lr1=8.48e-04
10:56:23 INFO   e3 step   300/683  loss=0.6112  acc=0.6454  lr0=1.68e-05 lr1=8.40e-04
10:56:27 INFO   e3 step   350/683  loss=0.6099  acc=0.6459  lr0=1.66e-05 lr1=8.32e-04
10:56:32 INFO   e3 step   400/683  loss=0.6103  acc=0.6427  lr0=1.65e-05 lr1=8.24e-04
10:56:36 INFO   e3 step   450/683  loss=0.6099  acc=0.6429  lr0=1.63e-05 lr1=8.16e-04
10:56:40 INFO   e3 step   500/683  loss=0.6081  acc=0.6421  lr0=1.62e-05 lr1=8.08e-04
10:56:44 INFO   e3 step   550/683  loss=0.6083  acc=0.6407  lr0=1.60e-05 lr1=7.99e-04
10:56:49 INFO   e3 step   600/683  loss=0.6089  acc=0.6405  lr0=1.58e-05 lr1=7.91e-04
10:56:52 INFO   e3 step   650/683  loss=0.6086  acc=0.6403  lr0=1.57e-05 lr1=7.83e-04
10:56:57 INFO [epoch 3] train_loss=0.6099 train_acc=0.6386  val_loss=0.6565 val_acc=0.5988 val_auc=0.6575  elapsed=59.6s
10:57:00 INFO   e4 step    50/683  loss=0.5723  acc=0.6969  lr0=1.54e-05 lr1=7.70e-04
10:57:04 INFO   e4 step   100/683  loss=0.5538  acc=0.7044  lr0=1.52e-05 lr1=7.62e-04
10:57:08 INFO   e4 step   150/683  loss=0.5529  acc=0.7048  lr0=1.51e-05 lr1=7.53e-04
10:57:13 INFO   e4 step   200/683  loss=0.5558  acc=0.7011  lr0=1.49e-05 lr1=7.45e-04
10:57:17 INFO   e4 step   250/683  loss=0.5584  acc=0.6941  lr0=1.47e-05 lr1=7.37e-04
10:57:21 INFO   e4 step   300/683  loss=0.5608  acc=0.6910  lr0=1.46e-05 lr1=7.29e-04
10:57:25 INFO   e4 step   350/683  loss=0.5616  acc=0.6883  lr0=1.44e-05 lr1=7.21e-04
10:57:29 INFO   e4 step   400/683  loss=0.5605  acc=0.6887  lr0=1.43e-05 lr1=7.13e-04
10:57:32 INFO   e4 step   450/683  loss=0.5612  acc=0.6887  lr0=1.41e-05 lr1=7.05e-04
10:57:36 INFO   e4 step   500/683  loss=0.5623  acc=0.6868  lr0=1.39e-05 lr1=6.96e-04
10:57:40 INFO   e4 step   550/683  loss=0.5620  acc=0.6873  lr0=1.38e-05 lr1=6.88e-04
10:57:44 INFO   e4 step   600/683  loss=0.5625  acc=0.6868  lr0=1.36e-05 lr1=6.80e-04
10:57:49 INFO   e4 step   650/683  loss=0.5614  acc=0.6870  lr0=1.34e-05 lr1=6.72e-04
10:57:53 INFO [epoch 4] train_loss=0.5607 train_acc=0.6872  val_loss=0.7786 val_acc=0.6142 val_auc=0.6605  elapsed=56.2s
10:57:53 INFO   saved best.pt  val_acc=0.6142
10:57:57 INFO   e5 step    50/683  loss=0.4881  acc=0.7356  lr0=1.32e-05 lr1=6.59e-04
10:58:01 INFO   e5 step   100/683  loss=0.4954  acc=0.7359  lr0=1.30e-05 lr1=6.50e-04
10:58:06 INFO   e5 step   150/683  loss=0.4925  acc=0.7362  lr0=1.28e-05 lr1=6.42e-04
10:58:10 INFO   e5 step   200/683  loss=0.4926  acc=0.7377  lr0=1.27e-05 lr1=6.34e-04
10:58:14 INFO   e5 step   250/683  loss=0.4956  acc=0.7376  lr0=1.25e-05 lr1=6.26e-04
10:58:18 INFO   e5 step   300/683  loss=0.5000  acc=0.7325  lr0=1.24e-05 lr1=6.18e-04
10:58:22 INFO   e5 step   350/683  loss=0.5023  acc=0.7311  lr0=1.22e-05 lr1=6.10e-04
10:58:26 INFO   e5 step   400/683  loss=0.5013  acc=0.7322  lr0=1.20e-05 lr1=6.02e-04
10:58:31 INFO   e5 step   450/683  loss=0.5023  acc=0.7297  lr0=1.19e-05 lr1=5.93e-04
10:58:35 INFO   e5 step   500/683  loss=0.5017  acc=0.7302  lr0=1.17e-05 lr1=5.85e-04
10:58:39 INFO   e5 step   550/683  loss=0.5033  acc=0.7286  lr0=1.15e-05 lr1=5.77e-04
10:58:43 INFO   e5 step   600/683  loss=0.5050  acc=0.7276  lr0=1.14e-05 lr1=5.69e-04
10:58:47 INFO   e5 step   650/683  loss=0.5055  acc=0.7274  lr0=1.12e-05 lr1=5.61e-04
10:58:51 INFO [epoch 5] train_loss=0.5049 train_acc=0.7276  val_loss=0.7874 val_acc=0.6057 val_auc=0.6715  elapsed=58.2s
10:58:56 INFO   e6 step    50/683  loss=0.4349  acc=0.7762  lr0=1.09e-05 lr1=5.47e-04
10:59:00 INFO   e6 step   100/683  loss=0.4574  acc=0.7619  lr0=1.08e-05 lr1=5.39e-04
10:59:04 INFO   e6 step   150/683  loss=0.4522  acc=0.7690  lr0=1.06e-05 lr1=5.31e-04
10:59:08 INFO   e6 step   200/683  loss=0.4552  acc=0.7680  lr0=1.05e-05 lr1=5.23e-04
10:59:12 INFO   e6 step   250/683  loss=0.4541  acc=0.7695  lr0=1.03e-05 lr1=5.15e-04
10:59:17 INFO   e6 step   300/683  loss=0.4520  acc=0.7705  lr0=1.01e-05 lr1=5.07e-04
10:59:21 INFO   e6 step   350/683  loss=0.4541  acc=0.7676  lr0=9.97e-06 lr1=4.99e-04
10:59:25 INFO   e6 step   400/683  loss=0.4524  acc=0.7684  lr0=9.81e-06 lr1=4.90e-04
10:59:29 INFO   e6 step   450/683  loss=0.4530  acc=0.7685  lr0=9.65e-06 lr1=4.82e-04
10:59:33 INFO   e6 step   500/683  loss=0.4531  acc=0.7681  lr0=9.48e-06 lr1=4.74e-04
10:59:37 INFO   e6 step   550/683  loss=0.4531  acc=0.7690  lr0=9.32e-06 lr1=4.66e-04
10:59:42 INFO   e6 step   600/683  loss=0.4533  acc=0.7695  lr0=9.16e-06 lr1=4.58e-04
10:59:46 INFO   e6 step   650/683  loss=0.4540  acc=0.7684  lr0=9.00e-06 lr1=4.50e-04
10:59:50 INFO [epoch 6] train_loss=0.4547 train_acc=0.7677  val_loss=0.8501 val_acc=0.6344 val_auc=0.6853  elapsed=58.5s
10:59:50 INFO   saved best.pt  val_acc=0.6344
10:59:54 INFO   e7 step    50/683  loss=0.3902  acc=0.8125  lr0=8.73e-06 lr1=4.36e-04
10:59:58 INFO   e7 step   100/683  loss=0.3931  acc=0.8087  lr0=8.56e-06 lr1=4.28e-04
11:00:02 INFO   e7 step   150/683  loss=0.3933  acc=0.8096  lr0=8.40e-06 lr1=4.20e-04
11:00:06 INFO   e7 step   200/683  loss=0.3913  acc=0.8080  lr0=8.24e-06 lr1=4.12e-04
11:00:10 INFO   e7 step   250/683  loss=0.3895  acc=0.8085  lr0=8.08e-06 lr1=4.04e-04
11:00:14 INFO   e7 step   300/683  loss=0.3914  acc=0.8090  lr0=7.91e-06 lr1=3.96e-04
11:00:17 INFO   e7 step   350/683  loss=0.3923  acc=0.8068  lr0=7.75e-06 lr1=3.88e-04
11:00:21 INFO   e7 step   400/683  loss=0.3915  acc=0.8073  lr0=7.59e-06 lr1=3.79e-04
11:00:25 INFO   e7 step   450/683  loss=0.3933  acc=0.8060  lr0=7.42e-06 lr1=3.71e-04
11:00:30 INFO   e7 step   500/683  loss=0.3927  acc=0.8056  lr0=7.26e-06 lr1=3.63e-04
11:00:34 INFO   e7 step   550/683  loss=0.3918  acc=0.8057  lr0=7.10e-06 lr1=3.55e-04
11:00:38 INFO   e7 step   600/683  loss=0.3922  acc=0.8057  lr0=6.94e-06 lr1=3.47e-04
11:00:41 INFO   e7 step   650/683  loss=0.3917  acc=0.8062  lr0=6.77e-06 lr1=3.39e-04
11:00:46 INFO [epoch 7] train_loss=0.3906 train_acc=0.8066  val_loss=0.9310 val_acc=0.6239 val_auc=0.6785  elapsed=55.1s
11:00:50 INFO   e8 step    50/683  loss=0.3183  acc=0.8494  lr0=6.50e-06 lr1=3.25e-04
11:00:55 INFO   e8 step   100/683  loss=0.3130  acc=0.8512  lr0=6.34e-06 lr1=3.17e-04
11:00:59 INFO   e8 step   150/683  loss=0.3065  acc=0.8583  lr0=6.18e-06 lr1=3.09e-04
11:01:03 INFO   e8 step   200/683  loss=0.3127  acc=0.8588  lr0=6.02e-06 lr1=3.01e-04
11:01:07 INFO   e8 step   250/683  loss=0.3156  acc=0.8569  lr0=5.85e-06 lr1=2.93e-04
11:01:11 INFO   e8 step   300/683  loss=0.3195  acc=0.8531  lr0=5.69e-06 lr1=2.85e-04
11:01:15 INFO   e8 step   350/683  loss=0.3211  acc=0.8512  lr0=5.53e-06 lr1=2.76e-04
11:01:19 INFO   e8 step   400/683  loss=0.3220  acc=0.8500  lr0=5.37e-06 lr1=2.68e-04
11:01:23 INFO   e8 step   450/683  loss=0.3238  acc=0.8490  lr0=5.20e-06 lr1=2.60e-04
11:01:27 INFO   e8 step   500/683  loss=0.3241  acc=0.8478  lr0=5.04e-06 lr1=2.52e-04
11:01:31 INFO   e8 step   550/683  loss=0.3250  acc=0.8477  lr0=4.88e-06 lr1=2.44e-04
11:01:36 INFO   e8 step   600/683  loss=0.3229  acc=0.8484  lr0=4.71e-06 lr1=2.36e-04
11:01:40 INFO   e8 step   650/683  loss=0.3237  acc=0.8483  lr0=4.55e-06 lr1=2.28e-04
11:01:45 INFO [epoch 8] train_loss=0.3237 train_acc=0.8478  val_loss=1.0721 val_acc=0.6316 val_auc=0.6820  elapsed=59.0s
11:01:49 INFO   e9 step    50/683  loss=0.2780  acc=0.8638  lr0=4.28e-06 lr1=2.14e-04
11:01:53 INFO   e9 step   100/683  loss=0.2748  acc=0.8716  lr0=4.12e-06 lr1=2.06e-04
11:01:57 INFO   e9 step   150/683  loss=0.2636  acc=0.8777  lr0=3.96e-06 lr1=1.98e-04
11:02:01 INFO   e9 step   200/683  loss=0.2661  acc=0.8752  lr0=3.79e-06 lr1=1.90e-04
11:02:05 INFO   e9 step   250/683  loss=0.2668  acc=0.8772  lr0=3.63e-06 lr1=1.82e-04
11:02:09 INFO   e9 step   300/683  loss=0.2650  acc=0.8794  lr0=3.47e-06 lr1=1.73e-04
11:02:13 INFO   e9 step   350/683  loss=0.2656  acc=0.8791  lr0=3.31e-06 lr1=1.65e-04
11:02:17 INFO   e9 step   400/683  loss=0.2663  acc=0.8785  lr0=3.14e-06 lr1=1.57e-04
11:02:21 INFO   e9 step   450/683  loss=0.2658  acc=0.8791  lr0=2.98e-06 lr1=1.49e-04
11:02:25 INFO   e9 step   500/683  loss=0.2670  acc=0.8794  lr0=2.82e-06 lr1=1.41e-04
11:02:29 INFO   e9 step   550/683  loss=0.2680  acc=0.8789  lr0=2.65e-06 lr1=1.33e-04
11:02:33 INFO   e9 step   600/683  loss=0.2673  acc=0.8791  lr0=2.49e-06 lr1=1.25e-04
11:02:37 INFO   e9 step   650/683  loss=0.2690  acc=0.8778  lr0=2.33e-06 lr1=1.16e-04
11:02:42 INFO [epoch 9] train_loss=0.2679 train_acc=0.8789  val_loss=1.2263 val_acc=0.6348 val_auc=0.6848  elapsed=57.0s
11:02:42 INFO   saved best.pt  val_acc=0.6348
11:02:46 INFO   e10 step    50/683  loss=0.2259  acc=0.9056  lr0=2.06e-06 lr1=1.03e-04
11:02:50 INFO   e10 step   100/683  loss=0.2235  acc=0.9041  lr0=1.90e-06 lr1=9.48e-05
11:02:54 INFO   e10 step   150/683  loss=0.2245  acc=0.9050  lr0=1.73e-06 lr1=8.67e-05
11:02:58 INFO   e10 step   200/683  loss=0.2261  acc=0.9030  lr0=1.57e-06 lr1=7.86e-05
11:03:01 INFO   e10 step   250/683  loss=0.2235  acc=0.9029  lr0=1.41e-06 lr1=7.04e-05
11:03:05 INFO   e10 step   300/683  loss=0.2246  acc=0.9025  lr0=1.25e-06 lr1=6.23e-05
11:03:09 INFO   e10 step   350/683  loss=0.2232  acc=0.9033  lr0=1.08e-06 lr1=5.42e-05
11:03:14 INFO   e10 step   400/683  loss=0.2210  acc=0.9038  lr0=9.21e-07 lr1=4.60e-05
11:03:18 INFO   e10 step   450/683  loss=0.2214  acc=0.9030  lr0=7.58e-07 lr1=3.79e-05
11:03:22 INFO   e10 step   500/683  loss=0.2201  acc=0.9040  lr0=5.95e-07 lr1=2.98e-05
11:03:26 INFO   e10 step   550/683  loss=0.2211  acc=0.9041  lr0=4.33e-07 lr1=2.16e-05
11:03:30 INFO   e10 step   600/683  loss=0.2212  acc=0.9040  lr0=2.70e-07 lr1=1.35e-05
11:03:35 INFO   e10 step   650/683  loss=0.2190  acc=0.9052  lr0=1.07e-07 lr1=5.37e-06
11:03:39 INFO [epoch 10] train_loss=0.2195 train_acc=0.9054  val_loss=1.2653 val_acc=0.6385 val_auc=0.6856  elapsed=57.2s
11:03:40 INFO   saved best.pt  val_acc=0.6385
11:03:40 INFO loading best.pt for test eval
11:03:42 INFO [test] loss=1.1041  acc=0.6571  auc=0.7208  f1=0.6575
11:03:42 INFO [test] per-tier-pair accuracy:
11:03:42 INFO         T0-T0  n= 2288  acc=0.6420
11:03:42 INFO         T2-T2  n=  120  acc=1.0000
11:03:42 INFO         T3-T3  n=  120  acc=0.6667
11:03:42 INFO         T9-T9  n=   60  acc=0.6167
11:03:42 INFO       T10-T10  n=   28  acc=0.4643
11:03:42 INFO [done] results in runs/classifier/new_ajo_workflows
11:34:44 INFO run_dir=runs/classifier/new_ajo_workflows
11:34:44 INFO device=cuda  bf16=True
11:34:44 INFO tokenizer <- BAAI/bge-small-en-v1.5
11:34:45 INFO max_seq_len=524 exceeds model cap 512; clamping to 512
11:34:45 INFO max_seq_len=512 (user-provided)
11:34:45 INFO loading datasets
11:39:00 INFO run_dir=runs/classifier/new_ajo_workflows
11:39:00 INFO device=cuda  bf16=True
11:39:00 INFO tokenizer <- BAAI/bge-small-en-v1.5
11:39:00 INFO max_seq_len=524 exceeds model cap 512; clamping to 512
11:39:00 INFO max_seq_len=512 (user-provided)
11:39:00 INFO loading datasets
11:39:01 INFO   train=69409  val=488  test=1260
11:39:01 INFO building DirectionalClassifier on BAAI/bge-small-en-v1.5  head_cfg={'head_type': 'mlp', 'hidden_dims': [512, 128], 'dropout': 0.1, 'activation': 'gelu', 'norm': 'layer'}  n_tiers=0
11:39:02 INFO   hidden_size=384  trainable_params=67,577,089
11:39:02 INFO   total_steps=21700  warmup_steps=2170
11:39:07 INFO   e1 step    50/2170  loss=0.8092  acc=0.5306  lr0=4.61e-07 lr1=2.30e-05
11:39:11 INFO   e1 step   100/2170  loss=0.7400  acc=0.5816  lr0=9.22e-07 lr1=4.61e-05
11:39:15 INFO   e1 step   150/2170  loss=0.6980  acc=0.6152  lr0=1.38e-06 lr1=6.91e-05
11:39:20 INFO   e1 step   200/2170  loss=0.6604  acc=0.6412  lr0=1.84e-06 lr1=9.22e-05
11:39:24 INFO   e1 step   250/2170  loss=0.6330  acc=0.6613  lr0=2.30e-06 lr1=1.15e-04
11:39:29 INFO   e1 step   300/2170  loss=0.6097  acc=0.6754  lr0=2.76e-06 lr1=1.38e-04
11:39:33 INFO   e1 step   350/2170  loss=0.5874  acc=0.6888  lr0=3.23e-06 lr1=1.61e-04
11:39:38 INFO   e1 step   400/2170  loss=0.5727  acc=0.6967  lr0=3.69e-06 lr1=1.84e-04
11:39:42 INFO   e1 step   450/2170  loss=0.5601  acc=0.7049  lr0=4.15e-06 lr1=2.07e-04
11:39:47 INFO   e1 step   500/2170  loss=0.5480  acc=0.7109  lr0=4.61e-06 lr1=2.30e-04
11:39:51 INFO   e1 step   550/2170  loss=0.5361  acc=0.7174  lr0=5.07e-06 lr1=2.53e-04
11:39:55 INFO   e1 step   600/2170  loss=0.5272  acc=0.7219  lr0=5.53e-06 lr1=2.76e-04
11:40:00 INFO   e1 step   650/2170  loss=0.5170  acc=0.7284  lr0=5.99e-06 lr1=3.00e-04
11:40:04 INFO   e1 step   700/2170  loss=0.5062  acc=0.7340  lr0=6.45e-06 lr1=3.23e-04
11:40:09 INFO   e1 step   750/2170  loss=0.4986  acc=0.7387  lr0=6.91e-06 lr1=3.46e-04
11:40:13 INFO   e1 step   800/2170  loss=0.4908  acc=0.7430  lr0=7.37e-06 lr1=3.69e-04
11:40:18 INFO   e1 step   850/2170  loss=0.4836  acc=0.7468  lr0=7.83e-06 lr1=3.92e-04
11:40:22 INFO   e1 step   900/2170  loss=0.4781  acc=0.7496  lr0=8.29e-06 lr1=4.15e-04
11:40:27 INFO   e1 step   950/2170  loss=0.4714  acc=0.7536  lr0=8.76e-06 lr1=4.38e-04
11:40:31 INFO   e1 step  1000/2170  loss=0.4650  acc=0.7566  lr0=9.22e-06 lr1=4.61e-04
11:40:36 INFO   e1 step  1050/2170  loss=0.4587  acc=0.7598  lr0=9.68e-06 lr1=4.84e-04
11:40:40 INFO   e1 step  1100/2170  loss=0.4524  acc=0.7632  lr0=1.01e-05 lr1=5.07e-04
11:40:44 INFO   e1 step  1150/2170  loss=0.4468  acc=0.7662  lr0=1.06e-05 lr1=5.30e-04
11:40:49 INFO   e1 step  1200/2170  loss=0.4400  acc=0.7699  lr0=1.11e-05 lr1=5.53e-04
11:40:53 INFO   e1 step  1250/2170  loss=0.4342  acc=0.7729  lr0=1.15e-05 lr1=5.76e-04
11:40:58 INFO   e1 step  1300/2170  loss=0.4288  acc=0.7753  lr0=1.20e-05 lr1=5.99e-04
11:41:02 INFO   e1 step  1350/2170  loss=0.4237  acc=0.7775  lr0=1.24e-05 lr1=6.22e-04
11:41:07 INFO   e1 step  1400/2170  loss=0.4184  acc=0.7808  lr0=1.29e-05 lr1=6.45e-04
11:41:11 INFO   e1 step  1450/2170  loss=0.4137  acc=0.7832  lr0=1.34e-05 lr1=6.68e-04
11:41:16 INFO   e1 step  1500/2170  loss=0.4094  acc=0.7858  lr0=1.38e-05 lr1=6.91e-04
11:41:20 INFO   e1 step  1550/2170  loss=0.4052  acc=0.7878  lr0=1.43e-05 lr1=7.14e-04
11:41:25 INFO   e1 step  1600/2170  loss=0.4012  acc=0.7898  lr0=1.47e-05 lr1=7.37e-04
11:41:29 INFO   e1 step  1650/2170  loss=0.3971  acc=0.7920  lr0=1.52e-05 lr1=7.60e-04
11:41:34 INFO   e1 step  1700/2170  loss=0.3935  acc=0.7941  lr0=1.57e-05 lr1=7.83e-04
11:41:38 INFO   e1 step  1750/2170  loss=0.3899  acc=0.7960  lr0=1.61e-05 lr1=8.06e-04
11:41:42 INFO   e1 step  1800/2170  loss=0.3869  acc=0.7977  lr0=1.66e-05 lr1=8.29e-04
11:41:47 INFO   e1 step  1850/2170  loss=0.3831  acc=0.7996  lr0=1.71e-05 lr1=8.53e-04
11:41:52 INFO   e1 step  1900/2170  loss=0.3799  acc=0.8011  lr0=1.75e-05 lr1=8.76e-04
11:41:56 INFO   e1 step  1950/2170  loss=0.3769  acc=0.8028  lr0=1.80e-05 lr1=8.99e-04
11:42:01 INFO   e1 step  2000/2170  loss=0.3734  acc=0.8047  lr0=1.84e-05 lr1=9.22e-04
11:42:05 INFO   e1 step  2050/2170  loss=0.3704  acc=0.8062  lr0=1.89e-05 lr1=9.45e-04
11:42:09 INFO   e1 step  2100/2170  loss=0.3673  acc=0.8079  lr0=1.94e-05 lr1=9.68e-04
11:42:13 INFO   e1 step  2150/2170  loss=0.3648  acc=0.8090  lr0=1.98e-05 lr1=9.91e-04
11:42:16 INFO [epoch 1] train_loss=0.3634 train_acc=0.8097  val_loss=0.5610 val_acc=0.6967 val_auc=0.8181  elapsed=194.0s
11:42:16 INFO   saved best.pt  val_acc=0.6967
11:42:21 INFO   e2 step    50/2170  loss=0.2437  acc=0.8688  lr0=1.99e-05 lr1=9.97e-04
11:42:25 INFO   e2 step   100/2170  loss=0.2376  acc=0.8738  lr0=1.99e-05 lr1=9.95e-04
11:42:30 INFO   e2 step   150/2170  loss=0.2325  acc=0.8760  lr0=1.98e-05 lr1=9.92e-04
11:42:35 INFO   e2 step   200/2170  loss=0.2329  acc=0.8747  lr0=1.98e-05 lr1=9.90e-04
11:42:39 INFO   e2 step   250/2170  loss=0.2298  acc=0.8774  lr0=1.97e-05 lr1=9.87e-04
11:42:44 INFO   e2 step   300/2170  loss=0.2301  acc=0.8757  lr0=1.97e-05 lr1=9.85e-04
11:42:49 INFO   e2 step   350/2170  loss=0.2294  acc=0.8772  lr0=1.96e-05 lr1=9.82e-04
11:42:53 INFO   e2 step   400/2170  loss=0.2291  acc=0.8782  lr0=1.96e-05 lr1=9.80e-04
11:42:58 INFO   e2 step   450/2170  loss=0.2267  acc=0.8803  lr0=1.95e-05 lr1=9.77e-04
11:43:02 INFO   e2 step   500/2170  loss=0.2248  acc=0.8822  lr0=1.95e-05 lr1=9.74e-04
11:43:07 INFO   e2 step   550/2170  loss=0.2238  acc=0.8823  lr0=1.94e-05 lr1=9.72e-04
11:43:11 INFO   e2 step   600/2170  loss=0.2207  acc=0.8840  lr0=1.94e-05 lr1=9.69e-04
11:43:16 INFO   e2 step   650/2170  loss=0.2203  acc=0.8838  lr0=1.93e-05 lr1=9.67e-04
11:43:21 INFO   e2 step   700/2170  loss=0.2197  acc=0.8844  lr0=1.93e-05 lr1=9.64e-04
11:43:25 INFO   e2 step   750/2170  loss=0.2189  acc=0.8859  lr0=1.92e-05 lr1=9.62e-04
11:43:30 INFO   e2 step   800/2170  loss=0.2169  acc=0.8872  lr0=1.92e-05 lr1=9.59e-04
11:43:34 INFO   e2 step   850/2170  loss=0.2162  acc=0.8875  lr0=1.91e-05 lr1=9.56e-04
11:43:39 INFO   e2 step   900/2170  loss=0.2169  acc=0.8873  lr0=1.91e-05 lr1=9.54e-04
11:43:43 INFO   e2 step   950/2170  loss=0.2163  acc=0.8874  lr0=1.90e-05 lr1=9.51e-04
11:43:48 INFO   e2 step  1000/2170  loss=0.2160  acc=0.8875  lr0=1.90e-05 lr1=9.49e-04
11:43:52 INFO   e2 step  1050/2170  loss=0.2156  acc=0.8874  lr0=1.89e-05 lr1=9.46e-04
11:43:57 INFO   e2 step  1100/2170  loss=0.2151  acc=0.8875  lr0=1.89e-05 lr1=9.44e-04
11:44:01 INFO   e2 step  1150/2170  loss=0.2150  acc=0.8880  lr0=1.88e-05 lr1=9.41e-04
11:44:06 INFO   e2 step  1200/2170  loss=0.2131  acc=0.8888  lr0=1.88e-05 lr1=9.39e-04
11:44:10 INFO   e2 step  1250/2170  loss=0.2115  acc=0.8896  lr0=1.87e-05 lr1=9.36e-04
11:44:14 INFO   e2 step  1300/2170  loss=0.2106  acc=0.8899  lr0=1.87e-05 lr1=9.33e-04
11:44:18 INFO   e2 step  1350/2170  loss=0.2095  acc=0.8905  lr0=1.86e-05 lr1=9.31e-04
11:44:23 INFO   e2 step  1400/2170  loss=0.2080  acc=0.8914  lr0=1.86e-05 lr1=9.28e-04
11:44:28 INFO   e2 step  1450/2170  loss=0.2070  acc=0.8919  lr0=1.85e-05 lr1=9.26e-04
11:44:32 INFO   e2 step  1500/2170  loss=0.2061  acc=0.8924  lr0=1.85e-05 lr1=9.23e-04
11:44:36 INFO   e2 step  1550/2170  loss=0.2048  acc=0.8934  lr0=1.84e-05 lr1=9.21e-04
11:44:40 INFO   e2 step  1600/2170  loss=0.2043  acc=0.8937  lr0=1.84e-05 lr1=9.18e-04
11:44:45 INFO   e2 step  1650/2170  loss=0.2039  acc=0.8942  lr0=1.83e-05 lr1=9.16e-04
11:44:49 INFO   e2 step  1700/2170  loss=0.2028  acc=0.8949  lr0=1.83e-05 lr1=9.13e-04
11:44:53 INFO   e2 step  1750/2170  loss=0.2023  acc=0.8952  lr0=1.82e-05 lr1=9.10e-04
11:44:58 INFO   e2 step  1800/2170  loss=0.2012  acc=0.8958  lr0=1.82e-05 lr1=9.08e-04
11:45:02 INFO   e2 step  1850/2170  loss=0.2003  acc=0.8963  lr0=1.81e-05 lr1=9.05e-04
11:45:07 INFO   e2 step  1900/2170  loss=0.1996  acc=0.8969  lr0=1.81e-05 lr1=9.03e-04
11:45:11 INFO   e2 step  1950/2170  loss=0.1992  acc=0.8973  lr0=1.80e-05 lr1=9.00e-04
11:45:16 INFO   e2 step  2000/2170  loss=0.1984  acc=0.8979  lr0=1.80e-05 lr1=8.98e-04
11:45:20 INFO   e2 step  2050/2170  loss=0.1976  acc=0.8983  lr0=1.79e-05 lr1=8.95e-04
11:45:24 INFO   e2 step  2100/2170  loss=0.1973  acc=0.8987  lr0=1.78e-05 lr1=8.92e-04
11:45:29 INFO   e2 step  2150/2170  loss=0.1959  acc=0.8995  lr0=1.78e-05 lr1=8.90e-04
11:45:32 INFO [epoch 2] train_loss=0.1954 train_acc=0.8998  val_loss=0.9150 val_acc=0.7459 val_auc=0.8385  elapsed=195.3s
11:45:32 INFO   saved best.pt  val_acc=0.7459
11:45:37 INFO   e3 step    50/2170  loss=0.1377  acc=0.9425  lr0=1.77e-05 lr1=8.86e-04
11:45:42 INFO   e3 step   100/2170  loss=0.1321  acc=0.9363  lr0=1.77e-05 lr1=8.84e-04
11:45:47 INFO   e3 step   150/2170  loss=0.1306  acc=0.9387  lr0=1.76e-05 lr1=8.81e-04
11:45:51 INFO   e3 step   200/2170  loss=0.1340  acc=0.9375  lr0=1.76e-05 lr1=8.79e-04
11:45:56 INFO   e3 step   250/2170  loss=0.1319  acc=0.9389  lr0=1.75e-05 lr1=8.76e-04
11:46:01 INFO   e3 step   300/2170  loss=0.1327  acc=0.9385  lr0=1.75e-05 lr1=8.74e-04
11:46:06 INFO   e3 step   350/2170  loss=0.1319  acc=0.9399  lr0=1.74e-05 lr1=8.71e-04
11:46:11 INFO   e3 step   400/2170  loss=0.1335  acc=0.9384  lr0=1.74e-05 lr1=8.68e-04
11:46:15 INFO   e3 step   450/2170  loss=0.1322  acc=0.9394  lr0=1.73e-05 lr1=8.66e-04
11:46:20 INFO   e3 step   500/2170  loss=0.1315  acc=0.9397  lr0=1.73e-05 lr1=8.63e-04
11:46:25 INFO   e3 step   550/2170  loss=0.1308  acc=0.9406  lr0=1.72e-05 lr1=8.61e-04
11:46:30 INFO   e3 step   600/2170  loss=0.1316  acc=0.9404  lr0=1.72e-05 lr1=8.58e-04
11:46:35 INFO   e3 step   650/2170  loss=0.1306  acc=0.9413  lr0=1.71e-05 lr1=8.56e-04
11:46:39 INFO   e3 step   700/2170  loss=0.1309  acc=0.9407  lr0=1.71e-05 lr1=8.53e-04
11:46:44 INFO   e3 step   750/2170  loss=0.1298  acc=0.9416  lr0=1.70e-05 lr1=8.50e-04
11:46:49 INFO   e3 step   800/2170  loss=0.1299  acc=0.9415  lr0=1.70e-05 lr1=8.48e-04
11:46:53 INFO   e3 step   850/2170  loss=0.1294  acc=0.9419  lr0=1.69e-05 lr1=8.45e-04
11:46:58 INFO   e3 step   900/2170  loss=0.1293  acc=0.9423  lr0=1.69e-05 lr1=8.43e-04
11:47:03 INFO   e3 step   950/2170  loss=0.1282  acc=0.9427  lr0=1.68e-05 lr1=8.40e-04
11:47:08 INFO   e3 step  1000/2170  loss=0.1279  acc=0.9428  lr0=1.68e-05 lr1=8.38e-04
11:47:13 INFO   e3 step  1050/2170  loss=0.1269  acc=0.9434  lr0=1.67e-05 lr1=8.35e-04
11:47:19 INFO   e3 step  1100/2170  loss=0.1262  acc=0.9440  lr0=1.67e-05 lr1=8.33e-04
11:47:24 INFO   e3 step  1150/2170  loss=0.1262  acc=0.9439  lr0=1.66e-05 lr1=8.30e-04
11:47:29 INFO   e3 step  1200/2170  loss=0.1257  acc=0.9441  lr0=1.65e-05 lr1=8.27e-04
11:47:34 INFO   e3 step  1250/2170  loss=0.1246  acc=0.9447  lr0=1.65e-05 lr1=8.25e-04
11:47:39 INFO   e3 step  1300/2170  loss=0.1247  acc=0.9448  lr0=1.64e-05 lr1=8.22e-04
11:47:44 INFO   e3 step  1350/2170  loss=0.1237  acc=0.9453  lr0=1.64e-05 lr1=8.20e-04
11:47:48 INFO   e3 step  1400/2170  loss=0.1233  acc=0.9455  lr0=1.63e-05 lr1=8.17e-04
11:47:53 INFO   e3 step  1450/2170  loss=0.1227  acc=0.9460  lr0=1.63e-05 lr1=8.15e-04
11:47:58 INFO   e3 step  1500/2170  loss=0.1216  acc=0.9465  lr0=1.62e-05 lr1=8.12e-04
11:48:03 INFO   e3 step  1550/2170  loss=0.1206  acc=0.9471  lr0=1.62e-05 lr1=8.10e-04
11:48:07 INFO   e3 step  1600/2170  loss=0.1197  acc=0.9476  lr0=1.61e-05 lr1=8.07e-04
11:48:11 INFO   e3 step  1650/2170  loss=0.1191  acc=0.9480  lr0=1.61e-05 lr1=8.04e-04
11:48:16 INFO   e3 step  1700/2170  loss=0.1183  acc=0.9485  lr0=1.60e-05 lr1=8.02e-04
11:48:20 INFO   e3 step  1750/2170  loss=0.1175  acc=0.9490  lr0=1.60e-05 lr1=7.99e-04
11:48:25 INFO   e3 step  1800/2170  loss=0.1162  acc=0.9496  lr0=1.59e-05 lr1=7.97e-04
11:48:30 INFO   e3 step  1850/2170  loss=0.1156  acc=0.9499  lr0=1.59e-05 lr1=7.94e-04
11:48:34 INFO   e3 step  1900/2170  loss=0.1149  acc=0.9503  lr0=1.58e-05 lr1=7.92e-04
11:48:38 INFO   e3 step  1950/2170  loss=0.1139  acc=0.9508  lr0=1.58e-05 lr1=7.89e-04
11:48:43 INFO   e3 step  2000/2170  loss=0.1140  acc=0.9509  lr0=1.57e-05 lr1=7.86e-04
11:48:47 INFO   e3 step  2050/2170  loss=0.1137  acc=0.9511  lr0=1.57e-05 lr1=7.84e-04
11:48:52 INFO   e3 step  2100/2170  loss=0.1128  acc=0.9513  lr0=1.56e-05 lr1=7.81e-04
11:48:56 INFO   e3 step  2150/2170  loss=0.1121  acc=0.9517  lr0=1.56e-05 lr1=7.79e-04
11:48:59 INFO [epoch 3] train_loss=0.1120 train_acc=0.9518  val_loss=0.9206 val_acc=0.7418 val_auc=0.8387  elapsed=206.4s
11:49:03 INFO   e4 step    50/2170  loss=0.0697  acc=0.9719  lr0=1.55e-05 lr1=7.75e-04
11:49:08 INFO   e4 step   100/2170  loss=0.0767  acc=0.9700  lr0=1.55e-05 lr1=7.73e-04
11:49:13 INFO   e4 step   150/2170  loss=0.0727  acc=0.9717  lr0=1.54e-05 lr1=7.70e-04
11:49:17 INFO   e4 step   200/2170  loss=0.0682  acc=0.9736  lr0=1.54e-05 lr1=7.68e-04
11:49:22 INFO   e4 step   250/2170  loss=0.0678  acc=0.9744  lr0=1.53e-05 lr1=7.65e-04
11:49:26 INFO   e4 step   300/2170  loss=0.0692  acc=0.9743  lr0=1.52e-05 lr1=7.62e-04
11:49:31 INFO   e4 step   350/2170  loss=0.0699  acc=0.9743  lr0=1.52e-05 lr1=7.60e-04
11:49:36 INFO   e4 step   400/2170  loss=0.0688  acc=0.9746  lr0=1.51e-05 lr1=7.57e-04
11:49:40 INFO   e4 step   450/2170  loss=0.0670  acc=0.9755  lr0=1.51e-05 lr1=7.55e-04
11:49:45 INFO   e4 step   500/2170  loss=0.0671  acc=0.9756  lr0=1.50e-05 lr1=7.52e-04
11:49:49 INFO   e4 step   550/2170  loss=0.0674  acc=0.9753  lr0=1.50e-05 lr1=7.50e-04
11:49:54 INFO   e4 step   600/2170  loss=0.0690  acc=0.9751  lr0=1.49e-05 lr1=7.47e-04
11:49:58 INFO   e4 step   650/2170  loss=0.0686  acc=0.9750  lr0=1.49e-05 lr1=7.44e-04
11:50:03 INFO   e4 step   700/2170  loss=0.0699  acc=0.9752  lr0=1.48e-05 lr1=7.42e-04
11:50:07 INFO   e4 step   750/2170  loss=0.0693  acc=0.9752  lr0=1.48e-05 lr1=7.39e-04
11:50:12 INFO   e4 step   800/2170  loss=0.0692  acc=0.9753  lr0=1.47e-05 lr1=7.37e-04
11:50:16 INFO   e4 step   850/2170  loss=0.0694  acc=0.9751  lr0=1.47e-05 lr1=7.34e-04
11:50:21 INFO   e4 step   900/2170  loss=0.0685  acc=0.9755  lr0=1.46e-05 lr1=7.32e-04
11:50:26 INFO   e4 step   950/2170  loss=0.0681  acc=0.9758  lr0=1.46e-05 lr1=7.29e-04
11:50:32 INFO   e4 step  1000/2170  loss=0.0672  acc=0.9760  lr0=1.45e-05 lr1=7.27e-04
11:50:38 INFO   e4 step  1050/2170  loss=0.0667  acc=0.9762  lr0=1.45e-05 lr1=7.24e-04
11:50:45 INFO   e4 step  1100/2170  loss=0.0669  acc=0.9763  lr0=1.44e-05 lr1=7.21e-04
11:50:51 INFO   e4 step  1150/2170  loss=0.0667  acc=0.9763  lr0=1.44e-05 lr1=7.19e-04
11:50:58 INFO   e4 step  1200/2170  loss=0.0652  acc=0.9771  lr0=1.43e-05 lr1=7.16e-04
11:51:04 INFO   e4 step  1250/2170  loss=0.0651  acc=0.9771  lr0=1.43e-05 lr1=7.14e-04
11:51:11 INFO   e4 step  1300/2170  loss=0.0649  acc=0.9773  lr0=1.42e-05 lr1=7.11e-04
11:51:17 INFO   e4 step  1350/2170  loss=0.0650  acc=0.9772  lr0=1.42e-05 lr1=7.09e-04
11:51:24 INFO   e4 step  1400/2170  loss=0.0649  acc=0.9773  lr0=1.41e-05 lr1=7.06e-04
11:51:30 INFO   e4 step  1450/2170  loss=0.0648  acc=0.9773  lr0=1.41e-05 lr1=7.04e-04
11:51:36 INFO   e4 step  1500/2170  loss=0.0641  acc=0.9775  lr0=1.40e-05 lr1=7.01e-04
11:51:43 INFO   e4 step  1550/2170  loss=0.0638  acc=0.9776  lr0=1.40e-05 lr1=6.98e-04
11:51:49 INFO   e4 step  1600/2170  loss=0.0633  acc=0.9778  lr0=1.39e-05 lr1=6.96e-04
11:51:55 INFO   e4 step  1650/2170  loss=0.0629  acc=0.9780  lr0=1.39e-05 lr1=6.93e-04
11:52:02 INFO   e4 step  1700/2170  loss=0.0625  acc=0.9781  lr0=1.38e-05 lr1=6.91e-04
11:52:08 INFO   e4 step  1750/2170  loss=0.0619  acc=0.9783  lr0=1.38e-05 lr1=6.88e-04
11:52:14 INFO   e4 step  1800/2170  loss=0.0619  acc=0.9784  lr0=1.37e-05 lr1=6.86e-04
11:52:21 INFO   e4 step  1850/2170  loss=0.0615  acc=0.9786  lr0=1.37e-05 lr1=6.83e-04
11:52:27 INFO   e4 step  1900/2170  loss=0.0609  acc=0.9788  lr0=1.36e-05 lr1=6.80e-04
11:52:33 INFO   e4 step  1950/2170  loss=0.0606  acc=0.9788  lr0=1.36e-05 lr1=6.78e-04
11:52:39 INFO   e4 step  2000/2170  loss=0.0603  acc=0.9790  lr0=1.35e-05 lr1=6.75e-04
11:52:46 INFO   e4 step  2050/2170  loss=0.0599  acc=0.9791  lr0=1.35e-05 lr1=6.73e-04
11:52:52 INFO   e4 step  2100/2170  loss=0.0595  acc=0.9793  lr0=1.34e-05 lr1=6.70e-04
11:52:58 INFO   e4 step  2150/2170  loss=0.0591  acc=0.9795  lr0=1.34e-05 lr1=6.68e-04
11:53:01 INFO [epoch 4] train_loss=0.0591 train_acc=0.9795  val_loss=1.7033 val_acc=0.6824 val_auc=0.8183  elapsed=242.8s
11:53:08 INFO   e5 step    50/2170  loss=0.0282  acc=0.9900  lr0=1.33e-05 lr1=6.64e-04
11:53:14 INFO   e5 step   100/2170  loss=0.0315  acc=0.9900  lr0=1.32e-05 lr1=6.62e-04
11:53:20 INFO   e5 step   150/2170  loss=0.0352  acc=0.9892  lr0=1.32e-05 lr1=6.59e-04
11:53:27 INFO   e5 step   200/2170  loss=0.0387  acc=0.9883  lr0=1.31e-05 lr1=6.56e-04
11:53:32 INFO   e5 step   250/2170  loss=0.0393  acc=0.9874  lr0=1.31e-05 lr1=6.54e-04
11:53:38 INFO   e5 step   300/2170  loss=0.0379  acc=0.9879  lr0=1.30e-05 lr1=6.51e-04
11:53:45 INFO   e5 step   350/2170  loss=0.0369  acc=0.9881  lr0=1.30e-05 lr1=6.49e-04
11:53:51 INFO   e5 step   400/2170  loss=0.0365  acc=0.9886  lr0=1.29e-05 lr1=6.46e-04
11:53:58 INFO   e5 step   450/2170  loss=0.0350  acc=0.9888  lr0=1.29e-05 lr1=6.44e-04
11:54:04 INFO   e5 step   500/2170  loss=0.0341  acc=0.9889  lr0=1.28e-05 lr1=6.41e-04
11:54:11 INFO   e5 step   550/2170  loss=0.0344  acc=0.9888  lr0=1.28e-05 lr1=6.39e-04
11:54:17 INFO   e5 step   600/2170  loss=0.0340  acc=0.9888  lr0=1.27e-05 lr1=6.36e-04
11:54:24 INFO   e5 step   650/2170  loss=0.0343  acc=0.9890  lr0=1.27e-05 lr1=6.33e-04
11:54:30 INFO   e5 step   700/2170  loss=0.0341  acc=0.9890  lr0=1.26e-05 lr1=6.31e-04
11:54:37 INFO   e5 step   750/2170  loss=0.0342  acc=0.9891  lr0=1.26e-05 lr1=6.28e-04
11:54:44 INFO   e5 step   800/2170  loss=0.0337  acc=0.9891  lr0=1.25e-05 lr1=6.26e-04
11:54:50 INFO   e5 step   850/2170  loss=0.0333  acc=0.9892  lr0=1.25e-05 lr1=6.23e-04
11:54:56 INFO   e5 step   900/2170  loss=0.0326  acc=0.9895  lr0=1.24e-05 lr1=6.21e-04
11:55:03 INFO   e5 step   950/2170  loss=0.0322  acc=0.9896  lr0=1.24e-05 lr1=6.18e-04
11:55:10 INFO   e5 step  1000/2170  loss=0.0323  acc=0.9896  lr0=1.23e-05 lr1=6.15e-04
11:55:16 INFO   e5 step  1050/2170  loss=0.0326  acc=0.9894  lr0=1.23e-05 lr1=6.13e-04
11:55:23 INFO   e5 step  1100/2170  loss=0.0326  acc=0.9894  lr0=1.22e-05 lr1=6.10e-04
11:55:29 INFO   e5 step  1150/2170  loss=0.0327  acc=0.9892  lr0=1.22e-05 lr1=6.08e-04
11:55:35 INFO   e5 step  1200/2170  loss=0.0326  acc=0.9892  lr0=1.21e-05 lr1=6.05e-04
11:55:42 INFO   e5 step  1250/2170  loss=0.0325  acc=0.9893  lr0=1.21e-05 lr1=6.03e-04
11:55:48 INFO   e5 step  1300/2170  loss=0.0324  acc=0.9893  lr0=1.20e-05 lr1=6.00e-04
11:55:54 INFO   e5 step  1350/2170  loss=0.0319  acc=0.9894  lr0=1.20e-05 lr1=5.98e-04
11:56:01 INFO   e5 step  1400/2170  loss=0.0316  acc=0.9895  lr0=1.19e-05 lr1=5.95e-04
11:56:07 INFO   e5 step  1450/2170  loss=0.0311  acc=0.9897  lr0=1.18e-05 lr1=5.92e-04
11:56:13 INFO   e5 step  1500/2170  loss=0.0312  acc=0.9897  lr0=1.18e-05 lr1=5.90e-04
11:56:19 INFO   e5 step  1550/2170  loss=0.0314  acc=0.9897  lr0=1.17e-05 lr1=5.87e-04
11:56:26 INFO   e5 step  1600/2170  loss=0.0313  acc=0.9898  lr0=1.17e-05 lr1=5.85e-04
11:56:32 INFO   e5 step  1650/2170  loss=0.0312  acc=0.9899  lr0=1.16e-05 lr1=5.82e-04
11:56:38 INFO   e5 step  1700/2170  loss=0.0308  acc=0.9901  lr0=1.16e-05 lr1=5.80e-04
11:56:44 INFO   e5 step  1750/2170  loss=0.0302  acc=0.9902  lr0=1.15e-05 lr1=5.77e-04
11:56:51 INFO   e5 step  1800/2170  loss=0.0301  acc=0.9903  lr0=1.15e-05 lr1=5.75e-04
11:56:57 INFO   e5 step  1850/2170  loss=0.0302  acc=0.9904  lr0=1.14e-05 lr1=5.72e-04
11:57:03 INFO   e5 step  1900/2170  loss=0.0300  acc=0.9904  lr0=1.14e-05 lr1=5.69e-04
11:57:09 INFO   e5 step  1950/2170  loss=0.0302  acc=0.9904  lr0=1.13e-05 lr1=5.67e-04
11:57:15 INFO   e5 step  2000/2170  loss=0.0303  acc=0.9905  lr0=1.13e-05 lr1=5.64e-04
11:57:22 INFO   e5 step  2050/2170  loss=0.0300  acc=0.9905  lr0=1.12e-05 lr1=5.62e-04
11:57:28 INFO   e5 step  2100/2170  loss=0.0302  acc=0.9905  lr0=1.12e-05 lr1=5.59e-04
11:57:35 INFO   e5 step  2150/2170  loss=0.0301  acc=0.9905  lr0=1.11e-05 lr1=5.57e-04
11:57:38 INFO [epoch 5] train_loss=0.0300 train_acc=0.9905  val_loss=2.5821 val_acc=0.6291 val_auc=0.7256  elapsed=276.9s
11:57:45 INFO   e6 step    50/2170  loss=0.0263  acc=0.9925  lr0=1.11e-05 lr1=5.53e-04
11:57:51 INFO   e6 step   100/2170  loss=0.0153  acc=0.9956  lr0=1.10e-05 lr1=5.50e-04
11:57:58 INFO   e6 step   150/2170  loss=0.0173  acc=0.9946  lr0=1.10e-05 lr1=5.48e-04
11:58:04 INFO   e6 step   200/2170  loss=0.0183  acc=0.9944  lr0=1.09e-05 lr1=5.45e-04
11:58:11 INFO   e6 step   250/2170  loss=0.0193  acc=0.9939  lr0=1.09e-05 lr1=5.43e-04
11:58:17 INFO   e6 step   300/2170  loss=0.0203  acc=0.9938  lr0=1.08e-05 lr1=5.40e-04
11:58:23 INFO   e6 step   350/2170  loss=0.0198  acc=0.9942  lr0=1.08e-05 lr1=5.38e-04
11:58:31 INFO   e6 step   400/2170  loss=0.0188  acc=0.9945  lr0=1.07e-05 lr1=5.35e-04
11:58:37 INFO   e6 step   450/2170  loss=0.0202  acc=0.9942  lr0=1.07e-05 lr1=5.33e-04
11:58:43 INFO   e6 step   500/2170  loss=0.0202  acc=0.9940  lr0=1.06e-05 lr1=5.30e-04
11:58:50 INFO   e6 step   550/2170  loss=0.0205  acc=0.9939  lr0=1.05e-05 lr1=5.27e-04
11:58:56 INFO   e6 step   600/2170  loss=0.0202  acc=0.9940  lr0=1.05e-05 lr1=5.25e-04
11:59:02 INFO   e6 step   650/2170  loss=0.0196  acc=0.9940  lr0=1.04e-05 lr1=5.22e-04
11:59:08 INFO   e6 step   700/2170  loss=0.0190  acc=0.9942  lr0=1.04e-05 lr1=5.20e-04
11:59:15 INFO   e6 step   750/2170  loss=0.0188  acc=0.9942  lr0=1.03e-05 lr1=5.17e-04
11:59:21 INFO   e6 step   800/2170  loss=0.0189  acc=0.9943  lr0=1.03e-05 lr1=5.15e-04
11:59:28 INFO   e6 step   850/2170  loss=0.0189  acc=0.9942  lr0=1.02e-05 lr1=5.12e-04
11:59:34 INFO   e6 step   900/2170  loss=0.0184  acc=0.9943  lr0=1.02e-05 lr1=5.09e-04
11:59:41 INFO   e6 step   950/2170  loss=0.0185  acc=0.9943  lr0=1.01e-05 lr1=5.07e-04
11:59:47 INFO   e6 step  1000/2170  loss=0.0188  acc=0.9942  lr0=1.01e-05 lr1=5.04e-04
11:59:54 INFO   e6 step  1050/2170  loss=0.0187  acc=0.9944  lr0=1.00e-05 lr1=5.02e-04
12:00:00 INFO   e6 step  1100/2170  loss=0.0185  acc=0.9944  lr0=9.98e-06 lr1=4.99e-04
12:00:07 INFO   e6 step  1150/2170  loss=0.0192  acc=0.9942  lr0=9.93e-06 lr1=4.97e-04
12:00:13 INFO   e6 step  1200/2170  loss=0.0190  acc=0.9943  lr0=9.88e-06 lr1=4.94e-04
12:00:20 INFO   e6 step  1250/2170  loss=0.0192  acc=0.9942  lr0=9.83e-06 lr1=4.92e-04
12:00:26 INFO   e6 step  1300/2170  loss=0.0190  acc=0.9943  lr0=9.78e-06 lr1=4.89e-04
12:00:32 INFO   e6 step  1350/2170  loss=0.0189  acc=0.9944  lr0=9.73e-06 lr1=4.86e-04
12:00:39 INFO   e6 step  1400/2170  loss=0.0192  acc=0.9944  lr0=9.68e-06 lr1=4.84e-04
12:00:45 INFO   e6 step  1450/2170  loss=0.0190  acc=0.9944  lr0=9.63e-06 lr1=4.81e-04
12:00:52 INFO   e6 step  1500/2170  loss=0.0187  acc=0.9944  lr0=9.58e-06 lr1=4.79e-04
12:00:58 INFO   e6 step  1550/2170  loss=0.0186  acc=0.9945  lr0=9.52e-06 lr1=4.76e-04
12:01:05 INFO   e6 step  1600/2170  loss=0.0189  acc=0.9945  lr0=9.47e-06 lr1=4.74e-04
12:01:11 INFO   e6 step  1650/2170  loss=0.0189  acc=0.9945  lr0=9.42e-06 lr1=4.71e-04
12:01:18 INFO   e6 step  1700/2170  loss=0.0185  acc=0.9946  lr0=9.37e-06 lr1=4.69e-04
12:01:24 INFO   e6 step  1750/2170  loss=0.0187  acc=0.9946  lr0=9.32e-06 lr1=4.66e-04
12:01:30 INFO   e6 step  1800/2170  loss=0.0183  acc=0.9947  lr0=9.27e-06 lr1=4.63e-04
12:01:36 INFO   e6 step  1850/2170  loss=0.0181  acc=0.9947  lr0=9.22e-06 lr1=4.61e-04
12:01:42 INFO   e6 step  1900/2170  loss=0.0182  acc=0.9947  lr0=9.17e-06 lr1=4.58e-04
12:01:49 INFO   e6 step  1950/2170  loss=0.0183  acc=0.9946  lr0=9.11e-06 lr1=4.56e-04
12:01:55 INFO   e6 step  2000/2170  loss=0.0182  acc=0.9947  lr0=9.06e-06 lr1=4.53e-04
12:02:02 INFO   e6 step  2050/2170  loss=0.0181  acc=0.9947  lr0=9.01e-06 lr1=4.51e-04
12:02:08 INFO   e6 step  2100/2170  loss=0.0179  acc=0.9948  lr0=8.96e-06 lr1=4.48e-04
12:02:14 INFO   e6 step  2150/2170  loss=0.0179  acc=0.9948  lr0=8.91e-06 lr1=4.45e-04
12:02:18 INFO [epoch 6] train_loss=0.0181 train_acc=0.9947  val_loss=3.0145 val_acc=0.6004 val_auc=0.7246  elapsed=279.6s
12:02:25 INFO   e7 step    50/2170  loss=0.0024  acc=0.9988  lr0=8.84e-06 lr1=4.42e-04
12:02:31 INFO   e7 step   100/2170  loss=0.0107  acc=0.9972  lr0=8.79e-06 lr1=4.39e-04
12:02:37 INFO   e7 step   150/2170  loss=0.0110  acc=0.9965  lr0=8.74e-06 lr1=4.37e-04
12:02:43 INFO   e7 step   200/2170  loss=0.0115  acc=0.9956  lr0=8.68e-06 lr1=4.34e-04
12:02:49 INFO   e7 step   250/2170  loss=0.0125  acc=0.9958  lr0=8.63e-06 lr1=4.32e-04
12:02:55 INFO   e7 step   300/2170  loss=0.0139  acc=0.9956  lr0=8.58e-06 lr1=4.29e-04
12:03:01 INFO   e7 step   350/2170  loss=0.0144  acc=0.9955  lr0=8.53e-06 lr1=4.27e-04
12:03:08 INFO   e7 step   400/2170  loss=0.0151  acc=0.9954  lr0=8.48e-06 lr1=4.24e-04
12:03:14 INFO   e7 step   450/2170  loss=0.0145  acc=0.9956  lr0=8.43e-06 lr1=4.21e-04
12:03:20 INFO   e7 step   500/2170  loss=0.0146  acc=0.9956  lr0=8.38e-06 lr1=4.19e-04
12:03:27 INFO   e7 step   550/2170  loss=0.0137  acc=0.9958  lr0=8.33e-06 lr1=4.16e-04
12:03:33 INFO   e7 step   600/2170  loss=0.0134  acc=0.9960  lr0=8.27e-06 lr1=4.14e-04
12:03:39 INFO   e7 step   650/2170  loss=0.0131  acc=0.9960  lr0=8.22e-06 lr1=4.11e-04
12:03:45 INFO   e7 step   700/2170  loss=0.0132  acc=0.9960  lr0=8.17e-06 lr1=4.09e-04
12:03:51 INFO   e7 step   750/2170  loss=0.0128  acc=0.9962  lr0=8.12e-06 lr1=4.06e-04
12:03:58 INFO   e7 step   800/2170  loss=0.0131  acc=0.9961  lr0=8.07e-06 lr1=4.03e-04
12:04:05 INFO   e7 step   850/2170  loss=0.0132  acc=0.9960  lr0=8.02e-06 lr1=4.01e-04
12:04:11 INFO   e7 step   900/2170  loss=0.0132  acc=0.9960  lr0=7.97e-06 lr1=3.98e-04
12:04:18 INFO   e7 step   950/2170  loss=0.0136  acc=0.9960  lr0=7.92e-06 lr1=3.96e-04
12:04:24 INFO   e7 step  1000/2170  loss=0.0137  acc=0.9959  lr0=7.86e-06 lr1=3.93e-04
12:04:31 INFO   e7 step  1050/2170  loss=0.0134  acc=0.9960  lr0=7.81e-06 lr1=3.91e-04
12:04:37 INFO   e7 step  1100/2170  loss=0.0138  acc=0.9959  lr0=7.76e-06 lr1=3.88e-04
12:04:44 INFO   e7 step  1150/2170  loss=0.0136  acc=0.9959  lr0=7.71e-06 lr1=3.86e-04
12:04:50 INFO   e7 step  1200/2170  loss=0.0134  acc=0.9959  lr0=7.66e-06 lr1=3.83e-04
12:04:56 INFO   e7 step  1250/2170  loss=0.0132  acc=0.9960  lr0=7.61e-06 lr1=3.80e-04
12:05:02 INFO   e7 step  1300/2170  loss=0.0135  acc=0.9959  lr0=7.56e-06 lr1=3.78e-04
12:05:09 INFO   e7 step  1350/2170  loss=0.0141  acc=0.9958  lr0=7.51e-06 lr1=3.75e-04
12:05:15 INFO   e7 step  1400/2170  loss=0.0140  acc=0.9958  lr0=7.46e-06 lr1=3.73e-04
12:05:22 INFO   e7 step  1450/2170  loss=0.0142  acc=0.9957  lr0=7.40e-06 lr1=3.70e-04
12:05:28 INFO   e7 step  1500/2170  loss=0.0139  acc=0.9958  lr0=7.35e-06 lr1=3.68e-04
12:05:34 INFO   e7 step  1550/2170  loss=0.0135  acc=0.9959  lr0=7.30e-06 lr1=3.65e-04
12:05:41 INFO   e7 step  1600/2170  loss=0.0132  acc=0.9960  lr0=7.25e-06 lr1=3.63e-04
12:05:48 INFO   e7 step  1650/2170  loss=0.0134  acc=0.9959  lr0=7.20e-06 lr1=3.60e-04
12:05:55 INFO   e7 step  1700/2170  loss=0.0133  acc=0.9960  lr0=7.15e-06 lr1=3.57e-04
12:06:01 INFO   e7 step  1750/2170  loss=0.0136  acc=0.9959  lr0=7.10e-06 lr1=3.55e-04
12:06:07 INFO   e7 step  1800/2170  loss=0.0135  acc=0.9960  lr0=7.05e-06 lr1=3.52e-04
12:06:14 INFO   e7 step  1850/2170  loss=0.0136  acc=0.9959  lr0=6.99e-06 lr1=3.50e-04
12:06:21 INFO   e7 step  1900/2170  loss=0.0137  acc=0.9959  lr0=6.94e-06 lr1=3.47e-04
12:06:27 INFO   e7 step  1950/2170  loss=0.0137  acc=0.9959  lr0=6.89e-06 lr1=3.45e-04
12:06:33 INFO   e7 step  2000/2170  loss=0.0135  acc=0.9960  lr0=6.84e-06 lr1=3.42e-04
12:06:39 INFO   e7 step  2050/2170  loss=0.0133  acc=0.9961  lr0=6.79e-06 lr1=3.39e-04
12:06:46 INFO   e7 step  2100/2170  loss=0.0132  acc=0.9961  lr0=6.74e-06 lr1=3.37e-04
12:06:53 INFO   e7 step  2150/2170  loss=0.0129  acc=0.9961  lr0=6.69e-06 lr1=3.34e-04
12:06:56 INFO [epoch 7] train_loss=0.0129 train_acc=0.9962  val_loss=2.8812 val_acc=0.6393 val_auc=0.7280  elapsed=277.7s
12:07:02 INFO   e8 step    50/2170  loss=0.0047  acc=0.9975  lr0=6.62e-06 lr1=3.31e-04
12:07:09 INFO   e8 step   100/2170  loss=0.0076  acc=0.9975  lr0=6.56e-06 lr1=3.28e-04
12:07:15 INFO   e8 step   150/2170  loss=0.0057  acc=0.9979  lr0=6.51e-06 lr1=3.26e-04
12:07:22 INFO   e8 step   200/2170  loss=0.0068  acc=0.9973  lr0=6.46e-06 lr1=3.23e-04
12:07:28 INFO   e8 step   250/2170  loss=0.0065  acc=0.9975  lr0=6.41e-06 lr1=3.21e-04
12:07:35 INFO   e8 step   300/2170  loss=0.0057  acc=0.9979  lr0=6.36e-06 lr1=3.18e-04
12:07:41 INFO   e8 step   350/2170  loss=0.0054  acc=0.9979  lr0=6.31e-06 lr1=3.15e-04
12:07:47 INFO   e8 step   400/2170  loss=0.0066  acc=0.9977  lr0=6.26e-06 lr1=3.13e-04
12:07:53 INFO   e8 step   450/2170  loss=0.0064  acc=0.9978  lr0=6.21e-06 lr1=3.10e-04
12:08:00 INFO   e8 step   500/2170  loss=0.0063  acc=0.9978  lr0=6.15e-06 lr1=3.08e-04
12:08:06 INFO   e8 step   550/2170  loss=0.0059  acc=0.9979  lr0=6.10e-06 lr1=3.05e-04
12:08:12 INFO   e8 step   600/2170  loss=0.0062  acc=0.9978  lr0=6.05e-06 lr1=3.03e-04
12:08:19 INFO   e8 step   650/2170  loss=0.0060  acc=0.9978  lr0=6.00e-06 lr1=3.00e-04
12:08:26 INFO   e8 step   700/2170  loss=0.0059  acc=0.9978  lr0=5.95e-06 lr1=2.97e-04
12:08:32 INFO   e8 step   750/2170  loss=0.0064  acc=0.9977  lr0=5.90e-06 lr1=2.95e-04
12:08:38 INFO   e8 step   800/2170  loss=0.0064  acc=0.9978  lr0=5.85e-06 lr1=2.92e-04
12:08:45 INFO   e8 step   850/2170  loss=0.0066  acc=0.9978  lr0=5.80e-06 lr1=2.90e-04
12:08:51 INFO   e8 step   900/2170  loss=0.0070  acc=0.9977  lr0=5.75e-06 lr1=2.87e-04
12:08:57 INFO   e8 step   950/2170  loss=0.0067  acc=0.9978  lr0=5.69e-06 lr1=2.85e-04
12:09:03 INFO   e8 step  1000/2170  loss=0.0066  acc=0.9977  lr0=5.64e-06 lr1=2.82e-04
12:09:10 INFO   e8 step  1050/2170  loss=0.0066  acc=0.9977  lr0=5.59e-06 lr1=2.80e-04
12:09:16 INFO   e8 step  1100/2170  loss=0.0065  acc=0.9977  lr0=5.54e-06 lr1=2.77e-04
12:09:22 INFO   e8 step  1150/2170  loss=0.0064  acc=0.9978  lr0=5.49e-06 lr1=2.74e-04
12:09:29 INFO   e8 step  1200/2170  loss=0.0063  acc=0.9978  lr0=5.44e-06 lr1=2.72e-04
12:09:35 INFO   e8 step  1250/2170  loss=0.0062  acc=0.9978  lr0=5.39e-06 lr1=2.69e-04
12:09:41 INFO   e8 step  1300/2170  loss=0.0061  acc=0.9978  lr0=5.34e-06 lr1=2.67e-04
12:09:47 INFO   e8 step  1350/2170  loss=0.0060  acc=0.9978  lr0=5.28e-06 lr1=2.64e-04
12:09:54 INFO   e8 step  1400/2170  loss=0.0062  acc=0.9978  lr0=5.23e-06 lr1=2.62e-04
12:10:00 INFO   e8 step  1450/2170  loss=0.0061  acc=0.9979  lr0=5.18e-06 lr1=2.59e-04
12:10:06 INFO   e8 step  1500/2170  loss=0.0061  acc=0.9979  lr0=5.13e-06 lr1=2.57e-04
12:10:12 INFO   e8 step  1550/2170  loss=0.0059  acc=0.9979  lr0=5.08e-06 lr1=2.54e-04
12:10:19 INFO   e8 step  1600/2170  loss=0.0058  acc=0.9980  lr0=5.03e-06 lr1=2.51e-04
12:10:26 INFO   e8 step  1650/2170  loss=0.0057  acc=0.9980  lr0=4.98e-06 lr1=2.49e-04
12:10:32 INFO   e8 step  1700/2170  loss=0.0056  acc=0.9981  lr0=4.93e-06 lr1=2.46e-04
12:10:38 INFO   e8 step  1750/2170  loss=0.0057  acc=0.9981  lr0=4.87e-06 lr1=2.44e-04
12:10:45 INFO   e8 step  1800/2170  loss=0.0056  acc=0.9981  lr0=4.82e-06 lr1=2.41e-04
12:10:51 INFO   e8 step  1850/2170  loss=0.0056  acc=0.9981  lr0=4.77e-06 lr1=2.39e-04
12:10:58 INFO   e8 step  1900/2170  loss=0.0057  acc=0.9981  lr0=4.72e-06 lr1=2.36e-04
12:11:04 INFO   e8 step  1950/2170  loss=0.0055  acc=0.9981  lr0=4.67e-06 lr1=2.33e-04
12:11:10 INFO   e8 step  2000/2170  loss=0.0054  acc=0.9982  lr0=4.62e-06 lr1=2.31e-04
12:11:16 INFO   e8 step  2050/2170  loss=0.0054  acc=0.9982  lr0=4.57e-06 lr1=2.28e-04
12:11:23 INFO   e8 step  2100/2170  loss=0.0053  acc=0.9982  lr0=4.52e-06 lr1=2.26e-04
12:11:29 INFO   e8 step  2150/2170  loss=0.0054  acc=0.9982  lr0=4.46e-06 lr1=2.23e-04
12:11:32 INFO [epoch 8] train_loss=0.0053 train_acc=0.9982  val_loss=2.8686 val_acc=0.6926 val_auc=0.7568  elapsed=276.4s
12:11:39 INFO   e9 step    50/2170  loss=0.0034  acc=0.9981  lr0=4.39e-06 lr1=2.20e-04
12:11:45 INFO   e9 step   100/2170  loss=0.0018  acc=0.9991  lr0=4.34e-06 lr1=2.17e-04
12:11:51 INFO   e9 step   150/2170  loss=0.0027  acc=0.9988  lr0=4.29e-06 lr1=2.15e-04
12:11:57 INFO   e9 step   200/2170  loss=0.0027  acc=0.9988  lr0=4.24e-06 lr1=2.12e-04
12:12:04 INFO   e9 step   250/2170  loss=0.0034  acc=0.9988  lr0=4.19e-06 lr1=2.09e-04
12:12:10 INFO   e9 step   300/2170  loss=0.0028  acc=0.9990  lr0=4.14e-06 lr1=2.07e-04
12:12:17 INFO   e9 step   350/2170  loss=0.0026  acc=0.9990  lr0=4.09e-06 lr1=2.04e-04
12:12:23 INFO   e9 step   400/2170  loss=0.0023  acc=0.9991  lr0=4.03e-06 lr1=2.02e-04
12:12:29 INFO   e9 step   450/2170  loss=0.0024  acc=0.9991  lr0=3.98e-06 lr1=1.99e-04
12:12:36 INFO   e9 step   500/2170  loss=0.0023  acc=0.9991  lr0=3.93e-06 lr1=1.97e-04
12:12:42 INFO   e9 step   550/2170  loss=0.0021  acc=0.9992  lr0=3.88e-06 lr1=1.94e-04
12:12:49 INFO   e9 step   600/2170  loss=0.0024  acc=0.9991  lr0=3.83e-06 lr1=1.92e-04
12:12:56 INFO   e9 step   650/2170  loss=0.0028  acc=0.9990  lr0=3.78e-06 lr1=1.89e-04
12:13:02 INFO   e9 step   700/2170  loss=0.0030  acc=0.9990  lr0=3.73e-06 lr1=1.86e-04
12:13:08 INFO   e9 step   750/2170  loss=0.0031  acc=0.9990  lr0=3.68e-06 lr1=1.84e-04
12:13:14 INFO   e9 step   800/2170  loss=0.0029  acc=0.9991  lr0=3.63e-06 lr1=1.81e-04
12:13:21 INFO   e9 step   850/2170  loss=0.0028  acc=0.9991  lr0=3.57e-06 lr1=1.79e-04
12:13:27 INFO   e9 step   900/2170  loss=0.0027  acc=0.9991  lr0=3.52e-06 lr1=1.76e-04
12:13:33 INFO   e9 step   950/2170  loss=0.0028  acc=0.9991  lr0=3.47e-06 lr1=1.74e-04
12:13:39 INFO   e9 step  1000/2170  loss=0.0029  acc=0.9991  lr0=3.42e-06 lr1=1.71e-04
12:13:46 INFO   e9 step  1050/2170  loss=0.0028  acc=0.9991  lr0=3.37e-06 lr1=1.68e-04
12:13:52 INFO   e9 step  1100/2170  loss=0.0030  acc=0.9991  lr0=3.32e-06 lr1=1.66e-04
12:13:59 INFO   e9 step  1150/2170  loss=0.0031  acc=0.9990  lr0=3.27e-06 lr1=1.63e-04
12:14:05 INFO   e9 step  1200/2170  loss=0.0032  acc=0.9990  lr0=3.22e-06 lr1=1.61e-04
12:14:11 INFO   e9 step  1250/2170  loss=0.0033  acc=0.9990  lr0=3.16e-06 lr1=1.58e-04
12:14:18 INFO   e9 step  1300/2170  loss=0.0034  acc=0.9989  lr0=3.11e-06 lr1=1.56e-04
12:14:24 INFO   e9 step  1350/2170  loss=0.0033  acc=0.9990  lr0=3.06e-06 lr1=1.53e-04
12:14:31 INFO   e9 step  1400/2170  loss=0.0033  acc=0.9990  lr0=3.01e-06 lr1=1.51e-04
12:14:37 INFO   e9 step  1450/2170  loss=0.0032  acc=0.9990  lr0=2.96e-06 lr1=1.48e-04
12:14:44 INFO   e9 step  1500/2170  loss=0.0033  acc=0.9990  lr0=2.91e-06 lr1=1.45e-04
12:14:50 INFO   e9 step  1550/2170  loss=0.0036  acc=0.9990  lr0=2.86e-06 lr1=1.43e-04
12:14:56 INFO   e9 step  1600/2170  loss=0.0037  acc=0.9989  lr0=2.81e-06 lr1=1.40e-04
12:15:03 INFO   e9 step  1650/2170  loss=0.0037  acc=0.9989  lr0=2.75e-06 lr1=1.38e-04
12:15:09 INFO   e9 step  1700/2170  loss=0.0036  acc=0.9989  lr0=2.70e-06 lr1=1.35e-04
12:15:15 INFO   e9 step  1750/2170  loss=0.0035  acc=0.9989  lr0=2.65e-06 lr1=1.33e-04
12:15:22 INFO   e9 step  1800/2170  loss=0.0035  acc=0.9989  lr0=2.60e-06 lr1=1.30e-04
12:15:28 INFO   e9 step  1850/2170  loss=0.0035  acc=0.9989  lr0=2.55e-06 lr1=1.27e-04
12:15:35 INFO   e9 step  1900/2170  loss=0.0034  acc=0.9989  lr0=2.50e-06 lr1=1.25e-04
12:15:41 INFO   e9 step  1950/2170  loss=0.0033  acc=0.9990  lr0=2.45e-06 lr1=1.22e-04
12:15:47 INFO   e9 step  2000/2170  loss=0.0032  acc=0.9990  lr0=2.40e-06 lr1=1.20e-04
12:15:54 INFO   e9 step  2050/2170  loss=0.0033  acc=0.9990  lr0=2.35e-06 lr1=1.17e-04
12:16:01 INFO   e9 step  2100/2170  loss=0.0034  acc=0.9990  lr0=2.29e-06 lr1=1.15e-04
12:16:07 INFO   e9 step  2150/2170  loss=0.0034  acc=0.9990  lr0=2.24e-06 lr1=1.12e-04
12:16:10 INFO [epoch 9] train_loss=0.0033 train_acc=0.9990  val_loss=2.9404 val_acc=0.6742 val_auc=0.7553  elapsed=278.0s
12:16:16 INFO   e10 step    50/2170  loss=0.0004  acc=1.0000  lr0=2.17e-06 lr1=1.09e-04
12:16:23 INFO   e10 step   100/2170  loss=0.0006  acc=0.9997  lr0=2.12e-06 lr1=1.06e-04
12:16:29 INFO   e10 step   150/2170  loss=0.0005  acc=0.9998  lr0=2.07e-06 lr1=1.03e-04
12:16:35 INFO   e10 step   200/2170  loss=0.0007  acc=0.9997  lr0=2.02e-06 lr1=1.01e-04
12:16:42 INFO   e10 step   250/2170  loss=0.0006  acc=0.9998  lr0=1.97e-06 lr1=9.83e-05
12:16:48 INFO   e10 step   300/2170  loss=0.0005  acc=0.9998  lr0=1.92e-06 lr1=9.58e-05
12:16:54 INFO   e10 step   350/2170  loss=0.0006  acc=0.9996  lr0=1.86e-06 lr1=9.32e-05
12:17:00 INFO   e10 step   400/2170  loss=0.0007  acc=0.9996  lr0=1.81e-06 lr1=9.06e-05
12:17:06 INFO   e10 step   450/2170  loss=0.0007  acc=0.9997  lr0=1.76e-06 lr1=8.81e-05
12:17:12 INFO   e10 step   500/2170  loss=0.0007  acc=0.9996  lr0=1.71e-06 lr1=8.55e-05
12:17:19 INFO   e10 step   550/2170  loss=0.0006  acc=0.9997  lr0=1.66e-06 lr1=8.29e-05
12:17:25 INFO   e10 step   600/2170  loss=0.0006  acc=0.9997  lr0=1.61e-06 lr1=8.04e-05
12:17:31 INFO   e10 step   650/2170  loss=0.0006  acc=0.9997  lr0=1.56e-06 lr1=7.78e-05
12:17:38 INFO   e10 step   700/2170  loss=0.0006  acc=0.9997  lr0=1.51e-06 lr1=7.53e-05
12:17:44 INFO   e10 step   750/2170  loss=0.0006  acc=0.9997  lr0=1.45e-06 lr1=7.27e-05
12:17:51 INFO   e10 step   800/2170  loss=0.0006  acc=0.9997  lr0=1.40e-06 lr1=7.01e-05
12:17:58 INFO   e10 step   850/2170  loss=0.0008  acc=0.9997  lr0=1.35e-06 lr1=6.76e-05
12:18:04 INFO   e10 step   900/2170  loss=0.0008  acc=0.9997  lr0=1.30e-06 lr1=6.50e-05
12:18:10 INFO   e10 step   950/2170  loss=0.0009  acc=0.9996  lr0=1.25e-06 lr1=6.25e-05
12:18:16 INFO   e10 step  1000/2170  loss=0.0009  acc=0.9996  lr0=1.20e-06 lr1=5.99e-05
12:18:22 INFO   e10 step  1050/2170  loss=0.0009  acc=0.9996  lr0=1.15e-06 lr1=5.73e-05
12:18:28 INFO   e10 step  1100/2170  loss=0.0009  acc=0.9996  lr0=1.10e-06 lr1=5.48e-05
12:18:35 INFO   e10 step  1150/2170  loss=0.0009  acc=0.9996  lr0=1.04e-06 lr1=5.22e-05
12:18:42 INFO   e10 step  1200/2170  loss=0.0009  acc=0.9996  lr0=9.93e-07 lr1=4.97e-05
12:18:48 INFO   e10 step  1250/2170  loss=0.0009  acc=0.9996  lr0=9.42e-07 lr1=4.71e-05
12:18:54 INFO   e10 step  1300/2170  loss=0.0008  acc=0.9996  lr0=8.91e-07 lr1=4.45e-05
12:19:01 INFO   e10 step  1350/2170  loss=0.0008  acc=0.9996  lr0=8.40e-07 lr1=4.20e-05
12:19:08 INFO   e10 step  1400/2170  loss=0.0008  acc=0.9996  lr0=7.89e-07 lr1=3.94e-05
12:19:14 INFO   e10 step  1450/2170  loss=0.0008  acc=0.9996  lr0=7.37e-07 lr1=3.69e-05
12:19:21 INFO   e10 step  1500/2170  loss=0.0009  acc=0.9996  lr0=6.86e-07 lr1=3.43e-05
12:19:27 INFO   e10 step  1550/2170  loss=0.0008  acc=0.9996  lr0=6.35e-07 lr1=3.17e-05
12:19:34 INFO   e10 step  1600/2170  loss=0.0009  acc=0.9996  lr0=5.84e-07 lr1=2.92e-05
12:19:40 INFO   e10 step  1650/2170  loss=0.0009  acc=0.9995  lr0=5.33e-07 lr1=2.66e-05
12:19:46 INFO   e10 step  1700/2170  loss=0.0008  acc=0.9996  lr0=4.81e-07 lr1=2.41e-05
12:19:53 INFO   e10 step  1750/2170  loss=0.0008  acc=0.9996  lr0=4.30e-07 lr1=2.15e-05
12:19:59 INFO   e10 step  1800/2170  loss=0.0010  acc=0.9995  lr0=3.79e-07 lr1=1.89e-05
12:20:05 INFO   e10 step  1850/2170  loss=0.0010  acc=0.9995  lr0=3.28e-07 lr1=1.64e-05
12:20:12 INFO   e10 step  1900/2170  loss=0.0010  acc=0.9995  lr0=2.76e-07 lr1=1.38e-05
12:20:18 INFO   e10 step  1950/2170  loss=0.0010  acc=0.9995  lr0=2.25e-07 lr1=1.13e-05
12:20:25 INFO   e10 step  2000/2170  loss=0.0010  acc=0.9995  lr0=1.74e-07 lr1=8.70e-06
12:20:30 INFO   e10 step  2050/2170  loss=0.0010  acc=0.9995  lr0=1.23e-07 lr1=6.14e-06
12:20:37 INFO   e10 step  2100/2170  loss=0.0010  acc=0.9995  lr0=7.17e-08 lr1=3.58e-06
12:20:43 INFO   e10 step  2150/2170  loss=0.0010  acc=0.9995  lr0=2.05e-08 lr1=1.02e-06
12:20:47 INFO [epoch 10] train_loss=0.0010 train_acc=0.9995  val_loss=2.9377 val_acc=0.6680 val_auc=0.7511  elapsed=276.8s
12:20:47 INFO loading best.pt for test eval
12:20:49 INFO [test] loss=2.3387  acc=0.4579  auc=0.4047  f1=0.4861
12:20:49 INFO [test] per-tier-pair accuracy:
12:20:49 INFO         T9-T9  n=  240  acc=0.7167
12:20:49 INFO        T9-T15  n=  288  acc=0.3368
12:20:49 INFO       T15-T15  n=  732  acc=0.4208
12:20:49 INFO [done] results in runs/classifier/new_ajo_workflows
