12:38:57 INFO run_dir=/mnt/localssd/baseline_sweep/runs/aep_causal_cls34/all-MiniLM-L6-v2
12:38:57 INFO device=cuda:0  bf16=True  physical_gpu=2  CUDA_VISIBLE_DEVICES=2
12:38:57 INFO dataset=aep_causal_cls34  model=all-MiniLM-L6-v2  backbone=sentence-transformers/all-MiniLM-L6-v2
12:38:57 INFO tokenizer <- sentence-transformers/all-MiniLM-L6-v2
Warning: You are sending unauthenticated requests to the HF Hub. Please set a HF_TOKEN to enable higher rate limits and faster downloads.
12:38:58 INFO split files: ['directional_train.jsonl', 'directional_val.jsonl', 'directional_test.jsonl']
12:38:58 INFO scanning max token length across all splits ...
12:40:11 INFO   observed_max=497 -> max_seq_len=512 (cap=512, scan=73.7s)
12:40:11 INFO loading datasets ...
12:40:12 INFO   schema=standard  train=110775  val=6004  test=6004
12:40:12 INFO building DirectionalClassifier  backbone=sentence-transformers/all-MiniLM-L6-v2  head=MLP(4d->512->128->1, act=gelu, norm=layer, dropout=0.1)  n_tiers=0
Loading weights:   0%|          | 0/103 [00:00<?, ?it/s]Loading weights: 100%|██████████| 103/103 [00:00<00:00, 6202.81it/s]
Loading weights:   0%|          | 0/103 [00:00<?, ?it/s]Loading weights: 100%|██████████| 103/103 [00:00<00:00, 6658.65it/s]
12:40:13 INFO   hidden_size=384  trainable_params=46,283,521
12:40:13 INFO   total_steps=6924  warmup_steps=692
12:40:19 INFO   e1 step    50/1731  loss=0.7415  acc=0.5600  lr0=1.45e-06 lr1=7.23e-05
12:40:22 INFO   e1 step   100/1731  loss=0.6634  acc=0.6236  lr0=2.89e-06 lr1=1.45e-04
12:40:25 INFO   e1 step   150/1731  loss=0.6075  acc=0.6693  lr0=4.34e-06 lr1=2.17e-04
12:40:29 INFO   e1 step   200/1731  loss=0.5677  acc=0.6996  lr0=5.78e-06 lr1=2.89e-04
12:40:32 INFO   e1 step   250/1731  loss=0.5386  acc=0.7208  lr0=7.23e-06 lr1=3.61e-04
12:40:35 INFO   e1 step   300/1731  loss=0.5118  acc=0.7375  lr0=8.67e-06 lr1=4.34e-04
12:40:38 INFO   e1 step   350/1731  loss=0.4870  acc=0.7535  lr0=1.01e-05 lr1=5.06e-04
12:40:42 INFO   e1 step   400/1731  loss=0.4658  acc=0.7663  lr0=1.16e-05 lr1=5.78e-04
12:40:45 INFO   e1 step   450/1731  loss=0.4447  acc=0.7792  lr0=1.30e-05 lr1=6.50e-04
12:40:48 INFO   e1 step   500/1731  loss=0.4251  acc=0.7906  lr0=1.45e-05 lr1=7.23e-04
12:40:51 INFO   e1 step   550/1731  loss=0.4082  acc=0.8000  lr0=1.59e-05 lr1=7.95e-04
12:40:54 INFO   e1 step   600/1731  loss=0.3917  acc=0.8097  lr0=1.73e-05 lr1=8.67e-04
12:40:58 INFO   e1 step   650/1731  loss=0.3771  acc=0.8177  lr0=1.88e-05 lr1=9.39e-04
12:41:01 INFO   e1 step   700/1731  loss=0.3643  acc=0.8247  lr0=2.00e-05 lr1=9.99e-04
12:41:04 INFO   e1 step   750/1731  loss=0.3516  acc=0.8318  lr0=1.98e-05 lr1=9.91e-04
12:41:08 INFO   e1 step   800/1731  loss=0.3406  acc=0.8378  lr0=1.97e-05 lr1=9.83e-04
12:41:11 INFO   e1 step   850/1731  loss=0.3299  acc=0.8434  lr0=1.95e-05 lr1=9.75e-04
12:41:14 INFO   e1 step   900/1731  loss=0.3183  acc=0.8496  lr0=1.93e-05 lr1=9.67e-04
12:41:17 INFO   e1 step   950/1731  loss=0.3084  acc=0.8548  lr0=1.92e-05 lr1=9.59e-04
12:41:20 INFO   e1 step  1000/1731  loss=0.2990  acc=0.8595  lr0=1.90e-05 lr1=9.51e-04
12:41:24 INFO   e1 step  1050/1731  loss=0.2897  acc=0.8643  lr0=1.89e-05 lr1=9.43e-04
12:41:27 INFO   e1 step  1100/1731  loss=0.2818  acc=0.8684  lr0=1.87e-05 lr1=9.35e-04
12:41:30 INFO   e1 step  1150/1731  loss=0.2741  acc=0.8724  lr0=1.85e-05 lr1=9.27e-04
12:41:33 INFO   e1 step  1200/1731  loss=0.2666  acc=0.8761  lr0=1.84e-05 lr1=9.18e-04
12:41:36 INFO   e1 step  1250/1731  loss=0.2594  acc=0.8797  lr0=1.82e-05 lr1=9.10e-04
12:41:40 INFO   e1 step  1300/1731  loss=0.2527  acc=0.8829  lr0=1.80e-05 lr1=9.02e-04
12:41:43 INFO   e1 step  1350/1731  loss=0.2466  acc=0.8859  lr0=1.79e-05 lr1=8.94e-04
12:41:46 INFO   e1 step  1400/1731  loss=0.2404  acc=0.8890  lr0=1.77e-05 lr1=8.86e-04
12:41:49 INFO   e1 step  1450/1731  loss=0.2349  acc=0.8917  lr0=1.76e-05 lr1=8.78e-04
12:41:52 INFO   e1 step  1500/1731  loss=0.2294  acc=0.8944  lr0=1.74e-05 lr1=8.70e-04
12:41:56 INFO   e1 step  1550/1731  loss=0.2243  acc=0.8970  lr0=1.72e-05 lr1=8.62e-04
12:41:59 INFO   e1 step  1600/1731  loss=0.2196  acc=0.8992  lr0=1.71e-05 lr1=8.54e-04
12:42:02 INFO   e1 step  1650/1731  loss=0.2148  acc=0.9014  lr0=1.69e-05 lr1=8.46e-04
12:42:05 INFO   e1 step  1700/1731  loss=0.2106  acc=0.9036  lr0=1.68e-05 lr1=8.38e-04
12:42:10 INFO [epoch 1] train_loss=0.2079 train_acc=0.9048  val_loss=0.5535 val_acc=0.8533 val_auc=0.9301  elapsed=116.9s
12:42:10 INFO   saved best.pt  val_acc=0.8533
12:42:14 INFO   e2 step    50/1731  loss=0.0551  acc=0.9784  lr0=1.65e-05 lr1=8.25e-04
12:42:17 INFO   e2 step   100/1731  loss=0.0527  acc=0.9803  lr0=1.63e-05 lr1=8.17e-04
12:42:20 INFO   e2 step   150/1731  loss=0.0516  acc=0.9800  lr0=1.62e-05 lr1=8.09e-04
12:42:24 INFO   e2 step   200/1731  loss=0.0494  acc=0.9801  lr0=1.60e-05 lr1=8.01e-04
12:42:27 INFO   e2 step   250/1731  loss=0.0499  acc=0.9800  lr0=1.59e-05 lr1=7.93e-04
12:42:30 INFO   e2 step   300/1731  loss=0.0486  acc=0.9807  lr0=1.57e-05 lr1=7.85e-04
12:42:33 INFO   e2 step   350/1731  loss=0.0485  acc=0.9808  lr0=1.55e-05 lr1=7.77e-04
12:42:36 INFO   e2 step   400/1731  loss=0.0476  acc=0.9809  lr0=1.54e-05 lr1=7.69e-04
12:42:40 INFO   e2 step   450/1731  loss=0.0469  acc=0.9811  lr0=1.52e-05 lr1=7.61e-04
12:42:43 INFO   e2 step   500/1731  loss=0.0464  acc=0.9814  lr0=1.51e-05 lr1=7.53e-04
12:42:46 INFO   e2 step   550/1731  loss=0.0471  acc=0.9810  lr0=1.49e-05 lr1=7.45e-04
12:42:49 INFO   e2 step   600/1731  loss=0.0464  acc=0.9812  lr0=1.47e-05 lr1=7.37e-04
12:42:52 INFO   e2 step   650/1731  loss=0.0467  acc=0.9812  lr0=1.46e-05 lr1=7.29e-04
12:42:56 INFO   e2 step   700/1731  loss=0.0465  acc=0.9812  lr0=1.44e-05 lr1=7.21e-04
12:42:59 INFO   e2 step   750/1731  loss=0.0462  acc=0.9814  lr0=1.43e-05 lr1=7.13e-04
12:43:02 INFO   e2 step   800/1731  loss=0.0454  acc=0.9816  lr0=1.41e-05 lr1=7.05e-04
12:43:05 INFO   e2 step   850/1731  loss=0.0449  acc=0.9818  lr0=1.39e-05 lr1=6.97e-04
12:43:08 INFO   e2 step   900/1731  loss=0.0440  acc=0.9820  lr0=1.38e-05 lr1=6.89e-04
12:43:11 INFO   e2 step   950/1731  loss=0.0437  acc=0.9821  lr0=1.36e-05 lr1=6.81e-04
12:43:15 INFO   e2 step  1000/1731  loss=0.0432  acc=0.9823  lr0=1.35e-05 lr1=6.73e-04
12:43:18 INFO   e2 step  1050/1731  loss=0.0427  acc=0.9825  lr0=1.33e-05 lr1=6.65e-04
12:43:21 INFO   e2 step  1100/1731  loss=0.0424  acc=0.9827  lr0=1.31e-05 lr1=6.57e-04
12:43:24 INFO   e2 step  1150/1731  loss=0.0423  acc=0.9827  lr0=1.30e-05 lr1=6.49e-04
12:43:27 INFO   e2 step  1200/1731  loss=0.0417  acc=0.9830  lr0=1.28e-05 lr1=6.41e-04
12:43:30 INFO   e2 step  1250/1731  loss=0.0416  acc=0.9829  lr0=1.27e-05 lr1=6.33e-04
12:43:34 INFO   e2 step  1300/1731  loss=0.0418  acc=0.9828  lr0=1.25e-05 lr1=6.25e-04
12:43:37 INFO   e2 step  1350/1731  loss=0.0414  acc=0.9830  lr0=1.23e-05 lr1=6.17e-04
12:43:40 INFO   e2 step  1400/1731  loss=0.0411  acc=0.9831  lr0=1.22e-05 lr1=6.09e-04
12:43:43 INFO   e2 step  1450/1731  loss=0.0407  acc=0.9832  lr0=1.20e-05 lr1=6.01e-04
12:43:46 INFO   e2 step  1500/1731  loss=0.0403  acc=0.9833  lr0=1.19e-05 lr1=5.93e-04
12:43:49 INFO   e2 step  1550/1731  loss=0.0399  acc=0.9835  lr0=1.17e-05 lr1=5.85e-04
12:43:53 INFO   e2 step  1600/1731  loss=0.0396  acc=0.9836  lr0=1.15e-05 lr1=5.77e-04
12:43:56 INFO   e2 step  1650/1731  loss=0.0390  acc=0.9837  lr0=1.14e-05 lr1=5.69e-04
12:43:59 INFO   e2 step  1700/1731  loss=0.0386  acc=0.9839  lr0=1.12e-05 lr1=5.60e-04
12:44:04 INFO [epoch 2] train_loss=0.0385 train_acc=0.9839  val_loss=0.6691 val_acc=0.8814 val_auc=0.9353  elapsed=113.6s
12:44:04 INFO   saved best.pt  val_acc=0.8814
12:44:08 INFO   e3 step    50/1731  loss=0.0243  acc=0.9872  lr0=1.09e-05 lr1=5.47e-04
12:44:11 INFO   e3 step   100/1731  loss=0.0235  acc=0.9883  lr0=1.08e-05 lr1=5.39e-04
12:44:14 INFO   e3 step   150/1731  loss=0.0267  acc=0.9869  lr0=1.06e-05 lr1=5.31e-04
12:44:18 INFO   e3 step   200/1731  loss=0.0277  acc=0.9866  lr0=1.05e-05 lr1=5.23e-04
12:44:21 INFO   e3 step   250/1731  loss=0.0277  acc=0.9870  lr0=1.03e-05 lr1=5.15e-04
12:44:24 INFO   e3 step   300/1731  loss=0.0268  acc=0.9874  lr0=1.01e-05 lr1=5.07e-04
12:44:27 INFO   e3 step   350/1731  loss=0.0260  acc=0.9879  lr0=9.99e-06 lr1=4.99e-04
12:44:30 INFO   e3 step   400/1731  loss=0.0254  acc=0.9880  lr0=9.83e-06 lr1=4.91e-04
12:44:34 INFO   e3 step   450/1731  loss=0.0250  acc=0.9881  lr0=9.67e-06 lr1=4.83e-04
12:44:37 INFO   e3 step   500/1731  loss=0.0245  acc=0.9882  lr0=9.51e-06 lr1=4.75e-04
12:44:40 INFO   e3 step   550/1731  loss=0.0241  acc=0.9883  lr0=9.35e-06 lr1=4.67e-04
12:44:43 INFO   e3 step   600/1731  loss=0.0242  acc=0.9886  lr0=9.18e-06 lr1=4.59e-04
12:44:46 INFO   e3 step   650/1731  loss=0.0238  acc=0.9888  lr0=9.02e-06 lr1=4.51e-04
12:44:50 INFO   e3 step   700/1731  loss=0.0236  acc=0.9889  lr0=8.86e-06 lr1=4.43e-04
12:44:53 INFO   e3 step   750/1731  loss=0.0236  acc=0.9889  lr0=8.70e-06 lr1=4.35e-04
12:44:56 INFO   e3 step   800/1731  loss=0.0237  acc=0.9887  lr0=8.54e-06 lr1=4.27e-04
12:44:59 INFO   e3 step   850/1731  loss=0.0237  acc=0.9889  lr0=8.38e-06 lr1=4.19e-04
12:45:02 INFO   e3 step   900/1731  loss=0.0238  acc=0.9890  lr0=8.22e-06 lr1=4.11e-04
12:45:06 INFO   e3 step   950/1731  loss=0.0238  acc=0.9890  lr0=8.06e-06 lr1=4.03e-04
12:45:09 INFO   e3 step  1000/1731  loss=0.0236  acc=0.9890  lr0=7.90e-06 lr1=3.95e-04
12:45:12 INFO   e3 step  1050/1731  loss=0.0236  acc=0.9890  lr0=7.74e-06 lr1=3.87e-04
12:45:16 INFO   e3 step  1100/1731  loss=0.0235  acc=0.9890  lr0=7.58e-06 lr1=3.79e-04
12:45:19 INFO   e3 step  1150/1731  loss=0.0234  acc=0.9889  lr0=7.42e-06 lr1=3.71e-04
12:45:22 INFO   e3 step  1200/1731  loss=0.0234  acc=0.9889  lr0=7.26e-06 lr1=3.63e-04
12:45:25 INFO   e3 step  1250/1731  loss=0.0233  acc=0.9889  lr0=7.10e-06 lr1=3.55e-04
12:45:28 INFO   e3 step  1300/1731  loss=0.0231  acc=0.9889  lr0=6.94e-06 lr1=3.47e-04
12:45:32 INFO   e3 step  1350/1731  loss=0.0232  acc=0.9888  lr0=6.78e-06 lr1=3.39e-04
12:45:35 INFO   e3 step  1400/1731  loss=0.0231  acc=0.9888  lr0=6.62e-06 lr1=3.31e-04
12:45:38 INFO   e3 step  1450/1731  loss=0.0228  acc=0.9890  lr0=6.46e-06 lr1=3.23e-04
12:45:41 INFO   e3 step  1500/1731  loss=0.0229  acc=0.9889  lr0=6.30e-06 lr1=3.15e-04
12:45:44 INFO   e3 step  1550/1731  loss=0.0228  acc=0.9889  lr0=6.14e-06 lr1=3.07e-04
12:45:48 INFO   e3 step  1600/1731  loss=0.0227  acc=0.9889  lr0=5.98e-06 lr1=2.99e-04
12:45:51 INFO   e3 step  1650/1731  loss=0.0225  acc=0.9890  lr0=5.82e-06 lr1=2.91e-04
12:45:54 INFO   e3 step  1700/1731  loss=0.0224  acc=0.9890  lr0=5.65e-06 lr1=2.83e-04
12:45:59 INFO [epoch 3] train_loss=0.0223 train_acc=0.9891  val_loss=0.7353 val_acc=0.8837 val_auc=0.9394  elapsed=114.6s
12:45:59 INFO   saved best.pt  val_acc=0.8837
12:46:03 INFO   e4 step    50/1731  loss=0.0181  acc=0.9909  lr0=5.39e-06 lr1=2.70e-04
12:46:06 INFO   e4 step   100/1731  loss=0.0168  acc=0.9903  lr0=5.23e-06 lr1=2.62e-04
12:46:09 INFO   e4 step   150/1731  loss=0.0164  acc=0.9909  lr0=5.07e-06 lr1=2.54e-04
12:46:13 INFO   e4 step   200/1731  loss=0.0167  acc=0.9910  lr0=4.91e-06 lr1=2.46e-04
12:46:16 INFO   e4 step   250/1731  loss=0.0175  acc=0.9907  lr0=4.75e-06 lr1=2.38e-04
12:46:19 INFO   e4 step   300/1731  loss=0.0176  acc=0.9908  lr0=4.59e-06 lr1=2.30e-04
12:46:22 INFO   e4 step   350/1731  loss=0.0171  acc=0.9911  lr0=4.43e-06 lr1=2.22e-04
12:46:25 INFO   e4 step   400/1731  loss=0.0166  acc=0.9911  lr0=4.27e-06 lr1=2.14e-04
12:46:29 INFO   e4 step   450/1731  loss=0.0166  acc=0.9912  lr0=4.11e-06 lr1=2.06e-04
12:46:32 INFO   e4 step   500/1731  loss=0.0164  acc=0.9912  lr0=3.95e-06 lr1=1.98e-04
12:46:35 INFO   e4 step   550/1731  loss=0.0167  acc=0.9912  lr0=3.79e-06 lr1=1.90e-04
12:46:38 INFO   e4 step   600/1731  loss=0.0165  acc=0.9913  lr0=3.63e-06 lr1=1.81e-04
12:46:41 INFO   e4 step   650/1731  loss=0.0165  acc=0.9912  lr0=3.47e-06 lr1=1.73e-04
12:46:44 INFO   e4 step   700/1731  loss=0.0168  acc=0.9911  lr0=3.31e-06 lr1=1.65e-04
12:46:48 INFO   e4 step   750/1731  loss=0.0168  acc=0.9912  lr0=3.15e-06 lr1=1.57e-04
12:46:51 INFO   e4 step   800/1731  loss=0.0169  acc=0.9911  lr0=2.99e-06 lr1=1.49e-04
12:46:54 INFO   e4 step   850/1731  loss=0.0166  acc=0.9912  lr0=2.83e-06 lr1=1.41e-04
12:46:57 INFO   e4 step   900/1731  loss=0.0165  acc=0.9913  lr0=2.67e-06 lr1=1.33e-04
12:47:01 INFO   e4 step   950/1731  loss=0.0167  acc=0.9912  lr0=2.51e-06 lr1=1.25e-04
12:47:04 INFO   e4 step  1000/1731  loss=0.0167  acc=0.9912  lr0=2.35e-06 lr1=1.17e-04
12:47:07 INFO   e4 step  1050/1731  loss=0.0166  acc=0.9912  lr0=2.19e-06 lr1=1.09e-04
12:47:10 INFO   e4 step  1100/1731  loss=0.0167  acc=0.9911  lr0=2.03e-06 lr1=1.01e-04
12:47:14 INFO   e4 step  1150/1731  loss=0.0167  acc=0.9911  lr0=1.86e-06 lr1=9.32e-05
12:47:17 INFO   e4 step  1200/1731  loss=0.0166  acc=0.9912  lr0=1.70e-06 lr1=8.52e-05
12:47:20 INFO   e4 step  1250/1731  loss=0.0166  acc=0.9911  lr0=1.54e-06 lr1=7.72e-05
12:47:23 INFO   e4 step  1300/1731  loss=0.0168  acc=0.9910  lr0=1.38e-06 lr1=6.92e-05
12:47:26 INFO   e4 step  1350/1731  loss=0.0168  acc=0.9910  lr0=1.22e-06 lr1=6.11e-05
12:47:29 INFO   e4 step  1400/1731  loss=0.0168  acc=0.9910  lr0=1.06e-06 lr1=5.31e-05
12:47:33 INFO   e4 step  1450/1731  loss=0.0168  acc=0.9910  lr0=9.02e-07 lr1=4.51e-05
12:47:36 INFO   e4 step  1500/1731  loss=0.0167  acc=0.9910  lr0=7.41e-07 lr1=3.71e-05
12:47:39 INFO   e4 step  1550/1731  loss=0.0168  acc=0.9909  lr0=5.81e-07 lr1=2.90e-05
12:47:42 INFO   e4 step  1600/1731  loss=0.0168  acc=0.9909  lr0=4.20e-07 lr1=2.10e-05
12:47:45 INFO   e4 step  1650/1731  loss=0.0168  acc=0.9909  lr0=2.60e-07 lr1=1.30e-05
12:47:49 INFO   e4 step  1700/1731  loss=0.0167  acc=0.9909  lr0=9.95e-08 lr1=4.97e-06
12:47:53 INFO [epoch 4] train_loss=0.0167 train_acc=0.9910  val_loss=0.7905 val_acc=0.8897 val_auc=0.9349  elapsed=114.0s
12:47:54 INFO   saved best.pt  val_acc=0.8897
12:47:54 INFO loading best.pt for test eval
12:47:57 INFO [test] loss=0.9391  acc=0.8744  auc=0.9197  f1=0.8722
12:47:57 INFO [test] per-tier-pair accuracy:
12:47:57 INFO         T1-T2  n=    2  acc=0.5000
12:47:57 INFO         T1-T3  n=   10  acc=0.6000
12:47:57 INFO         T1-T4  n=    8  acc=0.7500
12:47:57 INFO         T1-T5  n=   20  acc=0.5500
12:47:57 INFO         T1-T6  n=   64  acc=0.6094
12:47:57 INFO         T1-T7  n=    6  acc=0.8333
12:47:57 INFO         T1-T8  n=   36  acc=0.9444
12:47:57 INFO         T1-T9  n=   12  acc=1.0000
12:47:57 INFO        T1-T10  n=    4  acc=1.0000
12:47:57 INFO        T1-T11  n=   24  acc=0.9167
12:47:57 INFO        T1-T12  n=    8  acc=1.0000
12:47:57 INFO        T1-T13  n=    8  acc=0.7500
12:47:57 INFO        T1-T14  n=    2  acc=0.5000
12:47:57 INFO        T1-T15  n=   28  acc=1.0000
12:47:57 INFO         T2-T3  n=    5  acc=1.0000
12:47:57 INFO         T2-T4  n=    4  acc=1.0000
12:47:57 INFO         T2-T5  n=   10  acc=1.0000
12:47:57 INFO         T2-T6  n=   32  acc=1.0000
12:47:57 INFO         T2-T7  n=    3  acc=1.0000
12:47:57 INFO         T2-T8  n=   18  acc=1.0000
12:47:57 INFO         T2-T9  n=    6  acc=1.0000
12:47:57 INFO        T2-T10  n=    2  acc=1.0000
12:47:57 INFO        T2-T11  n=   12  acc=1.0000
12:47:57 INFO        T2-T12  n=    4  acc=1.0000
12:47:57 INFO        T2-T13  n=    4  acc=1.0000
12:47:57 INFO        T2-T14  n=    1  acc=1.0000
12:47:57 INFO        T2-T15  n=   14  acc=1.0000
12:47:57 INFO         T3-T4  n=   20  acc=0.8000
12:47:57 INFO         T3-T5  n=   50  acc=0.6200
12:47:57 INFO         T3-T6  n=  160  acc=0.7500
12:47:57 INFO         T3-T7  n=   15  acc=0.7333
12:47:57 INFO         T3-T8  n=   90  acc=0.8444
12:47:57 INFO         T3-T9  n=   30  acc=0.8333
12:47:57 INFO        T3-T10  n=   10  acc=0.8000
12:47:57 INFO        T3-T11  n=   60  acc=0.9500
12:47:57 INFO        T3-T12  n=   20  acc=0.9500
12:47:57 INFO        T3-T13  n=   20  acc=1.0000
12:47:57 INFO        T3-T14  n=    5  acc=0.8000
12:47:57 INFO        T3-T15  n=   70  acc=1.0000
12:47:57 INFO         T4-T5  n=   40  acc=0.6250
12:47:57 INFO         T4-T6  n=  128  acc=0.7188
12:47:57 INFO         T4-T7  n=   12  acc=0.8333
12:47:57 INFO         T4-T8  n=   72  acc=0.7361
12:47:57 INFO         T4-T9  n=   24  acc=0.7917
12:47:57 INFO        T4-T10  n=    8  acc=0.7500
12:47:57 INFO        T4-T11  n=   48  acc=0.8125
12:47:57 INFO        T4-T12  n=   16  acc=0.8750
12:47:57 INFO        T4-T13  n=   16  acc=0.8750
12:47:57 INFO        T4-T14  n=    4  acc=0.7500
12:47:57 INFO        T4-T15  n=   56  acc=0.9286
12:47:57 INFO         T5-T6  n=  320  acc=0.8469
12:47:57 INFO         T5-T7  n=   30  acc=0.9667
12:47:57 INFO         T5-T8  n=  180  acc=0.9222
12:47:57 INFO         T5-T9  n=   60  acc=0.9833
12:47:57 INFO        T5-T10  n=   20  acc=1.0000
12:47:57 INFO        T5-T11  n=  120  acc=0.9750
12:47:57 INFO        T5-T12  n=   40  acc=1.0000
12:47:57 INFO        T5-T13  n=   40  acc=1.0000
12:47:57 INFO        T5-T14  n=   10  acc=0.9000
12:47:57 INFO        T5-T15  n=  140  acc=0.9786
12:47:57 INFO         T6-T7  n=   96  acc=0.9271
12:47:57 INFO         T6-T8  n=  576  acc=0.8993
12:47:57 INFO         T6-T9  n=  192  acc=0.9375
12:47:57 INFO        T6-T10  n=   64  acc=0.9062
12:47:57 INFO        T6-T11  n=  384  acc=0.8958
12:47:57 INFO        T6-T12  n=  128  acc=0.9531
12:47:57 INFO        T6-T13  n=  128  acc=0.9922
12:47:57 INFO        T6-T14  n=   32  acc=0.8750
12:47:57 INFO        T6-T15  n=  448  acc=0.9576
12:47:57 INFO         T7-T8  n=   54  acc=0.5926
12:47:57 INFO         T7-T9  n=   18  acc=0.6667
12:47:57 INFO        T7-T10  n=    6  acc=0.6667
12:47:57 INFO        T7-T11  n=   36  acc=0.6111
12:47:57 INFO        T7-T12  n=   12  acc=0.6667
12:47:57 INFO        T7-T13  n=   12  acc=0.6667
12:47:57 INFO        T7-T14  n=    3  acc=0.0000
12:47:57 INFO        T7-T15  n=   42  acc=0.7619
12:47:57 INFO         T8-T9  n=  108  acc=0.8426
12:47:57 INFO        T8-T10  n=   36  acc=0.6667
12:47:57 INFO        T8-T11  n=  216  acc=0.8565
12:47:57 INFO        T8-T12  n=   72  acc=0.8472
12:47:57 INFO        T8-T13  n=   72  acc=0.9861
12:47:57 INFO        T8-T14  n=   18  acc=0.1111
12:47:57 INFO        T8-T15  n=  252  acc=0.9127
12:47:57 INFO        T9-T10  n=   12  acc=1.0000
12:47:57 INFO        T9-T11  n=   72  acc=0.8056
12:47:57 INFO        T9-T12  n=   24  acc=0.8333
12:47:57 INFO        T9-T13  n=   24  acc=1.0000
12:47:57 INFO        T9-T14  n=    6  acc=0.0000
12:47:57 INFO        T9-T15  n=   84  acc=0.8452
12:47:57 INFO       T10-T11  n=   24  acc=0.7083
12:47:57 INFO       T10-T12  n=    8  acc=0.8750
12:47:57 INFO       T10-T13  n=    8  acc=1.0000
12:47:57 INFO       T10-T14  n=    2  acc=0.0000
12:47:57 INFO       T10-T15  n=   28  acc=0.8929
12:47:57 INFO       T11-T12  n=   48  acc=0.7292
12:47:57 INFO       T11-T13  n=   48  acc=0.9583
12:47:57 INFO       T11-T14  n=   12  acc=0.0833
12:47:57 INFO       T11-T15  n=  168  acc=0.8988
12:47:57 INFO       T12-T13  n=   16  acc=1.0000
12:47:57 INFO       T12-T14  n=    4  acc=0.2500
12:47:57 INFO       T12-T15  n=   56  acc=0.8571
12:47:57 INFO       T13-T14  n=    4  acc=0.0000
12:47:57 INFO       T13-T15  n=   56  acc=0.8929
12:47:57 INFO       T14-T15  n=   14  acc=0.9286
12:47:58 INFO [done] run_summary.json written to /mnt/localssd/baseline_sweep/runs/aep_causal_cls34/all-MiniLM-L6-v2
