20:35:29 INFO run_dir=/mnt/localssd/baseline_sweep/runs/ajo_doc_not_tier1/bge-large-en-v1.5
20:35:29 INFO device=cuda:0  bf16=True  physical_gpu=3  CUDA_VISIBLE_DEVICES=3
20:35:29 INFO dataset=ajo_doc_not_tier1  model=bge-large-en-v1.5  backbone=BAAI/bge-large-en-v1.5
20:35:29 INFO tokenizer <- BAAI/bge-large-en-v1.5
Warning: You are sending unauthenticated requests to the HF Hub. Please set a HF_TOKEN to enable higher rate limits and faster downloads.
20:35:29 INFO split files: ['directional_train.jsonl', 'directional_val.jsonl', 'directional_test.jsonl']
20:35:29 INFO scanning max token length across all splits ...
20:37:39 INFO   observed_max=262 -> max_seq_len=278 (cap=512, scan=130.2s)
20:37:39 INFO loading datasets ...
20:37:41 INFO   schema=standard  train=88000  val=11200  test=11200
20:37:41 INFO building DirectionalClassifier  backbone=BAAI/bge-large-en-v1.5  head=MLP(4d->512->128->1, act=gelu, norm=layer, dropout=0.1)  n_tiers=0
Loading weights:   0%|          | 0/391 [00:00<?, ?it/s]Loading weights: 100%|██████████| 391/391 [00:00<00:00, 7903.60it/s]
Loading weights:   0%|          | 0/391 [00:00<?, ?it/s]Loading weights: 100%|██████████| 391/391 [00:00<00:00, 7767.86it/s]
20:37:43 INFO   hidden_size=1024  trainable_params=672,456,705
20:37:43 INFO   total_steps=22000  warmup_steps=2200
20:37:56 INFO   e1 step    50/5500  loss=0.8573  acc=0.4600  lr0=4.55e-07 lr1=2.27e-05
20:38:07 INFO   e1 step   100/5500  loss=0.8177  acc=0.4938  lr0=9.09e-07 lr1=4.55e-05
20:38:18 INFO   e1 step   150/5500  loss=0.7920  acc=0.5083  lr0=1.36e-06 lr1=6.82e-05
20:38:29 INFO   e1 step   200/5500  loss=0.7644  acc=0.5225  lr0=1.82e-06 lr1=9.09e-05
20:38:40 INFO   e1 step   250/5500  loss=0.7455  acc=0.5363  lr0=2.27e-06 lr1=1.14e-04
20:38:51 INFO   e1 step   300/5500  loss=0.7344  acc=0.5458  lr0=2.73e-06 lr1=1.36e-04
20:39:03 INFO   e1 step   350/5500  loss=0.7265  acc=0.5543  lr0=3.18e-06 lr1=1.59e-04
20:39:14 INFO   e1 step   400/5500  loss=0.7150  acc=0.5627  lr0=3.64e-06 lr1=1.82e-04
20:39:25 INFO   e1 step   450/5500  loss=0.7027  acc=0.5744  lr0=4.09e-06 lr1=2.05e-04
20:39:36 INFO   e1 step   500/5500  loss=0.6796  acc=0.5949  lr0=4.55e-06 lr1=2.27e-04
20:39:47 INFO   e1 step   550/5500  loss=0.6534  acc=0.6158  lr0=5.00e-06 lr1=2.50e-04
20:39:58 INFO   e1 step   600/5500  loss=0.6329  acc=0.6322  lr0=5.45e-06 lr1=2.73e-04
20:40:09 INFO   e1 step   650/5500  loss=0.6107  acc=0.6501  lr0=5.91e-06 lr1=2.95e-04
20:40:21 INFO   e1 step   700/5500  loss=0.5890  acc=0.6649  lr0=6.36e-06 lr1=3.18e-04
20:40:32 INFO   e1 step   750/5500  loss=0.5675  acc=0.6795  lr0=6.82e-06 lr1=3.41e-04
20:40:43 INFO   e1 step   800/5500  loss=0.5490  acc=0.6923  lr0=7.27e-06 lr1=3.64e-04
20:40:54 INFO   e1 step   850/5500  loss=0.5283  acc=0.7057  lr0=7.73e-06 lr1=3.86e-04
20:41:05 INFO   e1 step   900/5500  loss=0.5115  acc=0.7174  lr0=8.18e-06 lr1=4.09e-04
20:41:17 INFO   e1 step   950/5500  loss=0.4927  acc=0.7291  lr0=8.64e-06 lr1=4.32e-04
20:41:28 INFO   e1 step  1000/5500  loss=0.4762  acc=0.7396  lr0=9.09e-06 lr1=4.55e-04
20:41:39 INFO   e1 step  1050/5500  loss=0.4584  acc=0.7501  lr0=9.55e-06 lr1=4.77e-04
20:41:50 INFO   e1 step  1100/5500  loss=0.4422  acc=0.7599  lr0=1.00e-05 lr1=5.00e-04
20:42:01 INFO   e1 step  1150/5500  loss=0.4294  acc=0.7683  lr0=1.05e-05 lr1=5.23e-04
20:42:12 INFO   e1 step  1200/5500  loss=0.4177  acc=0.7758  lr0=1.09e-05 lr1=5.45e-04
20:42:23 INFO   e1 step  1250/5500  loss=0.4064  acc=0.7832  lr0=1.14e-05 lr1=5.68e-04
20:42:34 INFO   e1 step  1300/5500  loss=0.3976  acc=0.7894  lr0=1.18e-05 lr1=5.91e-04
20:42:45 INFO   e1 step  1350/5500  loss=0.3879  acc=0.7958  lr0=1.23e-05 lr1=6.14e-04
20:42:57 INFO   e1 step  1400/5500  loss=0.3783  acc=0.8017  lr0=1.27e-05 lr1=6.36e-04
20:43:08 INFO   e1 step  1450/5500  loss=0.3693  acc=0.8072  lr0=1.32e-05 lr1=6.59e-04
20:43:19 INFO   e1 step  1500/5500  loss=0.3603  acc=0.8124  lr0=1.36e-05 lr1=6.82e-04
20:43:30 INFO   e1 step  1550/5500  loss=0.3531  acc=0.8173  lr0=1.41e-05 lr1=7.05e-04
20:43:41 INFO   e1 step  1600/5500  loss=0.3449  acc=0.8222  lr0=1.45e-05 lr1=7.27e-04
20:43:52 INFO   e1 step  1650/5500  loss=0.3377  acc=0.8264  lr0=1.50e-05 lr1=7.50e-04
20:44:03 INFO   e1 step  1700/5500  loss=0.3298  acc=0.8310  lr0=1.55e-05 lr1=7.73e-04
20:44:14 INFO   e1 step  1750/5500  loss=0.3226  acc=0.8353  lr0=1.59e-05 lr1=7.95e-04
20:44:26 INFO   e1 step  1800/5500  loss=0.3149  acc=0.8395  lr0=1.64e-05 lr1=8.18e-04
20:44:37 INFO   e1 step  1850/5500  loss=0.3082  acc=0.8433  lr0=1.68e-05 lr1=8.41e-04
20:44:48 INFO   e1 step  1900/5500  loss=0.3012  acc=0.8471  lr0=1.73e-05 lr1=8.64e-04
20:44:59 INFO   e1 step  1950/5500  loss=0.2968  acc=0.8503  lr0=1.77e-05 lr1=8.86e-04
20:45:10 INFO   e1 step  2000/5500  loss=0.2918  acc=0.8533  lr0=1.82e-05 lr1=9.09e-04
20:45:21 INFO   e1 step  2050/5500  loss=0.2865  acc=0.8564  lr0=1.86e-05 lr1=9.32e-04
20:45:32 INFO   e1 step  2100/5500  loss=0.2820  acc=0.8592  lr0=1.91e-05 lr1=9.55e-04
20:45:43 INFO   e1 step  2150/5500  loss=0.2778  acc=0.8618  lr0=1.95e-05 lr1=9.77e-04
20:45:54 INFO   e1 step  2200/5500  loss=0.2733  acc=0.8645  lr0=2.00e-05 lr1=1.00e-03
20:46:05 INFO   e1 step  2250/5500  loss=0.2688  acc=0.8669  lr0=1.99e-05 lr1=9.97e-04
20:46:16 INFO   e1 step  2300/5500  loss=0.2645  acc=0.8695  lr0=1.99e-05 lr1=9.95e-04
20:46:27 INFO   e1 step  2350/5500  loss=0.2604  acc=0.8719  lr0=1.98e-05 lr1=9.92e-04
20:46:39 INFO   e1 step  2400/5500  loss=0.2562  acc=0.8741  lr0=1.98e-05 lr1=9.90e-04
20:46:50 INFO   e1 step  2450/5500  loss=0.2534  acc=0.8762  lr0=1.97e-05 lr1=9.87e-04
20:47:01 INFO   e1 step  2500/5500  loss=0.2490  acc=0.8784  lr0=1.97e-05 lr1=9.85e-04
20:47:12 INFO   e1 step  2550/5500  loss=0.2449  acc=0.8806  lr0=1.96e-05 lr1=9.82e-04
20:47:23 INFO   e1 step  2600/5500  loss=0.2416  acc=0.8826  lr0=1.96e-05 lr1=9.80e-04
20:47:34 INFO   e1 step  2650/5500  loss=0.2381  acc=0.8845  lr0=1.95e-05 lr1=9.77e-04
20:47:46 INFO   e1 step  2700/5500  loss=0.2343  acc=0.8865  lr0=1.95e-05 lr1=9.75e-04
20:47:57 INFO   e1 step  2750/5500  loss=0.2315  acc=0.8883  lr0=1.94e-05 lr1=9.72e-04
20:48:08 INFO   e1 step  2800/5500  loss=0.2285  acc=0.8899  lr0=1.94e-05 lr1=9.70e-04
20:48:19 INFO   e1 step  2850/5500  loss=0.2259  acc=0.8914  lr0=1.93e-05 lr1=9.67e-04
20:48:30 INFO   e1 step  2900/5500  loss=0.2228  acc=0.8931  lr0=1.93e-05 lr1=9.65e-04
20:48:41 INFO   e1 step  2950/5500  loss=0.2204  acc=0.8946  lr0=1.92e-05 lr1=9.62e-04
20:48:52 INFO   e1 step  3000/5500  loss=0.2177  acc=0.8961  lr0=1.92e-05 lr1=9.60e-04
20:49:03 INFO   e1 step  3050/5500  loss=0.2154  acc=0.8974  lr0=1.91e-05 lr1=9.57e-04
20:49:14 INFO   e1 step  3100/5500  loss=0.2126  acc=0.8989  lr0=1.91e-05 lr1=9.55e-04
20:49:25 INFO   e1 step  3150/5500  loss=0.2100  acc=0.9003  lr0=1.90e-05 lr1=9.52e-04
20:49:37 INFO   e1 step  3200/5500  loss=0.2072  acc=0.9017  lr0=1.90e-05 lr1=9.49e-04
20:49:48 INFO   e1 step  3250/5500  loss=0.2041  acc=0.9032  lr0=1.89e-05 lr1=9.47e-04
20:49:59 INFO   e1 step  3300/5500  loss=0.2015  acc=0.9046  lr0=1.89e-05 lr1=9.44e-04
20:50:10 INFO   e1 step  3350/5500  loss=0.1989  acc=0.9059  lr0=1.88e-05 lr1=9.42e-04
20:50:21 INFO   e1 step  3400/5500  loss=0.1964  acc=0.9072  lr0=1.88e-05 lr1=9.39e-04
20:50:32 INFO   e1 step  3450/5500  loss=0.1940  acc=0.9084  lr0=1.87e-05 lr1=9.37e-04
20:50:43 INFO   e1 step  3500/5500  loss=0.1915  acc=0.9097  lr0=1.87e-05 lr1=9.34e-04
20:50:54 INFO   e1 step  3550/5500  loss=0.1892  acc=0.9109  lr0=1.86e-05 lr1=9.32e-04
20:51:05 INFO   e1 step  3600/5500  loss=0.1871  acc=0.9120  lr0=1.86e-05 lr1=9.29e-04
20:51:16 INFO   e1 step  3650/5500  loss=0.1851  acc=0.9131  lr0=1.85e-05 lr1=9.27e-04
20:51:28 INFO   e1 step  3700/5500  loss=0.1834  acc=0.9141  lr0=1.85e-05 lr1=9.24e-04
20:51:39 INFO   e1 step  3750/5500  loss=0.1812  acc=0.9152  lr0=1.84e-05 lr1=9.22e-04
20:51:50 INFO   e1 step  3800/5500  loss=0.1792  acc=0.9162  lr0=1.84e-05 lr1=9.19e-04
20:52:01 INFO   e1 step  3850/5500  loss=0.1774  acc=0.9172  lr0=1.83e-05 lr1=9.17e-04
20:52:12 INFO   e1 step  3900/5500  loss=0.1755  acc=0.9182  lr0=1.83e-05 lr1=9.14e-04
20:52:23 INFO   e1 step  3950/5500  loss=0.1737  acc=0.9191  lr0=1.82e-05 lr1=9.12e-04
20:52:34 INFO   e1 step  4000/5500  loss=0.1720  acc=0.9200  lr0=1.82e-05 lr1=9.09e-04
20:52:45 INFO   e1 step  4050/5500  loss=0.1701  acc=0.9210  lr0=1.81e-05 lr1=9.07e-04
20:52:57 INFO   e1 step  4100/5500  loss=0.1685  acc=0.9218  lr0=1.81e-05 lr1=9.04e-04
20:53:08 INFO   e1 step  4150/5500  loss=0.1669  acc=0.9227  lr0=1.80e-05 lr1=9.02e-04
20:53:19 INFO   e1 step  4200/5500  loss=0.1650  acc=0.9235  lr0=1.80e-05 lr1=8.99e-04
20:53:30 INFO   e1 step  4250/5500  loss=0.1634  acc=0.9244  lr0=1.79e-05 lr1=8.96e-04
20:53:41 INFO   e1 step  4300/5500  loss=0.1618  acc=0.9252  lr0=1.79e-05 lr1=8.94e-04
20:53:52 INFO   e1 step  4350/5500  loss=0.1604  acc=0.9260  lr0=1.78e-05 lr1=8.91e-04
20:54:03 INFO   e1 step  4400/5500  loss=0.1588  acc=0.9267  lr0=1.78e-05 lr1=8.89e-04
20:54:14 INFO   e1 step  4450/5500  loss=0.1574  acc=0.9275  lr0=1.77e-05 lr1=8.86e-04
20:54:25 INFO   e1 step  4500/5500  loss=0.1560  acc=0.9282  lr0=1.77e-05 lr1=8.84e-04
20:54:36 INFO   e1 step  4550/5500  loss=0.1547  acc=0.9289  lr0=1.76e-05 lr1=8.81e-04
20:54:47 INFO   e1 step  4600/5500  loss=0.1537  acc=0.9295  lr0=1.76e-05 lr1=8.79e-04
20:54:58 INFO   e1 step  4650/5500  loss=0.1528  acc=0.9301  lr0=1.75e-05 lr1=8.76e-04
20:55:09 INFO   e1 step  4700/5500  loss=0.1516  acc=0.9307  lr0=1.75e-05 lr1=8.74e-04
20:55:21 INFO   e1 step  4750/5500  loss=0.1502  acc=0.9313  lr0=1.74e-05 lr1=8.71e-04
20:55:32 INFO   e1 step  4800/5500  loss=0.1491  acc=0.9320  lr0=1.74e-05 lr1=8.69e-04
20:55:43 INFO   e1 step  4850/5500  loss=0.1477  acc=0.9327  lr0=1.73e-05 lr1=8.66e-04
20:55:54 INFO   e1 step  4900/5500  loss=0.1463  acc=0.9333  lr0=1.73e-05 lr1=8.64e-04
20:56:05 INFO   e1 step  4950/5500  loss=0.1449  acc=0.9340  lr0=1.72e-05 lr1=8.61e-04
20:56:16 INFO   e1 step  5000/5500  loss=0.1435  acc=0.9346  lr0=1.72e-05 lr1=8.59e-04
20:56:27 INFO   e1 step  5050/5500  loss=0.1421  acc=0.9352  lr0=1.71e-05 lr1=8.56e-04
20:56:38 INFO   e1 step  5100/5500  loss=0.1408  acc=0.9359  lr0=1.71e-05 lr1=8.54e-04
20:56:49 INFO   e1 step  5150/5500  loss=0.1396  acc=0.9365  lr0=1.70e-05 lr1=8.51e-04
20:57:00 INFO   e1 step  5200/5500  loss=0.1388  acc=0.9370  lr0=1.70e-05 lr1=8.48e-04
20:57:11 INFO   e1 step  5250/5500  loss=0.1376  acc=0.9375  lr0=1.69e-05 lr1=8.46e-04
20:57:22 INFO   e1 step  5300/5500  loss=0.1368  acc=0.9380  lr0=1.69e-05 lr1=8.43e-04
20:57:34 INFO   e1 step  5350/5500  loss=0.1356  acc=0.9386  lr0=1.68e-05 lr1=8.41e-04
20:57:45 INFO   e1 step  5400/5500  loss=0.1348  acc=0.9391  lr0=1.68e-05 lr1=8.38e-04
20:57:56 INFO   e1 step  5450/5500  loss=0.1338  acc=0.9396  lr0=1.67e-05 lr1=8.36e-04
20:58:07 INFO   e1 step  5500/5500  loss=0.1327  acc=0.9401  lr0=1.67e-05 lr1=8.33e-04
20:58:35 INFO [epoch 1] train_loss=0.1327 train_acc=0.9401  val_loss=0.0760 val_acc=0.9857 val_auc=0.9963  elapsed=1251.9s
20:58:38 INFO   saved best.pt  val_acc=0.9857
20:58:49 INFO   e2 step    50/5500  loss=0.0204  acc=0.9950  lr0=1.66e-05 lr1=8.31e-04
20:59:00 INFO   e2 step   100/5500  loss=0.0180  acc=0.9956  lr0=1.66e-05 lr1=8.28e-04
20:59:11 INFO   e2 step   150/5500  loss=0.0143  acc=0.9967  lr0=1.65e-05 lr1=8.26e-04
20:59:22 INFO   e2 step   200/5500  loss=0.0127  acc=0.9966  lr0=1.65e-05 lr1=8.23e-04
20:59:33 INFO   e2 step   250/5500  loss=0.0191  acc=0.9955  lr0=1.64e-05 lr1=8.21e-04
20:59:45 INFO   e2 step   300/5500  loss=0.0224  acc=0.9946  lr0=1.64e-05 lr1=8.18e-04
20:59:56 INFO   e2 step   350/5500  loss=0.0208  acc=0.9948  lr0=1.63e-05 lr1=8.16e-04
21:00:07 INFO   e2 step   400/5500  loss=0.0206  acc=0.9950  lr0=1.63e-05 lr1=8.13e-04
21:00:18 INFO   e2 step   450/5500  loss=0.0231  acc=0.9949  lr0=1.62e-05 lr1=8.11e-04
21:00:29 INFO   e2 step   500/5500  loss=0.0213  acc=0.9952  lr0=1.62e-05 lr1=8.08e-04
21:00:40 INFO   e2 step   550/5500  loss=0.0204  acc=0.9953  lr0=1.61e-05 lr1=8.06e-04
21:00:51 INFO   e2 step   600/5500  loss=0.0208  acc=0.9954  lr0=1.61e-05 lr1=8.03e-04
21:01:02 INFO   e2 step   650/5500  loss=0.0214  acc=0.9952  lr0=1.60e-05 lr1=8.01e-04
21:01:13 INFO   e2 step   700/5500  loss=0.0211  acc=0.9952  lr0=1.60e-05 lr1=7.98e-04
21:01:25 INFO   e2 step   750/5500  loss=0.0208  acc=0.9951  lr0=1.59e-05 lr1=7.95e-04
21:01:36 INFO   e2 step   800/5500  loss=0.0207  acc=0.9951  lr0=1.59e-05 lr1=7.93e-04
21:01:48 INFO   e2 step   850/5500  loss=0.0220  acc=0.9949  lr0=1.58e-05 lr1=7.90e-04
21:01:59 INFO   e2 step   900/5500  loss=0.0220  acc=0.9950  lr0=1.58e-05 lr1=7.88e-04
21:02:10 INFO   e2 step   950/5500  loss=0.0220  acc=0.9949  lr0=1.57e-05 lr1=7.85e-04
21:02:21 INFO   e2 step  1000/5500  loss=0.0210  acc=0.9951  lr0=1.57e-05 lr1=7.83e-04
21:02:32 INFO   e2 step  1050/5500  loss=0.0225  acc=0.9950  lr0=1.56e-05 lr1=7.80e-04
21:02:43 INFO   e2 step  1100/5500  loss=0.0222  acc=0.9951  lr0=1.56e-05 lr1=7.78e-04
21:02:54 INFO   e2 step  1150/5500  loss=0.0226  acc=0.9951  lr0=1.55e-05 lr1=7.75e-04
21:03:06 INFO   e2 step  1200/5500  loss=0.0227  acc=0.9951  lr0=1.55e-05 lr1=7.73e-04
21:03:17 INFO   e2 step  1250/5500  loss=0.0219  acc=0.9951  lr0=1.54e-05 lr1=7.70e-04
21:03:28 INFO   e2 step  1300/5500  loss=0.0213  acc=0.9952  lr0=1.54e-05 lr1=7.68e-04
21:03:40 INFO   e2 step  1350/5500  loss=0.0210  acc=0.9954  lr0=1.53e-05 lr1=7.65e-04
21:03:51 INFO   e2 step  1400/5500  loss=0.0209  acc=0.9953  lr0=1.53e-05 lr1=7.63e-04
21:04:02 INFO   e2 step  1450/5500  loss=0.0203  acc=0.9955  lr0=1.52e-05 lr1=7.60e-04
21:04:13 INFO   e2 step  1500/5500  loss=0.0210  acc=0.9953  lr0=1.52e-05 lr1=7.58e-04
21:04:24 INFO   e2 step  1550/5500  loss=0.0221  acc=0.9952  lr0=1.51e-05 lr1=7.55e-04
21:04:36 INFO   e2 step  1600/5500  loss=0.0227  acc=0.9951  lr0=1.51e-05 lr1=7.53e-04
21:04:47 INFO   e2 step  1650/5500  loss=0.0223  acc=0.9952  lr0=1.50e-05 lr1=7.50e-04
21:04:58 INFO   e2 step  1700/5500  loss=0.0223  acc=0.9951  lr0=1.49e-05 lr1=7.47e-04
21:05:10 INFO   e2 step  1750/5500  loss=0.0232  acc=0.9950  lr0=1.49e-05 lr1=7.45e-04
21:05:22 INFO   e2 step  1800/5500  loss=0.0231  acc=0.9949  lr0=1.48e-05 lr1=7.42e-04
21:05:33 INFO   e2 step  1850/5500  loss=0.0229  acc=0.9949  lr0=1.48e-05 lr1=7.40e-04
21:05:45 INFO   e2 step  1900/5500  loss=0.0229  acc=0.9949  lr0=1.47e-05 lr1=7.37e-04
21:05:57 INFO   e2 step  1950/5500  loss=0.0226  acc=0.9950  lr0=1.47e-05 lr1=7.35e-04
21:06:08 INFO   e2 step  2000/5500  loss=0.0223  acc=0.9950  lr0=1.46e-05 lr1=7.32e-04
21:06:20 INFO   e2 step  2050/5500  loss=0.0222  acc=0.9950  lr0=1.46e-05 lr1=7.30e-04
21:06:31 INFO   e2 step  2100/5500  loss=0.0218  acc=0.9951  lr0=1.45e-05 lr1=7.27e-04
21:06:42 INFO   e2 step  2150/5500  loss=0.0215  acc=0.9952  lr0=1.45e-05 lr1=7.25e-04
21:06:53 INFO   e2 step  2200/5500  loss=0.0212  acc=0.9953  lr0=1.44e-05 lr1=7.22e-04
21:07:04 INFO   e2 step  2250/5500  loss=0.0214  acc=0.9952  lr0=1.44e-05 lr1=7.20e-04
21:07:16 INFO   e2 step  2300/5500  loss=0.0213  acc=0.9952  lr0=1.43e-05 lr1=7.17e-04
21:07:27 INFO   e2 step  2350/5500  loss=0.0209  acc=0.9953  lr0=1.43e-05 lr1=7.15e-04
21:07:38 INFO   e2 step  2400/5500  loss=0.0208  acc=0.9954  lr0=1.42e-05 lr1=7.12e-04
21:07:50 INFO   e2 step  2450/5500  loss=0.0208  acc=0.9954  lr0=1.42e-05 lr1=7.10e-04
21:08:01 INFO   e2 step  2500/5500  loss=0.0206  acc=0.9954  lr0=1.41e-05 lr1=7.07e-04
21:08:12 INFO   e2 step  2550/5500  loss=0.0202  acc=0.9955  lr0=1.41e-05 lr1=7.05e-04
21:08:23 INFO   e2 step  2600/5500  loss=0.0199  acc=0.9956  lr0=1.40e-05 lr1=7.02e-04
21:08:35 INFO   e2 step  2650/5500  loss=0.0195  acc=0.9957  lr0=1.40e-05 lr1=6.99e-04
21:08:46 INFO   e2 step  2700/5500  loss=0.0192  acc=0.9958  lr0=1.39e-05 lr1=6.97e-04
21:08:57 INFO   e2 step  2750/5500  loss=0.0192  acc=0.9958  lr0=1.39e-05 lr1=6.94e-04
21:09:09 INFO   e2 step  2800/5500  loss=0.0190  acc=0.9958  lr0=1.38e-05 lr1=6.92e-04
21:09:20 INFO   e2 step  2850/5500  loss=0.0193  acc=0.9958  lr0=1.38e-05 lr1=6.89e-04
21:09:31 INFO   e2 step  2900/5500  loss=0.0192  acc=0.9959  lr0=1.37e-05 lr1=6.87e-04
21:09:42 INFO   e2 step  2950/5500  loss=0.0193  acc=0.9958  lr0=1.37e-05 lr1=6.84e-04
21:09:54 INFO   e2 step  3000/5500  loss=0.0191  acc=0.9959  lr0=1.36e-05 lr1=6.82e-04
21:10:05 INFO   e2 step  3050/5500  loss=0.0194  acc=0.9958  lr0=1.36e-05 lr1=6.79e-04
21:10:16 INFO   e2 step  3100/5500  loss=0.0194  acc=0.9958  lr0=1.35e-05 lr1=6.77e-04
21:10:27 INFO   e2 step  3150/5500  loss=0.0193  acc=0.9958  lr0=1.35e-05 lr1=6.74e-04
21:10:39 INFO   e2 step  3200/5500  loss=0.0191  acc=0.9959  lr0=1.34e-05 lr1=6.72e-04
21:10:50 INFO   e2 step  3250/5500  loss=0.0188  acc=0.9959  lr0=1.34e-05 lr1=6.69e-04
21:11:01 INFO   e2 step  3300/5500  loss=0.0194  acc=0.9959  lr0=1.33e-05 lr1=6.67e-04
21:11:13 INFO   e2 step  3350/5500  loss=0.0191  acc=0.9959  lr0=1.33e-05 lr1=6.64e-04
21:11:24 INFO   e2 step  3400/5500  loss=0.0189  acc=0.9960  lr0=1.32e-05 lr1=6.62e-04
21:11:35 INFO   e2 step  3450/5500  loss=0.0190  acc=0.9959  lr0=1.32e-05 lr1=6.59e-04
21:11:46 INFO   e2 step  3500/5500  loss=0.0190  acc=0.9959  lr0=1.31e-05 lr1=6.57e-04
21:11:58 INFO   e2 step  3550/5500  loss=0.0189  acc=0.9960  lr0=1.31e-05 lr1=6.54e-04
21:12:09 INFO   e2 step  3600/5500  loss=0.0186  acc=0.9960  lr0=1.30e-05 lr1=6.52e-04
21:12:20 INFO   e2 step  3650/5500  loss=0.0185  acc=0.9960  lr0=1.30e-05 lr1=6.49e-04
21:12:31 INFO   e2 step  3700/5500  loss=0.0184  acc=0.9960  lr0=1.29e-05 lr1=6.46e-04
21:12:42 INFO   e2 step  3750/5500  loss=0.0182  acc=0.9961  lr0=1.29e-05 lr1=6.44e-04
21:12:53 INFO   e2 step  3800/5500  loss=0.0181  acc=0.9961  lr0=1.28e-05 lr1=6.41e-04
21:13:05 INFO   e2 step  3850/5500  loss=0.0179  acc=0.9962  lr0=1.28e-05 lr1=6.39e-04
21:13:16 INFO   e2 step  3900/5500  loss=0.0177  acc=0.9962  lr0=1.27e-05 lr1=6.36e-04
21:13:27 INFO   e2 step  3950/5500  loss=0.0179  acc=0.9962  lr0=1.27e-05 lr1=6.34e-04
21:13:38 INFO   e2 step  4000/5500  loss=0.0179  acc=0.9962  lr0=1.26e-05 lr1=6.31e-04
21:13:49 INFO   e2 step  4050/5500  loss=0.0179  acc=0.9962  lr0=1.26e-05 lr1=6.29e-04
21:14:01 INFO   e2 step  4100/5500  loss=0.0178  acc=0.9962  lr0=1.25e-05 lr1=6.26e-04
21:14:12 INFO   e2 step  4150/5500  loss=0.0178  acc=0.9962  lr0=1.25e-05 lr1=6.24e-04
21:14:23 INFO   e2 step  4200/5500  loss=0.0177  acc=0.9963  lr0=1.24e-05 lr1=6.21e-04
21:14:34 INFO   e2 step  4250/5500  loss=0.0176  acc=0.9963  lr0=1.24e-05 lr1=6.19e-04
21:14:45 INFO   e2 step  4300/5500  loss=0.0176  acc=0.9963  lr0=1.23e-05 lr1=6.16e-04
21:14:56 INFO   e2 step  4350/5500  loss=0.0174  acc=0.9963  lr0=1.23e-05 lr1=6.14e-04
21:15:08 INFO   e2 step  4400/5500  loss=0.0174  acc=0.9963  lr0=1.22e-05 lr1=6.11e-04
21:15:19 INFO   e2 step  4450/5500  loss=0.0173  acc=0.9963  lr0=1.22e-05 lr1=6.09e-04
21:15:30 INFO   e2 step  4500/5500  loss=0.0173  acc=0.9963  lr0=1.21e-05 lr1=6.06e-04
21:15:41 INFO   e2 step  4550/5500  loss=0.0173  acc=0.9963  lr0=1.21e-05 lr1=6.04e-04
21:15:52 INFO   e2 step  4600/5500  loss=0.0173  acc=0.9963  lr0=1.20e-05 lr1=6.01e-04
21:16:04 INFO   e2 step  4650/5500  loss=0.0173  acc=0.9963  lr0=1.20e-05 lr1=5.98e-04
21:16:15 INFO   e2 step  4700/5500  loss=0.0173  acc=0.9963  lr0=1.19e-05 lr1=5.96e-04
21:16:26 INFO   e2 step  4750/5500  loss=0.0172  acc=0.9963  lr0=1.19e-05 lr1=5.93e-04
21:16:37 INFO   e2 step  4800/5500  loss=0.0170  acc=0.9964  lr0=1.18e-05 lr1=5.91e-04
21:16:49 INFO   e2 step  4850/5500  loss=0.0171  acc=0.9963  lr0=1.18e-05 lr1=5.88e-04
21:17:00 INFO   e2 step  4900/5500  loss=0.0170  acc=0.9964  lr0=1.17e-05 lr1=5.86e-04
21:17:11 INFO   e2 step  4950/5500  loss=0.0169  acc=0.9964  lr0=1.17e-05 lr1=5.83e-04
21:17:22 INFO   e2 step  5000/5500  loss=0.0168  acc=0.9964  lr0=1.16e-05 lr1=5.81e-04
21:17:34 INFO   e2 step  5050/5500  loss=0.0168  acc=0.9964  lr0=1.16e-05 lr1=5.78e-04
21:17:45 INFO   e2 step  5100/5500  loss=0.0166  acc=0.9964  lr0=1.15e-05 lr1=5.76e-04
21:17:56 INFO   e2 step  5150/5500  loss=0.0166  acc=0.9964  lr0=1.15e-05 lr1=5.73e-04
21:18:07 INFO   e2 step  5200/5500  loss=0.0165  acc=0.9965  lr0=1.14e-05 lr1=5.71e-04
21:18:19 INFO   e2 step  5250/5500  loss=0.0166  acc=0.9964  lr0=1.14e-05 lr1=5.68e-04
21:18:30 INFO   e2 step  5300/5500  loss=0.0166  acc=0.9964  lr0=1.13e-05 lr1=5.66e-04
21:18:41 INFO   e2 step  5350/5500  loss=0.0165  acc=0.9964  lr0=1.13e-05 lr1=5.63e-04
21:18:52 INFO   e2 step  5400/5500  loss=0.0164  acc=0.9964  lr0=1.12e-05 lr1=5.61e-04
21:19:04 INFO   e2 step  5450/5500  loss=0.0164  acc=0.9965  lr0=1.12e-05 lr1=5.58e-04
21:19:15 INFO   e2 step  5500/5500  loss=0.0167  acc=0.9964  lr0=1.11e-05 lr1=5.56e-04
21:19:43 INFO [epoch 2] train_loss=0.0167 train_acc=0.9964  val_loss=0.0865 val_acc=0.9846 val_auc=0.9961  elapsed=1265.5s
21:19:55 INFO   e3 step    50/5500  loss=0.0245  acc=0.9950  lr0=1.11e-05 lr1=5.53e-04
21:20:06 INFO   e3 step   100/5500  loss=0.0134  acc=0.9969  lr0=1.10e-05 lr1=5.51e-04
21:20:17 INFO   e3 step   150/5500  loss=0.0132  acc=0.9971  lr0=1.10e-05 lr1=5.48e-04
21:20:28 INFO   e3 step   200/5500  loss=0.0100  acc=0.9978  lr0=1.09e-05 lr1=5.45e-04
21:20:39 INFO   e3 step   250/5500  loss=0.0135  acc=0.9975  lr0=1.09e-05 lr1=5.43e-04
21:20:50 INFO   e3 step   300/5500  loss=0.0118  acc=0.9975  lr0=1.08e-05 lr1=5.40e-04
21:21:02 INFO   e3 step   350/5500  loss=0.0115  acc=0.9977  lr0=1.08e-05 lr1=5.38e-04
21:21:13 INFO   e3 step   400/5500  loss=0.0101  acc=0.9980  lr0=1.07e-05 lr1=5.35e-04
21:21:24 INFO   e3 step   450/5500  loss=0.0090  acc=0.9982  lr0=1.07e-05 lr1=5.33e-04
21:21:35 INFO   e3 step   500/5500  loss=0.0081  acc=0.9984  lr0=1.06e-05 lr1=5.30e-04
21:21:46 INFO   e3 step   550/5500  loss=0.0074  acc=0.9985  lr0=1.06e-05 lr1=5.28e-04
21:21:57 INFO   e3 step   600/5500  loss=0.0068  acc=0.9986  lr0=1.05e-05 lr1=5.25e-04
21:22:08 INFO   e3 step   650/5500  loss=0.0073  acc=0.9986  lr0=1.05e-05 lr1=5.23e-04
21:22:19 INFO   e3 step   700/5500  loss=0.0085  acc=0.9984  lr0=1.04e-05 lr1=5.20e-04
21:22:31 INFO   e3 step   750/5500  loss=0.0080  acc=0.9985  lr0=1.04e-05 lr1=5.18e-04
21:22:42 INFO   e3 step   800/5500  loss=0.0078  acc=0.9985  lr0=1.03e-05 lr1=5.15e-04
21:22:53 INFO   e3 step   850/5500  loss=0.0074  acc=0.9986  lr0=1.03e-05 lr1=5.13e-04
21:23:04 INFO   e3 step   900/5500  loss=0.0070  acc=0.9987  lr0=1.02e-05 lr1=5.10e-04
21:23:15 INFO   e3 step   950/5500  loss=0.0080  acc=0.9986  lr0=1.02e-05 lr1=5.08e-04
21:23:27 INFO   e3 step  1000/5500  loss=0.0077  acc=0.9985  lr0=1.01e-05 lr1=5.05e-04
21:23:38 INFO   e3 step  1050/5500  loss=0.0078  acc=0.9985  lr0=1.01e-05 lr1=5.03e-04
21:23:49 INFO   e3 step  1100/5500  loss=0.0075  acc=0.9985  lr0=1.00e-05 lr1=5.00e-04
21:24:00 INFO   e3 step  1150/5500  loss=0.0076  acc=0.9985  lr0=9.95e-06 lr1=4.97e-04
21:24:11 INFO   e3 step  1200/5500  loss=0.0073  acc=0.9985  lr0=9.90e-06 lr1=4.95e-04
21:24:23 INFO   e3 step  1250/5500  loss=0.0070  acc=0.9986  lr0=9.85e-06 lr1=4.92e-04
21:24:34 INFO   e3 step  1300/5500  loss=0.0067  acc=0.9987  lr0=9.80e-06 lr1=4.90e-04
21:24:45 INFO   e3 step  1350/5500  loss=0.0065  acc=0.9987  lr0=9.75e-06 lr1=4.87e-04
21:24:56 INFO   e3 step  1400/5500  loss=0.0062  acc=0.9988  lr0=9.70e-06 lr1=4.85e-04
21:25:07 INFO   e3 step  1450/5500  loss=0.0060  acc=0.9988  lr0=9.65e-06 lr1=4.82e-04
21:25:19 INFO   e3 step  1500/5500  loss=0.0058  acc=0.9988  lr0=9.60e-06 lr1=4.80e-04
21:25:30 INFO   e3 step  1550/5500  loss=0.0057  acc=0.9988  lr0=9.55e-06 lr1=4.77e-04
21:25:41 INFO   e3 step  1600/5500  loss=0.0057  acc=0.9988  lr0=9.49e-06 lr1=4.75e-04
21:25:52 INFO   e3 step  1650/5500  loss=0.0056  acc=0.9989  lr0=9.44e-06 lr1=4.72e-04
21:26:04 INFO   e3 step  1700/5500  loss=0.0055  acc=0.9989  lr0=9.39e-06 lr1=4.70e-04
21:26:15 INFO   e3 step  1750/5500  loss=0.0053  acc=0.9989  lr0=9.34e-06 lr1=4.67e-04
21:26:26 INFO   e3 step  1800/5500  loss=0.0053  acc=0.9989  lr0=9.29e-06 lr1=4.65e-04
21:26:37 INFO   e3 step  1850/5500  loss=0.0052  acc=0.9989  lr0=9.24e-06 lr1=4.62e-04
21:26:48 INFO   e3 step  1900/5500  loss=0.0050  acc=0.9989  lr0=9.19e-06 lr1=4.60e-04
21:27:00 INFO   e3 step  1950/5500  loss=0.0049  acc=0.9990  lr0=9.14e-06 lr1=4.57e-04
21:27:11 INFO   e3 step  2000/5500  loss=0.0048  acc=0.9990  lr0=9.09e-06 lr1=4.55e-04
21:27:22 INFO   e3 step  2050/5500  loss=0.0047  acc=0.9990  lr0=9.04e-06 lr1=4.52e-04
21:27:33 INFO   e3 step  2100/5500  loss=0.0046  acc=0.9990  lr0=8.99e-06 lr1=4.49e-04
21:27:44 INFO   e3 step  2150/5500  loss=0.0045  acc=0.9991  lr0=8.94e-06 lr1=4.47e-04
21:27:55 INFO   e3 step  2200/5500  loss=0.0047  acc=0.9991  lr0=8.89e-06 lr1=4.44e-04
21:28:07 INFO   e3 step  2250/5500  loss=0.0046  acc=0.9991  lr0=8.84e-06 lr1=4.42e-04
21:28:18 INFO   e3 step  2300/5500  loss=0.0045  acc=0.9991  lr0=8.79e-06 lr1=4.39e-04
21:28:29 INFO   e3 step  2350/5500  loss=0.0046  acc=0.9991  lr0=8.74e-06 lr1=4.37e-04
21:28:40 INFO   e3 step  2400/5500  loss=0.0045  acc=0.9991  lr0=8.69e-06 lr1=4.34e-04
21:28:52 INFO   e3 step  2450/5500  loss=0.0045  acc=0.9991  lr0=8.64e-06 lr1=4.32e-04
21:29:03 INFO   e3 step  2500/5500  loss=0.0045  acc=0.9991  lr0=8.59e-06 lr1=4.29e-04
21:29:14 INFO   e3 step  2550/5500  loss=0.0044  acc=0.9991  lr0=8.54e-06 lr1=4.27e-04
21:29:25 INFO   e3 step  2600/5500  loss=0.0045  acc=0.9991  lr0=8.48e-06 lr1=4.24e-04
21:29:37 INFO   e3 step  2650/5500  loss=0.0044  acc=0.9991  lr0=8.43e-06 lr1=4.22e-04
21:29:48 INFO   e3 step  2700/5500  loss=0.0043  acc=0.9991  lr0=8.38e-06 lr1=4.19e-04
21:29:59 INFO   e3 step  2750/5500  loss=0.0049  acc=0.9990  lr0=8.33e-06 lr1=4.17e-04
21:30:10 INFO   e3 step  2800/5500  loss=0.0048  acc=0.9990  lr0=8.28e-06 lr1=4.14e-04
21:30:22 INFO   e3 step  2850/5500  loss=0.0054  acc=0.9989  lr0=8.23e-06 lr1=4.12e-04
21:30:33 INFO   e3 step  2900/5500  loss=0.0053  acc=0.9989  lr0=8.18e-06 lr1=4.09e-04
21:30:44 INFO   e3 step  2950/5500  loss=0.0056  acc=0.9989  lr0=8.13e-06 lr1=4.07e-04
21:30:55 INFO   e3 step  3000/5500  loss=0.0056  acc=0.9989  lr0=8.08e-06 lr1=4.04e-04
21:31:07 INFO   e3 step  3050/5500  loss=0.0059  acc=0.9988  lr0=8.03e-06 lr1=4.02e-04
21:31:18 INFO   e3 step  3100/5500  loss=0.0059  acc=0.9988  lr0=7.98e-06 lr1=3.99e-04
21:31:29 INFO   e3 step  3150/5500  loss=0.0059  acc=0.9988  lr0=7.93e-06 lr1=3.96e-04
21:31:41 INFO   e3 step  3200/5500  loss=0.0064  acc=0.9988  lr0=7.88e-06 lr1=3.94e-04
21:31:52 INFO   e3 step  3250/5500  loss=0.0064  acc=0.9988  lr0=7.83e-06 lr1=3.91e-04
21:32:03 INFO   e3 step  3300/5500  loss=0.0064  acc=0.9988  lr0=7.78e-06 lr1=3.89e-04
21:32:15 INFO   e3 step  3350/5500  loss=0.0064  acc=0.9988  lr0=7.73e-06 lr1=3.86e-04
21:32:26 INFO   e3 step  3400/5500  loss=0.0063  acc=0.9988  lr0=7.68e-06 lr1=3.84e-04
21:32:37 INFO   e3 step  3450/5500  loss=0.0062  acc=0.9988  lr0=7.63e-06 lr1=3.81e-04
21:32:48 INFO   e3 step  3500/5500  loss=0.0061  acc=0.9988  lr0=7.58e-06 lr1=3.79e-04
21:33:00 INFO   e3 step  3550/5500  loss=0.0060  acc=0.9988  lr0=7.53e-06 lr1=3.76e-04
21:33:11 INFO   e3 step  3600/5500  loss=0.0059  acc=0.9989  lr0=7.47e-06 lr1=3.74e-04
21:33:22 INFO   e3 step  3650/5500  loss=0.0059  acc=0.9989  lr0=7.42e-06 lr1=3.71e-04
21:33:33 INFO   e3 step  3700/5500  loss=0.0059  acc=0.9989  lr0=7.37e-06 lr1=3.69e-04
21:33:44 INFO   e3 step  3750/5500  loss=0.0058  acc=0.9989  lr0=7.32e-06 lr1=3.66e-04
21:33:55 INFO   e3 step  3800/5500  loss=0.0057  acc=0.9989  lr0=7.27e-06 lr1=3.64e-04
21:34:07 INFO   e3 step  3850/5500  loss=0.0057  acc=0.9989  lr0=7.22e-06 lr1=3.61e-04
21:34:18 INFO   e3 step  3900/5500  loss=0.0057  acc=0.9989  lr0=7.17e-06 lr1=3.59e-04
21:34:29 INFO   e3 step  3950/5500  loss=0.0056  acc=0.9989  lr0=7.12e-06 lr1=3.56e-04
21:34:40 INFO   e3 step  4000/5500  loss=0.0055  acc=0.9989  lr0=7.07e-06 lr1=3.54e-04
21:34:52 INFO   e3 step  4050/5500  loss=0.0055  acc=0.9989  lr0=7.02e-06 lr1=3.51e-04
21:35:03 INFO   e3 step  4100/5500  loss=0.0054  acc=0.9989  lr0=6.97e-06 lr1=3.48e-04
21:35:14 INFO   e3 step  4150/5500  loss=0.0053  acc=0.9990  lr0=6.92e-06 lr1=3.46e-04
21:35:25 INFO   e3 step  4200/5500  loss=0.0053  acc=0.9990  lr0=6.87e-06 lr1=3.43e-04
21:35:37 INFO   e3 step  4250/5500  loss=0.0052  acc=0.9990  lr0=6.82e-06 lr1=3.41e-04
21:35:48 INFO   e3 step  4300/5500  loss=0.0053  acc=0.9990  lr0=6.77e-06 lr1=3.38e-04
21:35:59 INFO   e3 step  4350/5500  loss=0.0052  acc=0.9990  lr0=6.72e-06 lr1=3.36e-04
21:36:10 INFO   e3 step  4400/5500  loss=0.0051  acc=0.9990  lr0=6.67e-06 lr1=3.33e-04
21:36:21 INFO   e3 step  4450/5500  loss=0.0051  acc=0.9990  lr0=6.62e-06 lr1=3.31e-04
21:36:33 INFO   e3 step  4500/5500  loss=0.0050  acc=0.9990  lr0=6.57e-06 lr1=3.28e-04
21:36:44 INFO   e3 step  4550/5500  loss=0.0050  acc=0.9990  lr0=6.52e-06 lr1=3.26e-04
21:36:55 INFO   e3 step  4600/5500  loss=0.0049  acc=0.9990  lr0=6.46e-06 lr1=3.23e-04
21:37:07 INFO   e3 step  4650/5500  loss=0.0049  acc=0.9990  lr0=6.41e-06 lr1=3.21e-04
21:37:18 INFO   e3 step  4700/5500  loss=0.0050  acc=0.9990  lr0=6.36e-06 lr1=3.18e-04
21:37:29 INFO   e3 step  4750/5500  loss=0.0051  acc=0.9990  lr0=6.31e-06 lr1=3.16e-04
21:37:40 INFO   e3 step  4800/5500  loss=0.0050  acc=0.9990  lr0=6.26e-06 lr1=3.13e-04
21:37:51 INFO   e3 step  4850/5500  loss=0.0050  acc=0.9990  lr0=6.21e-06 lr1=3.11e-04
21:38:02 INFO   e3 step  4900/5500  loss=0.0049  acc=0.9990  lr0=6.16e-06 lr1=3.08e-04
21:38:14 INFO   e3 step  4950/5500  loss=0.0049  acc=0.9990  lr0=6.11e-06 lr1=3.06e-04
21:38:25 INFO   e3 step  5000/5500  loss=0.0052  acc=0.9990  lr0=6.06e-06 lr1=3.03e-04
21:38:36 INFO   e3 step  5050/5500  loss=0.0052  acc=0.9990  lr0=6.01e-06 lr1=3.01e-04
21:38:47 INFO   e3 step  5100/5500  loss=0.0052  acc=0.9990  lr0=5.96e-06 lr1=2.98e-04
21:38:59 INFO   e3 step  5150/5500  loss=0.0052  acc=0.9990  lr0=5.91e-06 lr1=2.95e-04
21:39:10 INFO   e3 step  5200/5500  loss=0.0051  acc=0.9990  lr0=5.86e-06 lr1=2.93e-04
21:39:21 INFO   e3 step  5250/5500  loss=0.0051  acc=0.9990  lr0=5.81e-06 lr1=2.90e-04
21:39:32 INFO   e3 step  5300/5500  loss=0.0051  acc=0.9990  lr0=5.76e-06 lr1=2.88e-04
21:39:44 INFO   e3 step  5350/5500  loss=0.0050  acc=0.9990  lr0=5.71e-06 lr1=2.85e-04
21:39:55 INFO   e3 step  5400/5500  loss=0.0050  acc=0.9990  lr0=5.66e-06 lr1=2.83e-04
21:40:06 INFO   e3 step  5450/5500  loss=0.0049  acc=0.9990  lr0=5.61e-06 lr1=2.80e-04
21:40:17 INFO   e3 step  5500/5500  loss=0.0049  acc=0.9990  lr0=5.56e-06 lr1=2.78e-04
21:40:46 INFO [epoch 3] train_loss=0.0049 train_acc=0.9990  val_loss=0.1209 val_acc=0.9888 val_auc=0.9919  elapsed=1262.3s
21:40:49 INFO   saved best.pt  val_acc=0.9888
21:41:01 INFO   e4 step    50/5500  loss=0.0139  acc=0.9988  lr0=5.51e-06 lr1=2.75e-04
21:41:12 INFO   e4 step   100/5500  loss=0.0070  acc=0.9994  lr0=5.45e-06 lr1=2.73e-04
21:41:23 INFO   e4 step   150/5500  loss=0.0046  acc=0.9996  lr0=5.40e-06 lr1=2.70e-04
21:41:34 INFO   e4 step   200/5500  loss=0.0035  acc=0.9997  lr0=5.35e-06 lr1=2.68e-04
21:41:46 INFO   e4 step   250/5500  loss=0.0028  acc=0.9998  lr0=5.30e-06 lr1=2.65e-04
21:41:57 INFO   e4 step   300/5500  loss=0.0040  acc=0.9996  lr0=5.25e-06 lr1=2.63e-04
21:42:08 INFO   e4 step   350/5500  loss=0.0034  acc=0.9996  lr0=5.20e-06 lr1=2.60e-04
21:42:19 INFO   e4 step   400/5500  loss=0.0030  acc=0.9997  lr0=5.15e-06 lr1=2.58e-04
21:42:30 INFO   e4 step   450/5500  loss=0.0027  acc=0.9997  lr0=5.10e-06 lr1=2.55e-04
21:42:42 INFO   e4 step   500/5500  loss=0.0024  acc=0.9998  lr0=5.05e-06 lr1=2.53e-04
21:42:53 INFO   e4 step   550/5500  loss=0.0022  acc=0.9998  lr0=5.00e-06 lr1=2.50e-04
21:43:04 INFO   e4 step   600/5500  loss=0.0020  acc=0.9998  lr0=4.95e-06 lr1=2.47e-04
21:43:15 INFO   e4 step   650/5500  loss=0.0020  acc=0.9997  lr0=4.90e-06 lr1=2.45e-04
21:43:26 INFO   e4 step   700/5500  loss=0.0019  acc=0.9997  lr0=4.85e-06 lr1=2.42e-04
21:43:38 INFO   e4 step   750/5500  loss=0.0018  acc=0.9998  lr0=4.80e-06 lr1=2.40e-04
21:43:49 INFO   e4 step   800/5500  loss=0.0017  acc=0.9998  lr0=4.75e-06 lr1=2.37e-04
21:44:00 INFO   e4 step   850/5500  loss=0.0016  acc=0.9998  lr0=4.70e-06 lr1=2.35e-04
21:44:11 INFO   e4 step   900/5500  loss=0.0015  acc=0.9998  lr0=4.65e-06 lr1=2.32e-04
21:44:22 INFO   e4 step   950/5500  loss=0.0014  acc=0.9998  lr0=4.60e-06 lr1=2.30e-04
21:44:33 INFO   e4 step  1000/5500  loss=0.0013  acc=0.9998  lr0=4.55e-06 lr1=2.27e-04
21:44:45 INFO   e4 step  1050/5500  loss=0.0013  acc=0.9998  lr0=4.49e-06 lr1=2.25e-04
21:44:56 INFO   e4 step  1100/5500  loss=0.0012  acc=0.9998  lr0=4.44e-06 lr1=2.22e-04
21:45:07 INFO   e4 step  1150/5500  loss=0.0012  acc=0.9998  lr0=4.39e-06 lr1=2.20e-04
21:45:18 INFO   e4 step  1200/5500  loss=0.0011  acc=0.9998  lr0=4.34e-06 lr1=2.17e-04
21:45:29 INFO   e4 step  1250/5500  loss=0.0011  acc=0.9999  lr0=4.29e-06 lr1=2.15e-04
21:45:41 INFO   e4 step  1300/5500  loss=0.0010  acc=0.9999  lr0=4.24e-06 lr1=2.12e-04
21:45:52 INFO   e4 step  1350/5500  loss=0.0010  acc=0.9999  lr0=4.19e-06 lr1=2.10e-04
21:46:03 INFO   e4 step  1400/5500  loss=0.0009  acc=0.9999  lr0=4.14e-06 lr1=2.07e-04
21:46:14 INFO   e4 step  1450/5500  loss=0.0009  acc=0.9999  lr0=4.09e-06 lr1=2.05e-04
21:46:25 INFO   e4 step  1500/5500  loss=0.0009  acc=0.9999  lr0=4.04e-06 lr1=2.02e-04
21:46:36 INFO   e4 step  1550/5500  loss=0.0009  acc=0.9999  lr0=3.99e-06 lr1=1.99e-04
21:46:48 INFO   e4 step  1600/5500  loss=0.0008  acc=0.9999  lr0=3.94e-06 lr1=1.97e-04
21:46:59 INFO   e4 step  1650/5500  loss=0.0008  acc=0.9999  lr0=3.89e-06 lr1=1.94e-04
21:47:10 INFO   e4 step  1700/5500  loss=0.0008  acc=0.9999  lr0=3.84e-06 lr1=1.92e-04
21:47:21 INFO   e4 step  1750/5500  loss=0.0008  acc=0.9999  lr0=3.79e-06 lr1=1.89e-04
21:47:32 INFO   e4 step  1800/5500  loss=0.0007  acc=0.9999  lr0=3.74e-06 lr1=1.87e-04
21:47:43 INFO   e4 step  1850/5500  loss=0.0007  acc=0.9999  lr0=3.69e-06 lr1=1.84e-04
21:47:55 INFO   e4 step  1900/5500  loss=0.0007  acc=0.9999  lr0=3.64e-06 lr1=1.82e-04
21:48:06 INFO   e4 step  1950/5500  loss=0.0007  acc=0.9999  lr0=3.59e-06 lr1=1.79e-04
21:48:17 INFO   e4 step  2000/5500  loss=0.0007  acc=0.9999  lr0=3.54e-06 lr1=1.77e-04
21:48:28 INFO   e4 step  2050/5500  loss=0.0007  acc=0.9999  lr0=3.48e-06 lr1=1.74e-04
21:48:39 INFO   e4 step  2100/5500  loss=0.0006  acc=0.9999  lr0=3.43e-06 lr1=1.72e-04
21:48:50 INFO   e4 step  2150/5500  loss=0.0006  acc=0.9999  lr0=3.38e-06 lr1=1.69e-04
21:49:02 INFO   e4 step  2200/5500  loss=0.0006  acc=0.9999  lr0=3.33e-06 lr1=1.67e-04
21:49:13 INFO   e4 step  2250/5500  loss=0.0006  acc=0.9999  lr0=3.28e-06 lr1=1.64e-04
21:49:24 INFO   e4 step  2300/5500  loss=0.0006  acc=0.9999  lr0=3.23e-06 lr1=1.62e-04
21:49:35 INFO   e4 step  2350/5500  loss=0.0006  acc=0.9999  lr0=3.18e-06 lr1=1.59e-04
21:49:47 INFO   e4 step  2400/5500  loss=0.0006  acc=0.9999  lr0=3.13e-06 lr1=1.57e-04
21:49:58 INFO   e4 step  2450/5500  loss=0.0006  acc=0.9999  lr0=3.08e-06 lr1=1.54e-04
21:50:09 INFO   e4 step  2500/5500  loss=0.0006  acc=0.9999  lr0=3.03e-06 lr1=1.52e-04
21:50:21 INFO   e4 step  2550/5500  loss=0.0006  acc=0.9999  lr0=2.98e-06 lr1=1.49e-04
21:50:32 INFO   e4 step  2600/5500  loss=0.0006  acc=0.9999  lr0=2.93e-06 lr1=1.46e-04
21:50:43 INFO   e4 step  2650/5500  loss=0.0006  acc=0.9999  lr0=2.88e-06 lr1=1.44e-04
21:50:54 INFO   e4 step  2700/5500  loss=0.0006  acc=0.9999  lr0=2.83e-06 lr1=1.41e-04
21:51:05 INFO   e4 step  2750/5500  loss=0.0006  acc=0.9999  lr0=2.78e-06 lr1=1.39e-04
21:51:17 INFO   e4 step  2800/5500  loss=0.0006  acc=0.9999  lr0=2.73e-06 lr1=1.36e-04
21:51:28 INFO   e4 step  2850/5500  loss=0.0006  acc=0.9999  lr0=2.68e-06 lr1=1.34e-04
21:51:39 INFO   e4 step  2900/5500  loss=0.0006  acc=0.9999  lr0=2.63e-06 lr1=1.31e-04
21:51:50 INFO   e4 step  2950/5500  loss=0.0005  acc=0.9999  lr0=2.58e-06 lr1=1.29e-04
21:52:02 INFO   e4 step  3000/5500  loss=0.0005  acc=0.9999  lr0=2.53e-06 lr1=1.26e-04
21:52:13 INFO   e4 step  3050/5500  loss=0.0005  acc=0.9999  lr0=2.47e-06 lr1=1.24e-04
21:52:24 INFO   e4 step  3100/5500  loss=0.0005  acc=0.9999  lr0=2.42e-06 lr1=1.21e-04
21:52:35 INFO   e4 step  3150/5500  loss=0.0005  acc=0.9999  lr0=2.37e-06 lr1=1.19e-04
21:52:46 INFO   e4 step  3200/5500  loss=0.0005  acc=0.9999  lr0=2.32e-06 lr1=1.16e-04
21:52:58 INFO   e4 step  3250/5500  loss=0.0005  acc=0.9999  lr0=2.27e-06 lr1=1.14e-04
21:53:09 INFO   e4 step  3300/5500  loss=0.0005  acc=0.9999  lr0=2.22e-06 lr1=1.11e-04
21:53:20 INFO   e4 step  3350/5500  loss=0.0005  acc=0.9999  lr0=2.17e-06 lr1=1.09e-04
21:53:31 INFO   e4 step  3400/5500  loss=0.0005  acc=0.9999  lr0=2.12e-06 lr1=1.06e-04
21:53:43 INFO   e4 step  3450/5500  loss=0.0005  acc=0.9999  lr0=2.07e-06 lr1=1.04e-04
21:53:54 INFO   e4 step  3500/5500  loss=0.0005  acc=0.9999  lr0=2.02e-06 lr1=1.01e-04
21:54:05 INFO   e4 step  3550/5500  loss=0.0005  acc=0.9999  lr0=1.97e-06 lr1=9.85e-05
21:54:16 INFO   e4 step  3600/5500  loss=0.0005  acc=0.9999  lr0=1.92e-06 lr1=9.60e-05
21:54:28 INFO   e4 step  3650/5500  loss=0.0005  acc=0.9999  lr0=1.87e-06 lr1=9.34e-05
21:54:39 INFO   e4 step  3700/5500  loss=0.0005  acc=0.9999  lr0=1.82e-06 lr1=9.09e-05
21:54:50 INFO   e4 step  3750/5500  loss=0.0005  acc=0.9999  lr0=1.77e-06 lr1=8.84e-05
21:55:01 INFO   e4 step  3800/5500  loss=0.0005  acc=0.9999  lr0=1.72e-06 lr1=8.59e-05
21:55:13 INFO   e4 step  3850/5500  loss=0.0005  acc=0.9999  lr0=1.67e-06 lr1=8.33e-05
21:55:24 INFO   e4 step  3900/5500  loss=0.0005  acc=0.9999  lr0=1.62e-06 lr1=8.08e-05
21:55:35 INFO   e4 step  3950/5500  loss=0.0004  acc=0.9999  lr0=1.57e-06 lr1=7.83e-05
21:55:46 INFO   e4 step  4000/5500  loss=0.0004  acc=0.9999  lr0=1.52e-06 lr1=7.58e-05
21:55:57 INFO   e4 step  4050/5500  loss=0.0005  acc=0.9999  lr0=1.46e-06 lr1=7.32e-05
21:56:09 INFO   e4 step  4100/5500  loss=0.0004  acc=0.9999  lr0=1.41e-06 lr1=7.07e-05
21:56:20 INFO   e4 step  4150/5500  loss=0.0004  acc=0.9999  lr0=1.36e-06 lr1=6.82e-05
21:56:31 INFO   e4 step  4200/5500  loss=0.0004  acc=0.9999  lr0=1.31e-06 lr1=6.57e-05
21:56:42 INFO   e4 step  4250/5500  loss=0.0004  acc=0.9999  lr0=1.26e-06 lr1=6.31e-05
21:56:54 INFO   e4 step  4300/5500  loss=0.0004  acc=0.9999  lr0=1.21e-06 lr1=6.06e-05
21:57:05 INFO   e4 step  4350/5500  loss=0.0004  acc=0.9999  lr0=1.16e-06 lr1=5.81e-05
21:57:16 INFO   e4 step  4400/5500  loss=0.0004  acc=0.9999  lr0=1.11e-06 lr1=5.56e-05
21:57:27 INFO   e4 step  4450/5500  loss=0.0004  acc=0.9999  lr0=1.06e-06 lr1=5.30e-05
21:57:39 INFO   e4 step  4500/5500  loss=0.0004  acc=0.9999  lr0=1.01e-06 lr1=5.05e-05
21:57:50 INFO   e4 step  4550/5500  loss=0.0004  acc=0.9999  lr0=9.60e-07 lr1=4.80e-05
21:58:01 INFO   e4 step  4600/5500  loss=0.0004  acc=0.9999  lr0=9.09e-07 lr1=4.55e-05
21:58:12 INFO   e4 step  4650/5500  loss=0.0004  acc=0.9999  lr0=8.59e-07 lr1=4.29e-05
21:58:24 INFO   e4 step  4700/5500  loss=0.0004  acc=0.9999  lr0=8.08e-07 lr1=4.04e-05
21:58:35 INFO   e4 step  4750/5500  loss=0.0004  acc=0.9999  lr0=7.58e-07 lr1=3.79e-05
21:58:46 INFO   e4 step  4800/5500  loss=0.0004  acc=0.9999  lr0=7.07e-07 lr1=3.54e-05
21:58:57 INFO   e4 step  4850/5500  loss=0.0004  acc=0.9999  lr0=6.57e-07 lr1=3.28e-05
21:59:09 INFO   e4 step  4900/5500  loss=0.0004  acc=0.9999  lr0=6.06e-07 lr1=3.03e-05
21:59:20 INFO   e4 step  4950/5500  loss=0.0004  acc=0.9999  lr0=5.56e-07 lr1=2.78e-05
21:59:31 INFO   e4 step  5000/5500  loss=0.0004  acc=0.9999  lr0=5.05e-07 lr1=2.53e-05
21:59:42 INFO   e4 step  5050/5500  loss=0.0004  acc=0.9999  lr0=4.55e-07 lr1=2.27e-05
21:59:53 INFO   e4 step  5100/5500  loss=0.0004  acc=0.9999  lr0=4.04e-07 lr1=2.02e-05
22:00:04 INFO   e4 step  5150/5500  loss=0.0004  acc=0.9999  lr0=3.54e-07 lr1=1.77e-05
22:00:16 INFO   e4 step  5200/5500  loss=0.0004  acc=0.9999  lr0=3.03e-07 lr1=1.52e-05
22:00:27 INFO   e4 step  5250/5500  loss=0.0004  acc=0.9999  lr0=2.53e-07 lr1=1.26e-05
22:00:38 INFO   e4 step  5300/5500  loss=0.0004  acc=0.9999  lr0=2.02e-07 lr1=1.01e-05
22:00:49 INFO   e4 step  5350/5500  loss=0.0003  acc=0.9999  lr0=1.52e-07 lr1=7.58e-06
22:01:01 INFO   e4 step  5400/5500  loss=0.0003  acc=0.9999  lr0=1.01e-07 lr1=5.05e-06
22:01:12 INFO   e4 step  5450/5500  loss=0.0003  acc=0.9999  lr0=5.05e-08 lr1=2.53e-06
22:01:23 INFO   e4 step  5500/5500  loss=0.0003  acc=0.9999  lr0=0.00e+00 lr1=0.00e+00
22:01:51 INFO [epoch 4] train_loss=0.0003 train_acc=0.9999  val_loss=0.0646 val_acc=0.9946 val_auc=0.9965  elapsed=1262.1s
22:01:55 INFO   saved best.pt  val_acc=0.9946
22:01:57 INFO loading best.pt for test eval
22:02:27 INFO [test] loss=0.0832  acc=0.9918  auc=0.9965  f1=0.9918
22:02:27 INFO [test] per-tier-pair accuracy:
22:02:27 INFO         T2-T3  n= 1400  acc=0.9943
22:02:27 INFO         T3-T4  n= 1400  acc=0.9836
22:02:27 INFO         T4-T5  n= 1400  acc=0.9757
22:02:27 INFO         T5-T6  n= 1400  acc=0.9857
22:02:27 INFO         T6-T7  n= 1400  acc=1.0000
22:02:27 INFO         T7-T8  n= 1400  acc=1.0000
22:02:27 INFO         T8-T9  n= 1400  acc=1.0000
22:02:27 INFO        T9-T10  n= 1400  acc=0.9950
22:02:27 INFO [done] run_summary.json written to /mnt/localssd/baseline_sweep/runs/ajo_doc_not_tier1/bge-large-en-v1.5
