loading checkpoint <- /mnt/localssd/baseline_sweep/runs/aep_dataset/e5-large-v2/best.pt
device=cuda:0  bf16=True
base_model=intfloat/e5-large-v2  head=MLP(4d->512->128->1, act=gelu, norm=layer, dropout=0.1)  n_tiers=0  max_seq_len=512
Loading weights:   0%|          | 0/391 [00:00<?, ?it/s]Loading weights: 100%|██████████| 391/391 [00:00<00:00, 6538.42it/s]
Loading weights:   0%|          | 0/391 [00:00<?, ?it/s]Loading weights: 100%|██████████| 391/391 [00:00<00:00, 6564.25it/s]

=== Milan eval (test_samples_milan.json) ===
  ground_truth : ['t1', 't2', 't3', 't4', 't5', 't6']
  predicted    : ['t1', 't2', 't3', 't4', 't5', 't6']
  order_match  : True
  pairwise_acc : 0.5333 (16/30)
  per_event:
    t1: wins=5 net=0.953 pred_rank=1 true_rank=1
    t2: wins=4 net=0.000 pred_rank=2 true_rank=2
    t3: wins=3 net=0.000 pred_rank=3 true_rank=3
    t4: wins=2 net=-0.949 pred_rank=4 true_rank=4
    t5: wins=1 net=0.000 pred_rank=5 true_rank=5
    t6: wins=0 net=-0.004 pred_rank=6 true_rank=6

=== AJO ordering eval (ajo_orchestrated_workflows_flat.json) ===
  correct: 9/30  perfect_order_rate=0.3000
  [X] id=1  predicted=['t2', 't3', 't1']
  [X] id=2  predicted=['t2', 't3', 't1']
  [X] id=3  predicted=['t2', 't1', 't3']
  [X] id=4  predicted=['t1', 't3', 't2']
  [X] id=5  predicted=['t3', 't1', 't2']
  [OK] id=6  predicted=['t1', 't2', 't3']
  [X] id=7  predicted=['t2', 't1', 't3']
  [X] id=8  predicted=['t2', 't3', 't1']
  [X] id=9  predicted=['t2', 't1', 't3']
  [X] id=10  predicted=['t3', 't1', 't2']
  [OK] id=11  predicted=['t1', 't2', 't3']
  [X] id=12  predicted=['t2', 't1', 't3']
  [X] id=13  predicted=['t2', 't1', 't3']
  [X] id=14  predicted=['t2', 't1', 't3']
  [OK] id=15  predicted=['t1', 't2', 't3']
  [X] id=16  predicted=['t3', 't1', 't2']
  [X] id=17  predicted=['t2', 't3', 't1']
  [OK] id=18  predicted=['t1', 't2', 't3']
  [OK] id=19  predicted=['t1', 't2', 't3']
  [OK] id=20  predicted=['t1', 't2', 't3']
  [X] id=21  predicted=['t2', 't1', 't3']
  [OK] id=22  predicted=['t1', 't2', 't3']
  [X] id=23  predicted=['t2', 't1', 't3']
  [X] id=24  predicted=['t3', 't2', 't1']
  [X] id=25  predicted=['t2', 't1', 't3']
  [OK] id=26  predicted=['t1', 't2', 't3']
  [X] id=27  predicted=['t1', 't3', 't2']
  [OK] id=28  predicted=['t1', 't2', 't3']
  [X] id=29  predicted=['t2', 't1', 't3']
  [X] id=30  predicted=['t2', 't3', 't1']

wrote /mnt/localssd/baseline_sweep/runs/aep_dataset/e5-large-v2/ood_results.json
