20:34:13 INFO run_dir=runs/crossencoder2x_deberta/procedural_workflow  device=cuda  bf16=True
20:34:14 INFO tokenizer <- microsoft/deberta-v3-large
20:34:14 INFO scanning max joint token length across all splits …
20:34:18 INFO   observed max=512  -> max_seq_len=512  (scan 4.5s)
20:34:18 INFO loading datasets …
20:34:19 INFO   train=19291  val=1535  test=2552
20:34:19 INFO building CrossEncoder2x  backbone=microsoft/deberta-v3-large  n_layers=24  native=True …
20:34:20 INFO   total params=434,013,185
20:34:20 INFO   total_steps=903  warmup_steps=90
20:35:10 INFO   e1 opt_step=50/903  loss=0.7010  acc=0.5041  lr=5.56e-06
20:35:56 INFO   e1 opt_step=100/903  loss=0.6924  acc=0.5225  lr=9.88e-06
20:36:38 INFO   e1 opt_step=150/903  loss=0.6618  acc=0.5808  lr=9.26e-06
20:37:23 INFO   e1 opt_step=200/903  loss=0.6228  acc=0.6303  lr=8.65e-06
20:38:09 INFO   e1 opt_step=250/903  loss=0.5893  acc=0.6636  lr=8.03e-06
20:38:55 INFO   e1 opt_step=300/903  loss=0.5566  acc=0.6915  lr=7.42e-06
20:39:05 INFO [epoch 1/3]  train_loss=0.5555  train_acc=0.6922  val_loss=0.3577  val_acc=0.8580  val_auc=0.9183  elapsed=284.5s
20:39:09 INFO   * saved best.pt  val_acc=0.8580
20:39:53 INFO   e2 opt_step=350/903  loss=0.3264  acc=0.8712  lr=6.80e-06
20:40:41 INFO   e2 opt_step=400/903  loss=0.3288  acc=0.8677  lr=6.19e-06
20:41:25 INFO   e2 opt_step=450/903  loss=0.3181  acc=0.8719  lr=5.57e-06
20:42:13 INFO   e2 opt_step=500/903  loss=0.3122  acc=0.8737  lr=4.96e-06
20:42:57 INFO   e2 opt_step=550/903  loss=0.3079  acc=0.8750  lr=4.34e-06
20:43:43 INFO   e2 opt_step=600/903  loss=0.3058  acc=0.8755  lr=3.73e-06
20:43:52 INFO [epoch 2/3]  train_loss=0.3055  train_acc=0.8754  val_loss=0.3526  val_acc=0.8671  val_auc=0.9402  elapsed=283.8s
20:43:57 INFO   * saved best.pt  val_acc=0.8671
20:44:42 INFO   e3 opt_step=650/903  loss=0.1926  acc=0.9284  lr=3.11e-06
20:45:28 INFO   e3 opt_step=700/903  loss=0.1992  acc=0.9265  lr=2.50e-06
20:46:14 INFO   e3 opt_step=750/903  loss=0.2023  acc=0.9242  lr=1.88e-06
20:47:00 INFO   e3 opt_step=800/903  loss=0.2013  acc=0.9240  lr=1.27e-06
20:47:45 INFO   e3 opt_step=850/903  loss=0.2001  acc=0.9243  lr=6.52e-07
20:48:29 INFO   e3 opt_step=900/903  loss=0.1966  acc=0.9253  lr=3.69e-08
20:48:41 INFO [epoch 3/3]  train_loss=0.1968  train_acc=0.9254  val_loss=0.4091  val_acc=0.8717  val_auc=0.9388  elapsed=283.9s
20:48:46 INFO   * saved best.pt  val_acc=0.8717
20:48:49 INFO saved final.pt  total_time=869s
20:48:49 INFO loading best.pt for final val/test evaluation …
20:48:59 INFO [val]  acc=0.8717  auc=0.9388  f1=0.8754
20:49:13 INFO [test] loss=0.5177  acc=0.8327  auc=0.9041  f1=0.8347
20:49:13 INFO [done] best_val_acc=0.8717  test_acc=0.8327  test_auc=0.9041  results in runs/crossencoder2x_deberta/procedural_workflow
