02:01:16 INFO run_dir=runs/crossencoder2x_deberta/new_aep_workflow_scrap  device=cuda  bf16=True
02:07:18 INFO run_dir=runs/crossencoder2x_deberta/new_aep_workflow_scrap  device=cuda  bf16=True
02:07:19 INFO tokenizer <- microsoft/deberta-v3-large
02:07:19 INFO scanning max joint token length across all splits …
02:07:23 INFO   observed max=422  -> max_seq_len=446  (scan 4.5s)
02:07:23 INFO loading datasets …
02:07:24 INFO   train=13904  val=1676  test=1546
02:07:24 INFO building CrossEncoder2x  backbone=microsoft/deberta-v3-large  n_layers=24  native=True …
02:07:25 INFO   total params=434,013,185
02:07:25 INFO   total_steps=1302  warmup_steps=130
02:08:14 INFO run_dir=runs/crossencoder2x_deberta/new_aep_workflow_scrap  device=cuda  bf16=True
02:08:16 INFO tokenizer <- microsoft/deberta-v3-large
02:08:16 INFO scanning max joint token length across all splits …
02:08:20 INFO   observed max=422  -> max_seq_len=446  (scan 4.5s)
02:08:20 INFO loading datasets …
02:08:20 INFO   train=13904  val=1676  test=1546
02:08:20 INFO building CrossEncoder2x  backbone=microsoft/deberta-v3-large  n_layers=24  native=True …
02:08:22 INFO   total params=434,013,185
02:08:22 INFO   total_steps=1302  warmup_steps=130
02:09:12 INFO run_dir=runs/crossencoder2x_deberta/new_aep_workflow_scrap  device=cuda  bf16=True
02:09:13 INFO tokenizer <- microsoft/deberta-v3-large
02:09:13 INFO scanning max joint token length across all splits …
02:09:17 INFO   observed max=422  -> max_seq_len=446  (scan 4.4s)
02:09:17 INFO loading datasets …
02:09:17 INFO   train=13904  val=1676  test=1546
02:09:17 INFO building CrossEncoder2x  backbone=microsoft/deberta-v3-large  n_layers=24  native=True …
02:09:19 INFO   total params=434,013,185
02:09:19 INFO   total_steps=2607  warmup_steps=260
02:09:51 INFO run_dir=runs/crossencoder2x_deberta/new_aep_workflow_scrap  device=cuda  bf16=True
02:09:52 INFO tokenizer <- microsoft/deberta-v3-large
02:09:52 INFO scanning max joint token length across all splits …
02:09:56 INFO   observed max=422  -> max_seq_len=446  (scan 4.6s)
02:09:56 INFO loading datasets …
02:09:56 INFO   train=13904  val=1676  test=1546
02:09:56 INFO building CrossEncoder2x  backbone=microsoft/deberta-v3-large  n_layers=24  native=True …
02:09:58 INFO   total params=434,013,185
02:09:58 INFO   total_steps=2607  warmup_steps=260
02:10:17 INFO run_dir=runs/crossencoder2x_deberta/new_aep_workflow_scrap  device=cuda  bf16=True
02:10:18 INFO tokenizer <- microsoft/deberta-v3-large
02:10:18 INFO scanning max joint token length across all splits …
02:10:22 INFO   observed max=422  -> max_seq_len=446  (scan 4.4s)
02:10:22 INFO loading datasets …
02:10:22 INFO   train=13904  val=1676  test=1546
02:10:22 INFO building CrossEncoder2x  backbone=microsoft/deberta-v3-large  n_layers=24  native=True …
02:10:24 INFO   total params=434,013,185
02:10:24 INFO   total_steps=10428  warmup_steps=1042
02:49:53 INFO run_dir=runs/crossencoder2x_deberta/new_aep_workflow_scrap  device=cuda  bf16=True
02:49:54 INFO tokenizer <- microsoft/deberta-v3-large
02:49:54 INFO scanning max joint token length across all splits …
02:49:58 INFO   observed max=422  -> max_seq_len=446  (scan 4.4s)
02:49:58 INFO loading datasets …
02:49:58 INFO   train=13904  val=1676  test=1546
02:49:58 INFO building CrossEncoder2x  backbone=microsoft/deberta-v3-large  n_layers=24  native=True …
02:50:00 INFO   total params=434,013,185
02:50:00 INFO   total_steps=10428  warmup_steps=1042
02:50:27 INFO   e1 opt_step=50/10428  loss=0.6945  acc=0.5800  lr=4.80e-07
02:50:52 INFO   e1 opt_step=100/10428  loss=0.7017  acc=0.5275  lr=9.60e-07
02:51:18 INFO   e1 opt_step=150/10428  loss=0.6983  acc=0.5233  lr=1.44e-06
02:51:43 INFO   e1 opt_step=200/10428  loss=0.6976  acc=0.5162  lr=1.92e-06
02:52:09 INFO   e1 opt_step=250/10428  loss=0.6982  acc=0.5070  lr=2.40e-06
02:52:34 INFO   e1 opt_step=300/10428  loss=0.6996  acc=0.5042  lr=2.88e-06
02:53:00 INFO   e1 opt_step=350/10428  loss=0.6999  acc=0.5071  lr=3.36e-06
02:53:26 INFO   e1 opt_step=400/10428  loss=0.7005  acc=0.5000  lr=3.84e-06
02:53:50 INFO   e1 opt_step=450/10428  loss=0.6996  acc=0.5033  lr=4.32e-06
02:54:17 INFO   e1 opt_step=500/10428  loss=0.6986  acc=0.5080  lr=4.80e-06
02:54:41 INFO   e1 opt_step=550/10428  loss=0.6975  acc=0.5123  lr=5.28e-06
02:55:04 INFO   e1 opt_step=600/10428  loss=0.6981  acc=0.5083  lr=5.76e-06
02:55:28 INFO   e1 opt_step=650/10428  loss=0.6984  acc=0.5081  lr=6.24e-06
02:55:53 INFO   e1 opt_step=700/10428  loss=0.6988  acc=0.5075  lr=6.72e-06
02:56:16 INFO   e1 opt_step=750/10428  loss=0.6985  acc=0.5083  lr=7.20e-06
02:56:40 INFO   e1 opt_step=800/10428  loss=0.6990  acc=0.5069  lr=7.68e-06
02:57:03 INFO   e1 opt_step=850/10428  loss=0.6990  acc=0.5062  lr=8.16e-06
02:57:29 INFO   e1 opt_step=900/10428  loss=0.7000  acc=0.5019  lr=8.64e-06
03:13:57 INFO run_dir=runs/crossencoder2x_deberta/new_aep_workflow_scrap  device=cuda  bf16=True
03:13:58 INFO tokenizer <- microsoft/deberta-v3-large
03:13:58 INFO scanning max joint token length across all splits …
03:14:02 INFO   observed max=422  -> max_seq_len=446  (scan 4.4s)
03:14:02 INFO loading datasets …
03:14:03 INFO   train=13904  val=1676  test=1546
03:14:03 INFO building CrossEncoder2x  backbone=microsoft/deberta-v3-large  n_layers=24  native=True …
03:14:04 INFO   total params=434,013,185
03:14:04 INFO   total_steps=2607  warmup_steps=260
03:14:30 INFO   e1 opt_step=50/2607  loss=0.7100  acc=0.4900  lr=1.92e-06
03:14:54 INFO   e1 opt_step=100/2607  loss=0.7068  acc=0.4900  lr=3.85e-06
03:15:18 INFO   e1 opt_step=150/2607  loss=0.7032  acc=0.4958  lr=5.77e-06
03:15:42 INFO   e1 opt_step=200/2607  loss=0.7011  acc=0.4991  lr=7.69e-06
03:16:06 INFO   e1 opt_step=250/2607  loss=0.7017  acc=0.4940  lr=9.62e-06
03:16:31 INFO   e1 opt_step=300/2607  loss=0.7011  acc=0.4931  lr=9.83e-06
03:16:58 INFO   e1 opt_step=350/2607  loss=0.7033  acc=0.4998  lr=9.62e-06
03:17:21 INFO   e1 opt_step=400/2607  loss=0.6989  acc=0.5144  lr=9.40e-06
03:17:45 INFO   e1 opt_step=450/2607  loss=0.6971  acc=0.5208  lr=9.19e-06
03:18:10 INFO   e1 opt_step=500/2607  loss=0.6971  acc=0.5232  lr=8.98e-06
03:18:33 INFO   e1 opt_step=550/2607  loss=0.6938  acc=0.5312  lr=8.76e-06
03:18:57 INFO   e1 opt_step=600/2607  loss=0.6877  acc=0.5434  lr=8.55e-06
03:19:22 INFO   e1 opt_step=650/2607  loss=0.6805  acc=0.5553  lr=8.34e-06
03:19:46 INFO   e1 opt_step=700/2607  loss=0.6763  acc=0.5640  lr=8.13e-06
03:20:10 INFO   e1 opt_step=750/2607  loss=0.6685  acc=0.5736  lr=7.91e-06
03:20:34 INFO   e1 opt_step=800/2607  loss=0.6640  acc=0.5812  lr=7.70e-06
03:20:58 INFO   e1 opt_step=850/2607  loss=0.6557  acc=0.5906  lr=7.49e-06
03:21:14 INFO [epoch 1/3]  train_loss=0.6523  train_acc=0.5941  val_loss=0.6465  val_acc=0.6802  val_auc=0.7627  elapsed=429.5s
03:21:18 INFO   * saved best.pt  val_acc=0.6802
03:21:33 INFO   e2 opt_step=900/2607  loss=0.4696  acc=0.7923  lr=7.27e-06
03:21:57 INFO   e2 opt_step=950/2607  loss=0.4634  acc=0.7948  lr=7.06e-06
03:22:21 INFO   e2 opt_step=1000/2607  loss=0.4744  acc=0.7853  lr=6.85e-06
03:22:45 INFO   e2 opt_step=1050/2607  loss=0.4678  acc=0.7825  lr=6.63e-06
03:23:08 INFO   e2 opt_step=1100/2607  loss=0.4604  acc=0.7903  lr=6.42e-06
03:23:33 INFO   e2 opt_step=1150/2607  loss=0.4560  acc=0.7943  lr=6.21e-06
03:23:57 INFO   e2 opt_step=1200/2607  loss=0.4532  acc=0.7955  lr=5.99e-06
03:24:20 INFO   e2 opt_step=1250/2607  loss=0.4502  acc=0.7972  lr=5.78e-06
03:24:44 INFO   e2 opt_step=1300/2607  loss=0.4427  acc=0.8016  lr=5.57e-06
03:25:10 INFO   e2 opt_step=1350/2607  loss=0.4439  acc=0.8018  lr=5.36e-06
03:25:36 INFO   e2 opt_step=1400/2607  loss=0.4357  acc=0.8059  lr=5.14e-06
03:26:02 INFO   e2 opt_step=1450/2607  loss=0.4313  acc=0.8085  lr=4.93e-06
03:26:27 INFO   e2 opt_step=1500/2607  loss=0.4248  acc=0.8126  lr=4.72e-06
03:26:53 INFO   e2 opt_step=1550/2607  loss=0.4204  acc=0.8144  lr=4.50e-06
03:27:19 INFO   e2 opt_step=1600/2607  loss=0.4147  acc=0.8175  lr=4.29e-06
03:27:44 INFO   e2 opt_step=1650/2607  loss=0.4111  acc=0.8197  lr=4.08e-06
03:28:10 INFO   e2 opt_step=1700/2607  loss=0.4070  acc=0.8219  lr=3.86e-06
03:28:35 INFO [epoch 2/3]  train_loss=0.4045  train_acc=0.8235  val_loss=0.6695  val_acc=0.7100  val_auc=0.8022  elapsed=437.8s
03:28:41 INFO   * saved best.pt  val_acc=0.7100
03:28:47 INFO   e3 opt_step=1750/2607  loss=0.2045  acc=0.9219  lr=3.65e-06
03:29:13 INFO   e3 opt_step=1800/2607  loss=0.2121  acc=0.9274  lr=3.44e-06
03:29:40 INFO   e3 opt_step=1850/2607  loss=0.2195  acc=0.9263  lr=3.23e-06
03:30:05 INFO   e3 opt_step=1900/2607  loss=0.2254  acc=0.9221  lr=3.01e-06
03:30:31 INFO   e3 opt_step=1950/2607  loss=0.2208  acc=0.9236  lr=2.80e-06
03:30:57 INFO   e3 opt_step=2000/2607  loss=0.2235  acc=0.9229  lr=2.59e-06
03:31:22 INFO   e3 opt_step=2050/2607  loss=0.2200  acc=0.9233  lr=2.37e-06
03:31:48 INFO   e3 opt_step=2100/2607  loss=0.2168  acc=0.9242  lr=2.16e-06
03:32:12 INFO   e3 opt_step=2150/2607  loss=0.2186  acc=0.9240  lr=1.95e-06
03:32:37 INFO   e3 opt_step=2200/2607  loss=0.2156  acc=0.9246  lr=1.73e-06
03:33:02 INFO   e3 opt_step=2250/2607  loss=0.2171  acc=0.9243  lr=1.52e-06
03:33:27 INFO   e3 opt_step=2300/2607  loss=0.2181  acc=0.9235  lr=1.31e-06
03:33:52 INFO   e3 opt_step=2350/2607  loss=0.2153  acc=0.9244  lr=1.10e-06
03:34:17 INFO   e3 opt_step=2400/2607  loss=0.2113  acc=0.9254  lr=8.82e-07
03:34:43 INFO   e3 opt_step=2450/2607  loss=0.2107  acc=0.9264  lr=6.69e-07
03:35:09 INFO   e3 opt_step=2500/2607  loss=0.2098  acc=0.9269  lr=4.56e-07
03:35:35 INFO   e3 opt_step=2550/2607  loss=0.2079  acc=0.9279  lr=2.43e-07
03:36:01 INFO   e3 opt_step=2600/2607  loss=0.2073  acc=0.9286  lr=2.98e-08
03:36:10 INFO [epoch 3/3]  train_loss=0.2081  train_acc=0.9283  val_loss=1.1855  val_acc=0.7035  val_auc=0.7929  elapsed=449.4s
03:36:15 INFO saved final.pt  total_time=1331s
03:36:15 INFO loading best.pt for final val/test evaluation …
03:36:22 INFO [val]  acc=0.7100  auc=0.8022  f1=0.7029
03:36:27 INFO [test] loss=0.5740  acc=0.7523  auc=0.8368  f1=0.7410
03:36:27 INFO [done] best_val_acc=0.7100  test_acc=0.7523  test_auc=0.8368  results in runs/crossencoder2x_deberta/new_aep_workflow_scrap
04:34:46 INFO run_dir=runs/crossencoder2x_deberta/new_aep_workflow_scrap  device=cuda  bf16=True
04:34:47 INFO tokenizer <- microsoft/deberta-v3-large
04:34:47 INFO scanning max joint token length across all splits …
04:34:51 INFO   observed max=422  -> max_seq_len=446  (scan 4.3s)
04:34:51 INFO loading datasets …
04:34:51 INFO   train=13904  val=1676  test=1546
04:34:51 INFO building CrossEncoder2x  backbone=microsoft/deberta-v3-large  n_layers=24  native=True …
04:34:53 INFO   total params=434,013,185
04:34:53 INFO   total_steps=5214  warmup_steps=521
04:35:18 INFO   e1 opt_step=50/5214  loss=0.7102  acc=0.4925  lr=9.60e-07
04:35:45 INFO   e1 opt_step=100/5214  loss=0.7073  acc=0.4975  lr=1.92e-06
04:36:11 INFO   e1 opt_step=150/5214  loss=0.7034  acc=0.5025  lr=2.88e-06
04:36:37 INFO   e1 opt_step=200/5214  loss=0.7016  acc=0.5006  lr=3.84e-06
04:37:03 INFO   e1 opt_step=250/5214  loss=0.7021  acc=0.4958  lr=4.80e-06
04:37:29 INFO   e1 opt_step=300/5214  loss=0.7017  acc=0.4948  lr=5.76e-06
04:37:55 INFO   e1 opt_step=350/5214  loss=0.7011  acc=0.4979  lr=6.72e-06
04:38:20 INFO   e1 opt_step=400/5214  loss=0.6986  acc=0.5064  lr=7.68e-06
04:38:47 INFO   e1 opt_step=450/5214  loss=0.6988  acc=0.5157  lr=8.64e-06
04:39:12 INFO   e1 opt_step=500/5214  loss=0.6972  acc=0.5248  lr=9.60e-06
04:39:38 INFO   e1 opt_step=550/5214  loss=0.6912  acc=0.5358  lr=9.94e-06
04:40:04 INFO   e1 opt_step=600/5214  loss=0.6809  acc=0.5509  lr=9.83e-06
04:40:30 INFO   e1 opt_step=650/5214  loss=0.6726  acc=0.5633  lr=9.73e-06
04:40:57 INFO   e1 opt_step=700/5214  loss=0.6685  acc=0.5711  lr=9.62e-06
04:41:23 INFO   e1 opt_step=750/5214  loss=0.6585  acc=0.5827  lr=9.51e-06
04:41:49 INFO   e1 opt_step=800/5214  loss=0.6516  acc=0.5914  lr=9.41e-06
04:42:15 INFO   e1 opt_step=850/5214  loss=0.6422  acc=0.6017  lr=9.30e-06
04:42:32 INFO [epoch 1/6]  train_loss=0.6389  train_acc=0.6049  val_loss=0.5871  val_acc=0.6957  val_auc=0.7870  elapsed=458.6s
04:42:37 INFO   * saved best.pt  val_acc=0.6957
04:42:53 INFO   e2 opt_step=900/5214  loss=0.4160  acc=0.8246  lr=9.19e-06
04:43:19 INFO   e2 opt_step=950/5214  loss=0.4214  acc=0.8032  lr=9.09e-06
04:43:43 INFO   e2 opt_step=1000/5214  loss=0.4409  acc=0.7934  lr=8.98e-06
04:44:08 INFO   e2 opt_step=1050/5214  loss=0.4336  acc=0.7973  lr=8.87e-06
04:44:33 INFO   e2 opt_step=1100/5214  loss=0.4271  acc=0.8025  lr=8.77e-06
04:44:57 INFO   e2 opt_step=1150/5214  loss=0.4193  acc=0.8076  lr=8.66e-06
04:45:22 INFO   e2 opt_step=1200/5214  loss=0.4145  acc=0.8110  lr=8.55e-06
04:45:48 INFO   e2 opt_step=1250/5214  loss=0.4112  acc=0.8150  lr=8.45e-06
04:46:13 INFO   e2 opt_step=1300/5214  loss=0.4060  acc=0.8184  lr=8.34e-06
04:46:38 INFO   e2 opt_step=1350/5214  loss=0.4053  acc=0.8173  lr=8.23e-06
04:47:03 INFO   e2 opt_step=1400/5214  loss=0.3966  acc=0.8234  lr=8.13e-06
04:47:29 INFO   e2 opt_step=1450/5214  loss=0.3936  acc=0.8253  lr=8.02e-06
04:47:55 INFO   e2 opt_step=1500/5214  loss=0.3864  acc=0.8286  lr=7.91e-06
04:48:20 INFO   e2 opt_step=1550/5214  loss=0.3845  acc=0.8306  lr=7.81e-06
04:48:44 INFO   e2 opt_step=1600/5214  loss=0.3779  acc=0.8340  lr=7.70e-06
04:49:08 INFO   e2 opt_step=1650/5214  loss=0.3751  acc=0.8363  lr=7.59e-06
04:49:35 INFO   e2 opt_step=1700/5214  loss=0.3695  acc=0.8392  lr=7.49e-06
04:50:01 INFO [epoch 2/6]  train_loss=0.3684  train_acc=0.8402  val_loss=0.6206  val_acc=0.7297  val_auc=0.8155  elapsed=444.6s
04:50:07 INFO   * saved best.pt  val_acc=0.7297
04:50:13 INFO   e3 opt_step=1750/5214  loss=0.1733  acc=0.9375  lr=7.38e-06
04:50:37 INFO   e3 opt_step=1800/5214  loss=0.1461  acc=0.9476  lr=7.27e-06
04:51:02 INFO   e3 opt_step=1850/5214  loss=0.1714  acc=0.9431  lr=7.17e-06
04:51:26 INFO   e3 opt_step=1900/5214  loss=0.1778  acc=0.9437  lr=7.06e-06
04:51:50 INFO   e3 opt_step=1950/5214  loss=0.1788  acc=0.9449  lr=6.96e-06
04:52:15 INFO   e3 opt_step=2000/5214  loss=0.1828  acc=0.9447  lr=6.85e-06
04:52:41 INFO   e3 opt_step=2050/5214  loss=0.1809  acc=0.9447  lr=6.74e-06
04:53:07 INFO   e3 opt_step=2100/5214  loss=0.1809  acc=0.9444  lr=6.64e-06
04:53:34 INFO   e3 opt_step=2150/5214  loss=0.1804  acc=0.9449  lr=6.53e-06
04:54:00 INFO   e3 opt_step=2200/5214  loss=0.1779  acc=0.9459  lr=6.42e-06
04:54:24 INFO   e3 opt_step=2250/5214  loss=0.1749  acc=0.9474  lr=6.32e-06
04:54:48 INFO   e3 opt_step=2300/5214  loss=0.1786  acc=0.9464  lr=6.21e-06
04:55:12 INFO   e3 opt_step=2350/5214  loss=0.1793  acc=0.9457  lr=6.10e-06
04:55:36 INFO   e3 opt_step=2400/5214  loss=0.1773  acc=0.9465  lr=6.00e-06
04:55:59 INFO   e3 opt_step=2450/5214  loss=0.1760  acc=0.9473  lr=5.89e-06
04:56:24 INFO   e3 opt_step=2500/5214  loss=0.1747  acc=0.9473  lr=5.78e-06
04:56:48 INFO   e3 opt_step=2550/5214  loss=0.1745  acc=0.9478  lr=5.68e-06
04:57:12 INFO   e3 opt_step=2600/5214  loss=0.1720  acc=0.9487  lr=5.57e-06
04:57:22 INFO [epoch 3/6]  train_loss=0.1718  train_acc=0.9489  val_loss=1.5169  val_acc=0.7232  val_auc=0.7955  elapsed=434.7s
04:57:48 INFO   e4 opt_step=2650/5214  loss=0.1001  acc=0.9709  lr=5.46e-06
04:58:14 INFO   e4 opt_step=2700/5214  loss=0.0798  acc=0.9765  lr=5.36e-06
04:58:40 INFO   e4 opt_step=2750/5214  loss=0.0835  acc=0.9781  lr=5.25e-06
04:59:05 INFO   e4 opt_step=2800/5214  loss=0.0789  acc=0.9796  lr=5.14e-06
04:59:32 INFO   e4 opt_step=2850/5214  loss=0.0725  acc=0.9823  lr=5.04e-06
04:59:57 INFO   e4 opt_step=2900/5214  loss=0.0718  acc=0.9821  lr=4.93e-06
05:00:23 INFO   e4 opt_step=2950/5214  loss=0.0755  acc=0.9820  lr=4.82e-06
05:00:49 INFO   e4 opt_step=3000/5214  loss=0.0743  acc=0.9820  lr=4.72e-06
05:01:14 INFO   e4 opt_step=3050/5214  loss=0.0726  acc=0.9821  lr=4.61e-06
05:01:39 INFO   e4 opt_step=3100/5214  loss=0.0753  acc=0.9816  lr=4.50e-06
05:02:04 INFO   e4 opt_step=3150/5214  loss=0.0749  acc=0.9817  lr=4.40e-06
05:02:29 INFO   e4 opt_step=3200/5214  loss=0.0733  acc=0.9820  lr=4.29e-06
05:02:55 INFO   e4 opt_step=3250/5214  loss=0.0729  acc=0.9822  lr=4.18e-06
05:03:20 INFO   e4 opt_step=3300/5214  loss=0.0755  acc=0.9820  lr=4.08e-06
05:03:45 INFO   e4 opt_step=3350/5214  loss=0.0735  acc=0.9823  lr=3.97e-06
05:04:10 INFO   e4 opt_step=3400/5214  loss=0.0716  acc=0.9828  lr=3.87e-06
05:04:35 INFO   e4 opt_step=3450/5214  loss=0.0705  acc=0.9832  lr=3.76e-06
05:04:54 INFO [epoch 4/6]  train_loss=0.0702  train_acc=0.9834  val_loss=1.9292  val_acc=0.7363  val_auc=0.7919  elapsed=449.3s
05:04:59 INFO   * saved best.pt  val_acc=0.7363
05:05:13 INFO   e5 opt_step=3500/5214  loss=0.0173  acc=0.9974  lr=3.65e-06
05:05:39 INFO   e5 opt_step=3550/5214  loss=0.0181  acc=0.9975  lr=3.55e-06
05:06:05 INFO   e5 opt_step=3600/5214  loss=0.0223  acc=0.9955  lr=3.44e-06
05:06:30 INFO   e5 opt_step=3650/5214  loss=0.0256  acc=0.9946  lr=3.33e-06
05:06:55 INFO   e5 opt_step=3700/5214  loss=0.0287  acc=0.9941  lr=3.23e-06
05:07:20 INFO   e5 opt_step=3750/5214  loss=0.0316  acc=0.9936  lr=3.12e-06
05:07:45 INFO   e5 opt_step=3800/5214  loss=0.0325  acc=0.9934  lr=3.01e-06
05:08:11 INFO   e5 opt_step=3850/5214  loss=0.0304  acc=0.9935  lr=2.91e-06
05:08:38 INFO   e5 opt_step=3900/5214  loss=0.0305  acc=0.9937  lr=2.80e-06
05:09:05 INFO   e5 opt_step=3950/5214  loss=0.0294  acc=0.9938  lr=2.69e-06
05:09:31 INFO   e5 opt_step=4000/5214  loss=0.0280  acc=0.9940  lr=2.59e-06
05:09:56 INFO   e5 opt_step=4050/5214  loss=0.0287  acc=0.9937  lr=2.48e-06
05:10:23 INFO   e5 opt_step=4100/5214  loss=0.0292  acc=0.9938  lr=2.37e-06
05:10:49 INFO   e5 opt_step=4150/5214  loss=0.0286  acc=0.9937  lr=2.27e-06
05:11:15 INFO   e5 opt_step=4200/5214  loss=0.0282  acc=0.9936  lr=2.16e-06
05:11:41 INFO   e5 opt_step=4250/5214  loss=0.0274  acc=0.9937  lr=2.05e-06
05:12:07 INFO   e5 opt_step=4300/5214  loss=0.0268  acc=0.9939  lr=1.95e-06
05:12:38 INFO [epoch 5/6]  train_loss=0.0280  train_acc=0.9937  val_loss=2.2404  val_acc=0.7381  val_auc=0.7814  elapsed=458.5s
05:12:44 INFO   * saved best.pt  val_acc=0.7381
05:12:47 INFO   e6 opt_step=4350/5214  loss=0.0002  acc=1.0000  lr=1.84e-06
05:13:13 INFO   e6 opt_step=4400/5214  loss=0.0300  acc=0.9943  lr=1.73e-06
05:13:39 INFO   e6 opt_step=4450/5214  loss=0.0158  acc=0.9970  lr=1.63e-06
05:14:05 INFO   e6 opt_step=4500/5214  loss=0.0196  acc=0.9964  lr=1.52e-06
05:14:31 INFO   e6 opt_step=4550/5214  loss=0.0176  acc=0.9970  lr=1.41e-06
05:14:57 INFO   e6 opt_step=4600/5214  loss=0.0149  acc=0.9973  lr=1.31e-06
05:15:23 INFO   e6 opt_step=4650/5214  loss=0.0154  acc=0.9971  lr=1.20e-06
05:15:49 INFO   e6 opt_step=4700/5214  loss=0.0154  acc=0.9972  lr=1.10e-06
05:16:15 INFO   e6 opt_step=4750/5214  loss=0.0135  acc=0.9975  lr=9.89e-07
05:16:42 INFO   e6 opt_step=4800/5214  loss=0.0126  acc=0.9977  lr=8.82e-07
05:17:08 INFO   e6 opt_step=4850/5214  loss=0.0128  acc=0.9976  lr=7.76e-07
05:17:34 INFO   e6 opt_step=4900/5214  loss=0.0127  acc=0.9977  lr=6.69e-07
05:18:00 INFO   e6 opt_step=4950/5214  loss=0.0123  acc=0.9978  lr=5.63e-07
05:18:26 INFO   e6 opt_step=5000/5214  loss=0.0129  acc=0.9977  lr=4.56e-07
05:18:52 INFO   e6 opt_step=5050/5214  loss=0.0120  acc=0.9979  lr=3.49e-07
05:19:19 INFO   e6 opt_step=5100/5214  loss=0.0123  acc=0.9977  lr=2.43e-07
05:19:45 INFO   e6 opt_step=5150/5214  loss=0.0121  acc=0.9977  lr=1.36e-07
05:20:11 INFO   e6 opt_step=5200/5214  loss=0.0127  acc=0.9976  lr=2.98e-08
05:20:25 INFO [epoch 6/6]  train_loss=0.0131  train_acc=0.9976  val_loss=2.3262  val_acc=0.7399  val_auc=0.7830  elapsed=460.3s
05:20:31 INFO   * saved best.pt  val_acc=0.7399
05:20:34 INFO saved final.pt  total_time=2741s
05:20:34 INFO loading best.pt for final val/test evaluation …
05:20:41 INFO [val]  acc=0.7399  auc=0.7830  f1=0.7402
05:20:47 INFO [test] loss=2.2796  acc=0.7477  auc=0.7880  f1=0.7471
05:20:47 INFO [done] best_val_acc=0.7399  test_acc=0.7477  test_auc=0.7880  results in runs/crossencoder2x_deberta/new_aep_workflow_scrap
06:16:33 INFO run_dir=runs/crossencoder2x_deberta/new_aep_workflow_scrap  device=cuda  bf16=True
06:16:34 INFO tokenizer <- microsoft/deberta-v3-large
06:16:34 INFO scanning max joint token length across all splits …
13:51:34 INFO run_dir=runs/crossencoder2x_deberta/new_aep_workflow_scrap  device=cuda  bf16=True
13:51:35 INFO tokenizer <- microsoft/deberta-v3-large
13:51:35 INFO scanning max joint token length across all splits …
14:06:03 INFO run_dir=runs/crossencoder2x_deberta/new_aep_workflow_scrap  device=cuda  bf16=True
14:06:04 INFO tokenizer <- microsoft/deberta-v3-large
14:06:04 INFO scanning max joint token length across all splits …
14:06:09 INFO   observed max=422  -> max_seq_len=446  (scan 4.4s)
14:06:09 INFO loading datasets …
14:06:09 INFO   train=13904  val=1676  test=1548
14:06:09 INFO building CrossEncoder2x  backbone=microsoft/deberta-v3-large  n_layers=24  native=True …
14:06:10 INFO   total params=434,013,185
14:06:11 INFO   total_steps=651  warmup_steps=65
14:06:43 INFO   e1 opt_step=50/651  loss=0.7010  acc=0.4991  lr=7.69e-06
14:07:12 INFO   e1 opt_step=100/651  loss=0.7001  acc=0.4992  lr=9.40e-06
14:07:41 INFO   e1 opt_step=150/651  loss=0.6830  acc=0.5358  lr=8.55e-06
14:08:10 INFO   e1 opt_step=200/651  loss=0.6643  acc=0.5716  lr=7.70e-06
14:08:26 INFO [epoch 1/3]  train_loss=0.6550  train_acc=0.5841  val_loss=0.5952  val_acc=0.6879  val_auc=0.7735  elapsed=135.2s
14:08:32 INFO   * saved best.pt  val_acc=0.6879
14:08:51 INFO   e2 opt_step=250/651  loss=0.5026  acc=0.7571  lr=6.84e-06
14:09:19 INFO   e2 opt_step=300/651  loss=0.4824  acc=0.7662  lr=5.99e-06
14:09:48 INFO   e2 opt_step=350/651  loss=0.4639  acc=0.7777  lr=5.14e-06
14:10:16 INFO   e2 opt_step=400/651  loss=0.4520  acc=0.7860  lr=4.28e-06
14:10:41 INFO [epoch 2/3]  train_loss=0.4448  train_acc=0.7914  val_loss=0.6345  val_acc=0.7220  val_auc=0.8077  elapsed=129.1s
14:10:46 INFO   * saved best.pt  val_acc=0.7220
14:10:55 INFO   e3 opt_step=450/651  loss=0.3186  acc=0.8574  lr=3.43e-06
14:11:23 INFO   e3 opt_step=500/651  loss=0.2995  acc=0.8743  lr=2.58e-06
14:11:52 INFO   e3 opt_step=550/651  loss=0.2982  acc=0.8763  lr=1.72e-06
14:12:20 INFO   e3 opt_step=600/651  loss=0.3001  acc=0.8741  lr=8.70e-07
14:12:49 INFO   e3 opt_step=650/651  loss=0.2948  acc=0.8775  lr=1.71e-08
14:12:56 INFO [epoch 3/3]  train_loss=0.2947  train_acc=0.8775  val_loss=0.6933  val_acc=0.7267  val_auc=0.8158  elapsed=129.9s
14:13:02 INFO   * saved best.pt  val_acc=0.7267
14:13:06 INFO saved final.pt  total_time=415s
14:13:06 INFO loading best.pt for final val/test evaluation …
14:13:13 INFO [val]  acc=0.7267  auc=0.8158  f1=0.7296
14:13:19 INFO [test] loss=0.6704  acc=0.7410  auc=0.8213  f1=0.7388
14:13:19 INFO [done] best_val_acc=0.7267  test_acc=0.7410  test_auc=0.8213  results in runs/crossencoder2x_deberta/new_aep_workflow_scrap
