14:18:27 INFO run_dir=/mnt/localssd/baseline_sweep/runs/aep_dataset/all-mpnet-base-v2
14:18:27 INFO device=cuda:0  bf16=True  physical_gpu=3  CUDA_VISIBLE_DEVICES=3
14:18:27 INFO dataset=aep_dataset  model=all-mpnet-base-v2  backbone=sentence-transformers/all-mpnet-base-v2
14:18:27 INFO tokenizer <- sentence-transformers/all-mpnet-base-v2
Warning: You are sending unauthenticated requests to the HF Hub. Please set a HF_TOKEN to enable higher rate limits and faster downloads.
14:18:28 INFO split files: ['directional_train.jsonl', 'directional_val.jsonl', 'directional_test.jsonl']
14:18:28 INFO scanning max token length across all splits ...
[transformers] Token indices sequence length is longer than the specified maximum sequence length for this model (567 > 512). Running this sequence through the model will result in indexing errors
14:19:52 INFO   observed_max=4699 -> max_seq_len=512 (cap=512, scan=84.8s)
14:19:52 INFO loading datasets ...
14:19:53 INFO   schema=standard  train=67500  val=8460  test=8460
14:19:53 INFO building DirectionalClassifier  backbone=sentence-transformers/all-mpnet-base-v2  head=MLP(4d->512->128->1, act=gelu, norm=layer, dropout=0.1)  n_tiers=0
Loading weights:   0%|          | 0/199 [00:00<?, ?it/s]Loading weights: 100%|██████████| 199/199 [00:00<00:00, 6071.49it/s]
Loading weights:   0%|          | 0/199 [00:00<?, ?it/s]Loading weights: 100%|██████████| 199/199 [00:00<00:00, 6786.13it/s]
14:19:54 INFO   hidden_size=768  trainable_params=220,619,521
14:19:54 INFO   total_steps=4220  warmup_steps=422
14:20:31 INFO   e1 step    50/1055  loss=0.7512  acc=0.5847  lr0=2.37e-06 lr1=1.18e-04
14:21:05 INFO   e1 step   100/1055  loss=0.6367  acc=0.6639  lr0=4.74e-06 lr1=2.37e-04
14:21:40 INFO   e1 step   150/1055  loss=0.5670  acc=0.7086  lr0=7.11e-06 lr1=3.55e-04
14:22:15 INFO   e1 step   200/1055  loss=0.5228  acc=0.7375  lr0=9.48e-06 lr1=4.74e-04
14:22:49 INFO   e1 step   250/1055  loss=0.4851  acc=0.7601  lr0=1.18e-05 lr1=5.92e-04
14:23:24 INFO   e1 step   300/1055  loss=0.4571  acc=0.7770  lr0=1.42e-05 lr1=7.11e-04
14:23:58 INFO   e1 step   350/1055  loss=0.4291  acc=0.7939  lr0=1.66e-05 lr1=8.29e-04
14:24:33 INFO   e1 step   400/1055  loss=0.4051  acc=0.8080  lr0=1.90e-05 lr1=9.48e-04
14:25:08 INFO   e1 step   450/1055  loss=0.3848  acc=0.8191  lr0=1.99e-05 lr1=9.93e-04
14:25:42 INFO   e1 step   500/1055  loss=0.3661  acc=0.8297  lr0=1.96e-05 lr1=9.79e-04
14:26:17 INFO   e1 step   550/1055  loss=0.3503  acc=0.8392  lr0=1.93e-05 lr1=9.66e-04
14:26:52 INFO   e1 step   600/1055  loss=0.3350  acc=0.8472  lr0=1.91e-05 lr1=9.53e-04
14:27:26 INFO   e1 step   650/1055  loss=0.3189  acc=0.8552  lr0=1.88e-05 lr1=9.40e-04
14:28:01 INFO   e1 step   700/1055  loss=0.3052  acc=0.8625  lr0=1.85e-05 lr1=9.27e-04
14:28:36 INFO   e1 step   750/1055  loss=0.2921  acc=0.8691  lr0=1.83e-05 lr1=9.14e-04
14:29:10 INFO   e1 step   800/1055  loss=0.2806  acc=0.8749  lr0=1.80e-05 lr1=9.00e-04
14:29:45 INFO   e1 step   850/1055  loss=0.2689  acc=0.8804  lr0=1.77e-05 lr1=8.87e-04
14:30:20 INFO   e1 step   900/1055  loss=0.2589  acc=0.8853  lr0=1.75e-05 lr1=8.74e-04
14:30:54 INFO   e1 step   950/1055  loss=0.2495  acc=0.8897  lr0=1.72e-05 lr1=8.61e-04
14:31:29 INFO   e1 step  1000/1055  loss=0.2412  acc=0.8936  lr0=1.70e-05 lr1=8.48e-04
14:32:04 INFO   e1 step  1050/1055  loss=0.2330  acc=0.8976  lr0=1.67e-05 lr1=8.35e-04
14:32:38 INFO [epoch 1] train_loss=0.2323 train_acc=0.8980  val_loss=0.1664 val_acc=0.9532 val_auc=0.9863  elapsed=764.0s
14:32:39 INFO   saved best.pt  val_acc=0.9532
14:33:14 INFO   e2 step    50/1055  loss=0.0470  acc=0.9847  lr0=1.64e-05 lr1=8.20e-04
14:33:49 INFO   e2 step   100/1055  loss=0.0535  acc=0.9834  lr0=1.61e-05 lr1=8.07e-04
14:34:24 INFO   e2 step   150/1055  loss=0.0494  acc=0.9842  lr0=1.59e-05 lr1=7.94e-04
14:34:58 INFO   e2 step   200/1055  loss=0.0490  acc=0.9846  lr0=1.56e-05 lr1=7.81e-04
14:35:33 INFO   e2 step   250/1055  loss=0.0466  acc=0.9852  lr0=1.54e-05 lr1=7.68e-04
14:36:08 INFO   e2 step   300/1055  loss=0.0442  acc=0.9857  lr0=1.51e-05 lr1=7.54e-04
14:36:42 INFO   e2 step   350/1055  loss=0.0446  acc=0.9854  lr0=1.48e-05 lr1=7.41e-04
14:37:17 INFO   e2 step   400/1055  loss=0.0443  acc=0.9858  lr0=1.46e-05 lr1=7.28e-04
14:37:52 INFO   e2 step   450/1055  loss=0.0450  acc=0.9857  lr0=1.43e-05 lr1=7.15e-04
14:38:26 INFO   e2 step   500/1055  loss=0.0435  acc=0.9862  lr0=1.40e-05 lr1=7.02e-04
14:39:01 INFO   e2 step   550/1055  loss=0.0430  acc=0.9862  lr0=1.38e-05 lr1=6.89e-04
14:39:36 INFO   e2 step   600/1055  loss=0.0419  acc=0.9867  lr0=1.35e-05 lr1=6.75e-04
14:40:10 INFO   e2 step   650/1055  loss=0.0414  acc=0.9868  lr0=1.32e-05 lr1=6.62e-04
14:40:45 INFO   e2 step   700/1055  loss=0.0421  acc=0.9867  lr0=1.30e-05 lr1=6.49e-04
14:41:20 INFO   e2 step   750/1055  loss=0.0412  acc=0.9869  lr0=1.27e-05 lr1=6.36e-04
14:41:54 INFO   e2 step   800/1055  loss=0.0404  acc=0.9872  lr0=1.25e-05 lr1=6.23e-04
14:42:29 INFO   e2 step   850/1055  loss=0.0396  acc=0.9874  lr0=1.22e-05 lr1=6.10e-04
14:43:03 INFO   e2 step   900/1055  loss=0.0393  acc=0.9876  lr0=1.19e-05 lr1=5.96e-04
14:43:38 INFO   e2 step   950/1055  loss=0.0383  acc=0.9880  lr0=1.17e-05 lr1=5.83e-04
14:44:13 INFO   e2 step  1000/1055  loss=0.0374  acc=0.9884  lr0=1.14e-05 lr1=5.70e-04
14:44:47 INFO   e2 step  1050/1055  loss=0.0365  acc=0.9887  lr0=1.11e-05 lr1=5.57e-04
14:45:22 INFO [epoch 2] train_loss=0.0365 train_acc=0.9888  val_loss=0.1548 val_acc=0.9667 val_auc=0.9912  elapsed=763.0s
14:45:24 INFO   saved best.pt  val_acc=0.9667
14:45:59 INFO   e3 step    50/1055  loss=0.0047  acc=0.9994  lr0=1.08e-05 lr1=5.42e-04
14:46:33 INFO   e3 step   100/1055  loss=0.0097  acc=0.9975  lr0=1.06e-05 lr1=5.29e-04
14:47:08 INFO   e3 step   150/1055  loss=0.0106  acc=0.9972  lr0=1.03e-05 lr1=5.16e-04
14:47:43 INFO   e3 step   200/1055  loss=0.0104  acc=0.9973  lr0=1.01e-05 lr1=5.03e-04
14:48:17 INFO   e3 step   250/1055  loss=0.0118  acc=0.9971  lr0=9.79e-06 lr1=4.90e-04
14:48:52 INFO   e3 step   300/1055  loss=0.0114  acc=0.9971  lr0=9.53e-06 lr1=4.77e-04
14:49:27 INFO   e3 step   350/1055  loss=0.0119  acc=0.9968  lr0=9.27e-06 lr1=4.63e-04
14:50:01 INFO   e3 step   400/1055  loss=0.0113  acc=0.9968  lr0=9.00e-06 lr1=4.50e-04
14:50:36 INFO   e3 step   450/1055  loss=0.0110  acc=0.9968  lr0=8.74e-06 lr1=4.37e-04
14:51:11 INFO   e3 step   500/1055  loss=0.0110  acc=0.9968  lr0=8.48e-06 lr1=4.24e-04
14:51:45 INFO   e3 step   550/1055  loss=0.0102  acc=0.9970  lr0=8.21e-06 lr1=4.11e-04
14:52:20 INFO   e3 step   600/1055  loss=0.0102  acc=0.9971  lr0=7.95e-06 lr1=3.98e-04
14:52:55 INFO   e3 step   650/1055  loss=0.0108  acc=0.9969  lr0=7.69e-06 lr1=3.84e-04
14:53:29 INFO   e3 step   700/1055  loss=0.0107  acc=0.9970  lr0=7.42e-06 lr1=3.71e-04
14:54:04 INFO   e3 step   750/1055  loss=0.0107  acc=0.9970  lr0=7.16e-06 lr1=3.58e-04
14:54:39 INFO   e3 step   800/1055  loss=0.0103  acc=0.9971  lr0=6.90e-06 lr1=3.45e-04
14:55:13 INFO   e3 step   850/1055  loss=0.0101  acc=0.9972  lr0=6.64e-06 lr1=3.32e-04
14:55:48 INFO   e3 step   900/1055  loss=0.0104  acc=0.9971  lr0=6.37e-06 lr1=3.19e-04
14:56:23 INFO   e3 step   950/1055  loss=0.0103  acc=0.9972  lr0=6.11e-06 lr1=3.05e-04
14:56:57 INFO   e3 step  1000/1055  loss=0.0101  acc=0.9972  lr0=5.85e-06 lr1=2.92e-04
14:57:32 INFO   e3 step  1050/1055  loss=0.0099  acc=0.9973  lr0=5.58e-06 lr1=2.79e-04
14:58:07 INFO [epoch 3] train_loss=0.0099 train_acc=0.9973  val_loss=0.1893 val_acc=0.9662 val_auc=0.9878  elapsed=763.3s
14:58:42 INFO   e4 step    50/1055  loss=0.0010  acc=0.9997  lr0=5.29e-06 lr1=2.65e-04
14:59:17 INFO   e4 step   100/1055  loss=0.0016  acc=0.9995  lr0=5.03e-06 lr1=2.51e-04
14:59:51 INFO   e4 step   150/1055  loss=0.0016  acc=0.9996  lr0=4.77e-06 lr1=2.38e-04
15:00:26 INFO   e4 step   200/1055  loss=0.0019  acc=0.9995  lr0=4.50e-06 lr1=2.25e-04
15:01:00 INFO   e4 step   250/1055  loss=0.0018  acc=0.9995  lr0=4.24e-06 lr1=2.12e-04
15:01:35 INFO   e4 step   300/1055  loss=0.0020  acc=0.9995  lr0=3.98e-06 lr1=1.99e-04
15:02:10 INFO   e4 step   350/1055  loss=0.0022  acc=0.9995  lr0=3.71e-06 lr1=1.86e-04
15:02:44 INFO   e4 step   400/1055  loss=0.0023  acc=0.9995  lr0=3.45e-06 lr1=1.72e-04
15:03:19 INFO   e4 step   450/1055  loss=0.0021  acc=0.9995  lr0=3.19e-06 lr1=1.59e-04
15:03:53 INFO   e4 step   500/1055  loss=0.0020  acc=0.9995  lr0=2.92e-06 lr1=1.46e-04
15:04:28 INFO   e4 step   550/1055  loss=0.0021  acc=0.9995  lr0=2.66e-06 lr1=1.33e-04
15:05:03 INFO   e4 step   600/1055  loss=0.0020  acc=0.9995  lr0=2.40e-06 lr1=1.20e-04
15:05:38 INFO   e4 step   650/1055  loss=0.0019  acc=0.9995  lr0=2.13e-06 lr1=1.07e-04
15:06:12 INFO   e4 step   700/1055  loss=0.0019  acc=0.9995  lr0=1.87e-06 lr1=9.35e-05
15:06:47 INFO   e4 step   750/1055  loss=0.0018  acc=0.9995  lr0=1.61e-06 lr1=8.03e-05
15:07:22 INFO   e4 step   800/1055  loss=0.0019  acc=0.9995  lr0=1.34e-06 lr1=6.71e-05
15:07:56 INFO   e4 step   850/1055  loss=0.0018  acc=0.9995  lr0=1.08e-06 lr1=5.40e-05
15:08:31 INFO   e4 step   900/1055  loss=0.0019  acc=0.9995  lr0=8.16e-07 lr1=4.08e-05
15:09:05 INFO   e4 step   950/1055  loss=0.0018  acc=0.9995  lr0=5.53e-07 lr1=2.76e-05
15:09:40 INFO   e4 step  1000/1055  loss=0.0019  acc=0.9995  lr0=2.90e-07 lr1=1.45e-05
15:10:15 INFO   e4 step  1050/1055  loss=0.0019  acc=0.9995  lr0=2.63e-08 lr1=1.32e-06
15:10:50 INFO [epoch 4] train_loss=0.0019 train_acc=0.9995  val_loss=0.2054 val_acc=0.9686 val_auc=0.9874  elapsed=762.7s
15:10:51 INFO   saved best.pt  val_acc=0.9686
15:10:52 INFO loading best.pt for test eval
15:11:24 INFO [test] loss=0.4666  acc=0.9329  auc=0.9654  f1=0.9342
15:11:24 INFO [test] per-tier-pair accuracy:
15:11:24 INFO         T1-T2  n=  188  acc=0.8777
15:11:24 INFO         T1-T3  n=  188  acc=0.8989
15:11:24 INFO         T1-T4  n=  188  acc=0.9255
15:11:24 INFO         T1-T6  n=  188  acc=0.9362
15:11:24 INFO         T1-T7  n=  188  acc=0.9362
15:11:24 INFO         T1-T8  n=  188  acc=0.9202
15:11:24 INFO         T1-T9  n=  188  acc=0.9574
15:11:24 INFO        T1-T10  n=  188  acc=0.9787
15:11:24 INFO        T1-T11  n=  188  acc=0.9947
15:11:24 INFO         T2-T3  n=  188  acc=0.8032
15:11:24 INFO         T2-T4  n=  188  acc=0.8298
15:11:24 INFO         T2-T6  n=  188  acc=0.9149
15:11:24 INFO         T2-T7  n=  188  acc=0.9787
15:11:24 INFO         T2-T8  n=  188  acc=0.9787
15:11:24 INFO         T2-T9  n=  188  acc=0.9681
15:11:24 INFO        T2-T10  n=  188  acc=0.9894
15:11:24 INFO        T2-T11  n=  188  acc=0.9894
15:11:24 INFO         T3-T4  n=  188  acc=0.8883
15:11:24 INFO         T3-T6  n=  188  acc=0.9787
15:11:24 INFO         T3-T7  n=  188  acc=0.9840
15:11:24 INFO         T3-T8  n=  188  acc=0.9894
15:11:24 INFO         T3-T9  n=  188  acc=0.9734
15:11:24 INFO        T3-T10  n=  188  acc=1.0000
15:11:24 INFO        T3-T11  n=  188  acc=0.9947
15:11:24 INFO         T4-T6  n=  188  acc=0.8723
15:11:24 INFO         T4-T7  n=  188  acc=0.9043
15:11:24 INFO         T4-T8  n=  188  acc=0.9149
15:11:24 INFO         T4-T9  n=  188  acc=0.8564
15:11:24 INFO        T4-T10  n=  188  acc=0.9787
15:11:24 INFO        T4-T11  n=  188  acc=0.9894
15:11:24 INFO         T6-T7  n=  188  acc=0.8723
15:11:24 INFO         T6-T8  n=  188  acc=0.9574
15:11:24 INFO         T6-T9  n=  188  acc=0.9255
15:11:24 INFO        T6-T10  n=  188  acc=0.9362
15:11:24 INFO        T6-T11  n=  188  acc=0.9840
15:11:24 INFO         T7-T8  n=  188  acc=0.8883
15:11:24 INFO         T7-T9  n=  188  acc=0.9415
15:11:24 INFO        T7-T10  n=  188  acc=0.8883
15:11:24 INFO        T7-T11  n=  188  acc=0.9787
15:11:24 INFO         T8-T9  n=  188  acc=0.9202
15:11:24 INFO        T8-T10  n=  188  acc=0.8298
15:11:24 INFO        T8-T11  n=  188  acc=0.9574
15:11:24 INFO        T9-T10  n=  188  acc=0.8351
15:11:24 INFO        T9-T11  n=  188  acc=0.9521
15:11:24 INFO       T10-T11  n=  188  acc=0.9096
15:11:24 INFO [done] run_summary.json written to /mnt/localssd/baseline_sweep/runs/aep_dataset/all-mpnet-base-v2
