12:38:57 INFO run_dir=/mnt/localssd/baseline_sweep/runs/aep_causal_cls34/e5-large-v2
12:38:57 INFO device=cuda:0  bf16=True  physical_gpu=3  CUDA_VISIBLE_DEVICES=3
12:38:57 INFO dataset=aep_causal_cls34  model=e5-large-v2  backbone=intfloat/e5-large-v2
12:38:57 INFO tokenizer <- intfloat/e5-large-v2
12:38:58 INFO split files: ['directional_train.jsonl', 'directional_val.jsonl', 'directional_test.jsonl']
12:38:58 INFO scanning max token length across all splits ...
12:40:12 INFO   observed_max=497 -> max_seq_len=512 (cap=512, scan=73.9s)
12:40:12 INFO loading datasets ...
12:40:13 INFO   schema=standard  train=110775  val=6004  test=6004
12:40:13 INFO building DirectionalClassifier  backbone=intfloat/e5-large-v2  head=MLP(4d->512->128->1, act=gelu, norm=layer, dropout=0.1)  n_tiers=0
12:40:15 INFO   hidden_size=1024  trainable_params=672,456,705
12:40:15 INFO   total_steps=27696  warmup_steps=2769
12:40:27 INFO   e1 step    50/6924  loss=0.7434  acc=0.5563  lr0=3.61e-07 lr1=1.81e-05
12:40:40 INFO   e1 step   100/6924  loss=0.7168  acc=0.5725  lr0=7.22e-07 lr1=3.61e-05
12:40:51 INFO   e1 step   150/6924  loss=0.6925  acc=0.5983  lr0=1.08e-06 lr1=5.42e-05
12:41:01 INFO   e1 step   200/6924  loss=0.6706  acc=0.6231  lr0=1.44e-06 lr1=7.22e-05
12:41:12 INFO   e1 step   250/6924  loss=0.6490  acc=0.6395  lr0=1.81e-06 lr1=9.03e-05
12:41:22 INFO   e1 step   300/6924  loss=0.6255  acc=0.6548  lr0=2.17e-06 lr1=1.08e-04
12:41:33 INFO   e1 step   350/6924  loss=0.6106  acc=0.6696  lr0=2.53e-06 lr1=1.26e-04
12:41:43 INFO   e1 step   400/6924  loss=0.5883  acc=0.6858  lr0=2.89e-06 lr1=1.44e-04
12:41:53 INFO   e1 step   450/6924  loss=0.5705  acc=0.6993  lr0=3.25e-06 lr1=1.63e-04
12:42:03 INFO   e1 step   500/6924  loss=0.5607  acc=0.7086  lr0=3.61e-06 lr1=1.81e-04
12:42:14 INFO   e1 step   550/6924  loss=0.5478  acc=0.7164  lr0=3.97e-06 lr1=1.99e-04
12:42:24 INFO   e1 step   600/6924  loss=0.5386  acc=0.7239  lr0=4.33e-06 lr1=2.17e-04
12:42:34 INFO   e1 step   650/6924  loss=0.5234  acc=0.7328  lr0=4.69e-06 lr1=2.35e-04
12:42:44 INFO   e1 step   700/6924  loss=0.5104  acc=0.7410  lr0=5.06e-06 lr1=2.53e-04
12:42:55 INFO   e1 step   750/6924  loss=0.4998  acc=0.7472  lr0=5.42e-06 lr1=2.71e-04
12:43:05 INFO   e1 step   800/6924  loss=0.4924  acc=0.7524  lr0=5.78e-06 lr1=2.89e-04
12:43:16 INFO   e1 step   850/6924  loss=0.4857  acc=0.7566  lr0=6.14e-06 lr1=3.07e-04
12:43:26 INFO   e1 step   900/6924  loss=0.4757  acc=0.7622  lr0=6.50e-06 lr1=3.25e-04
12:43:37 INFO   e1 step   950/6924  loss=0.4702  acc=0.7655  lr0=6.86e-06 lr1=3.43e-04
12:43:48 INFO   e1 step  1000/6924  loss=0.4647  acc=0.7691  lr0=7.22e-06 lr1=3.61e-04
12:43:59 INFO   e1 step  1050/6924  loss=0.4568  acc=0.7737  lr0=7.58e-06 lr1=3.79e-04
12:44:09 INFO   e1 step  1100/6924  loss=0.4511  acc=0.7775  lr0=7.95e-06 lr1=3.97e-04
12:44:20 INFO   e1 step  1150/6924  loss=0.4443  acc=0.7816  lr0=8.31e-06 lr1=4.15e-04
12:44:30 INFO   e1 step  1200/6924  loss=0.4377  acc=0.7856  lr0=8.67e-06 lr1=4.33e-04
12:44:41 INFO   e1 step  1250/6924  loss=0.4304  acc=0.7896  lr0=9.03e-06 lr1=4.51e-04
12:44:52 INFO   e1 step  1300/6924  loss=0.4266  acc=0.7923  lr0=9.39e-06 lr1=4.69e-04
12:45:02 INFO   e1 step  1350/6924  loss=0.4201  acc=0.7960  lr0=9.75e-06 lr1=4.88e-04
12:45:13 INFO   e1 step  1400/6924  loss=0.4151  acc=0.7995  lr0=1.01e-05 lr1=5.06e-04
12:45:23 INFO   e1 step  1450/6924  loss=0.4109  acc=0.8023  lr0=1.05e-05 lr1=5.24e-04
12:45:34 INFO   e1 step  1500/6924  loss=0.4064  acc=0.8052  lr0=1.08e-05 lr1=5.42e-04
12:45:45 INFO   e1 step  1550/6924  loss=0.4002  acc=0.8082  lr0=1.12e-05 lr1=5.60e-04
12:45:55 INFO   e1 step  1600/6924  loss=0.3974  acc=0.8109  lr0=1.16e-05 lr1=5.78e-04
12:46:06 INFO   e1 step  1650/6924  loss=0.3943  acc=0.8129  lr0=1.19e-05 lr1=5.96e-04
12:46:17 INFO   e1 step  1700/6924  loss=0.3915  acc=0.8145  lr0=1.23e-05 lr1=6.14e-04
12:46:28 INFO   e1 step  1750/6924  loss=0.3877  acc=0.8165  lr0=1.26e-05 lr1=6.32e-04
12:46:38 INFO   e1 step  1800/6924  loss=0.3853  acc=0.8183  lr0=1.30e-05 lr1=6.50e-04
12:46:48 INFO   e1 step  1850/6924  loss=0.3824  acc=0.8202  lr0=1.34e-05 lr1=6.68e-04
12:46:59 INFO   e1 step  1900/6924  loss=0.3794  acc=0.8222  lr0=1.37e-05 lr1=6.86e-04
12:47:10 INFO   e1 step  1950/6924  loss=0.3753  acc=0.8246  lr0=1.41e-05 lr1=7.04e-04
12:47:21 INFO   e1 step  2000/6924  loss=0.3718  acc=0.8267  lr0=1.44e-05 lr1=7.22e-04
12:47:31 INFO   e1 step  2050/6924  loss=0.3695  acc=0.8283  lr0=1.48e-05 lr1=7.40e-04
12:47:42 INFO   e1 step  2100/6924  loss=0.3667  acc=0.8300  lr0=1.52e-05 lr1=7.58e-04
12:47:52 INFO   e1 step  2150/6924  loss=0.3652  acc=0.8313  lr0=1.55e-05 lr1=7.76e-04
12:48:03 INFO   e1 step  2200/6924  loss=0.3623  acc=0.8331  lr0=1.59e-05 lr1=7.95e-04
12:48:14 INFO   e1 step  2250/6924  loss=0.3596  acc=0.8344  lr0=1.63e-05 lr1=8.13e-04
12:48:25 INFO   e1 step  2300/6924  loss=0.3575  acc=0.8355  lr0=1.66e-05 lr1=8.31e-04
12:48:36 INFO   e1 step  2350/6924  loss=0.3557  acc=0.8369  lr0=1.70e-05 lr1=8.49e-04
12:48:46 INFO   e1 step  2400/6924  loss=0.3536  acc=0.8380  lr0=1.73e-05 lr1=8.67e-04
12:48:56 INFO   e1 step  2450/6924  loss=0.3525  acc=0.8390  lr0=1.77e-05 lr1=8.85e-04
12:49:07 INFO   e1 step  2500/6924  loss=0.3506  acc=0.8402  lr0=1.81e-05 lr1=9.03e-04
12:49:17 INFO   e1 step  2550/6924  loss=0.3486  acc=0.8415  lr0=1.84e-05 lr1=9.21e-04
12:49:27 INFO   e1 step  2600/6924  loss=0.3464  acc=0.8429  lr0=1.88e-05 lr1=9.39e-04
12:49:38 INFO   e1 step  2650/6924  loss=0.3443  acc=0.8440  lr0=1.91e-05 lr1=9.57e-04
12:49:48 INFO   e1 step  2700/6924  loss=0.3427  acc=0.8451  lr0=1.95e-05 lr1=9.75e-04
12:49:59 INFO   e1 step  2750/6924  loss=0.3410  acc=0.8461  lr0=1.99e-05 lr1=9.93e-04
12:50:10 INFO   e1 step  2800/6924  loss=0.3391  acc=0.8473  lr0=2.00e-05 lr1=9.99e-04
12:50:21 INFO   e1 step  2850/6924  loss=0.3375  acc=0.8485  lr0=1.99e-05 lr1=9.97e-04
12:50:31 INFO   e1 step  2900/6924  loss=0.3358  acc=0.8494  lr0=1.99e-05 lr1=9.95e-04
12:50:42 INFO   e1 step  2950/6924  loss=0.3340  acc=0.8505  lr0=1.99e-05 lr1=9.93e-04
12:50:52 INFO   e1 step  3000/6924  loss=0.3326  acc=0.8512  lr0=1.98e-05 lr1=9.91e-04
12:51:03 INFO   e1 step  3050/6924  loss=0.3306  acc=0.8525  lr0=1.98e-05 lr1=9.89e-04
12:51:13 INFO   e1 step  3100/6924  loss=0.3286  acc=0.8537  lr0=1.97e-05 lr1=9.87e-04
12:51:24 INFO   e1 step  3150/6924  loss=0.3269  acc=0.8547  lr0=1.97e-05 lr1=9.85e-04
12:51:34 INFO   e1 step  3200/6924  loss=0.3248  acc=0.8560  lr0=1.97e-05 lr1=9.83e-04
12:51:45 INFO   e1 step  3250/6924  loss=0.3234  acc=0.8568  lr0=1.96e-05 lr1=9.81e-04
12:51:55 INFO   e1 step  3300/6924  loss=0.3216  acc=0.8577  lr0=1.96e-05 lr1=9.79e-04
12:52:06 INFO   e1 step  3350/6924  loss=0.3201  acc=0.8587  lr0=1.95e-05 lr1=9.77e-04
12:52:16 INFO   e1 step  3400/6924  loss=0.3187  acc=0.8597  lr0=1.95e-05 lr1=9.75e-04
12:52:27 INFO   e1 step  3450/6924  loss=0.3172  acc=0.8607  lr0=1.95e-05 lr1=9.73e-04
12:52:37 INFO   e1 step  3500/6924  loss=0.3152  acc=0.8617  lr0=1.94e-05 lr1=9.71e-04
12:52:48 INFO   e1 step  3550/6924  loss=0.3133  acc=0.8627  lr0=1.94e-05 lr1=9.69e-04
12:52:58 INFO   e1 step  3600/6924  loss=0.3119  acc=0.8636  lr0=1.93e-05 lr1=9.67e-04
12:53:09 INFO   e1 step  3650/6924  loss=0.3102  acc=0.8645  lr0=1.93e-05 lr1=9.65e-04
12:53:19 INFO   e1 step  3700/6924  loss=0.3087  acc=0.8655  lr0=1.93e-05 lr1=9.63e-04
12:53:30 INFO   e1 step  3750/6924  loss=0.3069  acc=0.8663  lr0=1.92e-05 lr1=9.61e-04
12:53:41 INFO   e1 step  3800/6924  loss=0.3052  acc=0.8674  lr0=1.92e-05 lr1=9.59e-04
12:53:51 INFO   e1 step  3850/6924  loss=0.3034  acc=0.8683  lr0=1.91e-05 lr1=9.57e-04
12:54:02 INFO   e1 step  3900/6924  loss=0.3023  acc=0.8690  lr0=1.91e-05 lr1=9.55e-04
12:54:13 INFO   e1 step  3950/6924  loss=0.3013  acc=0.8696  lr0=1.91e-05 lr1=9.53e-04
12:54:24 INFO   e1 step  4000/6924  loss=0.2995  acc=0.8706  lr0=1.90e-05 lr1=9.51e-04
12:54:34 INFO   e1 step  4050/6924  loss=0.2985  acc=0.8714  lr0=1.90e-05 lr1=9.49e-04
12:54:45 INFO   e1 step  4100/6924  loss=0.2974  acc=0.8721  lr0=1.89e-05 lr1=9.47e-04
12:54:55 INFO   e1 step  4150/6924  loss=0.2957  acc=0.8731  lr0=1.89e-05 lr1=9.45e-04
12:55:05 INFO   e1 step  4200/6924  loss=0.2942  acc=0.8739  lr0=1.89e-05 lr1=9.43e-04
12:55:16 INFO   e1 step  4250/6924  loss=0.2925  acc=0.8749  lr0=1.88e-05 lr1=9.41e-04
12:55:27 INFO   e1 step  4300/6924  loss=0.2911  acc=0.8757  lr0=1.88e-05 lr1=9.39e-04
12:55:38 INFO   e1 step  4350/6924  loss=0.2896  acc=0.8766  lr0=1.87e-05 lr1=9.37e-04
12:55:48 INFO   e1 step  4400/6924  loss=0.2882  acc=0.8773  lr0=1.87e-05 lr1=9.35e-04
12:56:00 INFO   e1 step  4450/6924  loss=0.2870  acc=0.8779  lr0=1.87e-05 lr1=9.33e-04
12:56:10 INFO   e1 step  4500/6924  loss=0.2866  acc=0.8784  lr0=1.86e-05 lr1=9.31e-04
12:56:21 INFO   e1 step  4550/6924  loss=0.2852  acc=0.8792  lr0=1.86e-05 lr1=9.29e-04
12:56:32 INFO   e1 step  4600/6924  loss=0.2843  acc=0.8798  lr0=1.85e-05 lr1=9.27e-04
12:56:42 INFO   e1 step  4650/6924  loss=0.2826  acc=0.8807  lr0=1.85e-05 lr1=9.25e-04
12:56:54 INFO   e1 step  4700/6924  loss=0.2814  acc=0.8814  lr0=1.85e-05 lr1=9.23e-04
12:57:05 INFO   e1 step  4750/6924  loss=0.2801  acc=0.8821  lr0=1.84e-05 lr1=9.21e-04
12:57:16 INFO   e1 step  4800/6924  loss=0.2790  acc=0.8827  lr0=1.84e-05 lr1=9.19e-04
12:57:26 INFO   e1 step  4850/6924  loss=0.2776  acc=0.8834  lr0=1.83e-05 lr1=9.17e-04
12:57:36 INFO   e1 step  4900/6924  loss=0.2761  acc=0.8841  lr0=1.83e-05 lr1=9.15e-04
12:57:47 INFO   e1 step  4950/6924  loss=0.2752  acc=0.8846  lr0=1.83e-05 lr1=9.13e-04
12:57:57 INFO   e1 step  5000/6924  loss=0.2744  acc=0.8852  lr0=1.82e-05 lr1=9.10e-04
12:58:07 INFO   e1 step  5050/6924  loss=0.2735  acc=0.8857  lr0=1.82e-05 lr1=9.08e-04
12:58:18 INFO   e1 step  5100/6924  loss=0.2721  acc=0.8864  lr0=1.81e-05 lr1=9.06e-04
12:58:29 INFO   e1 step  5150/6924  loss=0.2707  acc=0.8871  lr0=1.81e-05 lr1=9.04e-04
12:58:39 INFO   e1 step  5200/6924  loss=0.2698  acc=0.8876  lr0=1.80e-05 lr1=9.02e-04
12:58:50 INFO   e1 step  5250/6924  loss=0.2685  acc=0.8883  lr0=1.80e-05 lr1=9.00e-04
12:59:00 INFO   e1 step  5300/6924  loss=0.2671  acc=0.8890  lr0=1.80e-05 lr1=8.98e-04
12:59:11 INFO   e1 step  5350/6924  loss=0.2663  acc=0.8895  lr0=1.79e-05 lr1=8.96e-04
12:59:21 INFO   e1 step  5400/6924  loss=0.2650  acc=0.8902  lr0=1.79e-05 lr1=8.94e-04
12:59:32 INFO   e1 step  5450/6924  loss=0.2638  acc=0.8908  lr0=1.78e-05 lr1=8.92e-04
12:59:43 INFO   e1 step  5500/6924  loss=0.2632  acc=0.8913  lr0=1.78e-05 lr1=8.90e-04
12:59:53 INFO   e1 step  5550/6924  loss=0.2617  acc=0.8920  lr0=1.78e-05 lr1=8.88e-04
13:00:03 INFO   e1 step  5600/6924  loss=0.2604  acc=0.8926  lr0=1.77e-05 lr1=8.86e-04
13:00:14 INFO   e1 step  5650/6924  loss=0.2592  acc=0.8932  lr0=1.77e-05 lr1=8.84e-04
13:00:24 INFO   e1 step  5700/6924  loss=0.2582  acc=0.8937  lr0=1.76e-05 lr1=8.82e-04
13:00:34 INFO   e1 step  5750/6924  loss=0.2571  acc=0.8942  lr0=1.76e-05 lr1=8.80e-04
13:00:45 INFO   e1 step  5800/6924  loss=0.2559  acc=0.8949  lr0=1.76e-05 lr1=8.78e-04
13:00:55 INFO   e1 step  5850/6924  loss=0.2548  acc=0.8954  lr0=1.75e-05 lr1=8.76e-04
13:01:06 INFO   e1 step  5900/6924  loss=0.2536  acc=0.8961  lr0=1.75e-05 lr1=8.74e-04
13:01:16 INFO   e1 step  5950/6924  loss=0.2521  acc=0.8968  lr0=1.74e-05 lr1=8.72e-04
13:01:27 INFO   e1 step  6000/6924  loss=0.2511  acc=0.8973  lr0=1.74e-05 lr1=8.70e-04
13:01:37 INFO   e1 step  6050/6924  loss=0.2501  acc=0.8978  lr0=1.74e-05 lr1=8.68e-04
13:01:48 INFO   e1 step  6100/6924  loss=0.2491  acc=0.8984  lr0=1.73e-05 lr1=8.66e-04
13:01:58 INFO   e1 step  6150/6924  loss=0.2482  acc=0.8988  lr0=1.73e-05 lr1=8.64e-04
13:02:09 INFO   e1 step  6200/6924  loss=0.2473  acc=0.8994  lr0=1.72e-05 lr1=8.62e-04
13:02:19 INFO   e1 step  6250/6924  loss=0.2465  acc=0.8999  lr0=1.72e-05 lr1=8.60e-04
13:02:30 INFO   e1 step  6300/6924  loss=0.2455  acc=0.9004  lr0=1.72e-05 lr1=8.58e-04
13:02:40 INFO   e1 step  6350/6924  loss=0.2446  acc=0.9009  lr0=1.71e-05 lr1=8.56e-04
13:02:51 INFO   e1 step  6400/6924  loss=0.2437  acc=0.9014  lr0=1.71e-05 lr1=8.54e-04
13:03:02 INFO   e1 step  6450/6924  loss=0.2429  acc=0.9019  lr0=1.70e-05 lr1=8.52e-04
13:03:12 INFO   e1 step  6500/6924  loss=0.2420  acc=0.9023  lr0=1.70e-05 lr1=8.50e-04
13:03:23 INFO   e1 step  6550/6924  loss=0.2412  acc=0.9028  lr0=1.70e-05 lr1=8.48e-04
13:03:34 INFO   e1 step  6600/6924  loss=0.2402  acc=0.9032  lr0=1.69e-05 lr1=8.46e-04
13:03:44 INFO   e1 step  6650/6924  loss=0.2392  acc=0.9037  lr0=1.69e-05 lr1=8.44e-04
13:03:55 INFO   e1 step  6700/6924  loss=0.2379  acc=0.9043  lr0=1.68e-05 lr1=8.42e-04
13:04:05 INFO   e1 step  6750/6924  loss=0.2370  acc=0.9048  lr0=1.68e-05 lr1=8.40e-04
13:04:16 INFO   e1 step  6800/6924  loss=0.2360  acc=0.9053  lr0=1.68e-05 lr1=8.38e-04
13:04:27 INFO   e1 step  6850/6924  loss=0.2351  acc=0.9057  lr0=1.67e-05 lr1=8.36e-04
13:04:37 INFO   e1 step  6900/6924  loss=0.2341  acc=0.9062  lr0=1.67e-05 lr1=8.34e-04
13:04:54 INFO [epoch 1] train_loss=0.2336 train_acc=0.9064  val_loss=0.8268 val_acc=0.8233 val_auc=0.9049  elapsed=1478.5s
13:04:57 INFO   saved best.pt  val_acc=0.8233
13:05:07 INFO   e2 step    50/6924  loss=0.1048  acc=0.9637  lr0=1.66e-05 lr1=8.31e-04
13:05:18 INFO   e2 step   100/6924  loss=0.0979  acc=0.9688  lr0=1.66e-05 lr1=8.29e-04
13:05:28 INFO   e2 step   150/6924  loss=0.0942  acc=0.9708  lr0=1.65e-05 lr1=8.27e-04
13:05:39 INFO   e2 step   200/6924  loss=0.1010  acc=0.9691  lr0=1.65e-05 lr1=8.25e-04
13:05:49 INFO   e2 step   250/6924  loss=0.1004  acc=0.9690  lr0=1.65e-05 lr1=8.23e-04
13:05:59 INFO   e2 step   300/6924  loss=0.0997  acc=0.9696  lr0=1.64e-05 lr1=8.21e-04
13:06:09 INFO   e2 step   350/6924  loss=0.1006  acc=0.9705  lr0=1.64e-05 lr1=8.19e-04
13:06:20 INFO   e2 step   400/6924  loss=0.0998  acc=0.9703  lr0=1.63e-05 lr1=8.17e-04
13:06:30 INFO   e2 step   450/6924  loss=0.1059  acc=0.9689  lr0=1.63e-05 lr1=8.15e-04
13:06:41 INFO   e2 step   500/6924  loss=0.1063  acc=0.9685  lr0=1.63e-05 lr1=8.13e-04
13:06:51 INFO   e2 step   550/6924  loss=0.1072  acc=0.9683  lr0=1.62e-05 lr1=8.11e-04
13:07:02 INFO   e2 step   600/6924  loss=0.1067  acc=0.9690  lr0=1.62e-05 lr1=8.09e-04
13:07:12 INFO   e2 step   650/6924  loss=0.1045  acc=0.9698  lr0=1.61e-05 lr1=8.07e-04
13:07:23 INFO   e2 step   700/6924  loss=0.1044  acc=0.9696  lr0=1.61e-05 lr1=8.05e-04
13:07:33 INFO   e2 step   750/6924  loss=0.1020  acc=0.9701  lr0=1.61e-05 lr1=8.03e-04
13:07:44 INFO   e2 step   800/6924  loss=0.0992  acc=0.9705  lr0=1.60e-05 lr1=8.01e-04
13:07:54 INFO   e2 step   850/6924  loss=0.0994  acc=0.9704  lr0=1.60e-05 lr1=7.99e-04
13:08:04 INFO   e2 step   900/6924  loss=0.0984  acc=0.9706  lr0=1.59e-05 lr1=7.97e-04
13:08:15 INFO   e2 step   950/6924  loss=0.0976  acc=0.9709  lr0=1.59e-05 lr1=7.95e-04
13:08:25 INFO   e2 step  1000/6924  loss=0.0958  acc=0.9716  lr0=1.59e-05 lr1=7.93e-04
13:08:35 INFO   e2 step  1050/6924  loss=0.0948  acc=0.9719  lr0=1.58e-05 lr1=7.91e-04
13:08:46 INFO   e2 step  1100/6924  loss=0.0958  acc=0.9712  lr0=1.58e-05 lr1=7.89e-04
13:08:56 INFO   e2 step  1150/6924  loss=0.0960  acc=0.9712  lr0=1.57e-05 lr1=7.87e-04
13:09:07 INFO   e2 step  1200/6924  loss=0.0964  acc=0.9710  lr0=1.57e-05 lr1=7.85e-04
13:09:17 INFO   e2 step  1250/6924  loss=0.0962  acc=0.9710  lr0=1.57e-05 lr1=7.83e-04
13:09:27 INFO   e2 step  1300/6924  loss=0.0973  acc=0.9708  lr0=1.56e-05 lr1=7.81e-04
13:09:37 INFO   e2 step  1350/6924  loss=0.0955  acc=0.9712  lr0=1.56e-05 lr1=7.79e-04
13:09:48 INFO   e2 step  1400/6924  loss=0.0960  acc=0.9712  lr0=1.55e-05 lr1=7.77e-04
13:09:58 INFO   e2 step  1450/6924  loss=0.0958  acc=0.9712  lr0=1.55e-05 lr1=7.75e-04
13:10:08 INFO   e2 step  1500/6924  loss=0.0951  acc=0.9713  lr0=1.55e-05 lr1=7.73e-04
13:10:19 INFO   e2 step  1550/6924  loss=0.0959  acc=0.9713  lr0=1.54e-05 lr1=7.71e-04
13:10:29 INFO   e2 step  1600/6924  loss=0.0962  acc=0.9713  lr0=1.54e-05 lr1=7.69e-04
13:10:40 INFO   e2 step  1650/6924  loss=0.0958  acc=0.9713  lr0=1.53e-05 lr1=7.67e-04
13:10:50 INFO   e2 step  1700/6924  loss=0.0955  acc=0.9715  lr0=1.53e-05 lr1=7.65e-04
13:11:00 INFO   e2 step  1750/6924  loss=0.0955  acc=0.9715  lr0=1.53e-05 lr1=7.63e-04
13:11:11 INFO   e2 step  1800/6924  loss=0.0942  acc=0.9719  lr0=1.52e-05 lr1=7.61e-04
13:11:21 INFO   e2 step  1850/6924  loss=0.0942  acc=0.9720  lr0=1.52e-05 lr1=7.59e-04
13:11:31 INFO   e2 step  1900/6924  loss=0.0937  acc=0.9720  lr0=1.51e-05 lr1=7.57e-04
13:11:42 INFO   e2 step  1950/6924  loss=0.0951  acc=0.9715  lr0=1.51e-05 lr1=7.55e-04
13:11:52 INFO   e2 step  2000/6924  loss=0.0944  acc=0.9714  lr0=1.51e-05 lr1=7.53e-04
13:12:03 INFO   e2 step  2050/6924  loss=0.0946  acc=0.9713  lr0=1.50e-05 lr1=7.51e-04
13:12:13 INFO   e2 step  2100/6924  loss=0.0938  acc=0.9714  lr0=1.50e-05 lr1=7.49e-04
13:12:24 INFO   e2 step  2150/6924  loss=0.0947  acc=0.9712  lr0=1.49e-05 lr1=7.47e-04
13:12:34 INFO   e2 step  2200/6924  loss=0.0950  acc=0.9711  lr0=1.49e-05 lr1=7.45e-04
13:12:45 INFO   e2 step  2250/6924  loss=0.0949  acc=0.9712  lr0=1.49e-05 lr1=7.43e-04
13:12:55 INFO   e2 step  2300/6924  loss=0.0951  acc=0.9712  lr0=1.48e-05 lr1=7.41e-04
13:13:05 INFO   e2 step  2350/6924  loss=0.0953  acc=0.9712  lr0=1.48e-05 lr1=7.39e-04
13:13:16 INFO   e2 step  2400/6924  loss=0.0954  acc=0.9712  lr0=1.47e-05 lr1=7.37e-04
13:13:26 INFO   e2 step  2450/6924  loss=0.0949  acc=0.9714  lr0=1.47e-05 lr1=7.35e-04
13:13:37 INFO   e2 step  2500/6924  loss=0.0950  acc=0.9715  lr0=1.47e-05 lr1=7.33e-04
13:13:47 INFO   e2 step  2550/6924  loss=0.0946  acc=0.9715  lr0=1.46e-05 lr1=7.31e-04
13:13:57 INFO   e2 step  2600/6924  loss=0.0944  acc=0.9716  lr0=1.46e-05 lr1=7.29e-04
13:14:07 INFO   e2 step  2650/6924  loss=0.0951  acc=0.9715  lr0=1.45e-05 lr1=7.27e-04
13:14:18 INFO   e2 step  2700/6924  loss=0.0951  acc=0.9715  lr0=1.45e-05 lr1=7.25e-04
13:14:29 INFO   e2 step  2750/6924  loss=0.0945  acc=0.9717  lr0=1.45e-05 lr1=7.23e-04
13:14:39 INFO   e2 step  2800/6924  loss=0.0948  acc=0.9716  lr0=1.44e-05 lr1=7.21e-04
13:14:49 INFO   e2 step  2850/6924  loss=0.0944  acc=0.9717  lr0=1.44e-05 lr1=7.19e-04
13:15:00 INFO   e2 step  2900/6924  loss=0.0938  acc=0.9719  lr0=1.43e-05 lr1=7.17e-04
13:15:11 INFO   e2 step  2950/6924  loss=0.0937  acc=0.9720  lr0=1.43e-05 lr1=7.15e-04
13:15:21 INFO   e2 step  3000/6924  loss=0.0942  acc=0.9719  lr0=1.43e-05 lr1=7.13e-04
13:15:32 INFO   e2 step  3050/6924  loss=0.0941  acc=0.9720  lr0=1.42e-05 lr1=7.11e-04
13:15:42 INFO   e2 step  3100/6924  loss=0.0941  acc=0.9720  lr0=1.42e-05 lr1=7.09e-04
13:15:52 INFO   e2 step  3150/6924  loss=0.0935  acc=0.9721  lr0=1.41e-05 lr1=7.07e-04
13:16:03 INFO   e2 step  3200/6924  loss=0.0932  acc=0.9722  lr0=1.41e-05 lr1=7.05e-04
13:16:13 INFO   e2 step  3250/6924  loss=0.0924  acc=0.9724  lr0=1.41e-05 lr1=7.03e-04
13:16:24 INFO   e2 step  3300/6924  loss=0.0919  acc=0.9724  lr0=1.40e-05 lr1=7.01e-04
13:16:34 INFO   e2 step  3350/6924  loss=0.0913  acc=0.9726  lr0=1.40e-05 lr1=6.99e-04
13:16:45 INFO   e2 step  3400/6924  loss=0.0907  acc=0.9728  lr0=1.39e-05 lr1=6.97e-04
13:16:55 INFO   e2 step  3450/6924  loss=0.0904  acc=0.9729  lr0=1.39e-05 lr1=6.95e-04
13:17:05 INFO   e2 step  3500/6924  loss=0.0902  acc=0.9730  lr0=1.39e-05 lr1=6.93e-04
13:17:16 INFO   e2 step  3550/6924  loss=0.0898  acc=0.9731  lr0=1.38e-05 lr1=6.91e-04
13:17:27 INFO   e2 step  3600/6924  loss=0.0894  acc=0.9732  lr0=1.38e-05 lr1=6.89e-04
13:17:37 INFO   e2 step  3650/6924  loss=0.0887  acc=0.9733  lr0=1.37e-05 lr1=6.87e-04
13:17:47 INFO   e2 step  3700/6924  loss=0.0887  acc=0.9733  lr0=1.37e-05 lr1=6.85e-04
13:17:58 INFO   e2 step  3750/6924  loss=0.0886  acc=0.9734  lr0=1.37e-05 lr1=6.83e-04
13:18:09 INFO   e2 step  3800/6924  loss=0.0880  acc=0.9736  lr0=1.36e-05 lr1=6.81e-04
13:18:19 INFO   e2 step  3850/6924  loss=0.0877  acc=0.9737  lr0=1.36e-05 lr1=6.79e-04
13:18:29 INFO   e2 step  3900/6924  loss=0.0870  acc=0.9739  lr0=1.35e-05 lr1=6.77e-04
13:18:40 INFO   e2 step  3950/6924  loss=0.0868  acc=0.9739  lr0=1.35e-05 lr1=6.75e-04
13:18:51 INFO   e2 step  4000/6924  loss=0.0863  acc=0.9741  lr0=1.35e-05 lr1=6.73e-04
13:19:01 INFO   e2 step  4050/6924  loss=0.0865  acc=0.9741  lr0=1.34e-05 lr1=6.71e-04
13:19:12 INFO   e2 step  4100/6924  loss=0.0859  acc=0.9743  lr0=1.34e-05 lr1=6.69e-04
13:19:22 INFO   e2 step  4150/6924  loss=0.0858  acc=0.9743  lr0=1.33e-05 lr1=6.67e-04
13:19:33 INFO   e2 step  4200/6924  loss=0.0855  acc=0.9744  lr0=1.33e-05 lr1=6.65e-04
13:19:43 INFO   e2 step  4250/6924  loss=0.0854  acc=0.9743  lr0=1.33e-05 lr1=6.63e-04
13:19:54 INFO   e2 step  4300/6924  loss=0.0851  acc=0.9745  lr0=1.32e-05 lr1=6.61e-04
13:20:04 INFO   e2 step  4350/6924  loss=0.0852  acc=0.9745  lr0=1.32e-05 lr1=6.59e-04
13:20:14 INFO   e2 step  4400/6924  loss=0.0850  acc=0.9746  lr0=1.31e-05 lr1=6.57e-04
13:20:25 INFO   e2 step  4450/6924  loss=0.0847  acc=0.9747  lr0=1.31e-05 lr1=6.55e-04
13:20:35 INFO   e2 step  4500/6924  loss=0.0846  acc=0.9747  lr0=1.31e-05 lr1=6.53e-04
13:20:45 INFO   e2 step  4550/6924  loss=0.0843  acc=0.9749  lr0=1.30e-05 lr1=6.51e-04
13:20:56 INFO   e2 step  4600/6924  loss=0.0843  acc=0.9749  lr0=1.30e-05 lr1=6.49e-04
13:21:06 INFO   e2 step  4650/6924  loss=0.0841  acc=0.9749  lr0=1.29e-05 lr1=6.47e-04
13:21:16 INFO   e2 step  4700/6924  loss=0.0839  acc=0.9750  lr0=1.29e-05 lr1=6.45e-04
13:21:26 INFO   e2 step  4750/6924  loss=0.0838  acc=0.9750  lr0=1.29e-05 lr1=6.43e-04
13:21:37 INFO   e2 step  4800/6924  loss=0.0840  acc=0.9749  lr0=1.28e-05 lr1=6.41e-04
13:21:48 INFO   e2 step  4850/6924  loss=0.0836  acc=0.9750  lr0=1.28e-05 lr1=6.39e-04
13:21:58 INFO   e2 step  4900/6924  loss=0.0832  acc=0.9751  lr0=1.27e-05 lr1=6.37e-04
13:22:08 INFO   e2 step  4950/6924  loss=0.0831  acc=0.9751  lr0=1.27e-05 lr1=6.35e-04
13:22:18 INFO   e2 step  5000/6924  loss=0.0829  acc=0.9752  lr0=1.27e-05 lr1=6.33e-04
13:22:29 INFO   e2 step  5050/6924  loss=0.0826  acc=0.9753  lr0=1.26e-05 lr1=6.31e-04
13:22:39 INFO   e2 step  5100/6924  loss=0.0827  acc=0.9753  lr0=1.26e-05 lr1=6.29e-04
13:22:49 INFO   e2 step  5150/6924  loss=0.0824  acc=0.9753  lr0=1.25e-05 lr1=6.27e-04
13:23:00 INFO   e2 step  5200/6924  loss=0.0823  acc=0.9753  lr0=1.25e-05 lr1=6.25e-04
13:23:10 INFO   e2 step  5250/6924  loss=0.0823  acc=0.9753  lr0=1.25e-05 lr1=6.23e-04
13:23:20 INFO   e2 step  5300/6924  loss=0.0823  acc=0.9753  lr0=1.24e-05 lr1=6.21e-04
13:23:31 INFO   e2 step  5350/6924  loss=0.0820  acc=0.9755  lr0=1.24e-05 lr1=6.19e-04
13:23:41 INFO   e2 step  5400/6924  loss=0.0821  acc=0.9755  lr0=1.23e-05 lr1=6.17e-04
13:23:52 INFO   e2 step  5450/6924  loss=0.0820  acc=0.9755  lr0=1.23e-05 lr1=6.15e-04
13:24:02 INFO   e2 step  5500/6924  loss=0.0818  acc=0.9755  lr0=1.23e-05 lr1=6.13e-04
13:24:12 INFO   e2 step  5550/6924  loss=0.0816  acc=0.9756  lr0=1.22e-05 lr1=6.11e-04
13:24:22 INFO   e2 step  5600/6924  loss=0.0815  acc=0.9756  lr0=1.22e-05 lr1=6.09e-04
13:24:33 INFO   e2 step  5650/6924  loss=0.0813  acc=0.9757  lr0=1.21e-05 lr1=6.07e-04
13:24:43 INFO   e2 step  5700/6924  loss=0.0810  acc=0.9758  lr0=1.21e-05 lr1=6.05e-04
13:24:53 INFO   e2 step  5750/6924  loss=0.0811  acc=0.9757  lr0=1.21e-05 lr1=6.03e-04
13:25:04 INFO   e2 step  5800/6924  loss=0.0808  acc=0.9758  lr0=1.20e-05 lr1=6.01e-04
13:25:14 INFO   e2 step  5850/6924  loss=0.0808  acc=0.9758  lr0=1.20e-05 lr1=5.99e-04
13:25:24 INFO   e2 step  5900/6924  loss=0.0807  acc=0.9759  lr0=1.19e-05 lr1=5.97e-04
13:25:34 INFO   e2 step  5950/6924  loss=0.0804  acc=0.9760  lr0=1.19e-05 lr1=5.95e-04
13:25:45 INFO   e2 step  6000/6924  loss=0.0801  acc=0.9761  lr0=1.19e-05 lr1=5.93e-04
13:25:55 INFO   e2 step  6050/6924  loss=0.0803  acc=0.9761  lr0=1.18e-05 lr1=5.91e-04
13:26:06 INFO   e2 step  6100/6924  loss=0.0801  acc=0.9761  lr0=1.18e-05 lr1=5.89e-04
13:26:16 INFO   e2 step  6150/6924  loss=0.0798  acc=0.9762  lr0=1.17e-05 lr1=5.87e-04
13:26:26 INFO   e2 step  6200/6924  loss=0.0799  acc=0.9762  lr0=1.17e-05 lr1=5.85e-04
13:26:37 INFO   e2 step  6250/6924  loss=0.0801  acc=0.9762  lr0=1.17e-05 lr1=5.83e-04
13:26:47 INFO   e2 step  6300/6924  loss=0.0799  acc=0.9762  lr0=1.16e-05 lr1=5.81e-04
13:26:57 INFO   e2 step  6350/6924  loss=0.0796  acc=0.9762  lr0=1.16e-05 lr1=5.79e-04
13:27:08 INFO   e2 step  6400/6924  loss=0.0793  acc=0.9763  lr0=1.15e-05 lr1=5.77e-04
13:27:18 INFO   e2 step  6450/6924  loss=0.0790  acc=0.9763  lr0=1.15e-05 lr1=5.75e-04
13:27:29 INFO   e2 step  6500/6924  loss=0.0789  acc=0.9764  lr0=1.15e-05 lr1=5.73e-04
13:27:39 INFO   e2 step  6550/6924  loss=0.0785  acc=0.9765  lr0=1.14e-05 lr1=5.71e-04
13:27:49 INFO   e2 step  6600/6924  loss=0.0783  acc=0.9766  lr0=1.14e-05 lr1=5.69e-04
13:27:59 INFO   e2 step  6650/6924  loss=0.0782  acc=0.9766  lr0=1.13e-05 lr1=5.67e-04
13:28:09 INFO   e2 step  6700/6924  loss=0.0780  acc=0.9767  lr0=1.13e-05 lr1=5.65e-04
13:28:20 INFO   e2 step  6750/6924  loss=0.0780  acc=0.9767  lr0=1.13e-05 lr1=5.63e-04
13:28:30 INFO   e2 step  6800/6924  loss=0.0776  acc=0.9768  lr0=1.12e-05 lr1=5.61e-04
13:28:41 INFO   e2 step  6850/6924  loss=0.0773  acc=0.9769  lr0=1.12e-05 lr1=5.59e-04
13:28:51 INFO   e2 step  6900/6924  loss=0.0771  acc=0.9769  lr0=1.11e-05 lr1=5.57e-04
13:29:08 INFO [epoch 2] train_loss=0.0771 train_acc=0.9769  val_loss=0.8667 val_acc=0.8573 val_auc=0.8945  elapsed=1451.5s
13:29:13 INFO   saved best.pt  val_acc=0.8573
13:29:23 INFO   e3 step    50/6924  loss=0.0539  acc=0.9800  lr0=1.11e-05 lr1=5.54e-04
13:29:33 INFO   e3 step   100/6924  loss=0.0443  acc=0.9831  lr0=1.10e-05 lr1=5.52e-04
13:29:44 INFO   e3 step   150/6924  loss=0.0424  acc=0.9846  lr0=1.10e-05 lr1=5.50e-04
13:29:54 INFO   e3 step   200/6924  loss=0.0414  acc=0.9850  lr0=1.10e-05 lr1=5.48e-04
13:30:05 INFO   e3 step   250/6924  loss=0.0401  acc=0.9855  lr0=1.09e-05 lr1=5.46e-04
13:30:15 INFO   e3 step   300/6924  loss=0.0388  acc=0.9852  lr0=1.09e-05 lr1=5.44e-04
13:30:25 INFO   e3 step   350/6924  loss=0.0400  acc=0.9848  lr0=1.08e-05 lr1=5.42e-04
13:30:35 INFO   e3 step   400/6924  loss=0.0399  acc=0.9845  lr0=1.08e-05 lr1=5.39e-04
13:30:46 INFO   e3 step   450/6924  loss=0.0393  acc=0.9849  lr0=1.07e-05 lr1=5.37e-04
13:30:56 INFO   e3 step   500/6924  loss=0.0386  acc=0.9851  lr0=1.07e-05 lr1=5.35e-04
13:31:06 INFO   e3 step   550/6924  loss=0.0373  acc=0.9851  lr0=1.07e-05 lr1=5.33e-04
13:31:17 INFO   e3 step   600/6924  loss=0.0385  acc=0.9851  lr0=1.06e-05 lr1=5.31e-04
13:31:27 INFO   e3 step   650/6924  loss=0.0371  acc=0.9852  lr0=1.06e-05 lr1=5.29e-04
13:31:37 INFO   e3 step   700/6924  loss=0.0375  acc=0.9850  lr0=1.05e-05 lr1=5.27e-04
13:31:48 INFO   e3 step   750/6924  loss=0.0388  acc=0.9851  lr0=1.05e-05 lr1=5.25e-04
13:31:58 INFO   e3 step   800/6924  loss=0.0385  acc=0.9853  lr0=1.05e-05 lr1=5.23e-04
13:32:08 INFO   e3 step   850/6924  loss=0.0381  acc=0.9855  lr0=1.04e-05 lr1=5.21e-04
13:32:18 INFO   e3 step   900/6924  loss=0.0364  acc=0.9860  lr0=1.04e-05 lr1=5.19e-04
13:32:29 INFO   e3 step   950/6924  loss=0.0365  acc=0.9863  lr0=1.03e-05 lr1=5.17e-04
13:32:39 INFO   e3 step  1000/6924  loss=0.0360  acc=0.9863  lr0=1.03e-05 lr1=5.15e-04
13:32:50 INFO   e3 step  1050/6924  loss=0.0359  acc=0.9867  lr0=1.03e-05 lr1=5.13e-04
13:33:00 INFO   e3 step  1100/6924  loss=0.0365  acc=0.9867  lr0=1.02e-05 lr1=5.11e-04
13:33:10 INFO   e3 step  1150/6924  loss=0.0384  acc=0.9865  lr0=1.02e-05 lr1=5.09e-04
13:33:21 INFO   e3 step  1200/6924  loss=0.0393  acc=0.9862  lr0=1.01e-05 lr1=5.07e-04
13:33:31 INFO   e3 step  1250/6924  loss=0.0399  acc=0.9862  lr0=1.01e-05 lr1=5.05e-04
13:33:42 INFO   e3 step  1300/6924  loss=0.0402  acc=0.9861  lr0=1.01e-05 lr1=5.03e-04
13:33:52 INFO   e3 step  1350/6924  loss=0.0398  acc=0.9860  lr0=1.00e-05 lr1=5.01e-04
13:34:03 INFO   e3 step  1400/6924  loss=0.0392  acc=0.9863  lr0=9.99e-06 lr1=4.99e-04
13:34:13 INFO   e3 step  1450/6924  loss=0.0387  acc=0.9863  lr0=9.95e-06 lr1=4.97e-04
13:34:23 INFO   e3 step  1500/6924  loss=0.0381  acc=0.9864  lr0=9.91e-06 lr1=4.95e-04
13:34:34 INFO   e3 step  1550/6924  loss=0.0379  acc=0.9864  lr0=9.87e-06 lr1=4.93e-04
13:34:44 INFO   e3 step  1600/6924  loss=0.0380  acc=0.9865  lr0=9.83e-06 lr1=4.91e-04
13:34:55 INFO   e3 step  1650/6924  loss=0.0389  acc=0.9864  lr0=9.79e-06 lr1=4.89e-04
13:35:05 INFO   e3 step  1700/6924  loss=0.0384  acc=0.9863  lr0=9.75e-06 lr1=4.87e-04
13:35:16 INFO   e3 step  1750/6924  loss=0.0379  acc=0.9865  lr0=9.71e-06 lr1=4.85e-04
13:35:26 INFO   e3 step  1800/6924  loss=0.0382  acc=0.9865  lr0=9.67e-06 lr1=4.83e-04
13:35:36 INFO   e3 step  1850/6924  loss=0.0389  acc=0.9864  lr0=9.63e-06 lr1=4.81e-04
13:35:47 INFO   e3 step  1900/6924  loss=0.0393  acc=0.9863  lr0=9.59e-06 lr1=4.79e-04
13:35:57 INFO   e3 step  1950/6924  loss=0.0393  acc=0.9862  lr0=9.55e-06 lr1=4.77e-04
13:36:07 INFO   e3 step  2000/6924  loss=0.0401  acc=0.9861  lr0=9.51e-06 lr1=4.75e-04
13:36:17 INFO   e3 step  2050/6924  loss=0.0409  acc=0.9859  lr0=9.47e-06 lr1=4.73e-04
13:36:28 INFO   e3 step  2100/6924  loss=0.0414  acc=0.9857  lr0=9.43e-06 lr1=4.71e-04
13:36:39 INFO   e3 step  2150/6924  loss=0.0415  acc=0.9856  lr0=9.39e-06 lr1=4.69e-04
13:36:49 INFO   e3 step  2200/6924  loss=0.0419  acc=0.9855  lr0=9.35e-06 lr1=4.67e-04
13:37:00 INFO   e3 step  2250/6924  loss=0.0420  acc=0.9855  lr0=9.31e-06 lr1=4.65e-04
13:37:10 INFO   e3 step  2300/6924  loss=0.0419  acc=0.9855  lr0=9.27e-06 lr1=4.63e-04
13:37:21 INFO   e3 step  2350/6924  loss=0.0423  acc=0.9853  lr0=9.23e-06 lr1=4.61e-04
13:37:31 INFO   e3 step  2400/6924  loss=0.0429  acc=0.9852  lr0=9.19e-06 lr1=4.59e-04
13:37:42 INFO   e3 step  2450/6924  loss=0.0428  acc=0.9853  lr0=9.15e-06 lr1=4.57e-04
13:37:52 INFO   e3 step  2500/6924  loss=0.0430  acc=0.9852  lr0=9.10e-06 lr1=4.55e-04
13:38:02 INFO   e3 step  2550/6924  loss=0.0429  acc=0.9853  lr0=9.06e-06 lr1=4.53e-04
13:38:13 INFO   e3 step  2600/6924  loss=0.0424  acc=0.9854  lr0=9.02e-06 lr1=4.51e-04
13:38:23 INFO   e3 step  2650/6924  loss=0.0421  acc=0.9855  lr0=8.98e-06 lr1=4.49e-04
13:38:33 INFO   e3 step  2700/6924  loss=0.0417  acc=0.9856  lr0=8.94e-06 lr1=4.47e-04
13:38:44 INFO   e3 step  2750/6924  loss=0.0417  acc=0.9857  lr0=8.90e-06 lr1=4.45e-04
13:38:54 INFO   e3 step  2800/6924  loss=0.0421  acc=0.9858  lr0=8.86e-06 lr1=4.43e-04
13:39:05 INFO   e3 step  2850/6924  loss=0.0420  acc=0.9857  lr0=8.82e-06 lr1=4.41e-04
13:39:15 INFO   e3 step  2900/6924  loss=0.0423  acc=0.9858  lr0=8.78e-06 lr1=4.39e-04
13:39:25 INFO   e3 step  2950/6924  loss=0.0420  acc=0.9858  lr0=8.74e-06 lr1=4.37e-04
13:39:36 INFO   e3 step  3000/6924  loss=0.0418  acc=0.9859  lr0=8.70e-06 lr1=4.35e-04
13:39:46 INFO   e3 step  3050/6924  loss=0.0417  acc=0.9859  lr0=8.66e-06 lr1=4.33e-04
13:39:57 INFO   e3 step  3100/6924  loss=0.0419  acc=0.9858  lr0=8.62e-06 lr1=4.31e-04
13:40:07 INFO   e3 step  3150/6924  loss=0.0416  acc=0.9860  lr0=8.58e-06 lr1=4.29e-04
13:40:18 INFO   e3 step  3200/6924  loss=0.0413  acc=0.9861  lr0=8.54e-06 lr1=4.27e-04
13:40:28 INFO   e3 step  3250/6924  loss=0.0413  acc=0.9860  lr0=8.50e-06 lr1=4.25e-04
13:40:38 INFO   e3 step  3300/6924  loss=0.0412  acc=0.9861  lr0=8.46e-06 lr1=4.23e-04
13:40:49 INFO   e3 step  3350/6924  loss=0.0411  acc=0.9861  lr0=8.42e-06 lr1=4.21e-04
13:40:59 INFO   e3 step  3400/6924  loss=0.0411  acc=0.9861  lr0=8.38e-06 lr1=4.19e-04
13:41:10 INFO   e3 step  3450/6924  loss=0.0409  acc=0.9861  lr0=8.34e-06 lr1=4.17e-04
13:41:20 INFO   e3 step  3500/6924  loss=0.0411  acc=0.9861  lr0=8.30e-06 lr1=4.15e-04
13:41:30 INFO   e3 step  3550/6924  loss=0.0410  acc=0.9861  lr0=8.26e-06 lr1=4.13e-04
13:41:41 INFO   e3 step  3600/6924  loss=0.0416  acc=0.9860  lr0=8.22e-06 lr1=4.11e-04
13:41:51 INFO   e3 step  3650/6924  loss=0.0415  acc=0.9860  lr0=8.18e-06 lr1=4.09e-04
13:42:01 INFO   e3 step  3700/6924  loss=0.0413  acc=0.9861  lr0=8.14e-06 lr1=4.07e-04
13:42:12 INFO   e3 step  3750/6924  loss=0.0411  acc=0.9862  lr0=8.10e-06 lr1=4.05e-04
13:42:22 INFO   e3 step  3800/6924  loss=0.0412  acc=0.9862  lr0=8.06e-06 lr1=4.03e-04
13:42:33 INFO   e3 step  3850/6924  loss=0.0412  acc=0.9863  lr0=8.02e-06 lr1=4.01e-04
13:42:43 INFO   e3 step  3900/6924  loss=0.0413  acc=0.9863  lr0=7.98e-06 lr1=3.99e-04
13:42:53 INFO   e3 step  3950/6924  loss=0.0413  acc=0.9862  lr0=7.94e-06 lr1=3.97e-04
13:43:04 INFO   e3 step  4000/6924  loss=0.0412  acc=0.9862  lr0=7.90e-06 lr1=3.95e-04
13:43:14 INFO   e3 step  4050/6924  loss=0.0412  acc=0.9863  lr0=7.86e-06 lr1=3.93e-04
13:43:25 INFO   e3 step  4100/6924  loss=0.0410  acc=0.9863  lr0=7.82e-06 lr1=3.91e-04
13:43:35 INFO   e3 step  4150/6924  loss=0.0411  acc=0.9863  lr0=7.78e-06 lr1=3.89e-04
13:43:45 INFO   e3 step  4200/6924  loss=0.0410  acc=0.9863  lr0=7.74e-06 lr1=3.87e-04
13:43:56 INFO   e3 step  4250/6924  loss=0.0409  acc=0.9863  lr0=7.70e-06 lr1=3.85e-04
13:44:06 INFO   e3 step  4300/6924  loss=0.0409  acc=0.9863  lr0=7.66e-06 lr1=3.83e-04
13:44:17 INFO   e3 step  4350/6924  loss=0.0409  acc=0.9862  lr0=7.62e-06 lr1=3.81e-04
13:44:27 INFO   e3 step  4400/6924  loss=0.0410  acc=0.9863  lr0=7.58e-06 lr1=3.79e-04
13:44:37 INFO   e3 step  4450/6924  loss=0.0410  acc=0.9863  lr0=7.54e-06 lr1=3.77e-04
13:44:48 INFO   e3 step  4500/6924  loss=0.0409  acc=0.9863  lr0=7.50e-06 lr1=3.75e-04
13:44:58 INFO   e3 step  4550/6924  loss=0.0408  acc=0.9863  lr0=7.46e-06 lr1=3.73e-04
13:45:09 INFO   e3 step  4600/6924  loss=0.0408  acc=0.9863  lr0=7.42e-06 lr1=3.71e-04
13:45:19 INFO   e3 step  4650/6924  loss=0.0409  acc=0.9863  lr0=7.38e-06 lr1=3.69e-04
13:45:29 INFO   e3 step  4700/6924  loss=0.0408  acc=0.9863  lr0=7.34e-06 lr1=3.67e-04
13:45:40 INFO   e3 step  4750/6924  loss=0.0409  acc=0.9863  lr0=7.30e-06 lr1=3.65e-04
13:45:50 INFO   e3 step  4800/6924  loss=0.0410  acc=0.9863  lr0=7.26e-06 lr1=3.63e-04
13:46:00 INFO   e3 step  4850/6924  loss=0.0412  acc=0.9863  lr0=7.22e-06 lr1=3.61e-04
13:46:11 INFO   e3 step  4900/6924  loss=0.0417  acc=0.9862  lr0=7.18e-06 lr1=3.59e-04
13:46:21 INFO   e3 step  4950/6924  loss=0.0416  acc=0.9862  lr0=7.14e-06 lr1=3.57e-04
13:46:31 INFO   e3 step  5000/6924  loss=0.0416  acc=0.9863  lr0=7.10e-06 lr1=3.55e-04
13:46:41 INFO   e3 step  5050/6924  loss=0.0415  acc=0.9862  lr0=7.06e-06 lr1=3.53e-04
13:46:51 INFO   e3 step  5100/6924  loss=0.0415  acc=0.9862  lr0=7.02e-06 lr1=3.51e-04
13:47:02 INFO   e3 step  5150/6924  loss=0.0415  acc=0.9862  lr0=6.98e-06 lr1=3.49e-04
13:47:12 INFO   e3 step  5200/6924  loss=0.0413  acc=0.9863  lr0=6.94e-06 lr1=3.47e-04
13:47:23 INFO   e3 step  5250/6924  loss=0.0413  acc=0.9863  lr0=6.90e-06 lr1=3.45e-04
13:47:33 INFO   e3 step  5300/6924  loss=0.0413  acc=0.9862  lr0=6.86e-06 lr1=3.43e-04
13:47:43 INFO   e3 step  5350/6924  loss=0.0412  acc=0.9862  lr0=6.82e-06 lr1=3.41e-04
13:47:54 INFO   e3 step  5400/6924  loss=0.0411  acc=0.9862  lr0=6.78e-06 lr1=3.39e-04
13:48:04 INFO   e3 step  5450/6924  loss=0.0410  acc=0.9862  lr0=6.74e-06 lr1=3.37e-04
13:48:14 INFO   e3 step  5500/6924  loss=0.0408  acc=0.9863  lr0=6.70e-06 lr1=3.35e-04
13:48:25 INFO   e3 step  5550/6924  loss=0.0406  acc=0.9863  lr0=6.66e-06 lr1=3.33e-04
13:48:35 INFO   e3 step  5600/6924  loss=0.0405  acc=0.9864  lr0=6.62e-06 lr1=3.31e-04
13:48:46 INFO   e3 step  5650/6924  loss=0.0404  acc=0.9864  lr0=6.58e-06 lr1=3.29e-04
13:48:56 INFO   e3 step  5700/6924  loss=0.0403  acc=0.9865  lr0=6.54e-06 lr1=3.27e-04
13:49:06 INFO   e3 step  5750/6924  loss=0.0402  acc=0.9865  lr0=6.50e-06 lr1=3.25e-04
13:49:17 INFO   e3 step  5800/6924  loss=0.0402  acc=0.9865  lr0=6.46e-06 lr1=3.23e-04
13:49:27 INFO   e3 step  5850/6924  loss=0.0401  acc=0.9865  lr0=6.42e-06 lr1=3.21e-04
13:49:38 INFO   e3 step  5900/6924  loss=0.0400  acc=0.9866  lr0=6.38e-06 lr1=3.19e-04
13:49:48 INFO   e3 step  5950/6924  loss=0.0398  acc=0.9866  lr0=6.34e-06 lr1=3.17e-04
13:49:58 INFO   e3 step  6000/6924  loss=0.0396  acc=0.9867  lr0=6.30e-06 lr1=3.15e-04
13:50:08 INFO   e3 step  6050/6924  loss=0.0395  acc=0.9867  lr0=6.26e-06 lr1=3.13e-04
13:50:19 INFO   e3 step  6100/6924  loss=0.0394  acc=0.9868  lr0=6.22e-06 lr1=3.11e-04
13:50:29 INFO   e3 step  6150/6924  loss=0.0391  acc=0.9868  lr0=6.18e-06 lr1=3.09e-04
13:50:39 INFO   e3 step  6200/6924  loss=0.0390  acc=0.9868  lr0=6.14e-06 lr1=3.07e-04
13:50:50 INFO   e3 step  6250/6924  loss=0.0389  acc=0.9868  lr0=6.10e-06 lr1=3.05e-04
13:51:00 INFO   e3 step  6300/6924  loss=0.0388  acc=0.9869  lr0=6.06e-06 lr1=3.03e-04
13:51:11 INFO   e3 step  6350/6924  loss=0.0386  acc=0.9869  lr0=6.02e-06 lr1=3.01e-04
13:51:22 INFO   e3 step  6400/6924  loss=0.0385  acc=0.9869  lr0=5.98e-06 lr1=2.99e-04
13:51:32 INFO   e3 step  6450/6924  loss=0.0385  acc=0.9869  lr0=5.94e-06 lr1=2.97e-04
13:51:43 INFO   e3 step  6500/6924  loss=0.0387  acc=0.9869  lr0=5.90e-06 lr1=2.95e-04
13:51:53 INFO   e3 step  6550/6924  loss=0.0384  acc=0.9870  lr0=5.86e-06 lr1=2.93e-04
13:52:03 INFO   e3 step  6600/6924  loss=0.0384  acc=0.9870  lr0=5.82e-06 lr1=2.91e-04
13:52:13 INFO   e3 step  6650/6924  loss=0.0383  acc=0.9870  lr0=5.78e-06 lr1=2.89e-04
13:52:24 INFO   e3 step  6700/6924  loss=0.0381  acc=0.9871  lr0=5.74e-06 lr1=2.87e-04
13:52:34 INFO   e3 step  6750/6924  loss=0.0382  acc=0.9871  lr0=5.70e-06 lr1=2.85e-04
13:52:45 INFO   e3 step  6800/6924  loss=0.0383  acc=0.9871  lr0=5.65e-06 lr1=2.83e-04
13:52:55 INFO   e3 step  6850/6924  loss=0.0382  acc=0.9871  lr0=5.61e-06 lr1=2.81e-04
13:53:06 INFO   e3 step  6900/6924  loss=0.0381  acc=0.9871  lr0=5.57e-06 lr1=2.79e-04
13:53:22 INFO [epoch 3] train_loss=0.0381 train_acc=0.9871  val_loss=1.0621 val_acc=0.8664 val_auc=0.8875  elapsed=1449.8s
13:53:26 INFO   saved best.pt  val_acc=0.8664
13:53:37 INFO   e4 step    50/6924  loss=0.0299  acc=0.9825  lr0=5.52e-06 lr1=2.76e-04
13:53:47 INFO   e4 step   100/6924  loss=0.0273  acc=0.9881  lr0=5.48e-06 lr1=2.74e-04
13:53:57 INFO   e4 step   150/6924  loss=0.0293  acc=0.9858  lr0=5.44e-06 lr1=2.72e-04
13:54:08 INFO   e4 step   200/6924  loss=0.0265  acc=0.9875  lr0=5.39e-06 lr1=2.70e-04
13:54:19 INFO   e4 step   250/6924  loss=0.0274  acc=0.9882  lr0=5.35e-06 lr1=2.68e-04
13:54:29 INFO   e4 step   300/6924  loss=0.0249  acc=0.9890  lr0=5.31e-06 lr1=2.66e-04
13:54:40 INFO   e4 step   350/6924  loss=0.0271  acc=0.9886  lr0=5.27e-06 lr1=2.64e-04
13:54:50 INFO   e4 step   400/6924  loss=0.0277  acc=0.9886  lr0=5.23e-06 lr1=2.62e-04
13:55:01 INFO   e4 step   450/6924  loss=0.0279  acc=0.9886  lr0=5.19e-06 lr1=2.60e-04
13:55:11 INFO   e4 step   500/6924  loss=0.0286  acc=0.9888  lr0=5.15e-06 lr1=2.58e-04
13:55:21 INFO   e4 step   550/6924  loss=0.0297  acc=0.9884  lr0=5.11e-06 lr1=2.56e-04
13:55:32 INFO   e4 step   600/6924  loss=0.0297  acc=0.9885  lr0=5.07e-06 lr1=2.54e-04
13:55:42 INFO   e4 step   650/6924  loss=0.0280  acc=0.9891  lr0=5.03e-06 lr1=2.52e-04
13:55:52 INFO   e4 step   700/6924  loss=0.0274  acc=0.9891  lr0=4.99e-06 lr1=2.50e-04
13:56:03 INFO   e4 step   750/6924  loss=0.0275  acc=0.9892  lr0=4.95e-06 lr1=2.48e-04
13:56:13 INFO   e4 step   800/6924  loss=0.0279  acc=0.9890  lr0=4.91e-06 lr1=2.46e-04
13:56:23 INFO   e4 step   850/6924  loss=0.0274  acc=0.9892  lr0=4.87e-06 lr1=2.44e-04
13:56:34 INFO   e4 step   900/6924  loss=0.0282  acc=0.9890  lr0=4.83e-06 lr1=2.42e-04
13:56:44 INFO   e4 step   950/6924  loss=0.0282  acc=0.9891  lr0=4.79e-06 lr1=2.40e-04
13:56:54 INFO   e4 step  1000/6924  loss=0.0285  acc=0.9891  lr0=4.75e-06 lr1=2.38e-04
13:57:04 INFO   e4 step  1050/6924  loss=0.0287  acc=0.9888  lr0=4.71e-06 lr1=2.36e-04
13:57:15 INFO   e4 step  1100/6924  loss=0.0294  acc=0.9885  lr0=4.67e-06 lr1=2.34e-04
13:57:25 INFO   e4 step  1150/6924  loss=0.0292  acc=0.9884  lr0=4.63e-06 lr1=2.32e-04
13:57:35 INFO   e4 step  1200/6924  loss=0.0297  acc=0.9883  lr0=4.59e-06 lr1=2.30e-04
13:57:45 INFO   e4 step  1250/6924  loss=0.0293  acc=0.9882  lr0=4.55e-06 lr1=2.28e-04
13:57:55 INFO   e4 step  1300/6924  loss=0.0290  acc=0.9883  lr0=4.51e-06 lr1=2.26e-04
13:58:06 INFO   e4 step  1350/6924  loss=0.0289  acc=0.9881  lr0=4.47e-06 lr1=2.24e-04
13:58:16 INFO   e4 step  1400/6924  loss=0.0285  acc=0.9883  lr0=4.43e-06 lr1=2.22e-04
13:58:26 INFO   e4 step  1450/6924  loss=0.0285  acc=0.9884  lr0=4.39e-06 lr1=2.20e-04
13:58:36 INFO   e4 step  1500/6924  loss=0.0282  acc=0.9885  lr0=4.35e-06 lr1=2.18e-04
13:58:47 INFO   e4 step  1550/6924  loss=0.0278  acc=0.9886  lr0=4.31e-06 lr1=2.16e-04
13:58:57 INFO   e4 step  1600/6924  loss=0.0279  acc=0.9886  lr0=4.27e-06 lr1=2.14e-04
13:59:07 INFO   e4 step  1650/6924  loss=0.0289  acc=0.9884  lr0=4.23e-06 lr1=2.12e-04
13:59:17 INFO   e4 step  1700/6924  loss=0.0291  acc=0.9885  lr0=4.19e-06 lr1=2.10e-04
13:59:27 INFO   e4 step  1750/6924  loss=0.0293  acc=0.9884  lr0=4.15e-06 lr1=2.08e-04
13:59:37 INFO   e4 step  1800/6924  loss=0.0294  acc=0.9882  lr0=4.11e-06 lr1=2.06e-04
13:59:48 INFO   e4 step  1850/6924  loss=0.0292  acc=0.9883  lr0=4.07e-06 lr1=2.04e-04
13:59:58 INFO   e4 step  1900/6924  loss=0.0288  acc=0.9885  lr0=4.03e-06 lr1=2.02e-04
14:00:09 INFO   e4 step  1950/6924  loss=0.0289  acc=0.9885  lr0=3.99e-06 lr1=2.00e-04
14:00:19 INFO   e4 step  2000/6924  loss=0.0287  acc=0.9885  lr0=3.95e-06 lr1=1.98e-04
14:00:30 INFO   e4 step  2050/6924  loss=0.0285  acc=0.9884  lr0=3.91e-06 lr1=1.96e-04
14:00:40 INFO   e4 step  2100/6924  loss=0.0287  acc=0.9884  lr0=3.87e-06 lr1=1.94e-04
14:00:50 INFO   e4 step  2150/6924  loss=0.0284  acc=0.9885  lr0=3.83e-06 lr1=1.92e-04
14:01:01 INFO   e4 step  2200/6924  loss=0.0283  acc=0.9886  lr0=3.79e-06 lr1=1.90e-04
14:01:11 INFO   e4 step  2250/6924  loss=0.0279  acc=0.9887  lr0=3.75e-06 lr1=1.88e-04
14:01:22 INFO   e4 step  2300/6924  loss=0.0279  acc=0.9887  lr0=3.71e-06 lr1=1.86e-04
14:01:32 INFO   e4 step  2350/6924  loss=0.0278  acc=0.9888  lr0=3.67e-06 lr1=1.83e-04
14:01:42 INFO   e4 step  2400/6924  loss=0.0280  acc=0.9888  lr0=3.63e-06 lr1=1.81e-04
14:01:53 INFO   e4 step  2450/6924  loss=0.0278  acc=0.9889  lr0=3.59e-06 lr1=1.79e-04
14:02:03 INFO   e4 step  2500/6924  loss=0.0275  acc=0.9890  lr0=3.55e-06 lr1=1.77e-04
14:02:13 INFO   e4 step  2550/6924  loss=0.0276  acc=0.9890  lr0=3.51e-06 lr1=1.75e-04
14:02:23 INFO   e4 step  2600/6924  loss=0.0276  acc=0.9890  lr0=3.47e-06 lr1=1.73e-04
14:02:34 INFO   e4 step  2650/6924  loss=0.0273  acc=0.9892  lr0=3.43e-06 lr1=1.71e-04
14:02:44 INFO   e4 step  2700/6924  loss=0.0272  acc=0.9892  lr0=3.39e-06 lr1=1.69e-04
14:02:54 INFO   e4 step  2750/6924  loss=0.0271  acc=0.9892  lr0=3.35e-06 lr1=1.67e-04
14:03:05 INFO   e4 step  2800/6924  loss=0.0269  acc=0.9892  lr0=3.31e-06 lr1=1.65e-04
14:03:15 INFO   e4 step  2850/6924  loss=0.0267  acc=0.9893  lr0=3.27e-06 lr1=1.63e-04
14:03:25 INFO   e4 step  2900/6924  loss=0.0267  acc=0.9893  lr0=3.23e-06 lr1=1.61e-04
14:03:35 INFO   e4 step  2950/6924  loss=0.0264  acc=0.9894  lr0=3.19e-06 lr1=1.59e-04
14:03:45 INFO   e4 step  3000/6924  loss=0.0264  acc=0.9894  lr0=3.15e-06 lr1=1.57e-04
14:03:56 INFO   e4 step  3050/6924  loss=0.0262  acc=0.9894  lr0=3.11e-06 lr1=1.55e-04
14:04:06 INFO   e4 step  3100/6924  loss=0.0261  acc=0.9894  lr0=3.07e-06 lr1=1.53e-04
14:04:16 INFO   e4 step  3150/6924  loss=0.0259  acc=0.9893  lr0=3.03e-06 lr1=1.51e-04
14:04:26 INFO   e4 step  3200/6924  loss=0.0258  acc=0.9894  lr0=2.99e-06 lr1=1.49e-04
14:04:37 INFO   e4 step  3250/6924  loss=0.0258  acc=0.9893  lr0=2.95e-06 lr1=1.47e-04
14:04:48 INFO   e4 step  3300/6924  loss=0.0257  acc=0.9894  lr0=2.91e-06 lr1=1.45e-04
14:04:58 INFO   e4 step  3350/6924  loss=0.0256  acc=0.9894  lr0=2.87e-06 lr1=1.43e-04
14:05:09 INFO   e4 step  3400/6924  loss=0.0255  acc=0.9894  lr0=2.83e-06 lr1=1.41e-04
14:05:19 INFO   e4 step  3450/6924  loss=0.0254  acc=0.9894  lr0=2.79e-06 lr1=1.39e-04
14:05:30 INFO   e4 step  3500/6924  loss=0.0252  acc=0.9895  lr0=2.75e-06 lr1=1.37e-04
14:05:40 INFO   e4 step  3550/6924  loss=0.0252  acc=0.9895  lr0=2.71e-06 lr1=1.35e-04
14:05:50 INFO   e4 step  3600/6924  loss=0.0252  acc=0.9895  lr0=2.67e-06 lr1=1.33e-04
14:06:01 INFO   e4 step  3650/6924  loss=0.0250  acc=0.9895  lr0=2.63e-06 lr1=1.31e-04
14:06:11 INFO   e4 step  3700/6924  loss=0.0249  acc=0.9895  lr0=2.59e-06 lr1=1.29e-04
14:06:22 INFO   e4 step  3750/6924  loss=0.0247  acc=0.9895  lr0=2.55e-06 lr1=1.27e-04
14:06:32 INFO   e4 step  3800/6924  loss=0.0247  acc=0.9895  lr0=2.51e-06 lr1=1.25e-04
14:06:43 INFO   e4 step  3850/6924  loss=0.0247  acc=0.9895  lr0=2.47e-06 lr1=1.23e-04
14:06:53 INFO   e4 step  3900/6924  loss=0.0248  acc=0.9895  lr0=2.43e-06 lr1=1.21e-04
14:07:04 INFO   e4 step  3950/6924  loss=0.0247  acc=0.9896  lr0=2.39e-06 lr1=1.19e-04
14:07:14 INFO   e4 step  4000/6924  loss=0.0247  acc=0.9896  lr0=2.35e-06 lr1=1.17e-04
14:07:25 INFO   e4 step  4050/6924  loss=0.0247  acc=0.9896  lr0=2.31e-06 lr1=1.15e-04
14:07:35 INFO   e4 step  4100/6924  loss=0.0247  acc=0.9896  lr0=2.27e-06 lr1=1.13e-04
14:07:46 INFO   e4 step  4150/6924  loss=0.0246  acc=0.9895  lr0=2.23e-06 lr1=1.11e-04
14:07:56 INFO   e4 step  4200/6924  loss=0.0245  acc=0.9896  lr0=2.19e-06 lr1=1.09e-04
14:08:06 INFO   e4 step  4250/6924  loss=0.0245  acc=0.9895  lr0=2.15e-06 lr1=1.07e-04
14:08:17 INFO   e4 step  4300/6924  loss=0.0244  acc=0.9896  lr0=2.11e-06 lr1=1.05e-04
14:08:27 INFO   e4 step  4350/6924  loss=0.0244  acc=0.9896  lr0=2.07e-06 lr1=1.03e-04
14:08:37 INFO   e4 step  4400/6924  loss=0.0243  acc=0.9897  lr0=2.03e-06 lr1=1.01e-04
14:08:47 INFO   e4 step  4450/6924  loss=0.0241  acc=0.9897  lr0=1.98e-06 lr1=9.92e-05
14:08:58 INFO   e4 step  4500/6924  loss=0.0240  acc=0.9897  lr0=1.94e-06 lr1=9.72e-05
14:09:08 INFO   e4 step  4550/6924  loss=0.0239  acc=0.9898  lr0=1.90e-06 lr1=9.52e-05
14:09:19 INFO   e4 step  4600/6924  loss=0.0238  acc=0.9898  lr0=1.86e-06 lr1=9.32e-05
14:09:29 INFO   e4 step  4650/6924  loss=0.0238  acc=0.9897  lr0=1.82e-06 lr1=9.12e-05
14:09:40 INFO   e4 step  4700/6924  loss=0.0237  acc=0.9898  lr0=1.78e-06 lr1=8.92e-05
14:09:50 INFO   e4 step  4750/6924  loss=0.0236  acc=0.9897  lr0=1.74e-06 lr1=8.72e-05
14:10:01 INFO   e4 step  4800/6924  loss=0.0236  acc=0.9897  lr0=1.70e-06 lr1=8.52e-05
14:10:11 INFO   e4 step  4850/6924  loss=0.0237  acc=0.9897  lr0=1.66e-06 lr1=8.32e-05
14:10:22 INFO   e4 step  4900/6924  loss=0.0235  acc=0.9897  lr0=1.62e-06 lr1=8.12e-05
14:10:32 INFO   e4 step  4950/6924  loss=0.0234  acc=0.9898  lr0=1.58e-06 lr1=7.92e-05
14:10:43 INFO   e4 step  5000/6924  loss=0.0233  acc=0.9898  lr0=1.54e-06 lr1=7.72e-05
14:10:53 INFO   e4 step  5050/6924  loss=0.0233  acc=0.9898  lr0=1.50e-06 lr1=7.52e-05
14:11:04 INFO   e4 step  5100/6924  loss=0.0233  acc=0.9898  lr0=1.46e-06 lr1=7.32e-05
14:11:15 INFO   e4 step  5150/6924  loss=0.0233  acc=0.9898  lr0=1.42e-06 lr1=7.12e-05
14:11:26 INFO   e4 step  5200/6924  loss=0.0232  acc=0.9898  lr0=1.38e-06 lr1=6.92e-05
14:11:36 INFO   e4 step  5250/6924  loss=0.0232  acc=0.9898  lr0=1.34e-06 lr1=6.72e-05
14:11:47 INFO   e4 step  5300/6924  loss=0.0231  acc=0.9898  lr0=1.30e-06 lr1=6.52e-05
14:11:57 INFO   e4 step  5350/6924  loss=0.0232  acc=0.9898  lr0=1.26e-06 lr1=6.31e-05
14:12:07 INFO   e4 step  5400/6924  loss=0.0232  acc=0.9898  lr0=1.22e-06 lr1=6.11e-05
14:12:18 INFO   e4 step  5450/6924  loss=0.0231  acc=0.9898  lr0=1.18e-06 lr1=5.91e-05
14:12:29 INFO   e4 step  5500/6924  loss=0.0230  acc=0.9899  lr0=1.14e-06 lr1=5.71e-05
14:12:39 INFO   e4 step  5550/6924  loss=0.0229  acc=0.9899  lr0=1.10e-06 lr1=5.51e-05
14:12:49 INFO   e4 step  5600/6924  loss=0.0229  acc=0.9899  lr0=1.06e-06 lr1=5.31e-05
14:13:00 INFO   e4 step  5650/6924  loss=0.0228  acc=0.9899  lr0=1.02e-06 lr1=5.11e-05
14:13:11 INFO   e4 step  5700/6924  loss=0.0229  acc=0.9899  lr0=9.82e-07 lr1=4.91e-05
14:13:21 INFO   e4 step  5750/6924  loss=0.0230  acc=0.9898  lr0=9.42e-07 lr1=4.71e-05
14:13:32 INFO   e4 step  5800/6924  loss=0.0229  acc=0.9899  lr0=9.02e-07 lr1=4.51e-05
14:13:42 INFO   e4 step  5850/6924  loss=0.0229  acc=0.9899  lr0=8.62e-07 lr1=4.31e-05
14:13:53 INFO   e4 step  5900/6924  loss=0.0228  acc=0.9899  lr0=8.22e-07 lr1=4.11e-05
14:14:03 INFO   e4 step  5950/6924  loss=0.0228  acc=0.9899  lr0=7.81e-07 lr1=3.91e-05
14:14:14 INFO   e4 step  6000/6924  loss=0.0229  acc=0.9898  lr0=7.41e-07 lr1=3.71e-05
14:14:24 INFO   e4 step  6050/6924  loss=0.0229  acc=0.9899  lr0=7.01e-07 lr1=3.51e-05
14:14:35 INFO   e4 step  6100/6924  loss=0.0229  acc=0.9898  lr0=6.61e-07 lr1=3.31e-05
14:14:45 INFO   e4 step  6150/6924  loss=0.0228  acc=0.9898  lr0=6.21e-07 lr1=3.11e-05
14:14:55 INFO   e4 step  6200/6924  loss=0.0228  acc=0.9899  lr0=5.81e-07 lr1=2.90e-05
14:15:05 INFO   e4 step  6250/6924  loss=0.0227  acc=0.9899  lr0=5.41e-07 lr1=2.70e-05
14:15:15 INFO   e4 step  6300/6924  loss=0.0226  acc=0.9900  lr0=5.01e-07 lr1=2.50e-05
14:15:25 INFO   e4 step  6350/6924  loss=0.0225  acc=0.9900  lr0=4.61e-07 lr1=2.30e-05
14:15:36 INFO   e4 step  6400/6924  loss=0.0224  acc=0.9900  lr0=4.20e-07 lr1=2.10e-05
14:15:46 INFO   e4 step  6450/6924  loss=0.0225  acc=0.9900  lr0=3.80e-07 lr1=1.90e-05
14:15:57 INFO   e4 step  6500/6924  loss=0.0226  acc=0.9900  lr0=3.40e-07 lr1=1.70e-05
14:16:07 INFO   e4 step  6550/6924  loss=0.0225  acc=0.9900  lr0=3.00e-07 lr1=1.50e-05
14:16:18 INFO   e4 step  6600/6924  loss=0.0224  acc=0.9900  lr0=2.60e-07 lr1=1.30e-05
14:16:28 INFO   e4 step  6650/6924  loss=0.0224  acc=0.9900  lr0=2.20e-07 lr1=1.10e-05
14:16:39 INFO   e4 step  6700/6924  loss=0.0224  acc=0.9900  lr0=1.80e-07 lr1=8.99e-06
14:16:49 INFO   e4 step  6750/6924  loss=0.0223  acc=0.9900  lr0=1.40e-07 lr1=6.98e-06
14:17:00 INFO   e4 step  6800/6924  loss=0.0223  acc=0.9900  lr0=9.95e-08 lr1=4.97e-06
14:17:11 INFO   e4 step  6850/6924  loss=0.0223  acc=0.9899  lr0=5.94e-08 lr1=2.97e-06
14:17:21 INFO   e4 step  6900/6924  loss=0.0222  acc=0.9900  lr0=1.93e-08 lr1=9.63e-07
14:17:38 INFO [epoch 4] train_loss=0.0223 train_acc=0.9899  val_loss=1.1203 val_acc=0.8706 val_auc=0.8966  elapsed=1452.1s
14:17:42 INFO   saved best.pt  val_acc=0.8706
14:17:44 INFO loading best.pt for test eval
14:18:01 INFO [test] loss=1.0999  acc=0.8728  auc=0.9101  f1=0.8671
14:18:01 INFO [test] per-tier-pair accuracy:
14:18:01 INFO         T1-T2  n=    2  acc=1.0000
14:18:01 INFO         T1-T3  n=   10  acc=1.0000
14:18:01 INFO         T1-T4  n=    8  acc=1.0000
14:18:01 INFO         T1-T5  n=   20  acc=1.0000
14:18:01 INFO         T1-T6  n=   64  acc=1.0000
14:18:01 INFO         T1-T7  n=    6  acc=1.0000
14:18:01 INFO         T1-T8  n=   36  acc=1.0000
14:18:01 INFO         T1-T9  n=   12  acc=1.0000
14:18:01 INFO        T1-T10  n=    4  acc=1.0000
14:18:01 INFO        T1-T11  n=   24  acc=1.0000
14:18:01 INFO        T1-T12  n=    8  acc=1.0000
14:18:01 INFO        T1-T13  n=    8  acc=1.0000
14:18:01 INFO        T1-T14  n=    2  acc=1.0000
14:18:01 INFO        T1-T15  n=   28  acc=1.0000
14:18:01 INFO         T2-T3  n=    5  acc=1.0000
14:18:01 INFO         T2-T4  n=    4  acc=1.0000
14:18:01 INFO         T2-T5  n=   10  acc=1.0000
14:18:01 INFO         T2-T6  n=   32  acc=1.0000
14:18:01 INFO         T2-T7  n=    3  acc=1.0000
14:18:01 INFO         T2-T8  n=   18  acc=1.0000
14:18:01 INFO         T2-T9  n=    6  acc=1.0000
14:18:01 INFO        T2-T10  n=    2  acc=1.0000
14:18:01 INFO        T2-T11  n=   12  acc=1.0000
14:18:01 INFO        T2-T12  n=    4  acc=1.0000
14:18:01 INFO        T2-T13  n=    4  acc=1.0000
14:18:01 INFO        T2-T14  n=    1  acc=1.0000
14:18:01 INFO        T2-T15  n=   14  acc=1.0000
14:18:01 INFO         T3-T4  n=   20  acc=0.7500
14:18:01 INFO         T3-T5  n=   50  acc=0.5800
14:18:01 INFO         T3-T6  n=  160  acc=0.6250
14:18:01 INFO         T3-T7  n=   15  acc=0.8000
14:18:01 INFO         T3-T8  n=   90  acc=0.8333
14:18:01 INFO         T3-T9  n=   30  acc=0.8000
14:18:01 INFO        T3-T10  n=   10  acc=0.9000
14:18:01 INFO        T3-T11  n=   60  acc=0.9500
14:18:01 INFO        T3-T12  n=   20  acc=1.0000
14:18:01 INFO        T3-T13  n=   20  acc=1.0000
14:18:01 INFO        T3-T14  n=    5  acc=0.6000
14:18:01 INFO        T3-T15  n=   70  acc=0.8857
14:18:01 INFO         T4-T5  n=   40  acc=0.5250
14:18:01 INFO         T4-T6  n=  128  acc=0.6016
14:18:01 INFO         T4-T7  n=   12  acc=0.8333
14:18:01 INFO         T4-T8  n=   72  acc=0.7361
14:18:01 INFO         T4-T9  n=   24  acc=0.7083
14:18:01 INFO        T4-T10  n=    8  acc=0.8750
14:18:01 INFO        T4-T11  n=   48  acc=0.8750
14:18:01 INFO        T4-T12  n=   16  acc=0.8750
14:18:01 INFO        T4-T13  n=   16  acc=0.8750
14:18:01 INFO        T4-T14  n=    4  acc=0.7500
14:18:01 INFO        T4-T15  n=   56  acc=0.8929
14:18:01 INFO         T5-T6  n=  320  acc=0.8281
14:18:01 INFO         T5-T7  n=   30  acc=0.9333
14:18:01 INFO         T5-T8  n=  180  acc=0.9333
14:18:01 INFO         T5-T9  n=   60  acc=1.0000
14:18:01 INFO        T5-T10  n=   20  acc=1.0000
14:18:01 INFO        T5-T11  n=  120  acc=0.9750
14:18:01 INFO        T5-T12  n=   40  acc=1.0000
14:18:01 INFO        T5-T13  n=   40  acc=1.0000
14:18:01 INFO        T5-T14  n=   10  acc=0.9000
14:18:01 INFO        T5-T15  n=  140  acc=0.9429
14:18:01 INFO         T6-T7  n=   96  acc=0.9688
14:18:01 INFO         T6-T8  n=  576  acc=0.9253
14:18:01 INFO         T6-T9  n=  192  acc=0.9010
14:18:01 INFO        T6-T10  n=   64  acc=0.9688
14:18:01 INFO        T6-T11  n=  384  acc=0.9219
14:18:01 INFO        T6-T12  n=  128  acc=0.9922
14:18:01 INFO        T6-T13  n=  128  acc=1.0000
14:18:01 INFO        T6-T14  n=   32  acc=0.9062
14:18:01 INFO        T6-T15  n=  448  acc=0.9062
14:18:01 INFO         T7-T8  n=   54  acc=0.5741
14:18:01 INFO         T7-T9  n=   18  acc=0.5556
14:18:01 INFO        T7-T10  n=    6  acc=0.6667
14:18:01 INFO        T7-T11  n=   36  acc=0.5833
14:18:01 INFO        T7-T12  n=   12  acc=0.6667
14:18:01 INFO        T7-T13  n=   12  acc=0.6667
14:18:01 INFO        T7-T14  n=    3  acc=0.3333
14:18:01 INFO        T7-T15  n=   42  acc=0.8810
14:18:01 INFO         T8-T9  n=  108  acc=0.8241
14:18:01 INFO        T8-T10  n=   36  acc=1.0000
14:18:01 INFO        T8-T11  n=  216  acc=0.8287
14:18:01 INFO        T8-T12  n=   72  acc=1.0000
14:18:01 INFO        T8-T13  n=   72  acc=1.0000
14:18:01 INFO        T8-T14  n=   18  acc=0.1667
14:18:01 INFO        T8-T15  n=  252  acc=0.8730
14:18:01 INFO        T9-T10  n=   12  acc=1.0000
14:18:01 INFO        T9-T11  n=   72  acc=0.7778
14:18:01 INFO        T9-T12  n=   24  acc=0.9167
14:18:01 INFO        T9-T13  n=   24  acc=1.0000
14:18:01 INFO        T9-T14  n=    6  acc=0.1667
14:18:01 INFO        T9-T15  n=   84  acc=0.8452
14:18:01 INFO       T10-T11  n=   24  acc=0.7083
14:18:01 INFO       T10-T12  n=    8  acc=0.8750
14:18:01 INFO       T10-T13  n=    8  acc=1.0000
14:18:01 INFO       T10-T14  n=    2  acc=0.0000
14:18:01 INFO       T10-T15  n=   28  acc=0.7857
14:18:01 INFO       T11-T12  n=   48  acc=0.7500
14:18:01 INFO       T11-T13  n=   48  acc=1.0000
14:18:01 INFO       T11-T14  n=   12  acc=0.0833
14:18:01 INFO       T11-T15  n=  168  acc=0.8333
14:18:01 INFO       T12-T13  n=   16  acc=1.0000
14:18:01 INFO       T12-T14  n=    4  acc=0.0000
14:18:01 INFO       T12-T15  n=   56  acc=0.8214
14:18:01 INFO       T13-T14  n=    4  acc=0.0000
14:18:01 INFO       T13-T15  n=   56  acc=0.8036
14:18:01 INFO       T14-T15  n=   14  acc=0.8571
14:18:01 INFO [done] run_summary.json written to /mnt/localssd/baseline_sweep/runs/aep_causal_cls34/e5-large-v2
