05:53:57 INFO run_dir=runs/classifier/workflow_ajo_2
05:53:57 INFO device=cuda  bf16=True
05:53:57 INFO tokenizer <- BAAI/bge-small-en-v1.5
05:53:57 INFO max_seq_len=524 exceeds model cap 512; clamping to 512
05:53:57 INFO max_seq_len=512 (user-provided)
05:53:57 INFO loading datasets
05:53:58 INFO   train=210775  val=6004  test=6004
05:53:58 INFO building DirectionalClassifier on BAAI/bge-small-en-v1.5  head_cfg={'head_type': 'mlp', 'hidden_dims': [512, 128], 'dropout': 0.1, 'activation': 'gelu', 'norm': 'layer'}  n_tiers=0
05:54:00 INFO   hidden_size=384  trainable_params=67,577,089
05:54:00 INFO   total_steps=19761  warmup_steps=1976
05:54:08 INFO   e1 step    50/6587  loss=0.8371  acc=0.5088  lr0=5.06e-07 lr1=2.53e-05
05:54:14 INFO   e1 step   100/6587  loss=0.8096  acc=0.5234  lr0=1.01e-06 lr1=5.06e-05
05:54:20 INFO   e1 step   150/6587  loss=0.7807  acc=0.5425  lr0=1.52e-06 lr1=7.59e-05
05:54:26 INFO   e1 step   200/6587  loss=0.7582  acc=0.5572  lr0=2.02e-06 lr1=1.01e-04
05:54:33 INFO   e1 step   250/6587  loss=0.7401  acc=0.5659  lr0=2.53e-06 lr1=1.27e-04
05:54:39 INFO   e1 step   300/6587  loss=0.7267  acc=0.5755  lr0=3.04e-06 lr1=1.52e-04
05:54:46 INFO   e1 step   350/6587  loss=0.7134  acc=0.5824  lr0=3.54e-06 lr1=1.77e-04
05:54:52 INFO   e1 step   400/6587  loss=0.6976  acc=0.5907  lr0=4.05e-06 lr1=2.02e-04
05:54:59 INFO   e1 step   450/6587  loss=0.6863  acc=0.5976  lr0=4.55e-06 lr1=2.28e-04
05:55:05 INFO   e1 step   500/6587  loss=0.6747  acc=0.6050  lr0=5.06e-06 lr1=2.53e-04
05:55:11 INFO   e1 step   550/6587  loss=0.6629  acc=0.6128  lr0=5.57e-06 lr1=2.78e-04
05:55:18 INFO   e1 step   600/6587  loss=0.6539  acc=0.6197  lr0=6.07e-06 lr1=3.04e-04
05:55:24 INFO   e1 step   650/6587  loss=0.6450  acc=0.6257  lr0=6.58e-06 lr1=3.29e-04
05:55:31 INFO   e1 step   700/6587  loss=0.6378  acc=0.6306  lr0=7.09e-06 lr1=3.54e-04
05:55:37 INFO   e1 step   750/6587  loss=0.6289  acc=0.6370  lr0=7.59e-06 lr1=3.80e-04
05:55:44 INFO   e1 step   800/6587  loss=0.6218  acc=0.6414  lr0=8.10e-06 lr1=4.05e-04
05:55:50 INFO   e1 step   850/6587  loss=0.6155  acc=0.6450  lr0=8.60e-06 lr1=4.30e-04
05:55:56 INFO   e1 step   900/6587  loss=0.6090  acc=0.6499  lr0=9.11e-06 lr1=4.55e-04
05:56:02 INFO   e1 step   950/6587  loss=0.6024  acc=0.6541  lr0=9.62e-06 lr1=4.81e-04
05:56:09 INFO   e1 step  1000/6587  loss=0.5971  acc=0.6566  lr0=1.01e-05 lr1=5.06e-04
05:56:15 INFO   e1 step  1050/6587  loss=0.5908  acc=0.6597  lr0=1.06e-05 lr1=5.31e-04
05:56:22 INFO   e1 step  1100/6587  loss=0.5853  acc=0.6629  lr0=1.11e-05 lr1=5.57e-04
05:56:28 INFO   e1 step  1150/6587  loss=0.5811  acc=0.6654  lr0=1.16e-05 lr1=5.82e-04
05:56:34 INFO   e1 step  1200/6587  loss=0.5762  acc=0.6691  lr0=1.21e-05 lr1=6.07e-04
05:56:41 INFO   e1 step  1250/6587  loss=0.5711  acc=0.6722  lr0=1.27e-05 lr1=6.33e-04
05:56:47 INFO   e1 step  1300/6587  loss=0.5665  acc=0.6752  lr0=1.32e-05 lr1=6.58e-04
05:56:53 INFO   e1 step  1350/6587  loss=0.5632  acc=0.6774  lr0=1.37e-05 lr1=6.83e-04
05:57:00 INFO   e1 step  1400/6587  loss=0.5592  acc=0.6795  lr0=1.42e-05 lr1=7.09e-04
05:57:06 INFO   e1 step  1450/6587  loss=0.5547  acc=0.6816  lr0=1.47e-05 lr1=7.34e-04
05:57:13 INFO   e1 step  1500/6587  loss=0.5511  acc=0.6839  lr0=1.52e-05 lr1=7.59e-04
05:57:19 INFO   e1 step  1550/6587  loss=0.5470  acc=0.6868  lr0=1.57e-05 lr1=7.84e-04
05:57:26 INFO   e1 step  1600/6587  loss=0.5433  acc=0.6892  lr0=1.62e-05 lr1=8.10e-04
05:57:32 INFO   e1 step  1650/6587  loss=0.5397  acc=0.6917  lr0=1.67e-05 lr1=8.35e-04
05:57:38 INFO   e1 step  1700/6587  loss=0.5370  acc=0.6933  lr0=1.72e-05 lr1=8.60e-04
05:57:45 INFO   e1 step  1750/6587  loss=0.5338  acc=0.6953  lr0=1.77e-05 lr1=8.86e-04
05:57:51 INFO   e1 step  1800/6587  loss=0.5306  acc=0.6971  lr0=1.82e-05 lr1=9.11e-04
05:57:57 INFO   e1 step  1850/6587  loss=0.5280  acc=0.6991  lr0=1.87e-05 lr1=9.36e-04
05:58:04 INFO   e1 step  1900/6587  loss=0.5250  acc=0.7008  lr0=1.92e-05 lr1=9.62e-04
05:58:11 INFO   e1 step  1950/6587  loss=0.5228  acc=0.7020  lr0=1.97e-05 lr1=9.87e-04
05:58:17 INFO   e1 step  2000/6587  loss=0.5203  acc=0.7036  lr0=2.00e-05 lr1=9.99e-04
05:58:23 INFO   e1 step  2050/6587  loss=0.5178  acc=0.7052  lr0=1.99e-05 lr1=9.96e-04
05:58:30 INFO   e1 step  2100/6587  loss=0.5149  acc=0.7074  lr0=1.99e-05 lr1=9.93e-04
05:58:36 INFO   e1 step  2150/6587  loss=0.5123  acc=0.7093  lr0=1.98e-05 lr1=9.90e-04
05:58:43 INFO   e1 step  2200/6587  loss=0.5095  acc=0.7111  lr0=1.97e-05 lr1=9.87e-04
05:58:49 INFO   e1 step  2250/6587  loss=0.5068  acc=0.7126  lr0=1.97e-05 lr1=9.85e-04
05:58:56 INFO   e1 step  2300/6587  loss=0.5042  acc=0.7140  lr0=1.96e-05 lr1=9.82e-04
05:59:02 INFO   e1 step  2350/6587  loss=0.5026  acc=0.7144  lr0=1.96e-05 lr1=9.79e-04
05:59:09 INFO   e1 step  2400/6587  loss=0.5003  acc=0.7158  lr0=1.95e-05 lr1=9.76e-04
05:59:15 INFO   e1 step  2450/6587  loss=0.4983  acc=0.7168  lr0=1.95e-05 lr1=9.73e-04
05:59:21 INFO   e1 step  2500/6587  loss=0.4962  acc=0.7179  lr0=1.94e-05 lr1=9.71e-04
05:59:28 INFO   e1 step  2550/6587  loss=0.4940  acc=0.7189  lr0=1.94e-05 lr1=9.68e-04
05:59:34 INFO   e1 step  2600/6587  loss=0.4923  acc=0.7199  lr0=1.93e-05 lr1=9.65e-04
05:59:41 INFO   e1 step  2650/6587  loss=0.4907  acc=0.7209  lr0=1.92e-05 lr1=9.62e-04
05:59:46 INFO   e1 step  2700/6587  loss=0.4886  acc=0.7220  lr0=1.92e-05 lr1=9.59e-04
05:59:53 INFO   e1 step  2750/6587  loss=0.4870  acc=0.7229  lr0=1.91e-05 lr1=9.56e-04
05:59:59 INFO   e1 step  2800/6587  loss=0.4855  acc=0.7238  lr0=1.91e-05 lr1=9.54e-04
06:00:06 INFO   e1 step  2850/6587  loss=0.4837  acc=0.7250  lr0=1.90e-05 lr1=9.51e-04
06:00:12 INFO   e1 step  2900/6587  loss=0.4817  acc=0.7262  lr0=1.90e-05 lr1=9.48e-04
06:00:19 INFO   e1 step  2950/6587  loss=0.4799  acc=0.7272  lr0=1.89e-05 lr1=9.45e-04
06:00:25 INFO   e1 step  3000/6587  loss=0.4783  acc=0.7280  lr0=1.88e-05 lr1=9.42e-04
06:00:32 INFO   e1 step  3050/6587  loss=0.4765  acc=0.7289  lr0=1.88e-05 lr1=9.40e-04
06:00:38 INFO   e1 step  3100/6587  loss=0.4747  acc=0.7298  lr0=1.87e-05 lr1=9.37e-04
06:00:45 INFO   e1 step  3150/6587  loss=0.4729  acc=0.7310  lr0=1.87e-05 lr1=9.34e-04
06:00:51 INFO   e1 step  3200/6587  loss=0.4713  acc=0.7319  lr0=1.86e-05 lr1=9.31e-04
06:00:57 INFO   e1 step  3250/6587  loss=0.4696  acc=0.7329  lr0=1.86e-05 lr1=9.28e-04
06:01:04 INFO   e1 step  3300/6587  loss=0.4680  acc=0.7338  lr0=1.85e-05 lr1=9.26e-04
06:01:10 INFO   e1 step  3350/6587  loss=0.4663  acc=0.7347  lr0=1.85e-05 lr1=9.23e-04
06:01:17 INFO   e1 step  3400/6587  loss=0.4650  acc=0.7355  lr0=1.84e-05 lr1=9.20e-04
06:01:23 INFO   e1 step  3450/6587  loss=0.4636  acc=0.7363  lr0=1.83e-05 lr1=9.17e-04
06:01:30 INFO   e1 step  3500/6587  loss=0.4620  acc=0.7373  lr0=1.83e-05 lr1=9.14e-04
06:01:36 INFO   e1 step  3550/6587  loss=0.4605  acc=0.7383  lr0=1.82e-05 lr1=9.11e-04
06:01:43 INFO   e1 step  3600/6587  loss=0.4588  acc=0.7392  lr0=1.82e-05 lr1=9.09e-04
06:01:50 INFO   e1 step  3650/6587  loss=0.4575  acc=0.7400  lr0=1.81e-05 lr1=9.06e-04
06:01:56 INFO   e1 step  3700/6587  loss=0.4564  acc=0.7402  lr0=1.81e-05 lr1=9.03e-04
06:02:03 INFO   e1 step  3750/6587  loss=0.4551  acc=0.7408  lr0=1.80e-05 lr1=9.00e-04
06:02:10 INFO   e1 step  3800/6587  loss=0.4539  acc=0.7415  lr0=1.79e-05 lr1=8.97e-04
06:02:16 INFO   e1 step  3850/6587  loss=0.4524  acc=0.7424  lr0=1.79e-05 lr1=8.95e-04
06:02:23 INFO   e1 step  3900/6587  loss=0.4512  acc=0.7429  lr0=1.78e-05 lr1=8.92e-04
06:02:30 INFO   e1 step  3950/6587  loss=0.4500  acc=0.7434  lr0=1.78e-05 lr1=8.89e-04
06:02:36 INFO   e1 step  4000/6587  loss=0.4487  acc=0.7440  lr0=1.77e-05 lr1=8.86e-04
06:02:42 INFO   e1 step  4050/6587  loss=0.4473  acc=0.7448  lr0=1.77e-05 lr1=8.83e-04
06:02:49 INFO   e1 step  4100/6587  loss=0.4461  acc=0.7456  lr0=1.76e-05 lr1=8.81e-04
06:02:55 INFO   e1 step  4150/6587  loss=0.4453  acc=0.7461  lr0=1.76e-05 lr1=8.78e-04
06:03:02 INFO   e1 step  4200/6587  loss=0.4442  acc=0.7467  lr0=1.75e-05 lr1=8.75e-04
06:03:09 INFO   e1 step  4250/6587  loss=0.4431  acc=0.7472  lr0=1.74e-05 lr1=8.72e-04
06:03:15 INFO   e1 step  4300/6587  loss=0.4422  acc=0.7478  lr0=1.74e-05 lr1=8.69e-04
06:03:22 INFO   e1 step  4350/6587  loss=0.4411  acc=0.7485  lr0=1.73e-05 lr1=8.67e-04
06:03:28 INFO   e1 step  4400/6587  loss=0.4401  acc=0.7490  lr0=1.73e-05 lr1=8.64e-04
06:03:35 INFO   e1 step  4450/6587  loss=0.4389  acc=0.7498  lr0=1.72e-05 lr1=8.61e-04
06:03:41 INFO   e1 step  4500/6587  loss=0.4378  acc=0.7504  lr0=1.72e-05 lr1=8.58e-04
06:03:48 INFO   e1 step  4550/6587  loss=0.4367  acc=0.7509  lr0=1.71e-05 lr1=8.55e-04
06:03:54 INFO   e1 step  4600/6587  loss=0.4356  acc=0.7515  lr0=1.70e-05 lr1=8.52e-04
06:04:01 INFO   e1 step  4650/6587  loss=0.4346  acc=0.7520  lr0=1.70e-05 lr1=8.50e-04
06:04:07 INFO   e1 step  4700/6587  loss=0.4337  acc=0.7525  lr0=1.69e-05 lr1=8.47e-04
06:04:14 INFO   e1 step  4750/6587  loss=0.4328  acc=0.7530  lr0=1.69e-05 lr1=8.44e-04
06:04:20 INFO   e1 step  4800/6587  loss=0.4318  acc=0.7535  lr0=1.68e-05 lr1=8.41e-04
06:04:27 INFO   e1 step  4850/6587  loss=0.4308  acc=0.7542  lr0=1.68e-05 lr1=8.38e-04
06:04:33 INFO   e1 step  4900/6587  loss=0.4296  acc=0.7548  lr0=1.67e-05 lr1=8.36e-04
06:04:40 INFO   e1 step  4950/6587  loss=0.4288  acc=0.7554  lr0=1.67e-05 lr1=8.33e-04
06:04:47 INFO   e1 step  5000/6587  loss=0.4279  acc=0.7561  lr0=1.66e-05 lr1=8.30e-04
06:04:53 INFO   e1 step  5050/6587  loss=0.4268  acc=0.7566  lr0=1.65e-05 lr1=8.27e-04
06:05:00 INFO   e1 step  5100/6587  loss=0.4257  acc=0.7572  lr0=1.65e-05 lr1=8.24e-04
06:05:07 INFO   e1 step  5150/6587  loss=0.4249  acc=0.7576  lr0=1.64e-05 lr1=8.22e-04
06:05:14 INFO   e1 step  5200/6587  loss=0.4240  acc=0.7581  lr0=1.64e-05 lr1=8.19e-04
06:05:20 INFO   e1 step  5250/6587  loss=0.4231  acc=0.7586  lr0=1.63e-05 lr1=8.16e-04
06:05:27 INFO   e1 step  5300/6587  loss=0.4223  acc=0.7591  lr0=1.63e-05 lr1=8.13e-04
06:05:33 INFO   e1 step  5350/6587  loss=0.4214  acc=0.7595  lr0=1.62e-05 lr1=8.10e-04
06:05:40 INFO   e1 step  5400/6587  loss=0.4206  acc=0.7599  lr0=1.61e-05 lr1=8.07e-04
06:05:46 INFO   e1 step  5450/6587  loss=0.4198  acc=0.7603  lr0=1.61e-05 lr1=8.05e-04
06:05:53 INFO   e1 step  5500/6587  loss=0.4190  acc=0.7607  lr0=1.60e-05 lr1=8.02e-04
06:05:59 INFO   e1 step  5550/6587  loss=0.4181  acc=0.7613  lr0=1.60e-05 lr1=7.99e-04
06:06:06 INFO   e1 step  5600/6587  loss=0.4173  acc=0.7617  lr0=1.59e-05 lr1=7.96e-04
06:06:12 INFO   e1 step  5650/6587  loss=0.4166  acc=0.7621  lr0=1.59e-05 lr1=7.93e-04
06:06:19 INFO   e1 step  5700/6587  loss=0.4158  acc=0.7624  lr0=1.58e-05 lr1=7.91e-04
06:06:25 INFO   e1 step  5750/6587  loss=0.4153  acc=0.7627  lr0=1.58e-05 lr1=7.88e-04
06:06:32 INFO   e1 step  5800/6587  loss=0.4145  acc=0.7632  lr0=1.57e-05 lr1=7.85e-04
06:06:38 INFO   e1 step  5850/6587  loss=0.4137  acc=0.7636  lr0=1.56e-05 lr1=7.82e-04
06:06:45 INFO   e1 step  5900/6587  loss=0.4130  acc=0.7641  lr0=1.56e-05 lr1=7.79e-04
06:06:51 INFO   e1 step  5950/6587  loss=0.4123  acc=0.7645  lr0=1.55e-05 lr1=7.77e-04
06:06:58 INFO   e1 step  6000/6587  loss=0.4115  acc=0.7650  lr0=1.55e-05 lr1=7.74e-04
06:07:05 INFO   e1 step  6050/6587  loss=0.4109  acc=0.7653  lr0=1.54e-05 lr1=7.71e-04
06:07:11 INFO   e1 step  6100/6587  loss=0.4102  acc=0.7657  lr0=1.54e-05 lr1=7.68e-04
06:07:18 INFO   e1 step  6150/6587  loss=0.4096  acc=0.7660  lr0=1.53e-05 lr1=7.65e-04
06:07:25 INFO   e1 step  6200/6587  loss=0.4090  acc=0.7664  lr0=1.52e-05 lr1=7.62e-04
06:07:31 INFO   e1 step  6250/6587  loss=0.4084  acc=0.7666  lr0=1.52e-05 lr1=7.60e-04
06:07:38 INFO   e1 step  6300/6587  loss=0.4077  acc=0.7670  lr0=1.51e-05 lr1=7.57e-04
06:07:44 INFO   e1 step  6350/6587  loss=0.4070  acc=0.7674  lr0=1.51e-05 lr1=7.54e-04
06:07:51 INFO   e1 step  6400/6587  loss=0.4064  acc=0.7678  lr0=1.50e-05 lr1=7.51e-04
06:07:57 INFO   e1 step  6450/6587  loss=0.4057  acc=0.7682  lr0=1.50e-05 lr1=7.48e-04
06:08:04 INFO   e1 step  6500/6587  loss=0.4052  acc=0.7684  lr0=1.49e-05 lr1=7.46e-04
06:08:10 INFO   e1 step  6550/6587  loss=0.4047  acc=0.7687  lr0=1.49e-05 lr1=7.43e-04
06:08:21 INFO [epoch 1] train_loss=0.4042 train_acc=0.7689  val_loss=0.5776 val_acc=0.8871 val_auc=0.9361  elapsed=860.7s
06:08:21 INFO   saved best.pt  val_acc=0.8871
06:08:28 INFO   e2 step    50/6587  loss=0.3151  acc=0.8181  lr0=1.48e-05 lr1=7.38e-04
06:08:34 INFO   e2 step   100/6587  loss=0.3219  acc=0.8128  lr0=1.47e-05 lr1=7.35e-04
06:08:41 INFO   e2 step   150/6587  loss=0.3198  acc=0.8154  lr0=1.46e-05 lr1=7.32e-04
06:08:47 INFO   e2 step   200/6587  loss=0.3161  acc=0.8206  lr0=1.46e-05 lr1=7.29e-04
06:08:53 INFO   e2 step   250/6587  loss=0.3139  acc=0.8226  lr0=1.45e-05 lr1=7.27e-04
06:09:00 INFO   e2 step   300/6587  loss=0.3124  acc=0.8223  lr0=1.45e-05 lr1=7.24e-04
06:09:06 INFO   e2 step   350/6587  loss=0.3124  acc=0.8197  lr0=1.44e-05 lr1=7.21e-04
06:09:13 INFO   e2 step   400/6587  loss=0.3120  acc=0.8192  lr0=1.44e-05 lr1=7.18e-04
06:09:20 INFO   e2 step   450/6587  loss=0.3146  acc=0.8178  lr0=1.43e-05 lr1=7.15e-04
06:09:26 INFO   e2 step   500/6587  loss=0.3145  acc=0.8192  lr0=1.43e-05 lr1=7.13e-04
06:09:32 INFO   e2 step   550/6587  loss=0.3128  acc=0.8209  lr0=1.42e-05 lr1=7.10e-04
06:09:39 INFO   e2 step   600/6587  loss=0.3135  acc=0.8198  lr0=1.41e-05 lr1=7.07e-04
06:09:46 INFO   e2 step   650/6587  loss=0.3130  acc=0.8205  lr0=1.41e-05 lr1=7.04e-04
06:09:52 INFO   e2 step   700/6587  loss=0.3129  acc=0.8208  lr0=1.40e-05 lr1=7.01e-04
06:09:59 INFO   e2 step   750/6587  loss=0.3131  acc=0.8208  lr0=1.40e-05 lr1=6.99e-04
06:10:05 INFO   e2 step   800/6587  loss=0.3121  acc=0.8216  lr0=1.39e-05 lr1=6.96e-04
06:10:12 INFO   e2 step   850/6587  loss=0.3126  acc=0.8224  lr0=1.39e-05 lr1=6.93e-04
06:10:18 INFO   e2 step   900/6587  loss=0.3136  acc=0.8224  lr0=1.38e-05 lr1=6.90e-04
06:10:25 INFO   e2 step   950/6587  loss=0.3136  acc=0.8227  lr0=1.37e-05 lr1=6.87e-04
06:10:31 INFO   e2 step  1000/6587  loss=0.3144  acc=0.8222  lr0=1.37e-05 lr1=6.85e-04
06:10:38 INFO   e2 step  1050/6587  loss=0.3141  acc=0.8218  lr0=1.36e-05 lr1=6.82e-04
06:10:44 INFO   e2 step  1100/6587  loss=0.3146  acc=0.8216  lr0=1.36e-05 lr1=6.79e-04
06:10:51 INFO   e2 step  1150/6587  loss=0.3142  acc=0.8215  lr0=1.35e-05 lr1=6.76e-04
06:10:57 INFO   e2 step  1200/6587  loss=0.3144  acc=0.8212  lr0=1.35e-05 lr1=6.73e-04
06:11:04 INFO   e2 step  1250/6587  loss=0.3147  acc=0.8212  lr0=1.34e-05 lr1=6.70e-04
06:11:10 INFO   e2 step  1300/6587  loss=0.3142  acc=0.8215  lr0=1.34e-05 lr1=6.68e-04
06:11:17 INFO   e2 step  1350/6587  loss=0.3145  acc=0.8214  lr0=1.33e-05 lr1=6.65e-04
06:11:23 INFO   e2 step  1400/6587  loss=0.3143  acc=0.8215  lr0=1.32e-05 lr1=6.62e-04
06:11:30 INFO   e2 step  1450/6587  loss=0.3145  acc=0.8215  lr0=1.32e-05 lr1=6.59e-04
06:11:36 INFO   e2 step  1500/6587  loss=0.3140  acc=0.8217  lr0=1.31e-05 lr1=6.56e-04
06:11:43 INFO   e2 step  1550/6587  loss=0.3138  acc=0.8222  lr0=1.31e-05 lr1=6.54e-04
06:11:50 INFO   e2 step  1600/6587  loss=0.3136  acc=0.8225  lr0=1.30e-05 lr1=6.51e-04
06:11:56 INFO   e2 step  1650/6587  loss=0.3134  acc=0.8228  lr0=1.30e-05 lr1=6.48e-04
06:12:02 INFO   e2 step  1700/6587  loss=0.3133  acc=0.8230  lr0=1.29e-05 lr1=6.45e-04
06:12:09 INFO   e2 step  1750/6587  loss=0.3132  acc=0.8229  lr0=1.28e-05 lr1=6.42e-04
06:12:15 INFO   e2 step  1800/6587  loss=0.3135  acc=0.8224  lr0=1.28e-05 lr1=6.40e-04
06:12:22 INFO   e2 step  1850/6587  loss=0.3134  acc=0.8221  lr0=1.27e-05 lr1=6.37e-04
06:12:28 INFO   e2 step  1900/6587  loss=0.3137  acc=0.8222  lr0=1.27e-05 lr1=6.34e-04
06:12:35 INFO   e2 step  1950/6587  loss=0.3134  acc=0.8221  lr0=1.26e-05 lr1=6.31e-04
06:12:41 INFO   e2 step  2000/6587  loss=0.3134  acc=0.8220  lr0=1.26e-05 lr1=6.28e-04
06:12:47 INFO   e2 step  2050/6587  loss=0.3132  acc=0.8221  lr0=1.25e-05 lr1=6.25e-04
06:12:54 INFO   e2 step  2100/6587  loss=0.3135  acc=0.8220  lr0=1.25e-05 lr1=6.23e-04
06:13:00 INFO   e2 step  2150/6587  loss=0.3136  acc=0.8219  lr0=1.24e-05 lr1=6.20e-04
06:13:07 INFO   e2 step  2200/6587  loss=0.3133  acc=0.8219  lr0=1.23e-05 lr1=6.17e-04
06:13:14 INFO   e2 step  2250/6587  loss=0.3129  acc=0.8223  lr0=1.23e-05 lr1=6.14e-04
06:13:20 INFO   e2 step  2300/6587  loss=0.3130  acc=0.8223  lr0=1.22e-05 lr1=6.11e-04
06:13:26 INFO   e2 step  2350/6587  loss=0.3130  acc=0.8223  lr0=1.22e-05 lr1=6.09e-04
06:13:33 INFO   e2 step  2400/6587  loss=0.3126  acc=0.8226  lr0=1.21e-05 lr1=6.06e-04
06:13:39 INFO   e2 step  2450/6587  loss=0.3127  acc=0.8225  lr0=1.21e-05 lr1=6.03e-04
06:13:46 INFO   e2 step  2500/6587  loss=0.3124  acc=0.8227  lr0=1.20e-05 lr1=6.00e-04
06:13:52 INFO   e2 step  2550/6587  loss=0.3122  acc=0.8228  lr0=1.19e-05 lr1=5.97e-04
06:13:59 INFO   e2 step  2600/6587  loss=0.3121  acc=0.8230  lr0=1.19e-05 lr1=5.95e-04
06:14:05 INFO   e2 step  2650/6587  loss=0.3119  acc=0.8231  lr0=1.18e-05 lr1=5.92e-04
06:14:12 INFO   e2 step  2700/6587  loss=0.3121  acc=0.8230  lr0=1.18e-05 lr1=5.89e-04
06:14:18 INFO   e2 step  2750/6587  loss=0.3121  acc=0.8228  lr0=1.17e-05 lr1=5.86e-04
06:14:25 INFO   e2 step  2800/6587  loss=0.3119  acc=0.8230  lr0=1.17e-05 lr1=5.83e-04
06:14:31 INFO   e2 step  2850/6587  loss=0.3118  acc=0.8231  lr0=1.16e-05 lr1=5.80e-04
06:14:38 INFO   e2 step  2900/6587  loss=0.3116  acc=0.8234  lr0=1.16e-05 lr1=5.78e-04
06:14:44 INFO   e2 step  2950/6587  loss=0.3114  acc=0.8235  lr0=1.15e-05 lr1=5.75e-04
06:14:51 INFO   e2 step  3000/6587  loss=0.3112  acc=0.8237  lr0=1.14e-05 lr1=5.72e-04
06:14:57 INFO   e2 step  3050/6587  loss=0.3112  acc=0.8238  lr0=1.14e-05 lr1=5.69e-04
06:15:03 INFO   e2 step  3100/6587  loss=0.3109  acc=0.8240  lr0=1.13e-05 lr1=5.66e-04
06:15:10 INFO   e2 step  3150/6587  loss=0.3106  acc=0.8243  lr0=1.13e-05 lr1=5.64e-04
06:15:16 INFO   e2 step  3200/6587  loss=0.3105  acc=0.8244  lr0=1.12e-05 lr1=5.61e-04
06:15:23 INFO   e2 step  3250/6587  loss=0.3103  acc=0.8245  lr0=1.12e-05 lr1=5.58e-04
06:15:29 INFO   e2 step  3300/6587  loss=0.3102  acc=0.8244  lr0=1.11e-05 lr1=5.55e-04
06:15:36 INFO   e2 step  3350/6587  loss=0.3102  acc=0.8244  lr0=1.10e-05 lr1=5.52e-04
06:15:42 INFO   e2 step  3400/6587  loss=0.3102  acc=0.8243  lr0=1.10e-05 lr1=5.50e-04
06:15:49 INFO   e2 step  3450/6587  loss=0.3100  acc=0.8244  lr0=1.09e-05 lr1=5.47e-04
06:15:55 INFO   e2 step  3500/6587  loss=0.3097  acc=0.8248  lr0=1.09e-05 lr1=5.44e-04
06:16:02 INFO   e2 step  3550/6587  loss=0.3099  acc=0.8246  lr0=1.08e-05 lr1=5.41e-04
06:16:08 INFO   e2 step  3600/6587  loss=0.3099  acc=0.8246  lr0=1.08e-05 lr1=5.38e-04
06:16:15 INFO   e2 step  3650/6587  loss=0.3098  acc=0.8247  lr0=1.07e-05 lr1=5.36e-04
06:16:22 INFO   e2 step  3700/6587  loss=0.3096  acc=0.8247  lr0=1.07e-05 lr1=5.33e-04
06:16:28 INFO   e2 step  3750/6587  loss=0.3095  acc=0.8249  lr0=1.06e-05 lr1=5.30e-04
06:16:35 INFO   e2 step  3800/6587  loss=0.3095  acc=0.8249  lr0=1.05e-05 lr1=5.27e-04
06:16:41 INFO   e2 step  3850/6587  loss=0.3094  acc=0.8251  lr0=1.05e-05 lr1=5.24e-04
06:16:48 INFO   e2 step  3900/6587  loss=0.3095  acc=0.8249  lr0=1.04e-05 lr1=5.21e-04
06:16:55 INFO   e2 step  3950/6587  loss=0.3095  acc=0.8251  lr0=1.04e-05 lr1=5.19e-04
06:17:01 INFO   e2 step  4000/6587  loss=0.3093  acc=0.8250  lr0=1.03e-05 lr1=5.16e-04
06:17:07 INFO   e2 step  4050/6587  loss=0.3094  acc=0.8251  lr0=1.03e-05 lr1=5.13e-04
06:17:14 INFO   e2 step  4100/6587  loss=0.3094  acc=0.8250  lr0=1.02e-05 lr1=5.10e-04
06:17:20 INFO   e2 step  4150/6587  loss=0.3094  acc=0.8249  lr0=1.01e-05 lr1=5.07e-04
06:17:27 INFO   e2 step  4200/6587  loss=0.3092  acc=0.8252  lr0=1.01e-05 lr1=5.05e-04
06:17:33 INFO   e2 step  4250/6587  loss=0.3091  acc=0.8251  lr0=1.00e-05 lr1=5.02e-04
06:17:39 INFO   e2 step  4300/6587  loss=0.3090  acc=0.8252  lr0=9.98e-06 lr1=4.99e-04
06:17:46 INFO   e2 step  4350/6587  loss=0.3089  acc=0.8253  lr0=9.92e-06 lr1=4.96e-04
06:17:52 INFO   e2 step  4400/6587  loss=0.3087  acc=0.8254  lr0=9.87e-06 lr1=4.93e-04
06:17:59 INFO   e2 step  4450/6587  loss=0.3085  acc=0.8255  lr0=9.81e-06 lr1=4.91e-04
06:18:05 INFO   e2 step  4500/6587  loss=0.3085  acc=0.8255  lr0=9.75e-06 lr1=4.88e-04
06:18:12 INFO   e2 step  4550/6587  loss=0.3082  acc=0.8258  lr0=9.70e-06 lr1=4.85e-04
06:18:19 INFO   e2 step  4600/6587  loss=0.3080  acc=0.8259  lr0=9.64e-06 lr1=4.82e-04
06:18:25 INFO   e2 step  4650/6587  loss=0.3082  acc=0.8258  lr0=9.59e-06 lr1=4.79e-04
06:18:32 INFO   e2 step  4700/6587  loss=0.3081  acc=0.8259  lr0=9.53e-06 lr1=4.76e-04
06:18:38 INFO   e2 step  4750/6587  loss=0.3079  acc=0.8261  lr0=9.47e-06 lr1=4.74e-04
06:18:45 INFO   e2 step  4800/6587  loss=0.3076  acc=0.8263  lr0=9.42e-06 lr1=4.71e-04
06:18:52 INFO   e2 step  4850/6587  loss=0.3076  acc=0.8264  lr0=9.36e-06 lr1=4.68e-04
06:18:58 INFO   e2 step  4900/6587  loss=0.3075  acc=0.8264  lr0=9.30e-06 lr1=4.65e-04
06:19:04 INFO   e2 step  4950/6587  loss=0.3076  acc=0.8264  lr0=9.25e-06 lr1=4.62e-04
06:19:11 INFO   e2 step  5000/6587  loss=0.3073  acc=0.8267  lr0=9.19e-06 lr1=4.60e-04
06:19:17 INFO   e2 step  5050/6587  loss=0.3073  acc=0.8267  lr0=9.14e-06 lr1=4.57e-04
06:19:24 INFO   e2 step  5100/6587  loss=0.3072  acc=0.8267  lr0=9.08e-06 lr1=4.54e-04
06:19:30 INFO   e2 step  5150/6587  loss=0.3071  acc=0.8268  lr0=9.02e-06 lr1=4.51e-04
06:19:37 INFO   e2 step  5200/6587  loss=0.3070  acc=0.8269  lr0=8.97e-06 lr1=4.48e-04
06:19:43 INFO   e2 step  5250/6587  loss=0.3071  acc=0.8269  lr0=8.91e-06 lr1=4.46e-04
06:19:49 INFO   e2 step  5300/6587  loss=0.3072  acc=0.8268  lr0=8.85e-06 lr1=4.43e-04
06:19:56 INFO   e2 step  5350/6587  loss=0.3072  acc=0.8266  lr0=8.80e-06 lr1=4.40e-04
06:20:03 INFO   e2 step  5400/6587  loss=0.3073  acc=0.8265  lr0=8.74e-06 lr1=4.37e-04
06:20:09 INFO   e2 step  5450/6587  loss=0.3072  acc=0.8266  lr0=8.69e-06 lr1=4.34e-04
06:20:15 INFO   e2 step  5500/6587  loss=0.3071  acc=0.8267  lr0=8.63e-06 lr1=4.31e-04
06:20:22 INFO   e2 step  5550/6587  loss=0.3072  acc=0.8267  lr0=8.57e-06 lr1=4.29e-04
06:20:28 INFO   e2 step  5600/6587  loss=0.3070  acc=0.8268  lr0=8.52e-06 lr1=4.26e-04
06:20:35 INFO   e2 step  5650/6587  loss=0.3070  acc=0.8268  lr0=8.46e-06 lr1=4.23e-04
06:20:41 INFO   e2 step  5700/6587  loss=0.3069  acc=0.8269  lr0=8.40e-06 lr1=4.20e-04
06:20:47 INFO   e2 step  5750/6587  loss=0.3069  acc=0.8269  lr0=8.35e-06 lr1=4.17e-04
06:20:54 INFO   e2 step  5800/6587  loss=0.3068  acc=0.8269  lr0=8.29e-06 lr1=4.15e-04
06:21:00 INFO   e2 step  5850/6587  loss=0.3067  acc=0.8269  lr0=8.24e-06 lr1=4.12e-04
06:21:07 INFO   e2 step  5900/6587  loss=0.3066  acc=0.8269  lr0=8.18e-06 lr1=4.09e-04
06:21:13 INFO   e2 step  5950/6587  loss=0.3066  acc=0.8269  lr0=8.12e-06 lr1=4.06e-04
06:21:20 INFO   e2 step  6000/6587  loss=0.3066  acc=0.8270  lr0=8.07e-06 lr1=4.03e-04
06:21:27 INFO   e2 step  6050/6587  loss=0.3065  acc=0.8270  lr0=8.01e-06 lr1=4.01e-04
06:21:34 INFO   e2 step  6100/6587  loss=0.3066  acc=0.8269  lr0=7.96e-06 lr1=3.98e-04
06:21:40 INFO   e2 step  6150/6587  loss=0.3064  acc=0.8270  lr0=7.90e-06 lr1=3.95e-04
06:21:47 INFO   e2 step  6200/6587  loss=0.3064  acc=0.8270  lr0=7.84e-06 lr1=3.92e-04
06:21:53 INFO   e2 step  6250/6587  loss=0.3064  acc=0.8271  lr0=7.79e-06 lr1=3.89e-04
06:22:00 INFO   e2 step  6300/6587  loss=0.3063  acc=0.8271  lr0=7.73e-06 lr1=3.87e-04
06:22:06 INFO   e2 step  6350/6587  loss=0.3064  acc=0.8271  lr0=7.67e-06 lr1=3.84e-04
06:22:13 INFO   e2 step  6400/6587  loss=0.3064  acc=0.8271  lr0=7.62e-06 lr1=3.81e-04
06:22:19 INFO   e2 step  6450/6587  loss=0.3063  acc=0.8271  lr0=7.56e-06 lr1=3.78e-04
06:22:26 INFO   e2 step  6500/6587  loss=0.3063  acc=0.8272  lr0=7.51e-06 lr1=3.75e-04
06:22:32 INFO   e2 step  6550/6587  loss=0.3064  acc=0.8272  lr0=7.45e-06 lr1=3.72e-04
06:22:43 INFO [epoch 2] train_loss=0.3063 train_acc=0.8272  val_loss=0.7607 val_acc=0.8904 val_auc=0.9250  elapsed=861.7s
06:22:43 INFO   saved best.pt  val_acc=0.8904
06:22:50 INFO   e3 step    50/6587  loss=0.3040  acc=0.8281  lr0=7.35e-06 lr1=3.68e-04
06:22:56 INFO   e3 step   100/6587  loss=0.3045  acc=0.8306  lr0=7.29e-06 lr1=3.65e-04
06:23:03 INFO   e3 step   150/6587  loss=0.2944  acc=0.8377  lr0=7.24e-06 lr1=3.62e-04
06:23:09 INFO   e3 step   200/6587  loss=0.2932  acc=0.8358  lr0=7.18e-06 lr1=3.59e-04
06:23:15 INFO   e3 step   250/6587  loss=0.2867  acc=0.8399  lr0=7.13e-06 lr1=3.56e-04
06:23:22 INFO   e3 step   300/6587  loss=0.2863  acc=0.8423  lr0=7.07e-06 lr1=3.54e-04
06:23:28 INFO   e3 step   350/6587  loss=0.2884  acc=0.8423  lr0=7.01e-06 lr1=3.51e-04
06:23:35 INFO   e3 step   400/6587  loss=0.2879  acc=0.8425  lr0=6.96e-06 lr1=3.48e-04
06:23:41 INFO   e3 step   450/6587  loss=0.2850  acc=0.8439  lr0=6.90e-06 lr1=3.45e-04
06:23:47 INFO   e3 step   500/6587  loss=0.2847  acc=0.8448  lr0=6.85e-06 lr1=3.42e-04
06:23:54 INFO   e3 step   550/6587  loss=0.2831  acc=0.8454  lr0=6.79e-06 lr1=3.39e-04
06:24:01 INFO   e3 step   600/6587  loss=0.2844  acc=0.8446  lr0=6.73e-06 lr1=3.37e-04
06:24:08 INFO   e3 step   650/6587  loss=0.2842  acc=0.8450  lr0=6.68e-06 lr1=3.34e-04
06:24:14 INFO   e3 step   700/6587  loss=0.2843  acc=0.8444  lr0=6.62e-06 lr1=3.31e-04
06:24:21 INFO   e3 step   750/6587  loss=0.2840  acc=0.8452  lr0=6.56e-06 lr1=3.28e-04
06:24:27 INFO   e3 step   800/6587  loss=0.2832  acc=0.8458  lr0=6.51e-06 lr1=3.25e-04
06:24:34 INFO   e3 step   850/6587  loss=0.2829  acc=0.8462  lr0=6.45e-06 lr1=3.23e-04
06:24:40 INFO   e3 step   900/6587  loss=0.2828  acc=0.8464  lr0=6.40e-06 lr1=3.20e-04
06:24:47 INFO   e3 step   950/6587  loss=0.2829  acc=0.8460  lr0=6.34e-06 lr1=3.17e-04
06:24:53 INFO   e3 step  1000/6587  loss=0.2826  acc=0.8463  lr0=6.28e-06 lr1=3.14e-04
06:25:00 INFO   e3 step  1050/6587  loss=0.2827  acc=0.8463  lr0=6.23e-06 lr1=3.11e-04
06:25:06 INFO   e3 step  1100/6587  loss=0.2827  acc=0.8465  lr0=6.17e-06 lr1=3.09e-04
06:25:13 INFO   e3 step  1150/6587  loss=0.2819  acc=0.8471  lr0=6.11e-06 lr1=3.06e-04
06:25:19 INFO   e3 step  1200/6587  loss=0.2808  acc=0.8479  lr0=6.06e-06 lr1=3.03e-04
06:25:26 INFO   e3 step  1250/6587  loss=0.2808  acc=0.8473  lr0=6.00e-06 lr1=3.00e-04
06:25:32 INFO   e3 step  1300/6587  loss=0.2806  acc=0.8474  lr0=5.95e-06 lr1=2.97e-04
06:25:39 INFO   e3 step  1350/6587  loss=0.2810  acc=0.8477  lr0=5.89e-06 lr1=2.94e-04
06:25:45 INFO   e3 step  1400/6587  loss=0.2806  acc=0.8480  lr0=5.83e-06 lr1=2.92e-04
06:25:52 INFO   e3 step  1450/6587  loss=0.2809  acc=0.8479  lr0=5.78e-06 lr1=2.89e-04
06:25:58 INFO   e3 step  1500/6587  loss=0.2807  acc=0.8486  lr0=5.72e-06 lr1=2.86e-04
06:26:04 INFO   e3 step  1550/6587  loss=0.2804  acc=0.8485  lr0=5.66e-06 lr1=2.83e-04
06:26:10 INFO   e3 step  1600/6587  loss=0.2804  acc=0.8485  lr0=5.61e-06 lr1=2.80e-04
06:26:16 INFO   e3 step  1650/6587  loss=0.2801  acc=0.8488  lr0=5.55e-06 lr1=2.78e-04
06:26:23 INFO   e3 step  1700/6587  loss=0.2800  acc=0.8489  lr0=5.50e-06 lr1=2.75e-04
06:26:28 INFO   e3 step  1750/6587  loss=0.2801  acc=0.8488  lr0=5.44e-06 lr1=2.72e-04
06:26:33 INFO   e3 step  1800/6587  loss=0.2804  acc=0.8486  lr0=5.38e-06 lr1=2.69e-04
06:26:37 INFO   e3 step  1850/6587  loss=0.2805  acc=0.8486  lr0=5.33e-06 lr1=2.66e-04
06:26:42 INFO   e3 step  1900/6587  loss=0.2804  acc=0.8485  lr0=5.27e-06 lr1=2.64e-04
06:26:46 INFO   e3 step  1950/6587  loss=0.2799  acc=0.8487  lr0=5.21e-06 lr1=2.61e-04
06:26:50 INFO   e3 step  2000/6587  loss=0.2792  acc=0.8491  lr0=5.16e-06 lr1=2.58e-04
06:26:55 INFO   e3 step  2050/6587  loss=0.2790  acc=0.8492  lr0=5.10e-06 lr1=2.55e-04
06:26:59 INFO   e3 step  2100/6587  loss=0.2789  acc=0.8493  lr0=5.05e-06 lr1=2.52e-04
06:27:03 INFO   e3 step  2150/6587  loss=0.2791  acc=0.8490  lr0=4.99e-06 lr1=2.49e-04
06:27:07 INFO   e3 step  2200/6587  loss=0.2796  acc=0.8487  lr0=4.93e-06 lr1=2.47e-04
06:27:12 INFO   e3 step  2250/6587  loss=0.2796  acc=0.8486  lr0=4.88e-06 lr1=2.44e-04
06:27:16 INFO   e3 step  2300/6587  loss=0.2797  acc=0.8486  lr0=4.82e-06 lr1=2.41e-04
06:27:20 INFO   e3 step  2350/6587  loss=0.2798  acc=0.8488  lr0=4.76e-06 lr1=2.38e-04
06:27:24 INFO   e3 step  2400/6587  loss=0.2799  acc=0.8488  lr0=4.71e-06 lr1=2.35e-04
06:27:28 INFO   e3 step  2450/6587  loss=0.2798  acc=0.8488  lr0=4.65e-06 lr1=2.33e-04
06:27:33 INFO   e3 step  2500/6587  loss=0.2796  acc=0.8489  lr0=4.60e-06 lr1=2.30e-04
06:27:37 INFO   e3 step  2550/6587  loss=0.2798  acc=0.8487  lr0=4.54e-06 lr1=2.27e-04
06:27:41 INFO   e3 step  2600/6587  loss=0.2798  acc=0.8486  lr0=4.48e-06 lr1=2.24e-04
06:27:46 INFO   e3 step  2650/6587  loss=0.2796  acc=0.8486  lr0=4.43e-06 lr1=2.21e-04
06:27:50 INFO   e3 step  2700/6587  loss=0.2796  acc=0.8485  lr0=4.37e-06 lr1=2.19e-04
06:27:54 INFO   e3 step  2750/6587  loss=0.2799  acc=0.8483  lr0=4.31e-06 lr1=2.16e-04
06:27:58 INFO   e3 step  2800/6587  loss=0.2800  acc=0.8482  lr0=4.26e-06 lr1=2.13e-04
06:28:03 INFO   e3 step  2850/6587  loss=0.2801  acc=0.8482  lr0=4.20e-06 lr1=2.10e-04
06:28:07 INFO   e3 step  2900/6587  loss=0.2799  acc=0.8484  lr0=4.15e-06 lr1=2.07e-04
06:28:11 INFO   e3 step  2950/6587  loss=0.2800  acc=0.8485  lr0=4.09e-06 lr1=2.04e-04
06:28:15 INFO   e3 step  3000/6587  loss=0.2800  acc=0.8484  lr0=4.03e-06 lr1=2.02e-04
06:28:20 INFO   e3 step  3050/6587  loss=0.2798  acc=0.8486  lr0=3.98e-06 lr1=1.99e-04
06:28:24 INFO   e3 step  3100/6587  loss=0.2798  acc=0.8486  lr0=3.92e-06 lr1=1.96e-04
06:28:28 INFO   e3 step  3150/6587  loss=0.2800  acc=0.8485  lr0=3.87e-06 lr1=1.93e-04
06:28:32 INFO   e3 step  3200/6587  loss=0.2799  acc=0.8484  lr0=3.81e-06 lr1=1.90e-04
06:28:37 INFO   e3 step  3250/6587  loss=0.2802  acc=0.8485  lr0=3.75e-06 lr1=1.88e-04
06:28:41 INFO   e3 step  3300/6587  loss=0.2803  acc=0.8485  lr0=3.70e-06 lr1=1.85e-04
06:28:45 INFO   e3 step  3350/6587  loss=0.2803  acc=0.8485  lr0=3.64e-06 lr1=1.82e-04
06:28:49 INFO   e3 step  3400/6587  loss=0.2806  acc=0.8482  lr0=3.58e-06 lr1=1.79e-04
06:28:53 INFO   e3 step  3450/6587  loss=0.2806  acc=0.8483  lr0=3.53e-06 lr1=1.76e-04
06:28:57 INFO   e3 step  3500/6587  loss=0.2805  acc=0.8484  lr0=3.47e-06 lr1=1.74e-04
06:29:01 INFO   e3 step  3550/6587  loss=0.2804  acc=0.8485  lr0=3.42e-06 lr1=1.71e-04
06:29:06 INFO   e3 step  3600/6587  loss=0.2803  acc=0.8486  lr0=3.36e-06 lr1=1.68e-04
06:29:10 INFO   e3 step  3650/6587  loss=0.2802  acc=0.8486  lr0=3.30e-06 lr1=1.65e-04
06:29:14 INFO   e3 step  3700/6587  loss=0.2801  acc=0.8488  lr0=3.25e-06 lr1=1.62e-04
06:29:18 INFO   e3 step  3750/6587  loss=0.2800  acc=0.8489  lr0=3.19e-06 lr1=1.60e-04
06:29:22 INFO   e3 step  3800/6587  loss=0.2799  acc=0.8489  lr0=3.13e-06 lr1=1.57e-04
06:29:26 INFO   e3 step  3850/6587  loss=0.2800  acc=0.8488  lr0=3.08e-06 lr1=1.54e-04
06:29:30 INFO   e3 step  3900/6587  loss=0.2796  acc=0.8491  lr0=3.02e-06 lr1=1.51e-04
06:29:35 INFO   e3 step  3950/6587  loss=0.2797  acc=0.8493  lr0=2.97e-06 lr1=1.48e-04
06:29:39 INFO   e3 step  4000/6587  loss=0.2798  acc=0.8493  lr0=2.91e-06 lr1=1.45e-04
06:29:43 INFO   e3 step  4050/6587  loss=0.2798  acc=0.8492  lr0=2.85e-06 lr1=1.43e-04
06:29:47 INFO   e3 step  4100/6587  loss=0.2797  acc=0.8491  lr0=2.80e-06 lr1=1.40e-04
06:29:51 INFO   e3 step  4150/6587  loss=0.2799  acc=0.8490  lr0=2.74e-06 lr1=1.37e-04
06:29:55 INFO   e3 step  4200/6587  loss=0.2799  acc=0.8491  lr0=2.68e-06 lr1=1.34e-04
06:30:00 INFO   e3 step  4250/6587  loss=0.2800  acc=0.8491  lr0=2.63e-06 lr1=1.31e-04
06:30:04 INFO   e3 step  4300/6587  loss=0.2800  acc=0.8491  lr0=2.57e-06 lr1=1.29e-04
06:30:08 INFO   e3 step  4350/6587  loss=0.2801  acc=0.8490  lr0=2.52e-06 lr1=1.26e-04
06:30:13 INFO   e3 step  4400/6587  loss=0.2801  acc=0.8490  lr0=2.46e-06 lr1=1.23e-04
06:30:17 INFO   e3 step  4450/6587  loss=0.2799  acc=0.8490  lr0=2.40e-06 lr1=1.20e-04
06:30:21 INFO   e3 step  4500/6587  loss=0.2799  acc=0.8489  lr0=2.35e-06 lr1=1.17e-04
06:30:25 INFO   e3 step  4550/6587  loss=0.2798  acc=0.8489  lr0=2.29e-06 lr1=1.15e-04
06:30:30 INFO   e3 step  4600/6587  loss=0.2798  acc=0.8490  lr0=2.23e-06 lr1=1.12e-04
06:30:34 INFO   e3 step  4650/6587  loss=0.2797  acc=0.8490  lr0=2.18e-06 lr1=1.09e-04
06:30:38 INFO   e3 step  4700/6587  loss=0.2796  acc=0.8491  lr0=2.12e-06 lr1=1.06e-04
06:30:42 INFO   e3 step  4750/6587  loss=0.2797  acc=0.8490  lr0=2.07e-06 lr1=1.03e-04
06:30:47 INFO   e3 step  4800/6587  loss=0.2797  acc=0.8490  lr0=2.01e-06 lr1=1.00e-04
06:30:51 INFO   e3 step  4850/6587  loss=0.2797  acc=0.8490  lr0=1.95e-06 lr1=9.77e-05
06:30:55 INFO   e3 step  4900/6587  loss=0.2796  acc=0.8490  lr0=1.90e-06 lr1=9.49e-05
06:30:59 INFO   e3 step  4950/6587  loss=0.2796  acc=0.8489  lr0=1.84e-06 lr1=9.20e-05
06:31:03 INFO   e3 step  5000/6587  loss=0.2794  acc=0.8490  lr0=1.78e-06 lr1=8.92e-05
06:31:07 INFO   e3 step  5050/6587  loss=0.2794  acc=0.8490  lr0=1.73e-06 lr1=8.64e-05
06:31:11 INFO   e3 step  5100/6587  loss=0.2793  acc=0.8491  lr0=1.67e-06 lr1=8.36e-05
06:31:16 INFO   e3 step  5150/6587  loss=0.2794  acc=0.8490  lr0=1.62e-06 lr1=8.08e-05
06:31:20 INFO   e3 step  5200/6587  loss=0.2792  acc=0.8491  lr0=1.56e-06 lr1=7.80e-05
06:31:24 INFO   e3 step  5250/6587  loss=0.2793  acc=0.8490  lr0=1.50e-06 lr1=7.52e-05
06:31:28 INFO   e3 step  5300/6587  loss=0.2793  acc=0.8489  lr0=1.45e-06 lr1=7.24e-05
06:31:33 INFO   e3 step  5350/6587  loss=0.2794  acc=0.8489  lr0=1.39e-06 lr1=6.96e-05
06:31:37 INFO   e3 step  5400/6587  loss=0.2792  acc=0.8491  lr0=1.33e-06 lr1=6.67e-05
06:31:41 INFO   e3 step  5450/6587  loss=0.2791  acc=0.8491  lr0=1.28e-06 lr1=6.39e-05
06:31:45 INFO   e3 step  5500/6587  loss=0.2791  acc=0.8491  lr0=1.22e-06 lr1=6.11e-05
06:31:49 INFO   e3 step  5550/6587  loss=0.2791  acc=0.8492  lr0=1.17e-06 lr1=5.83e-05
06:31:54 INFO   e3 step  5600/6587  loss=0.2790  acc=0.8492  lr0=1.11e-06 lr1=5.55e-05
06:31:58 INFO   e3 step  5650/6587  loss=0.2791  acc=0.8492  lr0=1.05e-06 lr1=5.27e-05
06:32:02 INFO   e3 step  5700/6587  loss=0.2790  acc=0.8494  lr0=9.97e-07 lr1=4.99e-05
06:32:06 INFO   e3 step  5750/6587  loss=0.2789  acc=0.8494  lr0=9.41e-07 lr1=4.71e-05
06:32:10 INFO   e3 step  5800/6587  loss=0.2787  acc=0.8494  lr0=8.85e-07 lr1=4.43e-05
06:32:15 INFO   e3 step  5850/6587  loss=0.2786  acc=0.8495  lr0=8.29e-07 lr1=4.14e-05
06:32:19 INFO   e3 step  5900/6587  loss=0.2787  acc=0.8494  lr0=7.73e-07 lr1=3.86e-05
06:32:23 INFO   e3 step  5950/6587  loss=0.2787  acc=0.8494  lr0=7.16e-07 lr1=3.58e-05
06:32:28 INFO   e3 step  6000/6587  loss=0.2788  acc=0.8493  lr0=6.60e-07 lr1=3.30e-05
06:32:32 INFO   e3 step  6050/6587  loss=0.2787  acc=0.8494  lr0=6.04e-07 lr1=3.02e-05
06:32:36 INFO   e3 step  6100/6587  loss=0.2788  acc=0.8494  lr0=5.48e-07 lr1=2.74e-05
06:32:40 INFO   e3 step  6150/6587  loss=0.2789  acc=0.8494  lr0=4.91e-07 lr1=2.46e-05
06:32:44 INFO   e3 step  6200/6587  loss=0.2789  acc=0.8494  lr0=4.35e-07 lr1=2.18e-05
06:32:49 INFO   e3 step  6250/6587  loss=0.2787  acc=0.8495  lr0=3.79e-07 lr1=1.89e-05
06:32:53 INFO   e3 step  6300/6587  loss=0.2789  acc=0.8495  lr0=3.23e-07 lr1=1.61e-05
06:32:57 INFO   e3 step  6350/6587  loss=0.2787  acc=0.8496  lr0=2.67e-07 lr1=1.33e-05
06:33:01 INFO   e3 step  6400/6587  loss=0.2786  acc=0.8496  lr0=2.10e-07 lr1=1.05e-05
06:33:05 INFO   e3 step  6450/6587  loss=0.2786  acc=0.8497  lr0=1.54e-07 lr1=7.70e-06
06:33:09 INFO   e3 step  6500/6587  loss=0.2785  acc=0.8497  lr0=9.78e-08 lr1=4.89e-06
06:33:14 INFO   e3 step  6550/6587  loss=0.2785  acc=0.8496  lr0=4.16e-08 lr1=2.08e-06
06:33:21 INFO [epoch 3] train_loss=0.2787 train_acc=0.8495  val_loss=0.8613 val_acc=0.8837 val_auc=0.9241  elapsed=637.4s
06:33:21 INFO loading best.pt for test eval
06:33:26 INFO [test] loss=1.0394  acc=0.8534  auc=0.8966  f1=0.8519
06:33:26 INFO [test] per-tier-pair accuracy:
06:33:26 INFO         T1-T1  n= 6004  acc=0.8534
06:33:26 INFO [done] results in runs/classifier/workflow_ajo_2
