22:35:04 INFO run_dir=runs/classifier/data/ajo_newstyle_large
22:35:04 INFO device=cuda  bf16=True
22:35:04 INFO tokenizer <- BAAI/bge-large-en-v1.5
22:35:05 INFO max_seq_len=524 exceeds model cap 512; clamping to 512
22:35:05 INFO max_seq_len=512 (user-provided)
22:35:05 INFO loading datasets
22:35:05 INFO   train=20897  val=2612  test=2613
22:35:05 INFO building DirectionalClassifier on BAAI/bge-large-en-v1.5  head_cfg={'head_type': 'mlp', 'hidden_dims': [512, 128], 'dropout': 0.1, 'activation': 'gelu', 'norm': 'layer'}  n_tiers=0
22:35:07 INFO   hidden_size=1024  trainable_params=672,456,705
22:35:07 INFO   total_steps=6540  warmup_steps=654
22:36:38 INFO run_dir=runs/classifier/data/ajo_newstyle_large
22:36:38 INFO device=cuda  bf16=True
22:36:38 INFO tokenizer <- BAAI/bge-large-en-v1.5
22:36:38 INFO max_seq_len=524 exceeds model cap 512; clamping to 512
22:36:38 INFO max_seq_len=512 (user-provided)
22:36:38 INFO loading datasets
22:36:38 INFO   train=20897  val=2612  test=2613
22:36:38 INFO building DirectionalClassifier on BAAI/bge-large-en-v1.5  head_cfg={'head_type': 'mlp', 'hidden_dims': [512, 128], 'dropout': 0.1, 'activation': 'gelu', 'norm': 'layer'}  n_tiers=0
22:36:41 INFO   hidden_size=1024  trainable_params=672,456,705
22:36:41 INFO   total_steps=6540  warmup_steps=654
22:37:12 INFO   e1 step    50/654  loss=0.8023  acc=0.5194  lr0=1.53e-06 lr1=7.65e-05
22:37:43 INFO   e1 step   100/654  loss=0.7618  acc=0.5309  lr0=3.06e-06 lr1=1.53e-04
22:38:14 INFO   e1 step   150/654  loss=0.7420  acc=0.5275  lr0=4.59e-06 lr1=2.29e-04
22:38:45 INFO   e1 step   200/654  loss=0.7311  acc=0.5297  lr0=6.12e-06 lr1=3.06e-04
22:39:15 INFO   e1 step   250/654  loss=0.7205  acc=0.5367  lr0=7.65e-06 lr1=3.82e-04
22:39:46 INFO   e1 step   300/654  loss=0.7128  acc=0.5442  lr0=9.17e-06 lr1=4.59e-04
22:40:17 INFO   e1 step   350/654  loss=0.7059  acc=0.5486  lr0=1.07e-05 lr1=5.35e-04
22:40:48 INFO   e1 step   400/654  loss=0.7002  acc=0.5534  lr0=1.22e-05 lr1=6.12e-04
22:41:19 INFO   e1 step   450/654  loss=0.6960  acc=0.5541  lr0=1.38e-05 lr1=6.88e-04
22:41:50 INFO   e1 step   500/654  loss=0.6931  acc=0.5559  lr0=1.53e-05 lr1=7.65e-04
22:42:20 INFO   e1 step   550/654  loss=0.6906  acc=0.5578  lr0=1.68e-05 lr1=8.41e-04
22:42:51 INFO   e1 step   600/654  loss=0.6865  acc=0.5617  lr0=1.83e-05 lr1=9.17e-04
22:43:22 INFO   e1 step   650/654  loss=0.6823  acc=0.5654  lr0=1.99e-05 lr1=9.94e-04
22:43:37 INFO [epoch 1] train_loss=0.6823 train_acc=0.5654  val_loss=0.6265 val_acc=0.5976 val_auc=0.6762  elapsed=416.7s
22:43:41 INFO   saved best.pt  val_acc=0.5976
22:44:12 INFO   e2 step    50/654  loss=0.6158  acc=0.6419  lr0=1.98e-05 lr1=9.92e-04
22:44:43 INFO   e2 step   100/654  loss=0.6107  acc=0.6372  lr0=1.97e-05 lr1=9.83e-04
22:45:14 INFO   e2 step   150/654  loss=0.6138  acc=0.6285  lr0=1.95e-05 lr1=9.75e-04
22:45:45 INFO   e2 step   200/654  loss=0.6138  acc=0.6277  lr0=1.93e-05 lr1=9.66e-04
22:46:16 INFO   e2 step   250/654  loss=0.6092  acc=0.6315  lr0=1.92e-05 lr1=9.58e-04
22:46:47 INFO   e2 step   300/654  loss=0.6150  acc=0.6245  lr0=1.90e-05 lr1=9.49e-04
22:47:18 INFO   e2 step   350/654  loss=0.6128  acc=0.6242  lr0=1.88e-05 lr1=9.41e-04
22:47:49 INFO   e2 step   400/654  loss=0.6122  acc=0.6243  lr0=1.86e-05 lr1=9.32e-04
22:48:19 INFO   e2 step   450/654  loss=0.6094  acc=0.6269  lr0=1.85e-05 lr1=9.24e-04
22:48:50 INFO   e2 step   500/654  loss=0.6091  acc=0.6256  lr0=1.83e-05 lr1=9.15e-04
22:49:21 INFO   e2 step   550/654  loss=0.6080  acc=0.6267  lr0=1.81e-05 lr1=9.07e-04
22:49:52 INFO   e2 step   600/654  loss=0.6075  acc=0.6256  lr0=1.80e-05 lr1=8.98e-04
22:50:23 INFO   e2 step   650/654  loss=0.6056  acc=0.6268  lr0=1.78e-05 lr1=8.90e-04
22:50:39 INFO [epoch 2] train_loss=0.6057 train_acc=0.6267  val_loss=0.6101 val_acc=0.6198 val_auc=0.7084  elapsed=417.5s
22:50:43 INFO   saved best.pt  val_acc=0.6198
22:51:14 INFO   e3 step    50/654  loss=0.5540  acc=0.6606  lr0=1.76e-05 lr1=8.80e-04
22:51:45 INFO   e3 step   100/654  loss=0.5419  acc=0.6772  lr0=1.74e-05 lr1=8.72e-04
22:52:16 INFO   e3 step   150/654  loss=0.5367  acc=0.6844  lr0=1.73e-05 lr1=8.63e-04
22:52:47 INFO   e3 step   200/654  loss=0.5374  acc=0.6816  lr0=1.71e-05 lr1=8.55e-04
22:53:18 INFO   e3 step   250/654  loss=0.5432  acc=0.6774  lr0=1.69e-05 lr1=8.46e-04
22:53:49 INFO   e3 step   300/654  loss=0.5429  acc=0.6786  lr0=1.68e-05 lr1=8.38e-04
22:54:20 INFO   e3 step   350/654  loss=0.5440  acc=0.6800  lr0=1.66e-05 lr1=8.29e-04
22:54:50 INFO   e3 step   400/654  loss=0.5452  acc=0.6759  lr0=1.64e-05 lr1=8.21e-04
22:55:21 INFO   e3 step   450/654  loss=0.5454  acc=0.6765  lr0=1.62e-05 lr1=8.12e-04
22:55:52 INFO   e3 step   500/654  loss=0.5425  acc=0.6773  lr0=1.61e-05 lr1=8.04e-04
22:56:23 INFO   e3 step   550/654  loss=0.5420  acc=0.6761  lr0=1.59e-05 lr1=7.95e-04
22:56:54 INFO   e3 step   600/654  loss=0.5419  acc=0.6777  lr0=1.57e-05 lr1=7.87e-04
22:57:25 INFO   e3 step   650/654  loss=0.5412  acc=0.6762  lr0=1.56e-05 lr1=7.78e-04
22:57:41 INFO [epoch 3] train_loss=0.5414 train_acc=0.6757  val_loss=0.5662 val_acc=0.6328 val_auc=0.7365  elapsed=417.4s
22:57:44 INFO   saved best.pt  val_acc=0.6328
22:58:15 INFO   e4 step    50/654  loss=0.4946  acc=0.7356  lr0=1.54e-05 lr1=7.69e-04
22:58:46 INFO   e4 step   100/654  loss=0.4832  acc=0.7397  lr0=1.52e-05 lr1=7.61e-04
22:59:17 INFO   e4 step   150/654  loss=0.4778  acc=0.7388  lr0=1.50e-05 lr1=7.52e-04
22:59:48 INFO   e4 step   200/654  loss=0.4773  acc=0.7386  lr0=1.49e-05 lr1=7.44e-04
23:00:19 INFO   e4 step   250/654  loss=0.4777  acc=0.7305  lr0=1.47e-05 lr1=7.35e-04
23:00:50 INFO   e4 step   300/654  loss=0.4797  acc=0.7299  lr0=1.45e-05 lr1=7.27e-04
23:01:21 INFO   e4 step   350/654  loss=0.4788  acc=0.7295  lr0=1.44e-05 lr1=7.18e-04
23:01:51 INFO   e4 step   400/654  loss=0.4757  acc=0.7312  lr0=1.42e-05 lr1=7.10e-04
23:02:22 INFO   e4 step   450/654  loss=0.4741  acc=0.7326  lr0=1.40e-05 lr1=7.01e-04
23:02:53 INFO   e4 step   500/654  loss=0.4740  acc=0.7329  lr0=1.39e-05 lr1=6.93e-04
23:03:24 INFO   e4 step   550/654  loss=0.4768  acc=0.7311  lr0=1.37e-05 lr1=6.84e-04
23:03:55 INFO   e4 step   600/654  loss=0.4777  acc=0.7305  lr0=1.35e-05 lr1=6.76e-04
23:04:26 INFO   e4 step   650/654  loss=0.4778  acc=0.7297  lr0=1.33e-05 lr1=6.67e-04
23:04:41 INFO [epoch 4] train_loss=0.4780 train_acc=0.7298  val_loss=0.5852 val_acc=0.6332 val_auc=0.7331  elapsed=417.3s
23:04:46 INFO   saved best.pt  val_acc=0.6332
23:05:17 INFO   e5 step    50/654  loss=0.4102  acc=0.7650  lr0=1.32e-05 lr1=6.58e-04
23:05:48 INFO   e5 step   100/654  loss=0.4096  acc=0.7650  lr0=1.30e-05 lr1=6.50e-04
23:06:19 INFO   e5 step   150/654  loss=0.4046  acc=0.7727  lr0=1.28e-05 lr1=6.41e-04
23:06:50 INFO   e5 step   200/654  loss=0.4095  acc=0.7709  lr0=1.27e-05 lr1=6.33e-04
23:07:20 INFO   e5 step   250/654  loss=0.4099  acc=0.7719  lr0=1.25e-05 lr1=6.24e-04
23:07:51 INFO   e5 step   300/654  loss=0.4094  acc=0.7719  lr0=1.23e-05 lr1=6.16e-04
23:08:22 INFO   e5 step   350/654  loss=0.4094  acc=0.7699  lr0=1.21e-05 lr1=6.07e-04
23:08:53 INFO   e5 step   400/654  loss=0.4105  acc=0.7699  lr0=1.20e-05 lr1=5.99e-04
23:09:24 INFO   e5 step   450/654  loss=0.4121  acc=0.7697  lr0=1.18e-05 lr1=5.90e-04
23:09:54 INFO   e5 step   500/654  loss=0.4125  acc=0.7699  lr0=1.16e-05 lr1=5.82e-04
23:10:25 INFO   e5 step   550/654  loss=0.4133  acc=0.7688  lr0=1.15e-05 lr1=5.73e-04
23:10:56 INFO   e5 step   600/654  loss=0.4121  acc=0.7711  lr0=1.13e-05 lr1=5.65e-04
23:11:27 INFO   e5 step   650/654  loss=0.4128  acc=0.7704  lr0=1.11e-05 lr1=5.56e-04
23:11:42 INFO [epoch 5] train_loss=0.4129 train_acc=0.7700  val_loss=0.7122 val_acc=0.6306 val_auc=0.7327  elapsed=416.2s
23:12:13 INFO   e6 step    50/654  loss=0.3472  acc=0.8219  lr0=1.09e-05 lr1=5.47e-04
23:12:44 INFO   e6 step   100/654  loss=0.3546  acc=0.8200  lr0=1.08e-05 lr1=5.39e-04
23:13:15 INFO   e6 step   150/654  loss=0.3470  acc=0.8187  lr0=1.06e-05 lr1=5.30e-04
23:13:46 INFO   e6 step   200/654  loss=0.3423  acc=0.8211  lr0=1.04e-05 lr1=5.22e-04
23:14:17 INFO   e6 step   250/654  loss=0.3427  acc=0.8177  lr0=1.03e-05 lr1=5.13e-04
23:14:48 INFO   e6 step   300/654  loss=0.3441  acc=0.8170  lr0=1.01e-05 lr1=5.05e-04
23:15:18 INFO   e6 step   350/654  loss=0.3452  acc=0.8137  lr0=9.92e-06 lr1=4.96e-04
23:15:49 INFO   e6 step   400/654  loss=0.3456  acc=0.8132  lr0=9.75e-06 lr1=4.88e-04
23:16:20 INFO   e6 step   450/654  loss=0.3481  acc=0.8103  lr0=9.58e-06 lr1=4.79e-04
23:16:50 INFO   e6 step   500/654  loss=0.3493  acc=0.8099  lr0=9.41e-06 lr1=4.71e-04
23:17:21 INFO   e6 step   550/654  loss=0.3495  acc=0.8091  lr0=9.24e-06 lr1=4.62e-04
23:17:52 INFO   e6 step   600/654  loss=0.3502  acc=0.8091  lr0=9.07e-06 lr1=4.54e-04
23:18:23 INFO   e6 step   650/654  loss=0.3518  acc=0.8084  lr0=8.90e-06 lr1=4.45e-04
23:18:39 INFO [epoch 6] train_loss=0.3517 train_acc=0.8087  val_loss=0.9530 val_acc=0.6302 val_auc=0.7281  elapsed=416.3s
23:19:10 INFO   e7 step    50/654  loss=0.2696  acc=0.8519  lr0=8.72e-06 lr1=4.36e-04
23:19:40 INFO   e7 step   100/654  loss=0.2760  acc=0.8566  lr0=8.55e-06 lr1=4.27e-04
23:20:11 INFO   e7 step   150/654  loss=0.2772  acc=0.8529  lr0=8.38e-06 lr1=4.19e-04
23:20:42 INFO   e7 step   200/654  loss=0.2779  acc=0.8533  lr0=8.21e-06 lr1=4.10e-04
23:21:13 INFO   e7 step   250/654  loss=0.2805  acc=0.8518  lr0=8.04e-06 lr1=4.02e-04
23:21:43 INFO   e7 step   300/654  loss=0.2796  acc=0.8543  lr0=7.87e-06 lr1=3.93e-04
23:22:14 INFO   e7 step   350/654  loss=0.2803  acc=0.8546  lr0=7.70e-06 lr1=3.85e-04
23:22:45 INFO   e7 step   400/654  loss=0.2800  acc=0.8519  lr0=7.53e-06 lr1=3.76e-04
23:23:16 INFO   e7 step   450/654  loss=0.2816  acc=0.8515  lr0=7.36e-06 lr1=3.68e-04
23:23:46 INFO   e7 step   500/654  loss=0.2812  acc=0.8519  lr0=7.19e-06 lr1=3.59e-04
23:24:17 INFO   e7 step   550/654  loss=0.2808  acc=0.8519  lr0=7.02e-06 lr1=3.51e-04
23:24:48 INFO   e7 step   600/654  loss=0.2817  acc=0.8503  lr0=6.85e-06 lr1=3.43e-04
23:25:18 INFO   e7 step   650/654  loss=0.2831  acc=0.8499  lr0=6.68e-06 lr1=3.34e-04
23:25:34 INFO [epoch 7] train_loss=0.2831 train_acc=0.8499  val_loss=1.1940 val_acc=0.6229 val_auc=0.7126  elapsed=415.5s
23:26:05 INFO   e8 step    50/654  loss=0.2301  acc=0.8738  lr0=6.50e-06 lr1=3.25e-04
23:26:36 INFO   e8 step   100/654  loss=0.2257  acc=0.8816  lr0=6.33e-06 lr1=3.16e-04
23:27:07 INFO   e8 step   150/654  loss=0.2266  acc=0.8821  lr0=6.16e-06 lr1=3.08e-04
23:27:37 INFO   e8 step   200/654  loss=0.2259  acc=0.8844  lr0=5.99e-06 lr1=2.99e-04
23:28:08 INFO   e8 step   250/654  loss=0.2249  acc=0.8856  lr0=5.82e-06 lr1=2.91e-04
23:28:39 INFO   e8 step   300/654  loss=0.2271  acc=0.8855  lr0=5.65e-06 lr1=2.82e-04
23:29:10 INFO   e8 step   350/654  loss=0.2264  acc=0.8859  lr0=5.48e-06 lr1=2.74e-04
23:29:41 INFO   e8 step   400/654  loss=0.2270  acc=0.8847  lr0=5.31e-06 lr1=2.65e-04
23:30:11 INFO   e8 step   450/654  loss=0.2274  acc=0.8850  lr0=5.14e-06 lr1=2.57e-04
23:30:42 INFO   e8 step   500/654  loss=0.2284  acc=0.8842  lr0=4.97e-06 lr1=2.48e-04
23:31:13 INFO   e8 step   550/654  loss=0.2282  acc=0.8841  lr0=4.80e-06 lr1=2.40e-04
23:31:44 INFO   e8 step   600/654  loss=0.2288  acc=0.8835  lr0=4.63e-06 lr1=2.31e-04
23:32:15 INFO   e8 step   650/654  loss=0.2284  acc=0.8840  lr0=4.46e-06 lr1=2.23e-04
23:32:30 INFO [epoch 8] train_loss=0.2282 train_acc=0.8841  val_loss=1.5416 val_acc=0.6206 val_auc=0.6976  elapsed=416.1s
23:33:01 INFO   e9 step    50/654  loss=0.1768  acc=0.9169  lr0=4.27e-06 lr1=2.14e-04
23:33:32 INFO   e9 step   100/654  loss=0.1783  acc=0.9144  lr0=4.10e-06 lr1=2.05e-04
23:34:03 INFO   e9 step   150/654  loss=0.1746  acc=0.9146  lr0=3.93e-06 lr1=1.97e-04
23:34:33 INFO   e9 step   200/654  loss=0.1734  acc=0.9130  lr0=3.76e-06 lr1=1.88e-04
23:35:04 INFO   e9 step   250/654  loss=0.1709  acc=0.9133  lr0=3.59e-06 lr1=1.80e-04
23:35:35 INFO   e9 step   300/654  loss=0.1707  acc=0.9141  lr0=3.43e-06 lr1=1.71e-04
23:36:06 INFO   e9 step   350/654  loss=0.1674  acc=0.9159  lr0=3.26e-06 lr1=1.63e-04
23:36:36 INFO   e9 step   400/654  loss=0.1696  acc=0.9160  lr0=3.09e-06 lr1=1.54e-04
23:37:07 INFO   e9 step   450/654  loss=0.1707  acc=0.9165  lr0=2.92e-06 lr1=1.46e-04
23:37:38 INFO   e9 step   500/654  loss=0.1726  acc=0.9149  lr0=2.75e-06 lr1=1.37e-04
23:38:09 INFO   e9 step   550/654  loss=0.1724  acc=0.9147  lr0=2.58e-06 lr1=1.29e-04
23:38:40 INFO   e9 step   600/654  loss=0.1725  acc=0.9147  lr0=2.41e-06 lr1=1.20e-04
23:39:11 INFO   e9 step   650/654  loss=0.1719  acc=0.9153  lr0=2.24e-06 lr1=1.12e-04
23:39:26 INFO [epoch 9] train_loss=0.1720 train_acc=0.9153  val_loss=1.7454 val_acc=0.6202 val_auc=0.6911  elapsed=415.9s
23:39:57 INFO   e10 step    50/654  loss=0.1152  acc=0.9444  lr0=2.05e-06 lr1=1.03e-04
23:40:28 INFO   e10 step   100/654  loss=0.1196  acc=0.9434  lr0=1.88e-06 lr1=9.41e-05
23:40:59 INFO   e10 step   150/654  loss=0.1215  acc=0.9440  lr0=1.71e-06 lr1=8.56e-05
23:41:30 INFO   e10 step   200/654  loss=0.1199  acc=0.9420  lr0=1.54e-06 lr1=7.71e-05
23:42:00 INFO   e10 step   250/654  loss=0.1249  acc=0.9394  lr0=1.37e-06 lr1=6.86e-05
23:42:31 INFO   e10 step   300/654  loss=0.1273  acc=0.9374  lr0=1.20e-06 lr1=6.01e-05
23:43:02 INFO   e10 step   350/654  loss=0.1278  acc=0.9375  lr0=1.03e-06 lr1=5.16e-05
23:43:33 INFO   e10 step   400/654  loss=0.1268  acc=0.9378  lr0=8.63e-07 lr1=4.32e-05
23:44:03 INFO   e10 step   450/654  loss=0.1280  acc=0.9375  lr0=6.93e-07 lr1=3.47e-05
23:44:34 INFO   e10 step   500/654  loss=0.1295  acc=0.9367  lr0=5.23e-07 lr1=2.62e-05
23:45:05 INFO   e10 step   550/654  loss=0.1286  acc=0.9363  lr0=3.53e-07 lr1=1.77e-05
23:45:36 INFO   e10 step   600/654  loss=0.1282  acc=0.9365  lr0=1.83e-07 lr1=9.17e-06
23:46:07 INFO   e10 step   650/654  loss=0.1281  acc=0.9371  lr0=1.36e-08 lr1=6.80e-07
23:46:22 INFO [epoch 10] train_loss=0.1285 train_acc=0.9369  val_loss=1.9980 val_acc=0.6164 val_auc=0.6776  elapsed=416.1s
23:46:26 INFO loading best.pt for test eval
23:46:41 INFO [test] loss=0.5902  acc=0.6376  auc=0.7296  f1=0.6853
23:46:41 INFO [test] per-tier-pair accuracy:
23:46:41 INFO         T0-T0  n= 2613  acc=0.6376
23:46:41 INFO [done] results in runs/classifier/data/ajo_newstyle_large
