05:50:09 INFO run_dir=/mnt/localssd/crossencoder_sweep/runs/aep_dataset/all-mpnet-base-v2
05:50:09 INFO device=cuda:0  bf16=True  physical_gpu=3  CUDA_VISIBLE_DEVICES=3
05:50:09 INFO dataset=aep_dataset  model=all-mpnet-base-v2  backbone=sentence-transformers/all-mpnet-base-v2
05:50:09 INFO tokenizer <- sentence-transformers/all-mpnet-base-v2
05:50:10 INFO split files: ['directional_train.jsonl', 'directional_val.jsonl', 'directional_test.jsonl']
05:50:10 INFO scanning max JOINT token length across all splits ...
05:51:42 INFO   observed_max_joint=512 -> max_seq_len=512 (cap=512, scan=92.9s)
05:51:42 INFO loading datasets ...
05:51:43 INFO   schema=standard  train=67500  val=8460  test=8460
05:51:43 INFO building CrossEncoderClassifier  backbone=sentence-transformers/all-mpnet-base-v2
05:51:44 INFO   hidden_size=768  trainable_params=109,487,233
05:51:44 INFO   total_steps=4220  warmup_steps=422
05:52:03 INFO   e1 step    50/1055  loss=0.6972  acc=0.4934  lr0=2.37e-06 lr1=1.18e-04
05:52:20 INFO   e1 step   100/1055  loss=0.6937  acc=0.5141  lr0=4.74e-06 lr1=2.37e-04
05:52:38 INFO   e1 step   150/1055  loss=0.6900  acc=0.5250  lr0=7.11e-06 lr1=3.55e-04
05:52:55 INFO   e1 step   200/1055  loss=0.6795  acc=0.5510  lr0=9.48e-06 lr1=4.74e-04
05:53:13 INFO   e1 step   250/1055  loss=0.6610  acc=0.5797  lr0=1.18e-05 lr1=5.92e-04
05:53:30 INFO   e1 step   300/1055  loss=0.6402  acc=0.6060  lr0=1.42e-05 lr1=7.11e-04
05:53:48 INFO   e1 step   350/1055  loss=0.6188  acc=0.6292  lr0=1.66e-05 lr1=8.29e-04
05:54:05 INFO   e1 step   400/1055  loss=0.5958  acc=0.6502  lr0=1.90e-05 lr1=9.48e-04
05:54:23 INFO   e1 step   450/1055  loss=0.5671  acc=0.6727  lr0=1.99e-05 lr1=9.93e-04
05:54:40 INFO   e1 step   500/1055  loss=0.5420  acc=0.6918  lr0=1.96e-05 lr1=9.79e-04
05:54:58 INFO   e1 step   550/1055  loss=0.5189  acc=0.7089  lr0=1.93e-05 lr1=9.66e-04
05:55:15 INFO   e1 step   600/1055  loss=0.4958  acc=0.7248  lr0=1.91e-05 lr1=9.53e-04
05:55:33 INFO   e1 step   650/1055  loss=0.4752  acc=0.7388  lr0=1.88e-05 lr1=9.40e-04
05:55:50 INFO   e1 step   700/1055  loss=0.4566  acc=0.7513  lr0=1.85e-05 lr1=9.27e-04
05:56:08 INFO   e1 step   750/1055  loss=0.4383  acc=0.7631  lr0=1.83e-05 lr1=9.14e-04
05:56:25 INFO   e1 step   800/1055  loss=0.4222  acc=0.7738  lr0=1.80e-05 lr1=9.00e-04
05:56:43 INFO   e1 step   850/1055  loss=0.4081  acc=0.7829  lr0=1.77e-05 lr1=8.87e-04
05:57:00 INFO   e1 step   900/1055  loss=0.3936  acc=0.7920  lr0=1.75e-05 lr1=8.74e-04
05:57:18 INFO   e1 step   950/1055  loss=0.3812  acc=0.7998  lr0=1.72e-05 lr1=8.61e-04
05:57:35 INFO   e1 step  1000/1055  loss=0.3684  acc=0.8075  lr0=1.70e-05 lr1=8.48e-04
05:57:53 INFO   e1 step  1050/1055  loss=0.3572  acc=0.8144  lr0=1.67e-05 lr1=8.35e-04
05:58:11 INFO [epoch 1] train_loss=0.3561 train_acc=0.8151  val_loss=0.2172 val_acc=0.9184 val_auc=0.9808  elapsed=386.6s
05:58:11 INFO   saved best.pt  val_acc=0.9184
05:58:29 INFO   e2 step    50/1055  loss=0.1144  acc=0.9566  lr0=1.64e-05 lr1=8.20e-04
05:58:46 INFO   e2 step   100/1055  loss=0.1014  acc=0.9616  lr0=1.61e-05 lr1=8.07e-04
05:59:04 INFO   e2 step   150/1055  loss=0.0983  acc=0.9636  lr0=1.59e-05 lr1=7.94e-04
05:59:21 INFO   e2 step   200/1055  loss=0.0938  acc=0.9653  lr0=1.56e-05 lr1=7.81e-04
05:59:39 INFO   e2 step   250/1055  loss=0.0906  acc=0.9663  lr0=1.54e-05 lr1=7.68e-04
05:59:56 INFO   e2 step   300/1055  loss=0.0901  acc=0.9665  lr0=1.51e-05 lr1=7.54e-04
06:00:14 INFO   e2 step   350/1055  loss=0.0892  acc=0.9668  lr0=1.48e-05 lr1=7.41e-04
06:00:31 INFO   e2 step   400/1055  loss=0.0889  acc=0.9670  lr0=1.46e-05 lr1=7.28e-04
06:00:48 INFO   e2 step   450/1055  loss=0.0872  acc=0.9677  lr0=1.43e-05 lr1=7.15e-04
06:01:06 INFO   e2 step   500/1055  loss=0.0853  acc=0.9687  lr0=1.40e-05 lr1=7.02e-04
06:01:23 INFO   e2 step   550/1055  loss=0.0829  acc=0.9699  lr0=1.38e-05 lr1=6.89e-04
06:01:41 INFO   e2 step   600/1055  loss=0.0819  acc=0.9703  lr0=1.35e-05 lr1=6.75e-04
06:01:58 INFO   e2 step   650/1055  loss=0.0799  acc=0.9711  lr0=1.32e-05 lr1=6.62e-04
06:02:15 INFO   e2 step   700/1055  loss=0.0785  acc=0.9716  lr0=1.30e-05 lr1=6.49e-04
06:02:33 INFO   e2 step   750/1055  loss=0.0774  acc=0.9719  lr0=1.27e-05 lr1=6.36e-04
06:02:50 INFO   e2 step   800/1055  loss=0.0761  acc=0.9725  lr0=1.25e-05 lr1=6.23e-04
06:03:08 INFO   e2 step   850/1055  loss=0.0741  acc=0.9732  lr0=1.22e-05 lr1=6.10e-04
06:03:25 INFO   e2 step   900/1055  loss=0.0727  acc=0.9737  lr0=1.19e-05 lr1=5.96e-04
06:03:42 INFO   e2 step   950/1055  loss=0.0718  acc=0.9740  lr0=1.17e-05 lr1=5.83e-04
06:04:00 INFO   e2 step  1000/1055  loss=0.0703  acc=0.9745  lr0=1.14e-05 lr1=5.70e-04
06:04:17 INFO   e2 step  1050/1055  loss=0.0692  acc=0.9751  lr0=1.11e-05 lr1=5.57e-04
06:04:35 INFO [epoch 2] train_loss=0.0691 train_acc=0.9751  val_loss=0.2041 val_acc=0.9430 val_auc=0.9859  elapsed=383.8s
06:04:36 INFO   saved best.pt  val_acc=0.9430
06:04:54 INFO   e3 step    50/1055  loss=0.0279  acc=0.9888  lr0=1.08e-05 lr1=5.42e-04
06:05:11 INFO   e3 step   100/1055  loss=0.0324  acc=0.9883  lr0=1.06e-05 lr1=5.29e-04
06:05:28 INFO   e3 step   150/1055  loss=0.0325  acc=0.9885  lr0=1.03e-05 lr1=5.16e-04
06:05:46 INFO   e3 step   200/1055  loss=0.0301  acc=0.9895  lr0=1.01e-05 lr1=5.03e-04
06:06:03 INFO   e3 step   250/1055  loss=0.0278  acc=0.9904  lr0=9.79e-06 lr1=4.90e-04
06:06:21 INFO   e3 step   300/1055  loss=0.0275  acc=0.9905  lr0=9.53e-06 lr1=4.77e-04
06:06:38 INFO   e3 step   350/1055  loss=0.0272  acc=0.9908  lr0=9.27e-06 lr1=4.63e-04
06:06:55 INFO   e3 step   400/1055  loss=0.0278  acc=0.9909  lr0=9.00e-06 lr1=4.50e-04
06:07:13 INFO   e3 step   450/1055  loss=0.0273  acc=0.9912  lr0=8.74e-06 lr1=4.37e-04
06:07:30 INFO   e3 step   500/1055  loss=0.0282  acc=0.9910  lr0=8.48e-06 lr1=4.24e-04
06:07:48 INFO   e3 step   550/1055  loss=0.0287  acc=0.9910  lr0=8.21e-06 lr1=4.11e-04
06:08:05 INFO   e3 step   600/1055  loss=0.0285  acc=0.9911  lr0=7.95e-06 lr1=3.98e-04
06:08:22 INFO   e3 step   650/1055  loss=0.0275  acc=0.9913  lr0=7.69e-06 lr1=3.84e-04
06:08:40 INFO   e3 step   700/1055  loss=0.0275  acc=0.9914  lr0=7.42e-06 lr1=3.71e-04
06:08:57 INFO   e3 step   750/1055  loss=0.0272  acc=0.9915  lr0=7.16e-06 lr1=3.58e-04
06:09:15 INFO   e3 step   800/1055  loss=0.0276  acc=0.9913  lr0=6.90e-06 lr1=3.45e-04
06:09:32 INFO   e3 step   850/1055  loss=0.0276  acc=0.9913  lr0=6.64e-06 lr1=3.32e-04
06:09:49 INFO   e3 step   900/1055  loss=0.0270  acc=0.9916  lr0=6.37e-06 lr1=3.19e-04
06:10:07 INFO   e3 step   950/1055  loss=0.0265  acc=0.9917  lr0=6.11e-06 lr1=3.05e-04
06:10:24 INFO   e3 step  1000/1055  loss=0.0261  acc=0.9919  lr0=5.85e-06 lr1=2.92e-04
06:10:42 INFO   e3 step  1050/1055  loss=0.0257  acc=0.9920  lr0=5.58e-06 lr1=2.79e-04
06:11:00 INFO [epoch 3] train_loss=0.0256 train_acc=0.9921  val_loss=0.2648 val_acc=0.9512 val_auc=0.9806  elapsed=383.8s
06:11:00 INFO   saved best.pt  val_acc=0.9512
06:11:18 INFO   e4 step    50/1055  loss=0.0097  acc=0.9972  lr0=5.29e-06 lr1=2.65e-04
06:11:35 INFO   e4 step   100/1055  loss=0.0119  acc=0.9966  lr0=5.03e-06 lr1=2.51e-04
06:11:53 INFO   e4 step   150/1055  loss=0.0131  acc=0.9960  lr0=4.77e-06 lr1=2.38e-04
06:12:10 INFO   e4 step   200/1055  loss=0.0138  acc=0.9960  lr0=4.50e-06 lr1=2.25e-04
06:12:28 INFO   e4 step   250/1055  loss=0.0127  acc=0.9962  lr0=4.24e-06 lr1=2.12e-04
06:12:45 INFO   e4 step   300/1055  loss=0.0119  acc=0.9966  lr0=3.98e-06 lr1=1.99e-04
06:13:02 INFO   e4 step   350/1055  loss=0.0117  acc=0.9964  lr0=3.71e-06 lr1=1.86e-04
06:13:20 INFO   e4 step   400/1055  loss=0.0118  acc=0.9964  lr0=3.45e-06 lr1=1.72e-04
06:13:37 INFO   e4 step   450/1055  loss=0.0119  acc=0.9966  lr0=3.19e-06 lr1=1.59e-04
06:13:55 INFO   e4 step   500/1055  loss=0.0115  acc=0.9966  lr0=2.92e-06 lr1=1.46e-04
06:14:12 INFO   e4 step   550/1055  loss=0.0111  acc=0.9967  lr0=2.66e-06 lr1=1.33e-04
06:14:30 INFO   e4 step   600/1055  loss=0.0108  acc=0.9967  lr0=2.40e-06 lr1=1.20e-04
06:14:47 INFO   e4 step   650/1055  loss=0.0109  acc=0.9967  lr0=2.13e-06 lr1=1.07e-04
06:15:04 INFO   e4 step   700/1055  loss=0.0106  acc=0.9968  lr0=1.87e-06 lr1=9.35e-05
06:15:22 INFO   e4 step   750/1055  loss=0.0106  acc=0.9968  lr0=1.61e-06 lr1=8.03e-05
06:15:39 INFO   e4 step   800/1055  loss=0.0102  acc=0.9969  lr0=1.34e-06 lr1=6.71e-05
06:15:57 INFO   e4 step   850/1055  loss=0.0100  acc=0.9970  lr0=1.08e-06 lr1=5.40e-05
06:16:14 INFO   e4 step   900/1055  loss=0.0101  acc=0.9970  lr0=8.16e-07 lr1=4.08e-05
06:16:31 INFO   e4 step   950/1055  loss=0.0101  acc=0.9970  lr0=5.53e-07 lr1=2.76e-05
06:16:49 INFO   e4 step  1000/1055  loss=0.0098  acc=0.9971  lr0=2.90e-07 lr1=1.45e-05
06:17:06 INFO   e4 step  1050/1055  loss=0.0097  acc=0.9971  lr0=2.63e-08 lr1=1.32e-06
06:17:24 INFO [epoch 4] train_loss=0.0097 train_acc=0.9971  val_loss=0.3115 val_acc=0.9494 val_auc=0.9772  elapsed=383.8s
06:17:24 INFO loading best.pt for test eval
06:17:41 INFO [test] loss=0.4344  acc=0.9251  auc=0.9625  f1=0.9267
06:17:41 INFO [done] run_summary.json written to /mnt/localssd/crossencoder_sweep/runs/aep_dataset/all-mpnet-base-v2
