10:15:17 INFO run_dir=runs/classifier/models/aep_causal_classification_34_bge-large-en-v1.5
10:15:17 INFO device=cuda  bf16=True
10:15:17 INFO tokenizer <- BAAI/bge-large-en-v1.5
10:15:17 INFO max_seq_len=524 exceeds model cap 512; clamping to 512
10:15:17 INFO max_seq_len=512 (user-provided)
10:15:17 INFO loading datasets
10:15:18 INFO   train=110775  val=6004  test=6004
10:15:18 INFO building DirectionalClassifier on BAAI/bge-large-en-v1.5  head_cfg={'head_type': 'mlp', 'hidden_dims': [512, 128], 'dropout': 0.1, 'activation': 'gelu', 'norm': 'layer'}  n_tiers=0
10:15:21 INFO   hidden_size=1024  trainable_params=672,456,705
10:15:21 INFO   total_steps=34620  warmup_steps=3462
10:16:10 INFO run_dir=runs/classifier/models/aep_causal_classification_34_bge-large-en-v1.5
10:16:10 INFO device=cuda  bf16=True
10:16:10 INFO tokenizer <- BAAI/bge-large-en-v1.5
10:16:11 INFO max_seq_len=524 exceeds model cap 512; clamping to 512
10:16:11 INFO max_seq_len=512 (user-provided)
10:16:11 INFO loading datasets
10:16:12 INFO   train=110775  val=6004  test=6004
10:16:12 INFO building DirectionalClassifier on BAAI/bge-large-en-v1.5  head_cfg={'head_type': 'mlp', 'hidden_dims': [512, 128], 'dropout': 0.1, 'activation': 'gelu', 'norm': 'layer'}  n_tiers=0
10:16:14 INFO   hidden_size=1024  trainable_params=672,456,705
10:16:14 INFO   total_steps=34620  warmup_steps=3462
10:16:32 INFO   e1 step    50/3462  loss=0.7583  acc=0.5606  lr0=2.89e-07 lr1=1.44e-05
10:16:48 INFO   e1 step   100/3462  loss=0.7040  acc=0.5994  lr0=5.78e-07 lr1=2.89e-05
10:17:04 INFO   e1 step   150/3462  loss=0.6477  acc=0.6429  lr0=8.67e-07 lr1=4.33e-05
10:17:21 INFO   e1 step   200/3462  loss=0.6034  acc=0.6736  lr0=1.16e-06 lr1=5.78e-05
10:17:37 INFO   e1 step   250/3462  loss=0.5668  acc=0.6979  lr0=1.44e-06 lr1=7.22e-05
10:17:53 INFO   e1 step   300/3462  loss=0.5387  acc=0.7186  lr0=1.73e-06 lr1=8.67e-05
10:18:09 INFO   e1 step   350/3462  loss=0.5124  acc=0.7372  lr0=2.02e-06 lr1=1.01e-04
10:18:25 INFO   e1 step   400/3462  loss=0.4909  acc=0.7513  lr0=2.31e-06 lr1=1.16e-04
10:18:41 INFO   e1 step   450/3462  loss=0.4739  acc=0.7620  lr0=2.60e-06 lr1=1.30e-04
10:18:57 INFO   e1 step   500/3462  loss=0.4579  acc=0.7721  lr0=2.89e-06 lr1=1.44e-04
10:19:14 INFO   e1 step   550/3462  loss=0.4434  acc=0.7811  lr0=3.18e-06 lr1=1.59e-04
10:19:29 INFO   e1 step   600/3462  loss=0.4289  acc=0.7897  lr0=3.47e-06 lr1=1.73e-04
10:19:46 INFO   e1 step   650/3462  loss=0.4164  acc=0.7969  lr0=3.76e-06 lr1=1.88e-04
10:20:02 INFO   e1 step   700/3462  loss=0.4045  acc=0.8039  lr0=4.04e-06 lr1=2.02e-04
10:20:18 INFO   e1 step   750/3462  loss=0.3945  acc=0.8100  lr0=4.33e-06 lr1=2.17e-04
10:20:34 INFO   e1 step   800/3462  loss=0.3831  acc=0.8160  lr0=4.62e-06 lr1=2.31e-04
10:20:51 INFO   e1 step   850/3462  loss=0.3741  acc=0.8210  lr0=4.91e-06 lr1=2.46e-04
10:21:07 INFO   e1 step   900/3462  loss=0.3642  acc=0.8265  lr0=5.20e-06 lr1=2.60e-04
10:21:23 INFO   e1 step   950/3462  loss=0.3550  acc=0.8315  lr0=5.49e-06 lr1=2.74e-04
10:21:39 INFO   e1 step  1000/3462  loss=0.3465  acc=0.8364  lr0=5.78e-06 lr1=2.89e-04
10:21:55 INFO   e1 step  1050/3462  loss=0.3398  acc=0.8405  lr0=6.07e-06 lr1=3.03e-04
10:22:11 INFO   e1 step  1100/3462  loss=0.3328  acc=0.8448  lr0=6.35e-06 lr1=3.18e-04
10:22:26 INFO   e1 step  1150/3462  loss=0.3258  acc=0.8485  lr0=6.64e-06 lr1=3.32e-04
10:22:43 INFO   e1 step  1200/3462  loss=0.3194  acc=0.8519  lr0=6.93e-06 lr1=3.47e-04
10:22:58 INFO   e1 step  1250/3462  loss=0.3141  acc=0.8547  lr0=7.22e-06 lr1=3.61e-04
10:23:14 INFO   e1 step  1300/3462  loss=0.3079  acc=0.8579  lr0=7.51e-06 lr1=3.76e-04
10:23:30 INFO   e1 step  1350/3462  loss=0.3022  acc=0.8607  lr0=7.80e-06 lr1=3.90e-04
10:23:47 INFO   e1 step  1400/3462  loss=0.2962  acc=0.8640  lr0=8.09e-06 lr1=4.04e-04
10:24:03 INFO   e1 step  1450/3462  loss=0.2908  acc=0.8668  lr0=8.38e-06 lr1=4.19e-04
10:24:19 INFO   e1 step  1500/3462  loss=0.2867  acc=0.8693  lr0=8.67e-06 lr1=4.33e-04
10:24:35 INFO   e1 step  1550/3462  loss=0.2816  acc=0.8719  lr0=8.95e-06 lr1=4.48e-04
10:24:51 INFO   e1 step  1600/3462  loss=0.2767  acc=0.8745  lr0=9.24e-06 lr1=4.62e-04
10:25:07 INFO   e1 step  1650/3462  loss=0.2731  acc=0.8765  lr0=9.53e-06 lr1=4.77e-04
10:25:23 INFO   e1 step  1700/3462  loss=0.2685  acc=0.8789  lr0=9.82e-06 lr1=4.91e-04
10:25:39 INFO   e1 step  1750/3462  loss=0.2648  acc=0.8810  lr0=1.01e-05 lr1=5.05e-04
10:25:55 INFO   e1 step  1800/3462  loss=0.2608  acc=0.8831  lr0=1.04e-05 lr1=5.20e-04
10:26:11 INFO   e1 step  1850/3462  loss=0.2569  acc=0.8851  lr0=1.07e-05 lr1=5.34e-04
10:26:27 INFO   e1 step  1900/3462  loss=0.2535  acc=0.8868  lr0=1.10e-05 lr1=5.49e-04
10:26:43 INFO   e1 step  1950/3462  loss=0.2497  acc=0.8887  lr0=1.13e-05 lr1=5.63e-04
10:26:59 INFO   e1 step  2000/3462  loss=0.2455  acc=0.8909  lr0=1.16e-05 lr1=5.78e-04
10:27:15 INFO   e1 step  2050/3462  loss=0.2421  acc=0.8925  lr0=1.18e-05 lr1=5.92e-04
10:27:31 INFO   e1 step  2100/3462  loss=0.2389  acc=0.8941  lr0=1.21e-05 lr1=6.07e-04
10:27:47 INFO   e1 step  2150/3462  loss=0.2353  acc=0.8960  lr0=1.24e-05 lr1=6.21e-04
10:28:03 INFO   e1 step  2200/3462  loss=0.2323  acc=0.8975  lr0=1.27e-05 lr1=6.35e-04
10:28:19 INFO   e1 step  2250/3462  loss=0.2295  acc=0.8989  lr0=1.30e-05 lr1=6.50e-04
10:28:35 INFO   e1 step  2300/3462  loss=0.2269  acc=0.9002  lr0=1.33e-05 lr1=6.64e-04
10:28:52 INFO   e1 step  2350/3462  loss=0.2241  acc=0.9015  lr0=1.36e-05 lr1=6.79e-04
10:29:08 INFO   e1 step  2400/3462  loss=0.2210  acc=0.9030  lr0=1.39e-05 lr1=6.93e-04
10:29:24 INFO   e1 step  2450/3462  loss=0.2179  acc=0.9045  lr0=1.42e-05 lr1=7.08e-04
10:29:40 INFO   e1 step  2500/3462  loss=0.2152  acc=0.9059  lr0=1.44e-05 lr1=7.22e-04
10:29:56 INFO   e1 step  2550/3462  loss=0.2125  acc=0.9072  lr0=1.47e-05 lr1=7.37e-04
10:30:13 INFO   e1 step  2600/3462  loss=0.2099  acc=0.9085  lr0=1.50e-05 lr1=7.51e-04
10:30:29 INFO   e1 step  2650/3462  loss=0.2071  acc=0.9098  lr0=1.53e-05 lr1=7.65e-04
10:30:45 INFO   e1 step  2700/3462  loss=0.2047  acc=0.9109  lr0=1.56e-05 lr1=7.80e-04
10:31:01 INFO   e1 step  2750/3462  loss=0.2023  acc=0.9120  lr0=1.59e-05 lr1=7.94e-04
10:31:17 INFO   e1 step  2800/3462  loss=0.2003  acc=0.9130  lr0=1.62e-05 lr1=8.09e-04
10:31:33 INFO   e1 step  2850/3462  loss=0.1981  acc=0.9141  lr0=1.65e-05 lr1=8.23e-04
10:31:49 INFO   e1 step  2900/3462  loss=0.1962  acc=0.9149  lr0=1.68e-05 lr1=8.38e-04
10:32:05 INFO   e1 step  2950/3462  loss=0.1939  acc=0.9160  lr0=1.70e-05 lr1=8.52e-04
10:32:21 INFO   e1 step  3000/3462  loss=0.1916  acc=0.9170  lr0=1.73e-05 lr1=8.67e-04
10:32:37 INFO   e1 step  3050/3462  loss=0.1900  acc=0.9179  lr0=1.76e-05 lr1=8.81e-04
10:32:53 INFO   e1 step  3100/3462  loss=0.1878  acc=0.9188  lr0=1.79e-05 lr1=8.95e-04
10:33:09 INFO   e1 step  3150/3462  loss=0.1855  acc=0.9199  lr0=1.82e-05 lr1=9.10e-04
10:33:25 INFO   e1 step  3200/3462  loss=0.1836  acc=0.9208  lr0=1.85e-05 lr1=9.24e-04
10:33:42 INFO   e1 step  3250/3462  loss=0.1818  acc=0.9216  lr0=1.88e-05 lr1=9.39e-04
10:33:58 INFO   e1 step  3300/3462  loss=0.1799  acc=0.9225  lr0=1.91e-05 lr1=9.53e-04
10:34:14 INFO   e1 step  3350/3462  loss=0.1781  acc=0.9234  lr0=1.94e-05 lr1=9.68e-04
10:34:30 INFO   e1 step  3400/3462  loss=0.1763  acc=0.9242  lr0=1.96e-05 lr1=9.82e-04
10:34:46 INFO   e1 step  3450/3462  loss=0.1744  acc=0.9250  lr0=1.99e-05 lr1=9.97e-04
10:35:02 INFO [epoch 1] train_loss=0.1739 train_acc=0.9253  val_loss=0.5537 val_acc=0.8784 val_auc=0.9354  elapsed=1128.5s
10:35:06 INFO   saved best.pt  val_acc=0.8784
10:35:23 INFO   e2 step    50/3462  loss=0.0569  acc=0.9750  lr0=2.00e-05 lr1=9.98e-04
10:35:39 INFO   e2 step   100/3462  loss=0.0619  acc=0.9762  lr0=1.99e-05 lr1=9.97e-04
10:35:54 INFO   e2 step   150/3462  loss=0.0655  acc=0.9748  lr0=1.99e-05 lr1=9.95e-04
10:36:10 INFO   e2 step   200/3462  loss=0.0583  acc=0.9766  lr0=1.99e-05 lr1=9.94e-04
10:36:26 INFO   e2 step   250/3462  loss=0.0582  acc=0.9770  lr0=1.98e-05 lr1=9.92e-04
10:36:42 INFO   e2 step   300/3462  loss=0.0576  acc=0.9773  lr0=1.98e-05 lr1=9.90e-04
10:36:58 INFO   e2 step   350/3462  loss=0.0590  acc=0.9770  lr0=1.98e-05 lr1=9.89e-04
10:37:14 INFO   e2 step   400/3462  loss=0.0574  acc=0.9774  lr0=1.97e-05 lr1=9.87e-04
10:37:30 INFO   e2 step   450/3462  loss=0.0550  acc=0.9781  lr0=1.97e-05 lr1=9.86e-04
10:37:46 INFO   e2 step   500/3462  loss=0.0536  acc=0.9789  lr0=1.97e-05 lr1=9.84e-04
10:38:02 INFO   e2 step   550/3462  loss=0.0531  acc=0.9791  lr0=1.96e-05 lr1=9.82e-04
10:38:18 INFO   e2 step   600/3462  loss=0.0523  acc=0.9795  lr0=1.96e-05 lr1=9.81e-04
10:43:51 INFO run_dir=runs/classifier/models/aep_causal_classification_34_bge-large-en-v1.5
10:43:51 INFO device=cuda  bf16=True
10:43:51 INFO tokenizer <- BAAI/bge-large-en-v1.5
10:43:51 INFO max_seq_len=524 exceeds model cap 512; clamping to 512
10:43:51 INFO max_seq_len=512 (user-provided)
10:43:51 INFO loading datasets
10:43:52 INFO   train=110775  val=6004  test=6004
10:43:52 INFO building DirectionalClassifier on BAAI/bge-large-en-v1.5  head_cfg={'head_type': 'mlp', 'hidden_dims': [512, 128], 'dropout': 0.1, 'activation': 'gelu', 'norm': 'layer'}  n_tiers=0
10:43:54 INFO   hidden_size=1024  trainable_params=672,456,705
10:43:54 INFO   total_steps=10386  warmup_steps=1038
10:44:12 INFO   e1 step    50/3462  loss=0.7245  acc=0.5863  lr0=9.63e-07 lr1=4.82e-05
10:44:28 INFO   e1 step   100/3462  loss=0.6400  acc=0.6538  lr0=1.93e-06 lr1=9.63e-05
10:44:45 INFO   e1 step   150/3462  loss=0.5750  acc=0.6977  lr0=2.89e-06 lr1=1.45e-04
10:45:01 INFO   e1 step   200/3462  loss=0.5310  acc=0.7272  lr0=3.85e-06 lr1=1.93e-04
10:45:17 INFO   e1 step   250/3462  loss=0.4985  acc=0.7490  lr0=4.82e-06 lr1=2.41e-04
10:45:34 INFO   e1 step   300/3462  loss=0.4678  acc=0.7678  lr0=5.78e-06 lr1=2.89e-04
10:45:50 INFO   e1 step   350/3462  loss=0.4436  acc=0.7829  lr0=6.74e-06 lr1=3.37e-04
10:46:06 INFO   e1 step   400/3462  loss=0.4224  acc=0.7952  lr0=7.71e-06 lr1=3.85e-04
10:46:22 INFO   e1 step   450/3462  loss=0.4069  acc=0.8047  lr0=8.67e-06 lr1=4.34e-04
10:46:38 INFO   e1 step   500/3462  loss=0.3905  acc=0.8145  lr0=9.63e-06 lr1=4.82e-04
10:46:54 INFO   e1 step   550/3462  loss=0.3778  acc=0.8220  lr0=1.06e-05 lr1=5.30e-04
10:47:10 INFO   e1 step   600/3462  loss=0.3685  acc=0.8282  lr0=1.16e-05 lr1=5.78e-04
10:47:26 INFO   e1 step   650/3462  loss=0.3584  acc=0.8341  lr0=1.25e-05 lr1=6.26e-04
10:47:42 INFO   e1 step   700/3462  loss=0.3471  acc=0.8397  lr0=1.35e-05 lr1=6.74e-04
10:47:58 INFO   e1 step   750/3462  loss=0.3373  acc=0.8455  lr0=1.45e-05 lr1=7.23e-04
10:48:15 INFO   e1 step   800/3462  loss=0.3264  acc=0.8511  lr0=1.54e-05 lr1=7.71e-04
10:48:31 INFO   e1 step   850/3462  loss=0.3187  acc=0.8550  lr0=1.64e-05 lr1=8.19e-04
10:48:47 INFO   e1 step   900/3462  loss=0.3103  acc=0.8597  lr0=1.73e-05 lr1=8.67e-04
10:49:03 INFO   e1 step   950/3462  loss=0.3031  acc=0.8635  lr0=1.83e-05 lr1=9.15e-04
10:49:20 INFO   e1 step  1000/3462  loss=0.2960  acc=0.8672  lr0=1.93e-05 lr1=9.63e-04
10:49:35 INFO   e1 step  1050/3462  loss=0.2917  acc=0.8700  lr0=2.00e-05 lr1=9.99e-04
10:49:51 INFO   e1 step  1100/3462  loss=0.2851  acc=0.8735  lr0=1.99e-05 lr1=9.93e-04
10:50:08 INFO   e1 step  1150/3462  loss=0.2793  acc=0.8765  lr0=1.98e-05 lr1=9.88e-04
10:50:24 INFO   e1 step  1200/3462  loss=0.2734  acc=0.8796  lr0=1.97e-05 lr1=9.83e-04
10:50:40 INFO   e1 step  1250/3462  loss=0.2684  acc=0.8821  lr0=1.95e-05 lr1=9.77e-04
10:50:56 INFO   e1 step  1300/3462  loss=0.2632  acc=0.8846  lr0=1.94e-05 lr1=9.72e-04
10:51:12 INFO   e1 step  1350/3462  loss=0.2577  acc=0.8875  lr0=1.93e-05 lr1=9.67e-04
10:51:28 INFO   e1 step  1400/3462  loss=0.2520  acc=0.8902  lr0=1.92e-05 lr1=9.61e-04
10:51:44 INFO   e1 step  1450/3462  loss=0.2465  acc=0.8928  lr0=1.91e-05 lr1=9.56e-04
10:52:01 INFO   e1 step  1500/3462  loss=0.2423  acc=0.8951  lr0=1.90e-05 lr1=9.51e-04
10:52:17 INFO   e1 step  1550/3462  loss=0.2375  acc=0.8975  lr0=1.89e-05 lr1=9.45e-04
10:52:33 INFO   e1 step  1600/3462  loss=0.2328  acc=0.8996  lr0=1.88e-05 lr1=9.40e-04
10:52:49 INFO   e1 step  1650/3462  loss=0.2286  acc=0.9016  lr0=1.87e-05 lr1=9.35e-04
10:53:05 INFO   e1 step  1700/3462  loss=0.2241  acc=0.9038  lr0=1.86e-05 lr1=9.29e-04
10:53:21 INFO   e1 step  1750/3462  loss=0.2204  acc=0.9056  lr0=1.85e-05 lr1=9.24e-04
10:53:37 INFO   e1 step  1800/3462  loss=0.2167  acc=0.9074  lr0=1.84e-05 lr1=9.18e-04
10:53:53 INFO   e1 step  1850/3462  loss=0.2131  acc=0.9092  lr0=1.83e-05 lr1=9.13e-04
10:54:09 INFO   e1 step  1900/3462  loss=0.2097  acc=0.9108  lr0=1.82e-05 lr1=9.08e-04
10:54:25 INFO   e1 step  1950/3462  loss=0.2064  acc=0.9123  lr0=1.80e-05 lr1=9.02e-04
10:54:41 INFO   e1 step  2000/3462  loss=0.2032  acc=0.9139  lr0=1.79e-05 lr1=8.97e-04
10:54:57 INFO   e1 step  2050/3462  loss=0.2003  acc=0.9152  lr0=1.78e-05 lr1=8.92e-04
10:55:13 INFO   e1 step  2100/3462  loss=0.1969  acc=0.9167  lr0=1.77e-05 lr1=8.86e-04
10:55:29 INFO   e1 step  2150/3462  loss=0.1936  acc=0.9181  lr0=1.76e-05 lr1=8.81e-04
10:55:45 INFO   e1 step  2200/3462  loss=0.1904  acc=0.9195  lr0=1.75e-05 lr1=8.76e-04
10:56:01 INFO   e1 step  2250/3462  loss=0.1878  acc=0.9207  lr0=1.74e-05 lr1=8.70e-04
10:56:17 INFO   e1 step  2300/3462  loss=0.1851  acc=0.9220  lr0=1.73e-05 lr1=8.65e-04
10:56:34 INFO   e1 step  2350/3462  loss=0.1821  acc=0.9231  lr0=1.72e-05 lr1=8.60e-04
10:56:50 INFO   e1 step  2400/3462  loss=0.1794  acc=0.9243  lr0=1.71e-05 lr1=8.54e-04
10:57:06 INFO   e1 step  2450/3462  loss=0.1770  acc=0.9254  lr0=1.70e-05 lr1=8.49e-04
10:57:22 INFO   e1 step  2500/3462  loss=0.1744  acc=0.9265  lr0=1.69e-05 lr1=8.44e-04
10:57:38 INFO   e1 step  2550/3462  loss=0.1721  acc=0.9275  lr0=1.68e-05 lr1=8.38e-04
10:57:54 INFO   e1 step  2600/3462  loss=0.1695  acc=0.9286  lr0=1.67e-05 lr1=8.33e-04
10:58:10 INFO   e1 step  2650/3462  loss=0.1673  acc=0.9296  lr0=1.66e-05 lr1=8.28e-04
10:58:26 INFO   e1 step  2700/3462  loss=0.1652  acc=0.9305  lr0=1.64e-05 lr1=8.22e-04
10:58:43 INFO   e1 step  2750/3462  loss=0.1632  acc=0.9314  lr0=1.63e-05 lr1=8.17e-04
10:58:59 INFO   e1 step  2800/3462  loss=0.1611  acc=0.9323  lr0=1.62e-05 lr1=8.12e-04
10:59:15 INFO   e1 step  2850/3462  loss=0.1592  acc=0.9332  lr0=1.61e-05 lr1=8.06e-04
10:59:31 INFO   e1 step  2900/3462  loss=0.1571  acc=0.9340  lr0=1.60e-05 lr1=8.01e-04
10:59:47 INFO   e1 step  2950/3462  loss=0.1553  acc=0.9348  lr0=1.59e-05 lr1=7.95e-04
11:00:03 INFO   e1 step  3000/3462  loss=0.1536  acc=0.9355  lr0=1.58e-05 lr1=7.90e-04
11:00:19 INFO   e1 step  3050/3462  loss=0.1520  acc=0.9362  lr0=1.57e-05 lr1=7.85e-04
11:00:35 INFO   e1 step  3100/3462  loss=0.1504  acc=0.9370  lr0=1.56e-05 lr1=7.79e-04
11:00:51 INFO   e1 step  3150/3462  loss=0.1484  acc=0.9378  lr0=1.55e-05 lr1=7.74e-04
11:01:08 INFO   e1 step  3200/3462  loss=0.1468  acc=0.9385  lr0=1.54e-05 lr1=7.69e-04
11:01:24 INFO   e1 step  3250/3462  loss=0.1451  acc=0.9392  lr0=1.53e-05 lr1=7.63e-04
11:01:40 INFO   e1 step  3300/3462  loss=0.1435  acc=0.9399  lr0=1.52e-05 lr1=7.58e-04
11:01:57 INFO   e1 step  3350/3462  loss=0.1416  acc=0.9407  lr0=1.51e-05 lr1=7.53e-04
11:02:13 INFO   e1 step  3400/3462  loss=0.1400  acc=0.9414  lr0=1.49e-05 lr1=7.47e-04
11:02:29 INFO   e1 step  3450/3462  loss=0.1384  acc=0.9421  lr0=1.48e-05 lr1=7.42e-04
11:02:46 INFO [epoch 1] train_loss=0.1380 train_acc=0.9423  val_loss=0.6491 val_acc=0.8847 val_auc=0.9303  elapsed=1131.3s
11:02:49 INFO   saved best.pt  val_acc=0.8847
11:03:06 INFO   e2 step    50/3462  loss=0.0379  acc=0.9838  lr0=1.47e-05 lr1=7.35e-04
11:03:22 INFO   e2 step   100/3462  loss=0.0355  acc=0.9856  lr0=1.46e-05 lr1=7.30e-04
11:03:38 INFO   e2 step   150/3462  loss=0.0360  acc=0.9850  lr0=1.45e-05 lr1=7.25e-04
11:03:54 INFO   e2 step   200/3462  loss=0.0335  acc=0.9858  lr0=1.44e-05 lr1=7.19e-04
11:04:10 INFO   e2 step   250/3462  loss=0.0319  acc=0.9862  lr0=1.43e-05 lr1=7.14e-04
11:04:27 INFO   e2 step   300/3462  loss=0.0339  acc=0.9854  lr0=1.42e-05 lr1=7.09e-04
11:04:43 INFO   e2 step   350/3462  loss=0.0326  acc=0.9862  lr0=1.41e-05 lr1=7.03e-04
11:04:59 INFO   e2 step   400/3462  loss=0.0322  acc=0.9859  lr0=1.40e-05 lr1=6.98e-04
11:05:15 INFO   e2 step   450/3462  loss=0.0325  acc=0.9853  lr0=1.39e-05 lr1=6.93e-04
11:05:31 INFO   e2 step   500/3462  loss=0.0327  acc=0.9853  lr0=1.37e-05 lr1=6.87e-04
11:05:47 INFO   e2 step   550/3462  loss=0.0325  acc=0.9855  lr0=1.36e-05 lr1=6.82e-04
11:06:03 INFO   e2 step   600/3462  loss=0.0316  acc=0.9857  lr0=1.35e-05 lr1=6.77e-04
11:06:19 INFO   e2 step   650/3462  loss=0.0313  acc=0.9857  lr0=1.34e-05 lr1=6.71e-04
11:06:35 INFO   e2 step   700/3462  loss=0.0307  acc=0.9862  lr0=1.33e-05 lr1=6.66e-04
11:06:51 INFO   e2 step   750/3462  loss=0.0306  acc=0.9863  lr0=1.32e-05 lr1=6.60e-04
11:07:08 INFO   e2 step   800/3462  loss=0.0305  acc=0.9864  lr0=1.31e-05 lr1=6.55e-04
11:07:24 INFO   e2 step   850/3462  loss=0.0300  acc=0.9866  lr0=1.30e-05 lr1=6.50e-04
11:07:40 INFO   e2 step   900/3462  loss=0.0299  acc=0.9868  lr0=1.29e-05 lr1=6.44e-04
11:07:56 INFO   e2 step   950/3462  loss=0.0301  acc=0.9866  lr0=1.28e-05 lr1=6.39e-04
11:08:12 INFO   e2 step  1000/3462  loss=0.0306  acc=0.9865  lr0=1.27e-05 lr1=6.34e-04
11:08:29 INFO   e2 step  1050/3462  loss=0.0301  acc=0.9868  lr0=1.26e-05 lr1=6.28e-04
11:08:45 INFO   e2 step  1100/3462  loss=0.0300  acc=0.9870  lr0=1.25e-05 lr1=6.23e-04
11:09:01 INFO   e2 step  1150/3462  loss=0.0298  acc=0.9871  lr0=1.24e-05 lr1=6.18e-04
11:09:18 INFO   e2 step  1200/3462  loss=0.0297  acc=0.9872  lr0=1.22e-05 lr1=6.12e-04
11:09:34 INFO   e2 step  1250/3462  loss=0.0298  acc=0.9872  lr0=1.21e-05 lr1=6.07e-04
11:09:50 INFO   e2 step  1300/3462  loss=0.0296  acc=0.9873  lr0=1.20e-05 lr1=6.02e-04
11:10:06 INFO   e2 step  1350/3462  loss=0.0291  acc=0.9875  lr0=1.19e-05 lr1=5.96e-04
11:10:23 INFO   e2 step  1400/3462  loss=0.0289  acc=0.9875  lr0=1.18e-05 lr1=5.91e-04
11:10:39 INFO   e2 step  1450/3462  loss=0.0289  acc=0.9876  lr0=1.17e-05 lr1=5.86e-04
11:10:56 INFO   e2 step  1500/3462  loss=0.0289  acc=0.9874  lr0=1.16e-05 lr1=5.80e-04
11:11:13 INFO   e2 step  1550/3462  loss=0.0289  acc=0.9875  lr0=1.15e-05 lr1=5.75e-04
11:11:29 INFO   e2 step  1600/3462  loss=0.0286  acc=0.9876  lr0=1.14e-05 lr1=5.70e-04
11:11:45 INFO   e2 step  1650/3462  loss=0.0284  acc=0.9876  lr0=1.13e-05 lr1=5.64e-04
11:12:01 INFO   e2 step  1700/3462  loss=0.0279  acc=0.9878  lr0=1.12e-05 lr1=5.59e-04
11:12:17 INFO   e2 step  1750/3462  loss=0.0280  acc=0.9878  lr0=1.11e-05 lr1=5.53e-04
11:12:34 INFO   e2 step  1800/3462  loss=0.0278  acc=0.9879  lr0=1.10e-05 lr1=5.48e-04
11:12:50 INFO   e2 step  1850/3462  loss=0.0280  acc=0.9879  lr0=1.09e-05 lr1=5.43e-04
11:13:07 INFO   e2 step  1900/3462  loss=0.0280  acc=0.9878  lr0=1.07e-05 lr1=5.37e-04
11:13:23 INFO   e2 step  1950/3462  loss=0.0279  acc=0.9878  lr0=1.06e-05 lr1=5.32e-04
11:13:40 INFO   e2 step  2000/3462  loss=0.0278  acc=0.9879  lr0=1.05e-05 lr1=5.27e-04
11:13:55 INFO   e2 step  2050/3462  loss=0.0277  acc=0.9879  lr0=1.04e-05 lr1=5.21e-04
11:14:12 INFO   e2 step  2100/3462  loss=0.0276  acc=0.9879  lr0=1.03e-05 lr1=5.16e-04
11:14:27 INFO   e2 step  2150/3462  loss=0.0275  acc=0.9880  lr0=1.02e-05 lr1=5.11e-04
11:14:43 INFO   e2 step  2200/3462  loss=0.0273  acc=0.9880  lr0=1.01e-05 lr1=5.05e-04
11:15:00 INFO   e2 step  2250/3462  loss=0.0272  acc=0.9881  lr0=1.00e-05 lr1=5.00e-04
11:15:16 INFO   e2 step  2300/3462  loss=0.0271  acc=0.9881  lr0=9.89e-06 lr1=4.95e-04
11:15:32 INFO   e2 step  2350/3462  loss=0.0271  acc=0.9881  lr0=9.79e-06 lr1=4.89e-04
11:15:48 INFO   e2 step  2400/3462  loss=0.0270  acc=0.9880  lr0=9.68e-06 lr1=4.84e-04
11:16:04 INFO   e2 step  2450/3462  loss=0.0268  acc=0.9880  lr0=9.57e-06 lr1=4.79e-04
11:16:21 INFO   e2 step  2500/3462  loss=0.0268  acc=0.9879  lr0=9.47e-06 lr1=4.73e-04
11:16:37 INFO   e2 step  2550/3462  loss=0.0267  acc=0.9880  lr0=9.36e-06 lr1=4.68e-04
11:16:52 INFO   e2 step  2600/3462  loss=0.0265  acc=0.9880  lr0=9.25e-06 lr1=4.63e-04
11:17:09 INFO   e2 step  2650/3462  loss=0.0264  acc=0.9881  lr0=9.14e-06 lr1=4.57e-04
11:17:26 INFO   e2 step  2700/3462  loss=0.0263  acc=0.9881  lr0=9.04e-06 lr1=4.52e-04
11:17:41 INFO   e2 step  2750/3462  loss=0.0263  acc=0.9881  lr0=8.93e-06 lr1=4.47e-04
11:17:57 INFO   e2 step  2800/3462  loss=0.0263  acc=0.9881  lr0=8.82e-06 lr1=4.41e-04
11:18:14 INFO   e2 step  2850/3462  loss=0.0262  acc=0.9881  lr0=8.72e-06 lr1=4.36e-04
11:18:30 INFO   e2 step  2900/3462  loss=0.0261  acc=0.9881  lr0=8.61e-06 lr1=4.30e-04
11:18:46 INFO   e2 step  2950/3462  loss=0.0261  acc=0.9881  lr0=8.50e-06 lr1=4.25e-04
11:19:02 INFO   e2 step  3000/3462  loss=0.0260  acc=0.9882  lr0=8.40e-06 lr1=4.20e-04
11:19:18 INFO   e2 step  3050/3462  loss=0.0260  acc=0.9882  lr0=8.29e-06 lr1=4.14e-04
11:19:35 INFO   e2 step  3100/3462  loss=0.0260  acc=0.9882  lr0=8.18e-06 lr1=4.09e-04
11:19:51 INFO   e2 step  3150/3462  loss=0.0260  acc=0.9882  lr0=8.07e-06 lr1=4.04e-04
11:20:07 INFO   e2 step  3200/3462  loss=0.0259  acc=0.9882  lr0=7.97e-06 lr1=3.98e-04
11:20:23 INFO   e2 step  3250/3462  loss=0.0259  acc=0.9882  lr0=7.86e-06 lr1=3.93e-04
11:20:39 INFO   e2 step  3300/3462  loss=0.0258  acc=0.9882  lr0=7.75e-06 lr1=3.88e-04
11:20:55 INFO   e2 step  3350/3462  loss=0.0257  acc=0.9882  lr0=7.65e-06 lr1=3.82e-04
11:21:11 INFO   e2 step  3400/3462  loss=0.0256  acc=0.9883  lr0=7.54e-06 lr1=3.77e-04
11:21:27 INFO   e2 step  3450/3462  loss=0.0254  acc=0.9884  lr0=7.43e-06 lr1=3.72e-04
11:21:44 INFO [epoch 2] train_loss=0.0254 train_acc=0.9884  val_loss=0.8181 val_acc=0.8896 val_auc=0.9257  elapsed=1134.3s
11:21:47 INFO   saved best.pt  val_acc=0.8896
11:22:04 INFO   e3 step    50/3462  loss=0.0156  acc=0.9900  lr0=7.30e-06 lr1=3.65e-04
11:22:20 INFO   e3 step   100/3462  loss=0.0156  acc=0.9903  lr0=7.19e-06 lr1=3.60e-04
11:22:36 INFO   e3 step   150/3462  loss=0.0182  acc=0.9885  lr0=7.09e-06 lr1=3.54e-04
11:22:52 INFO   e3 step   200/3462  loss=0.0173  acc=0.9891  lr0=6.98e-06 lr1=3.49e-04
11:23:08 INFO   e3 step   250/3462  loss=0.0167  acc=0.9898  lr0=6.87e-06 lr1=3.44e-04
11:23:24 INFO   e3 step   300/3462  loss=0.0177  acc=0.9900  lr0=6.77e-06 lr1=3.38e-04
11:23:40 INFO   e3 step   350/3462  loss=0.0180  acc=0.9895  lr0=6.66e-06 lr1=3.33e-04
11:23:56 INFO   e3 step   400/3462  loss=0.0180  acc=0.9897  lr0=6.55e-06 lr1=3.28e-04
11:24:12 INFO   e3 step   450/3462  loss=0.0173  acc=0.9900  lr0=6.44e-06 lr1=3.22e-04
11:24:28 INFO   e3 step   500/3462  loss=0.0176  acc=0.9898  lr0=6.34e-06 lr1=3.17e-04
11:24:44 INFO   e3 step   550/3462  loss=0.0170  acc=0.9901  lr0=6.23e-06 lr1=3.12e-04
11:25:00 INFO   e3 step   600/3462  loss=0.0176  acc=0.9900  lr0=6.12e-06 lr1=3.06e-04
11:25:16 INFO   e3 step   650/3462  loss=0.0179  acc=0.9900  lr0=6.02e-06 lr1=3.01e-04
11:25:33 INFO   e3 step   700/3462  loss=0.0176  acc=0.9902  lr0=5.91e-06 lr1=2.95e-04
11:25:49 INFO   e3 step   750/3462  loss=0.0178  acc=0.9900  lr0=5.80e-06 lr1=2.90e-04
11:26:05 INFO   e3 step   800/3462  loss=0.0176  acc=0.9901  lr0=5.70e-06 lr1=2.85e-04
11:26:21 INFO   e3 step   850/3462  loss=0.0175  acc=0.9902  lr0=5.59e-06 lr1=2.79e-04
11:26:38 INFO   e3 step   900/3462  loss=0.0175  acc=0.9902  lr0=5.48e-06 lr1=2.74e-04
11:26:54 INFO   e3 step   950/3462  loss=0.0176  acc=0.9902  lr0=5.37e-06 lr1=2.69e-04
11:27:10 INFO   e3 step  1000/3462  loss=0.0177  acc=0.9900  lr0=5.27e-06 lr1=2.63e-04
11:27:26 INFO   e3 step  1050/3462  loss=0.0177  acc=0.9899  lr0=5.16e-06 lr1=2.58e-04
11:27:42 INFO   e3 step  1100/3462  loss=0.0176  acc=0.9900  lr0=5.05e-06 lr1=2.53e-04
11:27:59 INFO   e3 step  1150/3462  loss=0.0176  acc=0.9899  lr0=4.95e-06 lr1=2.47e-04
11:28:15 INFO   e3 step  1200/3462  loss=0.0176  acc=0.9898  lr0=4.84e-06 lr1=2.42e-04
11:28:31 INFO   e3 step  1250/3462  loss=0.0176  acc=0.9899  lr0=4.73e-06 lr1=2.37e-04
11:28:47 INFO   e3 step  1300/3462  loss=0.0176  acc=0.9900  lr0=4.63e-06 lr1=2.31e-04
11:29:03 INFO   e3 step  1350/3462  loss=0.0176  acc=0.9901  lr0=4.52e-06 lr1=2.26e-04
11:29:20 INFO   e3 step  1400/3462  loss=0.0174  acc=0.9903  lr0=4.41e-06 lr1=2.21e-04
11:29:35 INFO   e3 step  1450/3462  loss=0.0175  acc=0.9903  lr0=4.30e-06 lr1=2.15e-04
11:29:51 INFO   e3 step  1500/3462  loss=0.0176  acc=0.9904  lr0=4.20e-06 lr1=2.10e-04
11:30:08 INFO   e3 step  1550/3462  loss=0.0175  acc=0.9904  lr0=4.09e-06 lr1=2.05e-04
11:30:24 INFO   e3 step  1600/3462  loss=0.0173  acc=0.9905  lr0=3.98e-06 lr1=1.99e-04
11:30:40 INFO   e3 step  1650/3462  loss=0.0173  acc=0.9905  lr0=3.88e-06 lr1=1.94e-04
11:30:57 INFO   e3 step  1700/3462  loss=0.0174  acc=0.9905  lr0=3.77e-06 lr1=1.88e-04
11:31:13 INFO   e3 step  1750/3462  loss=0.0175  acc=0.9904  lr0=3.66e-06 lr1=1.83e-04
11:31:29 INFO   e3 step  1800/3462  loss=0.0174  acc=0.9905  lr0=3.56e-06 lr1=1.78e-04
11:31:45 INFO   e3 step  1850/3462  loss=0.0172  acc=0.9906  lr0=3.45e-06 lr1=1.72e-04
11:32:02 INFO   e3 step  1900/3462  loss=0.0172  acc=0.9906  lr0=3.34e-06 lr1=1.67e-04
11:32:18 INFO   e3 step  1950/3462  loss=0.0171  acc=0.9907  lr0=3.23e-06 lr1=1.62e-04
11:32:35 INFO   e3 step  2000/3462  loss=0.0170  acc=0.9907  lr0=3.13e-06 lr1=1.56e-04
11:32:50 INFO   e3 step  2050/3462  loss=0.0168  acc=0.9908  lr0=3.02e-06 lr1=1.51e-04
11:33:07 INFO   e3 step  2100/3462  loss=0.0168  acc=0.9907  lr0=2.91e-06 lr1=1.46e-04
11:33:23 INFO   e3 step  2150/3462  loss=0.0167  acc=0.9908  lr0=2.81e-06 lr1=1.40e-04
11:33:38 INFO   e3 step  2200/3462  loss=0.0169  acc=0.9907  lr0=2.70e-06 lr1=1.35e-04
11:33:55 INFO   e3 step  2250/3462  loss=0.0169  acc=0.9908  lr0=2.59e-06 lr1=1.30e-04
11:34:11 INFO   e3 step  2300/3462  loss=0.0168  acc=0.9907  lr0=2.49e-06 lr1=1.24e-04
11:34:27 INFO   e3 step  2350/3462  loss=0.0168  acc=0.9907  lr0=2.38e-06 lr1=1.19e-04
11:34:44 INFO   e3 step  2400/3462  loss=0.0167  acc=0.9908  lr0=2.27e-06 lr1=1.14e-04
11:35:00 INFO   e3 step  2450/3462  loss=0.0167  acc=0.9908  lr0=2.17e-06 lr1=1.08e-04
11:35:16 INFO   e3 step  2500/3462  loss=0.0167  acc=0.9908  lr0=2.06e-06 lr1=1.03e-04
11:35:32 INFO   e3 step  2550/3462  loss=0.0168  acc=0.9906  lr0=1.95e-06 lr1=9.76e-05
11:35:48 INFO   e3 step  2600/3462  loss=0.0168  acc=0.9906  lr0=1.84e-06 lr1=9.22e-05
11:36:04 INFO   e3 step  2650/3462  loss=0.0168  acc=0.9905  lr0=1.74e-06 lr1=8.69e-05
11:36:21 INFO   e3 step  2700/3462  loss=0.0168  acc=0.9905  lr0=1.63e-06 lr1=8.15e-05
11:36:37 INFO   e3 step  2750/3462  loss=0.0168  acc=0.9906  lr0=1.52e-06 lr1=7.62e-05
11:36:53 INFO   e3 step  2800/3462  loss=0.0168  acc=0.9906  lr0=1.42e-06 lr1=7.08e-05
11:37:10 INFO   e3 step  2850/3462  loss=0.0167  acc=0.9906  lr0=1.31e-06 lr1=6.55e-05
11:37:27 INFO   e3 step  2900/3462  loss=0.0166  acc=0.9907  lr0=1.20e-06 lr1=6.01e-05
11:37:43 INFO   e3 step  2950/3462  loss=0.0166  acc=0.9907  lr0=1.10e-06 lr1=5.48e-05
11:37:59 INFO   e3 step  3000/3462  loss=0.0165  acc=0.9907  lr0=9.88e-07 lr1=4.94e-05
11:38:15 INFO   e3 step  3050/3462  loss=0.0165  acc=0.9908  lr0=8.81e-07 lr1=4.41e-05
11:38:31 INFO   e3 step  3100/3462  loss=0.0164  acc=0.9908  lr0=7.74e-07 lr1=3.87e-05
11:38:47 INFO   e3 step  3150/3462  loss=0.0164  acc=0.9907  lr0=6.68e-07 lr1=3.34e-05
11:39:03 INFO   e3 step  3200/3462  loss=0.0164  acc=0.9908  lr0=5.61e-07 lr1=2.80e-05
11:39:19 INFO   e3 step  3250/3462  loss=0.0164  acc=0.9907  lr0=4.54e-07 lr1=2.27e-05
11:39:35 INFO   e3 step  3300/3462  loss=0.0163  acc=0.9908  lr0=3.47e-07 lr1=1.73e-05
11:39:52 INFO   e3 step  3350/3462  loss=0.0163  acc=0.9909  lr0=2.40e-07 lr1=1.20e-05
11:40:08 INFO   e3 step  3400/3462  loss=0.0163  acc=0.9908  lr0=1.33e-07 lr1=6.63e-06
11:40:24 INFO   e3 step  3450/3462  loss=0.0163  acc=0.9908  lr0=2.57e-08 lr1=1.28e-06
11:40:40 INFO [epoch 3] train_loss=0.0163 train_acc=0.9908  val_loss=0.9723 val_acc=0.8867 val_auc=0.9153  elapsed=1133.1s
11:40:44 INFO loading best.pt for test eval
11:41:02 INFO [test] loss=0.9179  acc=0.8699  auc=0.9154  f1=0.8654
11:41:02 INFO [test] per-tier-pair accuracy:
11:41:02 INFO         T1-T2  n=    2  acc=0.5000
11:41:02 INFO         T1-T3  n=   10  acc=1.0000
11:41:02 INFO         T1-T4  n=    8  acc=1.0000
11:41:02 INFO         T1-T5  n=   20  acc=1.0000
11:41:02 INFO         T1-T6  n=   64  acc=1.0000
11:41:02 INFO         T1-T7  n=    6  acc=1.0000
11:41:02 INFO         T1-T8  n=   36  acc=1.0000
11:41:02 INFO         T1-T9  n=   12  acc=1.0000
11:41:02 INFO        T1-T10  n=    4  acc=1.0000
11:41:02 INFO        T1-T11  n=   24  acc=1.0000
11:41:02 INFO        T1-T12  n=    8  acc=1.0000
11:41:02 INFO        T1-T13  n=    8  acc=1.0000
11:41:02 INFO        T1-T14  n=    2  acc=1.0000
11:41:02 INFO        T1-T15  n=   28  acc=1.0000
11:41:02 INFO         T2-T3  n=    5  acc=1.0000
11:41:02 INFO         T2-T4  n=    4  acc=1.0000
11:41:02 INFO         T2-T5  n=   10  acc=1.0000
11:41:02 INFO         T2-T6  n=   32  acc=1.0000
11:41:02 INFO         T2-T7  n=    3  acc=1.0000
11:41:02 INFO         T2-T8  n=   18  acc=1.0000
11:41:02 INFO         T2-T9  n=    6  acc=1.0000
11:41:02 INFO        T2-T10  n=    2  acc=1.0000
11:41:02 INFO        T2-T11  n=   12  acc=1.0000
11:41:02 INFO        T2-T12  n=    4  acc=1.0000
11:41:02 INFO        T2-T13  n=    4  acc=1.0000
11:41:02 INFO        T2-T14  n=    1  acc=1.0000
11:41:02 INFO        T2-T15  n=   14  acc=1.0000
11:41:02 INFO         T3-T4  n=   20  acc=0.4500
11:41:02 INFO         T3-T5  n=   50  acc=0.3400
11:41:02 INFO         T3-T6  n=  160  acc=0.4875
11:41:02 INFO         T3-T7  n=   15  acc=0.8000
11:41:02 INFO         T3-T8  n=   90  acc=0.7889
11:41:02 INFO         T3-T9  n=   30  acc=0.6667
11:41:02 INFO        T3-T10  n=   10  acc=1.0000
11:41:02 INFO        T3-T11  n=   60  acc=0.9167
11:41:02 INFO        T3-T12  n=   20  acc=1.0000
11:41:02 INFO        T3-T13  n=   20  acc=1.0000
11:41:02 INFO        T3-T14  n=    5  acc=0.8000
11:41:02 INFO        T3-T15  n=   70  acc=0.9286
11:41:02 INFO         T4-T5  n=   40  acc=0.6250
11:41:02 INFO         T4-T6  n=  128  acc=0.7109
11:41:02 INFO         T4-T7  n=   12  acc=0.8333
11:41:02 INFO         T4-T8  n=   72  acc=0.7500
11:41:02 INFO         T4-T9  n=   24  acc=0.7500
11:41:02 INFO        T4-T10  n=    8  acc=0.7500
11:41:02 INFO        T4-T11  n=   48  acc=0.6875
11:41:02 INFO        T4-T12  n=   16  acc=0.7500
11:41:02 INFO        T4-T13  n=   16  acc=0.7500
11:41:02 INFO        T4-T14  n=    4  acc=0.7500
11:41:02 INFO        T4-T15  n=   56  acc=0.9286
11:41:02 INFO         T5-T6  n=  320  acc=0.8594
11:41:02 INFO         T5-T7  n=   30  acc=0.9667
11:41:02 INFO         T5-T8  n=  180  acc=0.9722
11:41:02 INFO         T5-T9  n=   60  acc=1.0000
11:41:02 INFO        T5-T10  n=   20  acc=1.0000
11:41:02 INFO        T5-T11  n=  120  acc=0.9417
11:41:02 INFO        T5-T12  n=   40  acc=1.0000
11:41:02 INFO        T5-T13  n=   40  acc=1.0000
11:41:02 INFO        T5-T14  n=   10  acc=0.9000
11:41:02 INFO        T5-T15  n=  140  acc=0.9643
11:41:02 INFO         T6-T7  n=   96  acc=0.9271
11:41:02 INFO         T6-T8  n=  576  acc=0.9201
11:41:02 INFO         T6-T9  n=  192  acc=0.9062
11:41:02 INFO        T6-T10  n=   64  acc=0.9219
11:41:02 INFO        T6-T11  n=  384  acc=0.9010
11:41:02 INFO        T6-T12  n=  128  acc=0.9688
11:41:02 INFO        T6-T13  n=  128  acc=1.0000
11:41:02 INFO        T6-T14  n=   32  acc=0.9375
11:41:02 INFO        T6-T15  n=  448  acc=0.9062
11:41:02 INFO         T7-T8  n=   54  acc=0.4259
11:41:02 INFO         T7-T9  n=   18  acc=0.5556
11:41:02 INFO        T7-T10  n=    6  acc=0.6667
11:41:02 INFO        T7-T11  n=   36  acc=0.6111
11:41:02 INFO        T7-T12  n=   12  acc=0.6667
11:41:02 INFO        T7-T13  n=   12  acc=0.6667
11:41:02 INFO        T7-T14  n=    3  acc=0.0000
11:41:02 INFO        T7-T15  n=   42  acc=0.8333
11:41:02 INFO         T8-T9  n=  108  acc=0.9167
11:41:02 INFO        T8-T10  n=   36  acc=1.0000
11:41:02 INFO        T8-T11  n=  216  acc=0.8889
11:41:02 INFO        T8-T12  n=   72  acc=1.0000
11:41:02 INFO        T8-T13  n=   72  acc=0.9861
11:41:02 INFO        T8-T14  n=   18  acc=0.0556
11:41:02 INFO        T8-T15  n=  252  acc=0.8770
11:41:02 INFO        T9-T10  n=   12  acc=1.0000
11:41:02 INFO        T9-T11  n=   72  acc=0.8333
11:41:02 INFO        T9-T12  n=   24  acc=0.9583
11:41:02 INFO        T9-T13  n=   24  acc=1.0000
11:41:02 INFO        T9-T14  n=    6  acc=0.0000
11:41:02 INFO        T9-T15  n=   84  acc=0.8452
11:41:02 INFO       T10-T11  n=   24  acc=0.7500
11:41:02 INFO       T10-T12  n=    8  acc=0.7500
11:41:02 INFO       T10-T13  n=    8  acc=1.0000
11:41:02 INFO       T10-T14  n=    2  acc=0.0000
11:41:02 INFO       T10-T15  n=   28  acc=0.8214
11:41:02 INFO       T11-T12  n=   48  acc=0.7708
11:41:02 INFO       T11-T13  n=   48  acc=1.0000
11:41:02 INFO       T11-T14  n=   12  acc=0.0833
11:41:02 INFO       T11-T15  n=  168  acc=0.8333
11:41:02 INFO       T12-T13  n=   16  acc=1.0000
11:41:02 INFO       T12-T14  n=    4  acc=0.0000
11:41:02 INFO       T12-T15  n=   56  acc=0.8750
11:41:02 INFO       T13-T14  n=    4  acc=0.0000
11:41:02 INFO       T13-T15  n=   56  acc=0.8393
11:41:02 INFO       T14-T15  n=   14  acc=0.9286
11:41:02 INFO [done] results in runs/classifier/models/aep_causal_classification_34_bge-large-en-v1.5
