05:30:21 INFO run_dir=runs/classifier/workflow_ajo
05:30:21 INFO device=cuda  bf16=True
05:30:21 INFO tokenizer <- BAAI/bge-small-en-v1.5
05:30:21 INFO max_seq_len=524 exceeds model cap 512; clamping to 512
05:30:21 INFO max_seq_len=512 (user-provided)
05:30:21 INFO loading datasets
05:30:22 INFO   train=190775  val=16004  test=16004
05:30:22 INFO building DirectionalClassifier on BAAI/bge-small-en-v1.5  head_cfg={'head_type': 'mlp', 'hidden_dims': [512, 128], 'dropout': 0.1, 'activation': 'gelu', 'norm': 'layer'}  n_tiers=0
05:30:23 INFO   hidden_size=384  trainable_params=67,577,089
05:30:23 INFO   total_steps=17886  warmup_steps=1788
05:33:35 INFO run_dir=runs/classifier/workflow_ajo
05:33:35 INFO device=cuda  bf16=True
05:33:35 INFO tokenizer <- BAAI/bge-small-en-v1.5
05:33:36 INFO max_seq_len=524 exceeds model cap 512; clamping to 512
05:33:36 INFO max_seq_len=512 (user-provided)
05:33:36 INFO loading datasets
05:33:37 INFO   train=190775  val=16004  test=16004
05:33:37 INFO building DirectionalClassifier on BAAI/bge-small-en-v1.5  head_cfg={'head_type': 'mlp', 'hidden_dims': [512, 128], 'dropout': 0.1, 'activation': 'gelu', 'norm': 'layer'}  n_tiers=0
05:33:38 INFO   hidden_size=384  trainable_params=67,577,089
05:33:38 INFO   total_steps=17886  warmup_steps=1788
05:33:43 INFO   e1 step    50/5962  loss=0.8042  acc=0.5250  lr0=5.59e-07 lr1=2.80e-05
05:33:47 INFO   e1 step   100/5962  loss=0.7959  acc=0.5425  lr0=1.12e-06 lr1=5.59e-05
05:33:51 INFO   e1 step   150/5962  loss=0.7612  acc=0.5665  lr0=1.68e-06 lr1=8.39e-05
05:33:55 INFO   e1 step   200/5962  loss=0.7321  acc=0.5858  lr0=2.24e-06 lr1=1.12e-04
05:33:59 INFO   e1 step   250/5962  loss=0.7158  acc=0.5949  lr0=2.80e-06 lr1=1.40e-04
05:34:03 INFO   e1 step   300/5962  loss=0.6982  acc=0.6058  lr0=3.36e-06 lr1=1.68e-04
05:34:07 INFO   e1 step   350/5962  loss=0.6816  acc=0.6153  lr0=3.91e-06 lr1=1.96e-04
05:34:11 INFO   e1 step   400/5962  loss=0.6673  acc=0.6252  lr0=4.47e-06 lr1=2.24e-04
05:34:15 INFO   e1 step   450/5962  loss=0.6558  acc=0.6308  lr0=5.03e-06 lr1=2.52e-04
05:34:19 INFO   e1 step   500/5962  loss=0.6452  acc=0.6364  lr0=5.59e-06 lr1=2.80e-04
05:34:23 INFO   e1 step   550/5962  loss=0.6343  acc=0.6427  lr0=6.15e-06 lr1=3.08e-04
05:34:27 INFO   e1 step   600/5962  loss=0.6264  acc=0.6476  lr0=6.71e-06 lr1=3.36e-04
05:34:31 INFO   e1 step   650/5962  loss=0.6154  acc=0.6531  lr0=7.27e-06 lr1=3.64e-04
05:34:35 INFO   e1 step   700/5962  loss=0.6068  acc=0.6581  lr0=7.83e-06 lr1=3.91e-04
05:34:39 INFO   e1 step   750/5962  loss=0.5987  acc=0.6628  lr0=8.39e-06 lr1=4.19e-04
05:34:43 INFO   e1 step   800/5962  loss=0.5918  acc=0.6664  lr0=8.95e-06 lr1=4.47e-04
05:34:47 INFO   e1 step   850/5962  loss=0.5839  acc=0.6710  lr0=9.51e-06 lr1=4.75e-04
05:34:52 INFO   e1 step   900/5962  loss=0.5779  acc=0.6743  lr0=1.01e-05 lr1=5.03e-04
05:34:56 INFO   e1 step   950/5962  loss=0.5710  acc=0.6780  lr0=1.06e-05 lr1=5.31e-04
05:35:01 INFO   e1 step  1000/5962  loss=0.5648  acc=0.6817  lr0=1.12e-05 lr1=5.59e-04
05:35:05 INFO   e1 step  1050/5962  loss=0.5588  acc=0.6849  lr0=1.17e-05 lr1=5.87e-04
05:35:10 INFO   e1 step  1100/5962  loss=0.5529  acc=0.6882  lr0=1.23e-05 lr1=6.15e-04
05:35:14 INFO   e1 step  1150/5962  loss=0.5486  acc=0.6908  lr0=1.29e-05 lr1=6.43e-04
05:35:19 INFO   e1 step  1200/5962  loss=0.5438  acc=0.6936  lr0=1.34e-05 lr1=6.71e-04
05:35:23 INFO   e1 step  1250/5962  loss=0.5397  acc=0.6954  lr0=1.40e-05 lr1=6.99e-04
05:35:27 INFO   e1 step  1300/5962  loss=0.5347  acc=0.6984  lr0=1.45e-05 lr1=7.27e-04
05:35:32 INFO   e1 step  1350/5962  loss=0.5304  acc=0.7010  lr0=1.51e-05 lr1=7.55e-04
05:35:36 INFO   e1 step  1400/5962  loss=0.5258  acc=0.7034  lr0=1.57e-05 lr1=7.83e-04
05:35:40 INFO   e1 step  1450/5962  loss=0.5221  acc=0.7053  lr0=1.62e-05 lr1=8.11e-04
05:35:45 INFO   e1 step  1500/5962  loss=0.5184  acc=0.7072  lr0=1.68e-05 lr1=8.39e-04
05:35:49 INFO   e1 step  1550/5962  loss=0.5151  acc=0.7091  lr0=1.73e-05 lr1=8.67e-04
05:35:54 INFO   e1 step  1600/5962  loss=0.5117  acc=0.7108  lr0=1.79e-05 lr1=8.95e-04
05:35:58 INFO   e1 step  1650/5962  loss=0.5091  acc=0.7125  lr0=1.85e-05 lr1=9.23e-04
05:36:02 INFO   e1 step  1700/5962  loss=0.5053  acc=0.7147  lr0=1.90e-05 lr1=9.51e-04
05:36:07 INFO   e1 step  1750/5962  loss=0.5026  acc=0.7165  lr0=1.96e-05 lr1=9.79e-04
05:36:11 INFO   e1 step  1800/5962  loss=0.4997  acc=0.7186  lr0=2.00e-05 lr1=9.99e-04
05:36:16 INFO   e1 step  1850/5962  loss=0.4960  acc=0.7208  lr0=1.99e-05 lr1=9.96e-04
05:36:20 INFO   e1 step  1900/5962  loss=0.4928  acc=0.7225  lr0=1.99e-05 lr1=9.93e-04
05:36:24 INFO   e1 step  1950/5962  loss=0.4905  acc=0.7235  lr0=1.98e-05 lr1=9.90e-04
05:36:28 INFO   e1 step  2000/5962  loss=0.4879  acc=0.7252  lr0=1.97e-05 lr1=9.87e-04
05:36:32 INFO   e1 step  2050/5962  loss=0.4850  acc=0.7268  lr0=1.97e-05 lr1=9.84e-04
05:36:36 INFO   e1 step  2100/5962  loss=0.4821  acc=0.7288  lr0=1.96e-05 lr1=9.81e-04
05:36:40 INFO   e1 step  2150/5962  loss=0.4796  acc=0.7304  lr0=1.96e-05 lr1=9.78e-04
05:36:44 INFO   e1 step  2200/5962  loss=0.4768  acc=0.7318  lr0=1.95e-05 lr1=9.74e-04
05:36:48 INFO   e1 step  2250/5962  loss=0.4748  acc=0.7327  lr0=1.94e-05 lr1=9.71e-04
05:36:52 INFO   e1 step  2300/5962  loss=0.4730  acc=0.7340  lr0=1.94e-05 lr1=9.68e-04
05:36:56 INFO   e1 step  2350/5962  loss=0.4707  acc=0.7349  lr0=1.93e-05 lr1=9.65e-04
05:37:01 INFO   e1 step  2400/5962  loss=0.4686  acc=0.7364  lr0=1.92e-05 lr1=9.62e-04
05:37:05 INFO   e1 step  2450/5962  loss=0.4664  acc=0.7376  lr0=1.92e-05 lr1=9.59e-04
05:37:09 INFO   e1 step  2500/5962  loss=0.4640  acc=0.7388  lr0=1.91e-05 lr1=9.56e-04
05:37:13 INFO   e1 step  2550/5962  loss=0.4616  acc=0.7401  lr0=1.91e-05 lr1=9.53e-04
05:37:18 INFO   e1 step  2600/5962  loss=0.4593  acc=0.7413  lr0=1.90e-05 lr1=9.50e-04
05:37:22 INFO   e1 step  2650/5962  loss=0.4574  acc=0.7425  lr0=1.89e-05 lr1=9.46e-04
05:37:26 INFO   e1 step  2700/5962  loss=0.4554  acc=0.7437  lr0=1.89e-05 lr1=9.43e-04
05:37:31 INFO   e1 step  2750/5962  loss=0.4535  acc=0.7447  lr0=1.88e-05 lr1=9.40e-04
05:37:35 INFO   e1 step  2800/5962  loss=0.4514  acc=0.7458  lr0=1.87e-05 lr1=9.37e-04
05:37:40 INFO   e1 step  2850/5962  loss=0.4491  acc=0.7471  lr0=1.87e-05 lr1=9.34e-04
05:37:44 INFO   e1 step  2900/5962  loss=0.4472  acc=0.7480  lr0=1.86e-05 lr1=9.31e-04
05:37:49 INFO   e1 step  2950/5962  loss=0.4455  acc=0.7490  lr0=1.86e-05 lr1=9.28e-04
05:37:53 INFO   e1 step  3000/5962  loss=0.4435  acc=0.7501  lr0=1.85e-05 lr1=9.25e-04
05:37:57 INFO   e1 step  3050/5962  loss=0.4419  acc=0.7508  lr0=1.84e-05 lr1=9.22e-04
05:38:02 INFO   e1 step  3100/5962  loss=0.4398  acc=0.7521  lr0=1.84e-05 lr1=9.18e-04
05:38:06 INFO   e1 step  3150/5962  loss=0.4381  acc=0.7532  lr0=1.83e-05 lr1=9.15e-04
05:38:11 INFO   e1 step  3200/5962  loss=0.4365  acc=0.7540  lr0=1.82e-05 lr1=9.12e-04
05:38:15 INFO   e1 step  3250/5962  loss=0.4349  acc=0.7548  lr0=1.82e-05 lr1=9.09e-04
05:38:20 INFO   e1 step  3300/5962  loss=0.4335  acc=0.7555  lr0=1.81e-05 lr1=9.06e-04
05:38:24 INFO   e1 step  3350/5962  loss=0.4320  acc=0.7562  lr0=1.81e-05 lr1=9.03e-04
05:38:29 INFO   e1 step  3400/5962  loss=0.4303  acc=0.7570  lr0=1.80e-05 lr1=9.00e-04
05:38:33 INFO   e1 step  3450/5962  loss=0.4291  acc=0.7578  lr0=1.79e-05 lr1=8.97e-04
05:38:37 INFO   e1 step  3500/5962  loss=0.4279  acc=0.7583  lr0=1.79e-05 lr1=8.94e-04
05:38:42 INFO   e1 step  3550/5962  loss=0.4266  acc=0.7590  lr0=1.78e-05 lr1=8.91e-04
05:38:46 INFO   e1 step  3600/5962  loss=0.4252  acc=0.7598  lr0=1.77e-05 lr1=8.87e-04
05:38:50 INFO   e1 step  3650/5962  loss=0.4238  acc=0.7604  lr0=1.77e-05 lr1=8.84e-04
05:38:54 INFO   e1 step  3700/5962  loss=0.4224  acc=0.7613  lr0=1.76e-05 lr1=8.81e-04
05:38:58 INFO   e1 step  3750/5962  loss=0.4210  acc=0.7622  lr0=1.76e-05 lr1=8.78e-04
05:39:02 INFO   e1 step  3800/5962  loss=0.4199  acc=0.7629  lr0=1.75e-05 lr1=8.75e-04
05:39:06 INFO   e1 step  3850/5962  loss=0.4186  acc=0.7636  lr0=1.74e-05 lr1=8.72e-04
05:39:10 INFO   e1 step  3900/5962  loss=0.4174  acc=0.7642  lr0=1.74e-05 lr1=8.69e-04
05:39:14 INFO   e1 step  3950/5962  loss=0.4160  acc=0.7649  lr0=1.73e-05 lr1=8.66e-04
05:39:18 INFO   e1 step  4000/5962  loss=0.4148  acc=0.7655  lr0=1.73e-05 lr1=8.63e-04
05:39:23 INFO   e1 step  4050/5962  loss=0.4138  acc=0.7662  lr0=1.72e-05 lr1=8.59e-04
05:39:27 INFO   e1 step  4100/5962  loss=0.4127  acc=0.7666  lr0=1.71e-05 lr1=8.56e-04
05:39:31 INFO   e1 step  4150/5962  loss=0.4114  acc=0.7673  lr0=1.71e-05 lr1=8.53e-04
05:39:35 INFO   e1 step  4200/5962  loss=0.4102  acc=0.7679  lr0=1.70e-05 lr1=8.50e-04
05:39:39 INFO   e1 step  4250/5962  loss=0.4090  acc=0.7685  lr0=1.69e-05 lr1=8.47e-04
05:39:43 INFO   e1 step  4300/5962  loss=0.4079  acc=0.7692  lr0=1.69e-05 lr1=8.44e-04
05:39:47 INFO   e1 step  4350/5962  loss=0.4070  acc=0.7696  lr0=1.68e-05 lr1=8.41e-04
05:39:51 INFO   e1 step  4400/5962  loss=0.4061  acc=0.7701  lr0=1.68e-05 lr1=8.38e-04
05:39:55 INFO   e1 step  4450/5962  loss=0.4048  acc=0.7707  lr0=1.67e-05 lr1=8.35e-04
05:40:00 INFO   e1 step  4500/5962  loss=0.4036  acc=0.7715  lr0=1.66e-05 lr1=8.32e-04
05:40:04 INFO   e1 step  4550/5962  loss=0.4026  acc=0.7720  lr0=1.66e-05 lr1=8.28e-04
05:40:08 INFO   e1 step  4600/5962  loss=0.4013  acc=0.7727  lr0=1.65e-05 lr1=8.25e-04
05:40:12 INFO   e1 step  4650/5962  loss=0.4003  acc=0.7734  lr0=1.64e-05 lr1=8.22e-04
05:40:16 INFO   e1 step  4700/5962  loss=0.3991  acc=0.7740  lr0=1.64e-05 lr1=8.19e-04
05:40:20 INFO   e1 step  4750/5962  loss=0.3983  acc=0.7745  lr0=1.63e-05 lr1=8.16e-04
05:40:24 INFO   e1 step  4800/5962  loss=0.3975  acc=0.7749  lr0=1.63e-05 lr1=8.13e-04
05:40:28 INFO   e1 step  4850/5962  loss=0.3967  acc=0.7754  lr0=1.62e-05 lr1=8.10e-04
05:40:32 INFO   e1 step  4900/5962  loss=0.3956  acc=0.7759  lr0=1.61e-05 lr1=8.07e-04
05:40:36 INFO   e1 step  4950/5962  loss=0.3945  acc=0.7766  lr0=1.61e-05 lr1=8.04e-04
05:40:40 INFO   e1 step  5000/5962  loss=0.3936  acc=0.7769  lr0=1.60e-05 lr1=8.00e-04
05:40:44 INFO   e1 step  5050/5962  loss=0.3926  acc=0.7775  lr0=1.59e-05 lr1=7.97e-04
05:40:48 INFO   e1 step  5100/5962  loss=0.3918  acc=0.7780  lr0=1.59e-05 lr1=7.94e-04
05:40:52 INFO   e1 step  5150/5962  loss=0.3910  acc=0.7784  lr0=1.58e-05 lr1=7.91e-04
05:40:57 INFO   e1 step  5200/5962  loss=0.3901  acc=0.7788  lr0=1.58e-05 lr1=7.88e-04
05:41:01 INFO   e1 step  5250/5962  loss=0.3892  acc=0.7793  lr0=1.57e-05 lr1=7.85e-04
05:41:05 INFO   e1 step  5300/5962  loss=0.3883  acc=0.7798  lr0=1.56e-05 lr1=7.82e-04
05:41:09 INFO   e1 step  5350/5962  loss=0.3874  acc=0.7803  lr0=1.56e-05 lr1=7.79e-04
05:41:13 INFO   e1 step  5400/5962  loss=0.3865  acc=0.7809  lr0=1.55e-05 lr1=7.76e-04
05:41:17 INFO   e1 step  5450/5962  loss=0.3857  acc=0.7813  lr0=1.55e-05 lr1=7.73e-04
05:41:22 INFO   e1 step  5500/5962  loss=0.3852  acc=0.7815  lr0=1.54e-05 lr1=7.69e-04
05:41:26 INFO   e1 step  5550/5962  loss=0.3844  acc=0.7820  lr0=1.53e-05 lr1=7.66e-04
05:41:31 INFO   e1 step  5600/5962  loss=0.3836  acc=0.7824  lr0=1.53e-05 lr1=7.63e-04
05:41:36 INFO   e1 step  5650/5962  loss=0.3829  acc=0.7829  lr0=1.52e-05 lr1=7.60e-04
05:41:40 INFO   e1 step  5700/5962  loss=0.3822  acc=0.7833  lr0=1.51e-05 lr1=7.57e-04
05:41:45 INFO   e1 step  5750/5962  loss=0.3813  acc=0.7837  lr0=1.51e-05 lr1=7.54e-04
05:41:49 INFO   e1 step  5800/5962  loss=0.3805  acc=0.7842  lr0=1.50e-05 lr1=7.51e-04
05:41:54 INFO   e1 step  5850/5962  loss=0.3797  acc=0.7846  lr0=1.50e-05 lr1=7.48e-04
05:41:59 INFO   e1 step  5900/5962  loss=0.3792  acc=0.7848  lr0=1.49e-05 lr1=7.45e-04
05:42:03 INFO   e1 step  5950/5962  loss=0.3786  acc=0.7851  lr0=1.48e-05 lr1=7.41e-04
05:42:14 INFO [epoch 1] train_loss=0.3785 train_acc=0.7851  val_loss=0.6495 val_acc=0.7154 val_auc=0.8052  elapsed=516.5s
05:42:15 INFO   saved best.pt  val_acc=0.7154
05:42:19 INFO   e2 step    50/5962  loss=0.2796  acc=0.8406  lr0=1.48e-05 lr1=7.38e-04
05:42:23 INFO   e2 step   100/5962  loss=0.2788  acc=0.8456  lr0=1.47e-05 lr1=7.35e-04
05:42:27 INFO   e2 step   150/5962  loss=0.2758  acc=0.8488  lr0=1.46e-05 lr1=7.31e-04
05:42:31 INFO   e2 step   200/5962  loss=0.2774  acc=0.8475  lr0=1.46e-05 lr1=7.28e-04
05:42:36 INFO   e2 step   250/5962  loss=0.2807  acc=0.8445  lr0=1.45e-05 lr1=7.25e-04
05:42:40 INFO   e2 step   300/5962  loss=0.2782  acc=0.8460  lr0=1.44e-05 lr1=7.22e-04
05:42:44 INFO   e2 step   350/5962  loss=0.2780  acc=0.8441  lr0=1.44e-05 lr1=7.19e-04
05:42:49 INFO   e2 step   400/5962  loss=0.2791  acc=0.8440  lr0=1.43e-05 lr1=7.16e-04
05:42:53 INFO   e2 step   450/5962  loss=0.2779  acc=0.8442  lr0=1.43e-05 lr1=7.13e-04
05:42:57 INFO   e2 step   500/5962  loss=0.2775  acc=0.8439  lr0=1.42e-05 lr1=7.10e-04
05:43:02 INFO   e2 step   550/5962  loss=0.2795  acc=0.8421  lr0=1.41e-05 lr1=7.07e-04
05:43:06 INFO   e2 step   600/5962  loss=0.2801  acc=0.8414  lr0=1.41e-05 lr1=7.03e-04
05:43:11 INFO   e2 step   650/5962  loss=0.2802  acc=0.8414  lr0=1.40e-05 lr1=7.00e-04
05:43:15 INFO   e2 step   700/5962  loss=0.2802  acc=0.8410  lr0=1.39e-05 lr1=6.97e-04
05:43:19 INFO   e2 step   750/5962  loss=0.2808  acc=0.8408  lr0=1.39e-05 lr1=6.94e-04
05:43:23 INFO   e2 step   800/5962  loss=0.2813  acc=0.8400  lr0=1.38e-05 lr1=6.91e-04
05:43:28 INFO   e2 step   850/5962  loss=0.2822  acc=0.8396  lr0=1.38e-05 lr1=6.88e-04
05:43:32 INFO   e2 step   900/5962  loss=0.2825  acc=0.8388  lr0=1.37e-05 lr1=6.85e-04
05:43:38 INFO   e2 step   950/5962  loss=0.2824  acc=0.8390  lr0=1.36e-05 lr1=6.82e-04
05:43:42 INFO   e2 step  1000/5962  loss=0.2826  acc=0.8394  lr0=1.36e-05 lr1=6.79e-04
05:43:47 INFO   e2 step  1050/5962  loss=0.2827  acc=0.8396  lr0=1.35e-05 lr1=6.75e-04
05:43:51 INFO   e2 step  1100/5962  loss=0.2828  acc=0.8399  lr0=1.34e-05 lr1=6.72e-04
05:43:56 INFO   e2 step  1150/5962  loss=0.2831  acc=0.8398  lr0=1.34e-05 lr1=6.69e-04
05:44:00 INFO   e2 step  1200/5962  loss=0.2828  acc=0.8403  lr0=1.33e-05 lr1=6.66e-04
05:44:04 INFO   e2 step  1250/5962  loss=0.2825  acc=0.8405  lr0=1.33e-05 lr1=6.63e-04
05:44:09 INFO   e2 step  1300/5962  loss=0.2827  acc=0.8403  lr0=1.32e-05 lr1=6.60e-04
05:44:13 INFO   e2 step  1350/5962  loss=0.2829  acc=0.8407  lr0=1.31e-05 lr1=6.57e-04
05:44:17 INFO   e2 step  1400/5962  loss=0.2826  acc=0.8404  lr0=1.31e-05 lr1=6.54e-04
05:44:21 INFO   e2 step  1450/5962  loss=0.2829  acc=0.8401  lr0=1.30e-05 lr1=6.51e-04
05:44:26 INFO   e2 step  1500/5962  loss=0.2826  acc=0.8404  lr0=1.30e-05 lr1=6.48e-04
05:44:30 INFO   e2 step  1550/5962  loss=0.2821  acc=0.8406  lr0=1.29e-05 lr1=6.44e-04
05:44:34 INFO   e2 step  1600/5962  loss=0.2817  acc=0.8404  lr0=1.28e-05 lr1=6.41e-04
05:44:39 INFO   e2 step  1650/5962  loss=0.2814  acc=0.8406  lr0=1.28e-05 lr1=6.38e-04
05:44:43 INFO   e2 step  1700/5962  loss=0.2812  acc=0.8408  lr0=1.27e-05 lr1=6.35e-04
05:44:48 INFO   e2 step  1750/5962  loss=0.2820  acc=0.8401  lr0=1.26e-05 lr1=6.32e-04
05:44:52 INFO   e2 step  1800/5962  loss=0.2819  acc=0.8404  lr0=1.26e-05 lr1=6.29e-04
05:44:56 INFO   e2 step  1850/5962  loss=0.2820  acc=0.8401  lr0=1.25e-05 lr1=6.26e-04
05:45:00 INFO   e2 step  1900/5962  loss=0.2820  acc=0.8399  lr0=1.25e-05 lr1=6.23e-04
05:45:04 INFO   e2 step  1950/5962  loss=0.2818  acc=0.8400  lr0=1.24e-05 lr1=6.20e-04
05:45:08 INFO   e2 step  2000/5962  loss=0.2819  acc=0.8401  lr0=1.23e-05 lr1=6.16e-04
05:45:12 INFO   e2 step  2050/5962  loss=0.2821  acc=0.8397  lr0=1.23e-05 lr1=6.13e-04
05:45:17 INFO   e2 step  2100/5962  loss=0.2824  acc=0.8395  lr0=1.22e-05 lr1=6.10e-04
05:45:21 INFO   e2 step  2150/5962  loss=0.2826  acc=0.8392  lr0=1.21e-05 lr1=6.07e-04
05:45:25 INFO   e2 step  2200/5962  loss=0.2828  acc=0.8390  lr0=1.21e-05 lr1=6.04e-04
05:45:29 INFO   e2 step  2250/5962  loss=0.2829  acc=0.8392  lr0=1.20e-05 lr1=6.01e-04
05:45:34 INFO   e2 step  2300/5962  loss=0.2828  acc=0.8395  lr0=1.20e-05 lr1=5.98e-04
05:45:38 INFO   e2 step  2350/5962  loss=0.2830  acc=0.8396  lr0=1.19e-05 lr1=5.95e-04
05:45:42 INFO   e2 step  2400/5962  loss=0.2827  acc=0.8399  lr0=1.18e-05 lr1=5.92e-04
05:45:46 INFO   e2 step  2450/5962  loss=0.2828  acc=0.8400  lr0=1.18e-05 lr1=5.89e-04
05:45:50 INFO   e2 step  2500/5962  loss=0.2832  acc=0.8398  lr0=1.17e-05 lr1=5.85e-04
05:45:55 INFO   e2 step  2550/5962  loss=0.2833  acc=0.8398  lr0=1.16e-05 lr1=5.82e-04
05:45:59 INFO   e2 step  2600/5962  loss=0.2833  acc=0.8397  lr0=1.16e-05 lr1=5.79e-04
05:46:03 INFO   e2 step  2650/5962  loss=0.2831  acc=0.8399  lr0=1.15e-05 lr1=5.76e-04
05:46:08 INFO   e2 step  2700/5962  loss=0.2826  acc=0.8403  lr0=1.15e-05 lr1=5.73e-04
05:46:12 INFO   e2 step  2750/5962  loss=0.2825  acc=0.8406  lr0=1.14e-05 lr1=5.70e-04
05:46:17 INFO   e2 step  2800/5962  loss=0.2826  acc=0.8404  lr0=1.13e-05 lr1=5.67e-04
05:46:21 INFO   e2 step  2850/5962  loss=0.2825  acc=0.8404  lr0=1.13e-05 lr1=5.64e-04
05:46:26 INFO   e2 step  2900/5962  loss=0.2824  acc=0.8404  lr0=1.12e-05 lr1=5.61e-04
05:46:30 INFO   e2 step  2950/5962  loss=0.2822  acc=0.8405  lr0=1.11e-05 lr1=5.57e-04
05:46:34 INFO   e2 step  3000/5962  loss=0.2823  acc=0.8404  lr0=1.11e-05 lr1=5.54e-04
05:46:39 INFO   e2 step  3050/5962  loss=0.2821  acc=0.8405  lr0=1.10e-05 lr1=5.51e-04
05:46:43 INFO   e2 step  3100/5962  loss=0.2818  acc=0.8409  lr0=1.10e-05 lr1=5.48e-04
05:46:47 INFO   e2 step  3150/5962  loss=0.2814  acc=0.8413  lr0=1.09e-05 lr1=5.45e-04
05:46:52 INFO   e2 step  3200/5962  loss=0.2812  acc=0.8413  lr0=1.08e-05 lr1=5.42e-04
05:46:56 INFO   e2 step  3250/5962  loss=0.2808  acc=0.8415  lr0=1.08e-05 lr1=5.39e-04
05:47:00 INFO   e2 step  3300/5962  loss=0.2807  acc=0.8417  lr0=1.07e-05 lr1=5.36e-04
05:47:04 INFO   e2 step  3350/5962  loss=0.2805  acc=0.8418  lr0=1.07e-05 lr1=5.33e-04
05:47:08 INFO   e2 step  3400/5962  loss=0.2802  acc=0.8420  lr0=1.06e-05 lr1=5.30e-04
05:47:13 INFO   e2 step  3450/5962  loss=0.2801  acc=0.8422  lr0=1.05e-05 lr1=5.26e-04
05:47:17 INFO   e2 step  3500/5962  loss=0.2801  acc=0.8422  lr0=1.05e-05 lr1=5.23e-04
05:47:21 INFO   e2 step  3550/5962  loss=0.2802  acc=0.8422  lr0=1.04e-05 lr1=5.20e-04
05:47:26 INFO   e2 step  3600/5962  loss=0.2801  acc=0.8423  lr0=1.03e-05 lr1=5.17e-04
05:47:30 INFO   e2 step  3650/5962  loss=0.2800  acc=0.8422  lr0=1.03e-05 lr1=5.14e-04
05:47:34 INFO   e2 step  3700/5962  loss=0.2798  acc=0.8421  lr0=1.02e-05 lr1=5.11e-04
05:47:38 INFO   e2 step  3750/5962  loss=0.2797  acc=0.8421  lr0=1.02e-05 lr1=5.08e-04
05:47:43 INFO   e2 step  3800/5962  loss=0.2795  acc=0.8423  lr0=1.01e-05 lr1=5.05e-04
05:47:47 INFO   e2 step  3850/5962  loss=0.2797  acc=0.8421  lr0=1.00e-05 lr1=5.02e-04
05:47:51 INFO   e2 step  3900/5962  loss=0.2793  acc=0.8423  lr0=9.97e-06 lr1=4.98e-04
05:47:56 INFO   e2 step  3950/5962  loss=0.2794  acc=0.8422  lr0=9.91e-06 lr1=4.95e-04
05:48:53 INFO run_dir=runs/classifier/workflow_ajo
05:48:53 INFO device=cuda  bf16=True
05:48:53 INFO tokenizer <- BAAI/bge-small-en-v1.5
05:48:54 INFO max_seq_len=524 exceeds model cap 512; clamping to 512
05:48:54 INFO max_seq_len=512 (user-provided)
05:48:54 INFO loading datasets
05:48:55 INFO   train=190775  val=16004  test=16004
05:48:55 INFO building DirectionalClassifier on BAAI/bge-small-en-v1.5  head_cfg={'head_type': 'mlp', 'hidden_dims': [512, 128], 'dropout': 0.1, 'activation': 'gelu', 'norm': 'layer'}  n_tiers=0
05:48:56 INFO   hidden_size=384  trainable_params=67,577,089
05:48:56 INFO   total_steps=17886  warmup_steps=1788
05:49:02 INFO   e1 step    50/5962  loss=0.8042  acc=0.5256  lr0=5.59e-07 lr1=2.80e-05
05:49:06 INFO   e1 step   100/5962  loss=0.7959  acc=0.5419  lr0=1.12e-06 lr1=5.59e-05
05:49:10 INFO   e1 step   150/5962  loss=0.7614  acc=0.5665  lr0=1.68e-06 lr1=8.39e-05
05:49:14 INFO   e1 step   200/5962  loss=0.7322  acc=0.5858  lr0=2.24e-06 lr1=1.12e-04
05:49:19 INFO   e1 step   250/5962  loss=0.7159  acc=0.5951  lr0=2.80e-06 lr1=1.40e-04
05:49:24 INFO   e1 step   300/5962  loss=0.6982  acc=0.6060  lr0=3.36e-06 lr1=1.68e-04
05:49:29 INFO   e1 step   350/5962  loss=0.6817  acc=0.6156  lr0=3.91e-06 lr1=1.96e-04
05:49:33 INFO   e1 step   400/5962  loss=0.6673  acc=0.6254  lr0=4.47e-06 lr1=2.24e-04
05:49:37 INFO   e1 step   450/5962  loss=0.6559  acc=0.6309  lr0=5.03e-06 lr1=2.52e-04
05:49:42 INFO   e1 step   500/5962  loss=0.6452  acc=0.6366  lr0=5.59e-06 lr1=2.80e-04
05:49:46 INFO   e1 step   550/5962  loss=0.6343  acc=0.6430  lr0=6.15e-06 lr1=3.08e-04
05:49:50 INFO   e1 step   600/5962  loss=0.6264  acc=0.6479  lr0=6.71e-06 lr1=3.36e-04
05:49:54 INFO   e1 step   650/5962  loss=0.6154  acc=0.6535  lr0=7.27e-06 lr1=3.64e-04
05:49:58 INFO   e1 step   700/5962  loss=0.6068  acc=0.6584  lr0=7.83e-06 lr1=3.91e-04
05:50:02 INFO   e1 step   750/5962  loss=0.5987  acc=0.6633  lr0=8.39e-06 lr1=4.19e-04
05:50:06 INFO   e1 step   800/5962  loss=0.5918  acc=0.6668  lr0=8.95e-06 lr1=4.47e-04
05:50:10 INFO   e1 step   850/5962  loss=0.5839  acc=0.6715  lr0=9.51e-06 lr1=4.75e-04
05:50:15 INFO   e1 step   900/5962  loss=0.5779  acc=0.6748  lr0=1.01e-05 lr1=5.03e-04
05:50:19 INFO   e1 step   950/5962  loss=0.5710  acc=0.6783  lr0=1.06e-05 lr1=5.31e-04
05:50:23 INFO   e1 step  1000/5962  loss=0.5648  acc=0.6820  lr0=1.12e-05 lr1=5.59e-04
05:50:28 INFO   e1 step  1050/5962  loss=0.5588  acc=0.6852  lr0=1.17e-05 lr1=5.87e-04
05:50:33 INFO   e1 step  1100/5962  loss=0.5528  acc=0.6884  lr0=1.23e-05 lr1=6.15e-04
05:50:37 INFO   e1 step  1150/5962  loss=0.5485  acc=0.6911  lr0=1.29e-05 lr1=6.43e-04
05:50:41 INFO   e1 step  1200/5962  loss=0.5438  acc=0.6939  lr0=1.34e-05 lr1=6.71e-04
05:50:46 INFO   e1 step  1250/5962  loss=0.5397  acc=0.6954  lr0=1.40e-05 lr1=6.99e-04
05:50:50 INFO   e1 step  1300/5962  loss=0.5347  acc=0.6985  lr0=1.45e-05 lr1=7.27e-04
05:50:54 INFO   e1 step  1350/5962  loss=0.5304  acc=0.7011  lr0=1.51e-05 lr1=7.55e-04
05:50:59 INFO   e1 step  1400/5962  loss=0.5258  acc=0.7035  lr0=1.57e-05 lr1=7.83e-04
05:51:03 INFO   e1 step  1450/5962  loss=0.5221  acc=0.7054  lr0=1.62e-05 lr1=8.11e-04
05:51:08 INFO   e1 step  1500/5962  loss=0.5185  acc=0.7074  lr0=1.68e-05 lr1=8.39e-04
05:51:12 INFO   e1 step  1550/5962  loss=0.5151  acc=0.7092  lr0=1.73e-05 lr1=8.67e-04
05:51:16 INFO   e1 step  1600/5962  loss=0.5117  acc=0.7109  lr0=1.79e-05 lr1=8.95e-04
05:51:21 INFO   e1 step  1650/5962  loss=0.5091  acc=0.7126  lr0=1.85e-05 lr1=9.23e-04
05:51:25 INFO   e1 step  1700/5962  loss=0.5053  acc=0.7147  lr0=1.90e-05 lr1=9.51e-04
05:51:30 INFO   e1 step  1750/5962  loss=0.5027  acc=0.7162  lr0=1.96e-05 lr1=9.79e-04
05:51:34 INFO   e1 step  1800/5962  loss=0.4998  acc=0.7182  lr0=2.00e-05 lr1=9.99e-04
05:51:39 INFO   e1 step  1850/5962  loss=0.4962  acc=0.7203  lr0=1.99e-05 lr1=9.96e-04
05:51:43 INFO   e1 step  1900/5962  loss=0.4929  acc=0.7221  lr0=1.99e-05 lr1=9.93e-04
05:51:47 INFO   e1 step  1950/5962  loss=0.4905  acc=0.7232  lr0=1.98e-05 lr1=9.90e-04
05:51:52 INFO   e1 step  2000/5962  loss=0.4878  acc=0.7249  lr0=1.97e-05 lr1=9.87e-04
05:51:56 INFO   e1 step  2050/5962  loss=0.4850  acc=0.7267  lr0=1.97e-05 lr1=9.84e-04
05:52:01 INFO   e1 step  2100/5962  loss=0.4821  acc=0.7285  lr0=1.96e-05 lr1=9.81e-04
05:52:05 INFO   e1 step  2150/5962  loss=0.4796  acc=0.7300  lr0=1.96e-05 lr1=9.78e-04
05:52:10 INFO   e1 step  2200/5962  loss=0.4768  acc=0.7314  lr0=1.95e-05 lr1=9.74e-04
05:52:14 INFO   e1 step  2250/5962  loss=0.4749  acc=0.7324  lr0=1.94e-05 lr1=9.71e-04
05:52:19 INFO   e1 step  2300/5962  loss=0.4731  acc=0.7338  lr0=1.94e-05 lr1=9.68e-04
05:52:23 INFO   e1 step  2350/5962  loss=0.4707  acc=0.7347  lr0=1.93e-05 lr1=9.65e-04
05:52:27 INFO   e1 step  2400/5962  loss=0.4686  acc=0.7362  lr0=1.92e-05 lr1=9.62e-04
05:52:32 INFO   e1 step  2450/5962  loss=0.4665  acc=0.7374  lr0=1.92e-05 lr1=9.59e-04
05:52:36 INFO   e1 step  2500/5962  loss=0.4641  acc=0.7386  lr0=1.91e-05 lr1=9.56e-04
05:52:40 INFO   e1 step  2550/5962  loss=0.4616  acc=0.7399  lr0=1.91e-05 lr1=9.53e-04
05:52:45 INFO   e1 step  2600/5962  loss=0.4593  acc=0.7411  lr0=1.90e-05 lr1=9.50e-04
05:52:49 INFO   e1 step  2650/5962  loss=0.4572  acc=0.7424  lr0=1.89e-05 lr1=9.46e-04
05:52:53 INFO   e1 step  2700/5962  loss=0.4551  acc=0.7437  lr0=1.89e-05 lr1=9.43e-04
05:52:58 INFO   e1 step  2750/5962  loss=0.4534  acc=0.7445  lr0=1.88e-05 lr1=9.40e-04
05:53:03 INFO   e1 step  2800/5962  loss=0.4515  acc=0.7457  lr0=1.87e-05 lr1=9.37e-04
05:53:07 INFO   e1 step  2850/5962  loss=0.4492  acc=0.7469  lr0=1.87e-05 lr1=9.34e-04
05:53:12 INFO   e1 step  2900/5962  loss=0.4473  acc=0.7479  lr0=1.86e-05 lr1=9.31e-04
05:53:16 INFO   e1 step  2950/5962  loss=0.4455  acc=0.7487  lr0=1.86e-05 lr1=9.28e-04
05:53:20 INFO   e1 step  3000/5962  loss=0.4436  acc=0.7497  lr0=1.85e-05 lr1=9.25e-04
05:53:25 INFO   e1 step  3050/5962  loss=0.4420  acc=0.7504  lr0=1.84e-05 lr1=9.22e-04
05:53:29 INFO   e1 step  3100/5962  loss=0.4401  acc=0.7515  lr0=1.84e-05 lr1=9.18e-04
05:53:34 INFO   e1 step  3150/5962  loss=0.4383  acc=0.7524  lr0=1.83e-05 lr1=9.15e-04
05:53:38 INFO   e1 step  3200/5962  loss=0.4366  acc=0.7533  lr0=1.82e-05 lr1=9.12e-04
05:53:42 INFO   e1 step  3250/5962  loss=0.4350  acc=0.7542  lr0=1.82e-05 lr1=9.09e-04
05:53:47 INFO   e1 step  3300/5962  loss=0.4335  acc=0.7549  lr0=1.81e-05 lr1=9.06e-04
05:53:51 INFO   e1 step  3350/5962  loss=0.4320  acc=0.7557  lr0=1.81e-05 lr1=9.03e-04
05:53:56 INFO   e1 step  3400/5962  loss=0.4303  acc=0.7565  lr0=1.80e-05 lr1=9.00e-04
05:54:00 INFO   e1 step  3450/5962  loss=0.4289  acc=0.7572  lr0=1.79e-05 lr1=8.97e-04
05:54:07 INFO   e1 step  3500/5962  loss=0.4277  acc=0.7578  lr0=1.79e-05 lr1=8.94e-04
05:54:14 INFO   e1 step  3550/5962  loss=0.4264  acc=0.7585  lr0=1.78e-05 lr1=8.91e-04
05:54:20 INFO   e1 step  3600/5962  loss=0.4249  acc=0.7593  lr0=1.77e-05 lr1=8.87e-04
05:54:27 INFO   e1 step  3650/5962  loss=0.4236  acc=0.7599  lr0=1.77e-05 lr1=8.84e-04
05:54:34 INFO   e1 step  3700/5962  loss=0.4222  acc=0.7608  lr0=1.76e-05 lr1=8.81e-04
05:54:40 INFO   e1 step  3750/5962  loss=0.4207  acc=0.7616  lr0=1.76e-05 lr1=8.78e-04
05:54:47 INFO   e1 step  3800/5962  loss=0.4196  acc=0.7622  lr0=1.75e-05 lr1=8.75e-04
05:54:53 INFO   e1 step  3850/5962  loss=0.4183  acc=0.7629  lr0=1.74e-05 lr1=8.72e-04
05:55:00 INFO   e1 step  3900/5962  loss=0.4172  acc=0.7634  lr0=1.74e-05 lr1=8.69e-04
05:55:07 INFO   e1 step  3950/5962  loss=0.4159  acc=0.7640  lr0=1.73e-05 lr1=8.66e-04
05:55:13 INFO   e1 step  4000/5962  loss=0.4146  acc=0.7647  lr0=1.73e-05 lr1=8.63e-04
05:55:19 INFO   e1 step  4050/5962  loss=0.4135  acc=0.7653  lr0=1.72e-05 lr1=8.59e-04
05:55:26 INFO   e1 step  4100/5962  loss=0.4123  acc=0.7658  lr0=1.71e-05 lr1=8.56e-04
05:55:32 INFO   e1 step  4150/5962  loss=0.4110  acc=0.7666  lr0=1.71e-05 lr1=8.53e-04
05:55:39 INFO   e1 step  4200/5962  loss=0.4097  acc=0.7672  lr0=1.70e-05 lr1=8.50e-04
05:55:45 INFO   e1 step  4250/5962  loss=0.4085  acc=0.7680  lr0=1.69e-05 lr1=8.47e-04
05:55:52 INFO   e1 step  4300/5962  loss=0.4074  acc=0.7685  lr0=1.69e-05 lr1=8.44e-04
05:55:58 INFO   e1 step  4350/5962  loss=0.4066  acc=0.7690  lr0=1.68e-05 lr1=8.41e-04
05:56:05 INFO   e1 step  4400/5962  loss=0.4057  acc=0.7695  lr0=1.68e-05 lr1=8.38e-04
05:56:12 INFO   e1 step  4450/5962  loss=0.4044  acc=0.7702  lr0=1.67e-05 lr1=8.35e-04
05:56:19 INFO   e1 step  4500/5962  loss=0.4032  acc=0.7710  lr0=1.66e-05 lr1=8.32e-04
05:56:25 INFO   e1 step  4550/5962  loss=0.4022  acc=0.7714  lr0=1.66e-05 lr1=8.28e-04
05:56:32 INFO   e1 step  4600/5962  loss=0.4010  acc=0.7722  lr0=1.65e-05 lr1=8.25e-04
05:56:38 INFO   e1 step  4650/5962  loss=0.4000  acc=0.7727  lr0=1.64e-05 lr1=8.22e-04
05:56:45 INFO   e1 step  4700/5962  loss=0.3989  acc=0.7733  lr0=1.64e-05 lr1=8.19e-04
05:56:52 INFO   e1 step  4750/5962  loss=0.3980  acc=0.7737  lr0=1.63e-05 lr1=8.16e-04
05:56:58 INFO   e1 step  4800/5962  loss=0.3972  acc=0.7741  lr0=1.63e-05 lr1=8.13e-04
05:57:05 INFO   e1 step  4850/5962  loss=0.3965  acc=0.7746  lr0=1.62e-05 lr1=8.10e-04
05:57:11 INFO   e1 step  4900/5962  loss=0.3954  acc=0.7753  lr0=1.61e-05 lr1=8.07e-04
05:57:18 INFO   e1 step  4950/5962  loss=0.3944  acc=0.7758  lr0=1.61e-05 lr1=8.04e-04
05:57:24 INFO   e1 step  5000/5962  loss=0.3935  acc=0.7762  lr0=1.60e-05 lr1=8.00e-04
05:57:31 INFO   e1 step  5050/5962  loss=0.3925  acc=0.7767  lr0=1.59e-05 lr1=7.97e-04
05:57:37 INFO   e1 step  5100/5962  loss=0.3917  acc=0.7773  lr0=1.59e-05 lr1=7.94e-04
05:57:44 INFO   e1 step  5150/5962  loss=0.3910  acc=0.7776  lr0=1.58e-05 lr1=7.91e-04
05:57:50 INFO   e1 step  5200/5962  loss=0.3901  acc=0.7780  lr0=1.58e-05 lr1=7.88e-04
05:57:56 INFO   e1 step  5250/5962  loss=0.3892  acc=0.7785  lr0=1.57e-05 lr1=7.85e-04
05:58:02 INFO   e1 step  5300/5962  loss=0.3883  acc=0.7790  lr0=1.56e-05 lr1=7.82e-04
05:58:09 INFO   e1 step  5350/5962  loss=0.3876  acc=0.7794  lr0=1.56e-05 lr1=7.79e-04
05:58:16 INFO   e1 step  5400/5962  loss=0.3867  acc=0.7799  lr0=1.55e-05 lr1=7.76e-04
05:58:22 INFO   e1 step  5450/5962  loss=0.3859  acc=0.7802  lr0=1.55e-05 lr1=7.73e-04
05:58:29 INFO   e1 step  5500/5962  loss=0.3854  acc=0.7805  lr0=1.54e-05 lr1=7.69e-04
05:58:36 INFO   e1 step  5550/5962  loss=0.3845  acc=0.7809  lr0=1.53e-05 lr1=7.66e-04
05:58:42 INFO   e1 step  5600/5962  loss=0.3837  acc=0.7814  lr0=1.53e-05 lr1=7.63e-04
05:58:49 INFO   e1 step  5650/5962  loss=0.3830  acc=0.7819  lr0=1.52e-05 lr1=7.60e-04
05:58:56 INFO   e1 step  5700/5962  loss=0.3823  acc=0.7823  lr0=1.51e-05 lr1=7.57e-04
05:59:02 INFO   e1 step  5750/5962  loss=0.3814  acc=0.7827  lr0=1.51e-05 lr1=7.54e-04
05:59:09 INFO   e1 step  5800/5962  loss=0.3805  acc=0.7831  lr0=1.50e-05 lr1=7.51e-04
05:59:15 INFO   e1 step  5850/5962  loss=0.3797  acc=0.7835  lr0=1.50e-05 lr1=7.48e-04
05:59:22 INFO   e1 step  5900/5962  loss=0.3791  acc=0.7837  lr0=1.49e-05 lr1=7.45e-04
05:59:28 INFO   e1 step  5950/5962  loss=0.3785  acc=0.7840  lr0=1.48e-05 lr1=7.41e-04
05:59:43 INFO [epoch 1] train_loss=0.3784 train_acc=0.7841  val_loss=0.6542 val_acc=0.7169 val_auc=0.8063  elapsed=647.5s
05:59:44 INFO   saved best.pt  val_acc=0.7169
05:59:51 INFO   e2 step    50/5962  loss=0.2881  acc=0.8281  lr0=1.48e-05 lr1=7.38e-04
05:59:57 INFO   e2 step   100/5962  loss=0.2838  acc=0.8378  lr0=1.47e-05 lr1=7.35e-04
06:00:04 INFO   e2 step   150/5962  loss=0.2788  acc=0.8431  lr0=1.46e-05 lr1=7.31e-04
06:00:10 INFO   e2 step   200/5962  loss=0.2786  acc=0.8441  lr0=1.46e-05 lr1=7.28e-04
06:00:17 INFO   e2 step   250/5962  loss=0.2822  acc=0.8411  lr0=1.45e-05 lr1=7.25e-04
06:00:24 INFO   e2 step   300/5962  loss=0.2806  acc=0.8421  lr0=1.44e-05 lr1=7.22e-04
06:00:30 INFO   e2 step   350/5962  loss=0.2800  acc=0.8412  lr0=1.44e-05 lr1=7.19e-04
06:00:37 INFO   e2 step   400/5962  loss=0.2806  acc=0.8417  lr0=1.43e-05 lr1=7.16e-04
06:00:44 INFO   e2 step   450/5962  loss=0.2784  acc=0.8426  lr0=1.43e-05 lr1=7.13e-04
06:00:50 INFO   e2 step   500/5962  loss=0.2776  acc=0.8429  lr0=1.42e-05 lr1=7.10e-04
06:00:57 INFO   e2 step   550/5962  loss=0.2794  acc=0.8418  lr0=1.41e-05 lr1=7.07e-04
06:01:03 INFO   e2 step   600/5962  loss=0.2804  acc=0.8404  lr0=1.41e-05 lr1=7.03e-04
06:01:10 INFO   e2 step   650/5962  loss=0.2812  acc=0.8400  lr0=1.40e-05 lr1=7.00e-04
06:01:16 INFO   e2 step   700/5962  loss=0.2810  acc=0.8396  lr0=1.39e-05 lr1=6.97e-04
06:01:23 INFO   e2 step   750/5962  loss=0.2816  acc=0.8396  lr0=1.39e-05 lr1=6.94e-04
06:01:29 INFO   e2 step   800/5962  loss=0.2827  acc=0.8386  lr0=1.38e-05 lr1=6.91e-04
06:01:36 INFO   e2 step   850/5962  loss=0.2831  acc=0.8382  lr0=1.38e-05 lr1=6.88e-04
06:01:42 INFO   e2 step   900/5962  loss=0.2830  acc=0.8377  lr0=1.37e-05 lr1=6.85e-04
06:01:49 INFO   e2 step   950/5962  loss=0.2828  acc=0.8381  lr0=1.36e-05 lr1=6.82e-04
06:01:55 INFO   e2 step  1000/5962  loss=0.2827  acc=0.8383  lr0=1.36e-05 lr1=6.79e-04
06:02:01 INFO   e2 step  1050/5962  loss=0.2834  acc=0.8385  lr0=1.35e-05 lr1=6.75e-04
06:02:08 INFO   e2 step  1100/5962  loss=0.2834  acc=0.8385  lr0=1.34e-05 lr1=6.72e-04
06:02:14 INFO   e2 step  1150/5962  loss=0.2834  acc=0.8383  lr0=1.34e-05 lr1=6.69e-04
06:02:21 INFO   e2 step  1200/5962  loss=0.2832  acc=0.8386  lr0=1.33e-05 lr1=6.66e-04
06:02:28 INFO   e2 step  1250/5962  loss=0.2827  acc=0.8389  lr0=1.33e-05 lr1=6.63e-04
06:02:34 INFO   e2 step  1300/5962  loss=0.2830  acc=0.8386  lr0=1.32e-05 lr1=6.60e-04
06:02:41 INFO   e2 step  1350/5962  loss=0.2831  acc=0.8391  lr0=1.31e-05 lr1=6.57e-04
06:02:47 INFO   e2 step  1400/5962  loss=0.2829  acc=0.8390  lr0=1.31e-05 lr1=6.54e-04
06:02:54 INFO   e2 step  1450/5962  loss=0.2834  acc=0.8388  lr0=1.30e-05 lr1=6.51e-04
06:03:00 INFO   e2 step  1500/5962  loss=0.2832  acc=0.8392  lr0=1.30e-05 lr1=6.48e-04
06:03:07 INFO   e2 step  1550/5962  loss=0.2825  acc=0.8398  lr0=1.29e-05 lr1=6.44e-04
06:03:14 INFO   e2 step  1600/5962  loss=0.2823  acc=0.8394  lr0=1.28e-05 lr1=6.41e-04
06:03:20 INFO   e2 step  1650/5962  loss=0.2818  acc=0.8398  lr0=1.28e-05 lr1=6.38e-04
06:03:27 INFO   e2 step  1700/5962  loss=0.2816  acc=0.8400  lr0=1.27e-05 lr1=6.35e-04
06:03:33 INFO   e2 step  1750/5962  loss=0.2822  acc=0.8393  lr0=1.26e-05 lr1=6.32e-04
06:03:39 INFO   e2 step  1800/5962  loss=0.2822  acc=0.8398  lr0=1.26e-05 lr1=6.29e-04
06:03:46 INFO   e2 step  1850/5962  loss=0.2824  acc=0.8396  lr0=1.25e-05 lr1=6.26e-04
06:03:53 INFO   e2 step  1900/5962  loss=0.2824  acc=0.8395  lr0=1.25e-05 lr1=6.23e-04
06:03:59 INFO   e2 step  1950/5962  loss=0.2822  acc=0.8395  lr0=1.24e-05 lr1=6.20e-04
06:04:06 INFO   e2 step  2000/5962  loss=0.2823  acc=0.8395  lr0=1.23e-05 lr1=6.16e-04
06:04:12 INFO   e2 step  2050/5962  loss=0.2825  acc=0.8389  lr0=1.23e-05 lr1=6.13e-04
06:04:18 INFO   e2 step  2100/5962  loss=0.2829  acc=0.8387  lr0=1.22e-05 lr1=6.10e-04
06:04:25 INFO   e2 step  2150/5962  loss=0.2831  acc=0.8384  lr0=1.21e-05 lr1=6.07e-04
06:04:31 INFO   e2 step  2200/5962  loss=0.2833  acc=0.8383  lr0=1.21e-05 lr1=6.04e-04
06:04:37 INFO   e2 step  2250/5962  loss=0.2833  acc=0.8384  lr0=1.20e-05 lr1=6.01e-04
06:04:44 INFO   e2 step  2300/5962  loss=0.2831  acc=0.8386  lr0=1.20e-05 lr1=5.98e-04
06:04:50 INFO   e2 step  2350/5962  loss=0.2832  acc=0.8386  lr0=1.19e-05 lr1=5.95e-04
06:04:57 INFO   e2 step  2400/5962  loss=0.2832  acc=0.8388  lr0=1.18e-05 lr1=5.92e-04
06:05:03 INFO   e2 step  2450/5962  loss=0.2832  acc=0.8390  lr0=1.18e-05 lr1=5.89e-04
06:05:09 INFO   e2 step  2500/5962  loss=0.2835  acc=0.8388  lr0=1.17e-05 lr1=5.85e-04
06:05:16 INFO   e2 step  2550/5962  loss=0.2834  acc=0.8390  lr0=1.16e-05 lr1=5.82e-04
06:05:23 INFO   e2 step  2600/5962  loss=0.2834  acc=0.8388  lr0=1.16e-05 lr1=5.79e-04
06:05:29 INFO   e2 step  2650/5962  loss=0.2833  acc=0.8391  lr0=1.15e-05 lr1=5.76e-04
06:05:36 INFO   e2 step  2700/5962  loss=0.2828  acc=0.8394  lr0=1.15e-05 lr1=5.73e-04
06:05:42 INFO   e2 step  2750/5962  loss=0.2826  acc=0.8395  lr0=1.14e-05 lr1=5.70e-04
06:05:49 INFO   e2 step  2800/5962  loss=0.2825  acc=0.8394  lr0=1.13e-05 lr1=5.67e-04
06:05:55 INFO   e2 step  2850/5962  loss=0.2823  acc=0.8394  lr0=1.13e-05 lr1=5.64e-04
06:06:01 INFO   e2 step  2900/5962  loss=0.2822  acc=0.8395  lr0=1.12e-05 lr1=5.61e-04
06:06:08 INFO   e2 step  2950/5962  loss=0.2821  acc=0.8397  lr0=1.11e-05 lr1=5.57e-04
06:06:14 INFO   e2 step  3000/5962  loss=0.2822  acc=0.8396  lr0=1.11e-05 lr1=5.54e-04
06:06:21 INFO   e2 step  3050/5962  loss=0.2820  acc=0.8399  lr0=1.10e-05 lr1=5.51e-04
06:06:28 INFO   e2 step  3100/5962  loss=0.2816  acc=0.8404  lr0=1.10e-05 lr1=5.48e-04
06:06:34 INFO   e2 step  3150/5962  loss=0.2813  acc=0.8408  lr0=1.09e-05 lr1=5.45e-04
06:06:41 INFO   e2 step  3200/5962  loss=0.2811  acc=0.8408  lr0=1.08e-05 lr1=5.42e-04
06:06:47 INFO   e2 step  3250/5962  loss=0.2808  acc=0.8409  lr0=1.08e-05 lr1=5.39e-04
06:06:54 INFO   e2 step  3300/5962  loss=0.2808  acc=0.8411  lr0=1.07e-05 lr1=5.36e-04
06:07:01 INFO   e2 step  3350/5962  loss=0.2806  acc=0.8412  lr0=1.07e-05 lr1=5.33e-04
06:07:07 INFO   e2 step  3400/5962  loss=0.2803  acc=0.8414  lr0=1.06e-05 lr1=5.30e-04
06:07:14 INFO   e2 step  3450/5962  loss=0.2801  acc=0.8416  lr0=1.05e-05 lr1=5.26e-04
06:07:20 INFO   e2 step  3500/5962  loss=0.2800  acc=0.8416  lr0=1.05e-05 lr1=5.23e-04
06:07:26 INFO   e2 step  3550/5962  loss=0.2801  acc=0.8417  lr0=1.04e-05 lr1=5.20e-04
06:07:33 INFO   e2 step  3600/5962  loss=0.2799  acc=0.8417  lr0=1.03e-05 lr1=5.17e-04
06:07:39 INFO   e2 step  3650/5962  loss=0.2798  acc=0.8416  lr0=1.03e-05 lr1=5.14e-04
06:07:46 INFO   e2 step  3700/5962  loss=0.2797  acc=0.8416  lr0=1.02e-05 lr1=5.11e-04
06:07:52 INFO   e2 step  3750/5962  loss=0.2795  acc=0.8417  lr0=1.02e-05 lr1=5.08e-04
06:07:59 INFO   e2 step  3800/5962  loss=0.2793  acc=0.8417  lr0=1.01e-05 lr1=5.05e-04
06:08:05 INFO   e2 step  3850/5962  loss=0.2792  acc=0.8417  lr0=1.00e-05 lr1=5.02e-04
06:08:12 INFO   e2 step  3900/5962  loss=0.2789  acc=0.8419  lr0=9.97e-06 lr1=4.98e-04
06:08:18 INFO   e2 step  3950/5962  loss=0.2790  acc=0.8418  lr0=9.91e-06 lr1=4.95e-04
06:08:24 INFO   e2 step  4000/5962  loss=0.2789  acc=0.8418  lr0=9.84e-06 lr1=4.92e-04
06:08:31 INFO   e2 step  4050/5962  loss=0.2787  acc=0.8420  lr0=9.78e-06 lr1=4.89e-04
06:08:38 INFO   e2 step  4100/5962  loss=0.2785  acc=0.8422  lr0=9.72e-06 lr1=4.86e-04
06:08:44 INFO   e2 step  4150/5962  loss=0.2784  acc=0.8423  lr0=9.66e-06 lr1=4.83e-04
06:08:51 INFO   e2 step  4200/5962  loss=0.2782  acc=0.8424  lr0=9.60e-06 lr1=4.80e-04
06:08:57 INFO   e2 step  4250/5962  loss=0.2783  acc=0.8424  lr0=9.53e-06 lr1=4.77e-04
06:09:04 INFO   e2 step  4300/5962  loss=0.2781  acc=0.8424  lr0=9.47e-06 lr1=4.74e-04
06:09:11 INFO   e2 step  4350/5962  loss=0.2781  acc=0.8425  lr0=9.41e-06 lr1=4.70e-04
06:09:18 INFO   e2 step  4400/5962  loss=0.2781  acc=0.8425  lr0=9.35e-06 lr1=4.67e-04
06:09:24 INFO   e2 step  4450/5962  loss=0.2781  acc=0.8424  lr0=9.29e-06 lr1=4.64e-04
06:09:31 INFO   e2 step  4500/5962  loss=0.2779  acc=0.8425  lr0=9.22e-06 lr1=4.61e-04
06:09:37 INFO   e2 step  4550/5962  loss=0.2778  acc=0.8427  lr0=9.16e-06 lr1=4.58e-04
06:09:44 INFO   e2 step  4600/5962  loss=0.2777  acc=0.8428  lr0=9.10e-06 lr1=4.55e-04
06:09:50 INFO   e2 step  4650/5962  loss=0.2775  acc=0.8430  lr0=9.04e-06 lr1=4.52e-04
06:09:57 INFO   e2 step  4700/5962  loss=0.2776  acc=0.8430  lr0=8.98e-06 lr1=4.49e-04
06:10:03 INFO   e2 step  4750/5962  loss=0.2774  acc=0.8431  lr0=8.91e-06 lr1=4.46e-04
06:10:10 INFO   e2 step  4800/5962  loss=0.2774  acc=0.8431  lr0=8.85e-06 lr1=4.43e-04
06:10:16 INFO   e2 step  4850/5962  loss=0.2775  acc=0.8430  lr0=8.79e-06 lr1=4.39e-04
06:10:22 INFO   e2 step  4900/5962  loss=0.2775  acc=0.8430  lr0=8.73e-06 lr1=4.36e-04
06:10:29 INFO   e2 step  4950/5962  loss=0.2775  acc=0.8430  lr0=8.66e-06 lr1=4.33e-04
06:10:36 INFO   e2 step  5000/5962  loss=0.2773  acc=0.8431  lr0=8.60e-06 lr1=4.30e-04
06:10:42 INFO   e2 step  5050/5962  loss=0.2771  acc=0.8433  lr0=8.54e-06 lr1=4.27e-04
06:10:49 INFO   e2 step  5100/5962  loss=0.2771  acc=0.8434  lr0=8.48e-06 lr1=4.24e-04
06:10:55 INFO   e2 step  5150/5962  loss=0.2771  acc=0.8434  lr0=8.42e-06 lr1=4.21e-04
06:11:02 INFO   e2 step  5200/5962  loss=0.2771  acc=0.8434  lr0=8.35e-06 lr1=4.18e-04
06:11:08 INFO   e2 step  5250/5962  loss=0.2769  acc=0.8435  lr0=8.29e-06 lr1=4.15e-04
06:11:15 INFO   e2 step  5300/5962  loss=0.2770  acc=0.8434  lr0=8.23e-06 lr1=4.11e-04
06:11:21 INFO   e2 step  5350/5962  loss=0.2770  acc=0.8435  lr0=8.17e-06 lr1=4.08e-04
06:11:28 INFO   e2 step  5400/5962  loss=0.2770  acc=0.8435  lr0=8.11e-06 lr1=4.05e-04
06:11:34 INFO   e2 step  5450/5962  loss=0.2771  acc=0.8435  lr0=8.04e-06 lr1=4.02e-04
06:11:41 INFO   e2 step  5500/5962  loss=0.2770  acc=0.8436  lr0=7.98e-06 lr1=3.99e-04
06:11:47 INFO   e2 step  5550/5962  loss=0.2768  acc=0.8437  lr0=7.92e-06 lr1=3.96e-04
06:11:54 INFO   e2 step  5600/5962  loss=0.2769  acc=0.8438  lr0=7.86e-06 lr1=3.93e-04
06:12:00 INFO   e2 step  5650/5962  loss=0.2768  acc=0.8438  lr0=7.79e-06 lr1=3.90e-04
06:12:07 INFO   e2 step  5700/5962  loss=0.2766  acc=0.8439  lr0=7.73e-06 lr1=3.87e-04
06:12:13 INFO   e2 step  5750/5962  loss=0.2766  acc=0.8439  lr0=7.67e-06 lr1=3.84e-04
06:12:20 INFO   e2 step  5800/5962  loss=0.2767  acc=0.8439  lr0=7.61e-06 lr1=3.80e-04
06:12:26 INFO   e2 step  5850/5962  loss=0.2767  acc=0.8438  lr0=7.55e-06 lr1=3.77e-04
06:12:32 INFO   e2 step  5900/5962  loss=0.2768  acc=0.8438  lr0=7.48e-06 lr1=3.74e-04
06:12:39 INFO   e2 step  5950/5962  loss=0.2767  acc=0.8438  lr0=7.42e-06 lr1=3.71e-04
06:12:54 INFO [epoch 2] train_loss=0.2767 train_acc=0.8438  val_loss=0.6650 val_acc=0.7338 val_auc=0.8236  elapsed=790.3s
06:12:55 INFO   saved best.pt  val_acc=0.7338
06:13:02 INFO   e3 step    50/5962  loss=0.2592  acc=0.8600  lr0=7.35e-06 lr1=3.67e-04
06:13:08 INFO   e3 step   100/5962  loss=0.2546  acc=0.8638  lr0=7.28e-06 lr1=3.64e-04
06:13:15 INFO   e3 step   150/5962  loss=0.2524  acc=0.8629  lr0=7.22e-06 lr1=3.61e-04
06:13:21 INFO   e3 step   200/5962  loss=0.2531  acc=0.8638  lr0=7.16e-06 lr1=3.58e-04
06:13:28 INFO   e3 step   250/5962  loss=0.2515  acc=0.8644  lr0=7.10e-06 lr1=3.55e-04
06:13:34 INFO   e3 step   300/5962  loss=0.2526  acc=0.8635  lr0=7.03e-06 lr1=3.52e-04
06:13:41 INFO   e3 step   350/5962  loss=0.2505  acc=0.8646  lr0=6.97e-06 lr1=3.49e-04
06:13:47 INFO   e3 step   400/5962  loss=0.2513  acc=0.8632  lr0=6.91e-06 lr1=3.46e-04
06:13:54 INFO   e3 step   450/5962  loss=0.2528  acc=0.8620  lr0=6.85e-06 lr1=3.42e-04
06:14:00 INFO   e3 step   500/5962  loss=0.2527  acc=0.8614  lr0=6.79e-06 lr1=3.39e-04
06:14:06 INFO   e3 step   550/5962  loss=0.2533  acc=0.8619  lr0=6.72e-06 lr1=3.36e-04
06:14:13 INFO   e3 step   600/5962  loss=0.2531  acc=0.8624  lr0=6.66e-06 lr1=3.33e-04
06:14:20 INFO   e3 step   650/5962  loss=0.2527  acc=0.8637  lr0=6.60e-06 lr1=3.30e-04
06:14:26 INFO   e3 step   700/5962  loss=0.2538  acc=0.8637  lr0=6.54e-06 lr1=3.27e-04
06:14:33 INFO   e3 step   750/5962  loss=0.2538  acc=0.8638  lr0=6.48e-06 lr1=3.24e-04
06:14:39 INFO   e3 step   800/5962  loss=0.2538  acc=0.8635  lr0=6.41e-06 lr1=3.21e-04
06:14:46 INFO   e3 step   850/5962  loss=0.2535  acc=0.8638  lr0=6.35e-06 lr1=3.18e-04
06:14:52 INFO   e3 step   900/5962  loss=0.2542  acc=0.8634  lr0=6.29e-06 lr1=3.14e-04
06:14:59 INFO   e3 step   950/5962  loss=0.2536  acc=0.8637  lr0=6.23e-06 lr1=3.11e-04
06:15:05 INFO   e3 step  1000/5962  loss=0.2534  acc=0.8637  lr0=6.16e-06 lr1=3.08e-04
06:15:12 INFO   e3 step  1050/5962  loss=0.2540  acc=0.8637  lr0=6.10e-06 lr1=3.05e-04
06:15:18 INFO   e3 step  1100/5962  loss=0.2539  acc=0.8638  lr0=6.04e-06 lr1=3.02e-04
06:15:25 INFO   e3 step  1150/5962  loss=0.2537  acc=0.8640  lr0=5.98e-06 lr1=2.99e-04
06:15:31 INFO   e3 step  1200/5962  loss=0.2544  acc=0.8639  lr0=5.92e-06 lr1=2.96e-04
06:15:38 INFO   e3 step  1250/5962  loss=0.2546  acc=0.8635  lr0=5.85e-06 lr1=2.93e-04
06:15:44 INFO   e3 step  1300/5962  loss=0.2547  acc=0.8632  lr0=5.79e-06 lr1=2.90e-04
06:15:51 INFO   e3 step  1350/5962  loss=0.2547  acc=0.8629  lr0=5.73e-06 lr1=2.86e-04
06:15:57 INFO   e3 step  1400/5962  loss=0.2546  acc=0.8626  lr0=5.67e-06 lr1=2.83e-04
06:16:04 INFO   e3 step  1450/5962  loss=0.2539  acc=0.8633  lr0=5.61e-06 lr1=2.80e-04
06:16:10 INFO   e3 step  1500/5962  loss=0.2543  acc=0.8630  lr0=5.54e-06 lr1=2.77e-04
06:16:17 INFO   e3 step  1550/5962  loss=0.2539  acc=0.8631  lr0=5.48e-06 lr1=2.74e-04
06:16:23 INFO   e3 step  1600/5962  loss=0.2535  acc=0.8635  lr0=5.42e-06 lr1=2.71e-04
06:16:30 INFO   e3 step  1650/5962  loss=0.2534  acc=0.8636  lr0=5.36e-06 lr1=2.68e-04
06:16:36 INFO   e3 step  1700/5962  loss=0.2532  acc=0.8640  lr0=5.30e-06 lr1=2.65e-04
06:16:43 INFO   e3 step  1750/5962  loss=0.2531  acc=0.8641  lr0=5.23e-06 lr1=2.62e-04
06:16:50 INFO   e3 step  1800/5962  loss=0.2532  acc=0.8641  lr0=5.17e-06 lr1=2.59e-04
06:16:56 INFO   e3 step  1850/5962  loss=0.2529  acc=0.8641  lr0=5.11e-06 lr1=2.55e-04
06:17:03 INFO   e3 step  1900/5962  loss=0.2533  acc=0.8638  lr0=5.05e-06 lr1=2.52e-04
06:17:10 INFO   e3 step  1950/5962  loss=0.2530  acc=0.8639  lr0=4.98e-06 lr1=2.49e-04
06:17:16 INFO   e3 step  2000/5962  loss=0.2526  acc=0.8641  lr0=4.92e-06 lr1=2.46e-04
06:17:23 INFO   e3 step  2050/5962  loss=0.2525  acc=0.8642  lr0=4.86e-06 lr1=2.43e-04
06:17:29 INFO   e3 step  2100/5962  loss=0.2526  acc=0.8642  lr0=4.80e-06 lr1=2.40e-04
06:17:36 INFO   e3 step  2150/5962  loss=0.2524  acc=0.8643  lr0=4.74e-06 lr1=2.37e-04
06:17:43 INFO   e3 step  2200/5962  loss=0.2525  acc=0.8644  lr0=4.67e-06 lr1=2.34e-04
06:17:49 INFO   e3 step  2250/5962  loss=0.2523  acc=0.8646  lr0=4.61e-06 lr1=2.31e-04
06:17:56 INFO   e3 step  2300/5962  loss=0.2526  acc=0.8644  lr0=4.55e-06 lr1=2.27e-04
06:18:02 INFO   e3 step  2350/5962  loss=0.2523  acc=0.8646  lr0=4.49e-06 lr1=2.24e-04
06:18:09 INFO   e3 step  2400/5962  loss=0.2523  acc=0.8645  lr0=4.43e-06 lr1=2.21e-04
06:18:16 INFO   e3 step  2450/5962  loss=0.2523  acc=0.8643  lr0=4.36e-06 lr1=2.18e-04
06:18:23 INFO   e3 step  2500/5962  loss=0.2523  acc=0.8643  lr0=4.30e-06 lr1=2.15e-04
06:18:29 INFO   e3 step  2550/5962  loss=0.2519  acc=0.8646  lr0=4.24e-06 lr1=2.12e-04
06:18:35 INFO   e3 step  2600/5962  loss=0.2519  acc=0.8645  lr0=4.18e-06 lr1=2.09e-04
06:18:42 INFO   e3 step  2650/5962  loss=0.2517  acc=0.8648  lr0=4.11e-06 lr1=2.06e-04
06:18:49 INFO   e3 step  2700/5962  loss=0.2516  acc=0.8648  lr0=4.05e-06 lr1=2.03e-04
06:18:55 INFO   e3 step  2750/5962  loss=0.2518  acc=0.8647  lr0=3.99e-06 lr1=2.00e-04
06:19:02 INFO   e3 step  2800/5962  loss=0.2519  acc=0.8646  lr0=3.93e-06 lr1=1.96e-04
06:19:08 INFO   e3 step  2850/5962  loss=0.2518  acc=0.8647  lr0=3.87e-06 lr1=1.93e-04
06:19:15 INFO   e3 step  2900/5962  loss=0.2518  acc=0.8647  lr0=3.80e-06 lr1=1.90e-04
06:19:22 INFO   e3 step  2950/5962  loss=0.2519  acc=0.8647  lr0=3.74e-06 lr1=1.87e-04
06:19:28 INFO   e3 step  3000/5962  loss=0.2516  acc=0.8648  lr0=3.68e-06 lr1=1.84e-04
06:19:35 INFO   e3 step  3050/5962  loss=0.2516  acc=0.8648  lr0=3.62e-06 lr1=1.81e-04
06:19:41 INFO   e3 step  3100/5962  loss=0.2516  acc=0.8646  lr0=3.56e-06 lr1=1.78e-04
06:19:47 INFO   e3 step  3150/5962  loss=0.2516  acc=0.8646  lr0=3.49e-06 lr1=1.75e-04
06:19:54 INFO   e3 step  3200/5962  loss=0.2517  acc=0.8645  lr0=3.43e-06 lr1=1.72e-04
06:20:01 INFO   e3 step  3250/5962  loss=0.2519  acc=0.8645  lr0=3.37e-06 lr1=1.68e-04
06:20:07 INFO   e3 step  3300/5962  loss=0.2517  acc=0.8645  lr0=3.31e-06 lr1=1.65e-04
06:20:14 INFO   e3 step  3350/5962  loss=0.2519  acc=0.8643  lr0=3.25e-06 lr1=1.62e-04
06:20:20 INFO   e3 step  3400/5962  loss=0.2517  acc=0.8645  lr0=3.18e-06 lr1=1.59e-04
06:20:27 INFO   e3 step  3450/5962  loss=0.2516  acc=0.8645  lr0=3.12e-06 lr1=1.56e-04
06:20:33 INFO   e3 step  3500/5962  loss=0.2515  acc=0.8645  lr0=3.06e-06 lr1=1.53e-04
06:20:40 INFO   e3 step  3550/5962  loss=0.2515  acc=0.8645  lr0=3.00e-06 lr1=1.50e-04
06:20:47 INFO   e3 step  3600/5962  loss=0.2515  acc=0.8644  lr0=2.93e-06 lr1=1.47e-04
06:20:53 INFO   e3 step  3650/5962  loss=0.2514  acc=0.8645  lr0=2.87e-06 lr1=1.44e-04
06:21:00 INFO   e3 step  3700/5962  loss=0.2510  acc=0.8646  lr0=2.81e-06 lr1=1.41e-04
06:21:06 INFO   e3 step  3750/5962  loss=0.2510  acc=0.8647  lr0=2.75e-06 lr1=1.37e-04
06:21:13 INFO   e3 step  3800/5962  loss=0.2508  acc=0.8649  lr0=2.69e-06 lr1=1.34e-04
06:21:19 INFO   e3 step  3850/5962  loss=0.2510  acc=0.8648  lr0=2.62e-06 lr1=1.31e-04
06:21:26 INFO   e3 step  3900/5962  loss=0.2511  acc=0.8647  lr0=2.56e-06 lr1=1.28e-04
06:21:33 INFO   e3 step  3950/5962  loss=0.2510  acc=0.8649  lr0=2.50e-06 lr1=1.25e-04
06:21:39 INFO   e3 step  4000/5962  loss=0.2510  acc=0.8649  lr0=2.44e-06 lr1=1.22e-04
06:21:46 INFO   e3 step  4050/5962  loss=0.2512  acc=0.8648  lr0=2.38e-06 lr1=1.19e-04
06:21:52 INFO   e3 step  4100/5962  loss=0.2509  acc=0.8649  lr0=2.31e-06 lr1=1.16e-04
06:21:58 INFO   e3 step  4150/5962  loss=0.2510  acc=0.8649  lr0=2.25e-06 lr1=1.13e-04
06:22:05 INFO   e3 step  4200/5962  loss=0.2510  acc=0.8649  lr0=2.19e-06 lr1=1.09e-04
06:22:12 INFO   e3 step  4250/5962  loss=0.2509  acc=0.8650  lr0=2.13e-06 lr1=1.06e-04
06:22:18 INFO   e3 step  4300/5962  loss=0.2510  acc=0.8650  lr0=2.06e-06 lr1=1.03e-04
06:22:25 INFO   e3 step  4350/5962  loss=0.2511  acc=0.8649  lr0=2.00e-06 lr1=1.00e-04
06:22:31 INFO   e3 step  4400/5962  loss=0.2510  acc=0.8649  lr0=1.94e-06 lr1=9.70e-05
06:22:37 INFO   e3 step  4450/5962  loss=0.2512  acc=0.8648  lr0=1.88e-06 lr1=9.39e-05
06:22:44 INFO   e3 step  4500/5962  loss=0.2511  acc=0.8650  lr0=1.82e-06 lr1=9.08e-05
06:22:50 INFO   e3 step  4550/5962  loss=0.2510  acc=0.8649  lr0=1.75e-06 lr1=8.77e-05
06:22:57 INFO   e3 step  4600/5962  loss=0.2511  acc=0.8649  lr0=1.69e-06 lr1=8.46e-05
06:23:03 INFO   e3 step  4650/5962  loss=0.2510  acc=0.8649  lr0=1.63e-06 lr1=8.15e-05
06:23:10 INFO   e3 step  4700/5962  loss=0.2510  acc=0.8648  lr0=1.57e-06 lr1=7.84e-05
06:23:17 INFO   e3 step  4750/5962  loss=0.2508  acc=0.8649  lr0=1.51e-06 lr1=7.53e-05
06:23:23 INFO   e3 step  4800/5962  loss=0.2507  acc=0.8649  lr0=1.44e-06 lr1=7.22e-05
06:23:30 INFO   e3 step  4850/5962  loss=0.2507  acc=0.8650  lr0=1.38e-06 lr1=6.91e-05
06:23:36 INFO   e3 step  4900/5962  loss=0.2504  acc=0.8651  lr0=1.32e-06 lr1=6.60e-05
06:23:43 INFO   e3 step  4950/5962  loss=0.2504  acc=0.8650  lr0=1.26e-06 lr1=6.29e-05
06:23:50 INFO   e3 step  5000/5962  loss=0.2505  acc=0.8649  lr0=1.20e-06 lr1=5.98e-05
06:23:56 INFO   e3 step  5050/5962  loss=0.2506  acc=0.8648  lr0=1.13e-06 lr1=5.67e-05
06:24:03 INFO   e3 step  5100/5962  loss=0.2505  acc=0.8648  lr0=1.07e-06 lr1=5.35e-05
06:24:09 INFO   e3 step  5150/5962  loss=0.2504  acc=0.8648  lr0=1.01e-06 lr1=5.04e-05
06:24:16 INFO   e3 step  5200/5962  loss=0.2505  acc=0.8649  lr0=9.47e-07 lr1=4.73e-05
06:24:22 INFO   e3 step  5250/5962  loss=0.2503  acc=0.8649  lr0=8.85e-07 lr1=4.42e-05
06:24:29 INFO   e3 step  5300/5962  loss=0.2504  acc=0.8649  lr0=8.22e-07 lr1=4.11e-05
06:24:35 INFO   e3 step  5350/5962  loss=0.2504  acc=0.8649  lr0=7.60e-07 lr1=3.80e-05
06:24:42 INFO   e3 step  5400/5962  loss=0.2504  acc=0.8650  lr0=6.98e-07 lr1=3.49e-05
06:24:49 INFO   e3 step  5450/5962  loss=0.2503  acc=0.8650  lr0=6.36e-07 lr1=3.18e-05
06:24:55 INFO   e3 step  5500/5962  loss=0.2502  acc=0.8651  lr0=5.74e-07 lr1=2.87e-05
06:25:02 INFO   e3 step  5550/5962  loss=0.2501  acc=0.8651  lr0=5.12e-07 lr1=2.56e-05
06:25:08 INFO   e3 step  5600/5962  loss=0.2501  acc=0.8651  lr0=4.50e-07 lr1=2.25e-05
06:25:15 INFO   e3 step  5650/5962  loss=0.2500  acc=0.8652  lr0=3.88e-07 lr1=1.94e-05
06:25:21 INFO   e3 step  5700/5962  loss=0.2502  acc=0.8650  lr0=3.26e-07 lr1=1.63e-05
06:25:28 INFO   e3 step  5750/5962  loss=0.2501  acc=0.8651  lr0=2.63e-07 lr1=1.32e-05
06:25:35 INFO   e3 step  5800/5962  loss=0.2499  acc=0.8652  lr0=2.01e-07 lr1=1.01e-05
06:25:41 INFO   e3 step  5850/5962  loss=0.2497  acc=0.8652  lr0=1.39e-07 lr1=6.96e-06
06:25:48 INFO   e3 step  5900/5962  loss=0.2496  acc=0.8653  lr0=7.70e-08 lr1=3.85e-06
06:25:54 INFO   e3 step  5950/5962  loss=0.2496  acc=0.8654  lr0=1.49e-08 lr1=7.45e-07
06:26:09 INFO [epoch 3] train_loss=0.2496 train_acc=0.8653  val_loss=0.7353 val_acc=0.7366 val_auc=0.8244  elapsed=794.3s
06:26:10 INFO   saved best.pt  val_acc=0.7366
06:26:10 INFO loading best.pt for test eval
06:26:27 INFO [test] loss=0.8516  acc=0.7223  auc=0.8020  f1=0.7198
06:26:27 INFO [test] per-tier-pair accuracy:
06:26:27 INFO         T1-T1  n=16004  acc=0.7223
06:26:27 INFO [done] results in runs/classifier/workflow_ajo
