21:55:30 INFO run_dir=/mnt/localssd/automation/internship-causal-embedding/runs/classifier/best_mlp_bge_small
21:55:30 INFO device=cuda  bf16=True
21:55:30 INFO tokenizer <- BAAI/bge-small-en-v1.5
Warning: You are sending unauthenticated requests to the HF Hub. Please set a HF_TOKEN to enable higher rate limits and faster downloads.
21:55:31 INFO scanning max token length across all splits
21:56:43 INFO   observed max tokens=497  -> max_seq_len=524  (scan 72.8s)
21:56:43 INFO loading datasets
21:56:45 INFO   train=110775  val=6004  test=6004
21:56:45 INFO building DirectionalClassifier on BAAI/bge-small-en-v1.5  head_cfg={'head_type': 'mlp', 'hidden_dims': [512, 128], 'dropout': 0.1, 'activation': 'gelu', 'norm': 'layer'}  n_tiers=0
Loading weights:   0%|          | 0/199 [00:00<?, ?it/s]Loading weights: 100%|██████████| 199/199 [00:00<00:00, 8766.95it/s]
Loading weights:   0%|          | 0/199 [00:00<?, ?it/s]Loading weights: 100%|██████████| 199/199 [00:00<00:00, 8686.84it/s]
21:56:47 INFO   hidden_size=384  trainable_params=67,577,089
21:56:47 INFO   total_steps=10386  warmup_steps=1038
21:56:56 INFO   e1 step   100/3462  loss=0.6845  acc=0.6219  lr0=1.93e-06 lr1=9.63e-05
21:57:05 INFO   e1 step   200/3462  loss=0.6101  acc=0.6758  lr0=3.85e-06 lr1=1.93e-04
21:57:13 INFO   e1 step   300/3462  loss=0.5470  acc=0.7191  lr0=5.78e-06 lr1=2.89e-04
21:57:22 INFO   e1 step   400/3462  loss=0.5045  acc=0.7472  lr0=7.71e-06 lr1=3.85e-04
21:57:30 INFO   e1 step   500/3462  loss=0.4744  acc=0.7651  lr0=9.63e-06 lr1=4.82e-04
21:57:40 INFO   e1 step   600/3462  loss=0.4459  acc=0.7813  lr0=1.16e-05 lr1=5.78e-04
21:57:49 INFO   e1 step   700/3462  loss=0.4206  acc=0.7965  lr0=1.35e-05 lr1=6.74e-04
21:57:57 INFO   e1 step   800/3462  loss=0.3971  acc=0.8097  lr0=1.54e-05 lr1=7.71e-04
21:58:05 INFO   e1 step   900/3462  loss=0.3772  acc=0.8210  lr0=1.73e-05 lr1=8.67e-04
21:58:13 INFO   e1 step  1000/3462  loss=0.3584  acc=0.8312  lr0=1.93e-05 lr1=9.63e-04
21:58:21 INFO   e1 step  1100/3462  loss=0.3433  acc=0.8397  lr0=1.99e-05 lr1=9.93e-04
21:58:29 INFO   e1 step  1200/3462  loss=0.3305  acc=0.8466  lr0=1.97e-05 lr1=9.83e-04
21:58:37 INFO   e1 step  1300/3462  loss=0.3163  acc=0.8540  lr0=1.94e-05 lr1=9.72e-04
21:58:45 INFO   e1 step  1400/3462  loss=0.3044  acc=0.8604  lr0=1.92e-05 lr1=9.61e-04
21:58:54 INFO   e1 step  1500/3462  loss=0.2918  acc=0.8666  lr0=1.90e-05 lr1=9.51e-04
21:59:02 INFO   e1 step  1600/3462  loss=0.2810  acc=0.8723  lr0=1.88e-05 lr1=9.40e-04
21:59:11 INFO   e1 step  1700/3462  loss=0.2712  acc=0.8771  lr0=1.86e-05 lr1=9.29e-04
21:59:19 INFO   e1 step  1800/3462  loss=0.2615  acc=0.8818  lr0=1.84e-05 lr1=9.18e-04
21:59:28 INFO   e1 step  1900/3462  loss=0.2528  acc=0.8863  lr0=1.82e-05 lr1=9.08e-04
21:59:37 INFO   e1 step  2000/3462  loss=0.2440  acc=0.8908  lr0=1.79e-05 lr1=8.97e-04
21:59:45 INFO   e1 step  2100/3462  loss=0.2361  acc=0.8946  lr0=1.77e-05 lr1=8.86e-04
21:59:54 INFO   e1 step  2200/3462  loss=0.2295  acc=0.8978  lr0=1.75e-05 lr1=8.76e-04
22:00:02 INFO   e1 step  2300/3462  loss=0.2227  acc=0.9010  lr0=1.73e-05 lr1=8.65e-04
22:00:10 INFO   e1 step  2400/3462  loss=0.2163  acc=0.9040  lr0=1.71e-05 lr1=8.54e-04
22:00:18 INFO   e1 step  2500/3462  loss=0.2104  acc=0.9070  lr0=1.69e-05 lr1=8.44e-04
22:00:26 INFO   e1 step  2600/3462  loss=0.2046  acc=0.9097  lr0=1.67e-05 lr1=8.33e-04
22:00:34 INFO   e1 step  2700/3462  loss=0.2000  acc=0.9120  lr0=1.64e-05 lr1=8.22e-04
22:00:42 INFO   e1 step  2800/3462  loss=0.1946  acc=0.9145  lr0=1.62e-05 lr1=8.12e-04
22:00:50 INFO   e1 step  2900/3462  loss=0.1902  acc=0.9167  lr0=1.60e-05 lr1=8.01e-04
22:00:58 INFO   e1 step  3000/3462  loss=0.1857  acc=0.9188  lr0=1.58e-05 lr1=7.90e-04
22:01:07 INFO   e1 step  3100/3462  loss=0.1809  acc=0.9209  lr0=1.56e-05 lr1=7.79e-04
22:01:16 INFO   e1 step  3200/3462  loss=0.1769  acc=0.9227  lr0=1.54e-05 lr1=7.69e-04
22:01:24 INFO   e1 step  3300/3462  loss=0.1730  acc=0.9244  lr0=1.52e-05 lr1=7.58e-04
22:01:33 INFO   e1 step  3400/3462  loss=0.1693  acc=0.9261  lr0=1.49e-05 lr1=7.47e-04
22:01:42 INFO [epoch 1] train_loss=0.1671 train_acc=0.9271  val_loss=0.7209 val_acc=0.8718 val_auc=0.9271  elapsed=295.3s
22:01:43 INFO   saved best.pt  val_acc=0.8718
22:01:52 INFO   e2 step   100/3462  loss=0.0419  acc=0.9850  lr0=1.46e-05 lr1=7.30e-04
22:02:00 INFO   e2 step   200/3462  loss=0.0383  acc=0.9852  lr0=1.44e-05 lr1=7.19e-04
22:02:08 INFO   e2 step   300/3462  loss=0.0388  acc=0.9845  lr0=1.42e-05 lr1=7.09e-04
22:02:17 INFO   e2 step   400/3462  loss=0.0384  acc=0.9847  lr0=1.40e-05 lr1=6.98e-04
22:02:26 INFO   e2 step   500/3462  loss=0.0390  acc=0.9845  lr0=1.37e-05 lr1=6.87e-04
22:02:34 INFO   e2 step   600/3462  loss=0.0375  acc=0.9851  lr0=1.35e-05 lr1=6.77e-04
22:02:43 INFO   e2 step   700/3462  loss=0.0379  acc=0.9848  lr0=1.33e-05 lr1=6.66e-04
22:02:51 INFO   e2 step   800/3462  loss=0.0374  acc=0.9850  lr0=1.31e-05 lr1=6.55e-04
22:03:00 INFO   e2 step   900/3462  loss=0.0370  acc=0.9852  lr0=1.29e-05 lr1=6.44e-04
22:03:09 INFO   e2 step  1000/3462  loss=0.0363  acc=0.9854  lr0=1.27e-05 lr1=6.34e-04
22:03:17 INFO   e2 step  1100/3462  loss=0.0361  acc=0.9853  lr0=1.25e-05 lr1=6.23e-04
22:03:26 INFO   e2 step  1200/3462  loss=0.0354  acc=0.9855  lr0=1.22e-05 lr1=6.12e-04
22:03:35 INFO   e2 step  1300/3462  loss=0.0346  acc=0.9858  lr0=1.20e-05 lr1=6.02e-04
22:03:43 INFO   e2 step  1400/3462  loss=0.0345  acc=0.9859  lr0=1.18e-05 lr1=5.91e-04
22:03:52 INFO   e2 step  1500/3462  loss=0.0344  acc=0.9858  lr0=1.16e-05 lr1=5.80e-04
22:04:01 INFO   e2 step  1600/3462  loss=0.0338  acc=0.9861  lr0=1.14e-05 lr1=5.70e-04
22:04:09 INFO   e2 step  1700/3462  loss=0.0332  acc=0.9863  lr0=1.12e-05 lr1=5.59e-04
22:04:18 INFO   e2 step  1800/3462  loss=0.0331  acc=0.9863  lr0=1.10e-05 lr1=5.48e-04
22:04:26 INFO   e2 step  1900/3462  loss=0.0327  acc=0.9865  lr0=1.07e-05 lr1=5.37e-04
22:04:35 INFO   e2 step  2000/3462  loss=0.0325  acc=0.9866  lr0=1.05e-05 lr1=5.27e-04
22:04:44 INFO   e2 step  2100/3462  loss=0.0322  acc=0.9866  lr0=1.03e-05 lr1=5.16e-04
22:04:52 INFO   e2 step  2200/3462  loss=0.0323  acc=0.9866  lr0=1.01e-05 lr1=5.05e-04
22:05:01 INFO   e2 step  2300/3462  loss=0.0322  acc=0.9866  lr0=9.89e-06 lr1=4.95e-04
22:05:10 INFO   e2 step  2400/3462  loss=0.0317  acc=0.9868  lr0=9.68e-06 lr1=4.84e-04
22:05:18 INFO   e2 step  2500/3462  loss=0.0318  acc=0.9868  lr0=9.47e-06 lr1=4.73e-04
22:05:27 INFO   e2 step  2600/3462  loss=0.0317  acc=0.9868  lr0=9.25e-06 lr1=4.63e-04
22:05:36 INFO   e2 step  2700/3462  loss=0.0313  acc=0.9869  lr0=9.04e-06 lr1=4.52e-04
22:05:44 INFO   e2 step  2800/3462  loss=0.0309  acc=0.9870  lr0=8.82e-06 lr1=4.41e-04
22:05:53 INFO   e2 step  2900/3462  loss=0.0307  acc=0.9871  lr0=8.61e-06 lr1=4.30e-04
22:06:01 INFO   e2 step  3000/3462  loss=0.0304  acc=0.9872  lr0=8.40e-06 lr1=4.20e-04
22:06:09 INFO   e2 step  3100/3462  loss=0.0301  acc=0.9873  lr0=8.18e-06 lr1=4.09e-04
22:06:18 INFO   e2 step  3200/3462  loss=0.0300  acc=0.9874  lr0=7.97e-06 lr1=3.98e-04
22:06:26 INFO   e2 step  3300/3462  loss=0.0296  acc=0.9875  lr0=7.75e-06 lr1=3.88e-04
22:06:34 INFO   e2 step  3400/3462  loss=0.0293  acc=0.9876  lr0=7.54e-06 lr1=3.77e-04
22:06:43 INFO [epoch 2] train_loss=0.0291 train_acc=0.9876  val_loss=0.8319 val_acc=0.8841 val_auc=0.9258  elapsed=300.5s
22:06:44 INFO   saved best.pt  val_acc=0.8841
22:06:52 INFO   e3 step   100/3462  loss=0.0180  acc=0.9894  lr0=7.19e-06 lr1=3.60e-04
22:07:01 INFO   e3 step   200/3462  loss=0.0188  acc=0.9902  lr0=6.98e-06 lr1=3.49e-04
22:07:09 INFO   e3 step   300/3462  loss=0.0186  acc=0.9901  lr0=6.77e-06 lr1=3.38e-04
22:07:17 INFO   e3 step   400/3462  loss=0.0181  acc=0.9902  lr0=6.55e-06 lr1=3.28e-04
22:07:25 INFO   e3 step   500/3462  loss=0.0184  acc=0.9904  lr0=6.34e-06 lr1=3.17e-04
22:07:34 INFO   e3 step   600/3462  loss=0.0179  acc=0.9904  lr0=6.12e-06 lr1=3.06e-04
22:07:42 INFO   e3 step   700/3462  loss=0.0178  acc=0.9902  lr0=5.91e-06 lr1=2.95e-04
22:07:51 INFO   e3 step   800/3462  loss=0.0177  acc=0.9902  lr0=5.70e-06 lr1=2.85e-04
22:07:59 INFO   e3 step   900/3462  loss=0.0179  acc=0.9900  lr0=5.48e-06 lr1=2.74e-04
22:08:07 INFO   e3 step  1000/3462  loss=0.0182  acc=0.9900  lr0=5.27e-06 lr1=2.63e-04
22:08:15 INFO   e3 step  1100/3462  loss=0.0184  acc=0.9899  lr0=5.05e-06 lr1=2.53e-04
22:08:23 INFO   e3 step  1200/3462  loss=0.0181  acc=0.9903  lr0=4.84e-06 lr1=2.42e-04
22:08:31 INFO   e3 step  1300/3462  loss=0.0181  acc=0.9904  lr0=4.63e-06 lr1=2.31e-04
22:08:40 INFO   e3 step  1400/3462  loss=0.0179  acc=0.9905  lr0=4.41e-06 lr1=2.21e-04
22:08:48 INFO   e3 step  1500/3462  loss=0.0177  acc=0.9906  lr0=4.20e-06 lr1=2.10e-04
22:08:56 INFO   e3 step  1600/3462  loss=0.0180  acc=0.9904  lr0=3.98e-06 lr1=1.99e-04
22:09:04 INFO   e3 step  1700/3462  loss=0.0180  acc=0.9905  lr0=3.77e-06 lr1=1.88e-04
22:09:13 INFO   e3 step  1800/3462  loss=0.0178  acc=0.9906  lr0=3.56e-06 lr1=1.78e-04
22:09:21 INFO   e3 step  1900/3462  loss=0.0178  acc=0.9906  lr0=3.34e-06 lr1=1.67e-04
22:09:30 INFO   e3 step  2000/3462  loss=0.0178  acc=0.9906  lr0=3.13e-06 lr1=1.56e-04
22:09:38 INFO   e3 step  2100/3462  loss=0.0178  acc=0.9907  lr0=2.91e-06 lr1=1.46e-04
22:09:46 INFO   e3 step  2200/3462  loss=0.0179  acc=0.9906  lr0=2.70e-06 lr1=1.35e-04
22:09:55 INFO   e3 step  2300/3462  loss=0.0178  acc=0.9905  lr0=2.49e-06 lr1=1.24e-04
22:10:03 INFO   e3 step  2400/3462  loss=0.0178  acc=0.9906  lr0=2.27e-06 lr1=1.14e-04
22:10:11 INFO   e3 step  2500/3462  loss=0.0177  acc=0.9906  lr0=2.06e-06 lr1=1.03e-04
22:10:19 INFO   e3 step  2600/3462  loss=0.0177  acc=0.9906  lr0=1.84e-06 lr1=9.22e-05
22:10:28 INFO   e3 step  2700/3462  loss=0.0177  acc=0.9906  lr0=1.63e-06 lr1=8.15e-05
22:10:36 INFO   e3 step  2800/3462  loss=0.0176  acc=0.9906  lr0=1.42e-06 lr1=7.08e-05
22:10:44 INFO   e3 step  2900/3462  loss=0.0174  acc=0.9907  lr0=1.20e-06 lr1=6.01e-05
22:10:52 INFO   e3 step  3000/3462  loss=0.0175  acc=0.9906  lr0=9.88e-07 lr1=4.94e-05
22:11:01 INFO   e3 step  3100/3462  loss=0.0174  acc=0.9907  lr0=7.74e-07 lr1=3.87e-05
22:11:09 INFO   e3 step  3200/3462  loss=0.0174  acc=0.9907  lr0=5.61e-07 lr1=2.80e-05
22:11:18 INFO   e3 step  3300/3462  loss=0.0172  acc=0.9907  lr0=3.47e-07 lr1=1.73e-05
22:11:26 INFO   e3 step  3400/3462  loss=0.0173  acc=0.9907  lr0=1.33e-07 lr1=6.63e-06
22:11:35 INFO [epoch 3] train_loss=0.0172 train_acc=0.9907  val_loss=0.8747 val_acc=0.8904 val_auc=0.9318  elapsed=291.0s
22:11:35 INFO   saved best.pt  val_acc=0.8904
22:11:36 INFO loading best.pt for test eval
22:11:40 INFO [test] loss=1.1182  acc=0.8571  auc=0.9031  f1=0.8558
22:11:40 INFO [test] per-tier-pair accuracy:
22:11:40 INFO         T1-T2  n=    2  acc=0.0000
22:11:40 INFO         T1-T3  n=   10  acc=0.5000
22:11:40 INFO         T1-T4  n=    8  acc=0.7500
22:11:40 INFO         T1-T5  n=   20  acc=0.5000
22:11:40 INFO         T1-T6  n=   64  acc=0.6875
22:11:40 INFO         T1-T7  n=    6  acc=1.0000
22:11:40 INFO         T1-T8  n=   36  acc=0.9167
22:11:40 INFO         T1-T9  n=   12  acc=1.0000
22:11:40 INFO        T1-T10  n=    4  acc=1.0000
22:11:40 INFO        T1-T11  n=   24  acc=0.9583
22:11:40 INFO        T1-T12  n=    8  acc=1.0000
22:11:40 INFO        T1-T13  n=    8  acc=1.0000
22:11:40 INFO        T1-T14  n=    2  acc=1.0000
22:11:40 INFO        T1-T15  n=   28  acc=0.9643
22:11:40 INFO         T2-T3  n=    5  acc=1.0000
22:11:40 INFO         T2-T4  n=    4  acc=1.0000
22:11:40 INFO         T2-T5  n=   10  acc=1.0000
22:11:40 INFO         T2-T6  n=   32  acc=1.0000
22:11:40 INFO         T2-T7  n=    3  acc=1.0000
22:11:40 INFO         T2-T8  n=   18  acc=1.0000
22:11:40 INFO         T2-T9  n=    6  acc=1.0000
22:11:40 INFO        T2-T10  n=    2  acc=1.0000
22:11:40 INFO        T2-T11  n=   12  acc=1.0000
22:11:40 INFO        T2-T12  n=    4  acc=1.0000
22:11:40 INFO        T2-T13  n=    4  acc=1.0000
22:11:40 INFO        T2-T14  n=    1  acc=1.0000
22:11:40 INFO        T2-T15  n=   14  acc=1.0000
22:11:40 INFO         T3-T4  n=   20  acc=0.8500
22:11:40 INFO         T3-T5  n=   50  acc=0.7000
22:11:40 INFO         T3-T6  n=  160  acc=0.7500
22:11:40 INFO         T3-T7  n=   15  acc=0.8000
22:11:40 INFO         T3-T8  n=   90  acc=0.7444
22:11:40 INFO         T3-T9  n=   30  acc=0.6667
22:11:40 INFO        T3-T10  n=   10  acc=0.6000
22:11:40 INFO        T3-T11  n=   60  acc=0.8833
22:11:40 INFO        T3-T12  n=   20  acc=1.0000
22:11:40 INFO        T3-T13  n=   20  acc=1.0000
22:11:40 INFO        T3-T14  n=    5  acc=0.8000
22:11:40 INFO        T3-T15  n=   70  acc=0.9714
22:11:40 INFO         T4-T5  n=   40  acc=0.3500
22:11:40 INFO         T4-T6  n=  128  acc=0.4688
22:11:40 INFO         T4-T7  n=   12  acc=0.8333
22:11:40 INFO         T4-T8  n=   72  acc=0.6806
22:11:40 INFO         T4-T9  n=   24  acc=0.7083
22:11:40 INFO        T4-T10  n=    8  acc=0.6250
22:11:40 INFO        T4-T11  n=   48  acc=0.7500
22:11:40 INFO        T4-T12  n=   16  acc=1.0000
22:11:40 INFO        T4-T13  n=   16  acc=0.9375
22:11:40 INFO        T4-T14  n=    4  acc=0.5000
22:11:40 INFO        T4-T15  n=   56  acc=0.8571
22:11:40 INFO         T5-T6  n=  320  acc=0.7875
22:11:40 INFO         T5-T7  n=   30  acc=0.9667
22:11:40 INFO         T5-T8  n=  180  acc=0.9944
22:11:40 INFO         T5-T9  n=   60  acc=1.0000
22:11:40 INFO        T5-T10  n=   20  acc=1.0000
22:11:40 INFO        T5-T11  n=  120  acc=0.9500
22:11:40 INFO        T5-T12  n=   40  acc=1.0000
22:11:40 INFO        T5-T13  n=   40  acc=1.0000
22:11:40 INFO        T5-T14  n=   10  acc=1.0000
22:11:40 INFO        T5-T15  n=  140  acc=0.9357
22:11:40 INFO         T6-T7  n=   96  acc=0.9479
22:11:40 INFO         T6-T8  n=  576  acc=0.9306
22:11:40 INFO         T6-T9  n=  192  acc=0.9479
22:11:40 INFO        T6-T10  n=   64  acc=0.8750
22:11:40 INFO        T6-T11  n=  384  acc=0.8828
22:11:40 INFO        T6-T12  n=  128  acc=0.9922
22:11:40 INFO        T6-T13  n=  128  acc=1.0000
22:11:40 INFO        T6-T14  n=   32  acc=0.9062
22:11:40 INFO        T6-T15  n=  448  acc=0.9174
22:11:40 INFO         T7-T8  n=   54  acc=0.6111
22:11:40 INFO         T7-T9  n=   18  acc=0.6111
22:11:40 INFO        T7-T10  n=    6  acc=0.5000
22:11:40 INFO        T7-T11  n=   36  acc=0.6111
22:11:40 INFO        T7-T12  n=   12  acc=0.6667
22:11:40 INFO        T7-T13  n=   12  acc=0.6667
22:11:40 INFO        T7-T14  n=    3  acc=0.3333
22:11:40 INFO        T7-T15  n=   42  acc=0.7619
22:11:40 INFO         T8-T9  n=  108  acc=0.8148
22:11:40 INFO        T8-T10  n=   36  acc=0.7500
22:11:40 INFO        T8-T11  n=  216  acc=0.8426
22:11:40 INFO        T8-T12  n=   72  acc=0.9861
22:11:40 INFO        T8-T13  n=   72  acc=0.9861
22:11:40 INFO        T8-T14  n=   18  acc=0.0556
22:11:40 INFO        T8-T15  n=  252  acc=0.8254
22:11:40 INFO        T9-T10  n=   12  acc=0.7500
22:11:40 INFO        T9-T11  n=   72  acc=0.7361
22:11:40 INFO        T9-T12  n=   24  acc=0.9583
22:11:40 INFO        T9-T13  n=   24  acc=1.0000
22:11:40 INFO        T9-T14  n=    6  acc=0.0000
22:11:40 INFO        T9-T15  n=   84  acc=0.8452
22:11:40 INFO       T10-T11  n=   24  acc=0.7917
22:11:40 INFO       T10-T12  n=    8  acc=1.0000
22:11:40 INFO       T10-T13  n=    8  acc=1.0000
22:11:40 INFO       T10-T14  n=    2  acc=0.0000
22:11:40 INFO       T10-T15  n=   28  acc=0.9286
22:11:40 INFO       T11-T12  n=   48  acc=0.8333
22:11:40 INFO       T11-T13  n=   48  acc=1.0000
22:11:40 INFO       T11-T14  n=   12  acc=0.0833
22:11:40 INFO       T11-T15  n=  168  acc=0.8631
22:11:40 INFO       T12-T13  n=   16  acc=1.0000
22:11:40 INFO       T12-T14  n=    4  acc=0.0000
22:11:40 INFO       T12-T15  n=   56  acc=0.7857
22:11:40 INFO       T13-T14  n=    4  acc=0.0000
22:11:40 INFO       T13-T15  n=   56  acc=0.7321
22:11:40 INFO       T14-T15  n=   14  acc=0.9286
22:11:40 INFO [done] results in /mnt/localssd/automation/internship-causal-embedding/runs/classifier/best_mlp_bge_small
