[train] dataset=qrecc total_steps=4460 warmup=267 batch_size=32 epochs=10 max_length=256 params=194,537,473  loss=listwise_softmax(group=5)  early_stop=(thresh 0.002, patience 3)
  step=   200/4460  loss=0.9976  lr=1.50e-05  epoch=1
  step=   400/4460  loss=0.8744  lr=1.94e-05  epoch=1
[epoch 1/10]  train_loss=1.1115  val_AUC=0.9481  val_P@1=0.8520  (168s)
  * new best val_P@1=0.8520, saved checkpoint_best.pt
  step=   600/4460  loss=1.0082  lr=1.84e-05  epoch=2
  step=   800/4460  loss=0.8737  lr=1.75e-05  epoch=2
[epoch 2/10]  train_loss=0.8517  val_AUC=0.9548  val_P@1=0.8747  (334s)
  * new best val_P@1=0.8747, saved checkpoint_best.pt
  step=  1000/4460  loss=0.5524  lr=1.65e-05  epoch=3
  step=  1200/4460  loss=0.4653  lr=1.55e-05  epoch=3
[epoch 3/10]  train_loss=0.6942  val_AUC=0.9556  val_P@1=0.8773  (503s)
  * new best val_P@1=0.8773, saved checkpoint_best.pt
  step=  1400/4460  loss=0.9250  lr=1.46e-05  epoch=4
  step=  1600/4460  loss=0.5936  lr=1.36e-05  epoch=4
[epoch 4/10]  train_loss=0.5860  val_AUC=0.9532  val_P@1=0.8707  (672s)
  no improvement (best_P@1=0.8773, bad_epochs=1/3)
  step=  1800/4460  loss=0.3203  lr=1.27e-05  epoch=5
  step=  2000/4460  loss=0.4268  lr=1.17e-05  epoch=5
  step=  2200/4460  loss=0.2272  lr=1.08e-05  epoch=5
[epoch 5/10]  train_loss=0.5137  val_AUC=0.9526  val_P@1=0.8680  (839s)
  no improvement (best_P@1=0.8773, bad_epochs=2/3)
  step=  2400/4460  loss=0.4840  lr=9.83e-06  epoch=6
  step=  2600/4460  loss=0.3050  lr=8.87e-06  epoch=6
[epoch 6/10]  train_loss=0.4630  val_AUC=0.9484  val_P@1=0.8733  (1006s)
  no improvement (best_P@1=0.8773, bad_epochs=3/3)
[early stop] no val-P@1 improvement for 3 epochs.

[done]  best val_P@1=0.8773  stopped_early=True
  best:   /mnt/localssd/new_base_line/internship-causal-embedding/my_work/kl/cross_encoder_2x/results/qrecc/checkpoint_best.pt
  latest: /mnt/localssd/new_base_line/internship-causal-embedding/my_work/kl/cross_encoder_2x/results/qrecc/checkpoint_latest.pt
