10:27:10 INFO run_dir=/mnt/localssd/crossencoder_sweep/runs/ajo_doc_not_tier1/bge-large-en-v1.5
10:27:10 INFO device=cuda:0  bf16=True  physical_gpu=2  CUDA_VISIBLE_DEVICES=2
10:27:10 INFO dataset=ajo_doc_not_tier1  model=bge-large-en-v1.5  backbone=BAAI/bge-large-en-v1.5
10:27:10 INFO tokenizer <- BAAI/bge-large-en-v1.5
10:27:10 INFO split files: ['directional_train.jsonl', 'directional_val.jsonl', 'directional_test.jsonl']
10:27:10 INFO scanning max JOINT token length across all splits ...
10:29:32 INFO   observed_max_joint=512 -> max_seq_len=512 (cap=512, scan=141.3s)
10:29:32 INFO loading datasets ...
10:29:33 INFO   schema=standard  train=88000  val=11200  test=11200
10:29:33 INFO building CrossEncoderClassifier  backbone=BAAI/bge-large-en-v1.5
10:29:35 INFO   hidden_size=1024  trainable_params=335,142,913
10:29:35 INFO   total_steps=22000  warmup_steps=2200
10:29:45 INFO   e1 step    50/5500  loss=0.7222  acc=0.5025  lr0=4.55e-07 lr1=2.27e-05
10:29:53 INFO   e1 step   100/5500  loss=0.7210  acc=0.4994  lr0=9.09e-07 lr1=4.55e-05
10:30:02 INFO   e1 step   150/5500  loss=0.7195  acc=0.4996  lr0=1.36e-06 lr1=6.82e-05
10:30:11 INFO   e1 step   200/5500  loss=0.7184  acc=0.5012  lr0=1.82e-06 lr1=9.09e-05
10:30:20 INFO   e1 step   250/5500  loss=0.7176  acc=0.4990  lr0=2.27e-06 lr1=1.14e-04
10:30:29 INFO   e1 step   300/5500  loss=0.7173  acc=0.5010  lr0=2.73e-06 lr1=1.36e-04
10:30:38 INFO   e1 step   350/5500  loss=0.7154  acc=0.5029  lr0=3.18e-06 lr1=1.59e-04
10:30:47 INFO   e1 step   400/5500  loss=0.7160  acc=0.4998  lr0=3.64e-06 lr1=1.82e-04
10:30:56 INFO   e1 step   450/5500  loss=0.7148  acc=0.5004  lr0=4.09e-06 lr1=2.05e-04
10:31:05 INFO   e1 step   500/5500  loss=0.7148  acc=0.5004  lr0=4.55e-06 lr1=2.27e-04
10:31:14 INFO   e1 step   550/5500  loss=0.7144  acc=0.4999  lr0=5.00e-06 lr1=2.50e-04
10:31:22 INFO   e1 step   600/5500  loss=0.7143  acc=0.4990  lr0=5.45e-06 lr1=2.73e-04
10:31:31 INFO   e1 step   650/5500  loss=0.7127  acc=0.5022  lr0=5.91e-06 lr1=2.95e-04
10:31:40 INFO   e1 step   700/5500  loss=0.7116  acc=0.5056  lr0=6.36e-06 lr1=3.18e-04
10:31:49 INFO   e1 step   750/5500  loss=0.7119  acc=0.5068  lr0=6.82e-06 lr1=3.41e-04
10:31:58 INFO   e1 step   800/5500  loss=0.7116  acc=0.5071  lr0=7.27e-06 lr1=3.64e-04
10:32:07 INFO   e1 step   850/5500  loss=0.7105  acc=0.5090  lr0=7.73e-06 lr1=3.86e-04
10:32:16 INFO   e1 step   900/5500  loss=0.7103  acc=0.5087  lr0=8.18e-06 lr1=4.09e-04
10:32:25 INFO   e1 step   950/5500  loss=0.7119  acc=0.5091  lr0=8.64e-06 lr1=4.32e-04
10:32:34 INFO   e1 step  1000/5500  loss=0.7124  acc=0.5083  lr0=9.09e-06 lr1=4.55e-04
10:32:42 INFO   e1 step  1050/5500  loss=0.7129  acc=0.5083  lr0=9.55e-06 lr1=4.77e-04
10:32:51 INFO   e1 step  1100/5500  loss=0.7130  acc=0.5073  lr0=1.00e-05 lr1=5.00e-04
10:33:00 INFO   e1 step  1150/5500  loss=0.7135  acc=0.5072  lr0=1.05e-05 lr1=5.23e-04
10:33:09 INFO   e1 step  1200/5500  loss=0.7133  acc=0.5068  lr0=1.09e-05 lr1=5.45e-04
10:33:18 INFO   e1 step  1250/5500  loss=0.7130  acc=0.5062  lr0=1.14e-05 lr1=5.68e-04
10:33:27 INFO   e1 step  1300/5500  loss=0.7132  acc=0.5053  lr0=1.18e-05 lr1=5.91e-04
10:33:36 INFO   e1 step  1350/5500  loss=0.7133  acc=0.5054  lr0=1.23e-05 lr1=6.14e-04
10:33:45 INFO   e1 step  1400/5500  loss=0.7130  acc=0.5056  lr0=1.27e-05 lr1=6.36e-04
10:33:54 INFO   e1 step  1450/5500  loss=0.7131  acc=0.5048  lr0=1.32e-05 lr1=6.59e-04
10:34:03 INFO   e1 step  1500/5500  loss=0.7130  acc=0.5040  lr0=1.36e-05 lr1=6.82e-04
10:34:12 INFO   e1 step  1550/5500  loss=0.7129  acc=0.5045  lr0=1.41e-05 lr1=7.05e-04
10:34:20 INFO   e1 step  1600/5500  loss=0.7124  acc=0.5055  lr0=1.45e-05 lr1=7.27e-04
10:34:29 INFO   e1 step  1650/5500  loss=0.7122  acc=0.5061  lr0=1.50e-05 lr1=7.50e-04
10:34:38 INFO   e1 step  1700/5500  loss=0.7121  acc=0.5062  lr0=1.55e-05 lr1=7.73e-04
10:34:47 INFO   e1 step  1750/5500  loss=0.7121  acc=0.5061  lr0=1.59e-05 lr1=7.95e-04
10:34:56 INFO   e1 step  1800/5500  loss=0.7121  acc=0.5071  lr0=1.64e-05 lr1=8.18e-04
10:35:05 INFO   e1 step  1850/5500  loss=0.7136  acc=0.5074  lr0=1.68e-05 lr1=8.41e-04
10:35:14 INFO   e1 step  1900/5500  loss=0.7142  acc=0.5067  lr0=1.73e-05 lr1=8.64e-04
10:35:23 INFO   e1 step  1950/5500  loss=0.7146  acc=0.5069  lr0=1.77e-05 lr1=8.86e-04
10:35:32 INFO   e1 step  2000/5500  loss=0.7154  acc=0.5070  lr0=1.82e-05 lr1=9.09e-04
10:35:41 INFO   e1 step  2050/5500  loss=0.7154  acc=0.5069  lr0=1.86e-05 lr1=9.32e-04
10:35:49 INFO   e1 step  2100/5500  loss=0.7154  acc=0.5071  lr0=1.91e-05 lr1=9.55e-04
10:35:58 INFO   e1 step  2150/5500  loss=0.7155  acc=0.5071  lr0=1.95e-05 lr1=9.77e-04
10:36:07 INFO   e1 step  2200/5500  loss=0.7156  acc=0.5076  lr0=2.00e-05 lr1=1.00e-03
10:36:16 INFO   e1 step  2250/5500  loss=0.7159  acc=0.5072  lr0=1.99e-05 lr1=9.97e-04
10:36:25 INFO   e1 step  2300/5500  loss=0.7163  acc=0.5071  lr0=1.99e-05 lr1=9.95e-04
10:36:34 INFO   e1 step  2350/5500  loss=0.7163  acc=0.5071  lr0=1.98e-05 lr1=9.92e-04
10:36:43 INFO   e1 step  2400/5500  loss=0.7162  acc=0.5070  lr0=1.98e-05 lr1=9.90e-04
10:36:52 INFO   e1 step  2450/5500  loss=0.7166  acc=0.5065  lr0=1.97e-05 lr1=9.87e-04
10:37:00 INFO   e1 step  2500/5500  loss=0.7166  acc=0.5068  lr0=1.97e-05 lr1=9.85e-04
10:37:09 INFO   e1 step  2550/5500  loss=0.7168  acc=0.5065  lr0=1.96e-05 lr1=9.82e-04
10:37:18 INFO   e1 step  2600/5500  loss=0.7170  acc=0.5071  lr0=1.96e-05 lr1=9.80e-04
10:37:27 INFO   e1 step  2650/5500  loss=0.7170  acc=0.5071  lr0=1.95e-05 lr1=9.77e-04
10:37:36 INFO   e1 step  2700/5500  loss=0.7170  acc=0.5066  lr0=1.95e-05 lr1=9.75e-04
10:37:45 INFO   e1 step  2750/5500  loss=0.7173  acc=0.5064  lr0=1.94e-05 lr1=9.72e-04
10:37:54 INFO   e1 step  2800/5500  loss=0.7173  acc=0.5063  lr0=1.94e-05 lr1=9.70e-04
10:38:03 INFO   e1 step  2850/5500  loss=0.7172  acc=0.5062  lr0=1.93e-05 lr1=9.67e-04
10:38:12 INFO   e1 step  2900/5500  loss=0.7172  acc=0.5060  lr0=1.93e-05 lr1=9.65e-04
10:38:21 INFO   e1 step  2950/5500  loss=0.7177  acc=0.5058  lr0=1.92e-05 lr1=9.62e-04
10:38:29 INFO   e1 step  3000/5500  loss=0.7176  acc=0.5061  lr0=1.92e-05 lr1=9.60e-04
10:38:38 INFO   e1 step  3050/5500  loss=0.7180  acc=0.5058  lr0=1.91e-05 lr1=9.57e-04
10:38:47 INFO   e1 step  3100/5500  loss=0.7179  acc=0.5058  lr0=1.91e-05 lr1=9.55e-04
10:38:56 INFO   e1 step  3150/5500  loss=0.7178  acc=0.5053  lr0=1.90e-05 lr1=9.52e-04
10:39:05 INFO   e1 step  3200/5500  loss=0.7179  acc=0.5047  lr0=1.90e-05 lr1=9.49e-04
10:39:14 INFO   e1 step  3250/5500  loss=0.7178  acc=0.5046  lr0=1.89e-05 lr1=9.47e-04
10:39:23 INFO   e1 step  3300/5500  loss=0.7178  acc=0.5041  lr0=1.89e-05 lr1=9.44e-04
10:39:32 INFO   e1 step  3350/5500  loss=0.7176  acc=0.5041  lr0=1.88e-05 lr1=9.42e-04
10:39:40 INFO   e1 step  3400/5500  loss=0.7177  acc=0.5038  lr0=1.88e-05 lr1=9.39e-04
10:39:49 INFO   e1 step  3450/5500  loss=0.7177  acc=0.5041  lr0=1.87e-05 lr1=9.37e-04
10:39:58 INFO   e1 step  3500/5500  loss=0.7179  acc=0.5039  lr0=1.87e-05 lr1=9.34e-04
10:40:07 INFO   e1 step  3550/5500  loss=0.7177  acc=0.5039  lr0=1.86e-05 lr1=9.32e-04
10:40:16 INFO   e1 step  3600/5500  loss=0.7178  acc=0.5041  lr0=1.86e-05 lr1=9.29e-04
10:40:25 INFO   e1 step  3650/5500  loss=0.7177  acc=0.5041  lr0=1.85e-05 lr1=9.27e-04
10:40:34 INFO   e1 step  3700/5500  loss=0.7177  acc=0.5042  lr0=1.85e-05 lr1=9.24e-04
10:40:43 INFO   e1 step  3750/5500  loss=0.7176  acc=0.5042  lr0=1.84e-05 lr1=9.22e-04
10:40:52 INFO   e1 step  3800/5500  loss=0.7176  acc=0.5042  lr0=1.84e-05 lr1=9.19e-04
10:41:00 INFO   e1 step  3850/5500  loss=0.7176  acc=0.5043  lr0=1.83e-05 lr1=9.17e-04
10:41:09 INFO   e1 step  3900/5500  loss=0.7174  acc=0.5045  lr0=1.83e-05 lr1=9.14e-04
10:41:18 INFO   e1 step  3950/5500  loss=0.7175  acc=0.5043  lr0=1.82e-05 lr1=9.12e-04
10:41:27 INFO   e1 step  4000/5500  loss=0.7175  acc=0.5043  lr0=1.82e-05 lr1=9.09e-04
10:41:36 INFO   e1 step  4050/5500  loss=0.7173  acc=0.5047  lr0=1.81e-05 lr1=9.07e-04
10:41:45 INFO   e1 step  4100/5500  loss=0.7171  acc=0.5048  lr0=1.81e-05 lr1=9.04e-04
10:41:54 INFO   e1 step  4150/5500  loss=0.7171  acc=0.5049  lr0=1.80e-05 lr1=9.02e-04
10:42:03 INFO   e1 step  4200/5500  loss=0.7170  acc=0.5047  lr0=1.80e-05 lr1=8.99e-04
10:42:12 INFO   e1 step  4250/5500  loss=0.7169  acc=0.5046  lr0=1.79e-05 lr1=8.96e-04
10:42:21 INFO   e1 step  4300/5500  loss=0.7168  acc=0.5040  lr0=1.79e-05 lr1=8.94e-04
10:42:29 INFO   e1 step  4350/5500  loss=0.7168  acc=0.5040  lr0=1.78e-05 lr1=8.91e-04
10:42:38 INFO   e1 step  4400/5500  loss=0.7170  acc=0.5042  lr0=1.78e-05 lr1=8.89e-04
10:42:47 INFO   e1 step  4450/5500  loss=0.7169  acc=0.5043  lr0=1.77e-05 lr1=8.86e-04
10:42:56 INFO   e1 step  4500/5500  loss=0.7168  acc=0.5041  lr0=1.77e-05 lr1=8.84e-04
10:43:05 INFO   e1 step  4550/5500  loss=0.7166  acc=0.5046  lr0=1.76e-05 lr1=8.81e-04
10:43:14 INFO   e1 step  4600/5500  loss=0.7166  acc=0.5047  lr0=1.76e-05 lr1=8.79e-04
10:43:23 INFO   e1 step  4650/5500  loss=0.7165  acc=0.5049  lr0=1.75e-05 lr1=8.76e-04
10:43:32 INFO   e1 step  4700/5500  loss=0.7164  acc=0.5049  lr0=1.75e-05 lr1=8.74e-04
10:43:41 INFO   e1 step  4750/5500  loss=0.7163  acc=0.5052  lr0=1.74e-05 lr1=8.71e-04
10:43:49 INFO   e1 step  4800/5500  loss=0.7163  acc=0.5053  lr0=1.74e-05 lr1=8.69e-04
10:43:58 INFO   e1 step  4850/5500  loss=0.7162  acc=0.5053  lr0=1.73e-05 lr1=8.66e-04
10:44:07 INFO   e1 step  4900/5500  loss=0.7162  acc=0.5051  lr0=1.73e-05 lr1=8.64e-04
10:44:16 INFO   e1 step  4950/5500  loss=0.7163  acc=0.5045  lr0=1.72e-05 lr1=8.61e-04
10:44:25 INFO   e1 step  5000/5500  loss=0.7163  acc=0.5042  lr0=1.72e-05 lr1=8.59e-04
10:44:34 INFO   e1 step  5050/5500  loss=0.7162  acc=0.5040  lr0=1.71e-05 lr1=8.56e-04
10:44:43 INFO   e1 step  5100/5500  loss=0.7162  acc=0.5037  lr0=1.71e-05 lr1=8.54e-04
10:44:52 INFO   e1 step  5150/5500  loss=0.7161  acc=0.5036  lr0=1.70e-05 lr1=8.51e-04
10:45:01 INFO   e1 step  5200/5500  loss=0.7161  acc=0.5033  lr0=1.70e-05 lr1=8.48e-04
10:45:09 INFO   e1 step  5250/5500  loss=0.7160  acc=0.5031  lr0=1.69e-05 lr1=8.46e-04
10:45:18 INFO   e1 step  5300/5500  loss=0.7159  acc=0.5031  lr0=1.69e-05 lr1=8.43e-04
10:45:27 INFO   e1 step  5350/5500  loss=0.7158  acc=0.5028  lr0=1.68e-05 lr1=8.41e-04
10:45:36 INFO   e1 step  5400/5500  loss=0.7157  acc=0.5028  lr0=1.68e-05 lr1=8.38e-04
10:45:45 INFO   e1 step  5450/5500  loss=0.7156  acc=0.5029  lr0=1.67e-05 lr1=8.36e-04
10:45:54 INFO   e1 step  5500/5500  loss=0.7155  acc=0.5029  lr0=1.67e-05 lr1=8.33e-04
10:46:22 INFO [epoch 1] train_loss=0.7155 train_acc=0.5029  val_loss=0.7035 val_acc=0.4966 val_auc=0.5000  elapsed=1007.6s
10:46:24 INFO   saved best.pt  val_acc=0.4966
10:46:33 INFO   e2 step    50/5500  loss=0.7105  acc=0.5000  lr0=1.66e-05 lr1=8.31e-04
10:46:42 INFO   e2 step   100/5500  loss=0.7137  acc=0.4869  lr0=1.66e-05 lr1=8.28e-04
10:46:51 INFO   e2 step   150/5500  loss=0.7089  acc=0.4946  lr0=1.65e-05 lr1=8.26e-04
10:47:00 INFO   e2 step   200/5500  loss=0.7093  acc=0.4959  lr0=1.65e-05 lr1=8.23e-04
10:47:09 INFO   e2 step   250/5500  loss=0.7094  acc=0.4990  lr0=1.64e-05 lr1=8.21e-04
10:47:18 INFO   e2 step   300/5500  loss=0.7108  acc=0.5023  lr0=1.64e-05 lr1=8.18e-04
10:47:27 INFO   e2 step   350/5500  loss=0.7102  acc=0.5027  lr0=1.63e-05 lr1=8.16e-04
10:47:35 INFO   e2 step   400/5500  loss=0.7097  acc=0.5062  lr0=1.63e-05 lr1=8.13e-04
10:47:44 INFO   e2 step   450/5500  loss=0.7081  acc=0.5096  lr0=1.62e-05 lr1=8.11e-04
10:47:53 INFO   e2 step   500/5500  loss=0.7089  acc=0.5099  lr0=1.62e-05 lr1=8.08e-04
10:48:02 INFO   e2 step   550/5500  loss=0.7083  acc=0.5093  lr0=1.61e-05 lr1=8.06e-04
10:48:11 INFO   e2 step   600/5500  loss=0.7074  acc=0.5106  lr0=1.61e-05 lr1=8.03e-04
10:48:20 INFO   e2 step   650/5500  loss=0.7070  acc=0.5091  lr0=1.60e-05 lr1=8.01e-04
10:48:29 INFO   e2 step   700/5500  loss=0.7064  acc=0.5083  lr0=1.60e-05 lr1=7.98e-04
10:48:38 INFO   e2 step   750/5500  loss=0.7065  acc=0.5059  lr0=1.59e-05 lr1=7.95e-04
10:48:47 INFO   e2 step   800/5500  loss=0.7066  acc=0.5060  lr0=1.59e-05 lr1=7.93e-04
10:48:56 INFO   e2 step   850/5500  loss=0.7063  acc=0.5061  lr0=1.58e-05 lr1=7.90e-04
10:49:04 INFO   e2 step   900/5500  loss=0.7063  acc=0.5060  lr0=1.58e-05 lr1=7.88e-04
10:49:13 INFO   e2 step   950/5500  loss=0.7076  acc=0.5038  lr0=1.57e-05 lr1=7.85e-04
10:49:22 INFO   e2 step  1000/5500  loss=0.7078  acc=0.5027  lr0=1.57e-05 lr1=7.83e-04
10:49:31 INFO   e2 step  1050/5500  loss=0.7079  acc=0.5015  lr0=1.56e-05 lr1=7.80e-04
10:49:40 INFO   e2 step  1100/5500  loss=0.7076  acc=0.5024  lr0=1.56e-05 lr1=7.78e-04
10:49:49 INFO   e2 step  1150/5500  loss=0.7074  acc=0.5023  lr0=1.55e-05 lr1=7.75e-04
10:49:58 INFO   e2 step  1200/5500  loss=0.7075  acc=0.5025  lr0=1.55e-05 lr1=7.73e-04
10:50:07 INFO   e2 step  1250/5500  loss=0.7075  acc=0.5026  lr0=1.54e-05 lr1=7.70e-04
10:50:16 INFO   e2 step  1300/5500  loss=0.7074  acc=0.5011  lr0=1.54e-05 lr1=7.68e-04
10:50:25 INFO   e2 step  1350/5500  loss=0.7078  acc=0.5015  lr0=1.53e-05 lr1=7.65e-04
10:50:33 INFO   e2 step  1400/5500  loss=0.7080  acc=0.5012  lr0=1.53e-05 lr1=7.63e-04
10:50:42 INFO   e2 step  1450/5500  loss=0.7079  acc=0.5005  lr0=1.52e-05 lr1=7.60e-04
10:50:51 INFO   e2 step  1500/5500  loss=0.7078  acc=0.5008  lr0=1.52e-05 lr1=7.58e-04
10:51:00 INFO   e2 step  1550/5500  loss=0.7083  acc=0.5000  lr0=1.51e-05 lr1=7.55e-04
10:51:09 INFO   e2 step  1600/5500  loss=0.7080  acc=0.5009  lr0=1.51e-05 lr1=7.53e-04
10:51:18 INFO   e2 step  1650/5500  loss=0.7082  acc=0.5011  lr0=1.50e-05 lr1=7.50e-04
10:51:27 INFO   e2 step  1700/5500  loss=0.7081  acc=0.5014  lr0=1.49e-05 lr1=7.47e-04
10:51:36 INFO   e2 step  1750/5500  loss=0.7081  acc=0.5015  lr0=1.49e-05 lr1=7.45e-04
10:51:45 INFO   e2 step  1800/5500  loss=0.7079  acc=0.5025  lr0=1.48e-05 lr1=7.42e-04
10:51:54 INFO   e2 step  1850/5500  loss=0.7079  acc=0.5025  lr0=1.48e-05 lr1=7.40e-04
10:52:02 INFO   e2 step  1900/5500  loss=0.7078  acc=0.5027  lr0=1.47e-05 lr1=7.37e-04
10:52:11 INFO   e2 step  1950/5500  loss=0.7081  acc=0.5018  lr0=1.47e-05 lr1=7.35e-04
10:52:20 INFO   e2 step  2000/5500  loss=0.7081  acc=0.5012  lr0=1.46e-05 lr1=7.32e-04
10:52:29 INFO   e2 step  2050/5500  loss=0.7080  acc=0.5012  lr0=1.46e-05 lr1=7.30e-04
10:52:38 INFO   e2 step  2100/5500  loss=0.7077  acc=0.5012  lr0=1.45e-05 lr1=7.27e-04
10:52:47 INFO   e2 step  2150/5500  loss=0.7076  acc=0.5012  lr0=1.45e-05 lr1=7.25e-04
10:52:56 INFO   e2 step  2200/5500  loss=0.7076  acc=0.5011  lr0=1.44e-05 lr1=7.22e-04
10:53:05 INFO   e2 step  2250/5500  loss=0.7078  acc=0.5006  lr0=1.44e-05 lr1=7.20e-04
10:53:14 INFO   e2 step  2300/5500  loss=0.7076  acc=0.5007  lr0=1.43e-05 lr1=7.17e-04
10:53:23 INFO   e2 step  2350/5500  loss=0.7077  acc=0.5009  lr0=1.43e-05 lr1=7.15e-04
10:53:32 INFO   e2 step  2400/5500  loss=0.7078  acc=0.5007  lr0=1.42e-05 lr1=7.12e-04
10:53:40 INFO   e2 step  2450/5500  loss=0.7078  acc=0.5006  lr0=1.42e-05 lr1=7.10e-04
10:53:49 INFO   e2 step  2500/5500  loss=0.7077  acc=0.5004  lr0=1.41e-05 lr1=7.07e-04
10:53:58 INFO   e2 step  2550/5500  loss=0.7077  acc=0.4999  lr0=1.41e-05 lr1=7.05e-04
10:54:07 INFO   e2 step  2600/5500  loss=0.7075  acc=0.5000  lr0=1.40e-05 lr1=7.02e-04
10:54:16 INFO   e2 step  2650/5500  loss=0.7073  acc=0.5006  lr0=1.40e-05 lr1=6.99e-04
10:54:25 INFO   e2 step  2700/5500  loss=0.7072  acc=0.5007  lr0=1.39e-05 lr1=6.97e-04
10:54:34 INFO   e2 step  2750/5500  loss=0.7072  acc=0.5009  lr0=1.39e-05 lr1=6.94e-04
10:54:43 INFO   e2 step  2800/5500  loss=0.7072  acc=0.5005  lr0=1.38e-05 lr1=6.92e-04
10:54:52 INFO   e2 step  2850/5500  loss=0.7073  acc=0.5007  lr0=1.38e-05 lr1=6.89e-04
10:55:01 INFO   e2 step  2900/5500  loss=0.7073  acc=0.5005  lr0=1.37e-05 lr1=6.87e-04
10:55:10 INFO   e2 step  2950/5500  loss=0.7074  acc=0.5001  lr0=1.37e-05 lr1=6.84e-04
10:55:19 INFO   e2 step  3000/5500  loss=0.7072  acc=0.5008  lr0=1.36e-05 lr1=6.82e-04
10:55:28 INFO   e2 step  3050/5500  loss=0.7071  acc=0.5008  lr0=1.36e-05 lr1=6.79e-04
10:55:37 INFO   e2 step  3100/5500  loss=0.7069  acc=0.5013  lr0=1.35e-05 lr1=6.77e-04
10:55:45 INFO   e2 step  3150/5500  loss=0.7068  acc=0.5014  lr0=1.35e-05 lr1=6.74e-04
10:55:54 INFO   e2 step  3200/5500  loss=0.7067  acc=0.5013  lr0=1.34e-05 lr1=6.72e-04
10:56:03 INFO   e2 step  3250/5500  loss=0.7066  acc=0.5011  lr0=1.34e-05 lr1=6.69e-04
10:56:12 INFO   e2 step  3300/5500  loss=0.7065  acc=0.5011  lr0=1.33e-05 lr1=6.67e-04
10:56:21 INFO   e2 step  3350/5500  loss=0.7065  acc=0.5006  lr0=1.33e-05 lr1=6.64e-04
10:56:30 INFO   e2 step  3400/5500  loss=0.7065  acc=0.5004  lr0=1.32e-05 lr1=6.62e-04
10:56:39 INFO   e2 step  3450/5500  loss=0.7064  acc=0.5005  lr0=1.32e-05 lr1=6.59e-04
10:56:48 INFO   e2 step  3500/5500  loss=0.7063  acc=0.5004  lr0=1.31e-05 lr1=6.57e-04
10:56:57 INFO   e2 step  3550/5500  loss=0.7063  acc=0.5004  lr0=1.31e-05 lr1=6.54e-04
10:57:06 INFO   e2 step  3600/5500  loss=0.7064  acc=0.5006  lr0=1.30e-05 lr1=6.52e-04
10:57:15 INFO   e2 step  3650/5500  loss=0.7063  acc=0.5008  lr0=1.30e-05 lr1=6.49e-04
10:57:23 INFO   e2 step  3700/5500  loss=0.7062  acc=0.5010  lr0=1.29e-05 lr1=6.46e-04
10:57:32 INFO   e2 step  3750/5500  loss=0.7061  acc=0.5008  lr0=1.29e-05 lr1=6.44e-04
10:57:41 INFO   e2 step  3800/5500  loss=0.7061  acc=0.5007  lr0=1.28e-05 lr1=6.41e-04
10:57:50 INFO   e2 step  3850/5500  loss=0.7060  acc=0.5007  lr0=1.28e-05 lr1=6.39e-04
10:57:59 INFO   e2 step  3900/5500  loss=0.7059  acc=0.5010  lr0=1.27e-05 lr1=6.36e-04
10:58:08 INFO   e2 step  3950/5500  loss=0.7059  acc=0.5011  lr0=1.27e-05 lr1=6.34e-04
10:58:17 INFO   e2 step  4000/5500  loss=0.7058  acc=0.5013  lr0=1.26e-05 lr1=6.31e-04
10:58:26 INFO   e2 step  4050/5500  loss=0.7058  acc=0.5010  lr0=1.26e-05 lr1=6.29e-04
10:58:35 INFO   e2 step  4100/5500  loss=0.7058  acc=0.5012  lr0=1.25e-05 lr1=6.26e-04
10:58:44 INFO   e2 step  4150/5500  loss=0.7057  acc=0.5011  lr0=1.25e-05 lr1=6.24e-04
10:58:53 INFO   e2 step  4200/5500  loss=0.7057  acc=0.5012  lr0=1.24e-05 lr1=6.21e-04
10:59:01 INFO   e2 step  4250/5500  loss=0.7057  acc=0.5012  lr0=1.24e-05 lr1=6.19e-04
10:59:10 INFO   e2 step  4300/5500  loss=0.7056  acc=0.5011  lr0=1.23e-05 lr1=6.16e-04
10:59:19 INFO   e2 step  4350/5500  loss=0.7056  acc=0.5010  lr0=1.23e-05 lr1=6.14e-04
10:59:28 INFO   e2 step  4400/5500  loss=0.7056  acc=0.5009  lr0=1.22e-05 lr1=6.11e-04
10:59:37 INFO   e2 step  4450/5500  loss=0.7056  acc=0.5007  lr0=1.22e-05 lr1=6.09e-04
10:59:46 INFO   e2 step  4500/5500  loss=0.7056  acc=0.5005  lr0=1.21e-05 lr1=6.06e-04
10:59:55 INFO   e2 step  4550/5500  loss=0.7055  acc=0.5003  lr0=1.21e-05 lr1=6.04e-04
11:00:04 INFO   e2 step  4600/5500  loss=0.7055  acc=0.5004  lr0=1.20e-05 lr1=6.01e-04
11:00:13 INFO   e2 step  4650/5500  loss=0.7055  acc=0.5002  lr0=1.20e-05 lr1=5.98e-04
11:00:22 INFO   e2 step  4700/5500  loss=0.7055  acc=0.5000  lr0=1.19e-05 lr1=5.96e-04
11:00:31 INFO   e2 step  4750/5500  loss=0.7054  acc=0.5004  lr0=1.19e-05 lr1=5.93e-04
11:00:40 INFO   e2 step  4800/5500  loss=0.7053  acc=0.5004  lr0=1.18e-05 lr1=5.91e-04
11:00:48 INFO   e2 step  4850/5500  loss=0.7052  acc=0.5007  lr0=1.18e-05 lr1=5.88e-04
11:00:57 INFO   e2 step  4900/5500  loss=0.7051  acc=0.5008  lr0=1.17e-05 lr1=5.86e-04
11:01:06 INFO   e2 step  4950/5500  loss=0.7050  acc=0.5009  lr0=1.17e-05 lr1=5.83e-04
11:01:15 INFO   e2 step  5000/5500  loss=0.7050  acc=0.5008  lr0=1.16e-05 lr1=5.81e-04
11:01:24 INFO   e2 step  5050/5500  loss=0.7050  acc=0.5009  lr0=1.16e-05 lr1=5.78e-04
11:01:33 INFO   e2 step  5100/5500  loss=0.7049  acc=0.5009  lr0=1.15e-05 lr1=5.76e-04
11:01:42 INFO   e2 step  5150/5500  loss=0.7049  acc=0.5008  lr0=1.15e-05 lr1=5.73e-04
11:01:51 INFO   e2 step  5200/5500  loss=0.7048  acc=0.5008  lr0=1.14e-05 lr1=5.71e-04
11:02:00 INFO   e2 step  5250/5500  loss=0.7048  acc=0.5007  lr0=1.14e-05 lr1=5.68e-04
11:02:09 INFO   e2 step  5300/5500  loss=0.7047  acc=0.5006  lr0=1.13e-05 lr1=5.66e-04
11:02:18 INFO   e2 step  5350/5500  loss=0.7047  acc=0.5004  lr0=1.13e-05 lr1=5.63e-04
11:02:26 INFO   e2 step  5400/5500  loss=0.7046  acc=0.5005  lr0=1.12e-05 lr1=5.61e-04
11:02:35 INFO   e2 step  5450/5500  loss=0.7046  acc=0.5006  lr0=1.12e-05 lr1=5.58e-04
11:02:44 INFO   e2 step  5500/5500  loss=0.7045  acc=0.5006  lr0=1.11e-05 lr1=5.56e-04
11:03:13 INFO [epoch 2] train_loss=0.7045 train_acc=0.5006  val_loss=0.6932 val_acc=0.4966 val_auc=0.5000  elapsed=1008.5s
11:03:22 INFO   e3 step    50/5500  loss=0.7036  acc=0.4562  lr0=1.11e-05 lr1=5.53e-04
11:03:31 INFO   e3 step   100/5500  loss=0.6996  acc=0.4956  lr0=1.10e-05 lr1=5.51e-04
11:03:40 INFO   e3 step   150/5500  loss=0.6980  acc=0.5017  lr0=1.10e-05 lr1=5.48e-04
11:03:48 INFO   e3 step   200/5500  loss=0.6994  acc=0.5006  lr0=1.09e-05 lr1=5.45e-04
11:03:57 INFO   e3 step   250/5500  loss=0.6994  acc=0.5002  lr0=1.09e-05 lr1=5.43e-04
11:04:06 INFO   e3 step   300/5500  loss=0.6992  acc=0.5025  lr0=1.08e-05 lr1=5.40e-04
11:04:15 INFO   e3 step   350/5500  loss=0.6986  acc=0.5041  lr0=1.08e-05 lr1=5.38e-04
11:04:24 INFO   e3 step   400/5500  loss=0.6989  acc=0.5053  lr0=1.07e-05 lr1=5.35e-04
11:04:33 INFO   e3 step   450/5500  loss=0.6988  acc=0.5050  lr0=1.07e-05 lr1=5.33e-04
11:04:42 INFO   e3 step   500/5500  loss=0.6983  acc=0.5051  lr0=1.06e-05 lr1=5.30e-04
11:04:51 INFO   e3 step   550/5500  loss=0.6991  acc=0.5033  lr0=1.06e-05 lr1=5.28e-04
11:05:00 INFO   e3 step   600/5500  loss=0.6994  acc=0.5033  lr0=1.05e-05 lr1=5.25e-04
11:05:09 INFO   e3 step   650/5500  loss=0.6994  acc=0.5021  lr0=1.05e-05 lr1=5.23e-04
11:05:18 INFO   e3 step   700/5500  loss=0.6994  acc=0.5009  lr0=1.04e-05 lr1=5.20e-04
11:05:26 INFO   e3 step   750/5500  loss=0.6993  acc=0.5009  lr0=1.04e-05 lr1=5.18e-04
11:05:35 INFO   e3 step   800/5500  loss=0.6987  acc=0.5038  lr0=1.03e-05 lr1=5.15e-04
11:05:44 INFO   e3 step   850/5500  loss=0.6991  acc=0.5021  lr0=1.03e-05 lr1=5.13e-04
11:05:53 INFO   e3 step   900/5500  loss=0.6992  acc=0.5016  lr0=1.02e-05 lr1=5.10e-04
11:06:02 INFO   e3 step   950/5500  loss=0.6992  acc=0.5015  lr0=1.02e-05 lr1=5.08e-04
11:06:11 INFO   e3 step  1000/5500  loss=0.6992  acc=0.5019  lr0=1.01e-05 lr1=5.05e-04
11:06:20 INFO   e3 step  1050/5500  loss=0.6990  acc=0.5018  lr0=1.01e-05 lr1=5.03e-04
11:06:29 INFO   e3 step  1100/5500  loss=0.6989  acc=0.5006  lr0=1.00e-05 lr1=5.00e-04
11:06:38 INFO   e3 step  1150/5500  loss=0.6988  acc=0.5018  lr0=9.95e-06 lr1=4.97e-04
11:06:47 INFO   e3 step  1200/5500  loss=0.6992  acc=0.5001  lr0=9.90e-06 lr1=4.95e-04
11:06:56 INFO   e3 step  1250/5500  loss=0.6993  acc=0.5003  lr0=9.85e-06 lr1=4.92e-04
11:07:04 INFO   e3 step  1300/5500  loss=0.6993  acc=0.5012  lr0=9.80e-06 lr1=4.90e-04
11:07:13 INFO   e3 step  1350/5500  loss=0.6993  acc=0.5011  lr0=9.75e-06 lr1=4.87e-04
11:07:22 INFO   e3 step  1400/5500  loss=0.6993  acc=0.5000  lr0=9.70e-06 lr1=4.85e-04
11:07:31 INFO   e3 step  1450/5500  loss=0.6993  acc=0.5002  lr0=9.65e-06 lr1=4.82e-04
11:07:40 INFO   e3 step  1500/5500  loss=0.6992  acc=0.5010  lr0=9.60e-06 lr1=4.80e-04
11:07:49 INFO   e3 step  1550/5500  loss=0.6994  acc=0.5000  lr0=9.55e-06 lr1=4.77e-04
11:07:58 INFO   e3 step  1600/5500  loss=0.6994  acc=0.5004  lr0=9.49e-06 lr1=4.75e-04
11:08:07 INFO   e3 step  1650/5500  loss=0.6994  acc=0.5001  lr0=9.44e-06 lr1=4.72e-04
11:08:16 INFO   e3 step  1700/5500  loss=0.6993  acc=0.5007  lr0=9.39e-06 lr1=4.70e-04
11:08:25 INFO   e3 step  1750/5500  loss=0.6995  acc=0.5001  lr0=9.34e-06 lr1=4.67e-04
11:08:33 INFO   e3 step  1800/5500  loss=0.6994  acc=0.5006  lr0=9.29e-06 lr1=4.65e-04
11:08:42 INFO   e3 step  1850/5500  loss=0.6992  acc=0.5007  lr0=9.24e-06 lr1=4.62e-04
11:08:51 INFO   e3 step  1900/5500  loss=0.6995  acc=0.5002  lr0=9.19e-06 lr1=4.60e-04
11:09:00 INFO   e3 step  1950/5500  loss=0.6996  acc=0.5002  lr0=9.14e-06 lr1=4.57e-04
11:09:09 INFO   e3 step  2000/5500  loss=0.6994  acc=0.5008  lr0=9.09e-06 lr1=4.55e-04
11:09:18 INFO   e3 step  2050/5500  loss=0.6993  acc=0.5012  lr0=9.04e-06 lr1=4.52e-04
11:09:27 INFO   e3 step  2100/5500  loss=0.6993  acc=0.5017  lr0=8.99e-06 lr1=4.49e-04
11:09:36 INFO   e3 step  2150/5500  loss=0.6994  acc=0.5013  lr0=8.94e-06 lr1=4.47e-04
11:09:45 INFO   e3 step  2200/5500  loss=0.6994  acc=0.5009  lr0=8.89e-06 lr1=4.44e-04
11:09:54 INFO   e3 step  2250/5500  loss=0.6994  acc=0.5008  lr0=8.84e-06 lr1=4.42e-04
11:10:03 INFO   e3 step  2300/5500  loss=0.6994  acc=0.5003  lr0=8.79e-06 lr1=4.39e-04
11:10:11 INFO   e3 step  2350/5500  loss=0.6994  acc=0.5003  lr0=8.74e-06 lr1=4.37e-04
11:10:20 INFO   e3 step  2400/5500  loss=0.6995  acc=0.5006  lr0=8.69e-06 lr1=4.34e-04
11:10:29 INFO   e3 step  2450/5500  loss=0.6993  acc=0.5009  lr0=8.64e-06 lr1=4.32e-04
11:10:38 INFO   e3 step  2500/5500  loss=0.6993  acc=0.5005  lr0=8.59e-06 lr1=4.29e-04
11:10:47 INFO   e3 step  2550/5500  loss=0.6993  acc=0.5001  lr0=8.54e-06 lr1=4.27e-04
11:10:56 INFO   e3 step  2600/5500  loss=0.6994  acc=0.5001  lr0=8.48e-06 lr1=4.24e-04
11:11:05 INFO   e3 step  2650/5500  loss=0.6994  acc=0.5000  lr0=8.43e-06 lr1=4.22e-04
11:11:14 INFO   e3 step  2700/5500  loss=0.6994  acc=0.5002  lr0=8.38e-06 lr1=4.19e-04
11:11:22 INFO   e3 step  2750/5500  loss=0.6995  acc=0.4995  lr0=8.33e-06 lr1=4.17e-04
11:11:31 INFO   e3 step  2800/5500  loss=0.6994  acc=0.4998  lr0=8.28e-06 lr1=4.14e-04
11:11:40 INFO   e3 step  2850/5500  loss=0.6993  acc=0.4999  lr0=8.23e-06 lr1=4.12e-04
11:11:49 INFO   e3 step  2900/5500  loss=0.6993  acc=0.4996  lr0=8.18e-06 lr1=4.09e-04
11:11:58 INFO   e3 step  2950/5500  loss=0.6994  acc=0.4997  lr0=8.13e-06 lr1=4.07e-04
11:12:07 INFO   e3 step  3000/5500  loss=0.6994  acc=0.4994  lr0=8.08e-06 lr1=4.04e-04
11:12:16 INFO   e3 step  3050/5500  loss=0.6994  acc=0.4998  lr0=8.03e-06 lr1=4.02e-04
11:12:25 INFO   e3 step  3100/5500  loss=0.6992  acc=0.5000  lr0=7.98e-06 lr1=3.99e-04
11:12:34 INFO   e3 step  3150/5500  loss=0.6992  acc=0.5001  lr0=7.93e-06 lr1=3.96e-04
11:12:42 INFO   e3 step  3200/5500  loss=0.6991  acc=0.5003  lr0=7.88e-06 lr1=3.94e-04
11:12:51 INFO   e3 step  3250/5500  loss=0.6991  acc=0.5003  lr0=7.83e-06 lr1=3.91e-04
11:13:00 INFO   e3 step  3300/5500  loss=0.6993  acc=0.4997  lr0=7.78e-06 lr1=3.89e-04
11:13:09 INFO   e3 step  3350/5500  loss=0.6994  acc=0.4995  lr0=7.73e-06 lr1=3.86e-04
11:13:18 INFO   e3 step  3400/5500  loss=0.6993  acc=0.4998  lr0=7.68e-06 lr1=3.84e-04
11:13:27 INFO   e3 step  3450/5500  loss=0.6993  acc=0.4996  lr0=7.63e-06 lr1=3.81e-04
11:13:36 INFO   e3 step  3500/5500  loss=0.6993  acc=0.4993  lr0=7.58e-06 lr1=3.79e-04
11:13:45 INFO   e3 step  3550/5500  loss=0.6992  acc=0.4994  lr0=7.53e-06 lr1=3.76e-04
11:13:54 INFO   e3 step  3600/5500  loss=0.6993  acc=0.4994  lr0=7.47e-06 lr1=3.74e-04
11:14:03 INFO   e3 step  3650/5500  loss=0.6992  acc=0.4993  lr0=7.42e-06 lr1=3.71e-04
11:14:12 INFO   e3 step  3700/5500  loss=0.6992  acc=0.4995  lr0=7.37e-06 lr1=3.69e-04
11:14:20 INFO   e3 step  3750/5500  loss=0.6992  acc=0.4995  lr0=7.32e-06 lr1=3.66e-04
11:14:29 INFO   e3 step  3800/5500  loss=0.6991  acc=0.4995  lr0=7.27e-06 lr1=3.64e-04
11:14:38 INFO   e3 step  3850/5500  loss=0.6991  acc=0.4995  lr0=7.22e-06 lr1=3.61e-04
11:14:47 INFO   e3 step  3900/5500  loss=0.6991  acc=0.4994  lr0=7.17e-06 lr1=3.59e-04
11:14:56 INFO   e3 step  3950/5500  loss=0.6991  acc=0.4997  lr0=7.12e-06 lr1=3.56e-04
11:15:05 INFO   e3 step  4000/5500  loss=0.6991  acc=0.4996  lr0=7.07e-06 lr1=3.54e-04
11:15:14 INFO   e3 step  4050/5500  loss=0.6991  acc=0.4996  lr0=7.02e-06 lr1=3.51e-04
11:15:23 INFO   e3 step  4100/5500  loss=0.6990  acc=0.4994  lr0=6.97e-06 lr1=3.48e-04
11:15:31 INFO   e3 step  4150/5500  loss=0.6990  acc=0.4995  lr0=6.92e-06 lr1=3.46e-04
11:15:40 INFO   e3 step  4200/5500  loss=0.6990  acc=0.4996  lr0=6.87e-06 lr1=3.43e-04
11:15:49 INFO   e3 step  4250/5500  loss=0.6990  acc=0.4997  lr0=6.82e-06 lr1=3.41e-04
11:15:58 INFO   e3 step  4300/5500  loss=0.6989  acc=0.5000  lr0=6.77e-06 lr1=3.38e-04
11:16:07 INFO   e3 step  4350/5500  loss=0.6989  acc=0.5000  lr0=6.72e-06 lr1=3.36e-04
11:16:16 INFO   e3 step  4400/5500  loss=0.6989  acc=0.4999  lr0=6.67e-06 lr1=3.33e-04
11:16:25 INFO   e3 step  4450/5500  loss=0.6989  acc=0.5000  lr0=6.62e-06 lr1=3.31e-04
11:16:34 INFO   e3 step  4500/5500  loss=0.6988  acc=0.5003  lr0=6.57e-06 lr1=3.28e-04
11:16:43 INFO   e3 step  4550/5500  loss=0.6987  acc=0.5009  lr0=6.52e-06 lr1=3.26e-04
11:16:52 INFO   e3 step  4600/5500  loss=0.6987  acc=0.5010  lr0=6.46e-06 lr1=3.23e-04
11:17:00 INFO   e3 step  4650/5500  loss=0.6987  acc=0.5013  lr0=6.41e-06 lr1=3.21e-04
11:17:09 INFO   e3 step  4700/5500  loss=0.6987  acc=0.5011  lr0=6.36e-06 lr1=3.18e-04
11:17:18 INFO   e3 step  4750/5500  loss=0.6987  acc=0.5010  lr0=6.31e-06 lr1=3.16e-04
11:17:27 INFO   e3 step  4800/5500  loss=0.6986  acc=0.5011  lr0=6.26e-06 lr1=3.13e-04
11:17:36 INFO   e3 step  4850/5500  loss=0.6986  acc=0.5010  lr0=6.21e-06 lr1=3.11e-04
11:17:45 INFO   e3 step  4900/5500  loss=0.6986  acc=0.5006  lr0=6.16e-06 lr1=3.08e-04
11:17:54 INFO   e3 step  4950/5500  loss=0.6986  acc=0.5008  lr0=6.11e-06 lr1=3.06e-04
11:18:03 INFO   e3 step  5000/5500  loss=0.6986  acc=0.5005  lr0=6.06e-06 lr1=3.03e-04
11:18:12 INFO   e3 step  5050/5500  loss=0.6986  acc=0.5005  lr0=6.01e-06 lr1=3.01e-04
11:18:21 INFO   e3 step  5100/5500  loss=0.6986  acc=0.5006  lr0=5.96e-06 lr1=2.98e-04
11:18:30 INFO   e3 step  5150/5500  loss=0.6986  acc=0.5005  lr0=5.91e-06 lr1=2.95e-04
11:18:39 INFO   e3 step  5200/5500  loss=0.6985  acc=0.5006  lr0=5.86e-06 lr1=2.93e-04
11:18:47 INFO   e3 step  5250/5500  loss=0.6985  acc=0.5004  lr0=5.81e-06 lr1=2.90e-04
11:18:56 INFO   e3 step  5300/5500  loss=0.6985  acc=0.5003  lr0=5.76e-06 lr1=2.88e-04
11:19:05 INFO   e3 step  5350/5500  loss=0.6985  acc=0.5003  lr0=5.71e-06 lr1=2.85e-04
11:19:14 INFO   e3 step  5400/5500  loss=0.6985  acc=0.5004  lr0=5.66e-06 lr1=2.83e-04
11:19:23 INFO   e3 step  5450/5500  loss=0.6985  acc=0.5005  lr0=5.61e-06 lr1=2.80e-04
11:19:32 INFO   e3 step  5500/5500  loss=0.6985  acc=0.5004  lr0=5.56e-06 lr1=2.78e-04
11:20:00 INFO [epoch 3] train_loss=0.6985 train_acc=0.5004  val_loss=0.7012 val_acc=0.4966 val_auc=0.5000  elapsed=1007.7s
11:20:09 INFO   e4 step    50/5500  loss=0.6956  acc=0.5012  lr0=5.51e-06 lr1=2.75e-04
11:20:18 INFO   e4 step   100/5500  loss=0.6946  acc=0.5038  lr0=5.45e-06 lr1=2.73e-04
11:20:27 INFO   e4 step   150/5500  loss=0.6955  acc=0.4963  lr0=5.40e-06 lr1=2.70e-04
11:20:36 INFO   e4 step   200/5500  loss=0.6960  acc=0.4950  lr0=5.35e-06 lr1=2.68e-04
11:20:45 INFO   e4 step   250/5500  loss=0.6968  acc=0.4900  lr0=5.30e-06 lr1=2.65e-04
11:20:54 INFO   e4 step   300/5500  loss=0.6971  acc=0.4913  lr0=5.25e-06 lr1=2.63e-04
11:21:03 INFO   e4 step   350/5500  loss=0.6968  acc=0.4957  lr0=5.20e-06 lr1=2.60e-04
11:21:12 INFO   e4 step   400/5500  loss=0.6967  acc=0.4997  lr0=5.15e-06 lr1=2.58e-04
11:21:20 INFO   e4 step   450/5500  loss=0.6968  acc=0.5006  lr0=5.10e-06 lr1=2.55e-04
11:21:29 INFO   e4 step   500/5500  loss=0.6970  acc=0.4989  lr0=5.05e-06 lr1=2.53e-04
11:21:38 INFO   e4 step   550/5500  loss=0.6973  acc=0.4958  lr0=5.00e-06 lr1=2.50e-04
11:21:47 INFO   e4 step   600/5500  loss=0.6974  acc=0.4965  lr0=4.95e-06 lr1=2.47e-04
11:21:56 INFO   e4 step   650/5500  loss=0.6973  acc=0.4988  lr0=4.90e-06 lr1=2.45e-04
11:22:05 INFO   e4 step   700/5500  loss=0.6968  acc=0.5019  lr0=4.85e-06 lr1=2.42e-04
11:22:14 INFO   e4 step   750/5500  loss=0.6969  acc=0.5013  lr0=4.80e-06 lr1=2.40e-04
11:22:23 INFO   e4 step   800/5500  loss=0.6969  acc=0.5021  lr0=4.75e-06 lr1=2.37e-04
11:22:32 INFO   e4 step   850/5500  loss=0.6969  acc=0.5029  lr0=4.70e-06 lr1=2.35e-04
11:22:41 INFO   e4 step   900/5500  loss=0.6969  acc=0.5017  lr0=4.65e-06 lr1=2.32e-04
11:22:50 INFO   e4 step   950/5500  loss=0.6970  acc=0.5003  lr0=4.60e-06 lr1=2.30e-04
11:22:58 INFO   e4 step  1000/5500  loss=0.6969  acc=0.5014  lr0=4.55e-06 lr1=2.27e-04
11:23:07 INFO   e4 step  1050/5500  loss=0.6969  acc=0.5017  lr0=4.49e-06 lr1=2.25e-04
11:23:16 INFO   e4 step  1100/5500  loss=0.6967  acc=0.5019  lr0=4.44e-06 lr1=2.22e-04
11:23:25 INFO   e4 step  1150/5500  loss=0.6966  acc=0.5023  lr0=4.39e-06 lr1=2.20e-04
11:23:34 INFO   e4 step  1200/5500  loss=0.6966  acc=0.5013  lr0=4.34e-06 lr1=2.17e-04
11:23:43 INFO   e4 step  1250/5500  loss=0.6966  acc=0.5016  lr0=4.29e-06 lr1=2.15e-04
11:23:52 INFO   e4 step  1300/5500  loss=0.6965  acc=0.5023  lr0=4.24e-06 lr1=2.12e-04
11:24:01 INFO   e4 step  1350/5500  loss=0.6964  acc=0.5025  lr0=4.19e-06 lr1=2.10e-04
11:24:09 INFO   e4 step  1400/5500  loss=0.6963  acc=0.5026  lr0=4.14e-06 lr1=2.07e-04
11:24:18 INFO   e4 step  1450/5500  loss=0.6962  acc=0.5036  lr0=4.09e-06 lr1=2.05e-04
11:24:27 INFO   e4 step  1500/5500  loss=0.6962  acc=0.5035  lr0=4.04e-06 lr1=2.02e-04
11:24:36 INFO   e4 step  1550/5500  loss=0.6962  acc=0.5027  lr0=3.99e-06 lr1=1.99e-04
11:24:45 INFO   e4 step  1600/5500  loss=0.6962  acc=0.5030  lr0=3.94e-06 lr1=1.97e-04
11:24:54 INFO   e4 step  1650/5500  loss=0.6962  acc=0.5032  lr0=3.89e-06 lr1=1.94e-04
11:25:03 INFO   e4 step  1700/5500  loss=0.6961  acc=0.5033  lr0=3.84e-06 lr1=1.92e-04
11:25:12 INFO   e4 step  1750/5500  loss=0.6961  acc=0.5035  lr0=3.79e-06 lr1=1.89e-04
11:25:21 INFO   e4 step  1800/5500  loss=0.6959  acc=0.5035  lr0=3.74e-06 lr1=1.87e-04
11:25:30 INFO   e4 step  1850/5500  loss=0.6960  acc=0.5033  lr0=3.69e-06 lr1=1.84e-04
11:25:38 INFO   e4 step  1900/5500  loss=0.6959  acc=0.5040  lr0=3.64e-06 lr1=1.82e-04
11:25:47 INFO   e4 step  1950/5500  loss=0.6958  acc=0.5043  lr0=3.59e-06 lr1=1.79e-04
11:25:56 INFO   e4 step  2000/5500  loss=0.6957  acc=0.5050  lr0=3.54e-06 lr1=1.77e-04
11:26:05 INFO   e4 step  2050/5500  loss=0.6957  acc=0.5049  lr0=3.48e-06 lr1=1.74e-04
11:26:14 INFO   e4 step  2100/5500  loss=0.6957  acc=0.5043  lr0=3.43e-06 lr1=1.72e-04
11:26:23 INFO   e4 step  2150/5500  loss=0.6957  acc=0.5045  lr0=3.38e-06 lr1=1.69e-04
11:26:32 INFO   e4 step  2200/5500  loss=0.6958  acc=0.5042  lr0=3.33e-06 lr1=1.67e-04
11:26:41 INFO   e4 step  2250/5500  loss=0.6957  acc=0.5040  lr0=3.28e-06 lr1=1.64e-04
11:26:50 INFO   e4 step  2300/5500  loss=0.6957  acc=0.5039  lr0=3.23e-06 lr1=1.62e-04
11:26:59 INFO   e4 step  2350/5500  loss=0.6957  acc=0.5036  lr0=3.18e-06 lr1=1.59e-04
11:27:07 INFO   e4 step  2400/5500  loss=0.6957  acc=0.5033  lr0=3.13e-06 lr1=1.57e-04
11:27:16 INFO   e4 step  2450/5500  loss=0.6957  acc=0.5031  lr0=3.08e-06 lr1=1.54e-04
11:27:25 INFO   e4 step  2500/5500  loss=0.6957  acc=0.5033  lr0=3.03e-06 lr1=1.52e-04
11:27:34 INFO   e4 step  2550/5500  loss=0.6956  acc=0.5035  lr0=2.98e-06 lr1=1.49e-04
11:27:43 INFO   e4 step  2600/5500  loss=0.6957  acc=0.5031  lr0=2.93e-06 lr1=1.46e-04
11:27:52 INFO   e4 step  2650/5500  loss=0.6956  acc=0.5030  lr0=2.88e-06 lr1=1.44e-04
11:28:01 INFO   e4 step  2700/5500  loss=0.6957  acc=0.5025  lr0=2.83e-06 lr1=1.41e-04
11:28:10 INFO   e4 step  2750/5500  loss=0.6956  acc=0.5030  lr0=2.78e-06 lr1=1.39e-04
11:28:19 INFO   e4 step  2800/5500  loss=0.6956  acc=0.5033  lr0=2.73e-06 lr1=1.36e-04
11:28:28 INFO   e4 step  2850/5500  loss=0.6956  acc=0.5028  lr0=2.68e-06 lr1=1.34e-04
11:28:37 INFO   e4 step  2900/5500  loss=0.6956  acc=0.5031  lr0=2.63e-06 lr1=1.31e-04
11:28:45 INFO   e4 step  2950/5500  loss=0.6956  acc=0.5032  lr0=2.58e-06 lr1=1.29e-04
11:28:54 INFO   e4 step  3000/5500  loss=0.6956  acc=0.5026  lr0=2.53e-06 lr1=1.26e-04
11:29:03 INFO   e4 step  3050/5500  loss=0.6955  acc=0.5027  lr0=2.47e-06 lr1=1.24e-04
11:29:12 INFO   e4 step  3100/5500  loss=0.6955  acc=0.5027  lr0=2.42e-06 lr1=1.21e-04
11:29:21 INFO   e4 step  3150/5500  loss=0.6955  acc=0.5021  lr0=2.37e-06 lr1=1.19e-04
11:29:30 INFO   e4 step  3200/5500  loss=0.6955  acc=0.5027  lr0=2.32e-06 lr1=1.16e-04
11:29:39 INFO   e4 step  3250/5500  loss=0.6955  acc=0.5024  lr0=2.27e-06 lr1=1.14e-04
11:29:48 INFO   e4 step  3300/5500  loss=0.6955  acc=0.5022  lr0=2.22e-06 lr1=1.11e-04
11:29:57 INFO   e4 step  3350/5500  loss=0.6955  acc=0.5021  lr0=2.17e-06 lr1=1.09e-04
11:30:05 INFO   e4 step  3400/5500  loss=0.6955  acc=0.5022  lr0=2.12e-06 lr1=1.06e-04
11:30:14 INFO   e4 step  3450/5500  loss=0.6955  acc=0.5020  lr0=2.07e-06 lr1=1.04e-04
11:30:23 INFO   e4 step  3500/5500  loss=0.6954  acc=0.5025  lr0=2.02e-06 lr1=1.01e-04
11:30:32 INFO   e4 step  3550/5500  loss=0.6954  acc=0.5025  lr0=1.97e-06 lr1=9.85e-05
11:30:41 INFO   e4 step  3600/5500  loss=0.6954  acc=0.5023  lr0=1.92e-06 lr1=9.60e-05
11:30:50 INFO   e4 step  3650/5500  loss=0.6953  acc=0.5026  lr0=1.87e-06 lr1=9.34e-05
11:30:59 INFO   e4 step  3700/5500  loss=0.6953  acc=0.5023  lr0=1.82e-06 lr1=9.09e-05
11:31:08 INFO   e4 step  3750/5500  loss=0.6953  acc=0.5023  lr0=1.77e-06 lr1=8.84e-05
11:31:17 INFO   e4 step  3800/5500  loss=0.6953  acc=0.5025  lr0=1.72e-06 lr1=8.59e-05
11:31:26 INFO   e4 step  3850/5500  loss=0.6953  acc=0.5025  lr0=1.67e-06 lr1=8.33e-05
11:31:34 INFO   e4 step  3900/5500  loss=0.6953  acc=0.5025  lr0=1.62e-06 lr1=8.08e-05
11:31:43 INFO   e4 step  3950/5500  loss=0.6953  acc=0.5028  lr0=1.57e-06 lr1=7.83e-05
11:31:52 INFO   e4 step  4000/5500  loss=0.6952  acc=0.5032  lr0=1.52e-06 lr1=7.58e-05
11:32:01 INFO   e4 step  4050/5500  loss=0.6952  acc=0.5036  lr0=1.46e-06 lr1=7.32e-05
11:32:10 INFO   e4 step  4100/5500  loss=0.6952  acc=0.5033  lr0=1.41e-06 lr1=7.07e-05
11:32:19 INFO   e4 step  4150/5500  loss=0.6952  acc=0.5027  lr0=1.36e-06 lr1=6.82e-05
11:32:28 INFO   e4 step  4200/5500  loss=0.6952  acc=0.5026  lr0=1.31e-06 lr1=6.57e-05
11:32:37 INFO   e4 step  4250/5500  loss=0.6952  acc=0.5027  lr0=1.26e-06 lr1=6.31e-05
11:32:45 INFO   e4 step  4300/5500  loss=0.6952  acc=0.5025  lr0=1.21e-06 lr1=6.06e-05
11:32:54 INFO   e4 step  4350/5500  loss=0.6952  acc=0.5028  lr0=1.16e-06 lr1=5.81e-05
11:33:03 INFO   e4 step  4400/5500  loss=0.6951  acc=0.5030  lr0=1.11e-06 lr1=5.56e-05
11:33:12 INFO   e4 step  4450/5500  loss=0.6952  acc=0.5028  lr0=1.06e-06 lr1=5.30e-05
11:33:21 INFO   e4 step  4500/5500  loss=0.6951  acc=0.5033  lr0=1.01e-06 lr1=5.05e-05
11:33:30 INFO   e4 step  4550/5500  loss=0.6951  acc=0.5034  lr0=9.60e-07 lr1=4.80e-05
11:33:39 INFO   e4 step  4600/5500  loss=0.6950  acc=0.5040  lr0=9.09e-07 lr1=4.55e-05
11:33:48 INFO   e4 step  4650/5500  loss=0.6950  acc=0.5037  lr0=8.59e-07 lr1=4.29e-05
11:33:57 INFO   e4 step  4700/5500  loss=0.6950  acc=0.5034  lr0=8.08e-07 lr1=4.04e-05
11:34:06 INFO   e4 step  4750/5500  loss=0.6950  acc=0.5035  lr0=7.58e-07 lr1=3.79e-05
11:34:14 INFO   e4 step  4800/5500  loss=0.6950  acc=0.5035  lr0=7.07e-07 lr1=3.54e-05
11:34:23 INFO   e4 step  4850/5500  loss=0.6950  acc=0.5032  lr0=6.57e-07 lr1=3.28e-05
11:34:32 INFO   e4 step  4900/5500  loss=0.6950  acc=0.5032  lr0=6.06e-07 lr1=3.03e-05
11:34:41 INFO   e4 step  4950/5500  loss=0.6950  acc=0.5032  lr0=5.56e-07 lr1=2.78e-05
11:34:50 INFO   e4 step  5000/5500  loss=0.6950  acc=0.5028  lr0=5.05e-07 lr1=2.53e-05
11:34:59 INFO   e4 step  5050/5500  loss=0.6950  acc=0.5026  lr0=4.55e-07 lr1=2.27e-05
11:35:08 INFO   e4 step  5100/5500  loss=0.6950  acc=0.5026  lr0=4.04e-07 lr1=2.02e-05
11:35:17 INFO   e4 step  5150/5500  loss=0.6950  acc=0.5028  lr0=3.54e-07 lr1=1.77e-05
11:35:26 INFO   e4 step  5200/5500  loss=0.6949  acc=0.5028  lr0=3.03e-07 lr1=1.52e-05
11:35:35 INFO   e4 step  5250/5500  loss=0.6949  acc=0.5026  lr0=2.53e-07 lr1=1.26e-05
11:35:44 INFO   e4 step  5300/5500  loss=0.6949  acc=0.5024  lr0=2.02e-07 lr1=1.01e-05
11:35:52 INFO   e4 step  5350/5500  loss=0.6949  acc=0.5024  lr0=1.52e-07 lr1=7.58e-06
11:36:01 INFO   e4 step  5400/5500  loss=0.6949  acc=0.5024  lr0=1.01e-07 lr1=5.05e-06
11:36:10 INFO   e4 step  5450/5500  loss=0.6949  acc=0.5026  lr0=5.05e-08 lr1=2.53e-06
11:36:19 INFO   e4 step  5500/5500  loss=0.6948  acc=0.5028  lr0=0.00e+00 lr1=0.00e+00
11:36:47 INFO [epoch 4] train_loss=0.6948 train_acc=0.5028  val_loss=0.6932 val_acc=0.4966 val_auc=0.5000  elapsed=1007.0s
11:36:49 INFO loading best.pt for test eval
11:37:18 INFO [test] loss=0.7035  acc=0.4966  auc=0.5000  f1=0.0000
11:37:18 INFO [done] run_summary.json written to /mnt/localssd/crossencoder_sweep/runs/ajo_doc_not_tier1/bge-large-en-v1.5
