11:17:20 INFO run_dir=/mnt/localssd/crossencoder_sweep/runs/ajo_newstyle/bge-large-en-v1.5
11:17:20 INFO device=cuda:0  bf16=True  physical_gpu=3  CUDA_VISIBLE_DEVICES=3
11:17:20 INFO dataset=ajo_newstyle  model=bge-large-en-v1.5  backbone=BAAI/bge-large-en-v1.5
11:17:20 INFO tokenizer <- BAAI/bge-large-en-v1.5
11:17:20 INFO split files: ['train.jsonl', 'val.jsonl', 'test.jsonl']
11:17:20 INFO scanning max JOINT token length across all splits ...
11:18:01 INFO   observed_max_joint=512 -> max_seq_len=512 (cap=512, scan=40.5s)
11:18:01 INFO loading datasets ...
11:18:01 INFO   schema=newstyle  train=20897  val=2612  test=2613
11:18:01 INFO building CrossEncoderClassifier  backbone=BAAI/bge-large-en-v1.5
11:18:03 INFO   hidden_size=1024  trainable_params=335,142,913
11:18:03 INFO   total_steps=1304  warmup_steps=78  grad_accum=4  eff_batch=64
11:18:11 INFO   e1 step    50/1307  loss=0.7236  acc=0.5138  lr0=1.54e-06 lr1=1.54e-06
11:18:20 INFO   e1 step   100/1307  loss=0.7264  acc=0.5006  lr0=3.21e-06 lr1=3.21e-06
11:18:28 INFO   e1 step   150/1307  loss=0.7227  acc=0.5004  lr0=4.74e-06 lr1=4.74e-06
11:18:36 INFO   e1 step   200/1307  loss=0.7208  acc=0.5006  lr0=6.41e-06 lr1=6.41e-06
11:18:44 INFO   e1 step   250/1307  loss=0.7201  acc=0.4965  lr0=7.95e-06 lr1=7.95e-06
11:18:52 INFO   e1 step   300/1307  loss=0.7189  acc=0.4967  lr0=9.62e-06 lr1=9.62e-06
11:19:00 INFO   e1 step   350/1307  loss=0.7177  acc=0.4961  lr0=9.93e-06 lr1=9.93e-06
11:19:08 INFO   e1 step   400/1307  loss=0.7176  acc=0.4948  lr0=9.82e-06 lr1=9.82e-06
11:19:17 INFO   e1 step   450/1307  loss=0.7189  acc=0.4965  lr0=9.72e-06 lr1=9.72e-06
11:19:25 INFO   e1 step   500/1307  loss=0.7212  acc=0.4956  lr0=9.62e-06 lr1=9.62e-06
11:19:33 INFO   e1 step   550/1307  loss=0.7203  acc=0.4936  lr0=9.52e-06 lr1=9.52e-06
11:19:41 INFO   e1 step   600/1307  loss=0.7187  acc=0.4963  lr0=9.41e-06 lr1=9.41e-06
11:19:49 INFO   e1 step   650/1307  loss=0.7177  acc=0.4976  lr0=9.31e-06 lr1=9.31e-06
11:19:57 INFO   e1 step   700/1307  loss=0.7165  acc=0.4977  lr0=9.21e-06 lr1=9.21e-06
11:20:06 INFO   e1 step   750/1307  loss=0.7151  acc=0.4999  lr0=9.11e-06 lr1=9.11e-06
11:20:14 INFO   e1 step   800/1307  loss=0.7144  acc=0.5011  lr0=9.00e-06 lr1=9.00e-06
11:20:22 INFO   e1 step   850/1307  loss=0.7136  acc=0.5019  lr0=8.91e-06 lr1=8.91e-06
11:20:30 INFO   e1 step   900/1307  loss=0.7128  acc=0.5013  lr0=8.80e-06 lr1=8.80e-06
11:20:38 INFO   e1 step   950/1307  loss=0.7119  acc=0.5032  lr0=8.70e-06 lr1=8.70e-06
11:20:46 INFO   e1 step  1000/1307  loss=0.7111  acc=0.5043  lr0=8.60e-06 lr1=8.60e-06
11:20:55 INFO   e1 step  1050/1307  loss=0.7104  acc=0.5061  lr0=8.50e-06 lr1=8.50e-06
11:21:03 INFO   e1 step  1100/1307  loss=0.7091  acc=0.5070  lr0=8.39e-06 lr1=8.39e-06
11:21:11 INFO   e1 step  1150/1307  loss=0.7080  acc=0.5088  lr0=8.30e-06 lr1=8.30e-06
11:21:19 INFO   e1 step  1200/1307  loss=0.7070  acc=0.5092  lr0=8.19e-06 lr1=8.19e-06
11:21:27 INFO   e1 step  1250/1307  loss=0.7059  acc=0.5111  lr0=8.09e-06 lr1=8.09e-06
11:21:35 INFO   e1 step  1300/1307  loss=0.7049  acc=0.5118  lr0=7.99e-06 lr1=7.99e-06
11:21:43 INFO [epoch 1] train_loss=0.7049 train_acc=0.5120  val_loss=0.6793 val_acc=0.5264 val_auc=0.5585  elapsed=220.9s
11:21:45 INFO   saved best.pt  val_acc=0.5264
11:21:53 INFO   e2 step    50/1307  loss=0.6714  acc=0.5625  lr0=7.88e-06 lr1=7.88e-06
11:22:01 INFO   e2 step   100/1307  loss=0.6746  acc=0.5587  lr0=7.77e-06 lr1=7.77e-06
11:22:09 INFO   e2 step   150/1307  loss=0.6778  acc=0.5529  lr0=7.68e-06 lr1=7.68e-06
11:22:18 INFO   e2 step   200/1307  loss=0.6760  acc=0.5591  lr0=7.57e-06 lr1=7.57e-06
11:22:26 INFO   e2 step   250/1307  loss=0.6748  acc=0.5577  lr0=7.47e-06 lr1=7.47e-06
11:22:34 INFO   e2 step   300/1307  loss=0.6733  acc=0.5567  lr0=7.37e-06 lr1=7.37e-06
11:22:42 INFO   e2 step   350/1307  loss=0.6723  acc=0.5600  lr0=7.27e-06 lr1=7.27e-06
11:22:50 INFO   e2 step   400/1307  loss=0.6711  acc=0.5605  lr0=7.16e-06 lr1=7.16e-06
11:22:58 INFO   e2 step   450/1307  loss=0.6694  acc=0.5628  lr0=7.06e-06 lr1=7.06e-06
11:23:07 INFO   e2 step   500/1307  loss=0.6706  acc=0.5609  lr0=6.96e-06 lr1=6.96e-06
11:23:15 INFO   e2 step   550/1307  loss=0.6711  acc=0.5576  lr0=6.86e-06 lr1=6.86e-06
11:23:23 INFO   e2 step   600/1307  loss=0.6703  acc=0.5590  lr0=6.75e-06 lr1=6.75e-06
11:23:31 INFO   e2 step   650/1307  loss=0.6690  acc=0.5613  lr0=6.66e-06 lr1=6.66e-06
11:23:39 INFO   e2 step   700/1307  loss=0.6693  acc=0.5613  lr0=6.55e-06 lr1=6.55e-06
11:23:47 INFO   e2 step   750/1307  loss=0.6679  acc=0.5633  lr0=6.45e-06 lr1=6.45e-06
11:23:56 INFO   e2 step   800/1307  loss=0.6673  acc=0.5632  lr0=6.35e-06 lr1=6.35e-06
11:24:04 INFO   e2 step   850/1307  loss=0.6666  acc=0.5643  lr0=6.25e-06 lr1=6.25e-06
11:24:12 INFO   e2 step   900/1307  loss=0.6667  acc=0.5640  lr0=6.14e-06 lr1=6.14e-06
11:24:20 INFO   e2 step   950/1307  loss=0.6664  acc=0.5639  lr0=6.04e-06 lr1=6.04e-06
11:24:28 INFO   e2 step  1000/1307  loss=0.6660  acc=0.5646  lr0=5.94e-06 lr1=5.94e-06
11:24:37 INFO   e2 step  1050/1307  loss=0.6646  acc=0.5664  lr0=5.84e-06 lr1=5.84e-06
11:24:45 INFO   e2 step  1100/1307  loss=0.6640  acc=0.5673  lr0=5.73e-06 lr1=5.73e-06
11:24:53 INFO   e2 step  1150/1307  loss=0.6643  acc=0.5665  lr0=5.64e-06 lr1=5.64e-06
11:25:01 INFO   e2 step  1200/1307  loss=0.6639  acc=0.5676  lr0=5.53e-06 lr1=5.53e-06
11:25:09 INFO   e2 step  1250/1307  loss=0.6635  acc=0.5679  lr0=5.43e-06 lr1=5.43e-06
11:25:18 INFO   e2 step  1300/1307  loss=0.6632  acc=0.5672  lr0=5.33e-06 lr1=5.33e-06
11:25:26 INFO [epoch 2] train_loss=0.6633 train_acc=0.5671  val_loss=0.6542 val_acc=0.5620 val_auc=0.6166  elapsed=220.8s
11:25:27 INFO   saved best.pt  val_acc=0.5620
11:25:36 INFO   e3 step    50/1307  loss=0.6084  acc=0.6362  lr0=5.22e-06 lr1=5.22e-06
11:25:44 INFO   e3 step   100/1307  loss=0.6221  acc=0.6212  lr0=5.11e-06 lr1=5.11e-06
11:25:52 INFO   e3 step   150/1307  loss=0.6170  acc=0.6225  lr0=5.02e-06 lr1=5.02e-06
11:26:00 INFO   e3 step   200/1307  loss=0.6180  acc=0.6247  lr0=4.91e-06 lr1=4.91e-06
11:26:08 INFO   e3 step   250/1307  loss=0.6202  acc=0.6215  lr0=4.81e-06 lr1=4.81e-06
11:26:17 INFO   e3 step   300/1307  loss=0.6181  acc=0.6223  lr0=4.71e-06 lr1=4.71e-06
11:26:25 INFO   e3 step   350/1307  loss=0.6183  acc=0.6214  lr0=4.61e-06 lr1=4.61e-06
11:26:33 INFO   e3 step   400/1307  loss=0.6174  acc=0.6211  lr0=4.50e-06 lr1=4.50e-06
11:26:41 INFO   e3 step   450/1307  loss=0.6146  acc=0.6238  lr0=4.40e-06 lr1=4.40e-06
11:26:49 INFO   e3 step   500/1307  loss=0.6161  acc=0.6235  lr0=4.30e-06 lr1=4.30e-06
11:26:58 INFO   e3 step   550/1307  loss=0.6164  acc=0.6228  lr0=4.20e-06 lr1=4.20e-06
11:27:06 INFO   e3 step   600/1307  loss=0.6150  acc=0.6238  lr0=4.09e-06 lr1=4.09e-06
11:27:14 INFO   e3 step   650/1307  loss=0.6165  acc=0.6241  lr0=4.00e-06 lr1=4.00e-06
11:27:22 INFO   e3 step   700/1307  loss=0.6174  acc=0.6247  lr0=3.89e-06 lr1=3.89e-06
11:27:30 INFO   e3 step   750/1307  loss=0.6178  acc=0.6246  lr0=3.79e-06 lr1=3.79e-06
11:27:39 INFO   e3 step   800/1307  loss=0.6170  acc=0.6262  lr0=3.69e-06 lr1=3.69e-06
11:27:47 INFO   e3 step   850/1307  loss=0.6170  acc=0.6260  lr0=3.59e-06 lr1=3.59e-06
11:27:55 INFO   e3 step   900/1307  loss=0.6161  acc=0.6267  lr0=3.48e-06 lr1=3.48e-06
11:28:03 INFO   e3 step   950/1307  loss=0.6158  acc=0.6269  lr0=3.38e-06 lr1=3.38e-06
11:28:11 INFO   e3 step  1000/1307  loss=0.6155  acc=0.6259  lr0=3.28e-06 lr1=3.28e-06
11:28:20 INFO   e3 step  1050/1307  loss=0.6149  acc=0.6257  lr0=3.18e-06 lr1=3.18e-06
11:28:28 INFO   e3 step  1100/1307  loss=0.6152  acc=0.6255  lr0=3.08e-06 lr1=3.08e-06
11:28:36 INFO   e3 step  1150/1307  loss=0.6151  acc=0.6269  lr0=2.98e-06 lr1=2.98e-06
11:28:44 INFO   e3 step  1200/1307  loss=0.6138  acc=0.6276  lr0=2.87e-06 lr1=2.87e-06
11:28:52 INFO   e3 step  1250/1307  loss=0.6137  acc=0.6279  lr0=2.77e-06 lr1=2.77e-06
11:29:01 INFO   e3 step  1300/1307  loss=0.6128  acc=0.6286  lr0=2.67e-06 lr1=2.67e-06
11:29:08 INFO [epoch 3] train_loss=0.6127 train_acc=0.6290  val_loss=0.6509 val_acc=0.5846 val_auc=0.6489  elapsed=221.1s
11:29:10 INFO   saved best.pt  val_acc=0.5846
11:29:19 INFO   e4 step    50/1307  loss=0.5907  acc=0.6412  lr0=2.56e-06 lr1=2.56e-06
11:29:27 INFO   e4 step   100/1307  loss=0.5911  acc=0.6456  lr0=2.46e-06 lr1=2.46e-06
11:29:35 INFO   e4 step   150/1307  loss=0.5875  acc=0.6488  lr0=2.36e-06 lr1=2.36e-06
11:29:43 INFO   e4 step   200/1307  loss=0.5783  acc=0.6566  lr0=2.25e-06 lr1=2.25e-06
11:29:51 INFO   e4 step   250/1307  loss=0.5799  acc=0.6555  lr0=2.15e-06 lr1=2.15e-06
11:30:00 INFO   e4 step   300/1307  loss=0.5797  acc=0.6558  lr0=2.05e-06 lr1=2.05e-06
11:30:08 INFO   e4 step   350/1307  loss=0.5790  acc=0.6570  lr0=1.95e-06 lr1=1.95e-06
11:30:16 INFO   e4 step   400/1307  loss=0.5769  acc=0.6602  lr0=1.84e-06 lr1=1.84e-06
11:30:24 INFO   e4 step   450/1307  loss=0.5769  acc=0.6582  lr0=1.75e-06 lr1=1.75e-06
11:30:32 INFO   e4 step   500/1307  loss=0.5778  acc=0.6587  lr0=1.64e-06 lr1=1.64e-06
11:30:41 INFO   e4 step   550/1307  loss=0.5757  acc=0.6623  lr0=1.54e-06 lr1=1.54e-06
11:30:49 INFO   e4 step   600/1307  loss=0.5750  acc=0.6646  lr0=1.44e-06 lr1=1.44e-06
11:30:57 INFO   e4 step   650/1307  loss=0.5749  acc=0.6642  lr0=1.34e-06 lr1=1.34e-06
11:31:05 INFO   e4 step   700/1307  loss=0.5752  acc=0.6623  lr0=1.23e-06 lr1=1.23e-06
11:31:13 INFO   e4 step   750/1307  loss=0.5747  acc=0.6646  lr0=1.13e-06 lr1=1.13e-06
11:31:22 INFO   e4 step   800/1307  loss=0.5739  acc=0.6641  lr0=1.03e-06 lr1=1.03e-06
11:31:30 INFO   e4 step   850/1307  loss=0.5733  acc=0.6638  lr0=9.30e-07 lr1=9.30e-07
11:31:38 INFO   e4 step   900/1307  loss=0.5720  acc=0.6645  lr0=8.24e-07 lr1=8.24e-07
11:31:46 INFO   e4 step   950/1307  loss=0.5715  acc=0.6649  lr0=7.26e-07 lr1=7.26e-07
11:31:54 INFO   e4 step  1000/1307  loss=0.5701  acc=0.6645  lr0=6.20e-07 lr1=6.20e-07
11:32:03 INFO   e4 step  1050/1307  loss=0.5703  acc=0.6646  lr0=5.22e-07 lr1=5.22e-07
11:32:11 INFO   e4 step  1100/1307  loss=0.5706  acc=0.6650  lr0=4.16e-07 lr1=4.16e-07
11:32:19 INFO   e4 step  1150/1307  loss=0.5706  acc=0.6646  lr0=3.18e-07 lr1=3.18e-07
11:32:27 INFO   e4 step  1200/1307  loss=0.5696  acc=0.6655  lr0=2.12e-07 lr1=2.12e-07
11:32:35 INFO   e4 step  1250/1307  loss=0.5698  acc=0.6652  lr0=1.14e-07 lr1=1.14e-07
11:32:44 INFO   e4 step  1300/1307  loss=0.5687  acc=0.6662  lr0=8.16e-09 lr1=8.16e-09
11:32:52 INFO [epoch 4] train_loss=0.5687 train_acc=0.6658  val_loss=0.6652 val_acc=0.5976 val_auc=0.6617  elapsed=221.3s
11:32:54 INFO   saved best.pt  val_acc=0.5976
11:32:55 INFO loading best.pt for test eval
11:33:03 INFO [test] loss=0.6527  acc=0.5920  auc=0.6629  f1=0.5944
11:33:03 INFO [done] run_summary.json written to /mnt/localssd/crossencoder_sweep/runs/ajo_newstyle/bge-large-en-v1.5
