11:32:57 INFO run_dir=/mnt/localssd/causal-embedding-research/automation/internship-causal-embedding/runs/crossencoder2x_deberta_reasoning/v2_fixed_alpha07_ep12  device=cuda  bf16=True
11:32:58 INFO tokenizer <- microsoft/deberta-v3-large
11:32:58 INFO scanning max joint token length across all splits …
11:33:18 INFO   observed max=512  -> max_seq_len=512  (scan 20.3s)
11:33:18 INFO scanning max reasoning token length across all splits …
11:33:28 INFO   observed max=261  -> max_reason_len=277  (scan 9.3s)
11:33:28 INFO loading datasets …
11:33:28 INFO   train=38731  val=3954  test=4984
11:33:28 INFO building CrossEncoder2xWithReasoning  backbone=microsoft/deberta-v3-large  n_layers=24  native=True  decoder_layers=4 …
11:33:30 INFO   total params=501,611,621
11:33:30 INFO   total_steps=7260  warmup_steps=726
11:35:17 INFO   e1 opt_step=50/7260  loss=10.5327  cls_loss=0.7059  decoder_loss=14.0392  acc=0.5012  lr=6.89e-07
11:37:04 INFO   e1 opt_step=100/7260  loss=9.5603  cls_loss=0.7058  decoder_loss=12.6529  acc=0.5066  lr=1.38e-06
11:38:48 INFO   e1 opt_step=150/7260  loss=8.5313  cls_loss=0.7055  decoder_loss=11.1803  acc=0.5034  lr=2.07e-06
11:40:30 INFO   e1 opt_step=200/7260  loss=7.8299  cls_loss=0.7040  decoder_loss=10.1947  acc=0.5048  lr=2.75e-06
11:42:15 INFO   e1 opt_step=250/7260  loss=7.3502  cls_loss=0.7032  decoder_loss=9.5156  acc=0.5036  lr=3.44e-06
11:44:00 INFO   e1 opt_step=300/7260  loss=7.0025  cls_loss=0.7027  decoder_loss=9.0169  acc=0.5038  lr=4.13e-06
11:45:45 INFO   e1 opt_step=350/7260  loss=6.7222  cls_loss=0.7017  decoder_loss=8.6195  acc=0.5077  lr=4.82e-06
11:47:30 INFO   e1 opt_step=400/7260  loss=6.4872  cls_loss=0.7006  decoder_loss=8.2861  acc=0.5089  lr=5.51e-06
11:49:12 INFO   e1 opt_step=450/7260  loss=6.2802  cls_loss=0.6984  decoder_loss=7.9879  acc=0.5136  lr=6.20e-06
11:50:55 INFO   e1 opt_step=500/7260  loss=6.0899  cls_loss=0.6950  decoder_loss=7.7195  acc=0.5200  lr=6.89e-06
11:52:41 INFO   e1 opt_step=550/7260  loss=5.9170  cls_loss=0.6919  decoder_loss=7.4770  acc=0.5276  lr=7.58e-06
11:54:27 INFO   e1 opt_step=600/7260  loss=5.7593  cls_loss=0.6873  decoder_loss=7.2589  acc=0.5361  lr=8.26e-06
11:55:07 INFO [epoch 1/12]  train_loss=5.7437  train_cls_loss=0.6870  train_decoder_loss=7.2375  train_acc=0.5366  val_loss=3.8524  val_acc=0.6616  val_auc=0.7396  val_decoder_ppl=101.52  elapsed=1296.4s
11:55:08 INFO   [qual 0] gen : You must open the the data before you can be be be be be be be be be before you can be be be before you can be be be be be be before you can be be be before you can can can be before you can can be be before you can be be be before you can can can can can be be be be be be be be before you can can be be be be before you can can can be be be before you can can be before you can be be be be be be before you can can can can can be before you can can can be be before you can the the the configuration.
11:55:08 INFO   [qual 0] gold: Step B filters the available templates/actions to those supported by the organization, which is a selection/configuration step that determines what gets displayed or generated. Generic actions being generated automatically (Step A) is a result that occurs after such configuration choices are made.
11:55:08 INFO   [qual 1] gen : Step B describes the the action action to the action to the Step B describes the action, which is a prerequisite prerequisite prerequisite to the action. Step B is a prerequisite the Step A.
11:55:08 INFO   [qual 1] gold: Step A describes selecting or creating an action, which opens the action configuration panel. Step B describes configuring that action by setting the Extension and Action Type fields — which can only be done after an action has been selected or created.
11:55:08 INFO   [qual 2] gen : Step B describes the action action to the action, which is a prerequisite prerequisite to the Step A. Step B describes the action action action.
11:55:08 INFO   [qual 2] gold: Step A describes browsing and selecting the best variant from the AI Assistant panel, which must happen before Step B, where you click "Select" to apply the chosen variant and return to the design space.
11:55:12 INFO   * saved best.pt  val_auc=0.7396
11:56:45 INFO   e2 opt_step=650/7260  loss=3.8898  cls_loss=0.6115  decoder_loss=4.6892  acc=0.6510  lr=8.95e-06
11:58:29 INFO   e2 opt_step=700/7260  loss=3.8341  cls_loss=0.6027  decoder_loss=4.6212  acc=0.6683  lr=9.64e-06
12:00:14 INFO   e2 opt_step=750/7260  loss=3.7744  cls_loss=0.5892  decoder_loss=4.5559  acc=0.6775  lr=9.96e-06
12:01:58 INFO   e2 opt_step=800/7260  loss=3.7243  cls_loss=0.5770  decoder_loss=4.5011  acc=0.6886  lr=9.89e-06
12:03:40 INFO   e2 opt_step=850/7260  loss=3.6785  cls_loss=0.5646  decoder_loss=4.4538  acc=0.7003  lr=9.81e-06
12:05:23 INFO   e2 opt_step=900/7260  loss=3.6376  cls_loss=0.5528  decoder_loss=4.4118  acc=0.7099  lr=9.73e-06
12:07:09 INFO   e2 opt_step=950/7260  loss=3.6003  cls_loss=0.5436  decoder_loss=4.3716  acc=0.7181  lr=9.66e-06
12:08:52 INFO   e2 opt_step=1000/7260  loss=3.5634  cls_loss=0.5338  decoder_loss=4.3330  acc=0.7258  lr=9.58e-06
12:10:40 INFO   e2 opt_step=1050/7260  loss=3.5278  cls_loss=0.5244  decoder_loss=4.2956  acc=0.7324  lr=9.50e-06
12:12:22 INFO   e2 opt_step=1100/7260  loss=3.4947  cls_loss=0.5149  decoder_loss=4.2618  acc=0.7396  lr=9.43e-06
12:14:07 INFO   e2 opt_step=1150/7260  loss=3.4633  cls_loss=0.5059  decoder_loss=4.2302  acc=0.7464  lr=9.35e-06
12:15:51 INFO   e2 opt_step=1200/7260  loss=3.4346  cls_loss=0.4970  decoder_loss=4.2019  acc=0.7520  lr=9.27e-06
12:16:43 INFO [epoch 2/12]  train_loss=3.4284  train_cls_loss=0.4950  train_decoder_loss=4.1958  train_acc=0.7536  val_loss=3.0840  val_acc=0.7908  val_auc=0.8822  val_decoder_ppl=41.70  elapsed=1290.6s
12:16:43 INFO   [qual 0] gen : You must navigate to the data before you can select the data can select the data.
12:16:43 INFO   [qual 0] gold: Step B filters the available templates/actions to those supported by the organization, which is a selection/configuration step that determines what gets displayed or generated. Generic actions being generated automatically (Step A) is a result that occurs after such configuration choices are made.
12:16:43 INFO   [qual 1] gen : Step B describes configuring the action of the action, which is part of the action that must be completed before Step A.
12:16:43 INFO   [qual 1] gold: Step A describes selecting or creating an action, which opens the action configuration panel. Step B describes configuring that action by setting the Extension and Action Type fields — which can only be done after an action has been selected or created.
12:16:43 INFO   [qual 2] gen : Step B describes the action of the action of the action, which is part of the action that must be completed before Step A.
12:16:43 INFO   [qual 2] gold: Step A describes browsing and selecting the best variant from the AI Assistant panel, which must happen before Step B, where you click "Select" to apply the chosen variant and return to the design space.
12:16:48 INFO   * saved best.pt  val_auc=0.8822
12:18:12 INFO   e3 opt_step=1250/7260  loss=3.0313  cls_loss=0.3361  decoder_loss=3.8548  acc=0.8484  lr=9.20e-06
12:19:56 INFO   e3 opt_step=1300/7260  loss=2.9954  cls_loss=0.3225  decoder_loss=3.8215  acc=0.8589  lr=9.12e-06
12:21:43 INFO   e3 opt_step=1350/7260  loss=2.9868  cls_loss=0.3256  decoder_loss=3.8053  acc=0.8560  lr=9.04e-06
12:23:27 INFO   e3 opt_step=1400/7260  loss=2.9746  cls_loss=0.3256  decoder_loss=3.7885  acc=0.8563  lr=8.97e-06
12:25:11 INFO   e3 opt_step=1450/7260  loss=2.9581  cls_loss=0.3228  decoder_loss=3.7689  acc=0.8586  lr=8.89e-06
12:26:54 INFO   e3 opt_step=1500/7260  loss=2.9392  cls_loss=0.3169  decoder_loss=3.7505  acc=0.8626  lr=8.82e-06
12:28:42 INFO   e3 opt_step=1550/7260  loss=2.9256  cls_loss=0.3130  decoder_loss=3.7366  acc=0.8648  lr=8.74e-06
12:30:28 INFO   e3 opt_step=1600/7260  loss=2.9100  cls_loss=0.3090  decoder_loss=3.7204  acc=0.8678  lr=8.66e-06
12:32:12 INFO   e3 opt_step=1650/7260  loss=2.9013  cls_loss=0.3070  decoder_loss=3.7105  acc=0.8687  lr=8.59e-06
12:33:56 INFO   e3 opt_step=1700/7260  loss=2.8877  cls_loss=0.3018  decoder_loss=3.6985  acc=0.8713  lr=8.51e-06
12:35:42 INFO   e3 opt_step=1750/7260  loss=2.8749  cls_loss=0.2980  decoder_loss=3.6858  acc=0.8735  lr=8.43e-06
12:37:25 INFO   e3 opt_step=1800/7260  loss=2.8630  cls_loss=0.2954  decoder_loss=3.6727  acc=0.8752  lr=8.36e-06
12:38:28 INFO [epoch 3/12]  train_loss=2.8579  train_cls_loss=0.2934  train_decoder_loss=3.6683  train_acc=0.8762  val_loss=2.8999  val_acc=0.8209  val_auc=0.9049  val_decoder_ppl=30.49  elapsed=1299.7s
12:38:28 INFO   [qual 0] gen : You must first to the journey before you can select the action to add a specific action.
12:38:28 INFO   [qual 0] gold: Step B filters the available templates/actions to those supported by the organization, which is a selection/configuration step that determines what gets displayed or generated. Generic actions being generated automatically (Step A) is a result that occurs after such configuration choices are made.
12:38:28 INFO   [qual 1] gen : Step A describes configuring the action of the action, which is a prerequisite action that must be completed before Step B can be completed.
12:38:28 INFO   [qual 1] gold: Step A describes selecting or creating an action, which opens the action configuration panel. Step B describes configuring that action by setting the Extension and Action Type fields — which can only be done after an action has been selected or created.
12:38:28 INFO   [qual 2] gen : Step A describes configuring the email email content, which is part of the campaign, while Step B describes adding a content to the campaign. You must happen before you can configure the content.
12:38:28 INFO   [qual 2] gold: Step A describes browsing and selecting the best variant from the AI Assistant panel, which must happen before Step B, where you click "Select" to apply the chosen variant and return to the design space.
12:38:33 INFO   * saved best.pt  val_auc=0.9049
12:39:48 INFO   e4 opt_step=1850/7260  loss=2.6347  cls_loss=0.1657  decoder_loss=3.5303  acc=0.9375  lr=8.28e-06
12:41:33 INFO   e4 opt_step=1900/7260  loss=2.6142  cls_loss=0.1650  decoder_loss=3.5019  acc=0.9373  lr=8.20e-06
12:43:13 INFO   e4 opt_step=1950/7260  loss=2.6109  cls_loss=0.1700  decoder_loss=3.4908  acc=0.9345  lr=8.13e-06
12:44:59 INFO   e4 opt_step=2000/7260  loss=2.6075  cls_loss=0.1735  decoder_loss=3.4812  acc=0.9336  lr=8.05e-06
12:46:42 INFO   e4 opt_step=2050/7260  loss=2.6030  cls_loss=0.1743  decoder_loss=3.4731  acc=0.9340  lr=7.97e-06
12:48:28 INFO   e4 opt_step=2100/7260  loss=2.5946  cls_loss=0.1739  decoder_loss=3.4615  acc=0.9337  lr=7.90e-06
12:50:10 INFO   e4 opt_step=2150/7260  loss=2.5916  cls_loss=0.1758  decoder_loss=3.4545  acc=0.9330  lr=7.82e-06
12:51:57 INFO   e4 opt_step=2200/7260  loss=2.5854  cls_loss=0.1744  decoder_loss=3.4477  acc=0.9334  lr=7.74e-06
12:53:43 INFO   e4 opt_step=2250/7260  loss=2.5795  cls_loss=0.1736  decoder_loss=3.4407  acc=0.9340  lr=7.67e-06
12:55:29 INFO   e4 opt_step=2300/7260  loss=2.5711  cls_loss=0.1714  decoder_loss=3.4318  acc=0.9354  lr=7.59e-06
12:57:14 INFO   e4 opt_step=2350/7260  loss=2.5647  cls_loss=0.1704  decoder_loss=3.4242  acc=0.9359  lr=7.51e-06
12:58:56 INFO   e4 opt_step=2400/7260  loss=2.5612  cls_loss=0.1712  decoder_loss=3.4181  acc=0.9356  lr=7.44e-06
13:00:08 INFO [epoch 4/12]  train_loss=2.5586  train_cls_loss=0.1705  train_decoder_loss=3.4153  train_acc=0.9360  val_loss=2.7932  val_acc=0.8349  val_auc=0.9116  val_decoder_ppl=25.24  elapsed=1294.7s
13:00:08 INFO   [qual 0] gen : You must create the campaign before you can configure its settings, as the configuration is a prerequisite action that configuration step that configuration.
13:00:08 INFO   [qual 0] gold: Step B filters the available templates/actions to those supported by the organization, which is a selection/configuration step that determines what gets displayed or generated. Generic actions being generated automatically (Step A) is a result that occurs after such configuration choices are made.
13:00:08 INFO   [qual 1] gen : Step A describes configuring the event event, which is a prerequisite action that must be done before Step B can be configured.
13:00:08 INFO   [qual 1] gold: Step A describes selecting or creating an action, which opens the action configuration panel. Step B describes configuring that action by setting the Extension and Action Type fields — which can only be done after an action has been selected or created.
13:00:09 INFO   [qual 2] gen : Step A describes configuring the content editor, which is part of the content creation/editing and configuring the content. Step B describes the content, which is a prerequisite for the initial setup step that must be completed before you can configure its content.
13:00:09 INFO   [qual 2] gold: Step A describes browsing and selecting the best variant from the AI Assistant panel, which must happen before Step B, where you click "Select" to apply the chosen variant and return to the design space.
13:00:13 INFO   * saved best.pt  val_auc=0.9116
13:01:17 INFO   e5 opt_step=2450/7260  loss=2.4160  cls_loss=0.0953  decoder_loss=3.3206  acc=0.9635  lr=7.36e-06
13:03:02 INFO   e5 opt_step=2500/7260  loss=2.4161  cls_loss=0.1058  decoder_loss=3.3056  acc=0.9615  lr=7.28e-06
13:04:45 INFO   e5 opt_step=2550/7260  loss=2.4142  cls_loss=0.1056  decoder_loss=3.3025  acc=0.9620  lr=7.21e-06
13:06:29 INFO   e5 opt_step=2600/7260  loss=2.4063  cls_loss=0.1066  decoder_loss=3.2902  acc=0.9620  lr=7.13e-06
13:08:12 INFO   e5 opt_step=2650/7260  loss=2.4048  cls_loss=0.1076  decoder_loss=3.2863  acc=0.9617  lr=7.06e-06
13:09:56 INFO   e5 opt_step=2700/7260  loss=2.4023  cls_loss=0.1078  decoder_loss=3.2822  acc=0.9612  lr=6.98e-06
13:11:43 INFO   e5 opt_step=2750/7260  loss=2.3999  cls_loss=0.1074  decoder_loss=3.2792  acc=0.9612  lr=6.90e-06
13:13:27 INFO   e5 opt_step=2800/7260  loss=2.3964  cls_loss=0.1071  decoder_loss=3.2746  acc=0.9609  lr=6.83e-06
13:15:13 INFO   e5 opt_step=2850/7260  loss=2.3929  cls_loss=0.1066  decoder_loss=3.2700  acc=0.9613  lr=6.75e-06
13:16:59 INFO   e5 opt_step=2900/7260  loss=2.3900  cls_loss=0.1082  decoder_loss=3.2634  acc=0.9609  lr=6.67e-06
13:18:43 INFO   e5 opt_step=2950/7260  loss=2.3864  cls_loss=0.1078  decoder_loss=3.2586  acc=0.9611  lr=6.60e-06
13:20:29 INFO   e5 opt_step=3000/7260  loss=2.3823  cls_loss=0.1080  decoder_loss=3.2527  acc=0.9612  lr=6.52e-06
13:21:51 INFO [epoch 5/12]  train_loss=2.3806  train_cls_loss=0.1076  train_decoder_loss=3.2507  train_acc=0.9614  val_loss=2.8283  val_acc=0.8326  val_auc=0.9143  val_decoder_ppl=22.19  elapsed=1297.6s
13:21:51 INFO   [qual 0] gen : You must select the campaign before you can configure its settings, as the configuration is a prerequisite action that configuration step that configuration step that can be done.
13:21:51 INFO   [qual 0] gold: Step B filters the available templates/actions to those supported by the organization, which is a selection/configuration step that determines what gets displayed or generated. Generic actions being generated automatically (Step A) is a result that occurs after such configuration choices are made.
13:21:51 INFO   [qual 1] gen : Step A describes configuring the action (selecting the event), which is a prerequisite action that must be done before Step B's action in the configuration.
13:21:51 INFO   [qual 1] gold: Step A describes selecting or creating an action, which opens the action configuration panel. Step B describes configuring that action by setting the Extension and Action Type fields — which can only be done after an action has been selected or created.
13:21:52 INFO   [qual 2] gen : Step A describes configuring the content editor, which is a prerequisite for the content editor, while Step B describes editing and editing the content. You must first before you can configure its content.
13:21:52 INFO   [qual 2] gold: Step A describes browsing and selecting the best variant from the AI Assistant panel, which must happen before Step B, where you click "Select" to apply the chosen variant and return to the design space.
13:21:56 INFO   * saved best.pt  val_auc=0.9143
13:22:47 INFO   e6 opt_step=3050/7260  loss=2.2612  cls_loss=0.0460  decoder_loss=3.1669  acc=0.9850  lr=6.44e-06
13:24:29 INFO   e6 opt_step=3100/7260  loss=2.2733  cls_loss=0.0605  decoder_loss=3.1656  acc=0.9790  lr=6.37e-06
13:26:14 INFO   e6 opt_step=3150/7260  loss=2.2669  cls_loss=0.0600  decoder_loss=3.1570  acc=0.9804  lr=6.29e-06
13:27:59 INFO   e6 opt_step=3200/7260  loss=2.2678  cls_loss=0.0606  decoder_loss=3.1577  acc=0.9792  lr=6.21e-06
13:29:44 INFO   e6 opt_step=3250/7260  loss=2.2695  cls_loss=0.0636  decoder_loss=3.1553  acc=0.9783  lr=6.14e-06
13:31:29 INFO   e6 opt_step=3300/7260  loss=2.2670  cls_loss=0.0639  decoder_loss=3.1513  acc=0.9780  lr=6.06e-06
13:33:12 INFO   e6 opt_step=3350/7260  loss=2.2660  cls_loss=0.0660  decoder_loss=3.1470  acc=0.9775  lr=5.98e-06
13:34:56 INFO   e6 opt_step=3400/7260  loss=2.2635  cls_loss=0.0664  decoder_loss=3.1429  acc=0.9771  lr=5.91e-06
13:36:39 INFO   e6 opt_step=3450/7260  loss=2.2617  cls_loss=0.0665  decoder_loss=3.1403  acc=0.9769  lr=5.83e-06
13:38:27 INFO   e6 opt_step=3500/7260  loss=2.2588  cls_loss=0.0664  decoder_loss=3.1363  acc=0.9770  lr=5.75e-06
13:40:13 INFO   e6 opt_step=3550/7260  loss=2.2548  cls_loss=0.0669  decoder_loss=3.1300  acc=0.9771  lr=5.68e-06
13:41:57 INFO   e6 opt_step=3600/7260  loss=2.2542  cls_loss=0.0674  decoder_loss=3.1284  acc=0.9769  lr=5.60e-06
13:43:32 INFO [epoch 6/12]  train_loss=2.2523  train_cls_loss=0.0666  train_decoder_loss=3.1268  train_acc=0.9772  val_loss=2.9031  val_acc=0.8495  val_auc=0.9119  val_decoder_ppl=20.22  elapsed=1295.4s
13:43:32 INFO   [qual 0] gen : You must create the campaign before you can configure its settings, as the configuration is a prerequisite action that must be done before you can configure its settings.
13:43:32 INFO   [qual 0] gold: Step B filters the available templates/actions to those supported by the organization, which is a selection/configuration step that determines what gets displayed or generated. Generic actions being generated automatically (Step A) is a result that occurs after such configuration choices are made.
13:43:32 INFO   [qual 1] gen : Step A describes configuring the event event (creating a rule), which is a prerequisite action that must be done before Step B, where the action is selected and configures.
13:43:32 INFO   [qual 1] gold: Step A describes selecting or creating an action, which opens the action configuration panel. Step B describes configuring that action by setting the Extension and Action Type fields — which can only be done after an action has been selected or created.
13:43:32 INFO   [qual 2] gen : Step A describes selecting a template to the content, which is a prerequisite action that must be done before Step B, where you need to edit the content.
13:43:32 INFO   [qual 2] gold: Step A describes browsing and selecting the best variant from the AI Assistant panel, which must happen before Step B, where you click "Select" to apply the chosen variant and return to the design space.
13:44:17 INFO   e7 opt_step=3650/7260  loss=2.1807  cls_loss=0.0207  decoder_loss=3.0898  acc=0.9906  lr=5.52e-06
13:46:03 INFO   e7 opt_step=3700/7260  loss=2.1910  cls_loss=0.0402  decoder_loss=3.0784  acc=0.9859  lr=5.45e-06
13:47:46 INFO   e7 opt_step=3750/7260  loss=2.1879  cls_loss=0.0423  decoder_loss=3.0694  acc=0.9861  lr=5.37e-06
13:49:27 INFO   e7 opt_step=3800/7260  loss=2.1841  cls_loss=0.0416  decoder_loss=3.0654  acc=0.9868  lr=5.30e-06
13:51:12 INFO   e7 opt_step=3850/7260  loss=2.1821  cls_loss=0.0415  decoder_loss=3.0628  acc=0.9869  lr=5.22e-06
13:52:56 INFO   e7 opt_step=3900/7260  loss=2.1755  cls_loss=0.0415  decoder_loss=3.0528  acc=0.9869  lr=5.14e-06
13:54:41 INFO   e7 opt_step=3950/7260  loss=2.1723  cls_loss=0.0421  decoder_loss=3.0478  acc=0.9868  lr=5.07e-06
13:56:25 INFO   e7 opt_step=4000/7260  loss=2.1736  cls_loss=0.0436  decoder_loss=3.0474  acc=0.9866  lr=4.99e-06
13:58:10 INFO   e7 opt_step=4050/7260  loss=2.1696  cls_loss=0.0432  decoder_loss=3.0421  acc=0.9863  lr=4.91e-06
13:59:53 INFO   e7 opt_step=4100/7260  loss=2.1666  cls_loss=0.0429  decoder_loss=3.0383  acc=0.9864  lr=4.84e-06
14:01:36 INFO   e7 opt_step=4150/7260  loss=2.1646  cls_loss=0.0436  decoder_loss=3.0344  acc=0.9861  lr=4.76e-06
14:03:21 INFO   e7 opt_step=4200/7260  loss=2.1628  cls_loss=0.0438  decoder_loss=3.0313  acc=0.9861  lr=4.68e-06
14:05:03 INFO [epoch 7/12]  train_loss=2.1617  train_cls_loss=0.0442  train_decoder_loss=3.0290  train_acc=0.9860  val_loss=2.8250  val_acc=0.8440  val_auc=0.9124  val_decoder_ppl=18.47  elapsed=1288.4s
14:05:04 INFO   [qual 0] gen : You must select the configuration before you can configure its settings (Step B), as the action is a prerequisite action that must be done before you can configure its settings.
14:05:04 INFO   [qual 0] gold: Step B filters the available templates/actions to those supported by the organization, which is a selection/configuration step that determines what gets displayed or generated. Generic actions being generated automatically (Step A) is a result that occurs after such configuration choices are made.
14:05:04 INFO   [qual 1] gen : Step A describes configuring the rule (such as the rule), which must be done before Step B can configure the rule (including the rule).
14:05:04 INFO   [qual 1] gold: Step A describes selecting or creating an action, which opens the action configuration panel. Step B describes configuring that action by setting the Extension and Action Type fields — which can only be done after an action has been selected or created.
14:05:04 INFO   [qual 2] gen : Step A describes editing and selecting the content, which must happen before Step B can be done within that Step A.
14:05:04 INFO   [qual 2] gold: Step A describes browsing and selecting the best variant from the AI Assistant panel, which must happen before Step B, where you click "Select" to apply the chosen variant and return to the design space.
14:05:38 INFO   e8 opt_step=4250/7260  loss=2.0742  cls_loss=0.0238  decoder_loss=2.9338  acc=0.9896  lr=4.61e-06
14:07:25 INFO   e8 opt_step=4300/7260  loss=2.1032  cls_loss=0.0266  decoder_loss=2.9705  acc=0.9899  lr=4.53e-06
14:09:06 INFO   e8 opt_step=4350/7260  loss=2.1046  cls_loss=0.0278  decoder_loss=2.9698  acc=0.9904  lr=4.45e-06
14:10:48 INFO   e8 opt_step=4400/7260  loss=2.1041  cls_loss=0.0285  decoder_loss=2.9679  acc=0.9903  lr=4.38e-06
14:12:33 INFO   e8 opt_step=4450/7260  loss=2.1037  cls_loss=0.0293  decoder_loss=2.9666  acc=0.9904  lr=4.30e-06
14:14:16 INFO   e8 opt_step=4500/7260  loss=2.1029  cls_loss=0.0322  decoder_loss=2.9617  acc=0.9898  lr=4.22e-06
14:16:01 INFO   e8 opt_step=4550/7260  loss=2.1008  cls_loss=0.0320  decoder_loss=2.9593  acc=0.9899  lr=4.15e-06
14:17:44 INFO   e8 opt_step=4600/7260  loss=2.0992  cls_loss=0.0325  decoder_loss=2.9566  acc=0.9898  lr=4.07e-06
14:19:31 INFO   e8 opt_step=4650/7260  loss=2.0963  cls_loss=0.0314  decoder_loss=2.9541  acc=0.9902  lr=3.99e-06
14:21:15 INFO   e8 opt_step=4700/7260  loss=2.0935  cls_loss=0.0307  decoder_loss=2.9510  acc=0.9904  lr=3.92e-06
14:22:58 INFO   e8 opt_step=4750/7260  loss=2.0904  cls_loss=0.0305  decoder_loss=2.9469  acc=0.9904  lr=3.84e-06
14:24:43 INFO   e8 opt_step=4800/7260  loss=2.0895  cls_loss=0.0312  decoder_loss=2.9445  acc=0.9902  lr=3.76e-06
14:26:36 INFO [epoch 8/12]  train_loss=2.0886  train_cls_loss=0.0314  train_decoder_loss=2.9430  train_acc=0.9901  val_loss=2.9997  val_acc=0.8440  val_auc=0.9058  val_decoder_ppl=17.43  elapsed=1289.3s
14:26:36 INFO   [qual 0] gen : You must select the "Add action" to configure the action before you can configure its settings, as the action type is a prerequisite action that action that occurs after the configuration has been created.
14:26:36 INFO   [qual 0] gold: Step B filters the available templates/actions to those supported by the organization, which is a selection/configuration step that determines what gets displayed or generated. Generic actions being generated automatically (Step A) is a result that occurs after such configuration choices are made.
14:26:36 INFO   [qual 1] gen : Step A describes configuring the action (choos), which is part of setting up the action, while Step B describes configuring the action within that configuration. You must configure the rule before you can configure its settings.
14:26:36 INFO   [qual 1] gold: Step A describes selecting or creating an action, which opens the action configuration panel. Step B describes configuring that action by setting the Extension and Action Type fields — which can only be done after an action has been selected or created.
14:26:37 INFO   [qual 2] gen : Step A describes selecting the content, which is a prerequisite for Step B, which is a prerequisite for the content editing. You must first before you can edit and edit the content.
14:26:37 INFO   [qual 2] gold: Step A describes browsing and selecting the best variant from the AI Assistant panel, which must happen before Step B, where you click "Select" to apply the chosen variant and return to the design space.
14:27:00 INFO   e9 opt_step=4850/7260  loss=2.0654  cls_loss=0.0125  decoder_loss=2.9371  acc=0.9969  lr=3.69e-06
14:28:45 INFO   e9 opt_step=4900/7260  loss=2.0423  cls_loss=0.0220  decoder_loss=2.8903  acc=0.9930  lr=3.61e-06
14:30:28 INFO   e9 opt_step=4950/7260  loss=2.0517  cls_loss=0.0218  decoder_loss=2.9037  acc=0.9928  lr=3.54e-06
14:32:10 INFO   e9 opt_step=5000/7260  loss=2.0493  cls_loss=0.0219  decoder_loss=2.9008  acc=0.9931  lr=3.46e-06
14:33:52 INFO   e9 opt_step=5050/7260  loss=2.0508  cls_loss=0.0226  decoder_loss=2.9019  acc=0.9927  lr=3.38e-06
14:35:37 INFO   e9 opt_step=5100/7260  loss=2.0480  cls_loss=0.0225  decoder_loss=2.8979  acc=0.9928  lr=3.31e-06
14:37:22 INFO   e9 opt_step=5150/7260  loss=2.0478  cls_loss=0.0229  decoder_loss=2.8970  acc=0.9928  lr=3.23e-06
14:39:08 INFO   e9 opt_step=5200/7260  loss=2.0445  cls_loss=0.0230  decoder_loss=2.8920  acc=0.9929  lr=3.15e-06
14:40:51 INFO   e9 opt_step=5250/7260  loss=2.0412  cls_loss=0.0224  decoder_loss=2.8882  acc=0.9931  lr=3.08e-06
14:42:35 INFO   e9 opt_step=5300/7260  loss=2.0372  cls_loss=0.0216  decoder_loss=2.8836  acc=0.9934  lr=3.00e-06
14:44:19 INFO   e9 opt_step=5350/7260  loss=2.0358  cls_loss=0.0217  decoder_loss=2.8813  acc=0.9934  lr=2.92e-06
14:46:04 INFO   e9 opt_step=5400/7260  loss=2.0349  cls_loss=0.0221  decoder_loss=2.8795  acc=0.9934  lr=2.85e-06
14:48:10 INFO [epoch 9/12]  train_loss=2.0332  train_cls_loss=0.0227  train_decoder_loss=2.8762  train_acc=0.9932  val_loss=2.9869  val_acc=0.8488  val_auc=0.8990  val_decoder_ppl=16.50  elapsed=1290.7s
14:48:10 INFO   [qual 0] gen : Selecting the action (Step A) is part of configuring the action, which must be done before you can configure its settings (Step B).
14:48:10 INFO   [qual 0] gold: Step B filters the available templates/actions to those supported by the organization, which is a selection/configuration step that determines what gets displayed or generated. Generic actions being generated automatically (Step A) is a result that occurs after such configuration choices are made.
14:48:10 INFO   [qual 1] gen : Step A describes configuring the action type (selecting the action), which must be done before Step B where you configure the action type (Step A).
14:48:10 INFO   [qual 1] gold: Step A describes selecting or creating an action, which opens the action configuration panel. Step B describes configuring that action by setting the Extension and Action Type fields — which can only be done after an action has been selected or created.
14:48:10 INFO   [qual 2] gen : Step A describes selecting the content editor, which is a prerequisite for Step B where you can configure and edit the content.
14:48:10 INFO   [qual 2] gold: Step A describes browsing and selecting the best variant from the AI Assistant panel, which must happen before Step B, where you click "Select" to apply the chosen variant and return to the design space.
14:48:23 INFO   e10 opt_step=5450/7260  loss=2.0439  cls_loss=0.0184  decoder_loss=2.8988  acc=0.9906  lr=2.77e-06
14:50:11 INFO   e10 opt_step=5500/7260  loss=2.0158  cls_loss=0.0137  decoder_loss=2.8637  acc=0.9955  lr=2.69e-06
14:51:54 INFO   e10 opt_step=5550/7260  loss=2.0075  cls_loss=0.0161  decoder_loss=2.8471  acc=0.9955  lr=2.62e-06
14:53:37 INFO   e10 opt_step=5600/7260  loss=2.0042  cls_loss=0.0154  decoder_loss=2.8441  acc=0.9958  lr=2.54e-06
14:55:21 INFO   e10 opt_step=5650/7260  loss=2.0026  cls_loss=0.0165  decoder_loss=2.8403  acc=0.9954  lr=2.46e-06
14:57:04 INFO   e10 opt_step=5700/7260  loss=2.0006  cls_loss=0.0169  decoder_loss=2.8373  acc=0.9953  lr=2.39e-06
14:58:51 INFO   e10 opt_step=5750/7260  loss=1.9964  cls_loss=0.0163  decoder_loss=2.8320  acc=0.9953  lr=2.31e-06
15:00:35 INFO   e10 opt_step=5800/7260  loss=1.9963  cls_loss=0.0170  decoder_loss=2.8310  acc=0.9952  lr=2.23e-06
15:02:20 INFO   e10 opt_step=5850/7260  loss=1.9970  cls_loss=0.0180  decoder_loss=2.8305  acc=0.9950  lr=2.16e-06
15:04:04 INFO   e10 opt_step=5900/7260  loss=1.9963  cls_loss=0.0184  decoder_loss=2.8292  acc=0.9948  lr=2.08e-06
15:05:52 INFO   e10 opt_step=5950/7260  loss=1.9955  cls_loss=0.0185  decoder_loss=2.8278  acc=0.9948  lr=2.00e-06
15:07:37 INFO   e10 opt_step=6000/7260  loss=1.9950  cls_loss=0.0184  decoder_loss=2.8274  acc=0.9948  lr=1.93e-06
15:09:20 INFO   e10 opt_step=6050/7260  loss=1.9936  cls_loss=0.0183  decoder_loss=2.8260  acc=0.9948  lr=1.85e-06
15:09:50 INFO [epoch 10/12]  train_loss=1.9936  train_cls_loss=0.0183  train_decoder_loss=2.8260  train_acc=0.9948  val_loss=3.0022  val_acc=0.8493  val_auc=0.8983  val_decoder_ppl=15.93  elapsed=1297.6s
15:09:50 INFO   [qual 0] gen : You must select the "Add action" option before you can configure its settings.
15:09:50 INFO   [qual 0] gold: Step B filters the available templates/actions to those supported by the organization, which is a selection/configuration step that determines what gets displayed or generated. Generic actions being generated automatically (Step A) is a result that occurs after such configuration choices are made.
15:09:51 INFO   [qual 1] gen : Step A describes configuring the action type (selecting the action), which must be done before Step B where you configure its settings (Step A).
15:09:51 INFO   [qual 1] gold: Step A describes selecting or creating an action, which opens the action configuration panel. Step B describes configuring that action by setting the Extension and Action Type fields — which can only be done after an action has been selected or created.
15:09:51 INFO   [qual 2] gen : Step A describes selecting the AI Assistant to generate content, which is a prerequisite for Step B's content editing content. You must first select the content before you can select and edit the content.
15:09:51 INFO   [qual 2] gold: Step A describes browsing and selecting the best variant from the AI Assistant panel, which must happen before Step B, where you click "Select" to apply the chosen variant and return to the design space.
15:11:37 INFO   e11 opt_step=6100/7260  loss=1.9650  cls_loss=0.0082  decoder_loss=2.8002  acc=0.9972  lr=1.78e-06
15:13:25 INFO   e11 opt_step=6150/7260  loss=1.9612  cls_loss=0.0116  decoder_loss=2.7903  acc=0.9962  lr=1.70e-06
15:15:08 INFO   e11 opt_step=6200/7260  loss=1.9617  cls_loss=0.0113  decoder_loss=2.7908  acc=0.9965  lr=1.62e-06
15:16:54 INFO   e11 opt_step=6250/7260  loss=1.9646  cls_loss=0.0119  decoder_loss=2.7942  acc=0.9965  lr=1.55e-06
15:18:40 INFO   e11 opt_step=6300/7260  loss=1.9643  cls_loss=0.0121  decoder_loss=2.7938  acc=0.9963  lr=1.47e-06
15:20:24 INFO   e11 opt_step=6350/7260  loss=1.9669  cls_loss=0.0128  decoder_loss=2.7968  acc=0.9964  lr=1.39e-06
15:22:07 INFO   e11 opt_step=6400/7260  loss=1.9651  cls_loss=0.0117  decoder_loss=2.7953  acc=0.9967  lr=1.32e-06
15:23:51 INFO   e11 opt_step=6450/7260  loss=1.9644  cls_loss=0.0124  decoder_loss=2.7933  acc=0.9964  lr=1.24e-06
15:25:37 INFO   e11 opt_step=6500/7260  loss=1.9633  cls_loss=0.0126  decoder_loss=2.7916  acc=0.9963  lr=1.16e-06
15:27:21 INFO   e11 opt_step=6550/7260  loss=1.9641  cls_loss=0.0130  decoder_loss=2.7920  acc=0.9961  lr=1.09e-06
15:29:09 INFO   e11 opt_step=6600/7260  loss=1.9630  cls_loss=0.0131  decoder_loss=2.7903  acc=0.9961  lr=1.01e-06
15:30:49 INFO   e11 opt_step=6650/7260  loss=1.9635  cls_loss=0.0133  decoder_loss=2.7905  acc=0.9960  lr=9.34e-07
15:31:28 INFO [epoch 11/12]  train_loss=1.9634  train_cls_loss=0.0133  train_decoder_loss=2.7905  train_acc=0.9960  val_loss=2.9832  val_acc=0.8510  val_auc=0.9025  val_decoder_ppl=15.58  elapsed=1294.5s
15:31:28 INFO   [qual 0] gen : Selecting the "Add action" is a configuration step that must be completed before you can configure its settings within it.
15:31:28 INFO   [qual 0] gold: Step B filters the available templates/actions to those supported by the organization, which is a selection/configuration step that determines what gets displayed or generated. Generic actions being generated automatically (Step A) is a result that occurs after such configuration choices are made.
15:31:29 INFO   [qual 1] gen : Step A describes configuring the action type (selecting the action), which is part of setting up the action configuration. Step B describes configuring the action type, which is a subsequent action that occurs after the action has been configured.
15:31:29 INFO   [qual 1] gold: Step A describes selecting or creating an action, which opens the action configuration panel. Step B describes configuring that action by setting the Extension and Action Type fields — which can only be done after an action has been selected or created.
15:31:29 INFO   [qual 2] gen : Step A describes selecting the AI Assistant to generate content, which is a prerequisite for Step B's content editing content. You must first select the content before you can edit and edit the content.
15:31:29 INFO   [qual 2] gold: Step A describes browsing and selecting the best variant from the AI Assistant panel, which must happen before Step B, where you click "Select" to apply the chosen variant and return to the design space.
15:33:08 INFO   e12 opt_step=6700/7260  loss=1.9520  cls_loss=0.0133  decoder_loss=2.7738  acc=0.9965  lr=8.57e-07
15:34:53 INFO   e12 opt_step=6750/7260  loss=1.9468  cls_loss=0.0112  decoder_loss=2.7696  acc=0.9967  lr=7.81e-07
15:36:35 INFO   e12 opt_step=6800/7260  loss=1.9516  cls_loss=0.0109  decoder_loss=2.7763  acc=0.9971  lr=7.04e-07
15:38:20 INFO   e12 opt_step=6850/7260  loss=1.9525  cls_loss=0.0097  decoder_loss=2.7789  acc=0.9976  lr=6.27e-07
15:40:04 INFO   e12 opt_step=6900/7260  loss=1.9518  cls_loss=0.0098  decoder_loss=2.7781  acc=0.9974  lr=5.51e-07
15:41:50 INFO   e12 opt_step=6950/7260  loss=1.9512  cls_loss=0.0101  decoder_loss=2.7770  acc=0.9974  lr=4.74e-07
15:43:32 INFO   e12 opt_step=7000/7260  loss=1.9496  cls_loss=0.0097  decoder_loss=2.7752  acc=0.9974  lr=3.98e-07
15:45:16 INFO   e12 opt_step=7050/7260  loss=1.9475  cls_loss=0.0098  decoder_loss=2.7718  acc=0.9974  lr=3.21e-07
15:47:02 INFO   e12 opt_step=7100/7260  loss=1.9475  cls_loss=0.0099  decoder_loss=2.7718  acc=0.9973  lr=2.45e-07
15:48:48 INFO   e12 opt_step=7150/7260  loss=1.9477  cls_loss=0.0103  decoder_loss=2.7717  acc=0.9973  lr=1.68e-07
15:50:31 INFO   e12 opt_step=7200/7260  loss=1.9479  cls_loss=0.0106  decoder_loss=2.7714  acc=0.9972  lr=9.18e-08
15:52:13 INFO   e12 opt_step=7250/7260  loss=1.9472  cls_loss=0.0102  decoder_loss=2.7711  acc=0.9973  lr=1.53e-08
15:53:05 INFO [epoch 12/12]  train_loss=1.9470  train_cls_loss=0.0102  train_decoder_loss=2.7708  train_acc=0.9973  val_loss=3.0052  val_acc=0.8495  val_auc=0.9004  val_decoder_ppl=15.45  elapsed=1292.8s
15:53:05 INFO   [qual 0] gen : Selecting the action type (Step A) is part of configuring the action, which must be done before configuring the action type (Step B), as the action is a subsequent action that occurs after the configuration has been added.
15:53:05 INFO   [qual 0] gold: Step B filters the available templates/actions to those supported by the organization, which is a selection/configuration step that determines what gets displayed or generated. Generic actions being generated automatically (Step A) is a result that occurs after such configuration choices are made.
15:53:05 INFO   [qual 1] gen : Step A describes configuring the action type (selecting the action), which is part of setting up the action configuration. Step B describes configuring the action type, which is a subsequent action that occurs after the action has been configured.
15:53:05 INFO   [qual 1] gold: Step A describes selecting or creating an action, which opens the action configuration panel. Step B describes configuring that action by setting the Extension and Action Type fields — which can only be done after an action has been selected or created.
15:53:05 INFO   [qual 2] gen : Step A describes selecting and selecting the AI Assistant to generate content, which is a prerequisite for Step B, which is a subsequent action that follows after the content has been selected.
15:53:05 INFO   [qual 2] gold: Step A describes browsing and selecting the best variant from the AI Assistant panel, which must happen before Step B, where you click "Select" to apply the chosen variant and return to the design space.
15:53:10 INFO saved final.pt  total_time=15580s
15:53:10 INFO loading best.pt for final val/test evaluation …
15:53:41 INFO [val]  acc=0.8326  auc=0.9143  f1=0.8305  decoder_ppl=22.19
15:54:17 INFO [test] loss=2.9375  acc=0.8313  auc=0.9089  f1=0.8329  decoder_ppl=24.75
15:54:17 INFO [done] best_val_auc=0.9143  test_acc=0.8313  test_auc=0.9089  results in /mnt/localssd/causal-embedding-research/automation/internship-causal-embedding/runs/crossencoder2x_deberta_reasoning/v2_fixed_alpha07_ep12
