04:51:08 INFO run_dir=/mnt/localssd/crossencoder_sweep/runs/aep_causal_cls34/bge-base-en-v1.5
04:51:08 INFO device=cuda:0  bf16=True  physical_gpu=2  CUDA_VISIBLE_DEVICES=2
04:51:08 INFO dataset=aep_causal_cls34  model=bge-base-en-v1.5  backbone=BAAI/bge-base-en-v1.5
04:51:08 INFO tokenizer <- BAAI/bge-base-en-v1.5
Warning: You are sending unauthenticated requests to the HF Hub. Please set a HF_TOKEN to enable higher rate limits and faster downloads.
04:51:09 INFO split files: ['directional_train.jsonl', 'directional_val.jsonl', 'directional_test.jsonl']
04:51:09 INFO scanning max JOINT token length across all splits ...
04:52:21 INFO   observed_max_joint=512 -> max_seq_len=512 (cap=512, scan=71.4s)
04:52:21 INFO loading datasets ...
04:52:22 INFO   schema=standard  train=110775  val=6004  test=6004
04:52:22 INFO building CrossEncoderClassifier  backbone=BAAI/bge-base-en-v1.5
Loading weights:   0%|          | 0/199 [00:00<?, ?it/s]Loading weights: 100%|██████████| 199/199 [00:00<00:00, 6449.53it/s]
04:52:23 INFO   hidden_size=768  trainable_params=109,483,009
04:52:23 INFO   total_steps=6924  warmup_steps=692
04:52:33 INFO   e1 step    50/1731  loss=0.7341  acc=0.4916  lr0=1.45e-06 lr1=7.23e-05
04:52:41 INFO   e1 step   100/1731  loss=0.7245  acc=0.5020  lr0=2.89e-06 lr1=1.45e-04
04:52:50 INFO   e1 step   150/1731  loss=0.7189  acc=0.5080  lr0=4.34e-06 lr1=2.17e-04
04:52:58 INFO   e1 step   200/1731  loss=0.7128  acc=0.5135  lr0=5.78e-06 lr1=2.89e-04
04:53:07 INFO   e1 step   250/1731  loss=0.7028  acc=0.5308  lr0=7.23e-06 lr1=3.61e-04
04:53:15 INFO   e1 step   300/1731  loss=0.6904  acc=0.5498  lr0=8.67e-06 lr1=4.34e-04
04:53:24 INFO   e1 step   350/1731  loss=0.6721  acc=0.5729  lr0=1.01e-05 lr1=5.06e-04
04:53:33 INFO   e1 step   400/1731  loss=0.6541  acc=0.5931  lr0=1.16e-05 lr1=5.78e-04
04:53:41 INFO   e1 step   450/1731  loss=0.6367  acc=0.6110  lr0=1.30e-05 lr1=6.50e-04
04:53:50 INFO   e1 step   500/1731  loss=0.6198  acc=0.6271  lr0=1.45e-05 lr1=7.23e-04
04:53:59 INFO   e1 step   550/1731  loss=0.6048  acc=0.6412  lr0=1.59e-05 lr1=7.95e-04
04:54:07 INFO   e1 step   600/1731  loss=0.5862  acc=0.6560  lr0=1.73e-05 lr1=8.67e-04
04:54:16 INFO   e1 step   650/1731  loss=0.5706  acc=0.6688  lr0=1.88e-05 lr1=9.39e-04
04:54:24 INFO   e1 step   700/1731  loss=0.5521  acc=0.6821  lr0=2.00e-05 lr1=9.99e-04
04:54:33 INFO   e1 step   750/1731  loss=0.5345  acc=0.6946  lr0=1.98e-05 lr1=9.91e-04
04:54:42 INFO   e1 step   800/1731  loss=0.5187  acc=0.7059  lr0=1.97e-05 lr1=9.83e-04
04:54:50 INFO   e1 step   850/1731  loss=0.5012  acc=0.7174  lr0=1.95e-05 lr1=9.75e-04
04:54:59 INFO   e1 step   900/1731  loss=0.4853  acc=0.7281  lr0=1.93e-05 lr1=9.67e-04
04:55:07 INFO   e1 step   950/1731  loss=0.4708  acc=0.7379  lr0=1.92e-05 lr1=9.59e-04
04:55:16 INFO   e1 step  1000/1731  loss=0.4569  acc=0.7469  lr0=1.90e-05 lr1=9.51e-04
04:55:25 INFO   e1 step  1050/1731  loss=0.4435  acc=0.7554  lr0=1.89e-05 lr1=9.43e-04
04:55:34 INFO   e1 step  1100/1731  loss=0.4313  acc=0.7633  lr0=1.87e-05 lr1=9.35e-04
04:55:42 INFO   e1 step  1150/1731  loss=0.4191  acc=0.7707  lr0=1.85e-05 lr1=9.27e-04
04:55:51 INFO   e1 step  1200/1731  loss=0.4076  acc=0.7777  lr0=1.84e-05 lr1=9.18e-04
04:55:59 INFO   e1 step  1250/1731  loss=0.3970  acc=0.7842  lr0=1.82e-05 lr1=9.10e-04
04:56:08 INFO   e1 step  1300/1731  loss=0.3872  acc=0.7901  lr0=1.80e-05 lr1=9.02e-04
04:56:17 INFO   e1 step  1350/1731  loss=0.3769  acc=0.7962  lr0=1.79e-05 lr1=8.94e-04
04:56:25 INFO   e1 step  1400/1731  loss=0.3673  acc=0.8019  lr0=1.77e-05 lr1=8.86e-04
04:56:34 INFO   e1 step  1450/1731  loss=0.3584  acc=0.8073  lr0=1.76e-05 lr1=8.78e-04
04:56:42 INFO   e1 step  1500/1731  loss=0.3499  acc=0.8122  lr0=1.74e-05 lr1=8.70e-04
04:56:51 INFO   e1 step  1550/1731  loss=0.3423  acc=0.8168  lr0=1.72e-05 lr1=8.62e-04
04:56:59 INFO   e1 step  1600/1731  loss=0.3349  acc=0.8212  lr0=1.71e-05 lr1=8.54e-04
04:57:08 INFO   e1 step  1650/1731  loss=0.3276  acc=0.8255  lr0=1.69e-05 lr1=8.46e-04
04:57:16 INFO   e1 step  1700/1731  loss=0.3207  acc=0.8297  lr0=1.68e-05 lr1=8.38e-04
04:57:26 INFO [epoch 1] train_loss=0.3165 train_acc=0.8321  val_loss=0.6630 val_acc=0.8178 val_auc=0.9041  elapsed=302.5s
04:57:26 INFO   saved best.pt  val_acc=0.8178
04:57:35 INFO   e2 step    50/1731  loss=0.0736  acc=0.9688  lr0=1.65e-05 lr1=8.25e-04
04:57:44 INFO   e2 step   100/1731  loss=0.0847  acc=0.9650  lr0=1.63e-05 lr1=8.17e-04
04:57:52 INFO   e2 step   150/1731  loss=0.0826  acc=0.9675  lr0=1.62e-05 lr1=8.09e-04
04:58:01 INFO   e2 step   200/1731  loss=0.0788  acc=0.9692  lr0=1.60e-05 lr1=8.01e-04
04:58:10 INFO   e2 step   250/1731  loss=0.0765  acc=0.9701  lr0=1.59e-05 lr1=7.93e-04
04:58:18 INFO   e2 step   300/1731  loss=0.0740  acc=0.9711  lr0=1.57e-05 lr1=7.85e-04
04:58:26 INFO   e2 step   350/1731  loss=0.0742  acc=0.9712  lr0=1.55e-05 lr1=7.77e-04
04:58:35 INFO   e2 step   400/1731  loss=0.0727  acc=0.9719  lr0=1.54e-05 lr1=7.69e-04
04:58:44 INFO   e2 step   450/1731  loss=0.0716  acc=0.9723  lr0=1.52e-05 lr1=7.61e-04
04:58:52 INFO   e2 step   500/1731  loss=0.0696  acc=0.9731  lr0=1.51e-05 lr1=7.53e-04
04:59:01 INFO   e2 step   550/1731  loss=0.0686  acc=0.9736  lr0=1.49e-05 lr1=7.45e-04
04:59:09 INFO   e2 step   600/1731  loss=0.0685  acc=0.9735  lr0=1.47e-05 lr1=7.37e-04
04:59:18 INFO   e2 step   650/1731  loss=0.0666  acc=0.9740  lr0=1.46e-05 lr1=7.29e-04
04:59:27 INFO   e2 step   700/1731  loss=0.0652  acc=0.9744  lr0=1.44e-05 lr1=7.21e-04
04:59:35 INFO   e2 step   750/1731  loss=0.0646  acc=0.9747  lr0=1.43e-05 lr1=7.13e-04
04:59:44 INFO   e2 step   800/1731  loss=0.0644  acc=0.9746  lr0=1.41e-05 lr1=7.05e-04
04:59:53 INFO   e2 step   850/1731  loss=0.0639  acc=0.9747  lr0=1.39e-05 lr1=6.97e-04
05:00:01 INFO   e2 step   900/1731  loss=0.0628  acc=0.9751  lr0=1.38e-05 lr1=6.89e-04
05:00:10 INFO   e2 step   950/1731  loss=0.0624  acc=0.9753  lr0=1.36e-05 lr1=6.81e-04
05:00:18 INFO   e2 step  1000/1731  loss=0.0616  acc=0.9757  lr0=1.35e-05 lr1=6.73e-04
05:00:27 INFO   e2 step  1050/1731  loss=0.0610  acc=0.9759  lr0=1.33e-05 lr1=6.65e-04
05:00:36 INFO   e2 step  1100/1731  loss=0.0600  acc=0.9762  lr0=1.31e-05 lr1=6.57e-04
05:00:45 INFO   e2 step  1150/1731  loss=0.0602  acc=0.9762  lr0=1.30e-05 lr1=6.49e-04
05:00:53 INFO   e2 step  1200/1731  loss=0.0595  acc=0.9765  lr0=1.28e-05 lr1=6.41e-04
05:01:02 INFO   e2 step  1250/1731  loss=0.0587  acc=0.9768  lr0=1.27e-05 lr1=6.33e-04
05:01:11 INFO   e2 step  1300/1731  loss=0.0579  acc=0.9771  lr0=1.25e-05 lr1=6.25e-04
05:01:19 INFO   e2 step  1350/1731  loss=0.0573  acc=0.9773  lr0=1.23e-05 lr1=6.17e-04
05:01:28 INFO   e2 step  1400/1731  loss=0.0570  acc=0.9774  lr0=1.22e-05 lr1=6.09e-04
05:01:36 INFO   e2 step  1450/1731  loss=0.0564  acc=0.9776  lr0=1.20e-05 lr1=6.01e-04
05:01:45 INFO   e2 step  1500/1731  loss=0.0560  acc=0.9778  lr0=1.19e-05 lr1=5.93e-04
05:01:54 INFO   e2 step  1550/1731  loss=0.0558  acc=0.9779  lr0=1.17e-05 lr1=5.85e-04
05:02:02 INFO   e2 step  1600/1731  loss=0.0553  acc=0.9780  lr0=1.15e-05 lr1=5.77e-04
05:02:11 INFO   e2 step  1650/1731  loss=0.0551  acc=0.9781  lr0=1.14e-05 lr1=5.69e-04
05:02:19 INFO   e2 step  1700/1731  loss=0.0547  acc=0.9782  lr0=1.12e-05 lr1=5.60e-04
05:02:29 INFO [epoch 2] train_loss=0.0545 train_acc=0.9783  val_loss=0.8869 val_acc=0.8496 val_auc=0.9115  elapsed=302.4s
05:02:29 INFO   saved best.pt  val_acc=0.8496
05:02:38 INFO   e3 step    50/1731  loss=0.0253  acc=0.9872  lr0=1.09e-05 lr1=5.47e-04
05:02:47 INFO   e3 step   100/1731  loss=0.0250  acc=0.9881  lr0=1.08e-05 lr1=5.39e-04
05:02:55 INFO   e3 step   150/1731  loss=0.0283  acc=0.9871  lr0=1.06e-05 lr1=5.31e-04
05:03:04 INFO   e3 step   200/1731  loss=0.0291  acc=0.9873  lr0=1.05e-05 lr1=5.23e-04
05:03:13 INFO   e3 step   250/1731  loss=0.0300  acc=0.9871  lr0=1.03e-05 lr1=5.15e-04
05:03:21 INFO   e3 step   300/1731  loss=0.0287  acc=0.9876  lr0=1.01e-05 lr1=5.07e-04
05:03:30 INFO   e3 step   350/1731  loss=0.0292  acc=0.9875  lr0=9.99e-06 lr1=4.99e-04
05:03:38 INFO   e3 step   400/1731  loss=0.0293  acc=0.9875  lr0=9.83e-06 lr1=4.91e-04
05:03:47 INFO   e3 step   450/1731  loss=0.0290  acc=0.9874  lr0=9.67e-06 lr1=4.83e-04
05:03:56 INFO   e3 step   500/1731  loss=0.0290  acc=0.9872  lr0=9.51e-06 lr1=4.75e-04
05:04:04 INFO   e3 step   550/1731  loss=0.0286  acc=0.9874  lr0=9.35e-06 lr1=4.67e-04
05:04:13 INFO   e3 step   600/1731  loss=0.0282  acc=0.9877  lr0=9.18e-06 lr1=4.59e-04
05:04:22 INFO   e3 step   650/1731  loss=0.0282  acc=0.9876  lr0=9.02e-06 lr1=4.51e-04
05:04:30 INFO   e3 step   700/1731  loss=0.0279  acc=0.9877  lr0=8.86e-06 lr1=4.43e-04
05:04:39 INFO   e3 step   750/1731  loss=0.0276  acc=0.9878  lr0=8.70e-06 lr1=4.35e-04
05:04:47 INFO   e3 step   800/1731  loss=0.0272  acc=0.9879  lr0=8.54e-06 lr1=4.27e-04
05:04:56 INFO   e3 step   850/1731  loss=0.0270  acc=0.9879  lr0=8.38e-06 lr1=4.19e-04
05:05:05 INFO   e3 step   900/1731  loss=0.0270  acc=0.9880  lr0=8.22e-06 lr1=4.11e-04
05:05:13 INFO   e3 step   950/1731  loss=0.0272  acc=0.9880  lr0=8.06e-06 lr1=4.03e-04
05:05:22 INFO   e3 step  1000/1731  loss=0.0273  acc=0.9880  lr0=7.90e-06 lr1=3.95e-04
05:05:30 INFO   e3 step  1050/1731  loss=0.0272  acc=0.9879  lr0=7.74e-06 lr1=3.87e-04
05:05:39 INFO   e3 step  1100/1731  loss=0.0268  acc=0.9880  lr0=7.58e-06 lr1=3.79e-04
05:05:47 INFO   e3 step  1150/1731  loss=0.0268  acc=0.9881  lr0=7.42e-06 lr1=3.71e-04
05:05:56 INFO   e3 step  1200/1731  loss=0.0268  acc=0.9881  lr0=7.26e-06 lr1=3.63e-04
05:06:05 INFO   e3 step  1250/1731  loss=0.0268  acc=0.9880  lr0=7.10e-06 lr1=3.55e-04
05:06:13 INFO   e3 step  1300/1731  loss=0.0267  acc=0.9880  lr0=6.94e-06 lr1=3.47e-04
05:06:22 INFO   e3 step  1350/1731  loss=0.0264  acc=0.9882  lr0=6.78e-06 lr1=3.39e-04
05:06:31 INFO   e3 step  1400/1731  loss=0.0261  acc=0.9883  lr0=6.62e-06 lr1=3.31e-04
05:06:39 INFO   e3 step  1450/1731  loss=0.0261  acc=0.9883  lr0=6.46e-06 lr1=3.23e-04
05:06:48 INFO   e3 step  1500/1731  loss=0.0261  acc=0.9883  lr0=6.30e-06 lr1=3.15e-04
05:06:56 INFO   e3 step  1550/1731  loss=0.0260  acc=0.9884  lr0=6.14e-06 lr1=3.07e-04
05:07:05 INFO   e3 step  1600/1731  loss=0.0259  acc=0.9884  lr0=5.98e-06 lr1=2.99e-04
05:07:14 INFO   e3 step  1650/1731  loss=0.0258  acc=0.9884  lr0=5.82e-06 lr1=2.91e-04
05:07:23 INFO   e3 step  1700/1731  loss=0.0257  acc=0.9884  lr0=5.65e-06 lr1=2.83e-04
05:07:32 INFO [epoch 3] train_loss=0.0258 train_acc=0.9884  val_loss=1.2062 val_acc=0.8541 val_auc=0.9028  elapsed=302.7s
05:07:33 INFO   saved best.pt  val_acc=0.8541
05:07:41 INFO   e4 step    50/1731  loss=0.0151  acc=0.9931  lr0=5.39e-06 lr1=2.70e-04
05:07:50 INFO   e4 step   100/1731  loss=0.0190  acc=0.9919  lr0=5.23e-06 lr1=2.62e-04
05:07:58 INFO   e4 step   150/1731  loss=0.0198  acc=0.9915  lr0=5.07e-06 lr1=2.54e-04
05:08:07 INFO   e4 step   200/1731  loss=0.0191  acc=0.9912  lr0=4.91e-06 lr1=2.46e-04
05:08:15 INFO   e4 step   250/1731  loss=0.0187  acc=0.9911  lr0=4.75e-06 lr1=2.38e-04
05:08:24 INFO   e4 step   300/1731  loss=0.0192  acc=0.9907  lr0=4.59e-06 lr1=2.30e-04
05:08:33 INFO   e4 step   350/1731  loss=0.0194  acc=0.9908  lr0=4.43e-06 lr1=2.22e-04
05:08:41 INFO   e4 step   400/1731  loss=0.0190  acc=0.9908  lr0=4.27e-06 lr1=2.14e-04
05:08:50 INFO   e4 step   450/1731  loss=0.0192  acc=0.9910  lr0=4.11e-06 lr1=2.06e-04
05:08:58 INFO   e4 step   500/1731  loss=0.0193  acc=0.9909  lr0=3.95e-06 lr1=1.98e-04
05:09:07 INFO   e4 step   550/1731  loss=0.0187  acc=0.9911  lr0=3.79e-06 lr1=1.90e-04
05:09:16 INFO   e4 step   600/1731  loss=0.0185  acc=0.9910  lr0=3.63e-06 lr1=1.81e-04
05:09:24 INFO   e4 step   650/1731  loss=0.0190  acc=0.9906  lr0=3.47e-06 lr1=1.73e-04
05:09:33 INFO   e4 step   700/1731  loss=0.0189  acc=0.9906  lr0=3.31e-06 lr1=1.65e-04
05:09:42 INFO   e4 step   750/1731  loss=0.0189  acc=0.9906  lr0=3.15e-06 lr1=1.57e-04
05:09:50 INFO   e4 step   800/1731  loss=0.0188  acc=0.9906  lr0=2.99e-06 lr1=1.49e-04
05:09:59 INFO   e4 step   850/1731  loss=0.0188  acc=0.9904  lr0=2.83e-06 lr1=1.41e-04
05:10:07 INFO   e4 step   900/1731  loss=0.0187  acc=0.9904  lr0=2.67e-06 lr1=1.33e-04
05:10:16 INFO   e4 step   950/1731  loss=0.0189  acc=0.9903  lr0=2.51e-06 lr1=1.25e-04
05:10:25 INFO   e4 step  1000/1731  loss=0.0188  acc=0.9904  lr0=2.35e-06 lr1=1.17e-04
05:10:33 INFO   e4 step  1050/1731  loss=0.0186  acc=0.9905  lr0=2.19e-06 lr1=1.09e-04
05:10:42 INFO   e4 step  1100/1731  loss=0.0185  acc=0.9906  lr0=2.03e-06 lr1=1.01e-04
05:10:51 INFO   e4 step  1150/1731  loss=0.0185  acc=0.9907  lr0=1.86e-06 lr1=9.32e-05
05:10:59 INFO   e4 step  1200/1731  loss=0.0188  acc=0.9906  lr0=1.70e-06 lr1=8.52e-05
05:11:08 INFO   e4 step  1250/1731  loss=0.0188  acc=0.9906  lr0=1.54e-06 lr1=7.72e-05
05:11:17 INFO   e4 step  1300/1731  loss=0.0186  acc=0.9907  lr0=1.38e-06 lr1=6.92e-05
05:11:25 INFO   e4 step  1350/1731  loss=0.0186  acc=0.9907  lr0=1.22e-06 lr1=6.11e-05
05:11:34 INFO   e4 step  1400/1731  loss=0.0185  acc=0.9907  lr0=1.06e-06 lr1=5.31e-05
05:11:43 INFO   e4 step  1450/1731  loss=0.0186  acc=0.9907  lr0=9.02e-07 lr1=4.51e-05
05:11:51 INFO   e4 step  1500/1731  loss=0.0185  acc=0.9907  lr0=7.41e-07 lr1=3.71e-05
05:12:00 INFO   e4 step  1550/1731  loss=0.0185  acc=0.9907  lr0=5.81e-07 lr1=2.90e-05
05:12:09 INFO   e4 step  1600/1731  loss=0.0183  acc=0.9908  lr0=4.20e-07 lr1=2.10e-05
05:12:17 INFO   e4 step  1650/1731  loss=0.0182  acc=0.9908  lr0=2.60e-07 lr1=1.30e-05
05:12:26 INFO   e4 step  1700/1731  loss=0.0181  acc=0.9909  lr0=9.95e-08 lr1=4.97e-06
05:12:35 INFO [epoch 4] train_loss=0.0181 train_acc=0.9909  val_loss=1.2641 val_acc=0.8589 val_auc=0.9022  elapsed=302.7s
05:12:36 INFO   saved best.pt  val_acc=0.8589
05:12:36 INFO loading best.pt for test eval
05:12:41 INFO [test] loss=1.6904  acc=0.8145  auc=0.8646  f1=0.8082
05:12:42 INFO [done] run_summary.json written to /mnt/localssd/crossencoder_sweep/runs/aep_causal_cls34/bge-base-en-v1.5
