[config] dataset=aep_causal_classification_t  neg_type=hard  k=4  epochs=5  batch=32  grad_accum=2  eff_batch=64  max_len=256  total_steps=21640  warmup=1298  params=194,537,473
  step=500/21640  loss=0.4306  lr=7.70e-06  epoch=1
  step=1000/21640  loss=0.4365  lr=1.54e-05  epoch=1
  step=1500/21640  loss=0.4878  lr=1.98e-05  epoch=1
  step=2000/21640  loss=0.3541  lr=1.93e-05  epoch=1
  step=2500/21640  loss=0.5374  lr=1.88e-05  epoch=1
  step=3000/21640  loss=0.4783  lr=1.83e-05  epoch=1
  step=3500/21640  loss=0.4816  lr=1.78e-05  epoch=1
  step=4000/21640  loss=0.3716  lr=1.73e-05  epoch=1
[epoch 1/5]  train_loss=0.5033  val_AUC=0.5000  val_Acc=0.8000  (888s)
  * new best val_AUC=0.5000
  step=4500/21640  loss=0.5173  lr=1.69e-05  epoch=2
  step=5000/21640  loss=0.6129  lr=1.64e-05  epoch=2
  step=5500/21640  loss=0.6915  lr=1.59e-05  epoch=2
  step=6000/21640  loss=0.4901  lr=1.54e-05  epoch=2
  step=6500/21640  loss=0.5718  lr=1.49e-05  epoch=2
  step=7000/21640  loss=0.4901  lr=1.44e-05  epoch=2
  step=7500/21640  loss=0.5778  lr=1.39e-05  epoch=2
  step=8000/21640  loss=0.5293  lr=1.34e-05  epoch=2
  step=8500/21640  loss=0.3938  lr=1.29e-05  epoch=2
[epoch 2/5]  train_loss=0.5014  val_AUC=0.4998  val_Acc=0.8000  (1778s)
  no improvement (best=0.5000, patience 1/2)
  step=9000/21640  loss=0.4875  lr=1.24e-05  epoch=3
  step=9500/21640  loss=0.5604  lr=1.19e-05  epoch=3
  step=10000/21640  loss=0.6074  lr=1.14e-05  epoch=3
  step=10500/21640  loss=0.4840  lr=1.10e-05  epoch=3
  step=11000/21640  loss=0.6620  lr=1.05e-05  epoch=3
  step=11500/21640  loss=0.5263  lr=9.97e-06  epoch=3
  step=12000/21640  loss=0.4033  lr=9.48e-06  epoch=3
  step=12500/21640  loss=0.4463  lr=8.99e-06  epoch=3
[epoch 3/5]  train_loss=0.5011  val_AUC=0.5000  val_Acc=0.8000  (2667s)
  no improvement (best=0.5000, patience 2/2)
[early stop] triggered at epoch 3

[test] loading checkpoint_best.pt …
[test]  AUC=0.5000  Acc=0.8000

[done]  neg_type=hard  best_val_AUC=0.5000  test_AUC=0.5000  test_Acc=0.8000
