[train] dataset=aep_causal total_steps=2580 warmup=154 batch_size=32 epochs=15 max_length=256 params=194,537,473  loss=listwise_softmax(group=5)  early_stop=(thresh 0.002, patience 3)
[epoch 1/15]  train_loss=1.2830  val_AUC=0.6736  val_P@1=0.4057  (74s)
  * new best val_P@1=0.4057, saved checkpoint_best.pt
  step=   200/2580  loss=1.2790  lr=1.96e-05  epoch=2
[epoch 2/15]  train_loss=1.1556  val_AUC=0.6926  val_P@1=0.3950  (149s)
  no improvement (best_P@1=0.4057, bad_epochs=1/3)
  step=   400/2580  loss=1.0639  lr=1.80e-05  epoch=3
[epoch 3/15]  train_loss=1.0577  val_AUC=0.7176  val_P@1=0.4377  (224s)
  * new best val_P@1=0.4377, saved checkpoint_best.pt
  step=   600/2580  loss=0.9987  lr=1.63e-05  epoch=4
[epoch 4/15]  train_loss=0.9656  val_AUC=0.7265  val_P@1=0.4733  (300s)
  * new best val_P@1=0.4733, saved checkpoint_best.pt
  step=   800/2580  loss=0.8322  lr=1.47e-05  epoch=5
[epoch 5/15]  train_loss=0.8925  val_AUC=0.7290  val_P@1=0.4644  (376s)
  no improvement (best_P@1=0.4733, bad_epochs=1/3)
  step=  1000/2580  loss=1.0109  lr=1.30e-05  epoch=6
[epoch 6/15]  train_loss=0.8197  val_AUC=0.7370  val_P@1=0.4698  (450s)
  no improvement (best_P@1=0.4733, bad_epochs=2/3)
  step=  1200/2580  loss=0.8660  lr=1.14e-05  epoch=7
[epoch 7/15]  train_loss=0.7659  val_AUC=0.7380  val_P@1=0.4786  (525s)
  * new best val_P@1=0.4786, saved checkpoint_best.pt
[epoch 8/15]  train_loss=0.7149  val_AUC=0.7430  val_P@1=0.4751  (600s)
  no improvement (best_P@1=0.4786, bad_epochs=1/3)
  step=  1400/2580  loss=0.7377  lr=9.73e-06  epoch=9
[epoch 9/15]  train_loss=0.6906  val_AUC=0.7422  val_P@1=0.4680  (676s)
  no improvement (best_P@1=0.4786, bad_epochs=2/3)
  step=  1600/2580  loss=0.5669  lr=8.08e-06  epoch=10
[epoch 10/15]  train_loss=0.6527  val_AUC=0.7444  val_P@1=0.4680  (750s)
  no improvement (best_P@1=0.4786, bad_epochs=3/3)
[early stop] no val-P@1 improvement for 3 epochs.

[done]  best val_P@1=0.4786  stopped_early=True
  best:   /mnt/localssd/new_base_line/internship-causal-embedding/my_work/kl/cross_encoder_2x/results/aep_causal/checkpoint_best.pt
  latest: /mnt/localssd/new_base_line/internship-causal-embedding/my_work/kl/cross_encoder_2x/results/aep_causal/checkpoint_latest.pt
