22:55:47 INFO run_dir=runs/crossencoder/ce_semantic
22:55:47 INFO device=cuda  bf16=True
22:55:47 INFO tokenizer <- bert-base-uncased
Warning: You are sending unauthenticated requests to the HF Hub. Please set a HF_TOKEN to enable higher rate limits and faster downloads.
22:55:50 INFO scanning max JOINT token length across all splits
[transformers] Token indices sequence length is longer than the specified maximum sequence length for this model (576 > 512). Running this sequence through the model will result in indexing errors
22:58:39 INFO   observed max joint tokens=859  -> max_seq_len=512  (cap 512, scan 169.5s)
22:58:39 INFO loading datasets
22:58:42 INFO   train=261210  val=14736  test=6004
22:58:42 INFO building CrossEncoderClassifier on bert-base-uncased
Loading weights:   0%|          | 0/199 [00:00<?, ?it/s]Loading weights: 100%|██████████| 199/199 [00:00<00:00, 6428.87it/s]
[transformers] [1mBertModel LOAD REPORT[0m from: bert-base-uncased
Key                                        | Status     |  | 
-------------------------------------------+------------+--+-
cls.predictions.transform.dense.weight     | UNEXPECTED |  | 
cls.seq_relationship.bias                  | UNEXPECTED |  | 
cls.predictions.bias                       | UNEXPECTED |  | 
cls.predictions.transform.LayerNorm.weight | UNEXPECTED |  | 
cls.predictions.transform.LayerNorm.bias   | UNEXPECTED |  | 
cls.seq_relationship.weight                | UNEXPECTED |  | 
cls.predictions.transform.dense.bias       | UNEXPECTED |  | 

Notes:
- UNEXPECTED:	can be ignored when loading from different task/architecture; not ok if you expect identical arch.
22:58:43 INFO   hidden_size=768  trainable_params=109,483,009
22:58:43 INFO   total_steps=24489  warmup_steps=2448
22:58:49 INFO   e1 step    50/8163  loss=0.6039  acc=0.6937  lr0=4.08e-07 lr1=2.04e-05
22:58:54 INFO   e1 step   100/8163  loss=0.5675  acc=0.7397  lr0=8.17e-07 lr1=4.08e-05
22:58:59 INFO   e1 step   150/8163  loss=0.5405  acc=0.7623  lr0=1.23e-06 lr1=6.13e-05
22:59:04 INFO   e1 step   200/8163  loss=0.5403  acc=0.7627  lr0=1.63e-06 lr1=8.17e-05
22:59:08 INFO   e1 step   250/8163  loss=0.5347  acc=0.7645  lr0=2.04e-06 lr1=1.02e-04
22:59:13 INFO   e1 step   300/8163  loss=0.5282  acc=0.7675  lr0=2.45e-06 lr1=1.23e-04
22:59:18 INFO   e1 step   350/8163  loss=0.5203  acc=0.7709  lr0=2.86e-06 lr1=1.43e-04
22:59:23 INFO   e1 step   400/8163  loss=0.5112  acc=0.7736  lr0=3.27e-06 lr1=1.63e-04
22:59:28 INFO   e1 step   450/8163  loss=0.5025  acc=0.7767  lr0=3.68e-06 lr1=1.84e-04
22:59:32 INFO   e1 step   500/8163  loss=0.4952  acc=0.7778  lr0=4.08e-06 lr1=2.04e-04
22:59:37 INFO   e1 step   550/8163  loss=0.4871  acc=0.7807  lr0=4.49e-06 lr1=2.25e-04
22:59:42 INFO   e1 step   600/8163  loss=0.4783  acc=0.7830  lr0=4.90e-06 lr1=2.45e-04
22:59:47 INFO   e1 step   650/8163  loss=0.4676  acc=0.7879  lr0=5.31e-06 lr1=2.66e-04
22:59:51 INFO   e1 step   700/8163  loss=0.4581  acc=0.7914  lr0=5.72e-06 lr1=2.86e-04
22:59:56 INFO   e1 step   750/8163  loss=0.4488  acc=0.7955  lr0=6.13e-06 lr1=3.06e-04
23:00:01 INFO   e1 step   800/8163  loss=0.4386  acc=0.7999  lr0=6.54e-06 lr1=3.27e-04
23:00:06 INFO   e1 step   850/8163  loss=0.4287  acc=0.8045  lr0=6.94e-06 lr1=3.47e-04
23:00:10 INFO   e1 step   900/8163  loss=0.4189  acc=0.8097  lr0=7.35e-06 lr1=3.68e-04
23:00:15 INFO   e1 step   950/8163  loss=0.4089  acc=0.8147  lr0=7.76e-06 lr1=3.88e-04
23:00:20 INFO   e1 step  1000/8163  loss=0.3990  acc=0.8194  lr0=8.17e-06 lr1=4.08e-04
23:00:25 INFO   e1 step  1050/8163  loss=0.3886  acc=0.8245  lr0=8.58e-06 lr1=4.29e-04
23:00:29 INFO   e1 step  1100/8163  loss=0.3798  acc=0.8289  lr0=8.99e-06 lr1=4.49e-04
23:00:34 INFO   e1 step  1150/8163  loss=0.3704  acc=0.8334  lr0=9.40e-06 lr1=4.70e-04
23:00:39 INFO   e1 step  1200/8163  loss=0.3619  acc=0.8374  lr0=9.80e-06 lr1=4.90e-04
23:00:44 INFO   e1 step  1250/8163  loss=0.3537  acc=0.8414  lr0=1.02e-05 lr1=5.11e-04
23:00:48 INFO   e1 step  1300/8163  loss=0.3455  acc=0.8453  lr0=1.06e-05 lr1=5.31e-04
23:00:53 INFO   e1 step  1350/8163  loss=0.3393  acc=0.8485  lr0=1.10e-05 lr1=5.51e-04
23:00:58 INFO   e1 step  1400/8163  loss=0.3319  acc=0.8519  lr0=1.14e-05 lr1=5.72e-04
23:01:03 INFO   e1 step  1450/8163  loss=0.3250  acc=0.8552  lr0=1.18e-05 lr1=5.92e-04
23:01:08 INFO   e1 step  1500/8163  loss=0.3186  acc=0.8584  lr0=1.23e-05 lr1=6.13e-04
23:01:12 INFO   e1 step  1550/8163  loss=0.3129  acc=0.8611  lr0=1.27e-05 lr1=6.33e-04
23:01:17 INFO   e1 step  1600/8163  loss=0.3075  acc=0.8638  lr0=1.31e-05 lr1=6.54e-04
23:01:22 INFO   e1 step  1650/8163  loss=0.3020  acc=0.8664  lr0=1.35e-05 lr1=6.74e-04
23:01:27 INFO   e1 step  1700/8163  loss=0.2961  acc=0.8691  lr0=1.39e-05 lr1=6.94e-04
23:01:31 INFO   e1 step  1750/8163  loss=0.2912  acc=0.8715  lr0=1.43e-05 lr1=7.15e-04
23:01:36 INFO   e1 step  1800/8163  loss=0.2863  acc=0.8738  lr0=1.47e-05 lr1=7.35e-04
23:01:41 INFO   e1 step  1850/8163  loss=0.2818  acc=0.8760  lr0=1.51e-05 lr1=7.56e-04
23:01:46 INFO   e1 step  1900/8163  loss=0.2771  acc=0.8782  lr0=1.55e-05 lr1=7.76e-04
23:01:50 INFO   e1 step  1950/8163  loss=0.2726  acc=0.8804  lr0=1.59e-05 lr1=7.97e-04
23:01:55 INFO   e1 step  2000/8163  loss=0.2680  acc=0.8826  lr0=1.63e-05 lr1=8.17e-04
23:02:00 INFO   e1 step  2050/8163  loss=0.2640  acc=0.8846  lr0=1.67e-05 lr1=8.37e-04
23:02:04 INFO   e1 step  2100/8163  loss=0.2602  acc=0.8865  lr0=1.72e-05 lr1=8.58e-04
23:02:09 INFO   e1 step  2150/8163  loss=0.2564  acc=0.8883  lr0=1.76e-05 lr1=8.78e-04
23:02:14 INFO   e1 step  2200/8163  loss=0.2525  acc=0.8902  lr0=1.80e-05 lr1=8.99e-04
23:02:19 INFO   e1 step  2250/8163  loss=0.2494  acc=0.8917  lr0=1.84e-05 lr1=9.19e-04
23:02:24 INFO   e1 step  2300/8163  loss=0.2466  acc=0.8931  lr0=1.88e-05 lr1=9.40e-04
23:02:28 INFO   e1 step  2350/8163  loss=0.2433  acc=0.8947  lr0=1.92e-05 lr1=9.60e-04
23:02:33 INFO   e1 step  2400/8163  loss=0.2402  acc=0.8962  lr0=1.96e-05 lr1=9.80e-04
23:02:38 INFO   e1 step  2450/8163  loss=0.2377  acc=0.8975  lr0=2.00e-05 lr1=1.00e-03
23:02:43 INFO   e1 step  2500/8163  loss=0.2347  acc=0.8989  lr0=2.00e-05 lr1=9.98e-04
23:02:47 INFO   e1 step  2550/8163  loss=0.2316  acc=0.9005  lr0=1.99e-05 lr1=9.95e-04
23:02:52 INFO   e1 step  2600/8163  loss=0.2290  acc=0.9017  lr0=1.99e-05 lr1=9.93e-04
23:02:57 INFO   e1 step  2650/8163  loss=0.2262  acc=0.9031  lr0=1.98e-05 lr1=9.91e-04
23:03:02 INFO   e1 step  2700/8163  loss=0.2236  acc=0.9044  lr0=1.98e-05 lr1=9.89e-04
23:03:07 INFO   e1 step  2750/8163  loss=0.2211  acc=0.9056  lr0=1.97e-05 lr1=9.86e-04
23:03:11 INFO   e1 step  2800/8163  loss=0.2184  acc=0.9068  lr0=1.97e-05 lr1=9.84e-04
23:03:16 INFO   e1 step  2850/8163  loss=0.2157  acc=0.9081  lr0=1.96e-05 lr1=9.82e-04
23:03:21 INFO   e1 step  2900/8163  loss=0.2130  acc=0.9093  lr0=1.96e-05 lr1=9.79e-04
23:03:26 INFO   e1 step  2950/8163  loss=0.2104  acc=0.9105  lr0=1.95e-05 lr1=9.77e-04
23:03:30 INFO   e1 step  3000/8163  loss=0.2080  acc=0.9117  lr0=1.95e-05 lr1=9.75e-04
23:03:35 INFO   e1 step  3050/8163  loss=0.2055  acc=0.9128  lr0=1.95e-05 lr1=9.73e-04
23:03:40 INFO   e1 step  3100/8163  loss=0.2034  acc=0.9138  lr0=1.94e-05 lr1=9.70e-04
23:03:45 INFO   e1 step  3150/8163  loss=0.2012  acc=0.9149  lr0=1.94e-05 lr1=9.68e-04
23:03:50 INFO   e1 step  3200/8163  loss=0.1991  acc=0.9159  lr0=1.93e-05 lr1=9.66e-04
23:03:54 INFO   e1 step  3250/8163  loss=0.1968  acc=0.9169  lr0=1.93e-05 lr1=9.64e-04
23:03:59 INFO   e1 step  3300/8163  loss=0.1947  acc=0.9179  lr0=1.92e-05 lr1=9.61e-04
23:04:04 INFO   e1 step  3350/8163  loss=0.1926  acc=0.9188  lr0=1.92e-05 lr1=9.59e-04
23:04:09 INFO   e1 step  3400/8163  loss=0.1906  acc=0.9198  lr0=1.91e-05 lr1=9.57e-04
23:04:14 INFO   e1 step  3450/8163  loss=0.1884  acc=0.9208  lr0=1.91e-05 lr1=9.55e-04
23:04:18 INFO   e1 step  3500/8163  loss=0.1866  acc=0.9217  lr0=1.90e-05 lr1=9.52e-04
23:04:23 INFO   e1 step  3550/8163  loss=0.1848  acc=0.9226  lr0=1.90e-05 lr1=9.50e-04
23:04:28 INFO   e1 step  3600/8163  loss=0.1830  acc=0.9234  lr0=1.90e-05 lr1=9.48e-04
23:04:33 INFO   e1 step  3650/8163  loss=0.1812  acc=0.9242  lr0=1.89e-05 lr1=9.45e-04
23:04:37 INFO   e1 step  3700/8163  loss=0.1796  acc=0.9250  lr0=1.89e-05 lr1=9.43e-04
23:04:42 INFO   e1 step  3750/8163  loss=0.1780  acc=0.9257  lr0=1.88e-05 lr1=9.41e-04
23:04:47 INFO   e1 step  3800/8163  loss=0.1763  acc=0.9265  lr0=1.88e-05 lr1=9.39e-04
23:04:52 INFO   e1 step  3850/8163  loss=0.1747  acc=0.9273  lr0=1.87e-05 lr1=9.36e-04
23:04:56 INFO   e1 step  3900/8163  loss=0.1729  acc=0.9281  lr0=1.87e-05 lr1=9.34e-04
23:05:01 INFO   e1 step  3950/8163  loss=0.1713  acc=0.9288  lr0=1.86e-05 lr1=9.32e-04
23:05:06 INFO   e1 step  4000/8163  loss=0.1697  acc=0.9295  lr0=1.86e-05 lr1=9.30e-04
23:05:11 INFO   e1 step  4050/8163  loss=0.1681  acc=0.9302  lr0=1.85e-05 lr1=9.27e-04
23:05:16 INFO   e1 step  4100/8163  loss=0.1666  acc=0.9309  lr0=1.85e-05 lr1=9.25e-04
23:05:20 INFO   e1 step  4150/8163  loss=0.1650  acc=0.9316  lr0=1.85e-05 lr1=9.23e-04
23:05:25 INFO   e1 step  4200/8163  loss=0.1634  acc=0.9323  lr0=1.84e-05 lr1=9.21e-04
23:05:30 INFO   e1 step  4250/8163  loss=0.1619  acc=0.9329  lr0=1.84e-05 lr1=9.18e-04
23:05:35 INFO   e1 step  4300/8163  loss=0.1605  acc=0.9336  lr0=1.83e-05 lr1=9.16e-04
23:05:40 INFO   e1 step  4350/8163  loss=0.1590  acc=0.9342  lr0=1.83e-05 lr1=9.14e-04
23:05:45 INFO   e1 step  4400/8163  loss=0.1576  acc=0.9348  lr0=1.82e-05 lr1=9.11e-04
23:05:49 INFO   e1 step  4450/8163  loss=0.1562  acc=0.9355  lr0=1.82e-05 lr1=9.09e-04
23:05:54 INFO   e1 step  4500/8163  loss=0.1549  acc=0.9361  lr0=1.81e-05 lr1=9.07e-04
23:05:59 INFO   e1 step  4550/8163  loss=0.1536  acc=0.9366  lr0=1.81e-05 lr1=9.05e-04
23:06:04 INFO   e1 step  4600/8163  loss=0.1523  acc=0.9371  lr0=1.80e-05 lr1=9.02e-04
23:06:09 INFO   e1 step  4650/8163  loss=0.1508  acc=0.9377  lr0=1.80e-05 lr1=9.00e-04
23:06:13 INFO   e1 step  4700/8163  loss=0.1495  acc=0.9383  lr0=1.80e-05 lr1=8.98e-04
23:06:18 INFO   e1 step  4750/8163  loss=0.1483  acc=0.9389  lr0=1.79e-05 lr1=8.96e-04
23:06:23 INFO   e1 step  4800/8163  loss=0.1471  acc=0.9394  lr0=1.79e-05 lr1=8.93e-04
23:06:28 INFO   e1 step  4850/8163  loss=0.1457  acc=0.9400  lr0=1.78e-05 lr1=8.91e-04
23:06:33 INFO   e1 step  4900/8163  loss=0.1447  acc=0.9405  lr0=1.78e-05 lr1=8.89e-04
23:06:38 INFO   e1 step  4950/8163  loss=0.1436  acc=0.9410  lr0=1.77e-05 lr1=8.86e-04
23:06:42 INFO   e1 step  5000/8163  loss=0.1425  acc=0.9414  lr0=1.77e-05 lr1=8.84e-04
23:06:47 INFO   e1 step  5050/8163  loss=0.1414  acc=0.9419  lr0=1.76e-05 lr1=8.82e-04
23:06:52 INFO   e1 step  5100/8163  loss=0.1404  acc=0.9424  lr0=1.76e-05 lr1=8.80e-04
23:06:57 INFO   e1 step  5150/8163  loss=0.1393  acc=0.9428  lr0=1.75e-05 lr1=8.77e-04
23:07:02 INFO   e1 step  5200/8163  loss=0.1383  acc=0.9433  lr0=1.75e-05 lr1=8.75e-04
23:07:07 INFO   e1 step  5250/8163  loss=0.1372  acc=0.9437  lr0=1.75e-05 lr1=8.73e-04
23:07:11 INFO   e1 step  5300/8163  loss=0.1361  acc=0.9442  lr0=1.74e-05 lr1=8.71e-04
23:07:16 INFO   e1 step  5350/8163  loss=0.1352  acc=0.9446  lr0=1.74e-05 lr1=8.68e-04
23:07:21 INFO   e1 step  5400/8163  loss=0.1342  acc=0.9450  lr0=1.73e-05 lr1=8.66e-04
23:07:26 INFO   e1 step  5450/8163  loss=0.1332  acc=0.9455  lr0=1.73e-05 lr1=8.64e-04
23:07:31 INFO   e1 step  5500/8163  loss=0.1324  acc=0.9459  lr0=1.72e-05 lr1=8.62e-04
23:07:35 INFO   e1 step  5550/8163  loss=0.1314  acc=0.9463  lr0=1.72e-05 lr1=8.59e-04
23:07:40 INFO   e1 step  5600/8163  loss=0.1305  acc=0.9467  lr0=1.71e-05 lr1=8.57e-04
23:07:45 INFO   e1 step  5650/8163  loss=0.1295  acc=0.9471  lr0=1.71e-05 lr1=8.55e-04
23:07:50 INFO   e1 step  5700/8163  loss=0.1286  acc=0.9475  lr0=1.70e-05 lr1=8.52e-04
23:07:54 INFO   e1 step  5750/8163  loss=0.1277  acc=0.9479  lr0=1.70e-05 lr1=8.50e-04
23:07:59 INFO   e1 step  5800/8163  loss=0.1268  acc=0.9483  lr0=1.70e-05 lr1=8.48e-04
23:08:04 INFO   e1 step  5850/8163  loss=0.1260  acc=0.9486  lr0=1.69e-05 lr1=8.46e-04
23:08:09 INFO   e1 step  5900/8163  loss=0.1252  acc=0.9489  lr0=1.69e-05 lr1=8.43e-04
23:08:14 INFO   e1 step  5950/8163  loss=0.1244  acc=0.9493  lr0=1.68e-05 lr1=8.41e-04
23:08:18 INFO   e1 step  6000/8163  loss=0.1236  acc=0.9496  lr0=1.68e-05 lr1=8.39e-04
23:08:23 INFO   e1 step  6050/8163  loss=0.1228  acc=0.9500  lr0=1.67e-05 lr1=8.37e-04
23:08:28 INFO   e1 step  6100/8163  loss=0.1219  acc=0.9503  lr0=1.67e-05 lr1=8.34e-04
23:08:33 INFO   e1 step  6150/8163  loss=0.1211  acc=0.9507  lr0=1.66e-05 lr1=8.32e-04
23:08:38 INFO   e1 step  6200/8163  loss=0.1205  acc=0.9510  lr0=1.66e-05 lr1=8.30e-04
23:08:42 INFO   e1 step  6250/8163  loss=0.1197  acc=0.9513  lr0=1.66e-05 lr1=8.28e-04
23:08:47 INFO   e1 step  6300/8163  loss=0.1189  acc=0.9516  lr0=1.65e-05 lr1=8.25e-04
23:08:52 INFO   e1 step  6350/8163  loss=0.1182  acc=0.9519  lr0=1.65e-05 lr1=8.23e-04
23:08:57 INFO   e1 step  6400/8163  loss=0.1174  acc=0.9523  lr0=1.64e-05 lr1=8.21e-04
23:09:02 INFO   e1 step  6450/8163  loss=0.1167  acc=0.9526  lr0=1.64e-05 lr1=8.18e-04
23:09:06 INFO   e1 step  6500/8163  loss=0.1160  acc=0.9529  lr0=1.63e-05 lr1=8.16e-04
23:09:11 INFO   e1 step  6550/8163  loss=0.1153  acc=0.9532  lr0=1.63e-05 lr1=8.14e-04
23:09:16 INFO   e1 step  6600/8163  loss=0.1145  acc=0.9535  lr0=1.62e-05 lr1=8.12e-04
23:09:21 INFO   e1 step  6650/8163  loss=0.1137  acc=0.9538  lr0=1.62e-05 lr1=8.09e-04
23:09:25 INFO   e1 step  6700/8163  loss=0.1131  acc=0.9541  lr0=1.61e-05 lr1=8.07e-04
23:09:30 INFO   e1 step  6750/8163  loss=0.1125  acc=0.9544  lr0=1.61e-05 lr1=8.05e-04
23:09:35 INFO   e1 step  6800/8163  loss=0.1118  acc=0.9547  lr0=1.61e-05 lr1=8.03e-04
23:09:40 INFO   e1 step  6850/8163  loss=0.1112  acc=0.9550  lr0=1.60e-05 lr1=8.00e-04
23:09:44 INFO   e1 step  6900/8163  loss=0.1105  acc=0.9552  lr0=1.60e-05 lr1=7.98e-04
23:09:49 INFO   e1 step  6950/8163  loss=0.1099  acc=0.9555  lr0=1.59e-05 lr1=7.96e-04
23:09:54 INFO   e1 step  7000/8163  loss=0.1093  acc=0.9557  lr0=1.59e-05 lr1=7.93e-04
23:09:59 INFO   e1 step  7050/8163  loss=0.1086  acc=0.9560  lr0=1.58e-05 lr1=7.91e-04
23:10:03 INFO   e1 step  7100/8163  loss=0.1080  acc=0.9563  lr0=1.58e-05 lr1=7.89e-04
23:10:08 INFO   e1 step  7150/8163  loss=0.1074  acc=0.9565  lr0=1.57e-05 lr1=7.87e-04
23:10:13 INFO   e1 step  7200/8163  loss=0.1069  acc=0.9568  lr0=1.57e-05 lr1=7.84e-04
23:10:18 INFO   e1 step  7250/8163  loss=0.1062  acc=0.9570  lr0=1.56e-05 lr1=7.82e-04
23:10:22 INFO   e1 step  7300/8163  loss=0.1056  acc=0.9573  lr0=1.56e-05 lr1=7.80e-04
23:10:27 INFO   e1 step  7350/8163  loss=0.1050  acc=0.9576  lr0=1.56e-05 lr1=7.78e-04
23:10:32 INFO   e1 step  7400/8163  loss=0.1044  acc=0.9578  lr0=1.55e-05 lr1=7.75e-04
23:10:37 INFO   e1 step  7450/8163  loss=0.1039  acc=0.9581  lr0=1.55e-05 lr1=7.73e-04
23:10:42 INFO   e1 step  7500/8163  loss=0.1033  acc=0.9583  lr0=1.54e-05 lr1=7.71e-04
23:10:46 INFO   e1 step  7550/8163  loss=0.1027  acc=0.9585  lr0=1.54e-05 lr1=7.69e-04
23:10:51 INFO   e1 step  7600/8163  loss=0.1022  acc=0.9588  lr0=1.53e-05 lr1=7.66e-04
23:10:56 INFO   e1 step  7650/8163  loss=0.1016  acc=0.9590  lr0=1.53e-05 lr1=7.64e-04
23:11:01 INFO   e1 step  7700/8163  loss=0.1010  acc=0.9592  lr0=1.52e-05 lr1=7.62e-04
23:11:06 INFO   e1 step  7750/8163  loss=0.1005  acc=0.9595  lr0=1.52e-05 lr1=7.59e-04
23:11:10 INFO   e1 step  7800/8163  loss=0.0999  acc=0.9597  lr0=1.51e-05 lr1=7.57e-04
23:11:15 INFO   e1 step  7850/8163  loss=0.0994  acc=0.9599  lr0=1.51e-05 lr1=7.55e-04
23:11:20 INFO   e1 step  7900/8163  loss=0.0989  acc=0.9601  lr0=1.51e-05 lr1=7.53e-04
23:11:25 INFO   e1 step  7950/8163  loss=0.0983  acc=0.9603  lr0=1.50e-05 lr1=7.50e-04
23:11:29 INFO   e1 step  8000/8163  loss=0.0979  acc=0.9605  lr0=1.50e-05 lr1=7.48e-04
23:11:34 INFO   e1 step  8050/8163  loss=0.0974  acc=0.9607  lr0=1.49e-05 lr1=7.46e-04
23:11:39 INFO   e1 step  8100/8163  loss=0.0968  acc=0.9609  lr0=1.49e-05 lr1=7.44e-04
23:11:44 INFO   e1 step  8150/8163  loss=0.0963  acc=0.9611  lr0=1.48e-05 lr1=7.41e-04
23:11:55 INFO [epoch 1] train_loss=0.0963 train_acc=0.9612  val_loss=0.7255 val_acc=0.9106 val_auc=0.9342  elapsed=792.2s
23:11:56 INFO   saved best.pt  val_acc=0.9106
23:12:01 INFO   e2 step    50/8163  loss=0.0174  acc=0.9938  lr0=1.48e-05 lr1=7.38e-04
23:12:06 INFO   e2 step   100/8163  loss=0.0163  acc=0.9944  lr0=1.47e-05 lr1=7.36e-04
23:12:11 INFO   e2 step   150/8163  loss=0.0179  acc=0.9935  lr0=1.47e-05 lr1=7.34e-04
23:12:16 INFO   e2 step   200/8163  loss=0.0188  acc=0.9931  lr0=1.46e-05 lr1=7.32e-04
23:12:20 INFO   e2 step   250/8163  loss=0.0190  acc=0.9935  lr0=1.46e-05 lr1=7.29e-04
23:12:25 INFO   e2 step   300/8163  loss=0.0189  acc=0.9938  lr0=1.45e-05 lr1=7.27e-04
23:12:30 INFO   e2 step   350/8163  loss=0.0186  acc=0.9935  lr0=1.45e-05 lr1=7.25e-04
23:12:35 INFO   e2 step   400/8163  loss=0.0192  acc=0.9933  lr0=1.45e-05 lr1=7.23e-04
23:12:39 INFO   e2 step   450/8163  loss=0.0184  acc=0.9933  lr0=1.44e-05 lr1=7.20e-04
23:12:44 INFO   e2 step   500/8163  loss=0.0188  acc=0.9934  lr0=1.44e-05 lr1=7.18e-04
23:12:49 INFO   e2 step   550/8163  loss=0.0189  acc=0.9935  lr0=1.43e-05 lr1=7.16e-04
23:12:54 INFO   e2 step   600/8163  loss=0.0183  acc=0.9938  lr0=1.43e-05 lr1=7.13e-04
23:12:58 INFO   e2 step   650/8163  loss=0.0190  acc=0.9935  lr0=1.42e-05 lr1=7.11e-04
23:13:03 INFO   e2 step   700/8163  loss=0.0183  acc=0.9937  lr0=1.42e-05 lr1=7.09e-04
23:13:08 INFO   e2 step   750/8163  loss=0.0184  acc=0.9934  lr0=1.41e-05 lr1=7.07e-04
23:13:13 INFO   e2 step   800/8163  loss=0.0179  acc=0.9934  lr0=1.41e-05 lr1=7.04e-04
23:13:18 INFO   e2 step   850/8163  loss=0.0180  acc=0.9934  lr0=1.40e-05 lr1=7.02e-04
23:13:23 INFO   e2 step   900/8163  loss=0.0175  acc=0.9936  lr0=1.40e-05 lr1=7.00e-04
23:13:27 INFO   e2 step   950/8163  loss=0.0176  acc=0.9936  lr0=1.40e-05 lr1=6.98e-04
23:13:32 INFO   e2 step  1000/8163  loss=0.0175  acc=0.9935  lr0=1.39e-05 lr1=6.95e-04
23:13:37 INFO   e2 step  1050/8163  loss=0.0173  acc=0.9935  lr0=1.39e-05 lr1=6.93e-04
23:13:42 INFO   e2 step  1100/8163  loss=0.0171  acc=0.9936  lr0=1.38e-05 lr1=6.91e-04
23:13:47 INFO   e2 step  1150/8163  loss=0.0170  acc=0.9938  lr0=1.38e-05 lr1=6.89e-04
23:13:51 INFO   e2 step  1200/8163  loss=0.0171  acc=0.9938  lr0=1.37e-05 lr1=6.86e-04
23:13:56 INFO   e2 step  1250/8163  loss=0.0171  acc=0.9937  lr0=1.37e-05 lr1=6.84e-04
23:14:01 INFO   e2 step  1300/8163  loss=0.0170  acc=0.9937  lr0=1.36e-05 lr1=6.82e-04
23:14:06 INFO   e2 step  1350/8163  loss=0.0168  acc=0.9938  lr0=1.36e-05 lr1=6.79e-04
23:14:10 INFO   e2 step  1400/8163  loss=0.0167  acc=0.9938  lr0=1.35e-05 lr1=6.77e-04
23:14:15 INFO   e2 step  1450/8163  loss=0.0165  acc=0.9939  lr0=1.35e-05 lr1=6.75e-04
23:14:20 INFO   e2 step  1500/8163  loss=0.0168  acc=0.9939  lr0=1.35e-05 lr1=6.73e-04
23:14:25 INFO   e2 step  1550/8163  loss=0.0168  acc=0.9939  lr0=1.34e-05 lr1=6.70e-04
23:14:30 INFO   e2 step  1600/8163  loss=0.0166  acc=0.9939  lr0=1.34e-05 lr1=6.68e-04
23:14:34 INFO   e2 step  1650/8163  loss=0.0167  acc=0.9939  lr0=1.33e-05 lr1=6.66e-04
23:14:39 INFO   e2 step  1700/8163  loss=0.0168  acc=0.9939  lr0=1.33e-05 lr1=6.64e-04
23:14:44 INFO   e2 step  1750/8163  loss=0.0170  acc=0.9939  lr0=1.32e-05 lr1=6.61e-04
23:14:49 INFO   e2 step  1800/8163  loss=0.0168  acc=0.9940  lr0=1.32e-05 lr1=6.59e-04
23:14:54 INFO   e2 step  1850/8163  loss=0.0166  acc=0.9940  lr0=1.31e-05 lr1=6.57e-04
23:14:58 INFO   e2 step  1900/8163  loss=0.0166  acc=0.9940  lr0=1.31e-05 lr1=6.55e-04
23:15:03 INFO   e2 step  1950/8163  loss=0.0168  acc=0.9940  lr0=1.30e-05 lr1=6.52e-04
23:15:08 INFO   e2 step  2000/8163  loss=0.0170  acc=0.9939  lr0=1.30e-05 lr1=6.50e-04
23:15:13 INFO   e2 step  2050/8163  loss=0.0169  acc=0.9939  lr0=1.30e-05 lr1=6.48e-04
23:15:18 INFO   e2 step  2100/8163  loss=0.0170  acc=0.9939  lr0=1.29e-05 lr1=6.45e-04
23:15:22 INFO   e2 step  2150/8163  loss=0.0170  acc=0.9939  lr0=1.29e-05 lr1=6.43e-04
23:15:27 INFO   e2 step  2200/8163  loss=0.0170  acc=0.9939  lr0=1.28e-05 lr1=6.41e-04
23:15:32 INFO   e2 step  2250/8163  loss=0.0167  acc=0.9940  lr0=1.28e-05 lr1=6.39e-04
23:15:37 INFO   e2 step  2300/8163  loss=0.0168  acc=0.9940  lr0=1.27e-05 lr1=6.36e-04
23:15:41 INFO   e2 step  2350/8163  loss=0.0166  acc=0.9941  lr0=1.27e-05 lr1=6.34e-04
23:15:46 INFO   e2 step  2400/8163  loss=0.0166  acc=0.9940  lr0=1.26e-05 lr1=6.32e-04
23:15:51 INFO   e2 step  2450/8163  loss=0.0165  acc=0.9941  lr0=1.26e-05 lr1=6.30e-04
23:15:56 INFO   e2 step  2500/8163  loss=0.0166  acc=0.9940  lr0=1.25e-05 lr1=6.27e-04
23:16:01 INFO   e2 step  2550/8163  loss=0.0166  acc=0.9940  lr0=1.25e-05 lr1=6.25e-04
23:16:05 INFO   e2 step  2600/8163  loss=0.0165  acc=0.9940  lr0=1.25e-05 lr1=6.23e-04
23:16:10 INFO   e2 step  2650/8163  loss=0.0163  acc=0.9941  lr0=1.24e-05 lr1=6.20e-04
23:16:15 INFO   e2 step  2700/8163  loss=0.0162  acc=0.9940  lr0=1.24e-05 lr1=6.18e-04
23:16:20 INFO   e2 step  2750/8163  loss=0.0161  acc=0.9941  lr0=1.23e-05 lr1=6.16e-04
23:16:25 INFO   e2 step  2800/8163  loss=0.0162  acc=0.9940  lr0=1.23e-05 lr1=6.14e-04
23:16:29 INFO   e2 step  2850/8163  loss=0.0161  acc=0.9940  lr0=1.22e-05 lr1=6.11e-04
23:16:34 INFO   e2 step  2900/8163  loss=0.0159  acc=0.9941  lr0=1.22e-05 lr1=6.09e-04
23:16:39 INFO   e2 step  2950/8163  loss=0.0161  acc=0.9941  lr0=1.21e-05 lr1=6.07e-04
23:16:44 INFO   e2 step  3000/8163  loss=0.0160  acc=0.9941  lr0=1.21e-05 lr1=6.05e-04
23:16:49 INFO   e2 step  3050/8163  loss=0.0160  acc=0.9941  lr0=1.20e-05 lr1=6.02e-04
23:16:53 INFO   e2 step  3100/8163  loss=0.0158  acc=0.9942  lr0=1.20e-05 lr1=6.00e-04
23:16:58 INFO   e2 step  3150/8163  loss=0.0157  acc=0.9942  lr0=1.20e-05 lr1=5.98e-04
23:17:03 INFO   e2 step  3200/8163  loss=0.0157  acc=0.9942  lr0=1.19e-05 lr1=5.96e-04
23:17:08 INFO   e2 step  3250/8163  loss=0.0157  acc=0.9942  lr0=1.19e-05 lr1=5.93e-04
23:17:12 INFO   e2 step  3300/8163  loss=0.0158  acc=0.9942  lr0=1.18e-05 lr1=5.91e-04
23:17:17 INFO   e2 step  3350/8163  loss=0.0156  acc=0.9942  lr0=1.18e-05 lr1=5.89e-04
23:17:22 INFO   e2 step  3400/8163  loss=0.0159  acc=0.9942  lr0=1.17e-05 lr1=5.86e-04
23:17:27 INFO   e2 step  3450/8163  loss=0.0158  acc=0.9942  lr0=1.17e-05 lr1=5.84e-04
23:17:32 INFO   e2 step  3500/8163  loss=0.0158  acc=0.9942  lr0=1.16e-05 lr1=5.82e-04
23:17:36 INFO   e2 step  3550/8163  loss=0.0158  acc=0.9942  lr0=1.16e-05 lr1=5.80e-04
23:17:41 INFO   e2 step  3600/8163  loss=0.0157  acc=0.9943  lr0=1.15e-05 lr1=5.77e-04
23:17:46 INFO   e2 step  3650/8163  loss=0.0156  acc=0.9943  lr0=1.15e-05 lr1=5.75e-04
23:17:51 INFO   e2 step  3700/8163  loss=0.0155  acc=0.9943  lr0=1.15e-05 lr1=5.73e-04
23:17:56 INFO   e2 step  3750/8163  loss=0.0156  acc=0.9943  lr0=1.14e-05 lr1=5.71e-04
23:18:00 INFO   e2 step  3800/8163  loss=0.0157  acc=0.9943  lr0=1.14e-05 lr1=5.68e-04
23:18:05 INFO   e2 step  3850/8163  loss=0.0156  acc=0.9942  lr0=1.13e-05 lr1=5.66e-04
23:18:10 INFO   e2 step  3900/8163  loss=0.0155  acc=0.9943  lr0=1.13e-05 lr1=5.64e-04
23:18:15 INFO   e2 step  3950/8163  loss=0.0154  acc=0.9943  lr0=1.12e-05 lr1=5.61e-04
23:18:19 INFO   e2 step  4000/8163  loss=0.0154  acc=0.9943  lr0=1.12e-05 lr1=5.59e-04
23:18:24 INFO   e2 step  4050/8163  loss=0.0154  acc=0.9943  lr0=1.11e-05 lr1=5.57e-04
23:18:29 INFO   e2 step  4100/8163  loss=0.0153  acc=0.9943  lr0=1.11e-05 lr1=5.55e-04
23:18:34 INFO   e2 step  4150/8163  loss=0.0152  acc=0.9944  lr0=1.10e-05 lr1=5.52e-04
23:18:39 INFO   e2 step  4200/8163  loss=0.0152  acc=0.9944  lr0=1.10e-05 lr1=5.50e-04
23:18:43 INFO   e2 step  4250/8163  loss=0.0151  acc=0.9944  lr0=1.10e-05 lr1=5.48e-04
23:18:48 INFO   e2 step  4300/8163  loss=0.0151  acc=0.9944  lr0=1.09e-05 lr1=5.46e-04
23:18:53 INFO   e2 step  4350/8163  loss=0.0151  acc=0.9944  lr0=1.09e-05 lr1=5.43e-04
23:18:58 INFO   e2 step  4400/8163  loss=0.0150  acc=0.9944  lr0=1.08e-05 lr1=5.41e-04
23:19:03 INFO   e2 step  4450/8163  loss=0.0150  acc=0.9944  lr0=1.08e-05 lr1=5.39e-04
23:19:07 INFO   e2 step  4500/8163  loss=0.0150  acc=0.9944  lr0=1.07e-05 lr1=5.37e-04
23:19:12 INFO   e2 step  4550/8163  loss=0.0150  acc=0.9944  lr0=1.07e-05 lr1=5.34e-04
23:19:17 INFO   e2 step  4600/8163  loss=0.0150  acc=0.9944  lr0=1.06e-05 lr1=5.32e-04
23:19:21 INFO   e2 step  4650/8163  loss=0.0149  acc=0.9944  lr0=1.06e-05 lr1=5.30e-04
23:19:26 INFO   e2 step  4700/8163  loss=0.0149  acc=0.9944  lr0=1.05e-05 lr1=5.27e-04
23:19:31 INFO   e2 step  4750/8163  loss=0.0149  acc=0.9945  lr0=1.05e-05 lr1=5.25e-04
23:19:35 INFO   e2 step  4800/8163  loss=0.0149  acc=0.9944  lr0=1.05e-05 lr1=5.23e-04
23:19:40 INFO   e2 step  4850/8163  loss=0.0148  acc=0.9944  lr0=1.04e-05 lr1=5.21e-04
23:19:45 INFO   e2 step  4900/8163  loss=0.0148  acc=0.9945  lr0=1.04e-05 lr1=5.18e-04
23:19:50 INFO   e2 step  4950/8163  loss=0.0147  acc=0.9944  lr0=1.03e-05 lr1=5.16e-04
23:19:55 INFO   e2 step  5000/8163  loss=0.0147  acc=0.9945  lr0=1.03e-05 lr1=5.14e-04
23:20:00 INFO   e2 step  5050/8163  loss=0.0146  acc=0.9945  lr0=1.02e-05 lr1=5.12e-04
23:20:04 INFO   e2 step  5100/8163  loss=0.0146  acc=0.9945  lr0=1.02e-05 lr1=5.09e-04
23:20:09 INFO   e2 step  5150/8163  loss=0.0146  acc=0.9945  lr0=1.01e-05 lr1=5.07e-04
23:20:14 INFO   e2 step  5200/8163  loss=0.0147  acc=0.9945  lr0=1.01e-05 lr1=5.05e-04
23:20:19 INFO   e2 step  5250/8163  loss=0.0147  acc=0.9945  lr0=1.01e-05 lr1=5.03e-04
23:20:24 INFO   e2 step  5300/8163  loss=0.0146  acc=0.9945  lr0=1.00e-05 lr1=5.00e-04
23:20:29 INFO   e2 step  5350/8163  loss=0.0146  acc=0.9945  lr0=9.96e-06 lr1=4.98e-04
23:20:33 INFO   e2 step  5400/8163  loss=0.0146  acc=0.9945  lr0=9.91e-06 lr1=4.96e-04
23:20:38 INFO   e2 step  5450/8163  loss=0.0146  acc=0.9945  lr0=9.87e-06 lr1=4.93e-04
23:20:43 INFO   e2 step  5500/8163  loss=0.0146  acc=0.9945  lr0=9.82e-06 lr1=4.91e-04
23:20:48 INFO   e2 step  5550/8163  loss=0.0145  acc=0.9945  lr0=9.78e-06 lr1=4.89e-04
23:20:53 INFO   e2 step  5600/8163  loss=0.0145  acc=0.9945  lr0=9.73e-06 lr1=4.87e-04
23:20:57 INFO   e2 step  5650/8163  loss=0.0144  acc=0.9945  lr0=9.69e-06 lr1=4.84e-04
23:21:02 INFO   e2 step  5700/8163  loss=0.0144  acc=0.9945  lr0=9.64e-06 lr1=4.82e-04
23:21:07 INFO   e2 step  5750/8163  loss=0.0144  acc=0.9945  lr0=9.60e-06 lr1=4.80e-04
23:21:12 INFO   e2 step  5800/8163  loss=0.0145  acc=0.9945  lr0=9.55e-06 lr1=4.78e-04
23:21:17 INFO   e2 step  5850/8163  loss=0.0145  acc=0.9945  lr0=9.51e-06 lr1=4.75e-04
23:21:21 INFO   e2 step  5900/8163  loss=0.0145  acc=0.9945  lr0=9.46e-06 lr1=4.73e-04
23:21:26 INFO   e2 step  5950/8163  loss=0.0144  acc=0.9945  lr0=9.42e-06 lr1=4.71e-04
23:21:31 INFO   e2 step  6000/8163  loss=0.0143  acc=0.9946  lr0=9.37e-06 lr1=4.68e-04
23:21:36 INFO   e2 step  6050/8163  loss=0.0144  acc=0.9945  lr0=9.32e-06 lr1=4.66e-04
23:21:41 INFO   e2 step  6100/8163  loss=0.0144  acc=0.9945  lr0=9.28e-06 lr1=4.64e-04
23:21:45 INFO   e2 step  6150/8163  loss=0.0143  acc=0.9945  lr0=9.23e-06 lr1=4.62e-04
23:21:50 INFO   e2 step  6200/8163  loss=0.0143  acc=0.9945  lr0=9.19e-06 lr1=4.59e-04
23:21:55 INFO   e2 step  6250/8163  loss=0.0143  acc=0.9946  lr0=9.14e-06 lr1=4.57e-04
23:22:00 INFO   e2 step  6300/8163  loss=0.0142  acc=0.9946  lr0=9.10e-06 lr1=4.55e-04
23:22:04 INFO   e2 step  6350/8163  loss=0.0142  acc=0.9946  lr0=9.05e-06 lr1=4.53e-04
23:22:09 INFO   e2 step  6400/8163  loss=0.0141  acc=0.9946  lr0=9.01e-06 lr1=4.50e-04
23:22:14 INFO   e2 step  6450/8163  loss=0.0141  acc=0.9946  lr0=8.96e-06 lr1=4.48e-04
23:22:19 INFO   e2 step  6500/8163  loss=0.0141  acc=0.9946  lr0=8.92e-06 lr1=4.46e-04
23:22:23 INFO   e2 step  6550/8163  loss=0.0140  acc=0.9946  lr0=8.87e-06 lr1=4.44e-04
23:22:28 INFO   e2 step  6600/8163  loss=0.0140  acc=0.9946  lr0=8.83e-06 lr1=4.41e-04
23:22:33 INFO   e2 step  6650/8163  loss=0.0140  acc=0.9946  lr0=8.78e-06 lr1=4.39e-04
23:22:38 INFO   e2 step  6700/8163  loss=0.0140  acc=0.9946  lr0=8.73e-06 lr1=4.37e-04
23:22:43 INFO   e2 step  6750/8163  loss=0.0139  acc=0.9946  lr0=8.69e-06 lr1=4.34e-04
23:22:47 INFO   e2 step  6800/8163  loss=0.0139  acc=0.9946  lr0=8.64e-06 lr1=4.32e-04
23:22:52 INFO   e2 step  6850/8163  loss=0.0139  acc=0.9946  lr0=8.60e-06 lr1=4.30e-04
23:22:57 INFO   e2 step  6900/8163  loss=0.0139  acc=0.9946  lr0=8.55e-06 lr1=4.28e-04
23:23:02 INFO   e2 step  6950/8163  loss=0.0139  acc=0.9946  lr0=8.51e-06 lr1=4.25e-04
23:23:06 INFO   e2 step  7000/8163  loss=0.0139  acc=0.9946  lr0=8.46e-06 lr1=4.23e-04
23:23:11 INFO   e2 step  7050/8163  loss=0.0139  acc=0.9946  lr0=8.42e-06 lr1=4.21e-04
23:23:16 INFO   e2 step  7100/8163  loss=0.0140  acc=0.9946  lr0=8.37e-06 lr1=4.19e-04
23:23:21 INFO   e2 step  7150/8163  loss=0.0140  acc=0.9946  lr0=8.33e-06 lr1=4.16e-04
23:23:25 INFO   e2 step  7200/8163  loss=0.0141  acc=0.9946  lr0=8.28e-06 lr1=4.14e-04
23:23:30 INFO   e2 step  7250/8163  loss=0.0141  acc=0.9946  lr0=8.24e-06 lr1=4.12e-04
23:23:35 INFO   e2 step  7300/8163  loss=0.0141  acc=0.9946  lr0=8.19e-06 lr1=4.10e-04
23:23:40 INFO   e2 step  7350/8163  loss=0.0141  acc=0.9946  lr0=8.14e-06 lr1=4.07e-04
23:23:44 INFO   e2 step  7400/8163  loss=0.0140  acc=0.9946  lr0=8.10e-06 lr1=4.05e-04
23:23:49 INFO   e2 step  7450/8163  loss=0.0140  acc=0.9946  lr0=8.05e-06 lr1=4.03e-04
23:23:54 INFO   e2 step  7500/8163  loss=0.0140  acc=0.9946  lr0=8.01e-06 lr1=4.00e-04
23:23:59 INFO   e2 step  7550/8163  loss=0.0140  acc=0.9946  lr0=7.96e-06 lr1=3.98e-04
23:24:04 INFO   e2 step  7600/8163  loss=0.0140  acc=0.9946  lr0=7.92e-06 lr1=3.96e-04
23:24:08 INFO   e2 step  7650/8163  loss=0.0140  acc=0.9946  lr0=7.87e-06 lr1=3.94e-04
23:24:13 INFO   e2 step  7700/8163  loss=0.0139  acc=0.9946  lr0=7.83e-06 lr1=3.91e-04
23:24:18 INFO   e2 step  7750/8163  loss=0.0139  acc=0.9947  lr0=7.78e-06 lr1=3.89e-04
23:24:23 INFO   e2 step  7800/8163  loss=0.0139  acc=0.9947  lr0=7.74e-06 lr1=3.87e-04
23:24:28 INFO   e2 step  7850/8163  loss=0.0139  acc=0.9947  lr0=7.69e-06 lr1=3.85e-04
23:24:32 INFO   e2 step  7900/8163  loss=0.0139  acc=0.9947  lr0=7.65e-06 lr1=3.82e-04
23:24:37 INFO   e2 step  7950/8163  loss=0.0138  acc=0.9947  lr0=7.60e-06 lr1=3.80e-04
23:24:42 INFO   e2 step  8000/8163  loss=0.0138  acc=0.9947  lr0=7.56e-06 lr1=3.78e-04
23:24:47 INFO   e2 step  8050/8163  loss=0.0138  acc=0.9947  lr0=7.51e-06 lr1=3.75e-04
23:24:51 INFO   e2 step  8100/8163  loss=0.0138  acc=0.9947  lr0=7.46e-06 lr1=3.73e-04
23:24:56 INFO   e2 step  8150/8163  loss=0.0138  acc=0.9947  lr0=7.42e-06 lr1=3.71e-04
23:25:08 INFO [epoch 2] train_loss=0.0138 train_acc=0.9947  val_loss=0.7145 val_acc=0.9224 val_auc=0.9505  elapsed=791.9s
23:25:09 INFO   saved best.pt  val_acc=0.9224
23:25:14 INFO   e3 step    50/8163  loss=0.0122  acc=0.9956  lr0=7.36e-06 lr1=3.68e-04
23:25:19 INFO   e3 step   100/8163  loss=0.0097  acc=0.9959  lr0=7.32e-06 lr1=3.66e-04
23:25:23 INFO   e3 step   150/8163  loss=0.0108  acc=0.9952  lr0=7.27e-06 lr1=3.64e-04
23:25:28 INFO   e3 step   200/8163  loss=0.0102  acc=0.9955  lr0=7.23e-06 lr1=3.61e-04
23:25:33 INFO   e3 step   250/8163  loss=0.0119  acc=0.9951  lr0=7.18e-06 lr1=3.59e-04
23:25:38 INFO   e3 step   300/8163  loss=0.0109  acc=0.9954  lr0=7.13e-06 lr1=3.57e-04
23:25:42 INFO   e3 step   350/8163  loss=0.0117  acc=0.9952  lr0=7.09e-06 lr1=3.54e-04
23:25:47 INFO   e3 step   400/8163  loss=0.0114  acc=0.9950  lr0=7.04e-06 lr1=3.52e-04
23:25:52 INFO   e3 step   450/8163  loss=0.0111  acc=0.9953  lr0=7.00e-06 lr1=3.50e-04
23:25:57 INFO   e3 step   500/8163  loss=0.0110  acc=0.9953  lr0=6.95e-06 lr1=3.48e-04
23:26:01 INFO   e3 step   550/8163  loss=0.0106  acc=0.9954  lr0=6.91e-06 lr1=3.45e-04
23:26:06 INFO   e3 step   600/8163  loss=0.0112  acc=0.9951  lr0=6.86e-06 lr1=3.43e-04
23:26:11 INFO   e3 step   650/8163  loss=0.0110  acc=0.9952  lr0=6.82e-06 lr1=3.41e-04
23:26:16 INFO   e3 step   700/8163  loss=0.0108  acc=0.9952  lr0=6.77e-06 lr1=3.39e-04
23:26:21 INFO   e3 step   750/8163  loss=0.0106  acc=0.9953  lr0=6.73e-06 lr1=3.36e-04
23:26:25 INFO   e3 step   800/8163  loss=0.0104  acc=0.9954  lr0=6.68e-06 lr1=3.34e-04
23:26:30 INFO   e3 step   850/8163  loss=0.0105  acc=0.9954  lr0=6.64e-06 lr1=3.32e-04
23:26:35 INFO   e3 step   900/8163  loss=0.0105  acc=0.9954  lr0=6.59e-06 lr1=3.30e-04
23:26:40 INFO   e3 step   950/8163  loss=0.0105  acc=0.9953  lr0=6.55e-06 lr1=3.27e-04
23:26:45 INFO   e3 step  1000/8163  loss=0.0107  acc=0.9952  lr0=6.50e-06 lr1=3.25e-04
23:26:49 INFO   e3 step  1050/8163  loss=0.0106  acc=0.9952  lr0=6.45e-06 lr1=3.23e-04
23:26:54 INFO   e3 step  1100/8163  loss=0.0105  acc=0.9953  lr0=6.41e-06 lr1=3.20e-04
23:26:59 INFO   e3 step  1150/8163  loss=0.0105  acc=0.9952  lr0=6.36e-06 lr1=3.18e-04
23:27:03 INFO   e3 step  1200/8163  loss=0.0110  acc=0.9952  lr0=6.32e-06 lr1=3.16e-04
23:27:08 INFO   e3 step  1250/8163  loss=0.0110  acc=0.9953  lr0=6.27e-06 lr1=3.14e-04
23:27:13 INFO   e3 step  1300/8163  loss=0.0110  acc=0.9954  lr0=6.23e-06 lr1=3.11e-04
23:27:18 INFO   e3 step  1350/8163  loss=0.0110  acc=0.9953  lr0=6.18e-06 lr1=3.09e-04
23:27:23 INFO   e3 step  1400/8163  loss=0.0110  acc=0.9954  lr0=6.14e-06 lr1=3.07e-04
23:27:27 INFO   e3 step  1450/8163  loss=0.0112  acc=0.9954  lr0=6.09e-06 lr1=3.05e-04
23:27:32 INFO   e3 step  1500/8163  loss=0.0111  acc=0.9954  lr0=6.05e-06 lr1=3.02e-04
23:27:37 INFO   e3 step  1550/8163  loss=0.0110  acc=0.9954  lr0=6.00e-06 lr1=3.00e-04
23:27:42 INFO   e3 step  1600/8163  loss=0.0112  acc=0.9953  lr0=5.96e-06 lr1=2.98e-04
23:27:46 INFO   e3 step  1650/8163  loss=0.0113  acc=0.9952  lr0=5.91e-06 lr1=2.95e-04
23:27:51 INFO   e3 step  1700/8163  loss=0.0113  acc=0.9952  lr0=5.86e-06 lr1=2.93e-04
23:27:56 INFO   e3 step  1750/8163  loss=0.0113  acc=0.9952  lr0=5.82e-06 lr1=2.91e-04
23:28:01 INFO   e3 step  1800/8163  loss=0.0112  acc=0.9952  lr0=5.77e-06 lr1=2.89e-04
23:28:06 INFO   e3 step  1850/8163  loss=0.0112  acc=0.9952  lr0=5.73e-06 lr1=2.86e-04
23:28:10 INFO   e3 step  1900/8163  loss=0.0111  acc=0.9952  lr0=5.68e-06 lr1=2.84e-04
23:28:15 INFO   e3 step  1950/8163  loss=0.0111  acc=0.9952  lr0=5.64e-06 lr1=2.82e-04
23:28:20 INFO   e3 step  2000/8163  loss=0.0112  acc=0.9952  lr0=5.59e-06 lr1=2.80e-04
23:28:25 INFO   e3 step  2050/8163  loss=0.0110  acc=0.9952  lr0=5.55e-06 lr1=2.77e-04
23:28:30 INFO   e3 step  2100/8163  loss=0.0109  acc=0.9953  lr0=5.50e-06 lr1=2.75e-04
23:28:34 INFO   e3 step  2150/8163  loss=0.0109  acc=0.9952  lr0=5.46e-06 lr1=2.73e-04
23:28:39 INFO   e3 step  2200/8163  loss=0.0109  acc=0.9952  lr0=5.41e-06 lr1=2.71e-04
23:28:44 INFO   e3 step  2250/8163  loss=0.0110  acc=0.9952  lr0=5.37e-06 lr1=2.68e-04
23:28:49 INFO   e3 step  2300/8163  loss=0.0109  acc=0.9952  lr0=5.32e-06 lr1=2.66e-04
23:28:54 INFO   e3 step  2350/8163  loss=0.0108  acc=0.9953  lr0=5.27e-06 lr1=2.64e-04
23:28:59 INFO   e3 step  2400/8163  loss=0.0108  acc=0.9953  lr0=5.23e-06 lr1=2.61e-04
23:29:03 INFO   e3 step  2450/8163  loss=0.0109  acc=0.9952  lr0=5.18e-06 lr1=2.59e-04
23:29:08 INFO   e3 step  2500/8163  loss=0.0111  acc=0.9952  lr0=5.14e-06 lr1=2.57e-04
23:29:13 INFO   e3 step  2550/8163  loss=0.0111  acc=0.9952  lr0=5.09e-06 lr1=2.55e-04
23:29:18 INFO   e3 step  2600/8163  loss=0.0112  acc=0.9951  lr0=5.05e-06 lr1=2.52e-04
23:29:22 INFO   e3 step  2650/8163  loss=0.0112  acc=0.9951  lr0=5.00e-06 lr1=2.50e-04
23:29:27 INFO   e3 step  2700/8163  loss=0.0112  acc=0.9951  lr0=4.96e-06 lr1=2.48e-04
23:29:32 INFO   e3 step  2750/8163  loss=0.0112  acc=0.9951  lr0=4.91e-06 lr1=2.46e-04
23:29:37 INFO   e3 step  2800/8163  loss=0.0111  acc=0.9951  lr0=4.87e-06 lr1=2.43e-04
23:29:41 INFO   e3 step  2850/8163  loss=0.0112  acc=0.9951  lr0=4.82e-06 lr1=2.41e-04
23:29:46 INFO   e3 step  2900/8163  loss=0.0111  acc=0.9951  lr0=4.78e-06 lr1=2.39e-04
23:29:51 INFO   e3 step  2950/8163  loss=0.0111  acc=0.9951  lr0=4.73e-06 lr1=2.37e-04
23:29:56 INFO   e3 step  3000/8163  loss=0.0111  acc=0.9951  lr0=4.68e-06 lr1=2.34e-04
23:30:01 INFO   e3 step  3050/8163  loss=0.0111  acc=0.9951  lr0=4.64e-06 lr1=2.32e-04
23:30:05 INFO   e3 step  3100/8163  loss=0.0110  acc=0.9951  lr0=4.59e-06 lr1=2.30e-04
23:30:10 INFO   e3 step  3150/8163  loss=0.0110  acc=0.9951  lr0=4.55e-06 lr1=2.27e-04
23:30:15 INFO   e3 step  3200/8163  loss=0.0110  acc=0.9951  lr0=4.50e-06 lr1=2.25e-04
23:30:20 INFO   e3 step  3250/8163  loss=0.0110  acc=0.9951  lr0=4.46e-06 lr1=2.23e-04
23:30:25 INFO   e3 step  3300/8163  loss=0.0110  acc=0.9951  lr0=4.41e-06 lr1=2.21e-04
23:30:29 INFO   e3 step  3350/8163  loss=0.0109  acc=0.9951  lr0=4.37e-06 lr1=2.18e-04
23:30:34 INFO   e3 step  3400/8163  loss=0.0110  acc=0.9951  lr0=4.32e-06 lr1=2.16e-04
23:30:39 INFO   e3 step  3450/8163  loss=0.0110  acc=0.9951  lr0=4.28e-06 lr1=2.14e-04
23:30:44 INFO   e3 step  3500/8163  loss=0.0110  acc=0.9951  lr0=4.23e-06 lr1=2.12e-04
23:30:48 INFO   e3 step  3550/8163  loss=0.0110  acc=0.9951  lr0=4.19e-06 lr1=2.09e-04
23:30:53 INFO   e3 step  3600/8163  loss=0.0110  acc=0.9951  lr0=4.14e-06 lr1=2.07e-04
23:30:58 INFO   e3 step  3650/8163  loss=0.0110  acc=0.9951  lr0=4.10e-06 lr1=2.05e-04
23:31:03 INFO   e3 step  3700/8163  loss=0.0110  acc=0.9951  lr0=4.05e-06 lr1=2.02e-04
23:31:08 INFO   e3 step  3750/8163  loss=0.0109  acc=0.9951  lr0=4.00e-06 lr1=2.00e-04
23:31:12 INFO   e3 step  3800/8163  loss=0.0109  acc=0.9951  lr0=3.96e-06 lr1=1.98e-04
23:31:17 INFO   e3 step  3850/8163  loss=0.0109  acc=0.9951  lr0=3.91e-06 lr1=1.96e-04
23:31:22 INFO   e3 step  3900/8163  loss=0.0110  acc=0.9951  lr0=3.87e-06 lr1=1.93e-04
23:31:27 INFO   e3 step  3950/8163  loss=0.0110  acc=0.9951  lr0=3.82e-06 lr1=1.91e-04
23:31:32 INFO   e3 step  4000/8163  loss=0.0111  acc=0.9951  lr0=3.78e-06 lr1=1.89e-04
23:31:36 INFO   e3 step  4050/8163  loss=0.0111  acc=0.9951  lr0=3.73e-06 lr1=1.87e-04
23:31:41 INFO   e3 step  4100/8163  loss=0.0111  acc=0.9951  lr0=3.69e-06 lr1=1.84e-04
23:31:46 INFO   e3 step  4150/8163  loss=0.0110  acc=0.9951  lr0=3.64e-06 lr1=1.82e-04
23:31:51 INFO   e3 step  4200/8163  loss=0.0110  acc=0.9951  lr0=3.60e-06 lr1=1.80e-04
23:31:56 INFO   e3 step  4250/8163  loss=0.0110  acc=0.9951  lr0=3.55e-06 lr1=1.78e-04
23:32:01 INFO   e3 step  4300/8163  loss=0.0110  acc=0.9951  lr0=3.51e-06 lr1=1.75e-04
23:32:05 INFO   e3 step  4350/8163  loss=0.0110  acc=0.9951  lr0=3.46e-06 lr1=1.73e-04
23:32:10 INFO   e3 step  4400/8163  loss=0.0110  acc=0.9951  lr0=3.41e-06 lr1=1.71e-04
23:32:15 INFO   e3 step  4450/8163  loss=0.0110  acc=0.9952  lr0=3.37e-06 lr1=1.68e-04
23:32:20 INFO   e3 step  4500/8163  loss=0.0109  acc=0.9952  lr0=3.32e-06 lr1=1.66e-04
23:32:24 INFO   e3 step  4550/8163  loss=0.0109  acc=0.9952  lr0=3.28e-06 lr1=1.64e-04
23:32:29 INFO   e3 step  4600/8163  loss=0.0109  acc=0.9952  lr0=3.23e-06 lr1=1.62e-04
23:32:34 INFO   e3 step  4650/8163  loss=0.0109  acc=0.9952  lr0=3.19e-06 lr1=1.59e-04
23:32:39 INFO   e3 step  4700/8163  loss=0.0109  acc=0.9952  lr0=3.14e-06 lr1=1.57e-04
23:32:44 INFO   e3 step  4750/8163  loss=0.0108  acc=0.9952  lr0=3.10e-06 lr1=1.55e-04
23:32:48 INFO   e3 step  4800/8163  loss=0.0109  acc=0.9951  lr0=3.05e-06 lr1=1.53e-04
23:32:53 INFO   e3 step  4850/8163  loss=0.0109  acc=0.9951  lr0=3.01e-06 lr1=1.50e-04
23:32:58 INFO   e3 step  4900/8163  loss=0.0109  acc=0.9951  lr0=2.96e-06 lr1=1.48e-04
23:33:03 INFO   e3 step  4950/8163  loss=0.0108  acc=0.9952  lr0=2.92e-06 lr1=1.46e-04
23:33:07 INFO   e3 step  5000/8163  loss=0.0108  acc=0.9952  lr0=2.87e-06 lr1=1.44e-04
23:33:12 INFO   e3 step  5050/8163  loss=0.0108  acc=0.9952  lr0=2.82e-06 lr1=1.41e-04
23:33:17 INFO   e3 step  5100/8163  loss=0.0108  acc=0.9952  lr0=2.78e-06 lr1=1.39e-04
23:33:22 INFO   e3 step  5150/8163  loss=0.0107  acc=0.9952  lr0=2.73e-06 lr1=1.37e-04
23:33:27 INFO   e3 step  5200/8163  loss=0.0107  acc=0.9952  lr0=2.69e-06 lr1=1.34e-04
23:33:31 INFO   e3 step  5250/8163  loss=0.0107  acc=0.9952  lr0=2.64e-06 lr1=1.32e-04
23:33:36 INFO   e3 step  5300/8163  loss=0.0108  acc=0.9952  lr0=2.60e-06 lr1=1.30e-04
23:33:41 INFO   e3 step  5350/8163  loss=0.0108  acc=0.9952  lr0=2.55e-06 lr1=1.28e-04
23:33:46 INFO   e3 step  5400/8163  loss=0.0108  acc=0.9952  lr0=2.51e-06 lr1=1.25e-04
23:33:50 INFO   e3 step  5450/8163  loss=0.0108  acc=0.9952  lr0=2.46e-06 lr1=1.23e-04
23:33:55 INFO   e3 step  5500/8163  loss=0.0108  acc=0.9952  lr0=2.42e-06 lr1=1.21e-04
23:34:00 INFO   e3 step  5550/8163  loss=0.0107  acc=0.9952  lr0=2.37e-06 lr1=1.19e-04
23:34:05 INFO   e3 step  5600/8163  loss=0.0107  acc=0.9953  lr0=2.33e-06 lr1=1.16e-04
23:34:09 INFO   e3 step  5650/8163  loss=0.0107  acc=0.9953  lr0=2.28e-06 lr1=1.14e-04
23:34:14 INFO   e3 step  5700/8163  loss=0.0107  acc=0.9953  lr0=2.23e-06 lr1=1.12e-04
23:34:19 INFO   e3 step  5750/8163  loss=0.0106  acc=0.9953  lr0=2.19e-06 lr1=1.09e-04
23:34:24 INFO   e3 step  5800/8163  loss=0.0107  acc=0.9953  lr0=2.14e-06 lr1=1.07e-04
23:34:29 INFO   e3 step  5850/8163  loss=0.0107  acc=0.9953  lr0=2.10e-06 lr1=1.05e-04
23:34:33 INFO   e3 step  5900/8163  loss=0.0107  acc=0.9953  lr0=2.05e-06 lr1=1.03e-04
23:34:38 INFO   e3 step  5950/8163  loss=0.0107  acc=0.9953  lr0=2.01e-06 lr1=1.00e-04
23:34:43 INFO   e3 step  6000/8163  loss=0.0106  acc=0.9953  lr0=1.96e-06 lr1=9.81e-05
23:34:47 INFO   e3 step  6050/8163  loss=0.0106  acc=0.9954  lr0=1.92e-06 lr1=9.59e-05
23:34:52 INFO   e3 step  6100/8163  loss=0.0106  acc=0.9954  lr0=1.87e-06 lr1=9.36e-05
23:34:57 INFO   e3 step  6150/8163  loss=0.0106  acc=0.9954  lr0=1.83e-06 lr1=9.13e-05
23:35:02 INFO   e3 step  6200/8163  loss=0.0105  acc=0.9954  lr0=1.78e-06 lr1=8.91e-05
23:35:07 INFO   e3 step  6250/8163  loss=0.0105  acc=0.9954  lr0=1.74e-06 lr1=8.68e-05
23:35:11 INFO   e3 step  6300/8163  loss=0.0105  acc=0.9954  lr0=1.69e-06 lr1=8.45e-05
23:35:16 INFO   e3 step  6350/8163  loss=0.0105  acc=0.9954  lr0=1.65e-06 lr1=8.23e-05
23:35:21 INFO   e3 step  6400/8163  loss=0.0105  acc=0.9954  lr0=1.60e-06 lr1=8.00e-05
23:35:26 INFO   e3 step  6450/8163  loss=0.0105  acc=0.9954  lr0=1.55e-06 lr1=7.77e-05
23:35:30 INFO   e3 step  6500/8163  loss=0.0105  acc=0.9954  lr0=1.51e-06 lr1=7.55e-05
23:35:35 INFO   e3 step  6550/8163  loss=0.0105  acc=0.9954  lr0=1.46e-06 lr1=7.32e-05
23:35:40 INFO   e3 step  6600/8163  loss=0.0105  acc=0.9954  lr0=1.42e-06 lr1=7.09e-05
23:35:45 INFO   e3 step  6650/8163  loss=0.0105  acc=0.9954  lr0=1.37e-06 lr1=6.86e-05
23:35:50 INFO   e3 step  6700/8163  loss=0.0105  acc=0.9954  lr0=1.33e-06 lr1=6.64e-05
23:35:54 INFO   e3 step  6750/8163  loss=0.0105  acc=0.9954  lr0=1.28e-06 lr1=6.41e-05
23:35:59 INFO   e3 step  6800/8163  loss=0.0105  acc=0.9954  lr0=1.24e-06 lr1=6.18e-05
23:36:04 INFO   e3 step  6850/8163  loss=0.0105  acc=0.9954  lr0=1.19e-06 lr1=5.96e-05
23:36:09 INFO   e3 step  6900/8163  loss=0.0105  acc=0.9954  lr0=1.15e-06 lr1=5.73e-05
23:36:13 INFO   e3 step  6950/8163  loss=0.0105  acc=0.9954  lr0=1.10e-06 lr1=5.50e-05
23:36:18 INFO   e3 step  7000/8163  loss=0.0104  acc=0.9954  lr0=1.06e-06 lr1=5.28e-05
23:36:23 INFO   e3 step  7050/8163  loss=0.0105  acc=0.9954  lr0=1.01e-06 lr1=5.05e-05
23:36:28 INFO   e3 step  7100/8163  loss=0.0104  acc=0.9954  lr0=9.65e-07 lr1=4.82e-05
23:36:32 INFO   e3 step  7150/8163  loss=0.0104  acc=0.9954  lr0=9.19e-07 lr1=4.60e-05
23:36:37 INFO   e3 step  7200/8163  loss=0.0104  acc=0.9954  lr0=8.74e-07 lr1=4.37e-05
23:36:42 INFO   e3 step  7250/8163  loss=0.0104  acc=0.9954  lr0=8.28e-07 lr1=4.14e-05
23:36:46 INFO   e3 step  7300/8163  loss=0.0104  acc=0.9954  lr0=7.83e-07 lr1=3.92e-05
23:36:51 INFO   e3 step  7350/8163  loss=0.0104  acc=0.9954  lr0=7.38e-07 lr1=3.69e-05
23:36:56 INFO   e3 step  7400/8163  loss=0.0104  acc=0.9954  lr0=6.92e-07 lr1=3.46e-05
23:37:00 INFO   e3 step  7450/8163  loss=0.0103  acc=0.9955  lr0=6.47e-07 lr1=3.23e-05
23:37:05 INFO   e3 step  7500/8163  loss=0.0103  acc=0.9955  lr0=6.02e-07 lr1=3.01e-05
23:37:10 INFO   e3 step  7550/8163  loss=0.0104  acc=0.9954  lr0=5.56e-07 lr1=2.78e-05
23:37:15 INFO   e3 step  7600/8163  loss=0.0103  acc=0.9954  lr0=5.11e-07 lr1=2.55e-05
23:37:20 INFO   e3 step  7650/8163  loss=0.0103  acc=0.9954  lr0=4.65e-07 lr1=2.33e-05
23:37:25 INFO   e3 step  7700/8163  loss=0.0104  acc=0.9954  lr0=4.20e-07 lr1=2.10e-05
23:37:30 INFO   e3 step  7750/8163  loss=0.0103  acc=0.9954  lr0=3.75e-07 lr1=1.87e-05
23:37:34 INFO   e3 step  7800/8163  loss=0.0104  acc=0.9954  lr0=3.29e-07 lr1=1.65e-05
23:37:39 INFO   e3 step  7850/8163  loss=0.0104  acc=0.9954  lr0=2.84e-07 lr1=1.42e-05
23:37:44 INFO   e3 step  7900/8163  loss=0.0104  acc=0.9954  lr0=2.39e-07 lr1=1.19e-05
23:37:49 INFO   e3 step  7950/8163  loss=0.0103  acc=0.9954  lr0=1.93e-07 lr1=9.66e-06
23:37:53 INFO   e3 step  8000/8163  loss=0.0103  acc=0.9954  lr0=1.48e-07 lr1=7.40e-06
23:37:58 INFO   e3 step  8050/8163  loss=0.0103  acc=0.9954  lr0=1.03e-07 lr1=5.13e-06
23:38:03 INFO   e3 step  8100/8163  loss=0.0102  acc=0.9954  lr0=5.72e-08 lr1=2.86e-06
23:38:08 INFO   e3 step  8150/8163  loss=0.0102  acc=0.9954  lr0=1.18e-08 lr1=5.90e-07
23:38:19 INFO [epoch 3] train_loss=0.0102 train_acc=0.9954  val_loss=0.7253 val_acc=0.9277 val_auc=0.9516  elapsed=790.8s
23:38:20 INFO   saved best.pt  val_acc=0.9277
23:38:20 INFO loading best.pt for val/test eval
23:38:31 INFO [val] acc=0.9277 auc=0.9516 f1=0.8318
23:38:37 INFO [test] loss=1.0723  acc=0.8937  auc=0.9273  f1=0.8886
23:38:37 INFO [done] results in runs/crossencoder/ce_semantic
