13:18:27 INFO run_dir=/mnt/localssd/baseline_sweep/runs/aep_dataset/deberta-v3-large
13:18:27 INFO device=cuda:0  bf16=False  physical_gpu=1  CUDA_VISIBLE_DEVICES=1
13:18:27 INFO dataset=aep_dataset  model=deberta-v3-large  backbone=microsoft/deberta-v3-large
13:18:27 INFO tokenizer <- microsoft/deberta-v3-large
13:18:28 INFO split files: ['directional_train.jsonl', 'directional_val.jsonl', 'directional_test.jsonl']
13:18:28 INFO scanning max token length across all splits ...
13:19:41 INFO   observed_max=4359 -> max_seq_len=512 (cap=512, scan=72.9s)
13:19:41 INFO loading datasets ...
13:19:42 INFO   schema=standard  train=67500  val=8460  test=8460
13:19:42 INFO building DirectionalClassifier  backbone=microsoft/deberta-v3-large  head=MLP(4d->512->128->1, act=gelu, norm=layer, dropout=0.1)  n_tiers=0
13:19:47 INFO   hidden_size=1024  trainable_params=870,197,249
13:19:47 INFO   total_steps=33752  warmup_steps=3375
13:20:45 INFO   e1 step    50/8438  loss=0.8325  acc=0.5550  lr0=2.96e-07 lr1=1.48e-05
13:21:38 INFO   e1 step   100/8438  loss=0.8273  acc=0.5238  lr0=5.93e-07 lr1=2.96e-05
13:22:31 INFO   e1 step   150/8438  loss=0.8030  acc=0.5200  lr0=8.89e-07 lr1=4.44e-05
13:23:28 INFO   e1 step   200/8438  loss=0.7942  acc=0.5169  lr0=1.19e-06 lr1=5.93e-05
13:24:20 INFO   e1 step   250/8438  loss=0.7842  acc=0.5185  lr0=1.48e-06 lr1=7.41e-05
13:25:13 INFO   e1 step   300/8438  loss=0.7728  acc=0.5217  lr0=1.78e-06 lr1=8.89e-05
13:26:05 INFO   e1 step   350/8438  loss=0.7618  acc=0.5289  lr0=2.07e-06 lr1=1.04e-04
13:27:02 INFO   e1 step   400/8438  loss=0.7528  acc=0.5391  lr0=2.37e-06 lr1=1.19e-04
13:27:56 INFO   e1 step   450/8438  loss=0.7390  acc=0.5528  lr0=2.67e-06 lr1=1.33e-04
13:28:52 INFO   e1 step   500/8438  loss=0.7289  acc=0.5657  lr0=2.96e-06 lr1=1.48e-04
13:29:46 INFO   e1 step   550/8438  loss=0.7137  acc=0.5805  lr0=3.26e-06 lr1=1.63e-04
13:30:41 INFO   e1 step   600/8438  loss=0.6988  acc=0.5931  lr0=3.56e-06 lr1=1.78e-04
13:31:38 INFO   e1 step   650/8438  loss=0.6887  acc=0.6027  lr0=3.85e-06 lr1=1.93e-04
13:32:37 INFO   e1 step   700/8438  loss=0.6825  acc=0.6095  lr0=4.15e-06 lr1=2.07e-04
13:33:32 INFO   e1 step   750/8438  loss=0.6667  acc=0.6230  lr0=4.44e-06 lr1=2.22e-04
13:34:30 INFO   e1 step   800/8438  loss=0.6621  acc=0.6311  lr0=4.74e-06 lr1=2.37e-04
13:35:25 INFO   e1 step   850/8438  loss=0.6518  acc=0.6410  lr0=5.04e-06 lr1=2.52e-04
13:36:23 INFO   e1 step   900/8438  loss=0.6397  acc=0.6515  lr0=5.33e-06 lr1=2.67e-04
13:37:17 INFO   e1 step   950/8438  loss=0.6316  acc=0.6588  lr0=5.63e-06 lr1=2.81e-04
13:38:14 INFO   e1 step  1000/8438  loss=0.6231  acc=0.6666  lr0=5.93e-06 lr1=2.96e-04
13:39:11 INFO   e1 step  1050/8438  loss=0.6128  acc=0.6735  lr0=6.22e-06 lr1=3.11e-04
13:40:06 INFO   e1 step  1100/8438  loss=0.6057  acc=0.6798  lr0=6.52e-06 lr1=3.26e-04
13:41:03 INFO   e1 step  1150/8438  loss=0.5998  acc=0.6845  lr0=6.81e-06 lr1=3.41e-04
13:41:57 INFO   e1 step  1200/8438  loss=0.5955  acc=0.6893  lr0=7.11e-06 lr1=3.56e-04
13:42:52 INFO   e1 step  1250/8438  loss=0.5871  acc=0.6952  lr0=7.41e-06 lr1=3.70e-04
13:43:48 INFO   e1 step  1300/8438  loss=0.5819  acc=0.6992  lr0=7.70e-06 lr1=3.85e-04
13:44:40 INFO   e1 step  1350/8438  loss=0.5765  acc=0.7032  lr0=8.00e-06 lr1=4.00e-04
13:45:34 INFO   e1 step  1400/8438  loss=0.5704  acc=0.7076  lr0=8.30e-06 lr1=4.15e-04
13:46:30 INFO   e1 step  1450/8438  loss=0.5666  acc=0.7111  lr0=8.59e-06 lr1=4.30e-04
13:47:26 INFO   e1 step  1500/8438  loss=0.5624  acc=0.7143  lr0=8.89e-06 lr1=4.44e-04
13:48:23 INFO   e1 step  1550/8438  loss=0.5561  acc=0.7181  lr0=9.19e-06 lr1=4.59e-04
13:49:19 INFO   e1 step  1600/8438  loss=0.5521  acc=0.7213  lr0=9.48e-06 lr1=4.74e-04
13:50:15 INFO   e1 step  1650/8438  loss=0.5458  acc=0.7255  lr0=9.78e-06 lr1=4.89e-04
13:51:09 INFO   e1 step  1700/8438  loss=0.5384  acc=0.7296  lr0=1.01e-05 lr1=5.04e-04
13:52:03 INFO   e1 step  1750/8438  loss=0.5339  acc=0.7332  lr0=1.04e-05 lr1=5.19e-04
13:52:56 INFO   e1 step  1800/8438  loss=0.5298  acc=0.7360  lr0=1.07e-05 lr1=5.33e-04
13:53:49 INFO   e1 step  1850/8438  loss=0.5272  acc=0.7389  lr0=1.10e-05 lr1=5.48e-04
13:54:46 INFO   e1 step  1900/8438  loss=0.5250  acc=0.7412  lr0=1.13e-05 lr1=5.63e-04
13:55:42 INFO   e1 step  1950/8438  loss=0.5204  acc=0.7442  lr0=1.16e-05 lr1=5.78e-04
13:56:37 INFO   e1 step  2000/8438  loss=0.5185  acc=0.7464  lr0=1.19e-05 lr1=5.93e-04
13:57:34 INFO   e1 step  2050/8438  loss=0.5157  acc=0.7490  lr0=1.21e-05 lr1=6.07e-04
13:58:28 INFO   e1 step  2100/8438  loss=0.5122  acc=0.7519  lr0=1.24e-05 lr1=6.22e-04
13:59:24 INFO   e1 step  2150/8438  loss=0.5099  acc=0.7546  lr0=1.27e-05 lr1=6.37e-04
14:00:21 INFO   e1 step  2200/8438  loss=0.5065  acc=0.7570  lr0=1.30e-05 lr1=6.52e-04
14:01:16 INFO   e1 step  2250/8438  loss=0.5037  acc=0.7590  lr0=1.33e-05 lr1=6.67e-04
14:02:13 INFO   e1 step  2300/8438  loss=0.5012  acc=0.7612  lr0=1.36e-05 lr1=6.81e-04
14:03:07 INFO   e1 step  2350/8438  loss=0.4979  acc=0.7636  lr0=1.39e-05 lr1=6.96e-04
14:04:02 INFO   e1 step  2400/8438  loss=0.4944  acc=0.7657  lr0=1.42e-05 lr1=7.11e-04
14:04:59 INFO   e1 step  2450/8438  loss=0.4943  acc=0.7668  lr0=1.45e-05 lr1=7.26e-04
14:05:56 INFO   e1 step  2500/8438  loss=0.4923  acc=0.7688  lr0=1.48e-05 lr1=7.41e-04
14:06:52 INFO   e1 step  2550/8438  loss=0.4899  acc=0.7707  lr0=1.51e-05 lr1=7.56e-04
14:07:50 INFO   e1 step  2600/8438  loss=0.4874  acc=0.7728  lr0=1.54e-05 lr1=7.70e-04
14:08:46 INFO   e1 step  2650/8438  loss=0.4853  acc=0.7745  lr0=1.57e-05 lr1=7.85e-04
14:09:41 INFO   e1 step  2700/8438  loss=0.4827  acc=0.7763  lr0=1.60e-05 lr1=8.00e-04
14:10:37 INFO   e1 step  2750/8438  loss=0.4803  acc=0.7781  lr0=1.63e-05 lr1=8.15e-04
14:11:31 INFO   e1 step  2800/8438  loss=0.4764  acc=0.7804  lr0=1.66e-05 lr1=8.30e-04
14:12:23 INFO   e1 step  2850/8438  loss=0.4742  acc=0.7824  lr0=1.69e-05 lr1=8.44e-04
14:13:15 INFO   e1 step  2900/8438  loss=0.4726  acc=0.7837  lr0=1.72e-05 lr1=8.59e-04
14:14:10 INFO   e1 step  2950/8438  loss=0.4702  acc=0.7858  lr0=1.75e-05 lr1=8.74e-04
14:15:05 INFO   e1 step  3000/8438  loss=0.4688  acc=0.7871  lr0=1.78e-05 lr1=8.89e-04
14:16:00 INFO   e1 step  3050/8438  loss=0.4659  acc=0.7890  lr0=1.81e-05 lr1=9.04e-04
14:16:56 INFO   e1 step  3100/8438  loss=0.4646  acc=0.7902  lr0=1.84e-05 lr1=9.19e-04
14:17:49 INFO   e1 step  3150/8438  loss=0.4636  acc=0.7914  lr0=1.87e-05 lr1=9.33e-04
14:18:44 INFO   e1 step  3200/8438  loss=0.4629  acc=0.7920  lr0=1.90e-05 lr1=9.48e-04
14:19:40 INFO   e1 step  3250/8438  loss=0.4624  acc=0.7926  lr0=1.93e-05 lr1=9.63e-04
14:20:38 INFO   e1 step  3300/8438  loss=0.4604  acc=0.7941  lr0=1.96e-05 lr1=9.78e-04
14:21:32 INFO   e1 step  3350/8438  loss=0.4598  acc=0.7952  lr0=1.99e-05 lr1=9.93e-04
14:22:28 INFO   e1 step  3400/8438  loss=0.4592  acc=0.7958  lr0=2.00e-05 lr1=9.99e-04
14:23:23 INFO   e1 step  3450/8438  loss=0.4579  acc=0.7969  lr0=2.00e-05 lr1=9.98e-04
14:24:18 INFO   e1 step  3500/8438  loss=0.4572  acc=0.7978  lr0=1.99e-05 lr1=9.96e-04
14:25:16 INFO   e1 step  3550/8438  loss=0.4562  acc=0.7986  lr0=1.99e-05 lr1=9.94e-04
14:26:14 INFO   e1 step  3600/8438  loss=0.4535  acc=0.8002  lr0=1.99e-05 lr1=9.93e-04
14:27:08 INFO   e1 step  3650/8438  loss=0.4522  acc=0.8009  lr0=1.98e-05 lr1=9.91e-04
14:28:02 INFO   e1 step  3700/8438  loss=0.4511  acc=0.8018  lr0=1.98e-05 lr1=9.89e-04
14:28:58 INFO   e1 step  3750/8438  loss=0.4505  acc=0.8024  lr0=1.98e-05 lr1=9.88e-04
14:29:52 INFO   e1 step  3800/8438  loss=0.4485  acc=0.8035  lr0=1.97e-05 lr1=9.86e-04
14:30:47 INFO   e1 step  3850/8438  loss=0.4467  acc=0.8045  lr0=1.97e-05 lr1=9.84e-04
14:31:46 INFO   e1 step  3900/8438  loss=0.4448  acc=0.8059  lr0=1.97e-05 lr1=9.83e-04
14:32:44 INFO   e1 step  3950/8438  loss=0.4436  acc=0.8068  lr0=1.96e-05 lr1=9.81e-04
14:33:37 INFO   e1 step  4000/8438  loss=0.4418  acc=0.8081  lr0=1.96e-05 lr1=9.79e-04
14:34:32 INFO   e1 step  4050/8438  loss=0.4399  acc=0.8092  lr0=1.96e-05 lr1=9.78e-04
14:35:25 INFO   e1 step  4100/8438  loss=0.4381  acc=0.8105  lr0=1.95e-05 lr1=9.76e-04
14:36:26 INFO   e1 step  4150/8438  loss=0.4361  acc=0.8116  lr0=1.95e-05 lr1=9.74e-04
14:37:20 INFO   e1 step  4200/8438  loss=0.4347  acc=0.8125  lr0=1.95e-05 lr1=9.73e-04
14:38:16 INFO   e1 step  4250/8438  loss=0.4334  acc=0.8133  lr0=1.94e-05 lr1=9.71e-04
14:39:11 INFO   e1 step  4300/8438  loss=0.4321  acc=0.8140  lr0=1.94e-05 lr1=9.70e-04
14:40:04 INFO   e1 step  4350/8438  loss=0.4306  acc=0.8150  lr0=1.94e-05 lr1=9.68e-04
14:41:00 INFO   e1 step  4400/8438  loss=0.4296  acc=0.8159  lr0=1.93e-05 lr1=9.66e-04
14:41:55 INFO   e1 step  4450/8438  loss=0.4279  acc=0.8169  lr0=1.93e-05 lr1=9.65e-04
14:42:49 INFO   e1 step  4500/8438  loss=0.4268  acc=0.8178  lr0=1.93e-05 lr1=9.63e-04
14:43:44 INFO   e1 step  4550/8438  loss=0.4254  acc=0.8186  lr0=1.92e-05 lr1=9.61e-04
14:44:42 INFO   e1 step  4600/8438  loss=0.4237  acc=0.8196  lr0=1.92e-05 lr1=9.60e-04
14:45:34 INFO   e1 step  4650/8438  loss=0.4220  acc=0.8207  lr0=1.92e-05 lr1=9.58e-04
14:46:30 INFO   e1 step  4700/8438  loss=0.4213  acc=0.8213  lr0=1.91e-05 lr1=9.56e-04
14:47:24 INFO   e1 step  4750/8438  loss=0.4194  acc=0.8224  lr0=1.91e-05 lr1=9.55e-04
14:48:17 INFO   e1 step  4800/8438  loss=0.4181  acc=0.8233  lr0=1.91e-05 lr1=9.53e-04
14:49:12 INFO   e1 step  4850/8438  loss=0.4168  acc=0.8242  lr0=1.90e-05 lr1=9.51e-04
14:50:05 INFO   e1 step  4900/8438  loss=0.4153  acc=0.8252  lr0=1.90e-05 lr1=9.50e-04
14:50:58 INFO   e1 step  4950/8438  loss=0.4134  acc=0.8261  lr0=1.90e-05 lr1=9.48e-04
14:51:52 INFO   e1 step  5000/8438  loss=0.4129  acc=0.8266  lr0=1.89e-05 lr1=9.47e-04
14:52:50 INFO   e1 step  5050/8438  loss=0.4116  acc=0.8274  lr0=1.89e-05 lr1=9.45e-04
14:53:42 INFO   e1 step  5100/8438  loss=0.4109  acc=0.8279  lr0=1.89e-05 lr1=9.43e-04
14:54:37 INFO   e1 step  5150/8438  loss=0.4098  acc=0.8285  lr0=1.88e-05 lr1=9.42e-04
14:55:32 INFO   e1 step  5200/8438  loss=0.4091  acc=0.8292  lr0=1.88e-05 lr1=9.40e-04
14:56:28 INFO   e1 step  5250/8438  loss=0.4076  acc=0.8298  lr0=1.88e-05 lr1=9.38e-04
14:57:22 INFO   e1 step  5300/8438  loss=0.4068  acc=0.8303  lr0=1.87e-05 lr1=9.37e-04
14:58:18 INFO   e1 step  5350/8438  loss=0.4064  acc=0.8308  lr0=1.87e-05 lr1=9.35e-04
14:59:12 INFO   e1 step  5400/8438  loss=0.4056  acc=0.8313  lr0=1.87e-05 lr1=9.33e-04
15:00:08 INFO   e1 step  5450/8438  loss=0.4042  acc=0.8320  lr0=1.86e-05 lr1=9.32e-04
15:01:01 INFO   e1 step  5500/8438  loss=0.4034  acc=0.8324  lr0=1.86e-05 lr1=9.30e-04
15:01:54 INFO   e1 step  5550/8438  loss=0.4020  acc=0.8332  lr0=1.86e-05 lr1=9.28e-04
15:02:49 INFO   e1 step  5600/8438  loss=0.4005  acc=0.8340  lr0=1.85e-05 lr1=9.27e-04
15:03:44 INFO   e1 step  5650/8438  loss=0.3989  acc=0.8348  lr0=1.85e-05 lr1=9.25e-04
15:04:41 INFO   e1 step  5700/8438  loss=0.3979  acc=0.8355  lr0=1.85e-05 lr1=9.23e-04
15:05:32 INFO   e1 step  5750/8438  loss=0.3963  acc=0.8363  lr0=1.84e-05 lr1=9.22e-04
15:06:32 INFO   e1 step  5800/8438  loss=0.3951  acc=0.8370  lr0=1.84e-05 lr1=9.20e-04
15:07:28 INFO   e1 step  5850/8438  loss=0.3940  acc=0.8377  lr0=1.84e-05 lr1=9.19e-04
15:08:24 INFO   e1 step  5900/8438  loss=0.3932  acc=0.8381  lr0=1.83e-05 lr1=9.17e-04
15:09:20 INFO   e1 step  5950/8438  loss=0.3914  acc=0.8390  lr0=1.83e-05 lr1=9.15e-04
15:10:16 INFO   e1 step  6000/8438  loss=0.3897  acc=0.8399  lr0=1.83e-05 lr1=9.14e-04
15:11:12 INFO   e1 step  6050/8438  loss=0.3887  acc=0.8405  lr0=1.82e-05 lr1=9.12e-04
15:12:03 INFO   e1 step  6100/8438  loss=0.3876  acc=0.8412  lr0=1.82e-05 lr1=9.10e-04
15:12:56 INFO   e1 step  6150/8438  loss=0.3868  acc=0.8417  lr0=1.82e-05 lr1=9.09e-04
15:13:51 INFO   e1 step  6200/8438  loss=0.3857  acc=0.8423  lr0=1.81e-05 lr1=9.07e-04
15:14:46 INFO   e1 step  6250/8438  loss=0.3844  acc=0.8430  lr0=1.81e-05 lr1=9.05e-04
15:15:42 INFO   e1 step  6300/8438  loss=0.3832  acc=0.8436  lr0=1.81e-05 lr1=9.04e-04
15:16:35 INFO   e1 step  6350/8438  loss=0.3824  acc=0.8440  lr0=1.80e-05 lr1=9.02e-04
15:17:31 INFO   e1 step  6400/8438  loss=0.3813  acc=0.8445  lr0=1.80e-05 lr1=9.00e-04
15:18:24 INFO   e1 step  6450/8438  loss=0.3807  acc=0.8449  lr0=1.80e-05 lr1=8.99e-04
15:19:17 INFO   e1 step  6500/8438  loss=0.3797  acc=0.8455  lr0=1.79e-05 lr1=8.97e-04
15:20:12 INFO   e1 step  6550/8438  loss=0.3788  acc=0.8460  lr0=1.79e-05 lr1=8.95e-04
15:21:10 INFO   e1 step  6600/8438  loss=0.3775  acc=0.8467  lr0=1.79e-05 lr1=8.94e-04
15:22:08 INFO   e1 step  6650/8438  loss=0.3765  acc=0.8473  lr0=1.78e-05 lr1=8.92e-04
15:23:01 INFO   e1 step  6700/8438  loss=0.3752  acc=0.8479  lr0=1.78e-05 lr1=8.91e-04
15:23:56 INFO   e1 step  6750/8438  loss=0.3740  acc=0.8486  lr0=1.78e-05 lr1=8.89e-04
15:24:51 INFO   e1 step  6800/8438  loss=0.3728  acc=0.8493  lr0=1.77e-05 lr1=8.87e-04
15:25:46 INFO   e1 step  6850/8438  loss=0.3719  acc=0.8498  lr0=1.77e-05 lr1=8.86e-04
15:26:39 INFO   e1 step  6900/8438  loss=0.3708  acc=0.8505  lr0=1.77e-05 lr1=8.84e-04
15:27:35 INFO   e1 step  6950/8438  loss=0.3698  acc=0.8510  lr0=1.76e-05 lr1=8.82e-04
15:28:30 INFO   e1 step  7000/8438  loss=0.3680  acc=0.8518  lr0=1.76e-05 lr1=8.81e-04
15:29:24 INFO   e1 step  7050/8438  loss=0.3678  acc=0.8521  lr0=1.76e-05 lr1=8.79e-04
15:30:23 INFO   e1 step  7100/8438  loss=0.3665  acc=0.8527  lr0=1.75e-05 lr1=8.77e-04
15:31:16 INFO   e1 step  7150/8438  loss=0.3651  acc=0.8534  lr0=1.75e-05 lr1=8.76e-04
15:32:10 INFO   e1 step  7200/8438  loss=0.3636  acc=0.8541  lr0=1.75e-05 lr1=8.74e-04
15:33:05 INFO   e1 step  7250/8438  loss=0.3623  acc=0.8547  lr0=1.74e-05 lr1=8.72e-04
15:34:04 INFO   e1 step  7300/8438  loss=0.3613  acc=0.8553  lr0=1.74e-05 lr1=8.71e-04
15:34:59 INFO   e1 step  7350/8438  loss=0.3601  acc=0.8560  lr0=1.74e-05 lr1=8.69e-04
15:35:54 INFO   e1 step  7400/8438  loss=0.3589  acc=0.8566  lr0=1.73e-05 lr1=8.67e-04
15:36:46 INFO   e1 step  7450/8438  loss=0.3581  acc=0.8571  lr0=1.73e-05 lr1=8.66e-04
15:37:45 INFO   e1 step  7500/8438  loss=0.3564  acc=0.8579  lr0=1.73e-05 lr1=8.64e-04
15:38:40 INFO   e1 step  7550/8438  loss=0.3556  acc=0.8584  lr0=1.73e-05 lr1=8.63e-04
15:39:35 INFO   e1 step  7600/8438  loss=0.3546  acc=0.8588  lr0=1.72e-05 lr1=8.61e-04
15:40:30 INFO   e1 step  7650/8438  loss=0.3538  acc=0.8592  lr0=1.72e-05 lr1=8.59e-04
15:41:26 INFO   e1 step  7700/8438  loss=0.3530  acc=0.8597  lr0=1.72e-05 lr1=8.58e-04
15:42:18 INFO   e1 step  7750/8438  loss=0.3518  acc=0.8603  lr0=1.71e-05 lr1=8.56e-04
15:43:15 INFO   e1 step  7800/8438  loss=0.3510  acc=0.8608  lr0=1.71e-05 lr1=8.54e-04
15:44:08 INFO   e1 step  7850/8438  loss=0.3502  acc=0.8613  lr0=1.71e-05 lr1=8.53e-04
15:45:01 INFO   e1 step  7900/8438  loss=0.3492  acc=0.8617  lr0=1.70e-05 lr1=8.51e-04
15:45:57 INFO   e1 step  7950/8438  loss=0.3481  acc=0.8623  lr0=1.70e-05 lr1=8.49e-04
15:46:49 INFO   e1 step  8000/8438  loss=0.3477  acc=0.8627  lr0=1.70e-05 lr1=8.48e-04
15:47:43 INFO   e1 step  8050/8438  loss=0.3470  acc=0.8630  lr0=1.69e-05 lr1=8.46e-04
15:48:37 INFO   e1 step  8100/8438  loss=0.3463  acc=0.8634  lr0=1.69e-05 lr1=8.44e-04
15:49:33 INFO   e1 step  8150/8438  loss=0.3454  acc=0.8639  lr0=1.69e-05 lr1=8.43e-04
15:50:26 INFO   e1 step  8200/8438  loss=0.3445  acc=0.8644  lr0=1.68e-05 lr1=8.41e-04
15:51:21 INFO   e1 step  8250/8438  loss=0.3435  acc=0.8649  lr0=1.68e-05 lr1=8.40e-04
15:52:16 INFO   e1 step  8300/8438  loss=0.3430  acc=0.8653  lr0=1.68e-05 lr1=8.38e-04
15:53:11 INFO   e1 step  8350/8438  loss=0.3420  acc=0.8658  lr0=1.67e-05 lr1=8.36e-04
15:54:04 INFO   e1 step  8400/8438  loss=0.3413  acc=0.8663  lr0=1.67e-05 lr1=8.35e-04
16:02:28 INFO [epoch 1] train_loss=0.3408 train_acc=0.8666  val_loss=0.2938 val_acc=0.9152 val_auc=0.9640  elapsed=9761.4s
16:02:32 INFO   saved best.pt  val_acc=0.9152
16:03:31 INFO   e2 step    50/8438  loss=0.1787  acc=0.9400  lr0=1.66e-05 lr1=8.32e-04
16:04:23 INFO   e2 step   100/8438  loss=0.2080  acc=0.9387  lr0=1.66e-05 lr1=8.30e-04
16:05:15 INFO   e2 step   150/8438  loss=0.1792  acc=0.9483  lr0=1.66e-05 lr1=8.28e-04
16:06:08 INFO   e2 step   200/8438  loss=0.1724  acc=0.9513  lr0=1.65e-05 lr1=8.27e-04
16:07:01 INFO   e2 step   250/8438  loss=0.1665  acc=0.9540  lr0=1.65e-05 lr1=8.25e-04
16:07:59 INFO   e2 step   300/8438  loss=0.1763  acc=0.9508  lr0=1.65e-05 lr1=8.23e-04
16:08:55 INFO   e2 step   350/8438  loss=0.1669  acc=0.9539  lr0=1.64e-05 lr1=8.22e-04
16:09:50 INFO   e2 step   400/8438  loss=0.1705  acc=0.9528  lr0=1.64e-05 lr1=8.20e-04
16:10:45 INFO   e2 step   450/8438  loss=0.1725  acc=0.9531  lr0=1.64e-05 lr1=8.19e-04
16:11:42 INFO   e2 step   500/8438  loss=0.1686  acc=0.9537  lr0=1.63e-05 lr1=8.17e-04
16:12:37 INFO   e2 step   550/8438  loss=0.1691  acc=0.9539  lr0=1.63e-05 lr1=8.15e-04
16:13:31 INFO   e2 step   600/8438  loss=0.1662  acc=0.9550  lr0=1.63e-05 lr1=8.14e-04
16:14:26 INFO   e2 step   650/8438  loss=0.1673  acc=0.9548  lr0=1.62e-05 lr1=8.12e-04
16:15:20 INFO   e2 step   700/8438  loss=0.1682  acc=0.9546  lr0=1.62e-05 lr1=8.10e-04
16:16:18 INFO   e2 step   750/8438  loss=0.1677  acc=0.9552  lr0=1.62e-05 lr1=8.09e-04
16:17:13 INFO   e2 step   800/8438  loss=0.1669  acc=0.9556  lr0=1.61e-05 lr1=8.07e-04
16:18:08 INFO   e2 step   850/8438  loss=0.1645  acc=0.9562  lr0=1.61e-05 lr1=8.05e-04
16:19:01 INFO   e2 step   900/8438  loss=0.1630  acc=0.9565  lr0=1.61e-05 lr1=8.04e-04
16:19:57 INFO   e2 step   950/8438  loss=0.1630  acc=0.9563  lr0=1.60e-05 lr1=8.02e-04
16:20:52 INFO   e2 step  1000/8438  loss=0.1634  acc=0.9564  lr0=1.60e-05 lr1=8.00e-04
16:21:49 INFO   e2 step  1050/8438  loss=0.1624  acc=0.9565  lr0=1.60e-05 lr1=7.99e-04
16:22:43 INFO   e2 step  1100/8438  loss=0.1617  acc=0.9567  lr0=1.59e-05 lr1=7.97e-04
16:23:40 INFO   e2 step  1150/8438  loss=0.1595  acc=0.9575  lr0=1.59e-05 lr1=7.95e-04
16:24:32 INFO   e2 step  1200/8438  loss=0.1568  acc=0.9583  lr0=1.59e-05 lr1=7.94e-04
16:25:24 INFO   e2 step  1250/8438  loss=0.1546  acc=0.9591  lr0=1.58e-05 lr1=7.92e-04
16:26:20 INFO   e2 step  1300/8438  loss=0.1540  acc=0.9592  lr0=1.58e-05 lr1=7.91e-04
16:27:14 INFO   e2 step  1350/8438  loss=0.1518  acc=0.9599  lr0=1.58e-05 lr1=7.89e-04
16:28:09 INFO   e2 step  1400/8438  loss=0.1525  acc=0.9598  lr0=1.57e-05 lr1=7.87e-04
16:29:05 INFO   e2 step  1450/8438  loss=0.1501  acc=0.9605  lr0=1.57e-05 lr1=7.86e-04
16:29:55 INFO   e2 step  1500/8438  loss=0.1493  acc=0.9609  lr0=1.57e-05 lr1=7.84e-04
16:30:52 INFO   e2 step  1550/8438  loss=0.1481  acc=0.9612  lr0=1.56e-05 lr1=7.82e-04
16:31:47 INFO   e2 step  1600/8438  loss=0.1462  acc=0.9618  lr0=1.56e-05 lr1=7.81e-04
16:32:38 INFO   e2 step  1650/8438  loss=0.1455  acc=0.9620  lr0=1.56e-05 lr1=7.79e-04
16:33:33 INFO   e2 step  1700/8438  loss=0.1459  acc=0.9620  lr0=1.55e-05 lr1=7.77e-04
16:34:29 INFO   e2 step  1750/8438  loss=0.1451  acc=0.9622  lr0=1.55e-05 lr1=7.76e-04
16:35:24 INFO   e2 step  1800/8438  loss=0.1458  acc=0.9619  lr0=1.55e-05 lr1=7.74e-04
16:36:20 INFO   e2 step  1850/8438  loss=0.1456  acc=0.9620  lr0=1.54e-05 lr1=7.72e-04
16:37:16 INFO   e2 step  1900/8438  loss=0.1450  acc=0.9623  lr0=1.54e-05 lr1=7.71e-04
16:38:09 INFO   e2 step  1950/8438  loss=0.1435  acc=0.9627  lr0=1.54e-05 lr1=7.69e-04
16:39:04 INFO   e2 step  2000/8438  loss=0.1413  acc=0.9633  lr0=1.53e-05 lr1=7.67e-04
16:39:57 INFO   e2 step  2050/8438  loss=0.1420  acc=0.9632  lr0=1.53e-05 lr1=7.66e-04
16:40:52 INFO   e2 step  2100/8438  loss=0.1414  acc=0.9633  lr0=1.53e-05 lr1=7.64e-04
16:41:46 INFO   e2 step  2150/8438  loss=0.1440  acc=0.9623  lr0=1.53e-05 lr1=7.63e-04
16:42:43 INFO   e2 step  2200/8438  loss=0.1445  acc=0.9620  lr0=1.52e-05 lr1=7.61e-04
16:43:36 INFO   e2 step  2250/8438  loss=0.1457  acc=0.9614  lr0=1.52e-05 lr1=7.59e-04
16:44:31 INFO   e2 step  2300/8438  loss=0.1487  acc=0.9598  lr0=1.52e-05 lr1=7.58e-04
16:45:27 INFO   e2 step  2350/8438  loss=0.1557  acc=0.9562  lr0=1.51e-05 lr1=7.56e-04
16:46:23 INFO   e2 step  2400/8438  loss=0.1623  acc=0.9527  lr0=1.51e-05 lr1=7.54e-04
16:47:19 INFO   e2 step  2450/8438  loss=0.1678  acc=0.9503  lr0=1.51e-05 lr1=7.53e-04
16:48:13 INFO   e2 step  2500/8438  loss=0.1705  acc=0.9492  lr0=1.50e-05 lr1=7.51e-04
16:49:07 INFO   e2 step  2550/8438  loss=0.1733  acc=0.9480  lr0=1.50e-05 lr1=7.49e-04
16:50:03 INFO   e2 step  2600/8438  loss=0.1771  acc=0.9465  lr0=1.50e-05 lr1=7.48e-04
16:50:58 INFO   e2 step  2650/8438  loss=0.1821  acc=0.9438  lr0=1.49e-05 lr1=7.46e-04
16:51:54 INFO   e2 step  2700/8438  loss=0.1885  acc=0.9404  lr0=1.49e-05 lr1=7.44e-04
16:52:53 INFO   e2 step  2750/8438  loss=0.1940  acc=0.9376  lr0=1.49e-05 lr1=7.43e-04
16:53:48 INFO   e2 step  2800/8438  loss=0.1993  acc=0.9347  lr0=1.48e-05 lr1=7.41e-04
16:54:45 INFO   e2 step  2850/8438  loss=0.2043  acc=0.9318  lr0=1.48e-05 lr1=7.40e-04
16:55:38 INFO   e2 step  2900/8438  loss=0.2094  acc=0.9288  lr0=1.48e-05 lr1=7.38e-04
16:56:34 INFO   e2 step  2950/8438  loss=0.2138  acc=0.9263  lr0=1.47e-05 lr1=7.36e-04
16:57:31 INFO   e2 step  3000/8438  loss=0.2180  acc=0.9242  lr0=1.47e-05 lr1=7.35e-04
16:58:24 INFO   e2 step  3050/8438  loss=0.2229  acc=0.9218  lr0=1.47e-05 lr1=7.33e-04
16:59:17 INFO   e2 step  3100/8438  loss=0.2277  acc=0.9193  lr0=1.46e-05 lr1=7.31e-04
17:00:13 INFO   e2 step  3150/8438  loss=0.2321  acc=0.9172  lr0=1.46e-05 lr1=7.30e-04
17:01:13 INFO   e2 step  3200/8438  loss=0.2357  acc=0.9157  lr0=1.46e-05 lr1=7.28e-04
17:02:08 INFO   e2 step  3250/8438  loss=0.2405  acc=0.9131  lr0=1.45e-05 lr1=7.26e-04
17:03:04 INFO   e2 step  3300/8438  loss=0.2445  acc=0.9109  lr0=1.45e-05 lr1=7.25e-04
17:04:01 INFO   e2 step  3350/8438  loss=0.2486  acc=0.9089  lr0=1.45e-05 lr1=7.23e-04
17:04:54 INFO   e2 step  3400/8438  loss=0.2520  acc=0.9071  lr0=1.44e-05 lr1=7.21e-04
17:05:49 INFO   e2 step  3450/8438  loss=0.2557  acc=0.9054  lr0=1.44e-05 lr1=7.20e-04
17:06:46 INFO   e2 step  3500/8438  loss=0.2590  acc=0.9035  lr0=1.44e-05 lr1=7.18e-04
17:07:38 INFO   e2 step  3550/8438  loss=0.2621  acc=0.9019  lr0=1.43e-05 lr1=7.16e-04
17:08:33 INFO   e2 step  3600/8438  loss=0.2652  acc=0.9002  lr0=1.43e-05 lr1=7.15e-04
17:09:25 INFO   e2 step  3650/8438  loss=0.2687  acc=0.8984  lr0=1.43e-05 lr1=7.13e-04
17:10:22 INFO   e2 step  3700/8438  loss=0.2714  acc=0.8970  lr0=1.42e-05 lr1=7.12e-04
17:11:16 INFO   e2 step  3750/8438  loss=0.2753  acc=0.8947  lr0=1.42e-05 lr1=7.10e-04
17:12:07 INFO   e2 step  3800/8438  loss=0.2778  acc=0.8935  lr0=1.42e-05 lr1=7.08e-04
17:13:05 INFO   e2 step  3850/8438  loss=0.2809  acc=0.8920  lr0=1.41e-05 lr1=7.07e-04
17:13:59 INFO   e2 step  3900/8438  loss=0.2837  acc=0.8906  lr0=1.41e-05 lr1=7.05e-04
17:14:55 INFO   e2 step  3950/8438  loss=0.2851  acc=0.8900  lr0=1.41e-05 lr1=7.03e-04
17:15:48 INFO   e2 step  4000/8438  loss=0.2877  acc=0.8884  lr0=1.40e-05 lr1=7.02e-04
17:16:42 INFO   e2 step  4050/8438  loss=0.2902  acc=0.8872  lr0=1.40e-05 lr1=7.00e-04
17:17:36 INFO   e2 step  4100/8438  loss=0.2929  acc=0.8859  lr0=1.40e-05 lr1=6.98e-04
17:18:28 INFO   e2 step  4150/8438  loss=0.2946  acc=0.8851  lr0=1.39e-05 lr1=6.97e-04
17:19:26 INFO   e2 step  4200/8438  loss=0.2963  acc=0.8844  lr0=1.39e-05 lr1=6.95e-04
17:20:24 INFO   e2 step  4250/8438  loss=0.2976  acc=0.8838  lr0=1.39e-05 lr1=6.93e-04
17:21:17 INFO   e2 step  4300/8438  loss=0.2995  acc=0.8824  lr0=1.38e-05 lr1=6.92e-04
17:22:16 INFO   e2 step  4350/8438  loss=0.3016  acc=0.8807  lr0=1.38e-05 lr1=6.90e-04
17:23:11 INFO   e2 step  4400/8438  loss=0.3028  acc=0.8800  lr0=1.38e-05 lr1=6.88e-04
17:24:06 INFO   e2 step  4450/8438  loss=0.3044  acc=0.8793  lr0=1.37e-05 lr1=6.87e-04
17:25:01 INFO   e2 step  4500/8438  loss=0.3062  acc=0.8785  lr0=1.37e-05 lr1=6.85e-04
17:25:54 INFO   e2 step  4550/8438  loss=0.3071  acc=0.8782  lr0=1.37e-05 lr1=6.84e-04
17:26:47 INFO   e2 step  4600/8438  loss=0.3077  acc=0.8779  lr0=1.36e-05 lr1=6.82e-04
17:27:45 INFO   e2 step  4650/8438  loss=0.3096  acc=0.8769  lr0=1.36e-05 lr1=6.80e-04
17:28:40 INFO   e2 step  4700/8438  loss=0.3123  acc=0.8749  lr0=1.36e-05 lr1=6.79e-04
17:29:38 INFO   e2 step  4750/8438  loss=0.3160  acc=0.8716  lr0=1.35e-05 lr1=6.77e-04
17:30:35 INFO   e2 step  4800/8438  loss=0.3194  acc=0.8688  lr0=1.35e-05 lr1=6.75e-04
17:31:29 INFO   e2 step  4850/8438  loss=0.3223  acc=0.8672  lr0=1.35e-05 lr1=6.74e-04
17:32:24 INFO   e2 step  4900/8438  loss=0.3259  acc=0.8650  lr0=1.34e-05 lr1=6.72e-04
17:33:19 INFO   e2 step  4950/8438  loss=0.3287  acc=0.8635  lr0=1.34e-05 lr1=6.70e-04
17:34:13 INFO   e2 step  5000/8438  loss=0.3312  acc=0.8621  lr0=1.34e-05 lr1=6.69e-04
17:35:06 INFO   e2 step  5050/8438  loss=0.3346  acc=0.8593  lr0=1.33e-05 lr1=6.67e-04
17:36:00 INFO   e2 step  5100/8438  loss=0.3368  acc=0.8584  lr0=1.33e-05 lr1=6.65e-04
17:36:55 INFO   e2 step  5150/8438  loss=0.3389  acc=0.8573  lr0=1.33e-05 lr1=6.64e-04
17:37:51 INFO   e2 step  5200/8438  loss=0.3417  acc=0.8557  lr0=1.32e-05 lr1=6.62e-04
17:38:44 INFO   e2 step  5250/8438  loss=0.3441  acc=0.8544  lr0=1.32e-05 lr1=6.60e-04
17:39:39 INFO   e2 step  5300/8438  loss=0.3462  acc=0.8533  lr0=1.32e-05 lr1=6.59e-04
17:40:34 INFO   e2 step  5350/8438  loss=0.3480  acc=0.8525  lr0=1.31e-05 lr1=6.57e-04
17:41:29 INFO   e2 step  5400/8438  loss=0.3503  acc=0.8512  lr0=1.31e-05 lr1=6.56e-04
17:42:25 INFO   e2 step  5450/8438  loss=0.3524  acc=0.8500  lr0=1.31e-05 lr1=6.54e-04
17:43:19 INFO   e2 step  5500/8438  loss=0.3549  acc=0.8486  lr0=1.30e-05 lr1=6.52e-04
17:44:18 INFO   e2 step  5550/8438  loss=0.3576  acc=0.8467  lr0=1.30e-05 lr1=6.51e-04
17:45:12 INFO   e2 step  5600/8438  loss=0.3602  acc=0.8447  lr0=1.30e-05 lr1=6.49e-04
17:46:05 INFO   e2 step  5650/8438  loss=0.3628  acc=0.8425  lr0=1.29e-05 lr1=6.47e-04
17:47:02 INFO   e2 step  5700/8438  loss=0.3650  acc=0.8410  lr0=1.29e-05 lr1=6.46e-04
17:48:00 INFO   e2 step  5750/8438  loss=0.3673  acc=0.8395  lr0=1.29e-05 lr1=6.44e-04
17:48:53 INFO   e2 step  5800/8438  loss=0.3694  acc=0.8383  lr0=1.28e-05 lr1=6.42e-04
17:49:49 INFO   e2 step  5850/8438  loss=0.3711  acc=0.8373  lr0=1.28e-05 lr1=6.41e-04
17:50:42 INFO   e2 step  5900/8438  loss=0.3731  acc=0.8361  lr0=1.28e-05 lr1=6.39e-04
17:51:39 INFO   e2 step  5950/8438  loss=0.3752  acc=0.8350  lr0=1.27e-05 lr1=6.37e-04
17:52:36 INFO   e2 step  6000/8438  loss=0.3767  acc=0.8340  lr0=1.27e-05 lr1=6.36e-04
17:53:31 INFO   e2 step  6050/8438  loss=0.3783  acc=0.8332  lr0=1.27e-05 lr1=6.34e-04
17:54:27 INFO   e2 step  6100/8438  loss=0.3798  acc=0.8324  lr0=1.27e-05 lr1=6.33e-04
17:55:19 INFO   e2 step  6150/8438  loss=0.3815  acc=0.8315  lr0=1.26e-05 lr1=6.31e-04
17:56:14 INFO   e2 step  6200/8438  loss=0.3830  acc=0.8307  lr0=1.26e-05 lr1=6.29e-04
17:57:08 INFO   e2 step  6250/8438  loss=0.3841  acc=0.8300  lr0=1.26e-05 lr1=6.28e-04
17:58:05 INFO   e2 step  6300/8438  loss=0.3855  acc=0.8293  lr0=1.25e-05 lr1=6.26e-04
17:59:00 INFO   e2 step  6350/8438  loss=0.3863  acc=0.8290  lr0=1.25e-05 lr1=6.24e-04
17:59:53 INFO   e2 step  6400/8438  loss=0.3879  acc=0.8282  lr0=1.25e-05 lr1=6.23e-04
18:00:49 INFO   e2 step  6450/8438  loss=0.3894  acc=0.8273  lr0=1.24e-05 lr1=6.21e-04
18:01:43 INFO   e2 step  6500/8438  loss=0.3909  acc=0.8264  lr0=1.24e-05 lr1=6.19e-04
18:02:38 INFO   e2 step  6550/8438  loss=0.3925  acc=0.8252  lr0=1.24e-05 lr1=6.18e-04
18:03:29 INFO   e2 step  6600/8438  loss=0.3939  acc=0.8245  lr0=1.23e-05 lr1=6.16e-04
18:04:22 INFO   e2 step  6650/8438  loss=0.3955  acc=0.8234  lr0=1.23e-05 lr1=6.14e-04
18:05:16 INFO   e2 step  6700/8438  loss=0.3966  acc=0.8230  lr0=1.23e-05 lr1=6.13e-04
18:06:12 INFO   e2 step  6750/8438  loss=0.3979  acc=0.8223  lr0=1.22e-05 lr1=6.11e-04
18:07:07 INFO   e2 step  6800/8438  loss=0.3988  acc=0.8218  lr0=1.22e-05 lr1=6.09e-04
18:08:04 INFO   e2 step  6850/8438  loss=0.4001  acc=0.8212  lr0=1.22e-05 lr1=6.08e-04
18:08:58 INFO   e2 step  6900/8438  loss=0.4015  acc=0.8202  lr0=1.21e-05 lr1=6.06e-04
18:09:53 INFO   e2 step  6950/8438  loss=0.4025  acc=0.8198  lr0=1.21e-05 lr1=6.05e-04
18:10:48 INFO   e2 step  7000/8438  loss=0.4034  acc=0.8194  lr0=1.21e-05 lr1=6.03e-04
18:11:45 INFO   e2 step  7050/8438  loss=0.4048  acc=0.8187  lr0=1.20e-05 lr1=6.01e-04
18:12:39 INFO   e2 step  7100/8438  loss=0.4060  acc=0.8181  lr0=1.20e-05 lr1=6.00e-04
18:13:35 INFO   e2 step  7150/8438  loss=0.4069  acc=0.8177  lr0=1.20e-05 lr1=5.98e-04
18:14:29 INFO   e2 step  7200/8438  loss=0.4081  acc=0.8171  lr0=1.19e-05 lr1=5.96e-04
18:15:23 INFO   e2 step  7250/8438  loss=0.4093  acc=0.8164  lr0=1.19e-05 lr1=5.95e-04
18:16:15 INFO   e2 step  7300/8438  loss=0.4106  acc=0.8157  lr0=1.19e-05 lr1=5.93e-04
18:17:12 INFO   e2 step  7350/8438  loss=0.4117  acc=0.8152  lr0=1.18e-05 lr1=5.91e-04
18:18:04 INFO   e2 step  7400/8438  loss=0.4130  acc=0.8144  lr0=1.18e-05 lr1=5.90e-04
18:18:57 INFO   e2 step  7450/8438  loss=0.4140  acc=0.8138  lr0=1.18e-05 lr1=5.88e-04
18:19:51 INFO   e2 step  7500/8438  loss=0.4152  acc=0.8132  lr0=1.17e-05 lr1=5.86e-04
18:20:47 INFO   e2 step  7550/8438  loss=0.4164  acc=0.8124  lr0=1.17e-05 lr1=5.85e-04
18:21:38 INFO   e2 step  7600/8438  loss=0.4175  acc=0.8119  lr0=1.17e-05 lr1=5.83e-04
18:22:33 INFO   e2 step  7650/8438  loss=0.4183  acc=0.8114  lr0=1.16e-05 lr1=5.81e-04
18:23:28 INFO   e2 step  7700/8438  loss=0.4189  acc=0.8112  lr0=1.16e-05 lr1=5.80e-04
18:24:23 INFO   e2 step  7750/8438  loss=0.4191  acc=0.8112  lr0=1.16e-05 lr1=5.78e-04
18:25:17 INFO   e2 step  7800/8438  loss=0.4197  acc=0.8110  lr0=1.15e-05 lr1=5.77e-04
18:26:12 INFO   e2 step  7850/8438  loss=0.4200  acc=0.8111  lr0=1.15e-05 lr1=5.75e-04
18:27:06 INFO   e2 step  7900/8438  loss=0.4209  acc=0.8107  lr0=1.15e-05 lr1=5.73e-04
18:28:01 INFO   e2 step  7950/8438  loss=0.4214  acc=0.8104  lr0=1.14e-05 lr1=5.72e-04
18:28:57 INFO   e2 step  8000/8438  loss=0.4221  acc=0.8098  lr0=1.14e-05 lr1=5.70e-04
18:29:57 INFO   e2 step  8050/8438  loss=0.4224  acc=0.8097  lr0=1.14e-05 lr1=5.68e-04
18:30:54 INFO   e2 step  8100/8438  loss=0.4231  acc=0.8095  lr0=1.13e-05 lr1=5.67e-04
18:31:47 INFO   e2 step  8150/8438  loss=0.4232  acc=0.8095  lr0=1.13e-05 lr1=5.65e-04
18:32:44 INFO   e2 step  8200/8438  loss=0.4235  acc=0.8095  lr0=1.13e-05 lr1=5.63e-04
18:33:44 INFO   e2 step  8250/8438  loss=0.4242  acc=0.8091  lr0=1.12e-05 lr1=5.62e-04
18:34:39 INFO   e2 step  8300/8438  loss=0.4241  acc=0.8091  lr0=1.12e-05 lr1=5.60e-04
18:35:35 INFO   e2 step  8350/8438  loss=0.4250  acc=0.8085  lr0=1.12e-05 lr1=5.58e-04
18:36:33 INFO   e2 step  8400/8438  loss=0.4255  acc=0.8083  lr0=1.11e-05 lr1=5.57e-04
18:44:57 INFO [epoch 2] train_loss=0.4259 train_acc=0.8080  val_loss=0.5922 val_acc=0.7340 val_auc=0.7705  elapsed=9744.8s
18:45:53 INFO   e3 step    50/8438  loss=0.5850  acc=0.7250  lr0=1.11e-05 lr1=5.54e-04
18:46:48 INFO   e3 step   100/8438  loss=0.5953  acc=0.6825  lr0=1.10e-05 lr1=5.52e-04
18:47:45 INFO   e3 step   150/8438  loss=0.5968  acc=0.6783  lr0=1.10e-05 lr1=5.51e-04
18:48:41 INFO   e3 step   200/8438  loss=0.5968  acc=0.6750  lr0=1.10e-05 lr1=5.49e-04
18:49:34 INFO   e3 step   250/8438  loss=0.5946  acc=0.6705  lr0=1.09e-05 lr1=5.47e-04
18:50:28 INFO   e3 step   300/8438  loss=0.6001  acc=0.6646  lr0=1.09e-05 lr1=5.46e-04
18:51:24 INFO   e3 step   350/8438  loss=0.6005  acc=0.6589  lr0=1.09e-05 lr1=5.44e-04
18:52:21 INFO   e3 step   400/8438  loss=0.6004  acc=0.6619  lr0=1.08e-05 lr1=5.42e-04
18:53:13 INFO   e3 step   450/8438  loss=0.5940  acc=0.6667  lr0=1.08e-05 lr1=5.41e-04
18:54:07 INFO   e3 step   500/8438  loss=0.5855  acc=0.6773  lr0=1.08e-05 lr1=5.39e-04
18:55:02 INFO   e3 step   550/8438  loss=0.5783  acc=0.6857  lr0=1.07e-05 lr1=5.37e-04
18:55:57 INFO   e3 step   600/8438  loss=0.5763  acc=0.6900  lr0=1.07e-05 lr1=5.36e-04
18:56:51 INFO   e3 step   650/8438  loss=0.5666  acc=0.6992  lr0=1.07e-05 lr1=5.34e-04
18:57:46 INFO   e3 step   700/8438  loss=0.5732  acc=0.6970  lr0=1.07e-05 lr1=5.33e-04
18:58:42 INFO   e3 step   750/8438  loss=0.5780  acc=0.6927  lr0=1.06e-05 lr1=5.31e-04
18:59:35 INFO   e3 step   800/8438  loss=0.5825  acc=0.6920  lr0=1.06e-05 lr1=5.29e-04
19:00:30 INFO   e3 step   850/8438  loss=0.5872  acc=0.6866  lr0=1.06e-05 lr1=5.28e-04
19:01:24 INFO   e3 step   900/8438  loss=0.5906  acc=0.6849  lr0=1.05e-05 lr1=5.26e-04
19:02:15 INFO   e3 step   950/8438  loss=0.5891  acc=0.6880  lr0=1.05e-05 lr1=5.24e-04
19:03:11 INFO   e3 step  1000/8438  loss=0.5917  acc=0.6876  lr0=1.05e-05 lr1=5.23e-04
19:04:06 INFO   e3 step  1050/8438  loss=0.5935  acc=0.6869  lr0=1.04e-05 lr1=5.21e-04
19:05:00 INFO   e3 step  1100/8438  loss=0.5966  acc=0.6832  lr0=1.04e-05 lr1=5.19e-04
19:05:54 INFO   e3 step  1150/8438  loss=0.5987  acc=0.6817  lr0=1.04e-05 lr1=5.18e-04
19:06:48 INFO   e3 step  1200/8438  loss=0.5995  acc=0.6806  lr0=1.03e-05 lr1=5.16e-04
19:07:44 INFO   e3 step  1250/8438  loss=0.5994  acc=0.6821  lr0=1.03e-05 lr1=5.14e-04
19:08:40 INFO   e3 step  1300/8438  loss=0.5990  acc=0.6831  lr0=1.03e-05 lr1=5.13e-04
19:09:35 INFO   e3 step  1350/8438  loss=0.6055  acc=0.6762  lr0=1.02e-05 lr1=5.11e-04
19:10:30 INFO   e3 step  1400/8438  loss=0.6087  acc=0.6703  lr0=1.02e-05 lr1=5.09e-04
19:11:24 INFO   e3 step  1450/8438  loss=0.6117  acc=0.6655  lr0=1.02e-05 lr1=5.08e-04
19:12:19 INFO   e3 step  1500/8438  loss=0.6137  acc=0.6637  lr0=1.01e-05 lr1=5.06e-04
19:13:13 INFO   e3 step  1550/8438  loss=0.6155  acc=0.6602  lr0=1.01e-05 lr1=5.05e-04
19:14:07 INFO   e3 step  1600/8438  loss=0.6174  acc=0.6579  lr0=1.01e-05 lr1=5.03e-04
19:15:03 INFO   e3 step  1650/8438  loss=0.6193  acc=0.6546  lr0=1.00e-05 lr1=5.01e-04
19:15:59 INFO   e3 step  1700/8438  loss=0.6212  acc=0.6512  lr0=9.99e-06 lr1=5.00e-04
19:16:52 INFO   e3 step  1750/8438  loss=0.6229  acc=0.6490  lr0=9.96e-06 lr1=4.98e-04
19:17:47 INFO   e3 step  1800/8438  loss=0.6234  acc=0.6485  lr0=9.93e-06 lr1=4.96e-04
19:18:42 INFO   e3 step  1850/8438  loss=0.6236  acc=0.6494  lr0=9.89e-06 lr1=4.95e-04
19:19:38 INFO   e3 step  1900/8438  loss=0.6251  acc=0.6486  lr0=9.86e-06 lr1=4.93e-04
19:20:35 INFO   e3 step  1950/8438  loss=0.6266  acc=0.6456  lr0=9.83e-06 lr1=4.91e-04
19:21:30 INFO   e3 step  2000/8438  loss=0.6283  acc=0.6414  lr0=9.79e-06 lr1=4.90e-04
19:22:26 INFO   e3 step  2050/8438  loss=0.6299  acc=0.6380  lr0=9.76e-06 lr1=4.88e-04
19:23:23 INFO   e3 step  2100/8438  loss=0.6314  acc=0.6343  lr0=9.73e-06 lr1=4.86e-04
19:24:16 INFO   e3 step  2150/8438  loss=0.6329  acc=0.6305  lr0=9.70e-06 lr1=4.85e-04
19:25:15 INFO   e3 step  2200/8438  loss=0.6344  acc=0.6274  lr0=9.66e-06 lr1=4.83e-04
19:26:14 INFO   e3 step  2250/8438  loss=0.6357  acc=0.6249  lr0=9.63e-06 lr1=4.81e-04
19:27:09 INFO   e3 step  2300/8438  loss=0.6370  acc=0.6224  lr0=9.60e-06 lr1=4.80e-04
19:28:04 INFO   e3 step  2350/8438  loss=0.6382  acc=0.6202  lr0=9.56e-06 lr1=4.78e-04
19:29:00 INFO   e3 step  2400/8438  loss=0.6394  acc=0.6184  lr0=9.53e-06 lr1=4.77e-04
19:29:55 INFO   e3 step  2450/8438  loss=0.6405  acc=0.6166  lr0=9.50e-06 lr1=4.75e-04
19:30:49 INFO   e3 step  2500/8438  loss=0.6416  acc=0.6143  lr0=9.47e-06 lr1=4.73e-04
19:31:43 INFO   e3 step  2550/8438  loss=0.6426  acc=0.6124  lr0=9.43e-06 lr1=4.72e-04
19:32:40 INFO   e3 step  2600/8438  loss=0.6436  acc=0.6101  lr0=9.40e-06 lr1=4.70e-04
19:33:36 INFO   e3 step  2650/8438  loss=0.6446  acc=0.6078  lr0=9.37e-06 lr1=4.68e-04
19:34:26 INFO   e3 step  2700/8438  loss=0.6455  acc=0.6051  lr0=9.33e-06 lr1=4.67e-04
19:35:23 INFO   e3 step  2750/8438  loss=0.6463  acc=0.6036  lr0=9.30e-06 lr1=4.65e-04
19:36:17 INFO   e3 step  2800/8438  loss=0.6472  acc=0.6013  lr0=9.27e-06 lr1=4.63e-04
19:37:16 INFO   e3 step  2850/8438  loss=0.6481  acc=0.5992  lr0=9.23e-06 lr1=4.62e-04
19:38:08 INFO   e3 step  2900/8438  loss=0.6489  acc=0.5978  lr0=9.20e-06 lr1=4.60e-04
19:39:04 INFO   e3 step  2950/8438  loss=0.6497  acc=0.5955  lr0=9.17e-06 lr1=4.58e-04
19:40:00 INFO   e3 step  3000/8438  loss=0.6504  acc=0.5940  lr0=9.14e-06 lr1=4.57e-04
19:40:57 INFO   e3 step  3050/8438  loss=0.6512  acc=0.5924  lr0=9.10e-06 lr1=4.55e-04
19:41:52 INFO   e3 step  3100/8438  loss=0.6519  acc=0.5912  lr0=9.07e-06 lr1=4.54e-04
19:42:47 INFO   e3 step  3150/8438  loss=0.6525  acc=0.5898  lr0=9.04e-06 lr1=4.52e-04
19:43:43 INFO   e3 step  3200/8438  loss=0.6532  acc=0.5886  lr0=9.00e-06 lr1=4.50e-04
19:44:39 INFO   e3 step  3250/8438  loss=0.6538  acc=0.5873  lr0=8.97e-06 lr1=4.49e-04
19:45:35 INFO   e3 step  3300/8438  loss=0.6545  acc=0.5855  lr0=8.94e-06 lr1=4.47e-04
19:46:27 INFO   e3 step  3350/8438  loss=0.6551  acc=0.5841  lr0=8.91e-06 lr1=4.45e-04
19:47:21 INFO   e3 step  3400/8438  loss=0.6556  acc=0.5831  lr0=8.87e-06 lr1=4.44e-04
19:48:15 INFO   e3 step  3450/8438  loss=0.6562  acc=0.5817  lr0=8.84e-06 lr1=4.42e-04
19:49:11 INFO   e3 step  3500/8438  loss=0.6567  acc=0.5807  lr0=8.81e-06 lr1=4.40e-04
19:50:08 INFO   e3 step  3550/8438  loss=0.6572  acc=0.5801  lr0=8.77e-06 lr1=4.39e-04
19:51:01 INFO   e3 step  3600/8438  loss=0.6577  acc=0.5790  lr0=8.74e-06 lr1=4.37e-04
19:51:56 INFO   e3 step  3650/8438  loss=0.6582  acc=0.5777  lr0=8.71e-06 lr1=4.35e-04
19:52:49 INFO   e3 step  3700/8438  loss=0.6587  acc=0.5765  lr0=8.67e-06 lr1=4.34e-04
19:53:46 INFO   e3 step  3750/8438  loss=0.6592  acc=0.5755  lr0=8.64e-06 lr1=4.32e-04
19:54:39 INFO   e3 step  3800/8438  loss=0.6596  acc=0.5750  lr0=8.61e-06 lr1=4.30e-04
19:55:37 INFO   e3 step  3850/8438  loss=0.6600  acc=0.5743  lr0=8.58e-06 lr1=4.29e-04
19:56:34 INFO   e3 step  3900/8438  loss=0.6604  acc=0.5736  lr0=8.54e-06 lr1=4.27e-04
19:57:28 INFO   e3 step  3950/8438  loss=0.6609  acc=0.5726  lr0=8.51e-06 lr1=4.26e-04
19:58:22 INFO   e3 step  4000/8438  loss=0.6613  acc=0.5720  lr0=8.48e-06 lr1=4.24e-04
19:59:15 INFO   e3 step  4050/8438  loss=0.6618  acc=0.5708  lr0=8.44e-06 lr1=4.22e-04
20:00:10 INFO   e3 step  4100/8438  loss=0.6622  acc=0.5698  lr0=8.41e-06 lr1=4.21e-04
20:01:08 INFO   e3 step  4150/8438  loss=0.6626  acc=0.5689  lr0=8.38e-06 lr1=4.19e-04
20:02:03 INFO   e3 step  4200/8438  loss=0.6630  acc=0.5681  lr0=8.35e-06 lr1=4.17e-04
20:02:58 INFO   e3 step  4250/8438  loss=0.6633  acc=0.5677  lr0=8.31e-06 lr1=4.16e-04
20:03:50 INFO   e3 step  4300/8438  loss=0.6637  acc=0.5668  lr0=8.28e-06 lr1=4.14e-04
20:04:45 INFO   e3 step  4350/8438  loss=0.6640  acc=0.5658  lr0=8.25e-06 lr1=4.12e-04
20:05:38 INFO   e3 step  4400/8438  loss=0.6644  acc=0.5652  lr0=8.21e-06 lr1=4.11e-04
20:06:35 INFO   e3 step  4450/8438  loss=0.6647  acc=0.5648  lr0=8.18e-06 lr1=4.09e-04
20:07:26 INFO   e3 step  4500/8438  loss=0.6650  acc=0.5643  lr0=8.15e-06 lr1=4.07e-04
20:08:23 INFO   e3 step  4550/8438  loss=0.6653  acc=0.5640  lr0=8.12e-06 lr1=4.06e-04
20:09:21 INFO   e3 step  4600/8438  loss=0.6657  acc=0.5633  lr0=8.08e-06 lr1=4.04e-04
20:10:16 INFO   e3 step  4650/8438  loss=0.6660  acc=0.5621  lr0=8.05e-06 lr1=4.02e-04
20:11:08 INFO   e3 step  4700/8438  loss=0.6663  acc=0.5616  lr0=8.02e-06 lr1=4.01e-04
20:12:01 INFO   e3 step  4750/8438  loss=0.6666  acc=0.5611  lr0=7.98e-06 lr1=3.99e-04
20:12:55 INFO   e3 step  4800/8438  loss=0.6669  acc=0.5602  lr0=7.95e-06 lr1=3.98e-04
20:13:50 INFO   e3 step  4850/8438  loss=0.6672  acc=0.5593  lr0=7.92e-06 lr1=3.96e-04
20:14:46 INFO   e3 step  4900/8438  loss=0.6674  acc=0.5585  lr0=7.88e-06 lr1=3.94e-04
20:15:40 INFO   e3 step  4950/8438  loss=0.6677  acc=0.5577  lr0=7.85e-06 lr1=3.93e-04
20:16:35 INFO   e3 step  5000/8438  loss=0.6680  acc=0.5575  lr0=7.82e-06 lr1=3.91e-04
20:17:31 INFO   e3 step  5050/8438  loss=0.6683  acc=0.5572  lr0=7.79e-06 lr1=3.89e-04
20:18:28 INFO   e3 step  5100/8438  loss=0.6685  acc=0.5567  lr0=7.75e-06 lr1=3.88e-04
20:19:21 INFO   e3 step  5150/8438  loss=0.6688  acc=0.5561  lr0=7.72e-06 lr1=3.86e-04
20:20:18 INFO   e3 step  5200/8438  loss=0.6690  acc=0.5553  lr0=7.69e-06 lr1=3.84e-04
20:21:12 INFO   e3 step  5250/8438  loss=0.6692  acc=0.5549  lr0=7.65e-06 lr1=3.83e-04
20:22:08 INFO   e3 step  5300/8438  loss=0.6695  acc=0.5543  lr0=7.62e-06 lr1=3.81e-04
20:23:01 INFO   e3 step  5350/8438  loss=0.6697  acc=0.5541  lr0=7.59e-06 lr1=3.79e-04
20:23:58 INFO   e3 step  5400/8438  loss=0.6699  acc=0.5537  lr0=7.56e-06 lr1=3.78e-04
20:24:53 INFO   e3 step  5450/8438  loss=0.6702  acc=0.5528  lr0=7.52e-06 lr1=3.76e-04
20:25:48 INFO   e3 step  5500/8438  loss=0.6703  acc=0.5530  lr0=7.49e-06 lr1=3.74e-04
20:26:42 INFO   e3 step  5550/8438  loss=0.6706  acc=0.5525  lr0=7.46e-06 lr1=3.73e-04
20:27:38 INFO   e3 step  5600/8438  loss=0.6708  acc=0.5519  lr0=7.42e-06 lr1=3.71e-04
20:28:34 INFO   e3 step  5650/8438  loss=0.6710  acc=0.5513  lr0=7.39e-06 lr1=3.70e-04
20:29:28 INFO   e3 step  5700/8438  loss=0.6712  acc=0.5510  lr0=7.36e-06 lr1=3.68e-04
20:30:23 INFO   e3 step  5750/8438  loss=0.6714  acc=0.5505  lr0=7.33e-06 lr1=3.66e-04
20:31:17 INFO   e3 step  5800/8438  loss=0.6716  acc=0.5499  lr0=7.29e-06 lr1=3.65e-04
20:32:12 INFO   e3 step  5850/8438  loss=0.6718  acc=0.5496  lr0=7.26e-06 lr1=3.63e-04
20:33:05 INFO   e3 step  5900/8438  loss=0.6720  acc=0.5491  lr0=7.23e-06 lr1=3.61e-04
20:33:58 INFO   e3 step  5950/8438  loss=0.6722  acc=0.5485  lr0=7.19e-06 lr1=3.60e-04
20:34:54 INFO   e3 step  6000/8438  loss=0.6724  acc=0.5479  lr0=7.16e-06 lr1=3.58e-04
20:35:49 INFO   e3 step  6050/8438  loss=0.6725  acc=0.5474  lr0=7.13e-06 lr1=3.56e-04
20:36:47 INFO   e3 step  6100/8438  loss=0.6727  acc=0.5471  lr0=7.09e-06 lr1=3.55e-04
20:37:43 INFO   e3 step  6150/8438  loss=0.6729  acc=0.5466  lr0=7.06e-06 lr1=3.53e-04
20:38:38 INFO   e3 step  6200/8438  loss=0.6730  acc=0.5462  lr0=7.03e-06 lr1=3.51e-04
20:39:35 INFO   e3 step  6250/8438  loss=0.6732  acc=0.5461  lr0=7.00e-06 lr1=3.50e-04
20:40:32 INFO   e3 step  6300/8438  loss=0.6734  acc=0.5457  lr0=6.96e-06 lr1=3.48e-04
20:41:27 INFO   e3 step  6350/8438  loss=0.6735  acc=0.5456  lr0=6.93e-06 lr1=3.47e-04
20:42:24 INFO   e3 step  6400/8438  loss=0.6737  acc=0.5453  lr0=6.90e-06 lr1=3.45e-04
20:43:19 INFO   e3 step  6450/8438  loss=0.6739  acc=0.5447  lr0=6.86e-06 lr1=3.43e-04
20:44:12 INFO   e3 step  6500/8438  loss=0.6740  acc=0.5443  lr0=6.83e-06 lr1=3.42e-04
20:45:07 INFO   e3 step  6550/8438  loss=0.6742  acc=0.5440  lr0=6.80e-06 lr1=3.40e-04
20:45:59 INFO   e3 step  6600/8438  loss=0.6743  acc=0.5438  lr0=6.77e-06 lr1=3.38e-04
20:46:55 INFO   e3 step  6650/8438  loss=0.6745  acc=0.5435  lr0=6.73e-06 lr1=3.37e-04
20:47:46 INFO   e3 step  6700/8438  loss=0.6746  acc=0.5429  lr0=6.70e-06 lr1=3.35e-04
20:48:43 INFO   e3 step  6750/8438  loss=0.6747  acc=0.5426  lr0=6.67e-06 lr1=3.33e-04
20:49:42 INFO   e3 step  6800/8438  loss=0.6742  acc=0.5440  lr0=6.63e-06 lr1=3.32e-04
20:50:40 INFO   e3 step  6850/8438  loss=0.6739  acc=0.5451  lr0=6.60e-06 lr1=3.30e-04
20:51:35 INFO   e3 step  6900/8438  loss=0.6734  acc=0.5464  lr0=6.57e-06 lr1=3.28e-04
20:52:28 INFO   e3 step  6950/8438  loss=0.6729  acc=0.5474  lr0=6.54e-06 lr1=3.27e-04
20:53:23 INFO   e3 step  7000/8438  loss=0.6723  acc=0.5487  lr0=6.50e-06 lr1=3.25e-04
20:54:20 INFO   e3 step  7050/8438  loss=0.6720  acc=0.5498  lr0=6.47e-06 lr1=3.23e-04
20:55:14 INFO   e3 step  7100/8438  loss=0.6712  acc=0.5513  lr0=6.44e-06 lr1=3.22e-04
20:56:11 INFO   e3 step  7150/8438  loss=0.6707  acc=0.5525  lr0=6.40e-06 lr1=3.20e-04
20:57:01 INFO   e3 step  7200/8438  loss=0.6703  acc=0.5535  lr0=6.37e-06 lr1=3.19e-04
20:57:55 INFO   e3 step  7250/8438  loss=0.6696  acc=0.5549  lr0=6.34e-06 lr1=3.17e-04
20:58:52 INFO   e3 step  7300/8438  loss=0.6691  acc=0.5560  lr0=6.30e-06 lr1=3.15e-04
20:59:45 INFO   e3 step  7350/8438  loss=0.6684  acc=0.5573  lr0=6.27e-06 lr1=3.14e-04
21:00:36 INFO   e3 step  7400/8438  loss=0.6680  acc=0.5583  lr0=6.24e-06 lr1=3.12e-04
21:01:30 INFO   e3 step  7450/8438  loss=0.6674  acc=0.5595  lr0=6.21e-06 lr1=3.10e-04
21:02:23 INFO   e3 step  7500/8438  loss=0.6669  acc=0.5606  lr0=6.17e-06 lr1=3.09e-04
21:03:15 INFO   e3 step  7550/8438  loss=0.6662  acc=0.5618  lr0=6.14e-06 lr1=3.07e-04
21:04:09 INFO   e3 step  7600/8438  loss=0.6654  acc=0.5632  lr0=6.11e-06 lr1=3.05e-04
21:05:05 INFO   e3 step  7650/8438  loss=0.6648  acc=0.5643  lr0=6.07e-06 lr1=3.04e-04
21:06:01 INFO   e3 step  7700/8438  loss=0.6640  acc=0.5656  lr0=6.04e-06 lr1=3.02e-04
21:06:53 INFO   e3 step  7750/8438  loss=0.6635  acc=0.5667  lr0=6.01e-06 lr1=3.00e-04
21:07:47 INFO   e3 step  7800/8438  loss=0.6629  acc=0.5678  lr0=5.98e-06 lr1=2.99e-04
21:08:44 INFO   e3 step  7850/8438  loss=0.6623  acc=0.5690  lr0=5.94e-06 lr1=2.97e-04
21:09:39 INFO   e3 step  7900/8438  loss=0.6620  acc=0.5698  lr0=5.91e-06 lr1=2.95e-04
21:10:34 INFO   e3 step  7950/8438  loss=0.6615  acc=0.5709  lr0=5.88e-06 lr1=2.94e-04
21:11:30 INFO   e3 step  8000/8438  loss=0.6611  acc=0.5718  lr0=5.84e-06 lr1=2.92e-04
21:12:26 INFO   e3 step  8050/8438  loss=0.6605  acc=0.5729  lr0=5.81e-06 lr1=2.91e-04
21:13:21 INFO   e3 step  8100/8438  loss=0.6601  acc=0.5738  lr0=5.78e-06 lr1=2.89e-04
21:14:19 INFO   e3 step  8150/8438  loss=0.6594  acc=0.5749  lr0=5.75e-06 lr1=2.87e-04
21:15:14 INFO   e3 step  8200/8438  loss=0.6588  acc=0.5761  lr0=5.71e-06 lr1=2.86e-04
21:16:08 INFO   e3 step  8250/8438  loss=0.6581  acc=0.5772  lr0=5.68e-06 lr1=2.84e-04
21:17:03 INFO   e3 step  8300/8438  loss=0.6578  acc=0.5780  lr0=5.65e-06 lr1=2.82e-04
21:17:57 INFO   e3 step  8350/8438  loss=0.6573  acc=0.5790  lr0=5.61e-06 lr1=2.81e-04
21:18:50 INFO   e3 step  8400/8438  loss=0.6569  acc=0.5799  lr0=5.58e-06 lr1=2.79e-04
21:27:10 INFO [epoch 3] train_loss=0.6566 train_acc=0.5805  val_loss=0.5833 val_acc=0.7301 val_auc=0.7657  elapsed=9733.8s
21:28:04 INFO   e4 step    50/8438  loss=0.5950  acc=0.7175  lr0=5.52e-06 lr1=2.76e-04
21:29:00 INFO   e4 step   100/8438  loss=0.6009  acc=0.7163  lr0=5.49e-06 lr1=2.74e-04
21:29:56 INFO   e4 step   150/8438  loss=0.5930  acc=0.7233  lr0=5.46e-06 lr1=2.73e-04
21:30:50 INFO   e4 step   200/8438  loss=0.5749  acc=0.7400  lr0=5.42e-06 lr1=2.71e-04
21:31:45 INFO   e4 step   250/8438  loss=0.5700  acc=0.7440  lr0=5.39e-06 lr1=2.70e-04
21:32:40 INFO   e4 step   300/8438  loss=0.5693  acc=0.7450  lr0=5.36e-06 lr1=2.68e-04
21:33:33 INFO   e4 step   350/8438  loss=0.5702  acc=0.7436  lr0=5.33e-06 lr1=2.66e-04
21:34:26 INFO   e4 step   400/8438  loss=0.5722  acc=0.7422  lr0=5.29e-06 lr1=2.65e-04
21:35:22 INFO   e4 step   450/8438  loss=0.5722  acc=0.7422  lr0=5.26e-06 lr1=2.63e-04
21:36:19 INFO   e4 step   500/8438  loss=0.5756  acc=0.7392  lr0=5.23e-06 lr1=2.61e-04
21:37:11 INFO   e4 step   550/8438  loss=0.5742  acc=0.7409  lr0=5.19e-06 lr1=2.60e-04
21:38:06 INFO   e4 step   600/8438  loss=0.5719  acc=0.7429  lr0=5.16e-06 lr1=2.58e-04
21:39:02 INFO   e4 step   650/8438  loss=0.5730  acc=0.7419  lr0=5.13e-06 lr1=2.56e-04
21:39:57 INFO   e4 step   700/8438  loss=0.5720  acc=0.7429  lr0=5.09e-06 lr1=2.55e-04
21:40:52 INFO   e4 step   750/8438  loss=0.5718  acc=0.7432  lr0=5.06e-06 lr1=2.53e-04
21:41:47 INFO   e4 step   800/8438  loss=0.5686  acc=0.7458  lr0=5.03e-06 lr1=2.51e-04
21:42:42 INFO   e4 step   850/8438  loss=0.5696  acc=0.7449  lr0=5.00e-06 lr1=2.50e-04
21:43:36 INFO   e4 step   900/8438  loss=0.5674  acc=0.7464  lr0=4.96e-06 lr1=2.48e-04
21:44:28 INFO   e4 step   950/8438  loss=0.5674  acc=0.7459  lr0=4.93e-06 lr1=2.47e-04
21:45:24 INFO   e4 step  1000/8438  loss=0.5650  acc=0.7479  lr0=4.90e-06 lr1=2.45e-04
21:46:18 INFO   e4 step  1050/8438  loss=0.5634  acc=0.7490  lr0=4.86e-06 lr1=2.43e-04
21:47:11 INFO   e4 step  1100/8438  loss=0.5639  acc=0.7484  lr0=4.83e-06 lr1=2.42e-04
21:48:08 INFO   e4 step  1150/8438  loss=0.5618  acc=0.7496  lr0=4.80e-06 lr1=2.40e-04
21:49:04 INFO   e4 step  1200/8438  loss=0.5615  acc=0.7497  lr0=4.77e-06 lr1=2.38e-04
21:50:00 INFO   e4 step  1250/8438  loss=0.5621  acc=0.7493  lr0=4.73e-06 lr1=2.37e-04
21:50:53 INFO   e4 step  1300/8438  loss=0.5626  acc=0.7490  lr0=4.70e-06 lr1=2.35e-04
21:51:48 INFO   e4 step  1350/8438  loss=0.5612  acc=0.7503  lr0=4.67e-06 lr1=2.33e-04
21:52:39 INFO   e4 step  1400/8438  loss=0.5613  acc=0.7501  lr0=4.63e-06 lr1=2.32e-04
21:53:34 INFO   e4 step  1450/8438  loss=0.5601  acc=0.7511  lr0=4.60e-06 lr1=2.30e-04
21:54:28 INFO   e4 step  1500/8438  loss=0.5591  acc=0.7518  lr0=4.57e-06 lr1=2.28e-04
21:55:22 INFO   e4 step  1550/8438  loss=0.5591  acc=0.7518  lr0=4.54e-06 lr1=2.27e-04
21:56:17 INFO   e4 step  1600/8438  loss=0.5582  acc=0.7520  lr0=4.50e-06 lr1=2.25e-04
21:57:10 INFO   e4 step  1650/8438  loss=0.5592  acc=0.7513  lr0=4.47e-06 lr1=2.23e-04
21:58:03 INFO   e4 step  1700/8438  loss=0.5598  acc=0.7507  lr0=4.44e-06 lr1=2.22e-04
21:58:55 INFO   e4 step  1750/8438  loss=0.5587  acc=0.7516  lr0=4.40e-06 lr1=2.20e-04
21:59:51 INFO   e4 step  1800/8438  loss=0.5596  acc=0.7509  lr0=4.37e-06 lr1=2.19e-04
22:00:45 INFO   e4 step  1850/8438  loss=0.5599  acc=0.7507  lr0=4.34e-06 lr1=2.17e-04
22:01:39 INFO   e4 step  1900/8438  loss=0.5598  acc=0.7507  lr0=4.30e-06 lr1=2.15e-04
22:02:33 INFO   e4 step  1950/8438  loss=0.5601  acc=0.7503  lr0=4.27e-06 lr1=2.14e-04
22:03:25 INFO   e4 step  2000/8438  loss=0.5602  acc=0.7501  lr0=4.24e-06 lr1=2.12e-04
22:04:20 INFO   e4 step  2050/8438  loss=0.5604  acc=0.7501  lr0=4.21e-06 lr1=2.10e-04
22:05:18 INFO   e4 step  2100/8438  loss=0.5605  acc=0.7499  lr0=4.17e-06 lr1=2.09e-04
22:06:15 INFO   e4 step  2150/8438  loss=0.5605  acc=0.7499  lr0=4.14e-06 lr1=2.07e-04
22:07:11 INFO   e4 step  2200/8438  loss=0.5614  acc=0.7493  lr0=4.11e-06 lr1=2.05e-04
22:08:06 INFO   e4 step  2250/8438  loss=0.5610  acc=0.7497  lr0=4.07e-06 lr1=2.04e-04
22:09:01 INFO   e4 step  2300/8438  loss=0.5614  acc=0.7493  lr0=4.04e-06 lr1=2.02e-04
22:09:55 INFO   e4 step  2350/8438  loss=0.5615  acc=0.7492  lr0=4.01e-06 lr1=2.00e-04
22:10:50 INFO   e4 step  2400/8438  loss=0.5613  acc=0.7495  lr0=3.98e-06 lr1=1.99e-04
22:11:49 INFO   e4 step  2450/8438  loss=0.5610  acc=0.7497  lr0=3.94e-06 lr1=1.97e-04
22:12:44 INFO   e4 step  2500/8438  loss=0.5617  acc=0.7491  lr0=3.91e-06 lr1=1.95e-04
22:13:41 INFO   e4 step  2550/8438  loss=0.5621  acc=0.7489  lr0=3.88e-06 lr1=1.94e-04
22:14:37 INFO   e4 step  2600/8438  loss=0.5617  acc=0.7494  lr0=3.84e-06 lr1=1.92e-04
22:15:29 INFO   e4 step  2650/8438  loss=0.5611  acc=0.7498  lr0=3.81e-06 lr1=1.91e-04
22:16:26 INFO   e4 step  2700/8438  loss=0.5611  acc=0.7499  lr0=3.78e-06 lr1=1.89e-04
22:17:20 INFO   e4 step  2750/8438  loss=0.5597  acc=0.7510  lr0=3.74e-06 lr1=1.87e-04
22:18:18 INFO   e4 step  2800/8438  loss=0.5595  acc=0.7513  lr0=3.71e-06 lr1=1.86e-04
22:19:18 INFO   e4 step  2850/8438  loss=0.5583  acc=0.7523  lr0=3.68e-06 lr1=1.84e-04
22:20:12 INFO   e4 step  2900/8438  loss=0.5596  acc=0.7514  lr0=3.65e-06 lr1=1.82e-04
22:21:07 INFO   e4 step  2950/8438  loss=0.5590  acc=0.7519  lr0=3.61e-06 lr1=1.81e-04
22:22:00 INFO   e4 step  3000/8438  loss=0.5590  acc=0.7520  lr0=3.58e-06 lr1=1.79e-04
22:22:53 INFO   e4 step  3050/8438  loss=0.5579  acc=0.7529  lr0=3.55e-06 lr1=1.77e-04
22:23:50 INFO   e4 step  3100/8438  loss=0.5575  acc=0.7533  lr0=3.51e-06 lr1=1.76e-04
22:24:43 INFO   e4 step  3150/8438  loss=0.5578  acc=0.7531  lr0=3.48e-06 lr1=1.74e-04
22:25:38 INFO   e4 step  3200/8438  loss=0.5576  acc=0.7534  lr0=3.45e-06 lr1=1.72e-04
22:26:32 INFO   e4 step  3250/8438  loss=0.5573  acc=0.7537  lr0=3.42e-06 lr1=1.71e-04
22:27:28 INFO   e4 step  3300/8438  loss=0.5575  acc=0.7536  lr0=3.38e-06 lr1=1.69e-04
22:28:25 INFO   e4 step  3350/8438  loss=0.5573  acc=0.7537  lr0=3.35e-06 lr1=1.67e-04
22:29:19 INFO   e4 step  3400/8438  loss=0.5567  acc=0.7542  lr0=3.32e-06 lr1=1.66e-04
22:30:12 INFO   e4 step  3450/8438  loss=0.5563  acc=0.7546  lr0=3.28e-06 lr1=1.64e-04
22:31:09 INFO   e4 step  3500/8438  loss=0.5570  acc=0.7541  lr0=3.25e-06 lr1=1.63e-04
22:32:05 INFO   e4 step  3550/8438  loss=0.5567  acc=0.7543  lr0=3.22e-06 lr1=1.61e-04
22:32:55 INFO   e4 step  3600/8438  loss=0.5569  acc=0.7542  lr0=3.19e-06 lr1=1.59e-04
22:33:51 INFO   e4 step  3650/8438  loss=0.5573  acc=0.7539  lr0=3.15e-06 lr1=1.58e-04
22:34:48 INFO   e4 step  3700/8438  loss=0.5576  acc=0.7536  lr0=3.12e-06 lr1=1.56e-04
22:35:44 INFO   e4 step  3750/8438  loss=0.5573  acc=0.7539  lr0=3.09e-06 lr1=1.54e-04
22:36:37 INFO   e4 step  3800/8438  loss=0.5577  acc=0.7536  lr0=3.05e-06 lr1=1.53e-04
22:37:31 INFO   e4 step  3850/8438  loss=0.5579  acc=0.7535  lr0=3.02e-06 lr1=1.51e-04
22:38:26 INFO   e4 step  3900/8438  loss=0.5584  acc=0.7530  lr0=2.99e-06 lr1=1.49e-04
22:39:17 INFO   e4 step  3950/8438  loss=0.5582  acc=0.7532  lr0=2.95e-06 lr1=1.48e-04
22:40:12 INFO   e4 step  4000/8438  loss=0.5579  acc=0.7535  lr0=2.92e-06 lr1=1.46e-04
22:41:06 INFO   e4 step  4050/8438  loss=0.5580  acc=0.7534  lr0=2.89e-06 lr1=1.44e-04
22:42:03 INFO   e4 step  4100/8438  loss=0.5578  acc=0.7536  lr0=2.86e-06 lr1=1.43e-04
22:43:00 INFO   e4 step  4150/8438  loss=0.5577  acc=0.7537  lr0=2.82e-06 lr1=1.41e-04
22:43:56 INFO   e4 step  4200/8438  loss=0.5578  acc=0.7536  lr0=2.79e-06 lr1=1.40e-04
22:44:52 INFO   e4 step  4250/8438  loss=0.5580  acc=0.7535  lr0=2.76e-06 lr1=1.38e-04
22:45:47 INFO   e4 step  4300/8438  loss=0.5575  acc=0.7539  lr0=2.72e-06 lr1=1.36e-04
22:46:42 INFO   e4 step  4350/8438  loss=0.5574  acc=0.7541  lr0=2.69e-06 lr1=1.35e-04
22:47:38 INFO   e4 step  4400/8438  loss=0.5575  acc=0.7540  lr0=2.66e-06 lr1=1.33e-04
22:48:32 INFO   e4 step  4450/8438  loss=0.5575  acc=0.7540  lr0=2.63e-06 lr1=1.31e-04
22:49:28 INFO   e4 step  4500/8438  loss=0.5571  acc=0.7544  lr0=2.59e-06 lr1=1.30e-04
22:50:24 INFO   e4 step  4550/8438  loss=0.5569  acc=0.7546  lr0=2.56e-06 lr1=1.28e-04
22:51:23 INFO   e4 step  4600/8438  loss=0.5570  acc=0.7544  lr0=2.53e-06 lr1=1.26e-04
22:52:16 INFO   e4 step  4650/8438  loss=0.5569  acc=0.7546  lr0=2.49e-06 lr1=1.25e-04
22:53:11 INFO   e4 step  4700/8438  loss=0.5566  acc=0.7548  lr0=2.46e-06 lr1=1.23e-04
22:54:08 INFO   e4 step  4750/8438  loss=0.5565  acc=0.7549  lr0=2.43e-06 lr1=1.21e-04
22:55:01 INFO   e4 step  4800/8438  loss=0.5566  acc=0.7548  lr0=2.40e-06 lr1=1.20e-04
22:55:56 INFO   e4 step  4850/8438  loss=0.5563  acc=0.7551  lr0=2.36e-06 lr1=1.18e-04
22:56:46 INFO   e4 step  4900/8438  loss=0.5559  acc=0.7555  lr0=2.33e-06 lr1=1.16e-04
22:57:42 INFO   e4 step  4950/8438  loss=0.5559  acc=0.7555  lr0=2.30e-06 lr1=1.15e-04
22:58:35 INFO   e4 step  5000/8438  loss=0.5564  acc=0.7551  lr0=2.26e-06 lr1=1.13e-04
22:59:31 INFO   e4 step  5050/8438  loss=0.5560  acc=0.7555  lr0=2.23e-06 lr1=1.12e-04
23:00:29 INFO   e4 step  5100/8438  loss=0.5561  acc=0.7554  lr0=2.20e-06 lr1=1.10e-04
23:01:27 INFO   e4 step  5150/8438  loss=0.5558  acc=0.7557  lr0=2.16e-06 lr1=1.08e-04
23:02:18 INFO   e4 step  5200/8438  loss=0.5556  acc=0.7559  lr0=2.13e-06 lr1=1.07e-04
23:03:12 INFO   e4 step  5250/8438  loss=0.5557  acc=0.7558  lr0=2.10e-06 lr1=1.05e-04
23:04:04 INFO   e4 step  5300/8438  loss=0.5557  acc=0.7558  lr0=2.07e-06 lr1=1.03e-04
23:05:00 INFO   e4 step  5350/8438  loss=0.5560  acc=0.7556  lr0=2.03e-06 lr1=1.02e-04
23:05:53 INFO   e4 step  5400/8438  loss=0.5558  acc=0.7557  lr0=2.00e-06 lr1=1.00e-04
23:06:51 INFO   e4 step  5450/8438  loss=0.5558  acc=0.7557  lr0=1.97e-06 lr1=9.84e-05
23:07:45 INFO   e4 step  5500/8438  loss=0.5554  acc=0.7560  lr0=1.93e-06 lr1=9.67e-05
23:08:41 INFO   e4 step  5550/8438  loss=0.5559  acc=0.7556  lr0=1.90e-06 lr1=9.51e-05
23:09:40 INFO   e4 step  5600/8438  loss=0.5561  acc=0.7554  lr0=1.87e-06 lr1=9.34e-05
23:10:36 INFO   e4 step  5650/8438  loss=0.5562  acc=0.7554  lr0=1.84e-06 lr1=9.18e-05
23:11:33 INFO   e4 step  5700/8438  loss=0.5561  acc=0.7555  lr0=1.80e-06 lr1=9.01e-05
23:12:26 INFO   e4 step  5750/8438  loss=0.5561  acc=0.7555  lr0=1.77e-06 lr1=8.85e-05
23:13:21 INFO   e4 step  5800/8438  loss=0.5560  acc=0.7556  lr0=1.74e-06 lr1=8.68e-05
23:14:16 INFO   e4 step  5850/8438  loss=0.5562  acc=0.7554  lr0=1.70e-06 lr1=8.52e-05
23:15:14 INFO   e4 step  5900/8438  loss=0.5558  acc=0.7557  lr0=1.67e-06 lr1=8.36e-05
23:16:10 INFO   e4 step  5950/8438  loss=0.5562  acc=0.7555  lr0=1.64e-06 lr1=8.19e-05
23:17:08 INFO   e4 step  6000/8438  loss=0.5562  acc=0.7555  lr0=1.61e-06 lr1=8.03e-05
23:18:03 INFO   e4 step  6050/8438  loss=0.5559  acc=0.7557  lr0=1.57e-06 lr1=7.86e-05
23:19:01 INFO   e4 step  6100/8438  loss=0.5558  acc=0.7558  lr0=1.54e-06 lr1=7.70e-05
23:19:58 INFO   e4 step  6150/8438  loss=0.5559  acc=0.7557  lr0=1.51e-06 lr1=7.53e-05
23:20:54 INFO   e4 step  6200/8438  loss=0.5563  acc=0.7553  lr0=1.47e-06 lr1=7.37e-05
23:21:47 INFO   e4 step  6250/8438  loss=0.5563  acc=0.7554  lr0=1.44e-06 lr1=7.20e-05
23:22:42 INFO   e4 step  6300/8438  loss=0.5561  acc=0.7556  lr0=1.41e-06 lr1=7.04e-05
23:23:33 INFO   e4 step  6350/8438  loss=0.5563  acc=0.7554  lr0=1.37e-06 lr1=6.87e-05
23:24:31 INFO   e4 step  6400/8438  loss=0.5563  acc=0.7555  lr0=1.34e-06 lr1=6.71e-05
23:25:25 INFO   e4 step  6450/8438  loss=0.5561  acc=0.7556  lr0=1.31e-06 lr1=6.54e-05
23:26:20 INFO   e4 step  6500/8438  loss=0.5562  acc=0.7555  lr0=1.28e-06 lr1=6.38e-05
23:27:14 INFO   e4 step  6550/8438  loss=0.5561  acc=0.7556  lr0=1.24e-06 lr1=6.22e-05
23:28:10 INFO   e4 step  6600/8438  loss=0.5560  acc=0.7557  lr0=1.21e-06 lr1=6.05e-05
23:29:05 INFO   e4 step  6650/8438  loss=0.5560  acc=0.7556  lr0=1.18e-06 lr1=5.89e-05
23:29:59 INFO   e4 step  6700/8438  loss=0.5562  acc=0.7555  lr0=1.14e-06 lr1=5.72e-05
23:30:55 INFO   e4 step  6750/8438  loss=0.5561  acc=0.7556  lr0=1.11e-06 lr1=5.56e-05
23:31:50 INFO   e4 step  6800/8438  loss=0.5561  acc=0.7556  lr0=1.08e-06 lr1=5.39e-05
23:32:46 INFO   e4 step  6850/8438  loss=0.5563  acc=0.7554  lr0=1.05e-06 lr1=5.23e-05
23:33:40 INFO   e4 step  6900/8438  loss=0.5561  acc=0.7556  lr0=1.01e-06 lr1=5.06e-05
23:34:36 INFO   e4 step  6950/8438  loss=0.5558  acc=0.7558  lr0=9.80e-07 lr1=4.90e-05
23:35:31 INFO   e4 step  7000/8438  loss=0.5557  acc=0.7559  lr0=9.47e-07 lr1=4.73e-05
23:36:28 INFO   e4 step  7050/8438  loss=0.5556  acc=0.7560  lr0=9.14e-07 lr1=4.57e-05
23:37:25 INFO   e4 step  7100/8438  loss=0.5555  acc=0.7561  lr0=8.81e-07 lr1=4.40e-05
23:38:18 INFO   e4 step  7150/8438  loss=0.5559  acc=0.7558  lr0=8.48e-07 lr1=4.24e-05
23:39:13 INFO   e4 step  7200/8438  loss=0.5560  acc=0.7558  lr0=8.15e-07 lr1=4.08e-05
23:40:08 INFO   e4 step  7250/8438  loss=0.5562  acc=0.7556  lr0=7.82e-07 lr1=3.91e-05
23:41:04 INFO   e4 step  7300/8438  loss=0.5560  acc=0.7557  lr0=7.49e-07 lr1=3.75e-05
23:41:59 INFO   e4 step  7350/8438  loss=0.5559  acc=0.7558  lr0=7.16e-07 lr1=3.58e-05
23:42:54 INFO   e4 step  7400/8438  loss=0.5557  acc=0.7559  lr0=6.83e-07 lr1=3.42e-05
23:43:51 INFO   e4 step  7450/8438  loss=0.5557  acc=0.7560  lr0=6.50e-07 lr1=3.25e-05
23:44:44 INFO   e4 step  7500/8438  loss=0.5553  acc=0.7563  lr0=6.18e-07 lr1=3.09e-05
23:45:39 INFO   e4 step  7550/8438  loss=0.5551  acc=0.7565  lr0=5.85e-07 lr1=2.92e-05
23:46:32 INFO   e4 step  7600/8438  loss=0.5551  acc=0.7565  lr0=5.52e-07 lr1=2.76e-05
23:47:30 INFO   e4 step  7650/8438  loss=0.5549  acc=0.7567  lr0=5.19e-07 lr1=2.59e-05
23:48:25 INFO   e4 step  7700/8438  loss=0.5552  acc=0.7564  lr0=4.86e-07 lr1=2.43e-05
23:49:19 INFO   e4 step  7750/8438  loss=0.5553  acc=0.7564  lr0=4.53e-07 lr1=2.26e-05
23:50:12 INFO   e4 step  7800/8438  loss=0.5551  acc=0.7565  lr0=4.20e-07 lr1=2.10e-05
23:51:07 INFO   e4 step  7850/8438  loss=0.5552  acc=0.7564  lr0=3.87e-07 lr1=1.94e-05
23:52:02 INFO   e4 step  7900/8438  loss=0.5552  acc=0.7564  lr0=3.54e-07 lr1=1.77e-05
23:52:55 INFO   e4 step  7950/8438  loss=0.5552  acc=0.7565  lr0=3.21e-07 lr1=1.61e-05
23:53:49 INFO   e4 step  8000/8438  loss=0.5548  acc=0.7568  lr0=2.88e-07 lr1=1.44e-05
23:54:45 INFO   e4 step  8050/8438  loss=0.5548  acc=0.7567  lr0=2.55e-07 lr1=1.28e-05
23:55:41 INFO   e4 step  8100/8438  loss=0.5546  acc=0.7569  lr0=2.23e-07 lr1=1.11e-05
23:56:36 INFO   e4 step  8150/8438  loss=0.5545  acc=0.7570  lr0=1.90e-07 lr1=9.48e-06
23:57:33 INFO   e4 step  8200/8438  loss=0.5546  acc=0.7570  lr0=1.57e-07 lr1=7.83e-06
23:58:26 INFO   e4 step  8250/8438  loss=0.5546  acc=0.7569  lr0=1.24e-07 lr1=6.19e-06
23:59:20 INFO   e4 step  8300/8438  loss=0.5545  acc=0.7570  lr0=9.09e-08 lr1=4.54e-06
00:00:15 INFO   e4 step  8350/8438  loss=0.5547  acc=0.7568  lr0=5.79e-08 lr1=2.90e-06
00:01:11 INFO   e4 step  8400/8438  loss=0.5546  acc=0.7569  lr0=2.50e-08 lr1=1.25e-06
00:09:33 INFO [epoch 4] train_loss=0.5547 train_acc=0.7569  val_loss=0.5517 val_acc=0.7615 val_auc=0.7921  elapsed=9742.6s
00:09:37 INFO loading best.pt for test eval
00:17:15 INFO [test] loss=0.4116  acc=0.8835  auc=0.9392  f1=0.8847
00:17:15 INFO [test] per-tier-pair accuracy:
00:17:15 INFO         T1-T2  n=  188  acc=0.7660
00:17:15 INFO         T1-T3  n=  188  acc=0.8351
00:17:15 INFO         T1-T4  n=  188  acc=0.8777
00:17:15 INFO         T1-T6  n=  188  acc=0.8830
00:17:15 INFO         T1-T7  n=  188  acc=0.9415
00:17:15 INFO         T1-T8  n=  188  acc=0.9202
00:17:15 INFO         T1-T9  n=  188  acc=0.9362
00:17:15 INFO        T1-T10  n=  188  acc=0.9894
00:17:15 INFO        T1-T11  n=  188  acc=0.9787
00:17:15 INFO         T2-T3  n=  188  acc=0.6862
00:17:15 INFO         T2-T4  n=  188  acc=0.8351
00:17:15 INFO         T2-T6  n=  188  acc=0.9415
00:17:15 INFO         T2-T7  n=  188  acc=0.9521
00:17:15 INFO         T2-T8  n=  188  acc=0.9840
00:17:15 INFO         T2-T9  n=  188  acc=0.9840
00:17:15 INFO        T2-T10  n=  188  acc=0.9787
00:17:15 INFO        T2-T11  n=  188  acc=0.9840
00:17:15 INFO         T3-T4  n=  188  acc=0.7713
00:17:15 INFO         T3-T6  n=  188  acc=0.9255
00:17:15 INFO         T3-T7  n=  188  acc=0.9787
00:17:15 INFO         T3-T8  n=  188  acc=0.9894
00:17:15 INFO         T3-T9  n=  188  acc=0.9787
00:17:15 INFO        T3-T10  n=  188  acc=0.9574
00:17:15 INFO        T3-T11  n=  188  acc=1.0000
00:17:15 INFO         T4-T6  n=  188  acc=0.7979
00:17:15 INFO         T4-T7  n=  188  acc=0.8670
00:17:15 INFO         T4-T8  n=  188  acc=0.9574
00:17:15 INFO         T4-T9  n=  188  acc=0.8989
00:17:15 INFO        T4-T10  n=  188  acc=0.9681
00:17:15 INFO        T4-T11  n=  188  acc=0.9628
00:17:15 INFO         T6-T7  n=  188  acc=0.7074
00:17:15 INFO         T6-T8  n=  188  acc=0.8777
00:17:15 INFO         T6-T9  n=  188  acc=0.9043
00:17:15 INFO        T6-T10  n=  188  acc=0.9149
00:17:15 INFO        T6-T11  n=  188  acc=0.9096
00:17:15 INFO         T7-T8  n=  188  acc=0.7713
00:17:15 INFO         T7-T9  n=  188  acc=0.9149
00:17:15 INFO        T7-T10  n=  188  acc=0.8989
00:17:15 INFO        T7-T11  n=  188  acc=0.9309
00:17:15 INFO         T8-T9  n=  188  acc=0.7128
00:17:15 INFO        T8-T10  n=  188  acc=0.7979
00:17:15 INFO        T8-T11  n=  188  acc=0.8138
00:17:15 INFO        T9-T10  n=  188  acc=0.6968
00:17:15 INFO        T9-T11  n=  188  acc=0.7021
00:17:15 INFO       T10-T11  n=  188  acc=0.6755
00:17:15 INFO [done] run_summary.json written to /mnt/localssd/baseline_sweep/runs/aep_dataset/deberta-v3-large
