Loading model + tokenizer...
Loading checkpoint shards:   0%|          | 0/3 [00:00<?, ?it/s]Loading checkpoint shards:  33%|███▎      | 1/3 [00:00<00:00,  8.34it/s]Loading checkpoint shards: 100%|██████████| 3/3 [00:00<00:00, 10.96it/s]Loading checkpoint shards: 100%|██████████| 3/3 [00:00<00:00, 10.62it/s]
`use_cache=True` is incompatible with gradient checkpointing. Setting `use_cache=False`...
/mnt/localssd/gritlm_test_env/lib/python3.10/site-packages/torch/utils/checkpoint.py:295: FutureWarning: `torch.cpu.amp.autocast(args...)` is deprecated. Please use `torch.amp.autocast('cpu', args...)` instead.
  with torch.enable_grad(), device_autocast_ctx, torch.cpu.amp.autocast(**ctx.cpu_autocast_kwargs):  # type: ignore[attr-defined]
train pairs=4000  test pairs=562  MAXLEN=256 B=8 epochs=1

=== PRE-finetune ===
direction acc=0.575  fwd=+0.6264 rev=+0.6240 margin=+0.0024
retrieval acc@1=0.400 MRR=0.557
trainable params: 41,943,040 || all params: 7,152,603,136 || trainable%: 0.5864

=== TRAIN ===
  ep0 step   1  loss=6.3247 (info=6.2742 dir=0.0504) fwd=+0.676 rev=+0.677 maxmem=27.6GB t=3s
  ep0 step  25  loss=1.5595 (info=1.5397 dir=0.0198) fwd=+0.924 rev=+0.877 maxmem=27.6GB t=86s
  ep0 step  50  loss=1.8063 (info=1.7656 dir=0.0408) fwd=+0.953 rev=+0.944 maxmem=27.6GB t=172s
  ep0 step  75  loss=1.5309 (info=1.5100 dir=0.0210) fwd=+0.837 rev=+0.724 maxmem=27.6GB t=258s
  ep0 step 100  loss=1.9572 (info=1.9364 dir=0.0208) fwd=+0.855 rev=+0.773 maxmem=27.6GB t=343s
  ep0 step 125  loss=1.7713 (info=1.7654 dir=0.0059) fwd=+0.847 rev=+0.726 maxmem=27.6GB t=429s
  ep0 step 150  loss=1.5937 (info=1.5749 dir=0.0188) fwd=+0.922 rev=+0.875 maxmem=27.6GB t=515s
  ep0 step 175  loss=1.5468 (info=1.5287 dir=0.0182) fwd=+0.846 rev=+0.729 maxmem=27.6GB t=601s
  ep0 step 200  loss=1.1998 (info=1.1929 dir=0.0069) fwd=+0.799 rev=+0.587 maxmem=27.6GB t=687s
  ep0 step 225  loss=1.4393 (info=1.3856 dir=0.0537) fwd=+0.799 rev=+0.709 maxmem=27.6GB t=773s
  ep0 step 250  loss=0.8248 (info=0.8237 dir=0.0011) fwd=+0.852 rev=+0.655 maxmem=27.6GB t=859s
  ep0 step 275  loss=1.2466 (info=1.2165 dir=0.0301) fwd=+0.834 rev=+0.746 maxmem=27.6GB t=944s
  ep0 step 300  loss=0.8056 (info=0.7954 dir=0.0102) fwd=+0.839 rev=+0.691 maxmem=27.6GB t=1030s
  ep0 step 325  loss=1.1732 (info=1.1727 dir=0.0005) fwd=+0.879 rev=+0.740 maxmem=27.6GB t=1116s
  ep0 step 350  loss=1.3861 (info=1.3818 dir=0.0043) fwd=+0.784 rev=+0.640 maxmem=27.6GB t=1202s
  ep0 step 375  loss=1.0174 (info=0.9730 dir=0.0444) fwd=+0.830 rev=+0.657 maxmem=27.6GB t=1288s
  ep0 step 400  loss=0.4756 (info=0.4724 dir=0.0032) fwd=+0.792 rev=+0.647 maxmem=27.6GB t=1374s
  ep0 step 425  loss=1.5710 (info=1.5663 dir=0.0047) fwd=+0.778 rev=+0.648 maxmem=27.6GB t=1460s
  ep0 step 450  loss=0.4794 (info=0.4658 dir=0.0137) fwd=+0.873 rev=+0.707 maxmem=27.6GB t=1546s
  ep0 step 475  loss=0.6334 (info=0.6314 dir=0.0020) fwd=+0.866 rev=+0.663 maxmem=27.6GB t=1632s
  ep0 step 500  loss=1.2448 (info=1.2419 dir=0.0028) fwd=+0.765 rev=+0.606 maxmem=27.6GB t=1718s

=== POST-finetune ===
direction acc=0.850  fwd=+0.7440 rev=+0.6120 margin=+0.1319
retrieval acc@1=0.220 MRR=0.378

DONE
