22:56:03 INFO run_dir=runs/crossencoder2x/ce2x_indomain  device=cuda  bf16=True
22:56:04 INFO tokenizer <- google-bert/bert-base-uncased
22:56:04 INFO scanning max joint token length across all splits …
22:58:47 INFO   observed max=512  -> max_seq_len=512  (scan 163.6s)
22:58:47 INFO loading datasets …
22:58:50 INFO   train=261210  val=14736  test=6004
22:58:50 INFO building CrossEncoder2x  backbone=google-bert/bert-base-uncased  n_layers=24 …
22:58:53 INFO   total params=194,537,473
22:58:53 INFO   total_steps=24489  warmup_steps=1469
22:59:04 INFO   e1 opt_step=50/24489  loss=0.5859  acc=0.7794  lr=6.81e-07
22:59:14 INFO   e1 opt_step=100/24489  loss=0.5484  acc=0.7856  lr=1.36e-06
22:59:24 INFO   e1 opt_step=150/24489  loss=0.5309  acc=0.7904  lr=2.04e-06
22:59:33 INFO   e1 opt_step=200/24489  loss=0.5244  acc=0.7892  lr=2.72e-06
22:59:43 INFO   e1 opt_step=250/24489  loss=0.5140  acc=0.7904  lr=3.40e-06
22:59:52 INFO   e1 opt_step=300/24489  loss=0.5028  acc=0.7892  lr=4.08e-06
23:00:02 INFO   e1 opt_step=350/24489  loss=0.4825  acc=0.7956  lr=4.77e-06
23:00:11 INFO   e1 opt_step=400/24489  loss=0.4680  acc=0.7991  lr=5.45e-06
23:00:21 INFO   e1 opt_step=450/24489  loss=0.4524  acc=0.8050  lr=6.13e-06
23:00:30 INFO   e1 opt_step=500/24489  loss=0.4393  acc=0.8093  lr=6.81e-06
23:00:40 INFO   e1 opt_step=550/24489  loss=0.4252  acc=0.8159  lr=7.49e-06
23:00:49 INFO   e1 opt_step=600/24489  loss=0.4133  acc=0.8220  lr=8.17e-06
23:00:59 INFO   e1 opt_step=650/24489  loss=0.3995  acc=0.8276  lr=8.85e-06
23:01:09 INFO   e1 opt_step=700/24489  loss=0.3864  acc=0.8337  lr=9.53e-06
23:01:19 INFO   e1 opt_step=750/24489  loss=0.3765  acc=0.8387  lr=1.02e-05
23:01:29 INFO   e1 opt_step=800/24489  loss=0.3670  acc=0.8431  lr=1.09e-05
23:01:39 INFO   e1 opt_step=850/24489  loss=0.3562  acc=0.8482  lr=1.16e-05
23:01:48 INFO   e1 opt_step=900/24489  loss=0.3466  acc=0.8527  lr=1.23e-05
23:01:58 INFO   e1 opt_step=950/24489  loss=0.3369  acc=0.8575  lr=1.29e-05
23:02:08 INFO   e1 opt_step=1000/24489  loss=0.3285  acc=0.8616  lr=1.36e-05
23:02:18 INFO   e1 opt_step=1050/24489  loss=0.3209  acc=0.8653  lr=1.43e-05
23:02:27 INFO   e1 opt_step=1100/24489  loss=0.3150  acc=0.8685  lr=1.50e-05
23:02:37 INFO   e1 opt_step=1150/24489  loss=0.3098  acc=0.8715  lr=1.57e-05
23:02:47 INFO   e1 opt_step=1200/24489  loss=0.3047  acc=0.8741  lr=1.63e-05
23:02:56 INFO   e1 opt_step=1250/24489  loss=0.2978  acc=0.8773  lr=1.70e-05
23:03:06 INFO   e1 opt_step=1300/24489  loss=0.2929  acc=0.8802  lr=1.77e-05
23:03:16 INFO   e1 opt_step=1350/24489  loss=0.2872  acc=0.8828  lr=1.84e-05
23:03:26 INFO   e1 opt_step=1400/24489  loss=0.2830  acc=0.8852  lr=1.91e-05
23:03:36 INFO   e1 opt_step=1450/24489  loss=0.2776  acc=0.8878  lr=1.97e-05
23:03:45 INFO   e1 opt_step=1500/24489  loss=0.2734  acc=0.8900  lr=2.00e-05
23:03:55 INFO   e1 opt_step=1550/24489  loss=0.2687  acc=0.8921  lr=1.99e-05
23:04:05 INFO   e1 opt_step=1600/24489  loss=0.2643  acc=0.8942  lr=1.99e-05
23:04:14 INFO   e1 opt_step=1650/24489  loss=0.2604  acc=0.8961  lr=1.98e-05
23:04:24 INFO   e1 opt_step=1700/24489  loss=0.2572  acc=0.8979  lr=1.98e-05
23:04:34 INFO   e1 opt_step=1750/24489  loss=0.2552  acc=0.8993  lr=1.98e-05
23:04:44 INFO   e1 opt_step=1800/24489  loss=0.2513  acc=0.9011  lr=1.97e-05
23:04:54 INFO   e1 opt_step=1850/24489  loss=0.2474  acc=0.9028  lr=1.97e-05
23:05:04 INFO   e1 opt_step=1900/24489  loss=0.2432  acc=0.9047  lr=1.96e-05
23:05:13 INFO   e1 opt_step=1950/24489  loss=0.2405  acc=0.9062  lr=1.96e-05
23:05:23 INFO   e1 opt_step=2000/24489  loss=0.2368  acc=0.9078  lr=1.95e-05
23:05:33 INFO   e1 opt_step=2050/24489  loss=0.2334  acc=0.9092  lr=1.95e-05
23:05:42 INFO   e1 opt_step=2100/24489  loss=0.2297  acc=0.9106  lr=1.95e-05
23:05:52 INFO   e1 opt_step=2150/24489  loss=0.2265  acc=0.9121  lr=1.94e-05
23:06:02 INFO   e1 opt_step=2200/24489  loss=0.2229  acc=0.9137  lr=1.94e-05
23:06:11 INFO   e1 opt_step=2250/24489  loss=0.2202  acc=0.9149  lr=1.93e-05
23:06:21 INFO   e1 opt_step=2300/24489  loss=0.2171  acc=0.9162  lr=1.93e-05
23:06:30 INFO   e1 opt_step=2350/24489  loss=0.2148  acc=0.9173  lr=1.92e-05
23:06:40 INFO   e1 opt_step=2400/24489  loss=0.2119  acc=0.9186  lr=1.92e-05
23:06:50 INFO   e1 opt_step=2450/24489  loss=0.2094  acc=0.9197  lr=1.91e-05
23:07:00 INFO   e1 opt_step=2500/24489  loss=0.2069  acc=0.9209  lr=1.91e-05
23:07:10 INFO   e1 opt_step=2550/24489  loss=0.2048  acc=0.9220  lr=1.91e-05
23:07:20 INFO   e1 opt_step=2600/24489  loss=0.2026  acc=0.9229  lr=1.90e-05
23:07:29 INFO   e1 opt_step=2650/24489  loss=0.2002  acc=0.9240  lr=1.90e-05
23:07:39 INFO   e1 opt_step=2700/24489  loss=0.1979  acc=0.9250  lr=1.89e-05
23:07:49 INFO   e1 opt_step=2750/24489  loss=0.1954  acc=0.9261  lr=1.89e-05
23:07:58 INFO   e1 opt_step=2800/24489  loss=0.1933  acc=0.9270  lr=1.88e-05
23:08:08 INFO   e1 opt_step=2850/24489  loss=0.1910  acc=0.9280  lr=1.88e-05
23:08:18 INFO   e1 opt_step=2900/24489  loss=0.1887  acc=0.9289  lr=1.88e-05
23:08:27 INFO   e1 opt_step=2950/24489  loss=0.1866  acc=0.9298  lr=1.87e-05
23:08:37 INFO   e1 opt_step=3000/24489  loss=0.1849  acc=0.9307  lr=1.87e-05
23:08:47 INFO   e1 opt_step=3050/24489  loss=0.1831  acc=0.9315  lr=1.86e-05
23:08:57 INFO   e1 opt_step=3100/24489  loss=0.1811  acc=0.9323  lr=1.86e-05
23:09:07 INFO   e1 opt_step=3150/24489  loss=0.1794  acc=0.9331  lr=1.85e-05
23:09:17 INFO   e1 opt_step=3200/24489  loss=0.1774  acc=0.9339  lr=1.85e-05
23:09:26 INFO   e1 opt_step=3250/24489  loss=0.1759  acc=0.9346  lr=1.85e-05
23:09:36 INFO   e1 opt_step=3300/24489  loss=0.1744  acc=0.9353  lr=1.84e-05
23:09:45 INFO   e1 opt_step=3350/24489  loss=0.1724  acc=0.9361  lr=1.84e-05
23:09:55 INFO   e1 opt_step=3400/24489  loss=0.1707  acc=0.9368  lr=1.83e-05
23:10:05 INFO   e1 opt_step=3450/24489  loss=0.1688  acc=0.9375  lr=1.83e-05
23:10:15 INFO   e1 opt_step=3500/24489  loss=0.1675  acc=0.9381  lr=1.82e-05
23:10:25 INFO   e1 opt_step=3550/24489  loss=0.1660  acc=0.9388  lr=1.82e-05
23:10:34 INFO   e1 opt_step=3600/24489  loss=0.1644  acc=0.9395  lr=1.81e-05
23:10:44 INFO   e1 opt_step=3650/24489  loss=0.1626  acc=0.9402  lr=1.81e-05
23:10:53 INFO   e1 opt_step=3700/24489  loss=0.1611  acc=0.9408  lr=1.81e-05
23:11:03 INFO   e1 opt_step=3750/24489  loss=0.1593  acc=0.9415  lr=1.80e-05
23:11:13 INFO   e1 opt_step=3800/24489  loss=0.1577  acc=0.9422  lr=1.80e-05
23:11:23 INFO   e1 opt_step=3850/24489  loss=0.1563  acc=0.9428  lr=1.79e-05
23:11:32 INFO   e1 opt_step=3900/24489  loss=0.1548  acc=0.9433  lr=1.79e-05
23:11:42 INFO   e1 opt_step=3950/24489  loss=0.1534  acc=0.9439  lr=1.78e-05
23:11:52 INFO   e1 opt_step=4000/24489  loss=0.1522  acc=0.9444  lr=1.78e-05
23:12:01 INFO   e1 opt_step=4050/24489  loss=0.1509  acc=0.9449  lr=1.78e-05
23:12:11 INFO   e1 opt_step=4100/24489  loss=0.1496  acc=0.9454  lr=1.77e-05
23:12:21 INFO   e1 opt_step=4150/24489  loss=0.1484  acc=0.9459  lr=1.77e-05
23:12:30 INFO   e1 opt_step=4200/24489  loss=0.1470  acc=0.9465  lr=1.76e-05
23:12:40 INFO   e1 opt_step=4250/24489  loss=0.1461  acc=0.9469  lr=1.76e-05
23:12:50 INFO   e1 opt_step=4300/24489  loss=0.1449  acc=0.9474  lr=1.75e-05
23:12:59 INFO   e1 opt_step=4350/24489  loss=0.1437  acc=0.9478  lr=1.75e-05
23:13:09 INFO   e1 opt_step=4400/24489  loss=0.1428  acc=0.9483  lr=1.75e-05
23:13:19 INFO   e1 opt_step=4450/24489  loss=0.1416  acc=0.9487  lr=1.74e-05
23:13:29 INFO   e1 opt_step=4500/24489  loss=0.1404  acc=0.9492  lr=1.74e-05
23:13:38 INFO   e1 opt_step=4550/24489  loss=0.1393  acc=0.9497  lr=1.73e-05
23:13:48 INFO   e1 opt_step=4600/24489  loss=0.1383  acc=0.9501  lr=1.73e-05
23:13:58 INFO   e1 opt_step=4650/24489  loss=0.1372  acc=0.9505  lr=1.72e-05
23:14:08 INFO   e1 opt_step=4700/24489  loss=0.1364  acc=0.9508  lr=1.72e-05
23:14:17 INFO   e1 opt_step=4750/24489  loss=0.1354  acc=0.9512  lr=1.71e-05
23:14:27 INFO   e1 opt_step=4800/24489  loss=0.1343  acc=0.9515  lr=1.71e-05
23:14:36 INFO   e1 opt_step=4850/24489  loss=0.1334  acc=0.9519  lr=1.71e-05
23:14:46 INFO   e1 opt_step=4900/24489  loss=0.1325  acc=0.9523  lr=1.70e-05
23:14:56 INFO   e1 opt_step=4950/24489  loss=0.1315  acc=0.9526  lr=1.70e-05
23:15:06 INFO   e1 opt_step=5000/24489  loss=0.1306  acc=0.9530  lr=1.69e-05
23:15:15 INFO   e1 opt_step=5050/24489  loss=0.1297  acc=0.9533  lr=1.69e-05
23:15:25 INFO   e1 opt_step=5100/24489  loss=0.1289  acc=0.9537  lr=1.68e-05
23:15:35 INFO   e1 opt_step=5150/24489  loss=0.1279  acc=0.9540  lr=1.68e-05
23:15:45 INFO   e1 opt_step=5200/24489  loss=0.1270  acc=0.9544  lr=1.68e-05
23:15:54 INFO   e1 opt_step=5250/24489  loss=0.1261  acc=0.9547  lr=1.67e-05
23:16:04 INFO   e1 opt_step=5300/24489  loss=0.1254  acc=0.9550  lr=1.67e-05
23:16:14 INFO   e1 opt_step=5350/24489  loss=0.1245  acc=0.9554  lr=1.66e-05
23:16:24 INFO   e1 opt_step=5400/24489  loss=0.1237  acc=0.9557  lr=1.66e-05
23:16:34 INFO   e1 opt_step=5450/24489  loss=0.1228  acc=0.9560  lr=1.65e-05
23:16:44 INFO   e1 opt_step=5500/24489  loss=0.1220  acc=0.9564  lr=1.65e-05
23:16:53 INFO   e1 opt_step=5550/24489  loss=0.1212  acc=0.9567  lr=1.65e-05
23:17:03 INFO   e1 opt_step=5600/24489  loss=0.1204  acc=0.9570  lr=1.64e-05
23:17:13 INFO   e1 opt_step=5650/24489  loss=0.1197  acc=0.9573  lr=1.64e-05
23:17:22 INFO   e1 opt_step=5700/24489  loss=0.1189  acc=0.9576  lr=1.63e-05
23:17:32 INFO   e1 opt_step=5750/24489  loss=0.1181  acc=0.9579  lr=1.63e-05
23:17:42 INFO   e1 opt_step=5800/24489  loss=0.1174  acc=0.9581  lr=1.62e-05
23:17:52 INFO   e1 opt_step=5850/24489  loss=0.1166  acc=0.9585  lr=1.62e-05
23:18:02 INFO   e1 opt_step=5900/24489  loss=0.1158  acc=0.9588  lr=1.62e-05
23:18:11 INFO   e1 opt_step=5950/24489  loss=0.1151  acc=0.9591  lr=1.61e-05
23:18:21 INFO   e1 opt_step=6000/24489  loss=0.1145  acc=0.9593  lr=1.61e-05
23:18:31 INFO   e1 opt_step=6050/24489  loss=0.1139  acc=0.9596  lr=1.60e-05
23:18:40 INFO   e1 opt_step=6100/24489  loss=0.1132  acc=0.9599  lr=1.60e-05
23:18:50 INFO   e1 opt_step=6150/24489  loss=0.1124  acc=0.9602  lr=1.59e-05
23:19:00 INFO   e1 opt_step=6200/24489  loss=0.1118  acc=0.9604  lr=1.59e-05
23:19:10 INFO   e1 opt_step=6250/24489  loss=0.1111  acc=0.9607  lr=1.58e-05
23:19:20 INFO   e1 opt_step=6300/24489  loss=0.1104  acc=0.9610  lr=1.58e-05
23:19:30 INFO   e1 opt_step=6350/24489  loss=0.1100  acc=0.9612  lr=1.58e-05
23:19:40 INFO   e1 opt_step=6400/24489  loss=0.1094  acc=0.9614  lr=1.57e-05
23:19:49 INFO   e1 opt_step=6450/24489  loss=0.1088  acc=0.9616  lr=1.57e-05
23:19:59 INFO   e1 opt_step=6500/24489  loss=0.1082  acc=0.9619  lr=1.56e-05
23:20:09 INFO   e1 opt_step=6550/24489  loss=0.1079  acc=0.9620  lr=1.56e-05
23:20:18 INFO   e1 opt_step=6600/24489  loss=0.1074  acc=0.9622  lr=1.55e-05
23:20:28 INFO   e1 opt_step=6650/24489  loss=0.1068  acc=0.9624  lr=1.55e-05
23:20:38 INFO   e1 opt_step=6700/24489  loss=0.1062  acc=0.9626  lr=1.55e-05
23:20:47 INFO   e1 opt_step=6750/24489  loss=0.1058  acc=0.9628  lr=1.54e-05
23:20:57 INFO   e1 opt_step=6800/24489  loss=0.1051  acc=0.9631  lr=1.54e-05
23:21:07 INFO   e1 opt_step=6850/24489  loss=0.1046  acc=0.9633  lr=1.53e-05
23:21:17 INFO   e1 opt_step=6900/24489  loss=0.1041  acc=0.9635  lr=1.53e-05
23:21:26 INFO   e1 opt_step=6950/24489  loss=0.1036  acc=0.9637  lr=1.52e-05
23:21:36 INFO   e1 opt_step=7000/24489  loss=0.1032  acc=0.9639  lr=1.52e-05
23:21:46 INFO   e1 opt_step=7050/24489  loss=0.1028  acc=0.9640  lr=1.52e-05
23:21:55 INFO   e1 opt_step=7100/24489  loss=0.1023  acc=0.9642  lr=1.51e-05
23:22:05 INFO   e1 opt_step=7150/24489  loss=0.1019  acc=0.9644  lr=1.51e-05
23:22:14 INFO   e1 opt_step=7200/24489  loss=0.1014  acc=0.9646  lr=1.50e-05
23:22:24 INFO   e1 opt_step=7250/24489  loss=0.1008  acc=0.9648  lr=1.50e-05
23:22:34 INFO   e1 opt_step=7300/24489  loss=0.1003  acc=0.9649  lr=1.49e-05
23:22:44 INFO   e1 opt_step=7350/24489  loss=0.0999  acc=0.9651  lr=1.49e-05
23:22:53 INFO   e1 opt_step=7400/24489  loss=0.0995  acc=0.9653  lr=1.48e-05
23:23:03 INFO   e1 opt_step=7450/24489  loss=0.0991  acc=0.9654  lr=1.48e-05
23:23:13 INFO   e1 opt_step=7500/24489  loss=0.0987  acc=0.9656  lr=1.48e-05
23:23:22 INFO   e1 opt_step=7550/24489  loss=0.0984  acc=0.9657  lr=1.47e-05
23:23:32 INFO   e1 opt_step=7600/24489  loss=0.0979  acc=0.9659  lr=1.47e-05
23:23:42 INFO   e1 opt_step=7650/24489  loss=0.0975  acc=0.9661  lr=1.46e-05
23:23:51 INFO   e1 opt_step=7700/24489  loss=0.0971  acc=0.9662  lr=1.46e-05
23:24:01 INFO   e1 opt_step=7750/24489  loss=0.0966  acc=0.9664  lr=1.45e-05
23:24:11 INFO   e1 opt_step=7800/24489  loss=0.0962  acc=0.9666  lr=1.45e-05
23:24:20 INFO   e1 opt_step=7850/24489  loss=0.0958  acc=0.9667  lr=1.45e-05
23:24:30 INFO   e1 opt_step=7900/24489  loss=0.0954  acc=0.9669  lr=1.44e-05
23:24:40 INFO   e1 opt_step=7950/24489  loss=0.0949  acc=0.9671  lr=1.44e-05
23:24:50 INFO   e1 opt_step=8000/24489  loss=0.0945  acc=0.9672  lr=1.43e-05
23:24:59 INFO   e1 opt_step=8050/24489  loss=0.0941  acc=0.9674  lr=1.43e-05
23:25:09 INFO   e1 opt_step=8100/24489  loss=0.0937  acc=0.9676  lr=1.42e-05
23:25:19 INFO   e1 opt_step=8150/24489  loss=0.0933  acc=0.9677  lr=1.42e-05
23:25:38 INFO [epoch 1/3]  train_loss=0.0932  train_acc=0.9678  val_loss=1.8531  val_acc=0.7053  val_auc=0.8055  elapsed=1604.8s
23:25:39 INFO   * saved best.pt  val_acc=0.7053
23:25:47 INFO   e2 opt_step=8200/24489  loss=0.0348  acc=0.9907  lr=1.42e-05
23:25:57 INFO   e2 opt_step=8250/24489  loss=0.0360  acc=0.9899  lr=1.41e-05
23:26:06 INFO   e2 opt_step=8300/24489  loss=0.0330  acc=0.9906  lr=1.41e-05
23:26:16 INFO   e2 opt_step=8350/24489  loss=0.0333  acc=0.9905  lr=1.40e-05
23:26:26 INFO   e2 opt_step=8400/24489  loss=0.0313  acc=0.9909  lr=1.40e-05
23:26:35 INFO   e2 opt_step=8450/24489  loss=0.0316  acc=0.9906  lr=1.39e-05
23:26:45 INFO   e2 opt_step=8500/24489  loss=0.0301  acc=0.9912  lr=1.39e-05
23:26:55 INFO   e2 opt_step=8550/24489  loss=0.0288  acc=0.9915  lr=1.38e-05
23:27:04 INFO   e2 opt_step=8600/24489  loss=0.0302  acc=0.9911  lr=1.38e-05
23:27:14 INFO   e2 opt_step=8650/24489  loss=0.0297  acc=0.9915  lr=1.38e-05
23:27:23 INFO   e2 opt_step=8700/24489  loss=0.0291  acc=0.9919  lr=1.37e-05
23:27:33 INFO   e2 opt_step=8750/24489  loss=0.0283  acc=0.9922  lr=1.37e-05
23:27:42 INFO   e2 opt_step=8800/24489  loss=0.0280  acc=0.9923  lr=1.36e-05
23:27:52 INFO   e2 opt_step=8850/24489  loss=0.0281  acc=0.9922  lr=1.36e-05
23:28:02 INFO   e2 opt_step=8900/24489  loss=0.0281  acc=0.9922  lr=1.35e-05
23:28:12 INFO   e2 opt_step=8950/24489  loss=0.0279  acc=0.9923  lr=1.35e-05
23:28:22 INFO   e2 opt_step=9000/24489  loss=0.0273  acc=0.9925  lr=1.35e-05
23:28:31 INFO   e2 opt_step=9050/24489  loss=0.0270  acc=0.9926  lr=1.34e-05
23:28:41 INFO   e2 opt_step=9100/24489  loss=0.0267  acc=0.9927  lr=1.34e-05
23:28:51 INFO   e2 opt_step=9150/24489  loss=0.0268  acc=0.9927  lr=1.33e-05
23:29:00 INFO   e2 opt_step=9200/24489  loss=0.0262  acc=0.9929  lr=1.33e-05
23:29:10 INFO   e2 opt_step=9250/24489  loss=0.0271  acc=0.9927  lr=1.32e-05
23:29:19 INFO   e2 opt_step=9300/24489  loss=0.0271  acc=0.9927  lr=1.32e-05
23:29:29 INFO   e2 opt_step=9350/24489  loss=0.0268  acc=0.9929  lr=1.32e-05
23:29:39 INFO   e2 opt_step=9400/24489  loss=0.0267  acc=0.9930  lr=1.31e-05
23:29:48 INFO   e2 opt_step=9450/24489  loss=0.0269  acc=0.9929  lr=1.31e-05
23:29:58 INFO   e2 opt_step=9500/24489  loss=0.0272  acc=0.9929  lr=1.30e-05
23:30:08 INFO   e2 opt_step=9550/24489  loss=0.0275  acc=0.9929  lr=1.30e-05
23:30:17 INFO   e2 opt_step=9600/24489  loss=0.0280  acc=0.9927  lr=1.29e-05
23:30:27 INFO   e2 opt_step=9650/24489  loss=0.0277  acc=0.9927  lr=1.29e-05
23:30:37 INFO   e2 opt_step=9700/24489  loss=0.0280  acc=0.9927  lr=1.28e-05
23:30:47 INFO   e2 opt_step=9750/24489  loss=0.0281  acc=0.9927  lr=1.28e-05
23:30:56 INFO   e2 opt_step=9800/24489  loss=0.0294  acc=0.9924  lr=1.28e-05
23:31:06 INFO   e2 opt_step=9850/24489  loss=0.0293  acc=0.9925  lr=1.27e-05
23:31:16 INFO   e2 opt_step=9900/24489  loss=0.0291  acc=0.9925  lr=1.27e-05
23:31:25 INFO   e2 opt_step=9950/24489  loss=0.0290  acc=0.9925  lr=1.26e-05
23:31:35 INFO   e2 opt_step=10000/24489  loss=0.0289  acc=0.9925  lr=1.26e-05
23:31:45 INFO   e2 opt_step=10050/24489  loss=0.0285  acc=0.9926  lr=1.25e-05
23:31:55 INFO   e2 opt_step=10100/24489  loss=0.0283  acc=0.9926  lr=1.25e-05
23:32:05 INFO   e2 opt_step=10150/24489  loss=0.0284  acc=0.9926  lr=1.25e-05
23:32:15 INFO   e2 opt_step=10200/24489  loss=0.0281  acc=0.9927  lr=1.24e-05
23:32:25 INFO   e2 opt_step=10250/24489  loss=0.0280  acc=0.9927  lr=1.24e-05
23:32:35 INFO   e2 opt_step=10300/24489  loss=0.0279  acc=0.9927  lr=1.23e-05
23:32:44 INFO   e2 opt_step=10350/24489  loss=0.0276  acc=0.9928  lr=1.23e-05
23:32:54 INFO   e2 opt_step=10400/24489  loss=0.0277  acc=0.9929  lr=1.22e-05
23:33:04 INFO   e2 opt_step=10450/24489  loss=0.0278  acc=0.9929  lr=1.22e-05
23:33:14 INFO   e2 opt_step=10500/24489  loss=0.0277  acc=0.9929  lr=1.22e-05
23:33:23 INFO   e2 opt_step=10550/24489  loss=0.0277  acc=0.9929  lr=1.21e-05
23:33:33 INFO   e2 opt_step=10600/24489  loss=0.0275  acc=0.9929  lr=1.21e-05
23:33:43 INFO   e2 opt_step=10650/24489  loss=0.0278  acc=0.9928  lr=1.20e-05
23:33:53 INFO   e2 opt_step=10700/24489  loss=0.0276  acc=0.9928  lr=1.20e-05
23:34:03 INFO   e2 opt_step=10750/24489  loss=0.0276  acc=0.9928  lr=1.19e-05
23:34:12 INFO   e2 opt_step=10800/24489  loss=0.0273  acc=0.9929  lr=1.19e-05
23:34:22 INFO   e2 opt_step=10850/24489  loss=0.0272  acc=0.9929  lr=1.18e-05
23:34:32 INFO   e2 opt_step=10900/24489  loss=0.0273  acc=0.9929  lr=1.18e-05
23:34:41 INFO   e2 opt_step=10950/24489  loss=0.0272  acc=0.9929  lr=1.18e-05
23:34:51 INFO   e2 opt_step=11000/24489  loss=0.0270  acc=0.9929  lr=1.17e-05
23:35:00 INFO   e2 opt_step=11050/24489  loss=0.0271  acc=0.9929  lr=1.17e-05
23:35:10 INFO   e2 opt_step=11100/24489  loss=0.0270  acc=0.9929  lr=1.16e-05
23:35:20 INFO   e2 opt_step=11150/24489  loss=0.0268  acc=0.9930  lr=1.16e-05
23:35:30 INFO   e2 opt_step=11200/24489  loss=0.0267  acc=0.9930  lr=1.15e-05
23:35:40 INFO   e2 opt_step=11250/24489  loss=0.0267  acc=0.9930  lr=1.15e-05
23:35:50 INFO   e2 opt_step=11300/24489  loss=0.0265  acc=0.9931  lr=1.15e-05
23:36:00 INFO   e2 opt_step=11350/24489  loss=0.0264  acc=0.9931  lr=1.14e-05
23:36:10 INFO   e2 opt_step=11400/24489  loss=0.0264  acc=0.9931  lr=1.14e-05
23:36:19 INFO   e2 opt_step=11450/24489  loss=0.0264  acc=0.9931  lr=1.13e-05
23:36:29 INFO   e2 opt_step=11500/24489  loss=0.0263  acc=0.9931  lr=1.13e-05
23:36:39 INFO   e2 opt_step=11550/24489  loss=0.0265  acc=0.9931  lr=1.12e-05
23:36:49 INFO   e2 opt_step=11600/24489  loss=0.0263  acc=0.9931  lr=1.12e-05
23:36:59 INFO   e2 opt_step=11650/24489  loss=0.0262  acc=0.9931  lr=1.12e-05
23:37:09 INFO   e2 opt_step=11700/24489  loss=0.0263  acc=0.9931  lr=1.11e-05
23:37:19 INFO   e2 opt_step=11750/24489  loss=0.0262  acc=0.9930  lr=1.11e-05
23:37:28 INFO   e2 opt_step=11800/24489  loss=0.0261  acc=0.9931  lr=1.10e-05
23:37:38 INFO   e2 opt_step=11850/24489  loss=0.0260  acc=0.9930  lr=1.10e-05
23:37:48 INFO   e2 opt_step=11900/24489  loss=0.0260  acc=0.9931  lr=1.09e-05
23:37:58 INFO   e2 opt_step=11950/24489  loss=0.0259  acc=0.9931  lr=1.09e-05
23:38:07 INFO   e2 opt_step=12000/24489  loss=0.0258  acc=0.9932  lr=1.09e-05
23:38:17 INFO   e2 opt_step=12050/24489  loss=0.0257  acc=0.9932  lr=1.08e-05
23:38:27 INFO   e2 opt_step=12100/24489  loss=0.0256  acc=0.9932  lr=1.08e-05
23:38:37 INFO   e2 opt_step=12150/24489  loss=0.0255  acc=0.9932  lr=1.07e-05
23:38:46 INFO   e2 opt_step=12200/24489  loss=0.0254  acc=0.9933  lr=1.07e-05
23:38:56 INFO   e2 opt_step=12250/24489  loss=0.0254  acc=0.9933  lr=1.06e-05
23:39:06 INFO   e2 opt_step=12300/24489  loss=0.0253  acc=0.9933  lr=1.06e-05
23:39:16 INFO   e2 opt_step=12350/24489  loss=0.0253  acc=0.9933  lr=1.05e-05
23:39:26 INFO   e2 opt_step=12400/24489  loss=0.0252  acc=0.9933  lr=1.05e-05
23:39:35 INFO   e2 opt_step=12450/24489  loss=0.0252  acc=0.9933  lr=1.05e-05
23:39:45 INFO   e2 opt_step=12500/24489  loss=0.0253  acc=0.9933  lr=1.04e-05
23:39:54 INFO   e2 opt_step=12550/24489  loss=0.0252  acc=0.9933  lr=1.04e-05
23:40:04 INFO   e2 opt_step=12600/24489  loss=0.0253  acc=0.9933  lr=1.03e-05
23:40:14 INFO   e2 opt_step=12650/24489  loss=0.0252  acc=0.9933  lr=1.03e-05
23:40:24 INFO   e2 opt_step=12700/24489  loss=0.0253  acc=0.9933  lr=1.02e-05
23:40:33 INFO   e2 opt_step=12750/24489  loss=0.0253  acc=0.9933  lr=1.02e-05
23:40:43 INFO   e2 opt_step=12800/24489  loss=0.0252  acc=0.9933  lr=1.02e-05
23:40:53 INFO   e2 opt_step=12850/24489  loss=0.0251  acc=0.9933  lr=1.01e-05
23:41:03 INFO   e2 opt_step=12900/24489  loss=0.0254  acc=0.9932  lr=1.01e-05
23:41:13 INFO   e2 opt_step=12950/24489  loss=0.0255  acc=0.9932  lr=1.00e-05
23:41:23 INFO   e2 opt_step=13000/24489  loss=0.0255  acc=0.9932  lr=9.98e-06
23:41:32 INFO   e2 opt_step=13050/24489  loss=0.0254  acc=0.9933  lr=9.94e-06
23:41:42 INFO   e2 opt_step=13100/24489  loss=0.0257  acc=0.9932  lr=9.89e-06
23:41:52 INFO   e2 opt_step=13150/24489  loss=0.0257  acc=0.9932  lr=9.85e-06
23:42:02 INFO   e2 opt_step=13200/24489  loss=0.0256  acc=0.9932  lr=9.81e-06
23:42:11 INFO   e2 opt_step=13250/24489  loss=0.0256  acc=0.9932  lr=9.76e-06
23:42:21 INFO   e2 opt_step=13300/24489  loss=0.0256  acc=0.9932  lr=9.72e-06
23:42:31 INFO   e2 opt_step=13350/24489  loss=0.0257  acc=0.9931  lr=9.68e-06
23:42:41 INFO   e2 opt_step=13400/24489  loss=0.0257  acc=0.9932  lr=9.63e-06
23:42:51 INFO   e2 opt_step=13450/24489  loss=0.0258  acc=0.9931  lr=9.59e-06
23:43:00 INFO   e2 opt_step=13500/24489  loss=0.0258  acc=0.9931  lr=9.55e-06
23:43:10 INFO   e2 opt_step=13550/24489  loss=0.0258  acc=0.9932  lr=9.50e-06
23:43:20 INFO   e2 opt_step=13600/24489  loss=0.0257  acc=0.9932  lr=9.46e-06
23:43:30 INFO   e2 opt_step=13650/24489  loss=0.0255  acc=0.9932  lr=9.42e-06
23:43:40 INFO   e2 opt_step=13700/24489  loss=0.0256  acc=0.9932  lr=9.37e-06
23:43:50 INFO   e2 opt_step=13750/24489  loss=0.0256  acc=0.9932  lr=9.33e-06
23:43:59 INFO   e2 opt_step=13800/24489  loss=0.0256  acc=0.9932  lr=9.29e-06
23:44:09 INFO   e2 opt_step=13850/24489  loss=0.0255  acc=0.9932  lr=9.24e-06
23:44:19 INFO   e2 opt_step=13900/24489  loss=0.0255  acc=0.9932  lr=9.20e-06
23:44:28 INFO   e2 opt_step=13950/24489  loss=0.0256  acc=0.9932  lr=9.16e-06
23:44:38 INFO   e2 opt_step=14000/24489  loss=0.0256  acc=0.9932  lr=9.11e-06
23:44:48 INFO   e2 opt_step=14050/24489  loss=0.0256  acc=0.9932  lr=9.07e-06
23:44:57 INFO   e2 opt_step=14100/24489  loss=0.0255  acc=0.9932  lr=9.03e-06
23:45:07 INFO   e2 opt_step=14150/24489  loss=0.0254  acc=0.9933  lr=8.98e-06
23:45:17 INFO   e2 opt_step=14200/24489  loss=0.0254  acc=0.9933  lr=8.94e-06
23:45:27 INFO   e2 opt_step=14250/24489  loss=0.0254  acc=0.9933  lr=8.90e-06
23:45:36 INFO   e2 opt_step=14300/24489  loss=0.0253  acc=0.9933  lr=8.85e-06
23:45:46 INFO   e2 opt_step=14350/24489  loss=0.0252  acc=0.9933  lr=8.81e-06
23:45:56 INFO   e2 opt_step=14400/24489  loss=0.0252  acc=0.9933  lr=8.77e-06
23:46:05 INFO   e2 opt_step=14450/24489  loss=0.0252  acc=0.9933  lr=8.72e-06
23:46:15 INFO   e2 opt_step=14500/24489  loss=0.0252  acc=0.9933  lr=8.68e-06
23:46:25 INFO   e2 opt_step=14550/24489  loss=0.0251  acc=0.9933  lr=8.64e-06
23:46:34 INFO   e2 opt_step=14600/24489  loss=0.0250  acc=0.9933  lr=8.59e-06
23:46:44 INFO   e2 opt_step=14650/24489  loss=0.0249  acc=0.9934  lr=8.55e-06
23:46:54 INFO   e2 opt_step=14700/24489  loss=0.0249  acc=0.9934  lr=8.50e-06
23:47:04 INFO   e2 opt_step=14750/24489  loss=0.0248  acc=0.9934  lr=8.46e-06
23:47:13 INFO   e2 opt_step=14800/24489  loss=0.0248  acc=0.9934  lr=8.42e-06
23:47:23 INFO   e2 opt_step=14850/24489  loss=0.0248  acc=0.9934  lr=8.37e-06
23:47:33 INFO   e2 opt_step=14900/24489  loss=0.0248  acc=0.9934  lr=8.33e-06
23:47:43 INFO   e2 opt_step=14950/24489  loss=0.0248  acc=0.9934  lr=8.29e-06
23:47:53 INFO   e2 opt_step=15000/24489  loss=0.0247  acc=0.9934  lr=8.24e-06
23:48:02 INFO   e2 opt_step=15050/24489  loss=0.0246  acc=0.9934  lr=8.20e-06
23:48:12 INFO   e2 opt_step=15100/24489  loss=0.0246  acc=0.9934  lr=8.16e-06
23:48:22 INFO   e2 opt_step=15150/24489  loss=0.0246  acc=0.9934  lr=8.11e-06
23:48:32 INFO   e2 opt_step=15200/24489  loss=0.0245  acc=0.9934  lr=8.07e-06
23:48:41 INFO   e2 opt_step=15250/24489  loss=0.0245  acc=0.9934  lr=8.03e-06
23:48:51 INFO   e2 opt_step=15300/24489  loss=0.0244  acc=0.9935  lr=7.98e-06
23:49:00 INFO   e2 opt_step=15350/24489  loss=0.0244  acc=0.9935  lr=7.94e-06
23:49:10 INFO   e2 opt_step=15400/24489  loss=0.0244  acc=0.9935  lr=7.90e-06
23:49:20 INFO   e2 opt_step=15450/24489  loss=0.0243  acc=0.9935  lr=7.85e-06
23:49:30 INFO   e2 opt_step=15500/24489  loss=0.0243  acc=0.9935  lr=7.81e-06
23:49:39 INFO   e2 opt_step=15550/24489  loss=0.0242  acc=0.9935  lr=7.77e-06
23:49:49 INFO   e2 opt_step=15600/24489  loss=0.0242  acc=0.9935  lr=7.72e-06
23:49:59 INFO   e2 opt_step=15650/24489  loss=0.0242  acc=0.9935  lr=7.68e-06
23:50:08 INFO   e2 opt_step=15700/24489  loss=0.0241  acc=0.9935  lr=7.64e-06
23:50:18 INFO   e2 opt_step=15750/24489  loss=0.0240  acc=0.9935  lr=7.59e-06
23:50:28 INFO   e2 opt_step=15800/24489  loss=0.0239  acc=0.9935  lr=7.55e-06
23:50:37 INFO   e2 opt_step=15850/24489  loss=0.0240  acc=0.9935  lr=7.51e-06
23:50:47 INFO   e2 opt_step=15900/24489  loss=0.0240  acc=0.9935  lr=7.46e-06
23:50:56 INFO   e2 opt_step=15950/24489  loss=0.0240  acc=0.9935  lr=7.42e-06
23:51:06 INFO   e2 opt_step=16000/24489  loss=0.0239  acc=0.9935  lr=7.38e-06
23:51:16 INFO   e2 opt_step=16050/24489  loss=0.0239  acc=0.9935  lr=7.33e-06
23:51:25 INFO   e2 opt_step=16100/24489  loss=0.0239  acc=0.9935  lr=7.29e-06
23:51:35 INFO   e2 opt_step=16150/24489  loss=0.0238  acc=0.9936  lr=7.25e-06
23:51:45 INFO   e2 opt_step=16200/24489  loss=0.0237  acc=0.9936  lr=7.20e-06
23:51:55 INFO   e2 opt_step=16250/24489  loss=0.0237  acc=0.9936  lr=7.16e-06
23:52:04 INFO   e2 opt_step=16300/24489  loss=0.0237  acc=0.9936  lr=7.11e-06
23:52:26 INFO [epoch 2/3]  train_loss=0.0236  train_acc=0.9936  val_loss=1.7380  val_acc=0.7846  val_auc=0.8418  elapsed=1606.4s
23:52:28 INFO   * saved best.pt  val_acc=0.7846
23:52:33 INFO   e3 opt_step=16350/24489  loss=0.0142  acc=0.9935  lr=7.07e-06
23:52:43 INFO   e3 opt_step=16400/24489  loss=0.0094  acc=0.9970  lr=7.03e-06
23:52:52 INFO   e3 opt_step=16450/24489  loss=0.0139  acc=0.9955  lr=6.98e-06
23:53:02 INFO   e3 opt_step=16500/24489  loss=0.0127  acc=0.9955  lr=6.94e-06
23:53:12 INFO   e3 opt_step=16550/24489  loss=0.0161  acc=0.9944  lr=6.90e-06
23:53:22 INFO   e3 opt_step=16600/24489  loss=0.0152  acc=0.9949  lr=6.85e-06
23:53:31 INFO   e3 opt_step=16650/24489  loss=0.0159  acc=0.9950  lr=6.81e-06
23:53:41 INFO   e3 opt_step=16700/24489  loss=0.0161  acc=0.9950  lr=6.77e-06
23:53:51 INFO   e3 opt_step=16750/24489  loss=0.0164  acc=0.9951  lr=6.72e-06
23:54:01 INFO   e3 opt_step=16800/24489  loss=0.0159  acc=0.9952  lr=6.68e-06
23:54:11 INFO   e3 opt_step=16850/24489  loss=0.0154  acc=0.9953  lr=6.64e-06
23:54:20 INFO   e3 opt_step=16900/24489  loss=0.0153  acc=0.9954  lr=6.59e-06
23:54:30 INFO   e3 opt_step=16950/24489  loss=0.0148  acc=0.9954  lr=6.55e-06
23:54:39 INFO   e3 opt_step=17000/24489  loss=0.0153  acc=0.9952  lr=6.51e-06
23:54:49 INFO   e3 opt_step=17050/24489  loss=0.0152  acc=0.9953  lr=6.46e-06
23:54:59 INFO   e3 opt_step=17100/24489  loss=0.0153  acc=0.9952  lr=6.42e-06
23:55:09 INFO   e3 opt_step=17150/24489  loss=0.0152  acc=0.9951  lr=6.38e-06
23:55:18 INFO   e3 opt_step=17200/24489  loss=0.0152  acc=0.9952  lr=6.33e-06
23:55:28 INFO   e3 opt_step=17250/24489  loss=0.0148  acc=0.9953  lr=6.29e-06
23:55:38 INFO   e3 opt_step=17300/24489  loss=0.0149  acc=0.9954  lr=6.25e-06
23:55:48 INFO   e3 opt_step=17350/24489  loss=0.0151  acc=0.9954  lr=6.20e-06
23:55:57 INFO   e3 opt_step=17400/24489  loss=0.0152  acc=0.9954  lr=6.16e-06
23:56:07 INFO   e3 opt_step=17450/24489  loss=0.0152  acc=0.9953  lr=6.12e-06
23:56:16 INFO   e3 opt_step=17500/24489  loss=0.0154  acc=0.9953  lr=6.07e-06
23:56:26 INFO   e3 opt_step=17550/24489  loss=0.0150  acc=0.9954  lr=6.03e-06
23:56:35 INFO   e3 opt_step=17600/24489  loss=0.0155  acc=0.9953  lr=5.99e-06
23:56:46 INFO   e3 opt_step=17650/24489  loss=0.0157  acc=0.9952  lr=5.94e-06
23:56:55 INFO   e3 opt_step=17700/24489  loss=0.0156  acc=0.9953  lr=5.90e-06
23:57:05 INFO   e3 opt_step=17750/24489  loss=0.0154  acc=0.9953  lr=5.85e-06
23:57:15 INFO   e3 opt_step=17800/24489  loss=0.0154  acc=0.9954  lr=5.81e-06
23:57:25 INFO   e3 opt_step=17850/24489  loss=0.0151  acc=0.9954  lr=5.77e-06
23:57:35 INFO   e3 opt_step=17900/24489  loss=0.0153  acc=0.9954  lr=5.72e-06
23:57:44 INFO   e3 opt_step=17950/24489  loss=0.0154  acc=0.9954  lr=5.68e-06
23:57:54 INFO   e3 opt_step=18000/24489  loss=0.0154  acc=0.9954  lr=5.64e-06
23:58:04 INFO   e3 opt_step=18050/24489  loss=0.0154  acc=0.9953  lr=5.59e-06
23:58:13 INFO   e3 opt_step=18100/24489  loss=0.0155  acc=0.9953  lr=5.55e-06
23:58:23 INFO   e3 opt_step=18150/24489  loss=0.0156  acc=0.9953  lr=5.51e-06
23:58:32 INFO   e3 opt_step=18200/24489  loss=0.0159  acc=0.9952  lr=5.46e-06
23:58:42 INFO   e3 opt_step=18250/24489  loss=0.0159  acc=0.9952  lr=5.42e-06
23:58:52 INFO   e3 opt_step=18300/24489  loss=0.0159  acc=0.9952  lr=5.38e-06
23:59:01 INFO   e3 opt_step=18350/24489  loss=0.0160  acc=0.9951  lr=5.33e-06
23:59:11 INFO   e3 opt_step=18400/24489  loss=0.0162  acc=0.9951  lr=5.29e-06
23:59:20 INFO   e3 opt_step=18450/24489  loss=0.0164  acc=0.9951  lr=5.25e-06
23:59:30 INFO   e3 opt_step=18500/24489  loss=0.0163  acc=0.9951  lr=5.20e-06
23:59:40 INFO   e3 opt_step=18550/24489  loss=0.0168  acc=0.9950  lr=5.16e-06
23:59:50 INFO   e3 opt_step=18600/24489  loss=0.0167  acc=0.9950  lr=5.12e-06
23:59:59 INFO   e3 opt_step=18650/24489  loss=0.0167  acc=0.9950  lr=5.07e-06
00:00:09 INFO   e3 opt_step=18700/24489  loss=0.0166  acc=0.9950  lr=5.03e-06
00:00:19 INFO   e3 opt_step=18750/24489  loss=0.0167  acc=0.9950  lr=4.99e-06
00:00:29 INFO   e3 opt_step=18800/24489  loss=0.0166  acc=0.9950  lr=4.94e-06
00:00:38 INFO   e3 opt_step=18850/24489  loss=0.0166  acc=0.9950  lr=4.90e-06
00:00:48 INFO   e3 opt_step=18900/24489  loss=0.0168  acc=0.9949  lr=4.86e-06
00:00:58 INFO   e3 opt_step=18950/24489  loss=0.0168  acc=0.9949  lr=4.81e-06
00:01:07 INFO   e3 opt_step=19000/24489  loss=0.0168  acc=0.9948  lr=4.77e-06
00:01:17 INFO   e3 opt_step=19050/24489  loss=0.0168  acc=0.9949  lr=4.73e-06
00:01:26 INFO   e3 opt_step=19100/24489  loss=0.0166  acc=0.9949  lr=4.68e-06
00:01:36 INFO   e3 opt_step=19150/24489  loss=0.0165  acc=0.9949  lr=4.64e-06
00:01:46 INFO   e3 opt_step=19200/24489  loss=0.0164  acc=0.9949  lr=4.60e-06
00:01:56 INFO   e3 opt_step=19250/24489  loss=0.0163  acc=0.9950  lr=4.55e-06
00:02:06 INFO   e3 opt_step=19300/24489  loss=0.0164  acc=0.9950  lr=4.51e-06
00:02:16 INFO   e3 opt_step=19350/24489  loss=0.0164  acc=0.9950  lr=4.46e-06
00:02:26 INFO   e3 opt_step=19400/24489  loss=0.0164  acc=0.9950  lr=4.42e-06
00:02:35 INFO   e3 opt_step=19450/24489  loss=0.0165  acc=0.9950  lr=4.38e-06
00:02:45 INFO   e3 opt_step=19500/24489  loss=0.0163  acc=0.9950  lr=4.33e-06
00:02:55 INFO   e3 opt_step=19550/24489  loss=0.0164  acc=0.9950  lr=4.29e-06
00:03:05 INFO   e3 opt_step=19600/24489  loss=0.0163  acc=0.9950  lr=4.25e-06
00:03:15 INFO   e3 opt_step=19650/24489  loss=0.0164  acc=0.9950  lr=4.20e-06
00:03:25 INFO   e3 opt_step=19700/24489  loss=0.0165  acc=0.9950  lr=4.16e-06
00:03:34 INFO   e3 opt_step=19750/24489  loss=0.0164  acc=0.9950  lr=4.12e-06
00:03:44 INFO   e3 opt_step=19800/24489  loss=0.0165  acc=0.9950  lr=4.07e-06
00:03:54 INFO   e3 opt_step=19850/24489  loss=0.0165  acc=0.9951  lr=4.03e-06
00:04:04 INFO   e3 opt_step=19900/24489  loss=0.0164  acc=0.9951  lr=3.99e-06
00:04:14 INFO   e3 opt_step=19950/24489  loss=0.0165  acc=0.9950  lr=3.94e-06
00:04:23 INFO   e3 opt_step=20000/24489  loss=0.0165  acc=0.9950  lr=3.90e-06
00:04:33 INFO   e3 opt_step=20050/24489  loss=0.0164  acc=0.9950  lr=3.86e-06
00:04:43 INFO   e3 opt_step=20100/24489  loss=0.0166  acc=0.9950  lr=3.81e-06
00:04:53 INFO   e3 opt_step=20150/24489  loss=0.0165  acc=0.9950  lr=3.77e-06
00:05:03 INFO   e3 opt_step=20200/24489  loss=0.0164  acc=0.9950  lr=3.73e-06
00:05:12 INFO   e3 opt_step=20250/24489  loss=0.0165  acc=0.9950  lr=3.68e-06
00:05:22 INFO   e3 opt_step=20300/24489  loss=0.0165  acc=0.9950  lr=3.64e-06
00:05:32 INFO   e3 opt_step=20350/24489  loss=0.0165  acc=0.9950  lr=3.60e-06
00:05:41 INFO   e3 opt_step=20400/24489  loss=0.0166  acc=0.9950  lr=3.55e-06
00:05:51 INFO   e3 opt_step=20450/24489  loss=0.0167  acc=0.9950  lr=3.51e-06
00:06:00 INFO   e3 opt_step=20500/24489  loss=0.0166  acc=0.9950  lr=3.47e-06
00:06:10 INFO   e3 opt_step=20550/24489  loss=0.0165  acc=0.9951  lr=3.42e-06
00:06:20 INFO   e3 opt_step=20600/24489  loss=0.0167  acc=0.9950  lr=3.38e-06
00:06:30 INFO   e3 opt_step=20650/24489  loss=0.0167  acc=0.9951  lr=3.34e-06
00:06:40 INFO   e3 opt_step=20700/24489  loss=0.0167  acc=0.9951  lr=3.29e-06
00:06:49 INFO   e3 opt_step=20750/24489  loss=0.0166  acc=0.9951  lr=3.25e-06
00:06:59 INFO   e3 opt_step=20800/24489  loss=0.0166  acc=0.9951  lr=3.21e-06
00:07:09 INFO   e3 opt_step=20850/24489  loss=0.0166  acc=0.9951  lr=3.16e-06
00:07:19 INFO   e3 opt_step=20900/24489  loss=0.0166  acc=0.9951  lr=3.12e-06
00:07:28 INFO   e3 opt_step=20950/24489  loss=0.0165  acc=0.9951  lr=3.07e-06
00:07:38 INFO   e3 opt_step=21000/24489  loss=0.0165  acc=0.9951  lr=3.03e-06
00:07:48 INFO   e3 opt_step=21050/24489  loss=0.0166  acc=0.9950  lr=2.99e-06
00:07:58 INFO   e3 opt_step=21100/24489  loss=0.0165  acc=0.9951  lr=2.94e-06
00:08:07 INFO   e3 opt_step=21150/24489  loss=0.0164  acc=0.9950  lr=2.90e-06
00:08:17 INFO   e3 opt_step=21200/24489  loss=0.0164  acc=0.9950  lr=2.86e-06
00:08:27 INFO   e3 opt_step=21250/24489  loss=0.0163  acc=0.9951  lr=2.81e-06
00:08:37 INFO   e3 opt_step=21300/24489  loss=0.0163  acc=0.9951  lr=2.77e-06
00:08:46 INFO   e3 opt_step=21350/24489  loss=0.0165  acc=0.9950  lr=2.73e-06
00:08:56 INFO   e3 opt_step=21400/24489  loss=0.0165  acc=0.9950  lr=2.68e-06
00:09:06 INFO   e3 opt_step=21450/24489  loss=0.0165  acc=0.9950  lr=2.64e-06
00:09:16 INFO   e3 opt_step=21500/24489  loss=0.0166  acc=0.9950  lr=2.60e-06
00:09:26 INFO   e3 opt_step=21550/24489  loss=0.0166  acc=0.9950  lr=2.55e-06
00:09:35 INFO   e3 opt_step=21600/24489  loss=0.0166  acc=0.9950  lr=2.51e-06
00:09:45 INFO   e3 opt_step=21650/24489  loss=0.0166  acc=0.9950  lr=2.47e-06
00:09:54 INFO   e3 opt_step=21700/24489  loss=0.0165  acc=0.9951  lr=2.42e-06
00:10:04 INFO   e3 opt_step=21750/24489  loss=0.0165  acc=0.9951  lr=2.38e-06
00:10:14 INFO   e3 opt_step=21800/24489  loss=0.0165  acc=0.9951  lr=2.34e-06
00:10:24 INFO   e3 opt_step=21850/24489  loss=0.0165  acc=0.9951  lr=2.29e-06
00:10:34 INFO   e3 opt_step=21900/24489  loss=0.0166  acc=0.9951  lr=2.25e-06
00:10:44 INFO   e3 opt_step=21950/24489  loss=0.0165  acc=0.9951  lr=2.21e-06
00:10:53 INFO   e3 opt_step=22000/24489  loss=0.0165  acc=0.9951  lr=2.16e-06
00:11:03 INFO   e3 opt_step=22050/24489  loss=0.0166  acc=0.9951  lr=2.12e-06
00:11:12 INFO   e3 opt_step=22100/24489  loss=0.0166  acc=0.9951  lr=2.08e-06
00:11:22 INFO   e3 opt_step=22150/24489  loss=0.0166  acc=0.9951  lr=2.03e-06
00:11:32 INFO   e3 opt_step=22200/24489  loss=0.0166  acc=0.9951  lr=1.99e-06
00:11:41 INFO   e3 opt_step=22250/24489  loss=0.0166  acc=0.9951  lr=1.95e-06
00:11:51 INFO   e3 opt_step=22300/24489  loss=0.0165  acc=0.9951  lr=1.90e-06
00:12:01 INFO   e3 opt_step=22350/24489  loss=0.0165  acc=0.9951  lr=1.86e-06
00:12:10 INFO   e3 opt_step=22400/24489  loss=0.0165  acc=0.9951  lr=1.81e-06
00:12:20 INFO   e3 opt_step=22450/24489  loss=0.0165  acc=0.9951  lr=1.77e-06
00:12:30 INFO   e3 opt_step=22500/24489  loss=0.0165  acc=0.9951  lr=1.73e-06
00:12:39 INFO   e3 opt_step=22550/24489  loss=0.0165  acc=0.9951  lr=1.68e-06
00:12:49 INFO   e3 opt_step=22600/24489  loss=0.0165  acc=0.9951  lr=1.64e-06
00:12:59 INFO   e3 opt_step=22650/24489  loss=0.0166  acc=0.9951  lr=1.60e-06
00:13:08 INFO   e3 opt_step=22700/24489  loss=0.0165  acc=0.9951  lr=1.55e-06
00:13:18 INFO   e3 opt_step=22750/24489  loss=0.0166  acc=0.9951  lr=1.51e-06
00:13:28 INFO   e3 opt_step=22800/24489  loss=0.0165  acc=0.9951  lr=1.47e-06
00:13:37 INFO   e3 opt_step=22850/24489  loss=0.0166  acc=0.9950  lr=1.42e-06
00:13:47 INFO   e3 opt_step=22900/24489  loss=0.0166  acc=0.9950  lr=1.38e-06
00:13:57 INFO   e3 opt_step=22950/24489  loss=0.0166  acc=0.9950  lr=1.34e-06
00:14:07 INFO   e3 opt_step=23000/24489  loss=0.0166  acc=0.9950  lr=1.29e-06
00:14:17 INFO   e3 opt_step=23050/24489  loss=0.0167  acc=0.9950  lr=1.25e-06
00:14:26 INFO   e3 opt_step=23100/24489  loss=0.0167  acc=0.9950  lr=1.21e-06
00:14:36 INFO   e3 opt_step=23150/24489  loss=0.0167  acc=0.9950  lr=1.16e-06
00:14:46 INFO   e3 opt_step=23200/24489  loss=0.0168  acc=0.9950  lr=1.12e-06
00:14:56 INFO   e3 opt_step=23250/24489  loss=0.0167  acc=0.9950  lr=1.08e-06
00:15:05 INFO   e3 opt_step=23300/24489  loss=0.0166  acc=0.9951  lr=1.03e-06
00:15:15 INFO   e3 opt_step=23350/24489  loss=0.0166  acc=0.9951  lr=9.90e-07
00:15:25 INFO   e3 opt_step=23400/24489  loss=0.0165  acc=0.9951  lr=9.46e-07
00:15:34 INFO   e3 opt_step=23450/24489  loss=0.0165  acc=0.9951  lr=9.03e-07
00:15:44 INFO   e3 opt_step=23500/24489  loss=0.0166  acc=0.9951  lr=8.59e-07
00:15:54 INFO   e3 opt_step=23550/24489  loss=0.0165  acc=0.9951  lr=8.16e-07
00:16:04 INFO   e3 opt_step=23600/24489  loss=0.0165  acc=0.9951  lr=7.72e-07
00:16:13 INFO   e3 opt_step=23650/24489  loss=0.0164  acc=0.9951  lr=7.29e-07
00:16:23 INFO   e3 opt_step=23700/24489  loss=0.0164  acc=0.9951  lr=6.85e-07
00:16:33 INFO   e3 opt_step=23750/24489  loss=0.0164  acc=0.9951  lr=6.42e-07
00:16:43 INFO   e3 opt_step=23800/24489  loss=0.0164  acc=0.9951  lr=5.99e-07
00:16:52 INFO   e3 opt_step=23850/24489  loss=0.0164  acc=0.9951  lr=5.55e-07
00:17:02 INFO   e3 opt_step=23900/24489  loss=0.0164  acc=0.9951  lr=5.12e-07
00:17:12 INFO   e3 opt_step=23950/24489  loss=0.0163  acc=0.9952  lr=4.68e-07
00:17:21 INFO   e3 opt_step=24000/24489  loss=0.0163  acc=0.9952  lr=4.25e-07
00:17:31 INFO   e3 opt_step=24050/24489  loss=0.0163  acc=0.9952  lr=3.81e-07
00:17:41 INFO   e3 opt_step=24100/24489  loss=0.0163  acc=0.9952  lr=3.38e-07
00:17:50 INFO   e3 opt_step=24150/24489  loss=0.0163  acc=0.9952  lr=2.95e-07
00:18:00 INFO   e3 opt_step=24200/24489  loss=0.0163  acc=0.9952  lr=2.51e-07
00:18:10 INFO   e3 opt_step=24250/24489  loss=0.0163  acc=0.9951  lr=2.08e-07
00:18:19 INFO   e3 opt_step=24300/24489  loss=0.0163  acc=0.9952  lr=1.64e-07
00:18:29 INFO   e3 opt_step=24350/24489  loss=0.0162  acc=0.9952  lr=1.21e-07
00:18:39 INFO   e3 opt_step=24400/24489  loss=0.0162  acc=0.9952  lr=7.73e-08
00:18:49 INFO   e3 opt_step=24450/24489  loss=0.0162  acc=0.9952  lr=3.39e-08
00:19:13 INFO [epoch 3/3]  train_loss=0.0161  train_acc=0.9952  val_loss=1.8731  val_acc=0.7788  val_auc=0.8441  elapsed=1605.2s
00:19:16 INFO saved final.pt  total_time=4823s
00:19:16 INFO loading best.pt for final val/test evaluation …
00:19:33 INFO [val]  acc=0.7846  auc=0.8418  f1=0.6285
00:19:42 INFO [test] loss=0.9664  acc=0.8738  auc=0.9050  f1=0.8703
00:19:42 INFO [done] best_val_acc=0.7846  test_acc=0.8738  test_auc=0.9050  results in runs/crossencoder2x/ce2x_indomain
