06:42:09 INFO run_dir=/mnt/localssd/crossencoder_sweep/runs/aep_dataset/bge-large-en-v1.5
06:42:09 INFO device=cuda:0  bf16=True  physical_gpu=3  CUDA_VISIBLE_DEVICES=3
06:42:09 INFO dataset=aep_dataset  model=bge-large-en-v1.5  backbone=BAAI/bge-large-en-v1.5
06:42:09 INFO tokenizer <- BAAI/bge-large-en-v1.5
06:42:10 INFO split files: ['directional_train.jsonl', 'directional_val.jsonl', 'directional_test.jsonl']
06:42:10 INFO scanning max JOINT token length across all splits ...
06:43:42 INFO   observed_max_joint=512 -> max_seq_len=512 (cap=512, scan=92.8s)
06:43:42 INFO loading datasets ...
06:43:43 INFO   schema=standard  train=67500  val=8460  test=8460
06:43:43 INFO building CrossEncoderClassifier  backbone=BAAI/bge-large-en-v1.5
Warning: You are sending unauthenticated requests to the HF Hub. Please set a HF_TOKEN to enable higher rate limits and faster downloads.
Loading weights:   0%|          | 0/391 [00:00<?, ?it/s]Loading weights: 100%|██████████| 391/391 [00:00<00:00, 7715.92it/s]
06:43:45 INFO   hidden_size=1024  trainable_params=335,142,913
06:43:45 INFO   total_steps=16876  warmup_steps=1687
06:43:55 INFO   e1 step    50/4219  loss=0.7266  acc=0.4825  lr0=5.93e-07 lr1=2.96e-05
06:44:04 INFO   e1 step   100/4219  loss=0.7190  acc=0.4988  lr0=1.19e-06 lr1=5.93e-05
06:44:12 INFO   e1 step   150/4219  loss=0.7195  acc=0.4983  lr0=1.78e-06 lr1=8.89e-05
06:44:21 INFO   e1 step   200/4219  loss=0.7157  acc=0.4984  lr0=2.37e-06 lr1=1.19e-04
06:44:30 INFO   e1 step   250/4219  loss=0.7144  acc=0.5030  lr0=2.96e-06 lr1=1.48e-04
06:44:39 INFO   e1 step   300/4219  loss=0.7142  acc=0.5050  lr0=3.56e-06 lr1=1.78e-04
06:44:48 INFO   e1 step   350/4219  loss=0.7118  acc=0.5100  lr0=4.15e-06 lr1=2.07e-04
06:44:56 INFO   e1 step   400/4219  loss=0.7076  acc=0.5164  lr0=4.74e-06 lr1=2.37e-04
06:45:05 INFO   e1 step   450/4219  loss=0.7003  acc=0.5301  lr0=5.33e-06 lr1=2.67e-04
06:45:14 INFO   e1 step   500/4219  loss=0.6908  acc=0.5454  lr0=5.93e-06 lr1=2.96e-04
06:45:23 INFO   e1 step   550/4219  loss=0.6839  acc=0.5555  lr0=6.52e-06 lr1=3.26e-04
06:45:32 INFO   e1 step   600/4219  loss=0.6753  acc=0.5675  lr0=7.11e-06 lr1=3.56e-04
06:45:40 INFO   e1 step   650/4219  loss=0.6648  acc=0.5798  lr0=7.71e-06 lr1=3.85e-04
06:45:49 INFO   e1 step   700/4219  loss=0.6578  acc=0.5885  lr0=8.30e-06 lr1=4.15e-04
06:45:58 INFO   e1 step   750/4219  loss=0.6488  acc=0.5984  lr0=8.89e-06 lr1=4.45e-04
06:46:07 INFO   e1 step   800/4219  loss=0.6396  acc=0.6083  lr0=9.48e-06 lr1=4.74e-04
06:46:16 INFO   e1 step   850/4219  loss=0.6287  acc=0.6186  lr0=1.01e-05 lr1=5.04e-04
06:46:24 INFO   e1 step   900/4219  loss=0.6179  acc=0.6290  lr0=1.07e-05 lr1=5.33e-04
06:46:33 INFO   e1 step   950/4219  loss=0.6086  acc=0.6376  lr0=1.13e-05 lr1=5.63e-04
06:46:42 INFO   e1 step  1000/4219  loss=0.5976  acc=0.6469  lr0=1.19e-05 lr1=5.93e-04
06:46:51 INFO   e1 step  1050/4219  loss=0.5863  acc=0.6564  lr0=1.24e-05 lr1=6.22e-04
06:47:00 INFO   e1 step  1100/4219  loss=0.5768  acc=0.6643  lr0=1.30e-05 lr1=6.52e-04
06:47:08 INFO   e1 step  1150/4219  loss=0.5677  acc=0.6722  lr0=1.36e-05 lr1=6.82e-04
06:47:17 INFO   e1 step  1200/4219  loss=0.5596  acc=0.6787  lr0=1.42e-05 lr1=7.11e-04
06:47:26 INFO   e1 step  1250/4219  loss=0.5500  acc=0.6857  lr0=1.48e-05 lr1=7.41e-04
06:47:35 INFO   e1 step  1300/4219  loss=0.5415  acc=0.6925  lr0=1.54e-05 lr1=7.71e-04
06:47:44 INFO   e1 step  1350/4219  loss=0.5338  acc=0.6990  lr0=1.60e-05 lr1=8.00e-04
06:47:53 INFO   e1 step  1400/4219  loss=0.5257  acc=0.7052  lr0=1.66e-05 lr1=8.30e-04
06:48:02 INFO   e1 step  1450/4219  loss=0.5177  acc=0.7117  lr0=1.72e-05 lr1=8.60e-04
06:48:10 INFO   e1 step  1500/4219  loss=0.5102  acc=0.7177  lr0=1.78e-05 lr1=8.89e-04
06:48:19 INFO   e1 step  1550/4219  loss=0.5048  acc=0.7223  lr0=1.84e-05 lr1=9.19e-04
06:48:28 INFO   e1 step  1600/4219  loss=0.4998  acc=0.7262  lr0=1.90e-05 lr1=9.48e-04
06:48:37 INFO   e1 step  1650/4219  loss=0.4945  acc=0.7305  lr0=1.96e-05 lr1=9.78e-04
06:48:46 INFO   e1 step  1700/4219  loss=0.4883  acc=0.7353  lr0=2.00e-05 lr1=9.99e-04
06:48:55 INFO   e1 step  1750/4219  loss=0.4822  acc=0.7395  lr0=1.99e-05 lr1=9.96e-04
06:49:03 INFO   e1 step  1800/4219  loss=0.4762  acc=0.7438  lr0=1.99e-05 lr1=9.93e-04
06:49:12 INFO   e1 step  1850/4219  loss=0.4704  acc=0.7477  lr0=1.98e-05 lr1=9.89e-04
06:49:21 INFO   e1 step  1900/4219  loss=0.4643  acc=0.7517  lr0=1.97e-05 lr1=9.86e-04
06:49:30 INFO   e1 step  1950/4219  loss=0.4587  acc=0.7560  lr0=1.97e-05 lr1=9.83e-04
06:49:39 INFO   e1 step  2000/4219  loss=0.4537  acc=0.7595  lr0=1.96e-05 lr1=9.79e-04
06:49:47 INFO   e1 step  2050/4219  loss=0.4483  acc=0.7633  lr0=1.95e-05 lr1=9.76e-04
06:49:56 INFO   e1 step  2100/4219  loss=0.4429  acc=0.7667  lr0=1.95e-05 lr1=9.73e-04
06:50:05 INFO   e1 step  2150/4219  loss=0.4380  acc=0.7702  lr0=1.94e-05 lr1=9.70e-04
06:50:14 INFO   e1 step  2200/4219  loss=0.4341  acc=0.7735  lr0=1.93e-05 lr1=9.66e-04
06:50:23 INFO   e1 step  2250/4219  loss=0.4292  acc=0.7767  lr0=1.93e-05 lr1=9.63e-04
06:50:31 INFO   e1 step  2300/4219  loss=0.4249  acc=0.7798  lr0=1.92e-05 lr1=9.60e-04
06:50:40 INFO   e1 step  2350/4219  loss=0.4201  acc=0.7828  lr0=1.91e-05 lr1=9.56e-04
06:50:49 INFO   e1 step  2400/4219  loss=0.4154  acc=0.7858  lr0=1.91e-05 lr1=9.53e-04
06:50:58 INFO   e1 step  2450/4219  loss=0.4113  acc=0.7889  lr0=1.90e-05 lr1=9.50e-04
06:51:07 INFO   e1 step  2500/4219  loss=0.4064  acc=0.7919  lr0=1.89e-05 lr1=9.46e-04
06:51:15 INFO   e1 step  2550/4219  loss=0.4030  acc=0.7946  lr0=1.89e-05 lr1=9.43e-04
06:51:24 INFO   e1 step  2600/4219  loss=0.3991  acc=0.7969  lr0=1.88e-05 lr1=9.40e-04
06:51:33 INFO   e1 step  2650/4219  loss=0.3944  acc=0.7998  lr0=1.87e-05 lr1=9.37e-04
06:51:42 INFO   e1 step  2700/4219  loss=0.3921  acc=0.8020  lr0=1.87e-05 lr1=9.33e-04
06:51:51 INFO   e1 step  2750/4219  loss=0.3884  acc=0.8044  lr0=1.86e-05 lr1=9.30e-04
06:52:00 INFO   e1 step  2800/4219  loss=0.3849  acc=0.8068  lr0=1.85e-05 lr1=9.27e-04
06:52:08 INFO   e1 step  2850/4219  loss=0.3819  acc=0.8090  lr0=1.85e-05 lr1=9.23e-04
06:52:17 INFO   e1 step  2900/4219  loss=0.3780  acc=0.8114  lr0=1.84e-05 lr1=9.20e-04
06:52:26 INFO   e1 step  2950/4219  loss=0.3753  acc=0.8136  lr0=1.83e-05 lr1=9.17e-04
06:52:35 INFO   e1 step  3000/4219  loss=0.3724  acc=0.8157  lr0=1.83e-05 lr1=9.14e-04
06:52:44 INFO   e1 step  3050/4219  loss=0.3690  acc=0.8179  lr0=1.82e-05 lr1=9.10e-04
06:52:52 INFO   e1 step  3100/4219  loss=0.3656  acc=0.8201  lr0=1.81e-05 lr1=9.07e-04
06:53:01 INFO   e1 step  3150/4219  loss=0.3632  acc=0.8221  lr0=1.81e-05 lr1=9.04e-04
06:53:10 INFO   e1 step  3200/4219  loss=0.3606  acc=0.8239  lr0=1.80e-05 lr1=9.00e-04
06:53:19 INFO   e1 step  3250/4219  loss=0.3579  acc=0.8259  lr0=1.79e-05 lr1=8.97e-04
06:53:28 INFO   e1 step  3300/4219  loss=0.3552  acc=0.8277  lr0=1.79e-05 lr1=8.94e-04
06:53:37 INFO   e1 step  3350/4219  loss=0.3517  acc=0.8297  lr0=1.78e-05 lr1=8.91e-04
06:53:45 INFO   e1 step  3400/4219  loss=0.3494  acc=0.8313  lr0=1.77e-05 lr1=8.87e-04
06:53:54 INFO   e1 step  3450/4219  loss=0.3467  acc=0.8332  lr0=1.77e-05 lr1=8.84e-04
06:54:03 INFO   e1 step  3500/4219  loss=0.3443  acc=0.8347  lr0=1.76e-05 lr1=8.81e-04
06:54:12 INFO   e1 step  3550/4219  loss=0.3422  acc=0.8363  lr0=1.75e-05 lr1=8.77e-04
06:54:21 INFO   e1 step  3600/4219  loss=0.3391  acc=0.8380  lr0=1.75e-05 lr1=8.74e-04
06:54:29 INFO   e1 step  3650/4219  loss=0.3367  acc=0.8395  lr0=1.74e-05 lr1=8.71e-04
06:54:38 INFO   e1 step  3700/4219  loss=0.3340  acc=0.8410  lr0=1.73e-05 lr1=8.67e-04
06:54:47 INFO   e1 step  3750/4219  loss=0.3322  acc=0.8424  lr0=1.73e-05 lr1=8.64e-04
06:54:56 INFO   e1 step  3800/4219  loss=0.3296  acc=0.8440  lr0=1.72e-05 lr1=8.61e-04
06:55:05 INFO   e1 step  3850/4219  loss=0.3266  acc=0.8456  lr0=1.72e-05 lr1=8.58e-04
06:55:13 INFO   e1 step  3900/4219  loss=0.3240  acc=0.8471  lr0=1.71e-05 lr1=8.54e-04
06:55:22 INFO   e1 step  3950/4219  loss=0.3215  acc=0.8487  lr0=1.70e-05 lr1=8.51e-04
06:55:31 INFO   e1 step  4000/4219  loss=0.3191  acc=0.8502  lr0=1.70e-05 lr1=8.48e-04
06:55:40 INFO   e1 step  4050/4219  loss=0.3173  acc=0.8515  lr0=1.69e-05 lr1=8.44e-04
06:55:49 INFO   e1 step  4100/4219  loss=0.3151  acc=0.8528  lr0=1.68e-05 lr1=8.41e-04
06:55:58 INFO   e1 step  4150/4219  loss=0.3127  acc=0.8543  lr0=1.68e-05 lr1=8.38e-04
06:56:06 INFO   e1 step  4200/4219  loss=0.3104  acc=0.8556  lr0=1.67e-05 lr1=8.35e-04
06:56:31 INFO [epoch 1] train_loss=0.3096 train_acc=0.8560  val_loss=0.2376 val_acc=0.9353 val_auc=0.9768  elapsed=766.5s
06:56:33 INFO   saved best.pt  val_acc=0.9353
06:56:42 INFO   e2 step    50/4219  loss=0.0615  acc=0.9825  lr0=1.66e-05 lr1=8.30e-04
06:56:51 INFO   e2 step   100/4219  loss=0.0877  acc=0.9744  lr0=1.65e-05 lr1=8.27e-04
06:57:00 INFO   e2 step   150/4219  loss=0.0847  acc=0.9754  lr0=1.65e-05 lr1=8.23e-04
06:57:08 INFO   e2 step   200/4219  loss=0.0855  acc=0.9744  lr0=1.64e-05 lr1=8.20e-04
06:57:17 INFO   e2 step   250/4219  loss=0.0793  acc=0.9768  lr0=1.63e-05 lr1=8.17e-04
06:57:26 INFO   e2 step   300/4219  loss=0.0855  acc=0.9769  lr0=1.63e-05 lr1=8.14e-04
06:57:35 INFO   e2 step   350/4219  loss=0.0864  acc=0.9771  lr0=1.62e-05 lr1=8.10e-04
06:57:44 INFO   e2 step   400/4219  loss=0.0862  acc=0.9777  lr0=1.61e-05 lr1=8.07e-04
06:57:52 INFO   e2 step   450/4219  loss=0.0815  acc=0.9786  lr0=1.61e-05 lr1=8.04e-04
06:58:01 INFO   e2 step   500/4219  loss=0.0793  acc=0.9795  lr0=1.60e-05 lr1=8.00e-04
06:58:10 INFO   e2 step   550/4219  loss=0.0783  acc=0.9802  lr0=1.59e-05 lr1=7.97e-04
06:58:19 INFO   e2 step   600/4219  loss=0.0792  acc=0.9801  lr0=1.59e-05 lr1=7.94e-04
06:58:28 INFO   e2 step   650/4219  loss=0.0797  acc=0.9796  lr0=1.58e-05 lr1=7.91e-04
06:58:36 INFO   e2 step   700/4219  loss=0.0838  acc=0.9789  lr0=1.57e-05 lr1=7.87e-04
06:58:45 INFO   e2 step   750/4219  loss=0.0879  acc=0.9780  lr0=1.57e-05 lr1=7.84e-04
06:58:54 INFO   e2 step   800/4219  loss=0.0896  acc=0.9775  lr0=1.56e-05 lr1=7.81e-04
06:59:03 INFO   e2 step   850/4219  loss=0.0891  acc=0.9779  lr0=1.55e-05 lr1=7.77e-04
06:59:12 INFO   e2 step   900/4219  loss=0.0899  acc=0.9779  lr0=1.55e-05 lr1=7.74e-04
06:59:20 INFO   e2 step   950/4219  loss=0.0910  acc=0.9776  lr0=1.54e-05 lr1=7.71e-04
06:59:29 INFO   e2 step  1000/4219  loss=0.0891  acc=0.9779  lr0=1.53e-05 lr1=7.67e-04
06:59:38 INFO   e2 step  1050/4219  loss=0.0892  acc=0.9783  lr0=1.53e-05 lr1=7.64e-04
06:59:47 INFO   e2 step  1100/4219  loss=0.0896  acc=0.9781  lr0=1.52e-05 lr1=7.61e-04
06:59:56 INFO   e2 step  1150/4219  loss=0.0902  acc=0.9781  lr0=1.52e-05 lr1=7.58e-04
07:00:04 INFO   e2 step  1200/4219  loss=0.0882  acc=0.9786  lr0=1.51e-05 lr1=7.54e-04
07:00:13 INFO   e2 step  1250/4219  loss=0.0905  acc=0.9783  lr0=1.50e-05 lr1=7.51e-04
07:00:22 INFO   e2 step  1300/4219  loss=0.0903  acc=0.9784  lr0=1.50e-05 lr1=7.48e-04
07:00:31 INFO   e2 step  1350/4219  loss=0.0898  acc=0.9785  lr0=1.49e-05 lr1=7.44e-04
07:00:40 INFO   e2 step  1400/4219  loss=0.0876  acc=0.9790  lr0=1.48e-05 lr1=7.41e-04
07:00:49 INFO   e2 step  1450/4219  loss=0.0876  acc=0.9791  lr0=1.48e-05 lr1=7.38e-04
07:00:57 INFO   e2 step  1500/4219  loss=0.0884  acc=0.9789  lr0=1.47e-05 lr1=7.35e-04
07:01:06 INFO   e2 step  1550/4219  loss=0.0878  acc=0.9790  lr0=1.46e-05 lr1=7.31e-04
07:01:15 INFO   e2 step  1600/4219  loss=0.0867  acc=0.9793  lr0=1.46e-05 lr1=7.28e-04
07:01:24 INFO   e2 step  1650/4219  loss=0.0857  acc=0.9794  lr0=1.45e-05 lr1=7.25e-04
07:01:33 INFO   e2 step  1700/4219  loss=0.0846  acc=0.9797  lr0=1.44e-05 lr1=7.21e-04
07:01:41 INFO   e2 step  1750/4219  loss=0.0845  acc=0.9797  lr0=1.44e-05 lr1=7.18e-04
07:01:50 INFO   e2 step  1800/4219  loss=0.0849  acc=0.9798  lr0=1.43e-05 lr1=7.15e-04
07:01:59 INFO   e2 step  1850/4219  loss=0.0845  acc=0.9799  lr0=1.42e-05 lr1=7.12e-04
07:02:08 INFO   e2 step  1900/4219  loss=0.0843  acc=0.9799  lr0=1.42e-05 lr1=7.08e-04
07:02:17 INFO   e2 step  1950/4219  loss=0.0835  acc=0.9801  lr0=1.41e-05 lr1=7.05e-04
07:02:25 INFO   e2 step  2000/4219  loss=0.0827  acc=0.9802  lr0=1.40e-05 lr1=7.02e-04
07:02:34 INFO   e2 step  2050/4219  loss=0.0816  acc=0.9805  lr0=1.40e-05 lr1=6.98e-04
07:02:43 INFO   e2 step  2100/4219  loss=0.0813  acc=0.9806  lr0=1.39e-05 lr1=6.95e-04
07:02:52 INFO   e2 step  2150/4219  loss=0.0810  acc=0.9806  lr0=1.38e-05 lr1=6.92e-04
07:03:00 INFO   e2 step  2200/4219  loss=0.0807  acc=0.9807  lr0=1.38e-05 lr1=6.88e-04
07:03:09 INFO   e2 step  2250/4219  loss=0.0808  acc=0.9807  lr0=1.37e-05 lr1=6.85e-04
07:03:18 INFO   e2 step  2300/4219  loss=0.0803  acc=0.9808  lr0=1.36e-05 lr1=6.82e-04
07:03:27 INFO   e2 step  2350/4219  loss=0.0799  acc=0.9810  lr0=1.36e-05 lr1=6.79e-04
07:03:36 INFO   e2 step  2400/4219  loss=0.0791  acc=0.9812  lr0=1.35e-05 lr1=6.75e-04
07:03:44 INFO   e2 step  2450/4219  loss=0.0781  acc=0.9814  lr0=1.34e-05 lr1=6.72e-04
07:03:53 INFO   e2 step  2500/4219  loss=0.0779  acc=0.9815  lr0=1.34e-05 lr1=6.69e-04
07:04:02 INFO   e2 step  2550/4219  loss=0.0787  acc=0.9814  lr0=1.33e-05 lr1=6.65e-04
07:04:11 INFO   e2 step  2600/4219  loss=0.0783  acc=0.9816  lr0=1.32e-05 lr1=6.62e-04
07:04:20 INFO   e2 step  2650/4219  loss=0.0779  acc=0.9816  lr0=1.32e-05 lr1=6.59e-04
07:04:28 INFO   e2 step  2700/4219  loss=0.0773  acc=0.9817  lr0=1.31e-05 lr1=6.56e-04
07:04:37 INFO   e2 step  2750/4219  loss=0.0764  acc=0.9819  lr0=1.30e-05 lr1=6.52e-04
07:04:46 INFO   e2 step  2800/4219  loss=0.0762  acc=0.9820  lr0=1.30e-05 lr1=6.49e-04
07:04:55 INFO   e2 step  2850/4219  loss=0.0757  acc=0.9821  lr0=1.29e-05 lr1=6.46e-04
07:05:04 INFO   e2 step  2900/4219  loss=0.0759  acc=0.9821  lr0=1.28e-05 lr1=6.42e-04
07:05:13 INFO   e2 step  2950/4219  loss=0.0757  acc=0.9821  lr0=1.28e-05 lr1=6.39e-04
07:05:21 INFO   e2 step  3000/4219  loss=0.0756  acc=0.9821  lr0=1.27e-05 lr1=6.36e-04
07:05:30 INFO   e2 step  3050/4219  loss=0.0751  acc=0.9823  lr0=1.26e-05 lr1=6.32e-04
07:05:39 INFO   e2 step  3100/4219  loss=0.0745  acc=0.9824  lr0=1.26e-05 lr1=6.29e-04
07:05:48 INFO   e2 step  3150/4219  loss=0.0740  acc=0.9825  lr0=1.25e-05 lr1=6.26e-04
07:05:57 INFO   e2 step  3200/4219  loss=0.0739  acc=0.9826  lr0=1.25e-05 lr1=6.23e-04
07:06:05 INFO   e2 step  3250/4219  loss=0.0733  acc=0.9827  lr0=1.24e-05 lr1=6.19e-04
07:06:14 INFO   e2 step  3300/4219  loss=0.0731  acc=0.9828  lr0=1.23e-05 lr1=6.16e-04
07:06:23 INFO   e2 step  3350/4219  loss=0.0726  acc=0.9829  lr0=1.23e-05 lr1=6.13e-04
07:06:32 INFO   e2 step  3400/4219  loss=0.0726  acc=0.9829  lr0=1.22e-05 lr1=6.09e-04
07:06:41 INFO   e2 step  3450/4219  loss=0.0722  acc=0.9830  lr0=1.21e-05 lr1=6.06e-04
07:06:50 INFO   e2 step  3500/4219  loss=0.0717  acc=0.9831  lr0=1.21e-05 lr1=6.03e-04
07:06:58 INFO   e2 step  3550/4219  loss=0.0714  acc=0.9832  lr0=1.20e-05 lr1=6.00e-04
07:07:07 INFO   e2 step  3600/4219  loss=0.0712  acc=0.9833  lr0=1.19e-05 lr1=5.96e-04
07:07:16 INFO   e2 step  3650/4219  loss=0.0709  acc=0.9834  lr0=1.19e-05 lr1=5.93e-04
07:07:25 INFO   e2 step  3700/4219  loss=0.0707  acc=0.9834  lr0=1.18e-05 lr1=5.90e-04
07:07:34 INFO   e2 step  3750/4219  loss=0.0705  acc=0.9834  lr0=1.17e-05 lr1=5.86e-04
07:07:42 INFO   e2 step  3800/4219  loss=0.0703  acc=0.9835  lr0=1.17e-05 lr1=5.83e-04
07:07:51 INFO   e2 step  3850/4219  loss=0.0698  acc=0.9836  lr0=1.16e-05 lr1=5.80e-04
07:08:00 INFO   e2 step  3900/4219  loss=0.0693  acc=0.9837  lr0=1.15e-05 lr1=5.77e-04
07:08:09 INFO   e2 step  3950/4219  loss=0.0690  acc=0.9838  lr0=1.15e-05 lr1=5.73e-04
07:08:18 INFO   e2 step  4000/4219  loss=0.0683  acc=0.9839  lr0=1.14e-05 lr1=5.70e-04
07:08:26 INFO   e2 step  4050/4219  loss=0.0682  acc=0.9840  lr0=1.13e-05 lr1=5.67e-04
07:08:35 INFO   e2 step  4100/4219  loss=0.0677  acc=0.9841  lr0=1.13e-05 lr1=5.63e-04
07:08:44 INFO   e2 step  4150/4219  loss=0.0674  acc=0.9842  lr0=1.12e-05 lr1=5.60e-04
07:08:53 INFO   e2 step  4200/4219  loss=0.0668  acc=0.9843  lr0=1.11e-05 lr1=5.57e-04
07:09:18 INFO [epoch 2] train_loss=0.0666 train_acc=0.9844  val_loss=0.3707 val_acc=0.9457 val_auc=0.9775  elapsed=764.6s
07:09:19 INFO   saved best.pt  val_acc=0.9457
07:09:29 INFO   e3 step    50/4219  loss=0.0233  acc=0.9950  lr0=1.10e-05 lr1=5.52e-04
07:09:38 INFO   e3 step   100/4219  loss=0.0217  acc=0.9956  lr0=1.10e-05 lr1=5.49e-04
07:09:46 INFO   e3 step   150/4219  loss=0.0188  acc=0.9967  lr0=1.09e-05 lr1=5.46e-04
07:09:55 INFO   e3 step   200/4219  loss=0.0192  acc=0.9966  lr0=1.08e-05 lr1=5.42e-04
07:10:04 INFO   e3 step   250/4219  loss=0.0201  acc=0.9965  lr0=1.08e-05 lr1=5.39e-04
07:10:13 INFO   e3 step   300/4219  loss=0.0210  acc=0.9965  lr0=1.07e-05 lr1=5.36e-04
07:10:22 INFO   e3 step   350/4219  loss=0.0284  acc=0.9950  lr0=1.06e-05 lr1=5.32e-04
07:10:30 INFO   e3 step   400/4219  loss=0.0289  acc=0.9948  lr0=1.06e-05 lr1=5.29e-04
07:10:39 INFO   e3 step   450/4219  loss=0.0283  acc=0.9949  lr0=1.05e-05 lr1=5.26e-04
07:10:48 INFO   e3 step   500/4219  loss=0.0290  acc=0.9944  lr0=1.05e-05 lr1=5.23e-04
07:10:57 INFO   e3 step   550/4219  loss=0.0270  acc=0.9948  lr0=1.04e-05 lr1=5.19e-04
07:11:06 INFO   e3 step   600/4219  loss=0.0269  acc=0.9946  lr0=1.03e-05 lr1=5.16e-04
07:11:14 INFO   e3 step   650/4219  loss=0.0270  acc=0.9943  lr0=1.03e-05 lr1=5.13e-04
07:11:23 INFO   e3 step   700/4219  loss=0.0258  acc=0.9946  lr0=1.02e-05 lr1=5.09e-04
07:11:32 INFO   e3 step   750/4219  loss=0.0259  acc=0.9946  lr0=1.01e-05 lr1=5.06e-04
07:11:41 INFO   e3 step   800/4219  loss=0.0252  acc=0.9947  lr0=1.01e-05 lr1=5.03e-04
07:11:50 INFO   e3 step   850/4219  loss=0.0258  acc=0.9946  lr0=9.99e-06 lr1=5.00e-04
07:11:58 INFO   e3 step   900/4219  loss=0.0264  acc=0.9945  lr0=9.93e-06 lr1=4.96e-04
07:12:07 INFO   e3 step   950/4219  loss=0.0268  acc=0.9945  lr0=9.86e-06 lr1=4.93e-04
07:12:16 INFO   e3 step  1000/4219  loss=0.0267  acc=0.9946  lr0=9.79e-06 lr1=4.90e-04
07:12:25 INFO   e3 step  1050/4219  loss=0.0263  acc=0.9945  lr0=9.73e-06 lr1=4.86e-04
07:12:34 INFO   e3 step  1100/4219  loss=0.0267  acc=0.9945  lr0=9.66e-06 lr1=4.83e-04
07:12:42 INFO   e3 step  1150/4219  loss=0.0266  acc=0.9946  lr0=9.60e-06 lr1=4.80e-04
07:12:51 INFO   e3 step  1200/4219  loss=0.0263  acc=0.9947  lr0=9.53e-06 lr1=4.77e-04
07:13:00 INFO   e3 step  1250/4219  loss=0.0268  acc=0.9946  lr0=9.46e-06 lr1=4.73e-04
07:13:09 INFO   e3 step  1300/4219  loss=0.0261  acc=0.9947  lr0=9.40e-06 lr1=4.70e-04
07:13:18 INFO   e3 step  1350/4219  loss=0.0261  acc=0.9947  lr0=9.33e-06 lr1=4.67e-04
07:13:26 INFO   e3 step  1400/4219  loss=0.0260  acc=0.9947  lr0=9.27e-06 lr1=4.63e-04
07:13:35 INFO   e3 step  1450/4219  loss=0.0258  acc=0.9947  lr0=9.20e-06 lr1=4.60e-04
07:13:44 INFO   e3 step  1500/4219  loss=0.0261  acc=0.9947  lr0=9.14e-06 lr1=4.57e-04
07:13:53 INFO   e3 step  1550/4219  loss=0.0263  acc=0.9946  lr0=9.07e-06 lr1=4.53e-04
07:14:02 INFO   e3 step  1600/4219  loss=0.0257  acc=0.9947  lr0=9.00e-06 lr1=4.50e-04
07:14:11 INFO   e3 step  1650/4219  loss=0.0253  acc=0.9948  lr0=8.94e-06 lr1=4.47e-04
07:14:19 INFO   e3 step  1700/4219  loss=0.0252  acc=0.9948  lr0=8.87e-06 lr1=4.44e-04
07:14:28 INFO   e3 step  1750/4219  loss=0.0248  acc=0.9949  lr0=8.81e-06 lr1=4.40e-04
07:14:37 INFO   e3 step  1800/4219  loss=0.0243  acc=0.9950  lr0=8.74e-06 lr1=4.37e-04
07:14:46 INFO   e3 step  1850/4219  loss=0.0239  acc=0.9950  lr0=8.67e-06 lr1=4.34e-04
07:14:55 INFO   e3 step  1900/4219  loss=0.0239  acc=0.9951  lr0=8.61e-06 lr1=4.30e-04
07:15:04 INFO   e3 step  1950/4219  loss=0.0238  acc=0.9951  lr0=8.54e-06 lr1=4.27e-04
07:15:12 INFO   e3 step  2000/4219  loss=0.0237  acc=0.9950  lr0=8.48e-06 lr1=4.24e-04
07:15:21 INFO   e3 step  2050/4219  loss=0.0236  acc=0.9951  lr0=8.41e-06 lr1=4.21e-04
07:15:30 INFO   e3 step  2100/4219  loss=0.0238  acc=0.9950  lr0=8.35e-06 lr1=4.17e-04
07:15:39 INFO   e3 step  2150/4219  loss=0.0237  acc=0.9950  lr0=8.28e-06 lr1=4.14e-04
07:15:48 INFO   e3 step  2200/4219  loss=0.0234  acc=0.9951  lr0=8.21e-06 lr1=4.11e-04
07:15:56 INFO   e3 step  2250/4219  loss=0.0240  acc=0.9950  lr0=8.15e-06 lr1=4.07e-04
07:16:05 INFO   e3 step  2300/4219  loss=0.0244  acc=0.9949  lr0=8.08e-06 lr1=4.04e-04
07:16:14 INFO   e3 step  2350/4219  loss=0.0242  acc=0.9950  lr0=8.02e-06 lr1=4.01e-04
07:16:23 INFO   e3 step  2400/4219  loss=0.0240  acc=0.9951  lr0=7.95e-06 lr1=3.98e-04
07:16:32 INFO   e3 step  2450/4219  loss=0.0239  acc=0.9950  lr0=7.88e-06 lr1=3.94e-04
07:16:40 INFO   e3 step  2500/4219  loss=0.0239  acc=0.9950  lr0=7.82e-06 lr1=3.91e-04
07:16:49 INFO   e3 step  2550/4219  loss=0.0241  acc=0.9950  lr0=7.75e-06 lr1=3.88e-04
07:16:58 INFO   e3 step  2600/4219  loss=0.0239  acc=0.9950  lr0=7.69e-06 lr1=3.84e-04
07:17:07 INFO   e3 step  2650/4219  loss=0.0238  acc=0.9951  lr0=7.62e-06 lr1=3.81e-04
07:17:16 INFO   e3 step  2700/4219  loss=0.0236  acc=0.9951  lr0=7.56e-06 lr1=3.78e-04
07:17:24 INFO   e3 step  2750/4219  loss=0.0234  acc=0.9952  lr0=7.49e-06 lr1=3.74e-04
07:17:33 INFO   e3 step  2800/4219  loss=0.0241  acc=0.9951  lr0=7.42e-06 lr1=3.71e-04
07:17:42 INFO   e3 step  2850/4219  loss=0.0243  acc=0.9950  lr0=7.36e-06 lr1=3.68e-04
07:17:51 INFO   e3 step  2900/4219  loss=0.0240  acc=0.9951  lr0=7.29e-06 lr1=3.65e-04
07:18:00 INFO   e3 step  2950/4219  loss=0.0238  acc=0.9951  lr0=7.23e-06 lr1=3.61e-04
07:18:09 INFO   e3 step  3000/4219  loss=0.0236  acc=0.9952  lr0=7.16e-06 lr1=3.58e-04
07:18:18 INFO   e3 step  3050/4219  loss=0.0234  acc=0.9952  lr0=7.09e-06 lr1=3.55e-04
07:18:26 INFO   e3 step  3100/4219  loss=0.0234  acc=0.9952  lr0=7.03e-06 lr1=3.51e-04
07:18:35 INFO   e3 step  3150/4219  loss=0.0230  acc=0.9953  lr0=6.96e-06 lr1=3.48e-04
07:18:44 INFO   e3 step  3200/4219  loss=0.0229  acc=0.9954  lr0=6.90e-06 lr1=3.45e-04
07:18:53 INFO   e3 step  3250/4219  loss=0.0228  acc=0.9953  lr0=6.83e-06 lr1=3.42e-04
07:19:02 INFO   e3 step  3300/4219  loss=0.0227  acc=0.9954  lr0=6.77e-06 lr1=3.38e-04
07:19:10 INFO   e3 step  3350/4219  loss=0.0225  acc=0.9954  lr0=6.70e-06 lr1=3.35e-04
07:19:19 INFO   e3 step  3400/4219  loss=0.0224  acc=0.9955  lr0=6.63e-06 lr1=3.32e-04
07:19:28 INFO   e3 step  3450/4219  loss=0.0224  acc=0.9955  lr0=6.57e-06 lr1=3.28e-04
07:19:37 INFO   e3 step  3500/4219  loss=0.0222  acc=0.9955  lr0=6.50e-06 lr1=3.25e-04
07:19:46 INFO   e3 step  3550/4219  loss=0.0221  acc=0.9955  lr0=6.44e-06 lr1=3.22e-04
07:19:54 INFO   e3 step  3600/4219  loss=0.0222  acc=0.9955  lr0=6.37e-06 lr1=3.19e-04
07:20:03 INFO   e3 step  3650/4219  loss=0.0224  acc=0.9955  lr0=6.30e-06 lr1=3.15e-04
07:20:12 INFO   e3 step  3700/4219  loss=0.0221  acc=0.9955  lr0=6.24e-06 lr1=3.12e-04
07:20:21 INFO   e3 step  3750/4219  loss=0.0220  acc=0.9955  lr0=6.17e-06 lr1=3.09e-04
07:20:30 INFO   e3 step  3800/4219  loss=0.0221  acc=0.9955  lr0=6.11e-06 lr1=3.05e-04
07:20:38 INFO   e3 step  3850/4219  loss=0.0219  acc=0.9955  lr0=6.04e-06 lr1=3.02e-04
07:20:47 INFO   e3 step  3900/4219  loss=0.0219  acc=0.9955  lr0=5.98e-06 lr1=2.99e-04
07:20:56 INFO   e3 step  3950/4219  loss=0.0218  acc=0.9956  lr0=5.91e-06 lr1=2.95e-04
07:21:05 INFO   e3 step  4000/4219  loss=0.0217  acc=0.9956  lr0=5.84e-06 lr1=2.92e-04
07:21:14 INFO   e3 step  4050/4219  loss=0.0217  acc=0.9956  lr0=5.78e-06 lr1=2.89e-04
07:21:23 INFO   e3 step  4100/4219  loss=0.0215  acc=0.9956  lr0=5.71e-06 lr1=2.86e-04
07:21:31 INFO   e3 step  4150/4219  loss=0.0212  acc=0.9957  lr0=5.65e-06 lr1=2.82e-04
07:21:40 INFO   e3 step  4200/4219  loss=0.0210  acc=0.9957  lr0=5.58e-06 lr1=2.79e-04
07:22:05 INFO [epoch 3] train_loss=0.0209 train_acc=0.9957  val_loss=0.3781 val_acc=0.9538 val_auc=0.9710  elapsed=765.6s
07:22:07 INFO   saved best.pt  val_acc=0.9538
07:22:16 INFO   e4 step    50/4219  loss=0.0003  acc=1.0000  lr0=5.49e-06 lr1=2.74e-04
07:22:25 INFO   e4 step   100/4219  loss=0.0002  acc=1.0000  lr0=5.42e-06 lr1=2.71e-04
07:22:34 INFO   e4 step   150/4219  loss=0.0119  acc=0.9983  lr0=5.36e-06 lr1=2.68e-04
07:22:43 INFO   e4 step   200/4219  loss=0.0176  acc=0.9975  lr0=5.29e-06 lr1=2.65e-04
07:22:51 INFO   e4 step   250/4219  loss=0.0160  acc=0.9975  lr0=5.23e-06 lr1=2.61e-04
07:23:00 INFO   e4 step   300/4219  loss=0.0163  acc=0.9975  lr0=5.16e-06 lr1=2.58e-04
07:23:09 INFO   e4 step   350/4219  loss=0.0148  acc=0.9975  lr0=5.09e-06 lr1=2.55e-04
07:23:18 INFO   e4 step   400/4219  loss=0.0151  acc=0.9973  lr0=5.03e-06 lr1=2.51e-04
07:23:27 INFO   e4 step   450/4219  loss=0.0145  acc=0.9975  lr0=4.96e-06 lr1=2.48e-04
07:23:35 INFO   e4 step   500/4219  loss=0.0149  acc=0.9975  lr0=4.90e-06 lr1=2.45e-04
07:23:44 INFO   e4 step   550/4219  loss=0.0149  acc=0.9974  lr0=4.83e-06 lr1=2.42e-04
07:23:53 INFO   e4 step   600/4219  loss=0.0137  acc=0.9976  lr0=4.77e-06 lr1=2.38e-04
07:24:02 INFO   e4 step   650/4219  loss=0.0137  acc=0.9976  lr0=4.70e-06 lr1=2.35e-04
07:24:11 INFO   e4 step   700/4219  loss=0.0135  acc=0.9977  lr0=4.63e-06 lr1=2.32e-04
07:24:19 INFO   e4 step   750/4219  loss=0.0131  acc=0.9978  lr0=4.57e-06 lr1=2.28e-04
07:24:28 INFO   e4 step   800/4219  loss=0.0130  acc=0.9977  lr0=4.50e-06 lr1=2.25e-04
07:24:37 INFO   e4 step   850/4219  loss=0.0127  acc=0.9977  lr0=4.44e-06 lr1=2.22e-04
07:24:46 INFO   e4 step   900/4219  loss=0.0120  acc=0.9978  lr0=4.37e-06 lr1=2.19e-04
07:24:55 INFO   e4 step   950/4219  loss=0.0129  acc=0.9978  lr0=4.30e-06 lr1=2.15e-04
07:25:04 INFO   e4 step  1000/4219  loss=0.0127  acc=0.9978  lr0=4.24e-06 lr1=2.12e-04
07:25:12 INFO   e4 step  1050/4219  loss=0.0121  acc=0.9979  lr0=4.17e-06 lr1=2.09e-04
07:25:21 INFO   e4 step  1100/4219  loss=0.0121  acc=0.9978  lr0=4.11e-06 lr1=2.05e-04
07:25:30 INFO   e4 step  1150/4219  loss=0.0116  acc=0.9979  lr0=4.04e-06 lr1=2.02e-04
07:25:39 INFO   e4 step  1200/4219  loss=0.0114  acc=0.9980  lr0=3.98e-06 lr1=1.99e-04
07:25:48 INFO   e4 step  1250/4219  loss=0.0110  acc=0.9980  lr0=3.91e-06 lr1=1.95e-04
07:25:56 INFO   e4 step  1300/4219  loss=0.0110  acc=0.9981  lr0=3.84e-06 lr1=1.92e-04
07:26:05 INFO   e4 step  1350/4219  loss=0.0111  acc=0.9981  lr0=3.78e-06 lr1=1.89e-04
07:26:14 INFO   e4 step  1400/4219  loss=0.0107  acc=0.9981  lr0=3.71e-06 lr1=1.86e-04
07:26:23 INFO   e4 step  1450/4219  loss=0.0112  acc=0.9980  lr0=3.65e-06 lr1=1.82e-04
07:26:32 INFO   e4 step  1500/4219  loss=0.0113  acc=0.9980  lr0=3.58e-06 lr1=1.79e-04
07:26:40 INFO   e4 step  1550/4219  loss=0.0109  acc=0.9981  lr0=3.51e-06 lr1=1.76e-04
07:26:49 INFO   e4 step  1600/4219  loss=0.0106  acc=0.9982  lr0=3.45e-06 lr1=1.72e-04
07:26:58 INFO   e4 step  1650/4219  loss=0.0103  acc=0.9982  lr0=3.38e-06 lr1=1.69e-04
07:27:07 INFO   e4 step  1700/4219  loss=0.0101  acc=0.9982  lr0=3.32e-06 lr1=1.66e-04
07:27:16 INFO   e4 step  1750/4219  loss=0.0101  acc=0.9982  lr0=3.25e-06 lr1=1.63e-04
07:27:25 INFO   e4 step  1800/4219  loss=0.0101  acc=0.9982  lr0=3.19e-06 lr1=1.59e-04
07:27:33 INFO   e4 step  1850/4219  loss=0.0098  acc=0.9983  lr0=3.12e-06 lr1=1.56e-04
07:27:42 INFO   e4 step  1900/4219  loss=0.0095  acc=0.9983  lr0=3.05e-06 lr1=1.53e-04
07:27:51 INFO   e4 step  1950/4219  loss=0.0093  acc=0.9983  lr0=2.99e-06 lr1=1.49e-04
07:28:00 INFO   e4 step  2000/4219  loss=0.0092  acc=0.9983  lr0=2.92e-06 lr1=1.46e-04
07:28:09 INFO   e4 step  2050/4219  loss=0.0091  acc=0.9983  lr0=2.86e-06 lr1=1.43e-04
07:28:17 INFO   e4 step  2100/4219  loss=0.0089  acc=0.9984  lr0=2.79e-06 lr1=1.40e-04
07:28:26 INFO   e4 step  2150/4219  loss=0.0087  acc=0.9984  lr0=2.72e-06 lr1=1.36e-04
07:28:35 INFO   e4 step  2200/4219  loss=0.0085  acc=0.9984  lr0=2.66e-06 lr1=1.33e-04
07:28:44 INFO   e4 step  2250/4219  loss=0.0083  acc=0.9985  lr0=2.59e-06 lr1=1.30e-04
07:28:53 INFO   e4 step  2300/4219  loss=0.0084  acc=0.9985  lr0=2.53e-06 lr1=1.26e-04
07:29:01 INFO   e4 step  2350/4219  loss=0.0086  acc=0.9984  lr0=2.46e-06 lr1=1.23e-04
07:29:10 INFO   e4 step  2400/4219  loss=0.0084  acc=0.9985  lr0=2.40e-06 lr1=1.20e-04
07:29:19 INFO   e4 step  2450/4219  loss=0.0085  acc=0.9984  lr0=2.33e-06 lr1=1.16e-04
07:29:28 INFO   e4 step  2500/4219  loss=0.0086  acc=0.9984  lr0=2.26e-06 lr1=1.13e-04
07:29:37 INFO   e4 step  2550/4219  loss=0.0084  acc=0.9985  lr0=2.20e-06 lr1=1.10e-04
07:29:45 INFO   e4 step  2600/4219  loss=0.0083  acc=0.9985  lr0=2.13e-06 lr1=1.07e-04
07:29:54 INFO   e4 step  2650/4219  loss=0.0083  acc=0.9985  lr0=2.07e-06 lr1=1.03e-04
07:30:03 INFO   e4 step  2700/4219  loss=0.0081  acc=0.9985  lr0=2.00e-06 lr1=1.00e-04
07:30:12 INFO   e4 step  2750/4219  loss=0.0081  acc=0.9985  lr0=1.93e-06 lr1=9.67e-05
07:30:21 INFO   e4 step  2800/4219  loss=0.0080  acc=0.9985  lr0=1.87e-06 lr1=9.34e-05
07:30:29 INFO   e4 step  2850/4219  loss=0.0084  acc=0.9984  lr0=1.80e-06 lr1=9.01e-05
07:30:38 INFO   e4 step  2900/4219  loss=0.0083  acc=0.9985  lr0=1.74e-06 lr1=8.68e-05
07:30:47 INFO   e4 step  2950/4219  loss=0.0082  acc=0.9985  lr0=1.67e-06 lr1=8.35e-05
07:30:56 INFO   e4 step  3000/4219  loss=0.0080  acc=0.9985  lr0=1.61e-06 lr1=8.03e-05
07:31:05 INFO   e4 step  3050/4219  loss=0.0079  acc=0.9985  lr0=1.54e-06 lr1=7.70e-05
07:31:14 INFO   e4 step  3100/4219  loss=0.0078  acc=0.9985  lr0=1.47e-06 lr1=7.37e-05
07:31:22 INFO   e4 step  3150/4219  loss=0.0079  acc=0.9985  lr0=1.41e-06 lr1=7.04e-05
07:31:31 INFO   e4 step  3200/4219  loss=0.0079  acc=0.9985  lr0=1.34e-06 lr1=6.71e-05
07:31:40 INFO   e4 step  3250/4219  loss=0.0078  acc=0.9986  lr0=1.28e-06 lr1=6.38e-05
07:31:49 INFO   e4 step  3300/4219  loss=0.0076  acc=0.9986  lr0=1.21e-06 lr1=6.05e-05
07:31:58 INFO   e4 step  3350/4219  loss=0.0075  acc=0.9986  lr0=1.14e-06 lr1=5.72e-05
07:32:06 INFO   e4 step  3400/4219  loss=0.0074  acc=0.9986  lr0=1.08e-06 lr1=5.39e-05
07:32:15 INFO   e4 step  3450/4219  loss=0.0073  acc=0.9986  lr0=1.01e-06 lr1=5.06e-05
07:32:24 INFO   e4 step  3500/4219  loss=0.0072  acc=0.9987  lr0=9.47e-07 lr1=4.73e-05
07:32:33 INFO   e4 step  3550/4219  loss=0.0072  acc=0.9987  lr0=8.81e-07 lr1=4.40e-05
07:32:42 INFO   e4 step  3600/4219  loss=0.0073  acc=0.9987  lr0=8.15e-07 lr1=4.08e-05
07:32:50 INFO   e4 step  3650/4219  loss=0.0073  acc=0.9987  lr0=7.49e-07 lr1=3.75e-05
07:32:59 INFO   e4 step  3700/4219  loss=0.0073  acc=0.9987  lr0=6.83e-07 lr1=3.42e-05
07:33:08 INFO   e4 step  3750/4219  loss=0.0072  acc=0.9987  lr0=6.18e-07 lr1=3.09e-05
07:33:17 INFO   e4 step  3800/4219  loss=0.0071  acc=0.9987  lr0=5.52e-07 lr1=2.76e-05
07:33:26 INFO   e4 step  3850/4219  loss=0.0071  acc=0.9987  lr0=4.86e-07 lr1=2.43e-05
07:33:34 INFO   e4 step  3900/4219  loss=0.0070  acc=0.9987  lr0=4.20e-07 lr1=2.10e-05
07:33:43 INFO   e4 step  3950/4219  loss=0.0070  acc=0.9987  lr0=3.54e-07 lr1=1.77e-05
07:33:52 INFO   e4 step  4000/4219  loss=0.0071  acc=0.9987  lr0=2.88e-07 lr1=1.44e-05
07:34:01 INFO   e4 step  4050/4219  loss=0.0072  acc=0.9987  lr0=2.23e-07 lr1=1.11e-05
07:34:10 INFO   e4 step  4100/4219  loss=0.0072  acc=0.9987  lr0=1.57e-07 lr1=7.83e-06
07:34:18 INFO   e4 step  4150/4219  loss=0.0071  acc=0.9987  lr0=9.09e-08 lr1=4.54e-06
07:34:27 INFO   e4 step  4200/4219  loss=0.0071  acc=0.9987  lr0=2.50e-08 lr1=1.25e-06
07:34:53 INFO [epoch 4] train_loss=0.0071 train_acc=0.9987  val_loss=0.3409 val_acc=0.9565 val_auc=0.9789  elapsed=765.7s
07:34:55 INFO   saved best.pt  val_acc=0.9565
07:34:57 INFO loading best.pt for test eval
07:35:19 INFO [test] loss=0.8312  acc=0.9126  auc=0.9432  f1=0.9138
07:35:19 INFO [done] run_summary.json written to /mnt/localssd/crossencoder_sweep/runs/aep_dataset/bge-large-en-v1.5
