12:38:57 INFO run_dir=/mnt/localssd/baseline_sweep/runs/aep_causal_cls34/deberta-v3-large
12:38:57 INFO device=cuda:0  bf16=False  physical_gpu=0  CUDA_VISIBLE_DEVICES=0
12:38:57 INFO dataset=aep_causal_cls34  model=deberta-v3-large  backbone=microsoft/deberta-v3-large
12:38:57 INFO tokenizer <- microsoft/deberta-v3-large
Warning: You are sending unauthenticated requests to the HF Hub. Please set a HF_TOKEN to enable higher rate limits and faster downloads.
12:38:58 INFO split files: ['directional_train.jsonl', 'directional_val.jsonl', 'directional_test.jsonl']
12:38:58 INFO scanning max token length across all splits ...
12:39:52 INFO   observed_max=483 -> max_seq_len=510 (cap=512, scan=54.4s)
12:39:52 INFO loading datasets ...
12:39:53 INFO   schema=standard  train=110775  val=6004  test=6004
12:39:53 INFO building DirectionalClassifier  backbone=microsoft/deberta-v3-large  head=MLP(4d->512->128->1, act=gelu, norm=layer, dropout=0.1)  n_tiers=0
Loading weights:   0%|          | 0/390 [00:00<?, ?it/s]Loading weights: 100%|██████████| 390/390 [00:00<00:00, 26967.68it/s]
[transformers] [1mDebertaV2Model LOAD REPORT[0m from: microsoft/deberta-v3-large
Key                                     | Status     |  | 
----------------------------------------+------------+--+-
mask_predictions.classifier.weight      | UNEXPECTED |  | 
mask_predictions.LayerNorm.bias         | UNEXPECTED |  | 
lm_predictions.lm_head.bias             | UNEXPECTED |  | 
mask_predictions.classifier.bias        | UNEXPECTED |  | 
lm_predictions.lm_head.dense.bias       | UNEXPECTED |  | 
lm_predictions.lm_head.LayerNorm.weight | UNEXPECTED |  | 
mask_predictions.dense.bias             | UNEXPECTED |  | 
mask_predictions.dense.weight           | UNEXPECTED |  | 
lm_predictions.lm_head.dense.weight     | UNEXPECTED |  | 
mask_predictions.LayerNorm.weight       | UNEXPECTED |  | 
lm_predictions.lm_head.LayerNorm.bias   | UNEXPECTED |  | 

Notes:
- UNEXPECTED:	can be ignored when loading from different task/architecture; not ok if you expect identical arch.
Loading weights:   0%|          | 0/390 [00:00<?, ?it/s]Loading weights: 100%|██████████| 390/390 [00:00<00:00, 31104.37it/s]
[transformers] [1mDebertaV2Model LOAD REPORT[0m from: microsoft/deberta-v3-large
Key                                     | Status     |  | 
----------------------------------------+------------+--+-
mask_predictions.classifier.weight      | UNEXPECTED |  | 
mask_predictions.LayerNorm.bias         | UNEXPECTED |  | 
lm_predictions.lm_head.bias             | UNEXPECTED |  | 
mask_predictions.classifier.bias        | UNEXPECTED |  | 
lm_predictions.lm_head.dense.bias       | UNEXPECTED |  | 
lm_predictions.lm_head.LayerNorm.weight | UNEXPECTED |  | 
mask_predictions.dense.bias             | UNEXPECTED |  | 
mask_predictions.dense.weight           | UNEXPECTED |  | 
lm_predictions.lm_head.dense.weight     | UNEXPECTED |  | 
mask_predictions.LayerNorm.weight       | UNEXPECTED |  | 
lm_predictions.lm_head.LayerNorm.bias   | UNEXPECTED |  | 

Notes:
- UNEXPECTED:	can be ignored when loading from different task/architecture; not ok if you expect identical arch.
12:39:59 INFO   hidden_size=1024  trainable_params=870,197,249
12:39:59 INFO   total_steps=55388  warmup_steps=5538
12:40:30 INFO   e1 step    50/13847  loss=0.8837  acc=0.4800  lr0=1.81e-07 lr1=9.03e-06
12:40:57 INFO   e1 step   100/13847  loss=0.8211  acc=0.5175  lr0=3.61e-07 lr1=1.81e-05
12:41:27 INFO   e1 step   150/13847  loss=0.8076  acc=0.5225  lr0=5.42e-07 lr1=2.71e-05
12:41:54 INFO   e1 step   200/13847  loss=0.7955  acc=0.5225  lr0=7.22e-07 lr1=3.61e-05
12:42:23 INFO   e1 step   250/13847  loss=0.7750  acc=0.5335  lr0=9.03e-07 lr1=4.51e-05
12:42:51 INFO   e1 step   300/13847  loss=0.7646  acc=0.5367  lr0=1.08e-06 lr1=5.42e-05
12:43:19 INFO   e1 step   350/13847  loss=0.7560  acc=0.5396  lr0=1.26e-06 lr1=6.32e-05
12:43:47 INFO   e1 step   400/13847  loss=0.7484  acc=0.5444  lr0=1.44e-06 lr1=7.22e-05
12:44:16 INFO   e1 step   450/13847  loss=0.7421  acc=0.5483  lr0=1.63e-06 lr1=8.13e-05
12:44:43 INFO   e1 step   500/13847  loss=0.7348  acc=0.5560  lr0=1.81e-06 lr1=9.03e-05
12:45:11 INFO   e1 step   550/13847  loss=0.7255  acc=0.5618  lr0=1.99e-06 lr1=9.93e-05
12:45:39 INFO   e1 step   600/13847  loss=0.7175  acc=0.5694  lr0=2.17e-06 lr1=1.08e-04
12:46:07 INFO   e1 step   650/13847  loss=0.7118  acc=0.5754  lr0=2.35e-06 lr1=1.17e-04
12:46:34 INFO   e1 step   700/13847  loss=0.6994  acc=0.5850  lr0=2.53e-06 lr1=1.26e-04
12:47:02 INFO   e1 step   750/13847  loss=0.6847  acc=0.5987  lr0=2.71e-06 lr1=1.35e-04
12:47:30 INFO   e1 step   800/13847  loss=0.6737  acc=0.6091  lr0=2.89e-06 lr1=1.44e-04
12:47:58 INFO   e1 step   850/13847  loss=0.6632  acc=0.6185  lr0=3.07e-06 lr1=1.53e-04
12:48:26 INFO   e1 step   900/13847  loss=0.6519  acc=0.6278  lr0=3.25e-06 lr1=1.63e-04
12:48:54 INFO   e1 step   950/13847  loss=0.6426  acc=0.6350  lr0=3.43e-06 lr1=1.72e-04
12:49:22 INFO   e1 step  1000/13847  loss=0.6309  acc=0.6446  lr0=3.61e-06 lr1=1.81e-04
12:49:50 INFO   e1 step  1050/13847  loss=0.6223  acc=0.6523  lr0=3.79e-06 lr1=1.90e-04
12:50:18 INFO   e1 step  1100/13847  loss=0.6133  acc=0.6592  lr0=3.97e-06 lr1=1.99e-04
12:50:46 INFO   e1 step  1150/13847  loss=0.6022  acc=0.6673  lr0=4.15e-06 lr1=2.08e-04
12:51:14 INFO   e1 step  1200/13847  loss=0.5966  acc=0.6734  lr0=4.33e-06 lr1=2.17e-04
12:51:41 INFO   e1 step  1250/13847  loss=0.5969  acc=0.6788  lr0=4.51e-06 lr1=2.26e-04
12:52:10 INFO   e1 step  1300/13847  loss=0.5891  acc=0.6846  lr0=4.69e-06 lr1=2.35e-04
12:52:37 INFO   e1 step  1350/13847  loss=0.5804  acc=0.6912  lr0=4.88e-06 lr1=2.44e-04
12:53:05 INFO   e1 step  1400/13847  loss=0.5749  acc=0.6963  lr0=5.06e-06 lr1=2.53e-04
12:53:32 INFO   e1 step  1450/13847  loss=0.5689  acc=0.7002  lr0=5.24e-06 lr1=2.62e-04
12:54:00 INFO   e1 step  1500/13847  loss=0.5621  acc=0.7047  lr0=5.42e-06 lr1=2.71e-04
12:54:29 INFO   e1 step  1550/13847  loss=0.5553  acc=0.7102  lr0=5.60e-06 lr1=2.80e-04
12:54:57 INFO   e1 step  1600/13847  loss=0.5512  acc=0.7136  lr0=5.78e-06 lr1=2.89e-04
12:55:26 INFO   e1 step  1650/13847  loss=0.5458  acc=0.7179  lr0=5.96e-06 lr1=2.98e-04
12:55:54 INFO   e1 step  1700/13847  loss=0.5399  acc=0.7224  lr0=6.14e-06 lr1=3.07e-04
12:56:21 INFO   e1 step  1750/13847  loss=0.5348  acc=0.7266  lr0=6.32e-06 lr1=3.16e-04
12:56:50 INFO   e1 step  1800/13847  loss=0.5284  acc=0.7309  lr0=6.50e-06 lr1=3.25e-04
12:57:18 INFO   e1 step  1850/13847  loss=0.5281  acc=0.7328  lr0=6.68e-06 lr1=3.34e-04
12:57:45 INFO   e1 step  1900/13847  loss=0.5224  acc=0.7364  lr0=6.86e-06 lr1=3.43e-04
12:58:14 INFO   e1 step  1950/13847  loss=0.5192  acc=0.7395  lr0=7.04e-06 lr1=3.52e-04
12:58:42 INFO   e1 step  2000/13847  loss=0.5148  acc=0.7428  lr0=7.22e-06 lr1=3.61e-04
12:59:10 INFO   e1 step  2050/13847  loss=0.5108  acc=0.7466  lr0=7.40e-06 lr1=3.70e-04
12:59:38 INFO   e1 step  2100/13847  loss=0.5071  acc=0.7495  lr0=7.58e-06 lr1=3.79e-04
13:00:06 INFO   e1 step  2150/13847  loss=0.5031  acc=0.7522  lr0=7.76e-06 lr1=3.88e-04
13:00:33 INFO   e1 step  2200/13847  loss=0.5006  acc=0.7544  lr0=7.95e-06 lr1=3.97e-04
13:01:01 INFO   e1 step  2250/13847  loss=0.4974  acc=0.7571  lr0=8.13e-06 lr1=4.06e-04
13:01:29 INFO   e1 step  2300/13847  loss=0.4937  acc=0.7591  lr0=8.31e-06 lr1=4.15e-04
13:01:58 INFO   e1 step  2350/13847  loss=0.4918  acc=0.7614  lr0=8.49e-06 lr1=4.24e-04
13:02:26 INFO   e1 step  2400/13847  loss=0.4874  acc=0.7644  lr0=8.67e-06 lr1=4.33e-04
13:02:55 INFO   e1 step  2450/13847  loss=0.4850  acc=0.7666  lr0=8.85e-06 lr1=4.42e-04
13:03:23 INFO   e1 step  2500/13847  loss=0.4814  acc=0.7689  lr0=9.03e-06 lr1=4.51e-04
13:03:50 INFO   e1 step  2550/13847  loss=0.4777  acc=0.7712  lr0=9.21e-06 lr1=4.60e-04
13:04:17 INFO   e1 step  2600/13847  loss=0.4757  acc=0.7731  lr0=9.39e-06 lr1=4.69e-04
13:04:44 INFO   e1 step  2650/13847  loss=0.4722  acc=0.7751  lr0=9.57e-06 lr1=4.79e-04
13:05:12 INFO   e1 step  2700/13847  loss=0.4704  acc=0.7769  lr0=9.75e-06 lr1=4.88e-04
13:05:41 INFO   e1 step  2750/13847  loss=0.4684  acc=0.7782  lr0=9.93e-06 lr1=4.97e-04
13:06:09 INFO   e1 step  2800/13847  loss=0.4657  acc=0.7797  lr0=1.01e-05 lr1=5.06e-04
13:06:37 INFO   e1 step  2850/13847  loss=0.4625  acc=0.7816  lr0=1.03e-05 lr1=5.15e-04
13:07:05 INFO   e1 step  2900/13847  loss=0.4601  acc=0.7832  lr0=1.05e-05 lr1=5.24e-04
13:07:33 INFO   e1 step  2950/13847  loss=0.4573  acc=0.7849  lr0=1.07e-05 lr1=5.33e-04
13:08:01 INFO   e1 step  3000/13847  loss=0.4557  acc=0.7861  lr0=1.08e-05 lr1=5.42e-04
13:08:28 INFO   e1 step  3050/13847  loss=0.4518  acc=0.7884  lr0=1.10e-05 lr1=5.51e-04
13:08:56 INFO   e1 step  3100/13847  loss=0.4498  acc=0.7900  lr0=1.12e-05 lr1=5.60e-04
13:09:24 INFO   e1 step  3150/13847  loss=0.4480  acc=0.7917  lr0=1.14e-05 lr1=5.69e-04
13:09:52 INFO   e1 step  3200/13847  loss=0.4459  acc=0.7933  lr0=1.16e-05 lr1=5.78e-04
13:10:20 INFO   e1 step  3250/13847  loss=0.4443  acc=0.7945  lr0=1.17e-05 lr1=5.87e-04
13:10:48 INFO   e1 step  3300/13847  loss=0.4421  acc=0.7962  lr0=1.19e-05 lr1=5.96e-04
13:11:15 INFO   e1 step  3350/13847  loss=0.4391  acc=0.7978  lr0=1.21e-05 lr1=6.05e-04
13:11:43 INFO   e1 step  3400/13847  loss=0.4367  acc=0.7993  lr0=1.23e-05 lr1=6.14e-04
13:12:12 INFO   e1 step  3450/13847  loss=0.4342  acc=0.8011  lr0=1.25e-05 lr1=6.23e-04
13:12:40 INFO   e1 step  3500/13847  loss=0.4332  acc=0.8024  lr0=1.26e-05 lr1=6.32e-04
13:13:08 INFO   e1 step  3550/13847  loss=0.4314  acc=0.8037  lr0=1.28e-05 lr1=6.41e-04
13:13:38 INFO   e1 step  3600/13847  loss=0.4308  acc=0.8046  lr0=1.30e-05 lr1=6.50e-04
13:14:06 INFO   e1 step  3650/13847  loss=0.4299  acc=0.8054  lr0=1.32e-05 lr1=6.59e-04
13:14:35 INFO   e1 step  3700/13847  loss=0.4277  acc=0.8067  lr0=1.34e-05 lr1=6.68e-04
13:15:04 INFO   e1 step  3750/13847  loss=0.4262  acc=0.8078  lr0=1.35e-05 lr1=6.77e-04
13:15:32 INFO   e1 step  3800/13847  loss=0.4249  acc=0.8088  lr0=1.37e-05 lr1=6.86e-04
13:16:00 INFO   e1 step  3850/13847  loss=0.4221  acc=0.8102  lr0=1.39e-05 lr1=6.95e-04
13:16:28 INFO   e1 step  3900/13847  loss=0.4207  acc=0.8116  lr0=1.41e-05 lr1=7.04e-04
13:16:56 INFO   e1 step  3950/13847  loss=0.4201  acc=0.8124  lr0=1.43e-05 lr1=7.13e-04
13:17:26 INFO   e1 step  4000/13847  loss=0.4173  acc=0.8140  lr0=1.44e-05 lr1=7.22e-04
13:17:54 INFO   e1 step  4050/13847  loss=0.4159  acc=0.8151  lr0=1.46e-05 lr1=7.31e-04
13:18:23 INFO   e1 step  4100/13847  loss=0.4140  acc=0.8161  lr0=1.48e-05 lr1=7.40e-04
13:18:50 INFO   e1 step  4150/13847  loss=0.4123  acc=0.8173  lr0=1.50e-05 lr1=7.49e-04
13:19:18 INFO   e1 step  4200/13847  loss=0.4118  acc=0.8179  lr0=1.52e-05 lr1=7.58e-04
13:19:47 INFO   e1 step  4250/13847  loss=0.4113  acc=0.8185  lr0=1.53e-05 lr1=7.67e-04
13:20:15 INFO   e1 step  4300/13847  loss=0.4096  acc=0.8196  lr0=1.55e-05 lr1=7.76e-04
13:20:43 INFO   e1 step  4350/13847  loss=0.4084  acc=0.8205  lr0=1.57e-05 lr1=7.85e-04
13:21:11 INFO   e1 step  4400/13847  loss=0.4085  acc=0.8211  lr0=1.59e-05 lr1=7.95e-04
13:21:39 INFO   e1 step  4450/13847  loss=0.4071  acc=0.8219  lr0=1.61e-05 lr1=8.04e-04
13:22:07 INFO   e1 step  4500/13847  loss=0.4058  acc=0.8227  lr0=1.63e-05 lr1=8.13e-04
13:22:36 INFO   e1 step  4550/13847  loss=0.4049  acc=0.8236  lr0=1.64e-05 lr1=8.22e-04
13:23:04 INFO   e1 step  4600/13847  loss=0.4034  acc=0.8244  lr0=1.66e-05 lr1=8.31e-04
13:23:32 INFO   e1 step  4650/13847  loss=0.4018  acc=0.8252  lr0=1.68e-05 lr1=8.40e-04
13:23:59 INFO   e1 step  4700/13847  loss=0.4013  acc=0.8259  lr0=1.70e-05 lr1=8.49e-04
13:24:28 INFO   e1 step  4750/13847  loss=0.4001  acc=0.8263  lr0=1.72e-05 lr1=8.58e-04
13:24:56 INFO   e1 step  4800/13847  loss=0.3997  acc=0.8267  lr0=1.73e-05 lr1=8.67e-04
13:25:25 INFO   e1 step  4850/13847  loss=0.3990  acc=0.8270  lr0=1.75e-05 lr1=8.76e-04
13:25:53 INFO   e1 step  4900/13847  loss=0.3978  acc=0.8276  lr0=1.77e-05 lr1=8.85e-04
13:26:21 INFO   e1 step  4950/13847  loss=0.3967  acc=0.8283  lr0=1.79e-05 lr1=8.94e-04
13:26:49 INFO   e1 step  5000/13847  loss=0.3952  acc=0.8293  lr0=1.81e-05 lr1=9.03e-04
13:27:17 INFO   e1 step  5050/13847  loss=0.3940  acc=0.8301  lr0=1.82e-05 lr1=9.12e-04
13:27:44 INFO   e1 step  5100/13847  loss=0.3930  acc=0.8307  lr0=1.84e-05 lr1=9.21e-04
13:28:13 INFO   e1 step  5150/13847  loss=0.3919  acc=0.8314  lr0=1.86e-05 lr1=9.30e-04
13:28:41 INFO   e1 step  5200/13847  loss=0.3905  acc=0.8320  lr0=1.88e-05 lr1=9.39e-04
13:29:09 INFO   e1 step  5250/13847  loss=0.3889  acc=0.8329  lr0=1.90e-05 lr1=9.48e-04
13:29:37 INFO   e1 step  5300/13847  loss=0.3879  acc=0.8338  lr0=1.91e-05 lr1=9.57e-04
13:30:06 INFO   e1 step  5350/13847  loss=0.3868  acc=0.8345  lr0=1.93e-05 lr1=9.66e-04
13:30:34 INFO   e1 step  5400/13847  loss=0.3856  acc=0.8352  lr0=1.95e-05 lr1=9.75e-04
13:31:02 INFO   e1 step  5450/13847  loss=0.3844  acc=0.8359  lr0=1.97e-05 lr1=9.84e-04
13:31:29 INFO   e1 step  5500/13847  loss=0.3836  acc=0.8364  lr0=1.99e-05 lr1=9.93e-04
13:31:57 INFO   e1 step  5550/13847  loss=0.3827  acc=0.8369  lr0=2.00e-05 lr1=1.00e-03
13:32:26 INFO   e1 step  5600/13847  loss=0.3817  acc=0.8376  lr0=2.00e-05 lr1=9.99e-04
13:32:54 INFO   e1 step  5650/13847  loss=0.3812  acc=0.8381  lr0=2.00e-05 lr1=9.98e-04
13:33:22 INFO   e1 step  5700/13847  loss=0.3799  acc=0.8388  lr0=1.99e-05 lr1=9.97e-04
13:33:50 INFO   e1 step  5750/13847  loss=0.3784  acc=0.8396  lr0=1.99e-05 lr1=9.96e-04
13:34:17 INFO   e1 step  5800/13847  loss=0.3781  acc=0.8399  lr0=1.99e-05 lr1=9.95e-04
13:34:45 INFO   e1 step  5850/13847  loss=0.3776  acc=0.8402  lr0=1.99e-05 lr1=9.94e-04
13:35:13 INFO   e1 step  5900/13847  loss=0.3770  acc=0.8406  lr0=1.99e-05 lr1=9.93e-04
13:35:42 INFO   e1 step  5950/13847  loss=0.3763  acc=0.8410  lr0=1.98e-05 lr1=9.92e-04
13:36:10 INFO   e1 step  6000/13847  loss=0.3751  acc=0.8414  lr0=1.98e-05 lr1=9.91e-04
13:36:38 INFO   e1 step  6050/13847  loss=0.3744  acc=0.8417  lr0=1.98e-05 lr1=9.90e-04
13:37:06 INFO   e1 step  6100/13847  loss=0.3757  acc=0.8411  lr0=1.98e-05 lr1=9.89e-04
13:37:34 INFO   e1 step  6150/13847  loss=0.3769  acc=0.8404  lr0=1.98e-05 lr1=9.88e-04
13:38:02 INFO   e1 step  6200/13847  loss=0.3785  acc=0.8394  lr0=1.97e-05 lr1=9.87e-04
13:38:30 INFO   e1 step  6250/13847  loss=0.3799  acc=0.8385  lr0=1.97e-05 lr1=9.86e-04
13:38:58 INFO   e1 step  6300/13847  loss=0.3809  acc=0.8378  lr0=1.97e-05 lr1=9.85e-04
13:39:26 INFO   e1 step  6350/13847  loss=0.3820  acc=0.8369  lr0=1.97e-05 lr1=9.84e-04
13:39:54 INFO   e1 step  6400/13847  loss=0.3819  acc=0.8371  lr0=1.97e-05 lr1=9.83e-04
13:40:22 INFO   e1 step  6450/13847  loss=0.3809  acc=0.8377  lr0=1.96e-05 lr1=9.82e-04
13:40:50 INFO   e1 step  6500/13847  loss=0.3799  acc=0.8382  lr0=1.96e-05 lr1=9.81e-04
13:41:18 INFO   e1 step  6550/13847  loss=0.3791  acc=0.8386  lr0=1.96e-05 lr1=9.80e-04
13:41:45 INFO   e1 step  6600/13847  loss=0.3782  acc=0.8391  lr0=1.96e-05 lr1=9.79e-04
13:42:13 INFO   e1 step  6650/13847  loss=0.3774  acc=0.8395  lr0=1.96e-05 lr1=9.78e-04
13:42:40 INFO   e1 step  6700/13847  loss=0.3780  acc=0.8392  lr0=1.95e-05 lr1=9.77e-04
13:43:07 INFO   e1 step  6750/13847  loss=0.3783  acc=0.8391  lr0=1.95e-05 lr1=9.76e-04
13:43:35 INFO   e1 step  6800/13847  loss=0.3771  acc=0.8398  lr0=1.95e-05 lr1=9.75e-04
13:44:03 INFO   e1 step  6850/13847  loss=0.3763  acc=0.8403  lr0=1.95e-05 lr1=9.74e-04
13:44:31 INFO   e1 step  6900/13847  loss=0.3756  acc=0.8407  lr0=1.95e-05 lr1=9.73e-04
13:44:59 INFO   e1 step  6950/13847  loss=0.3753  acc=0.8410  lr0=1.94e-05 lr1=9.72e-04
13:45:27 INFO   e1 step  7000/13847  loss=0.3756  acc=0.8411  lr0=1.94e-05 lr1=9.71e-04
13:45:56 INFO   e1 step  7050/13847  loss=0.3743  acc=0.8417  lr0=1.94e-05 lr1=9.70e-04
13:46:24 INFO   e1 step  7100/13847  loss=0.3731  acc=0.8424  lr0=1.94e-05 lr1=9.69e-04
13:46:52 INFO   e1 step  7150/13847  loss=0.3729  acc=0.8427  lr0=1.94e-05 lr1=9.68e-04
13:47:20 INFO   e1 step  7200/13847  loss=0.3723  acc=0.8431  lr0=1.93e-05 lr1=9.67e-04
13:47:49 INFO   e1 step  7250/13847  loss=0.3719  acc=0.8432  lr0=1.93e-05 lr1=9.66e-04
13:48:16 INFO   e1 step  7300/13847  loss=0.3710  acc=0.8436  lr0=1.93e-05 lr1=9.65e-04
13:48:44 INFO   e1 step  7350/13847  loss=0.3708  acc=0.8439  lr0=1.93e-05 lr1=9.64e-04
13:49:13 INFO   e1 step  7400/13847  loss=0.3699  acc=0.8444  lr0=1.93e-05 lr1=9.63e-04
13:49:41 INFO   e1 step  7450/13847  loss=0.3689  acc=0.8449  lr0=1.92e-05 lr1=9.62e-04
13:50:08 INFO   e1 step  7500/13847  loss=0.3683  acc=0.8453  lr0=1.92e-05 lr1=9.61e-04
13:50:36 INFO   e1 step  7550/13847  loss=0.3676  acc=0.8457  lr0=1.92e-05 lr1=9.60e-04
13:51:05 INFO   e1 step  7600/13847  loss=0.3664  acc=0.8462  lr0=1.92e-05 lr1=9.59e-04
13:51:32 INFO   e1 step  7650/13847  loss=0.3655  acc=0.8467  lr0=1.92e-05 lr1=9.58e-04
13:52:01 INFO   e1 step  7700/13847  loss=0.3646  acc=0.8473  lr0=1.91e-05 lr1=9.57e-04
13:52:28 INFO   e1 step  7750/13847  loss=0.3637  acc=0.8477  lr0=1.91e-05 lr1=9.56e-04
13:52:56 INFO   e1 step  7800/13847  loss=0.3631  acc=0.8481  lr0=1.91e-05 lr1=9.55e-04
13:53:24 INFO   e1 step  7850/13847  loss=0.3621  acc=0.8486  lr0=1.91e-05 lr1=9.54e-04
13:53:52 INFO   e1 step  7900/13847  loss=0.3612  acc=0.8490  lr0=1.91e-05 lr1=9.53e-04
13:54:20 INFO   e1 step  7950/13847  loss=0.3607  acc=0.8493  lr0=1.90e-05 lr1=9.52e-04
13:54:48 INFO   e1 step  8000/13847  loss=0.3596  acc=0.8500  lr0=1.90e-05 lr1=9.51e-04
13:55:15 INFO   e1 step  8050/13847  loss=0.3587  acc=0.8505  lr0=1.90e-05 lr1=9.50e-04
13:55:42 INFO   e1 step  8100/13847  loss=0.3579  acc=0.8509  lr0=1.90e-05 lr1=9.49e-04
13:56:10 INFO   e1 step  8150/13847  loss=0.3571  acc=0.8513  lr0=1.90e-05 lr1=9.48e-04
13:56:38 INFO   e1 step  8200/13847  loss=0.3562  acc=0.8517  lr0=1.89e-05 lr1=9.47e-04
13:57:05 INFO   e1 step  8250/13847  loss=0.3554  acc=0.8522  lr0=1.89e-05 lr1=9.46e-04
13:57:33 INFO   e1 step  8300/13847  loss=0.3548  acc=0.8525  lr0=1.89e-05 lr1=9.45e-04
13:58:02 INFO   e1 step  8350/13847  loss=0.3539  acc=0.8530  lr0=1.89e-05 lr1=9.44e-04
