07:35:39 INFO run_dir=/mnt/localssd/crossencoder_sweep/runs/aep_causal_wf_v3/all-mpnet-base-v2
07:35:39 INFO device=cuda:0  bf16=True  physical_gpu=3  CUDA_VISIBLE_DEVICES=3
07:35:39 INFO dataset=aep_causal_wf_v3  model=all-mpnet-base-v2  backbone=sentence-transformers/all-mpnet-base-v2
07:35:39 INFO tokenizer <- sentence-transformers/all-mpnet-base-v2
Warning: You are sending unauthenticated requests to the HF Hub. Please set a HF_TOKEN to enable higher rate limits and faster downloads.
07:35:40 INFO split files: ['directional_train.jsonl', 'directional_val.jsonl', 'directional_test.jsonl']
07:35:40 INFO scanning max JOINT token length across all splits ...
07:35:48 INFO   observed_max_joint=512 -> max_seq_len=512 (cap=512, scan=7.9s)
07:35:48 INFO loading datasets ...
07:35:48 INFO   schema=standard  train=21287  val=327  test=318
07:35:48 INFO building CrossEncoderClassifier  backbone=sentence-transformers/all-mpnet-base-v2
Loading weights:   0%|          | 0/199 [00:00<?, ?it/s]Loading weights: 100%|██████████| 199/199 [00:00<00:00, 7807.26it/s]
07:35:49 INFO   hidden_size=768  trainable_params=109,487,233
07:35:49 INFO   total_steps=1332  warmup_steps=133
07:35:58 INFO   e1 step    50/333  loss=0.6973  acc=0.4897  lr0=7.52e-06 lr1=3.76e-04
07:36:07 INFO   e1 step   100/333  loss=0.6948  acc=0.5017  lr0=1.50e-05 lr1=7.52e-04
07:36:16 INFO   e1 step   150/333  loss=0.6927  acc=0.5140  lr0=1.97e-05 lr1=9.86e-04
07:36:24 INFO   e1 step   200/333  loss=0.6872  acc=0.5295  lr0=1.89e-05 lr1=9.44e-04
07:36:33 INFO   e1 step   250/333  loss=0.6812  acc=0.5417  lr0=1.80e-05 lr1=9.02e-04
07:36:41 INFO   e1 step   300/333  loss=0.6749  acc=0.5531  lr0=1.72e-05 lr1=8.61e-04
07:36:48 INFO [epoch 1] train_loss=0.6715 train_acc=0.5598  val_loss=0.6931 val_acc=0.5841 val_auc=0.5830  elapsed=59.4s
07:36:48 INFO   saved best.pt  val_acc=0.5841
07:36:57 INFO   e2 step    50/333  loss=0.6159  acc=0.6578  lr0=1.58e-05 lr1=7.91e-04
07:37:06 INFO   e2 step   100/333  loss=0.6164  acc=0.6556  lr0=1.50e-05 lr1=7.50e-04
07:37:14 INFO   e2 step   150/333  loss=0.6140  acc=0.6558  lr0=1.42e-05 lr1=7.08e-04
07:37:24 INFO   e2 step   200/333  loss=0.6110  acc=0.6555  lr0=1.33e-05 lr1=6.66e-04
07:37:33 INFO   e2 step   250/333  loss=0.6069  acc=0.6596  lr0=1.25e-05 lr1=6.25e-04
07:37:41 INFO   e2 step   300/333  loss=0.6040  acc=0.6620  lr0=1.17e-05 lr1=5.83e-04
07:37:47 INFO [epoch 2] train_loss=0.6009 train_acc=0.6632  val_loss=0.6979 val_acc=0.5902 val_auc=0.6131  elapsed=58.9s
07:37:48 INFO   saved best.pt  val_acc=0.5902
07:37:57 INFO   e3 step    50/333  loss=0.5290  acc=0.7281  lr0=1.03e-05 lr1=5.14e-04
07:38:06 INFO   e3 step   100/333  loss=0.5248  acc=0.7298  lr0=9.44e-06 lr1=4.72e-04
07:38:14 INFO   e3 step   150/333  loss=0.5207  acc=0.7310  lr0=8.61e-06 lr1=4.30e-04
07:38:24 INFO   e3 step   200/333  loss=0.5155  acc=0.7356  lr0=7.77e-06 lr1=3.89e-04
07:38:33 INFO   e3 step   250/333  loss=0.5102  acc=0.7396  lr0=6.94e-06 lr1=3.47e-04
07:38:41 INFO   e3 step   300/333  loss=0.5045  acc=0.7441  lr0=6.11e-06 lr1=3.05e-04
07:38:47 INFO [epoch 3] train_loss=0.5017 train_acc=0.7458  val_loss=0.7074 val_acc=0.6330 val_auc=0.6866  elapsed=59.4s
07:38:48 INFO   saved best.pt  val_acc=0.6330
07:38:57 INFO   e4 step    50/333  loss=0.4262  acc=0.7987  lr0=4.72e-06 lr1=2.36e-04
07:39:06 INFO   e4 step   100/333  loss=0.4234  acc=0.8019  lr0=3.89e-06 lr1=1.94e-04
07:39:15 INFO   e4 step   150/333  loss=0.4277  acc=0.8009  lr0=3.05e-06 lr1=1.53e-04
07:39:23 INFO   e4 step   200/333  loss=0.4243  acc=0.8018  lr0=2.22e-06 lr1=1.11e-04
07:39:31 INFO   e4 step   250/333  loss=0.4215  acc=0.8012  lr0=1.38e-06 lr1=6.92e-05
07:39:40 INFO   e4 step   300/333  loss=0.4183  acc=0.8034  lr0=5.50e-07 lr1=2.75e-05
07:39:47 INFO [epoch 4] train_loss=0.4168 train_acc=0.8038  val_loss=0.7621 val_acc=0.6361 val_auc=0.7007  elapsed=58.5s
07:39:47 INFO   saved best.pt  val_acc=0.6361
07:39:48 INFO loading best.pt for test eval
07:39:49 INFO [test] loss=0.6558  acc=0.6698  auc=0.7467  f1=0.6392
07:39:49 INFO [done] run_summary.json written to /mnt/localssd/crossencoder_sweep/runs/aep_causal_wf_v3/all-mpnet-base-v2
