13:01:11 INFO run_dir=/mnt/localssd/crossencoder_sweep/runs/new_ajo_workflows/e5-large-v2
13:01:11 INFO device=cuda:0  bf16=True  physical_gpu=1  CUDA_VISIBLE_DEVICES=1
13:01:11 INFO dataset=new_ajo_workflows  model=e5-large-v2  backbone=intfloat/e5-large-v2
13:01:11 INFO tokenizer <- intfloat/e5-large-v2
13:01:11 INFO split files: ['directional_train.jsonl', 'directional_val.jsonl', 'directional_test.jsonl']
13:01:11 INFO scanning max JOINT token length across all splits ...
13:01:16 INFO   observed_max_joint=512 -> max_seq_len=512 (cap=512, scan=4.8s)
13:01:16 INFO loading datasets ...
13:01:16 INFO   schema=standard  train=21846  val=2470  test=2616
13:01:16 INFO building CrossEncoderClassifier  backbone=intfloat/e5-large-v2
13:01:18 INFO   hidden_size=1024  trainable_params=335,142,913
13:01:18 INFO   total_steps=5464  warmup_steps=546
13:01:23 INFO   e1 step    50/1366  loss=0.7488  acc=0.5062  lr0=1.83e-06 lr1=9.16e-05
13:01:27 INFO   e1 step   100/1366  loss=0.7415  acc=0.4956  lr0=3.66e-06 lr1=1.83e-04
13:01:32 INFO   e1 step   150/1366  loss=0.7472  acc=0.4879  lr0=5.49e-06 lr1=2.75e-04
13:01:37 INFO   e1 step   200/1366  loss=0.7477  acc=0.4863  lr0=7.33e-06 lr1=3.66e-04
13:01:41 INFO   e1 step   250/1366  loss=0.7522  acc=0.4853  lr0=9.16e-06 lr1=4.58e-04
13:01:46 INFO   e1 step   300/1366  loss=0.7534  acc=0.4831  lr0=1.10e-05 lr1=5.49e-04
13:01:50 INFO   e1 step   350/1366  loss=0.7511  acc=0.4882  lr0=1.28e-05 lr1=6.41e-04
13:01:54 INFO   e1 step   400/1366  loss=0.7495  acc=0.4892  lr0=1.47e-05 lr1=7.33e-04
13:01:59 INFO   e1 step   450/1366  loss=0.7489  acc=0.4911  lr0=1.65e-05 lr1=8.24e-04
13:02:03 INFO   e1 step   500/1366  loss=0.7485  acc=0.4926  lr0=1.83e-05 lr1=9.16e-04
13:02:07 INFO   e1 step   550/1366  loss=0.7498  acc=0.4920  lr0=2.00e-05 lr1=9.99e-04
13:02:11 INFO   e1 step   600/1366  loss=0.7508  acc=0.4939  lr0=1.98e-05 lr1=9.89e-04
13:02:16 INFO   e1 step   650/1366  loss=0.7504  acc=0.4956  lr0=1.96e-05 lr1=9.79e-04
13:02:20 INFO   e1 step   700/1366  loss=0.7491  acc=0.4959  lr0=1.94e-05 lr1=9.69e-04
13:02:24 INFO   e1 step   750/1366  loss=0.7504  acc=0.4965  lr0=1.92e-05 lr1=9.59e-04
13:02:28 INFO   e1 step   800/1366  loss=0.7503  acc=0.4950  lr0=1.90e-05 lr1=9.48e-04
13:02:33 INFO   e1 step   850/1366  loss=0.7487  acc=0.4946  lr0=1.88e-05 lr1=9.38e-04
13:02:37 INFO   e1 step   900/1366  loss=0.7467  acc=0.4956  lr0=1.86e-05 lr1=9.28e-04
13:02:41 INFO   e1 step   950/1366  loss=0.7447  acc=0.4963  lr0=1.84e-05 lr1=9.18e-04
13:02:45 INFO   e1 step  1000/1366  loss=0.7444  acc=0.4949  lr0=1.82e-05 lr1=9.08e-04
13:02:50 INFO   e1 step  1050/1366  loss=0.7434  acc=0.4945  lr0=1.80e-05 lr1=8.98e-04
13:02:54 INFO   e1 step  1100/1366  loss=0.7420  acc=0.4967  lr0=1.77e-05 lr1=8.87e-04
13:02:58 INFO   e1 step  1150/1366  loss=0.7409  acc=0.4971  lr0=1.75e-05 lr1=8.77e-04
13:03:03 INFO   e1 step  1200/1366  loss=0.7401  acc=0.4968  lr0=1.73e-05 lr1=8.67e-04
13:03:07 INFO   e1 step  1250/1366  loss=0.7389  acc=0.4970  lr0=1.71e-05 lr1=8.57e-04
13:03:12 INFO   e1 step  1300/1366  loss=0.7379  acc=0.4967  lr0=1.69e-05 lr1=8.47e-04
13:03:16 INFO   e1 step  1350/1366  loss=0.7373  acc=0.4960  lr0=1.67e-05 lr1=8.37e-04
13:03:21 INFO [epoch 1] train_loss=0.7369 train_acc=0.4965  val_loss=0.6939 val_acc=0.5000 val_auc=0.4996  elapsed=123.1s
13:03:22 INFO   saved best.pt  val_acc=0.5000
13:03:27 INFO   e2 step    50/1366  loss=0.7033  acc=0.4988  lr0=1.65e-05 lr1=8.23e-04
13:03:31 INFO   e2 step   100/1366  loss=0.7081  acc=0.4975  lr0=1.63e-05 lr1=8.13e-04
13:03:35 INFO   e2 step   150/1366  loss=0.7068  acc=0.5125  lr0=1.61e-05 lr1=8.03e-04
13:03:40 INFO   e2 step   200/1366  loss=0.7070  acc=0.5069  lr0=1.59e-05 lr1=7.93e-04
13:03:44 INFO   e2 step   250/1366  loss=0.7071  acc=0.5012  lr0=1.56e-05 lr1=7.82e-04
13:03:48 INFO   e2 step   300/1366  loss=0.7081  acc=0.5038  lr0=1.54e-05 lr1=7.72e-04
13:03:52 INFO   e2 step   350/1366  loss=0.7118  acc=0.5029  lr0=1.52e-05 lr1=7.62e-04
13:03:56 INFO   e2 step   400/1366  loss=0.7109  acc=0.5031  lr0=1.50e-05 lr1=7.52e-04
13:04:01 INFO   e2 step   450/1366  loss=0.7110  acc=0.4993  lr0=1.48e-05 lr1=7.42e-04
13:04:05 INFO   e2 step   500/1366  loss=0.7143  acc=0.4959  lr0=1.46e-05 lr1=7.32e-04
13:04:09 INFO   e2 step   550/1366  loss=0.7169  acc=0.4948  lr0=1.44e-05 lr1=7.21e-04
13:04:14 INFO   e2 step   600/1366  loss=0.7195  acc=0.4960  lr0=1.42e-05 lr1=7.11e-04
13:04:18 INFO   e2 step   650/1366  loss=0.7184  acc=0.4980  lr0=1.40e-05 lr1=7.01e-04
13:04:22 INFO   e2 step   700/1366  loss=0.7189  acc=0.4978  lr0=1.38e-05 lr1=6.91e-04
13:04:27 INFO   e2 step   750/1366  loss=0.7194  acc=0.4983  lr0=1.36e-05 lr1=6.81e-04
13:04:31 INFO   e2 step   800/1366  loss=0.7185  acc=0.4990  lr0=1.34e-05 lr1=6.71e-04
13:04:35 INFO   e2 step   850/1366  loss=0.7189  acc=0.4979  lr0=1.32e-05 lr1=6.60e-04
13:04:39 INFO   e2 step   900/1366  loss=0.7187  acc=0.4973  lr0=1.30e-05 lr1=6.50e-04
13:04:44 INFO   e2 step   950/1366  loss=0.7184  acc=0.4966  lr0=1.28e-05 lr1=6.40e-04
13:04:48 INFO   e2 step  1000/1366  loss=0.7183  acc=0.4976  lr0=1.26e-05 lr1=6.30e-04
13:04:52 INFO   e2 step  1050/1366  loss=0.7174  acc=0.4979  lr0=1.24e-05 lr1=6.20e-04
13:04:56 INFO   e2 step  1100/1366  loss=0.7167  acc=0.4988  lr0=1.22e-05 lr1=6.10e-04
13:05:00 INFO   e2 step  1150/1366  loss=0.7165  acc=0.4984  lr0=1.20e-05 lr1=5.99e-04
13:05:04 INFO   e2 step  1200/1366  loss=0.7166  acc=0.4967  lr0=1.18e-05 lr1=5.89e-04
13:05:09 INFO   e2 step  1250/1366  loss=0.7167  acc=0.4955  lr0=1.16e-05 lr1=5.79e-04
13:05:13 INFO   e2 step  1300/1366  loss=0.7166  acc=0.4963  lr0=1.14e-05 lr1=5.69e-04
13:05:18 INFO   e2 step  1350/1366  loss=0.7162  acc=0.4971  lr0=1.12e-05 lr1=5.59e-04
13:05:23 INFO [epoch 2] train_loss=0.7161 train_acc=0.4971  val_loss=0.7006 val_acc=0.5000 val_auc=0.5045  elapsed=120.5s
13:05:27 INFO   e3 step    50/1366  loss=0.7125  acc=0.4825  lr0=1.09e-05 lr1=5.45e-04
13:05:32 INFO   e3 step   100/1366  loss=0.7106  acc=0.4925  lr0=1.07e-05 lr1=5.35e-04
13:05:36 INFO   e3 step   150/1366  loss=0.7088  acc=0.4963  lr0=1.05e-05 lr1=5.25e-04
13:05:41 INFO   e3 step   200/1366  loss=0.7080  acc=0.5031  lr0=1.03e-05 lr1=5.15e-04
13:05:45 INFO   e3 step   250/1366  loss=0.7077  acc=0.4975  lr0=1.01e-05 lr1=5.05e-04
13:05:49 INFO   e3 step   300/1366  loss=0.7061  acc=0.5008  lr0=9.89e-06 lr1=4.95e-04
13:05:53 INFO   e3 step   350/1366  loss=0.7058  acc=0.5000  lr0=9.69e-06 lr1=4.84e-04
13:05:58 INFO   e3 step   400/1366  loss=0.7054  acc=0.5014  lr0=9.48e-06 lr1=4.74e-04
13:06:03 INFO   e3 step   450/1366  loss=0.7051  acc=0.5018  lr0=9.28e-06 lr1=4.64e-04
13:06:07 INFO   e3 step   500/1366  loss=0.7071  acc=0.5010  lr0=9.08e-06 lr1=4.54e-04
13:06:11 INFO   e3 step   550/1366  loss=0.7074  acc=0.5014  lr0=8.87e-06 lr1=4.44e-04
13:06:16 INFO   e3 step   600/1366  loss=0.7065  acc=0.5041  lr0=8.67e-06 lr1=4.34e-04
13:06:20 INFO   e3 step   650/1366  loss=0.7062  acc=0.5032  lr0=8.47e-06 lr1=4.23e-04
13:06:24 INFO   e3 step   700/1366  loss=0.7056  acc=0.5049  lr0=8.26e-06 lr1=4.13e-04
13:06:29 INFO   e3 step   750/1366  loss=0.7058  acc=0.5042  lr0=8.06e-06 lr1=4.03e-04
13:06:33 INFO   e3 step   800/1366  loss=0.7056  acc=0.5029  lr0=7.86e-06 lr1=3.93e-04
13:06:37 INFO   e3 step   850/1366  loss=0.7058  acc=0.5018  lr0=7.65e-06 lr1=3.83e-04
13:06:42 INFO   e3 step   900/1366  loss=0.7057  acc=0.5022  lr0=7.45e-06 lr1=3.73e-04
13:06:46 INFO   e3 step   950/1366  loss=0.7058  acc=0.5009  lr0=7.25e-06 lr1=3.62e-04
13:06:51 INFO   e3 step  1000/1366  loss=0.7053  acc=0.5005  lr0=7.04e-06 lr1=3.52e-04
13:06:55 INFO   e3 step  1050/1366  loss=0.7054  acc=0.4992  lr0=6.84e-06 lr1=3.42e-04
13:07:00 INFO   e3 step  1100/1366  loss=0.7058  acc=0.4975  lr0=6.64e-06 lr1=3.32e-04
13:07:04 INFO   e3 step  1150/1366  loss=0.7057  acc=0.4987  lr0=6.43e-06 lr1=3.22e-04
13:07:09 INFO   e3 step  1200/1366  loss=0.7056  acc=0.4983  lr0=6.23e-06 lr1=3.12e-04
13:07:13 INFO   e3 step  1250/1366  loss=0.7058  acc=0.4981  lr0=6.03e-06 lr1=3.01e-04
13:07:18 INFO   e3 step  1300/1366  loss=0.7057  acc=0.4984  lr0=5.82e-06 lr1=2.91e-04
13:07:22 INFO   e3 step  1350/1366  loss=0.7058  acc=0.4973  lr0=5.62e-06 lr1=2.81e-04
13:07:27 INFO [epoch 3] train_loss=0.7057 train_acc=0.4974  val_loss=0.6946 val_acc=0.5000 val_auc=0.5000  elapsed=124.8s
13:07:32 INFO   e4 step    50/1366  loss=0.6986  acc=0.5075  lr0=5.35e-06 lr1=2.68e-04
13:07:37 INFO   e4 step   100/1366  loss=0.6988  acc=0.5006  lr0=5.15e-06 lr1=2.57e-04
13:07:41 INFO   e4 step   150/1366  loss=0.7008  acc=0.4925  lr0=4.95e-06 lr1=2.47e-04
13:07:45 INFO   e4 step   200/1366  loss=0.7008  acc=0.4959  lr0=4.74e-06 lr1=2.37e-04
13:07:50 INFO   e4 step   250/1366  loss=0.7011  acc=0.4963  lr0=4.54e-06 lr1=2.27e-04
13:07:54 INFO   e4 step   300/1366  loss=0.7002  acc=0.5000  lr0=4.34e-06 lr1=2.17e-04
13:07:58 INFO   e4 step   350/1366  loss=0.6998  acc=0.5011  lr0=4.13e-06 lr1=2.07e-04
13:08:03 INFO   e4 step   400/1366  loss=0.7000  acc=0.5006  lr0=3.93e-06 lr1=1.96e-04
13:08:07 INFO   e4 step   450/1366  loss=0.7006  acc=0.4992  lr0=3.73e-06 lr1=1.86e-04
13:08:12 INFO   e4 step   500/1366  loss=0.7009  acc=0.4983  lr0=3.52e-06 lr1=1.76e-04
13:08:16 INFO   e4 step   550/1366  loss=0.7011  acc=0.4975  lr0=3.32e-06 lr1=1.66e-04
13:08:21 INFO   e4 step   600/1366  loss=0.7016  acc=0.4939  lr0=3.12e-06 lr1=1.56e-04
13:08:25 INFO   e4 step   650/1366  loss=0.7016  acc=0.4922  lr0=2.91e-06 lr1=1.46e-04
13:08:29 INFO   e4 step   700/1366  loss=0.7011  acc=0.4930  lr0=2.71e-06 lr1=1.35e-04
13:08:34 INFO   e4 step   750/1366  loss=0.7013  acc=0.4933  lr0=2.51e-06 lr1=1.25e-04
13:08:38 INFO   e4 step   800/1366  loss=0.7010  acc=0.4940  lr0=2.30e-06 lr1=1.15e-04
13:08:43 INFO   e4 step   850/1366  loss=0.7011  acc=0.4932  lr0=2.10e-06 lr1=1.05e-04
13:08:47 INFO   e4 step   900/1366  loss=0.7011  acc=0.4906  lr0=1.90e-06 lr1=9.48e-05
13:08:51 INFO   e4 step   950/1366  loss=0.7012  acc=0.4902  lr0=1.69e-06 lr1=8.46e-05
13:08:56 INFO   e4 step  1000/1366  loss=0.7009  acc=0.4917  lr0=1.49e-06 lr1=7.44e-05
13:09:00 INFO   e4 step  1050/1366  loss=0.7008  acc=0.4921  lr0=1.29e-06 lr1=6.43e-05
13:09:05 INFO   e4 step  1100/1366  loss=0.7009  acc=0.4920  lr0=1.08e-06 lr1=5.41e-05
13:09:09 INFO   e4 step  1150/1366  loss=0.7008  acc=0.4923  lr0=8.78e-07 lr1=4.39e-05
13:09:14 INFO   e4 step  1200/1366  loss=0.7006  acc=0.4936  lr0=6.75e-07 lr1=3.38e-05
13:09:18 INFO   e4 step  1250/1366  loss=0.7004  acc=0.4944  lr0=4.72e-07 lr1=2.36e-05
13:09:23 INFO   e4 step  1300/1366  loss=0.7003  acc=0.4944  lr0=2.68e-07 lr1=1.34e-05
13:09:27 INFO   e4 step  1350/1366  loss=0.7004  acc=0.4943  lr0=6.51e-08 lr1=3.25e-06
13:09:32 INFO [epoch 4] train_loss=0.7002 train_acc=0.4950  val_loss=0.6932 val_acc=0.5000 val_auc=0.5000  elapsed=124.5s
13:09:33 INFO loading best.pt for test eval
13:09:36 INFO [test] loss=0.6939  acc=0.5000  auc=0.4992  f1=0.0000
13:09:36 INFO [done] run_summary.json written to /mnt/localssd/crossencoder_sweep/runs/new_ajo_workflows/e5-large-v2
