00:26:30 INFO run_dir=/mnt/localssd/baseline_sweep/runs/new_aep_wf_scrap/bge-large-en-v1.5
00:26:30 INFO device=cuda:0  bf16=True  physical_gpu=3  CUDA_VISIBLE_DEVICES=3
00:26:30 INFO dataset=new_aep_wf_scrap  model=bge-large-en-v1.5  backbone=BAAI/bge-large-en-v1.5
00:26:30 INFO tokenizer <- BAAI/bge-large-en-v1.5
00:26:30 INFO split files: ['directional_train.jsonl', 'directional_val.jsonl', 'directional_test.jsonl']
00:26:30 INFO scanning max token length across all splits ...
00:26:36 INFO   observed_max=295 -> max_seq_len=312 (cap=512, scan=5.7s)
00:26:36 INFO loading datasets ...
00:26:36 INFO   schema=step  train=13904  val=1676  test=1548
00:26:36 INFO building DirectionalClassifier  backbone=BAAI/bge-large-en-v1.5  head=MLP(4d->512->128->1, act=gelu, norm=layer, dropout=0.1)  n_tiers=0
00:26:38 INFO   hidden_size=1024  trainable_params=672,456,705
00:26:38 INFO   total_steps=3476  warmup_steps=347
00:26:48 INFO   e1 step    50/869  loss=0.7777  acc=0.5350  lr0=2.88e-06 lr1=1.44e-04
00:26:56 INFO   e1 step   100/869  loss=0.7428  acc=0.5500  lr0=5.76e-06 lr1=2.88e-04
00:27:04 INFO   e1 step   150/869  loss=0.7404  acc=0.5392  lr0=8.65e-06 lr1=4.32e-04
00:27:12 INFO   e1 step   200/869  loss=0.7305  acc=0.5363  lr0=1.15e-05 lr1=5.76e-04
00:27:21 INFO   e1 step   250/869  loss=0.7238  acc=0.5380  lr0=1.44e-05 lr1=7.20e-04
00:27:29 INFO   e1 step   300/869  loss=0.7167  acc=0.5450  lr0=1.73e-05 lr1=8.65e-04
00:27:38 INFO   e1 step   350/869  loss=0.7120  acc=0.5477  lr0=2.00e-05 lr1=9.99e-04
00:27:47 INFO   e1 step   400/869  loss=0.7106  acc=0.5450  lr0=1.97e-05 lr1=9.83e-04
00:27:56 INFO   e1 step   450/869  loss=0.7063  acc=0.5463  lr0=1.93e-05 lr1=9.67e-04
00:28:04 INFO   e1 step   500/869  loss=0.7033  acc=0.5503  lr0=1.90e-05 lr1=9.51e-04
00:28:12 INFO   e1 step   550/869  loss=0.6995  acc=0.5547  lr0=1.87e-05 lr1=9.35e-04
00:28:21 INFO   e1 step   600/869  loss=0.6992  acc=0.5557  lr0=1.84e-05 lr1=9.19e-04
00:28:30 INFO   e1 step   650/869  loss=0.6975  acc=0.5554  lr0=1.81e-05 lr1=9.03e-04
00:28:40 INFO   e1 step   700/869  loss=0.6949  acc=0.5596  lr0=1.77e-05 lr1=8.87e-04
00:28:50 INFO   e1 step   750/869  loss=0.6915  acc=0.5638  lr0=1.74e-05 lr1=8.71e-04
00:29:00 INFO   e1 step   800/869  loss=0.6897  acc=0.5645  lr0=1.71e-05 lr1=8.55e-04
00:29:09 INFO   e1 step   850/869  loss=0.6866  acc=0.5673  lr0=1.68e-05 lr1=8.39e-04
00:29:15 INFO [epoch 1] train_loss=0.6851 train_acc=0.5684  val_loss=0.6330 val_acc=0.6271 val_auc=0.6961  elapsed=156.9s
00:29:18 INFO   saved best.pt  val_acc=0.6271
00:29:26 INFO   e2 step    50/869  loss=0.6075  acc=0.6412  lr0=1.63e-05 lr1=8.17e-04
00:29:35 INFO   e2 step   100/869  loss=0.5964  acc=0.6506  lr0=1.60e-05 lr1=8.01e-04
00:29:43 INFO   e2 step   150/869  loss=0.6018  acc=0.6608  lr0=1.57e-05 lr1=7.85e-04
00:29:51 INFO   e2 step   200/869  loss=0.5956  acc=0.6634  lr0=1.54e-05 lr1=7.69e-04
00:29:59 INFO   e2 step   250/869  loss=0.6013  acc=0.6620  lr0=1.51e-05 lr1=7.53e-04
00:30:07 INFO   e2 step   300/869  loss=0.6017  acc=0.6596  lr0=1.47e-05 lr1=7.37e-04
00:30:15 INFO   e2 step   350/869  loss=0.6031  acc=0.6579  lr0=1.44e-05 lr1=7.21e-04
00:30:23 INFO   e2 step   400/869  loss=0.6003  acc=0.6575  lr0=1.41e-05 lr1=7.05e-04
00:30:32 INFO   e2 step   450/869  loss=0.5956  acc=0.6621  lr0=1.38e-05 lr1=6.89e-04
00:30:40 INFO   e2 step   500/869  loss=0.5969  acc=0.6587  lr0=1.35e-05 lr1=6.73e-04
00:30:48 INFO   e2 step   550/869  loss=0.5958  acc=0.6597  lr0=1.31e-05 lr1=6.57e-04
00:30:56 INFO   e2 step   600/869  loss=0.5947  acc=0.6604  lr0=1.28e-05 lr1=6.41e-04
00:31:04 INFO   e2 step   650/869  loss=0.5938  acc=0.6607  lr0=1.25e-05 lr1=6.25e-04
00:31:13 INFO   e2 step   700/869  loss=0.5930  acc=0.6620  lr0=1.22e-05 lr1=6.09e-04
00:31:22 INFO   e2 step   750/869  loss=0.5913  acc=0.6637  lr0=1.19e-05 lr1=5.93e-04
00:31:31 INFO   e2 step   800/869  loss=0.5880  acc=0.6665  lr0=1.16e-05 lr1=5.78e-04
00:31:40 INFO   e2 step   850/869  loss=0.5859  acc=0.6680  lr0=1.12e-05 lr1=5.62e-04
00:31:46 INFO [epoch 2] train_loss=0.5857 train_acc=0.6688  val_loss=0.6030 val_acc=0.6671 val_auc=0.7405  elapsed=147.8s
00:31:49 INFO   saved best.pt  val_acc=0.6671
00:31:58 INFO   e3 step    50/869  loss=0.4245  acc=0.8013  lr0=1.08e-05 lr1=5.39e-04
00:32:06 INFO   e3 step   100/869  loss=0.4207  acc=0.8013  lr0=1.05e-05 lr1=5.23e-04
00:32:15 INFO   e3 step   150/869  loss=0.4282  acc=0.8000  lr0=1.02e-05 lr1=5.08e-04
00:32:24 INFO   e3 step   200/869  loss=0.4344  acc=0.7934  lr0=9.83e-06 lr1=4.92e-04
00:32:33 INFO   e3 step   250/869  loss=0.4393  acc=0.7897  lr0=9.51e-06 lr1=4.76e-04
00:32:41 INFO   e3 step   300/869  loss=0.4413  acc=0.7869  lr0=9.19e-06 lr1=4.60e-04
00:32:50 INFO   e3 step   350/869  loss=0.4429  acc=0.7866  lr0=8.87e-06 lr1=4.44e-04
00:32:59 INFO   e3 step   400/869  loss=0.4449  acc=0.7839  lr0=8.55e-06 lr1=4.28e-04
00:33:08 INFO   e3 step   450/869  loss=0.4446  acc=0.7828  lr0=8.23e-06 lr1=4.12e-04
00:33:16 INFO   e3 step   500/869  loss=0.4441  acc=0.7825  lr0=7.91e-06 lr1=3.96e-04
00:33:25 INFO   e3 step   550/869  loss=0.4451  acc=0.7809  lr0=7.59e-06 lr1=3.80e-04
00:33:33 INFO   e3 step   600/869  loss=0.4470  acc=0.7782  lr0=7.27e-06 lr1=3.64e-04
00:33:42 INFO   e3 step   650/869  loss=0.4482  acc=0.7767  lr0=6.95e-06 lr1=3.48e-04
00:33:51 INFO   e3 step   700/869  loss=0.4448  acc=0.7785  lr0=6.63e-06 lr1=3.32e-04
00:33:59 INFO   e3 step   750/869  loss=0.4470  acc=0.7760  lr0=6.32e-06 lr1=3.16e-04
00:34:08 INFO   e3 step   800/869  loss=0.4437  acc=0.7768  lr0=6.00e-06 lr1=3.00e-04
00:34:17 INFO   e3 step   850/869  loss=0.4439  acc=0.7762  lr0=5.68e-06 lr1=2.84e-04
00:34:23 INFO [epoch 3] train_loss=0.4433 train_acc=0.7763  val_loss=0.6892 val_acc=0.6874 val_auc=0.7714  elapsed=153.4s
00:34:27 INFO   saved best.pt  val_acc=0.6874
00:34:35 INFO   e4 step    50/869  loss=0.2892  acc=0.8550  lr0=5.23e-06 lr1=2.62e-04
00:34:43 INFO   e4 step   100/869  loss=0.2905  acc=0.8612  lr0=4.92e-06 lr1=2.46e-04
00:34:51 INFO   e4 step   150/869  loss=0.2943  acc=0.8621  lr0=4.60e-06 lr1=2.30e-04
00:35:00 INFO   e4 step   200/869  loss=0.2862  acc=0.8662  lr0=4.28e-06 lr1=2.14e-04
00:35:08 INFO   e4 step   250/869  loss=0.2971  acc=0.8628  lr0=3.96e-06 lr1=1.98e-04
00:35:16 INFO   e4 step   300/869  loss=0.3002  acc=0.8606  lr0=3.64e-06 lr1=1.82e-04
00:35:24 INFO   e4 step   350/869  loss=0.3014  acc=0.8586  lr0=3.32e-06 lr1=1.66e-04
00:35:32 INFO   e4 step   400/869  loss=0.2990  acc=0.8597  lr0=3.00e-06 lr1=1.50e-04
00:35:40 INFO   e4 step   450/869  loss=0.3049  acc=0.8568  lr0=2.68e-06 lr1=1.34e-04
00:35:48 INFO   e4 step   500/869  loss=0.3013  acc=0.8585  lr0=2.36e-06 lr1=1.18e-04
00:35:56 INFO   e4 step   550/869  loss=0.2989  acc=0.8591  lr0=2.04e-06 lr1=1.02e-04
00:36:05 INFO   e4 step   600/869  loss=0.3001  acc=0.8597  lr0=1.72e-06 lr1=8.60e-05
00:36:13 INFO   e4 step   650/869  loss=0.2972  acc=0.8612  lr0=1.40e-06 lr1=7.00e-05
00:36:21 INFO   e4 step   700/869  loss=0.2968  acc=0.8607  lr0=1.08e-06 lr1=5.40e-05
00:36:29 INFO   e4 step   750/869  loss=0.2953  acc=0.8618  lr0=7.61e-07 lr1=3.80e-05
00:36:37 INFO   e4 step   800/869  loss=0.2951  acc=0.8620  lr0=4.41e-07 lr1=2.21e-05
00:36:45 INFO   e4 step   850/869  loss=0.2933  acc=0.8633  lr0=1.21e-07 lr1=6.07e-06
00:36:51 INFO [epoch 4] train_loss=0.2932 train_acc=0.8631  val_loss=0.9410 val_acc=0.6921 val_auc=0.7684  elapsed=143.7s
00:36:54 INFO   saved best.pt  val_acc=0.6921
00:36:56 INFO loading best.pt for test eval
00:37:00 INFO [test] loss=1.0512  acc=0.6686  auc=0.7461  f1=0.6591
00:37:00 INFO [test] per-tier-pair accuracy:
00:37:00 INFO         T0-T0  n= 1548  acc=0.6686
00:37:00 INFO [done] run_summary.json written to /mnt/localssd/baseline_sweep/runs/new_aep_wf_scrap/bge-large-en-v1.5
