04:08:12 INFO run_dir=runs/classifier/merged_workflows_all-mpnet-base-v2
04:08:12 INFO device=cuda  bf16=True
04:08:12 INFO tokenizer <- sentence-transformers/all-mpnet-base-v2
04:08:12 INFO max_seq_len=524 exceeds model cap 512; clamping to 512
04:08:12 INFO max_seq_len=512 (user-provided)
04:08:12 INFO loading datasets
04:08:13 INFO   train=34980  val=4084  test=3942
04:08:13 INFO building DirectionalClassifier on sentence-transformers/all-mpnet-base-v2  head_cfg={'head_type': 'mlp', 'hidden_dims': [512, 128], 'dropout': 0.1, 'activation': 'gelu', 'norm': 'layer'}  n_tiers=0
04:08:14 INFO   hidden_size=768  trainable_params=220,619,521
04:08:14 INFO   total_steps=3282  warmup_steps=328
04:08:20 INFO   e1 step    50/1094  loss=0.8378  acc=0.5244  lr0=3.05e-06 lr1=1.52e-04
04:08:25 INFO   e1 step   100/1094  loss=0.8091  acc=0.5431  lr0=6.10e-06 lr1=3.05e-04
04:08:30 INFO   e1 step   150/1094  loss=0.7826  acc=0.5433  lr0=9.15e-06 lr1=4.57e-04
04:08:36 INFO   e1 step   200/1094  loss=0.7619  acc=0.5442  lr0=1.22e-05 lr1=6.10e-04
04:08:41 INFO   e1 step   250/1094  loss=0.7464  acc=0.5464  lr0=1.52e-05 lr1=7.62e-04
04:08:46 INFO   e1 step   300/1094  loss=0.7356  acc=0.5459  lr0=1.83e-05 lr1=9.15e-04
04:08:52 INFO   e1 step   350/1094  loss=0.7287  acc=0.5443  lr0=1.99e-05 lr1=9.93e-04
04:08:57 INFO   e1 step   400/1094  loss=0.7224  acc=0.5441  lr0=1.95e-05 lr1=9.76e-04
04:09:02 INFO   e1 step   450/1094  loss=0.7168  acc=0.5456  lr0=1.92e-05 lr1=9.59e-04
04:09:07 INFO   e1 step   500/1094  loss=0.7124  acc=0.5488  lr0=1.88e-05 lr1=9.42e-04
04:09:12 INFO   e1 step   550/1094  loss=0.7086  acc=0.5502  lr0=1.85e-05 lr1=9.25e-04
04:09:17 INFO   e1 step   600/1094  loss=0.7053  acc=0.5510  lr0=1.82e-05 lr1=9.08e-04
04:09:22 INFO   e1 step   650/1094  loss=0.7011  acc=0.5538  lr0=1.78e-05 lr1=8.91e-04
04:09:27 INFO   e1 step   700/1094  loss=0.6971  acc=0.5570  lr0=1.75e-05 lr1=8.74e-04
04:09:32 INFO   e1 step   750/1094  loss=0.6946  acc=0.5589  lr0=1.71e-05 lr1=8.57e-04
04:09:37 INFO   e1 step   800/1094  loss=0.6918  acc=0.5605  lr0=1.68e-05 lr1=8.40e-04
04:09:42 INFO   e1 step   850/1094  loss=0.6898  acc=0.5621  lr0=1.65e-05 lr1=8.23e-04
04:09:48 INFO   e1 step   900/1094  loss=0.6872  acc=0.5632  lr0=1.61e-05 lr1=8.06e-04
04:09:53 INFO   e1 step   950/1094  loss=0.6852  acc=0.5645  lr0=1.58e-05 lr1=7.89e-04
04:09:59 INFO   e1 step  1000/1094  loss=0.6835  acc=0.5657  lr0=1.55e-05 lr1=7.73e-04
04:10:04 INFO   e1 step  1050/1094  loss=0.6806  acc=0.5678  lr0=1.51e-05 lr1=7.56e-04
04:10:14 INFO [epoch 1] train_loss=0.6790 train_acc=0.5688  val_loss=0.6544 val_acc=0.5933 val_auc=0.6680  elapsed=119.8s
04:10:15 INFO   saved best.pt  val_acc=0.5933
04:10:20 INFO   e2 step    50/1094  loss=0.6074  acc=0.6488  lr0=1.45e-05 lr1=7.24e-04
04:10:26 INFO   e2 step   100/1094  loss=0.6037  acc=0.6553  lr0=1.41e-05 lr1=7.07e-04
04:10:31 INFO   e2 step   150/1094  loss=0.6050  acc=0.6565  lr0=1.38e-05 lr1=6.90e-04
04:10:36 INFO   e2 step   200/1094  loss=0.6038  acc=0.6553  lr0=1.35e-05 lr1=6.73e-04
04:10:42 INFO   e2 step   250/1094  loss=0.6038  acc=0.6524  lr0=1.31e-05 lr1=6.56e-04
04:10:47 INFO   e2 step   300/1094  loss=0.6057  acc=0.6494  lr0=1.28e-05 lr1=6.39e-04
04:10:52 INFO   e2 step   350/1094  loss=0.6067  acc=0.6454  lr0=1.24e-05 lr1=6.22e-04
04:10:57 INFO   e2 step   400/1094  loss=0.6055  acc=0.6452  lr0=1.21e-05 lr1=6.05e-04
04:11:02 INFO   e2 step   450/1094  loss=0.6043  acc=0.6462  lr0=1.18e-05 lr1=5.88e-04
04:11:07 INFO   e2 step   500/1094  loss=0.6021  acc=0.6488  lr0=1.14e-05 lr1=5.71e-04
04:11:13 INFO   e2 step   550/1094  loss=0.6024  acc=0.6466  lr0=1.11e-05 lr1=5.55e-04
04:11:18 INFO   e2 step   600/1094  loss=0.5997  acc=0.6486  lr0=1.08e-05 lr1=5.38e-04
04:11:23 INFO   e2 step   650/1094  loss=0.6006  acc=0.6467  lr0=1.04e-05 lr1=5.21e-04
04:11:28 INFO   e2 step   700/1094  loss=0.5995  acc=0.6479  lr0=1.01e-05 lr1=5.04e-04
04:11:33 INFO   e2 step   750/1094  loss=0.5992  acc=0.6486  lr0=9.74e-06 lr1=4.87e-04
04:11:38 INFO   e2 step   800/1094  loss=0.5987  acc=0.6488  lr0=9.40e-06 lr1=4.70e-04
04:11:43 INFO   e2 step   850/1094  loss=0.5979  acc=0.6501  lr0=9.06e-06 lr1=4.53e-04
04:11:48 INFO   e2 step   900/1094  loss=0.5965  acc=0.6511  lr0=8.72e-06 lr1=4.36e-04
04:11:53 INFO   e2 step   950/1094  loss=0.5954  acc=0.6522  lr0=8.38e-06 lr1=4.19e-04
04:11:58 INFO   e2 step  1000/1094  loss=0.5946  acc=0.6539  lr0=8.04e-06 lr1=4.02e-04
04:12:03 INFO   e2 step  1050/1094  loss=0.5935  acc=0.6548  lr0=7.70e-06 lr1=3.85e-04
04:12:12 INFO [epoch 2] train_loss=0.5937 train_acc=0.6541  val_loss=0.6213 val_acc=0.6415 val_auc=0.7117  elapsed=117.4s
04:12:14 INFO   saved best.pt  val_acc=0.6415
04:12:19 INFO   e3 step    50/1094  loss=0.5268  acc=0.7044  lr0=7.07e-06 lr1=3.53e-04
04:12:24 INFO   e3 step   100/1094  loss=0.5204  acc=0.7131  lr0=6.73e-06 lr1=3.36e-04
04:12:29 INFO   e3 step   150/1094  loss=0.5245  acc=0.7169  lr0=6.39e-06 lr1=3.20e-04
04:12:34 INFO   e3 step   200/1094  loss=0.5267  acc=0.7113  lr0=6.05e-06 lr1=3.03e-04
04:12:40 INFO   e3 step   250/1094  loss=0.5213  acc=0.7150  lr0=5.71e-06 lr1=2.86e-04
04:12:45 INFO   e3 step   300/1094  loss=0.5232  acc=0.7149  lr0=5.38e-06 lr1=2.69e-04
04:12:50 INFO   e3 step   350/1094  loss=0.5228  acc=0.7155  lr0=5.04e-06 lr1=2.52e-04
04:12:55 INFO   e3 step   400/1094  loss=0.5209  acc=0.7165  lr0=4.70e-06 lr1=2.35e-04
04:13:00 INFO   e3 step   450/1094  loss=0.5215  acc=0.7164  lr0=4.36e-06 lr1=2.18e-04
04:13:06 INFO   e3 step   500/1094  loss=0.5204  acc=0.7177  lr0=4.02e-06 lr1=2.01e-04
04:13:11 INFO   e3 step   550/1094  loss=0.5196  acc=0.7178  lr0=3.68e-06 lr1=1.84e-04
04:13:16 INFO   e3 step   600/1094  loss=0.5203  acc=0.7173  lr0=3.34e-06 lr1=1.67e-04
04:13:21 INFO   e3 step   650/1094  loss=0.5212  acc=0.7167  lr0=3.01e-06 lr1=1.50e-04
04:13:26 INFO   e3 step   700/1094  loss=0.5187  acc=0.7190  lr0=2.67e-06 lr1=1.33e-04
04:13:32 INFO   e3 step   750/1094  loss=0.5190  acc=0.7183  lr0=2.33e-06 lr1=1.16e-04
04:13:37 INFO   e3 step   800/1094  loss=0.5190  acc=0.7181  lr0=1.99e-06 lr1=9.95e-05
04:13:42 INFO   e3 step   850/1094  loss=0.5185  acc=0.7189  lr0=1.65e-06 lr1=8.26e-05
04:13:47 INFO   e3 step   900/1094  loss=0.5181  acc=0.7191  lr0=1.31e-06 lr1=6.57e-05
04:13:52 INFO   e3 step   950/1094  loss=0.5179  acc=0.7186  lr0=9.75e-07 lr1=4.87e-05
04:13:57 INFO   e3 step  1000/1094  loss=0.5174  acc=0.7192  lr0=6.36e-07 lr1=3.18e-05
04:14:02 INFO   e3 step  1050/1094  loss=0.5161  acc=0.7193  lr0=2.98e-07 lr1=1.49e-05
04:14:11 INFO [epoch 3] train_loss=0.5148 train_acc=0.7200  val_loss=0.6936 val_acc=0.6481 val_auc=0.7198  elapsed=116.9s
04:14:13 INFO   saved best.pt  val_acc=0.6481
04:14:14 INFO loading best.pt for test eval
04:14:17 INFO [test] loss=0.6593  acc=0.6527  auc=0.7246  f1=0.6540
04:14:17 INFO [test] per-tier-pair accuracy:
04:14:17 INFO         T0-T0  n= 3722  acc=0.6486
04:14:17 INFO         T2-T2  n=   12  acc=1.0000
04:14:17 INFO         T3-T3  n=  120  acc=0.6750
04:14:17 INFO         T9-T9  n=   60  acc=0.7833
04:14:17 INFO       T10-T10  n=   28  acc=0.6786
04:14:17 INFO [done] results in runs/classifier/merged_workflows_all-mpnet-base-v2
