13:07:59 INFO run_dir=runs/classifier/ajo_doc_dataset
13:07:59 INFO device=cuda  bf16=True
13:07:59 INFO tokenizer <- BAAI/bge-small-en-v1.5
13:08:00 INFO max_seq_len=524 exceeds model cap 512; clamping to 512
13:08:00 INFO max_seq_len=512 (user-provided)
13:08:00 INFO loading datasets
13:08:02 INFO   train=99000  val=12256  test=12256
13:08:02 INFO building DirectionalClassifier on BAAI/bge-small-en-v1.5  head_cfg={'head_type': 'mlp', 'hidden_dims': [512, 128], 'dropout': 0.1, 'activation': 'gelu', 'norm': 'layer'}  n_tiers=0
13:08:04 INFO   hidden_size=384  trainable_params=67,577,089
13:08:04 INFO   total_steps=30940  warmup_steps=3094
13:08:13 INFO   e1 step    50/3094  loss=0.8707  acc=0.4813  lr0=3.23e-07 lr1=1.62e-05
13:08:20 INFO   e1 step   100/3094  loss=0.8347  acc=0.4875  lr0=6.46e-07 lr1=3.23e-05
13:08:28 INFO   e1 step   150/3094  loss=0.8150  acc=0.4956  lr0=9.70e-07 lr1=4.85e-05
13:08:36 INFO   e1 step   200/3094  loss=0.7945  acc=0.5111  lr0=1.29e-06 lr1=6.46e-05
13:08:43 INFO   e1 step   250/3094  loss=0.7790  acc=0.5155  lr0=1.62e-06 lr1=8.08e-05
13:08:51 INFO   e1 step   300/3094  loss=0.7632  acc=0.5242  lr0=1.94e-06 lr1=9.70e-05
13:08:59 INFO   e1 step   350/3094  loss=0.7501  acc=0.5352  lr0=2.26e-06 lr1=1.13e-04
13:09:06 INFO   e1 step   400/3094  loss=0.7389  acc=0.5428  lr0=2.59e-06 lr1=1.29e-04
13:09:14 INFO   e1 step   450/3094  loss=0.7288  acc=0.5524  lr0=2.91e-06 lr1=1.45e-04
13:09:22 INFO   e1 step   500/3094  loss=0.7167  acc=0.5632  lr0=3.23e-06 lr1=1.62e-04
13:09:29 INFO   e1 step   550/3094  loss=0.7035  acc=0.5760  lr0=3.56e-06 lr1=1.78e-04
13:09:37 INFO   e1 step   600/3094  loss=0.6863  acc=0.5910  lr0=3.88e-06 lr1=1.94e-04
13:09:45 INFO   e1 step   650/3094  loss=0.6696  acc=0.6052  lr0=4.20e-06 lr1=2.10e-04
13:09:52 INFO   e1 step   700/3094  loss=0.6524  acc=0.6185  lr0=4.52e-06 lr1=2.26e-04
13:10:00 INFO   e1 step   750/3094  loss=0.6362  acc=0.6312  lr0=4.85e-06 lr1=2.42e-04
13:10:08 INFO   e1 step   800/3094  loss=0.6200  acc=0.6442  lr0=5.17e-06 lr1=2.59e-04
13:10:15 INFO   e1 step   850/3094  loss=0.6037  acc=0.6565  lr0=5.49e-06 lr1=2.75e-04
13:10:23 INFO   e1 step   900/3094  loss=0.5885  acc=0.6679  lr0=5.82e-06 lr1=2.91e-04
13:10:31 INFO   e1 step   950/3094  loss=0.5740  acc=0.6781  lr0=6.14e-06 lr1=3.07e-04
13:10:39 INFO   e1 step  1000/3094  loss=0.5599  acc=0.6879  lr0=6.46e-06 lr1=3.23e-04
13:10:46 INFO   e1 step  1050/3094  loss=0.5452  acc=0.6977  lr0=6.79e-06 lr1=3.39e-04
13:10:54 INFO   e1 step  1100/3094  loss=0.5305  acc=0.7074  lr0=7.11e-06 lr1=3.56e-04
13:11:02 INFO   e1 step  1150/3094  loss=0.5166  acc=0.7165  lr0=7.43e-06 lr1=3.72e-04
13:11:10 INFO   e1 step  1200/3094  loss=0.5043  acc=0.7246  lr0=7.76e-06 lr1=3.88e-04
13:11:18 INFO   e1 step  1250/3094  loss=0.4918  acc=0.7327  lr0=8.08e-06 lr1=4.04e-04
13:11:25 INFO   e1 step  1300/3094  loss=0.4791  acc=0.7408  lr0=8.40e-06 lr1=4.20e-04
13:11:33 INFO   e1 step  1350/3094  loss=0.4675  acc=0.7481  lr0=8.73e-06 lr1=4.36e-04
13:11:41 INFO   e1 step  1400/3094  loss=0.4570  acc=0.7546  lr0=9.05e-06 lr1=4.52e-04
13:11:48 INFO   e1 step  1450/3094  loss=0.4455  acc=0.7616  lr0=9.37e-06 lr1=4.69e-04
13:11:56 INFO   e1 step  1500/3094  loss=0.4353  acc=0.7676  lr0=9.70e-06 lr1=4.85e-04
13:12:03 INFO   e1 step  1550/3094  loss=0.4252  acc=0.7735  lr0=1.00e-05 lr1=5.01e-04
13:12:11 INFO   e1 step  1600/3094  loss=0.4151  acc=0.7794  lr0=1.03e-05 lr1=5.17e-04
13:12:19 INFO   e1 step  1650/3094  loss=0.4055  acc=0.7849  lr0=1.07e-05 lr1=5.33e-04
13:12:27 INFO   e1 step  1700/3094  loss=0.3966  acc=0.7901  lr0=1.10e-05 lr1=5.49e-04
13:12:34 INFO   e1 step  1750/3094  loss=0.3874  acc=0.7953  lr0=1.13e-05 lr1=5.66e-04
13:12:42 INFO   e1 step  1800/3094  loss=0.3787  acc=0.8002  lr0=1.16e-05 lr1=5.82e-04
13:12:50 INFO   e1 step  1850/3094  loss=0.3706  acc=0.8049  lr0=1.20e-05 lr1=5.98e-04
13:12:58 INFO   e1 step  1900/3094  loss=0.3627  acc=0.8093  lr0=1.23e-05 lr1=6.14e-04
13:13:05 INFO   e1 step  1950/3094  loss=0.3551  acc=0.8136  lr0=1.26e-05 lr1=6.30e-04
13:13:13 INFO   e1 step  2000/3094  loss=0.3473  acc=0.8180  lr0=1.29e-05 lr1=6.46e-04
13:13:21 INFO   e1 step  2050/3094  loss=0.3398  acc=0.8221  lr0=1.33e-05 lr1=6.63e-04
13:13:28 INFO   e1 step  2100/3094  loss=0.3326  acc=0.8260  lr0=1.36e-05 lr1=6.79e-04
13:13:36 INFO   e1 step  2150/3094  loss=0.3264  acc=0.8295  lr0=1.39e-05 lr1=6.95e-04
13:13:44 INFO   e1 step  2200/3094  loss=0.3199  acc=0.8331  lr0=1.42e-05 lr1=7.11e-04
13:13:52 INFO   e1 step  2250/3094  loss=0.3144  acc=0.8363  lr0=1.45e-05 lr1=7.27e-04
13:13:59 INFO   e1 step  2300/3094  loss=0.3084  acc=0.8396  lr0=1.49e-05 lr1=7.43e-04
13:14:07 INFO   e1 step  2350/3094  loss=0.3027  acc=0.8427  lr0=1.52e-05 lr1=7.60e-04
13:14:15 INFO   e1 step  2400/3094  loss=0.2972  acc=0.8458  lr0=1.55e-05 lr1=7.76e-04
13:14:23 INFO   e1 step  2450/3094  loss=0.2918  acc=0.8487  lr0=1.58e-05 lr1=7.92e-04
13:14:30 INFO   e1 step  2500/3094  loss=0.2868  acc=0.8515  lr0=1.62e-05 lr1=8.08e-04
13:14:38 INFO   e1 step  2550/3094  loss=0.2817  acc=0.8542  lr0=1.65e-05 lr1=8.24e-04
13:14:45 INFO   e1 step  2600/3094  loss=0.2769  acc=0.8568  lr0=1.68e-05 lr1=8.40e-04
13:14:52 INFO   e1 step  2650/3094  loss=0.2725  acc=0.8593  lr0=1.71e-05 lr1=8.56e-04
13:15:00 INFO   e1 step  2700/3094  loss=0.2686  acc=0.8616  lr0=1.75e-05 lr1=8.73e-04
13:15:08 INFO   e1 step  2750/3094  loss=0.2641  acc=0.8639  lr0=1.78e-05 lr1=8.89e-04
13:15:16 INFO   e1 step  2800/3094  loss=0.2603  acc=0.8661  lr0=1.81e-05 lr1=9.05e-04
13:15:24 INFO   e1 step  2850/3094  loss=0.2562  acc=0.8683  lr0=1.84e-05 lr1=9.21e-04
13:15:31 INFO   e1 step  2900/3094  loss=0.2524  acc=0.8704  lr0=1.87e-05 lr1=9.37e-04
13:15:39 INFO   e1 step  2950/3094  loss=0.2487  acc=0.8724  lr0=1.91e-05 lr1=9.53e-04
13:15:47 INFO   e1 step  3000/3094  loss=0.2454  acc=0.8743  lr0=1.94e-05 lr1=9.70e-04
13:15:55 INFO   e1 step  3050/3094  loss=0.2417  acc=0.8762  lr0=1.97e-05 lr1=9.86e-04
13:16:15 INFO [epoch 1] train_loss=0.2386 train_acc=0.8779  val_loss=0.1317 val_acc=0.9695 val_auc=0.9931  elapsed=491.5s
13:16:15 INFO   saved best.pt  val_acc=0.9695
13:16:23 INFO   e2 step    50/3094  loss=0.0327  acc=0.9912  lr0=2.00e-05 lr1=9.98e-04
13:16:31 INFO   e2 step   100/3094  loss=0.0277  acc=0.9928  lr0=1.99e-05 lr1=9.96e-04
13:16:39 INFO   e2 step   150/3094  loss=0.0255  acc=0.9929  lr0=1.99e-05 lr1=9.95e-04
13:16:46 INFO   e2 step   200/3094  loss=0.0272  acc=0.9923  lr0=1.99e-05 lr1=9.93e-04
13:16:54 INFO   e2 step   250/3094  loss=0.0268  acc=0.9925  lr0=1.98e-05 lr1=9.91e-04
13:17:02 INFO   e2 step   300/3094  loss=0.0283  acc=0.9920  lr0=1.98e-05 lr1=9.89e-04
13:17:09 INFO   e2 step   350/3094  loss=0.0260  acc=0.9926  lr0=1.97e-05 lr1=9.87e-04
13:17:17 INFO   e2 step   400/3094  loss=0.0251  acc=0.9927  lr0=1.97e-05 lr1=9.86e-04
13:17:25 INFO   e2 step   450/3094  loss=0.0245  acc=0.9928  lr0=1.97e-05 lr1=9.84e-04
13:17:33 INFO   e2 step   500/3094  loss=0.0239  acc=0.9928  lr0=1.96e-05 lr1=9.82e-04
13:17:41 INFO   e2 step   550/3094  loss=0.0247  acc=0.9928  lr0=1.96e-05 lr1=9.80e-04
13:17:48 INFO   e2 step   600/3094  loss=0.0253  acc=0.9926  lr0=1.96e-05 lr1=9.78e-04
13:17:56 INFO   e2 step   650/3094  loss=0.0251  acc=0.9926  lr0=1.95e-05 lr1=9.77e-04
13:18:04 INFO   e2 step   700/3094  loss=0.0247  acc=0.9927  lr0=1.95e-05 lr1=9.75e-04
13:18:11 INFO   e2 step   750/3094  loss=0.0241  acc=0.9930  lr0=1.95e-05 lr1=9.73e-04
13:18:19 INFO   e2 step   800/3094  loss=0.0237  acc=0.9930  lr0=1.94e-05 lr1=9.71e-04
13:18:27 INFO   e2 step   850/3094  loss=0.0233  acc=0.9931  lr0=1.94e-05 lr1=9.69e-04
13:18:34 INFO   e2 step   900/3094  loss=0.0230  acc=0.9933  lr0=1.94e-05 lr1=9.68e-04
13:18:42 INFO   e2 step   950/3094  loss=0.0224  acc=0.9935  lr0=1.93e-05 lr1=9.66e-04
13:18:50 INFO   e2 step  1000/3094  loss=0.0221  acc=0.9936  lr0=1.93e-05 lr1=9.64e-04
13:18:58 INFO   e2 step  1050/3094  loss=0.0211  acc=0.9938  lr0=1.92e-05 lr1=9.62e-04
13:19:05 INFO   e2 step  1100/3094  loss=0.0211  acc=0.9939  lr0=1.92e-05 lr1=9.60e-04
13:19:13 INFO   e2 step  1150/3094  loss=0.0209  acc=0.9939  lr0=1.92e-05 lr1=9.59e-04
13:19:21 INFO   e2 step  1200/3094  loss=0.0206  acc=0.9940  lr0=1.91e-05 lr1=9.57e-04
13:19:29 INFO   e2 step  1250/3094  loss=0.0198  acc=0.9942  lr0=1.91e-05 lr1=9.55e-04
13:19:36 INFO   e2 step  1300/3094  loss=0.0196  acc=0.9942  lr0=1.91e-05 lr1=9.53e-04
13:19:44 INFO   e2 step  1350/3094  loss=0.0193  acc=0.9942  lr0=1.90e-05 lr1=9.52e-04
13:19:52 INFO   e2 step  1400/3094  loss=0.0189  acc=0.9944  lr0=1.90e-05 lr1=9.50e-04
13:20:00 INFO   e2 step  1450/3094  loss=0.0189  acc=0.9944  lr0=1.90e-05 lr1=9.48e-04
13:20:07 INFO   e2 step  1500/3094  loss=0.0193  acc=0.9945  lr0=1.89e-05 lr1=9.46e-04
13:20:15 INFO   e2 step  1550/3094  loss=0.0189  acc=0.9946  lr0=1.89e-05 lr1=9.44e-04
13:20:23 INFO   e2 step  1600/3094  loss=0.0186  acc=0.9947  lr0=1.89e-05 lr1=9.43e-04
13:20:31 INFO   e2 step  1650/3094  loss=0.0182  acc=0.9948  lr0=1.88e-05 lr1=9.41e-04
13:20:39 INFO   e2 step  1700/3094  loss=0.0183  acc=0.9948  lr0=1.88e-05 lr1=9.39e-04
13:20:46 INFO   e2 step  1750/3094  loss=0.0184  acc=0.9948  lr0=1.87e-05 lr1=9.37e-04
13:20:54 INFO   e2 step  1800/3094  loss=0.0184  acc=0.9948  lr0=1.87e-05 lr1=9.35e-04
13:21:02 INFO   e2 step  1850/3094  loss=0.0180  acc=0.9949  lr0=1.87e-05 lr1=9.34e-04
13:21:10 INFO   e2 step  1900/3094  loss=0.0177  acc=0.9950  lr0=1.86e-05 lr1=9.32e-04
13:21:18 INFO   e2 step  1950/3094  loss=0.0174  acc=0.9951  lr0=1.86e-05 lr1=9.30e-04
13:21:26 INFO   e2 step  2000/3094  loss=0.0174  acc=0.9951  lr0=1.86e-05 lr1=9.28e-04
13:21:34 INFO   e2 step  2050/3094  loss=0.0175  acc=0.9951  lr0=1.85e-05 lr1=9.26e-04
13:21:41 INFO   e2 step  2100/3094  loss=0.0173  acc=0.9952  lr0=1.85e-05 lr1=9.25e-04
13:21:49 INFO   e2 step  2150/3094  loss=0.0173  acc=0.9952  lr0=1.85e-05 lr1=9.23e-04
13:21:57 INFO   e2 step  2200/3094  loss=0.0172  acc=0.9953  lr0=1.84e-05 lr1=9.21e-04
13:22:04 INFO   e2 step  2250/3094  loss=0.0169  acc=0.9954  lr0=1.84e-05 lr1=9.19e-04
13:22:12 INFO   e2 step  2300/3094  loss=0.0167  acc=0.9954  lr0=1.83e-05 lr1=9.17e-04
13:22:20 INFO   e2 step  2350/3094  loss=0.0166  acc=0.9954  lr0=1.83e-05 lr1=9.16e-04
13:22:28 INFO   e2 step  2400/3094  loss=0.0169  acc=0.9954  lr0=1.83e-05 lr1=9.14e-04
13:22:35 INFO   e2 step  2450/3094  loss=0.0167  acc=0.9955  lr0=1.82e-05 lr1=9.12e-04
13:22:43 INFO   e2 step  2500/3094  loss=0.0165  acc=0.9955  lr0=1.82e-05 lr1=9.10e-04
13:22:51 INFO   e2 step  2550/3094  loss=0.0163  acc=0.9956  lr0=1.82e-05 lr1=9.08e-04
13:22:59 INFO   e2 step  2600/3094  loss=0.0162  acc=0.9956  lr0=1.81e-05 lr1=9.07e-04
13:23:07 INFO   e2 step  2650/3094  loss=0.0160  acc=0.9956  lr0=1.81e-05 lr1=9.05e-04
13:23:14 INFO   e2 step  2700/3094  loss=0.0158  acc=0.9957  lr0=1.81e-05 lr1=9.03e-04
13:23:22 INFO   e2 step  2750/3094  loss=0.0155  acc=0.9958  lr0=1.80e-05 lr1=9.01e-04
13:23:30 INFO   e2 step  2800/3094  loss=0.0155  acc=0.9958  lr0=1.80e-05 lr1=8.99e-04
13:23:38 INFO   e2 step  2850/3094  loss=0.0156  acc=0.9958  lr0=1.80e-05 lr1=8.98e-04
13:23:45 INFO   e2 step  2900/3094  loss=0.0156  acc=0.9958  lr0=1.79e-05 lr1=8.96e-04
13:23:53 INFO   e2 step  2950/3094  loss=0.0156  acc=0.9958  lr0=1.79e-05 lr1=8.94e-04
13:24:01 INFO   e2 step  3000/3094  loss=0.0155  acc=0.9958  lr0=1.78e-05 lr1=8.92e-04
13:24:09 INFO   e2 step  3050/3094  loss=0.0153  acc=0.9958  lr0=1.78e-05 lr1=8.90e-04
13:24:29 INFO [epoch 2] train_loss=0.0153 train_acc=0.9959  val_loss=0.1091 val_acc=0.9830 val_auc=0.9937  elapsed=493.7s
13:24:30 INFO   saved best.pt  val_acc=0.9830
13:24:38 INFO   e3 step    50/3094  loss=0.0018  acc=0.9988  lr0=1.77e-05 lr1=8.87e-04
13:24:45 INFO   e3 step   100/3094  loss=0.0090  acc=0.9975  lr0=1.77e-05 lr1=8.85e-04
13:24:53 INFO   e3 step   150/3094  loss=0.0093  acc=0.9969  lr0=1.77e-05 lr1=8.84e-04
13:25:01 INFO   e3 step   200/3094  loss=0.0112  acc=0.9969  lr0=1.76e-05 lr1=8.82e-04
13:25:08 INFO   e3 step   250/3094  loss=0.0102  acc=0.9969  lr0=1.76e-05 lr1=8.80e-04
13:25:16 INFO   e3 step   300/3094  loss=0.0107  acc=0.9968  lr0=1.76e-05 lr1=8.78e-04
13:25:24 INFO   e3 step   350/3094  loss=0.0101  acc=0.9970  lr0=1.75e-05 lr1=8.76e-04
13:25:32 INFO   e3 step   400/3094  loss=0.0093  acc=0.9972  lr0=1.75e-05 lr1=8.75e-04
13:25:39 INFO   e3 step   450/3094  loss=0.0091  acc=0.9974  lr0=1.75e-05 lr1=8.73e-04
13:25:47 INFO   e3 step   500/3094  loss=0.0088  acc=0.9974  lr0=1.74e-05 lr1=8.71e-04
13:25:55 INFO   e3 step   550/3094  loss=0.0093  acc=0.9972  lr0=1.74e-05 lr1=8.69e-04
13:26:02 INFO   e3 step   600/3094  loss=0.0100  acc=0.9971  lr0=1.73e-05 lr1=8.67e-04
13:26:10 INFO   e3 step   650/3094  loss=0.0102  acc=0.9971  lr0=1.73e-05 lr1=8.66e-04
13:26:18 INFO   e3 step   700/3094  loss=0.0099  acc=0.9972  lr0=1.73e-05 lr1=8.64e-04
13:26:26 INFO   e3 step   750/3094  loss=0.0103  acc=0.9971  lr0=1.72e-05 lr1=8.62e-04
13:26:33 INFO   e3 step   800/3094  loss=0.0098  acc=0.9971  lr0=1.72e-05 lr1=8.60e-04
13:26:41 INFO   e3 step   850/3094  loss=0.0094  acc=0.9973  lr0=1.72e-05 lr1=8.58e-04
13:26:49 INFO   e3 step   900/3094  loss=0.0098  acc=0.9973  lr0=1.71e-05 lr1=8.57e-04
13:26:57 INFO   e3 step   950/3094  loss=0.0094  acc=0.9974  lr0=1.71e-05 lr1=8.55e-04
13:27:04 INFO   e3 step  1000/3094  loss=0.0094  acc=0.9974  lr0=1.71e-05 lr1=8.53e-04
13:27:12 INFO   e3 step  1050/3094  loss=0.0099  acc=0.9974  lr0=1.70e-05 lr1=8.51e-04
13:27:20 INFO   e3 step  1100/3094  loss=0.0107  acc=0.9972  lr0=1.70e-05 lr1=8.49e-04
13:27:27 INFO   e3 step  1150/3094  loss=0.0106  acc=0.9972  lr0=1.70e-05 lr1=8.48e-04
13:27:35 INFO   e3 step  1200/3094  loss=0.0105  acc=0.9972  lr0=1.69e-05 lr1=8.46e-04
13:27:43 INFO   e3 step  1250/3094  loss=0.0104  acc=0.9972  lr0=1.69e-05 lr1=8.44e-04
13:27:51 INFO   e3 step  1300/3094  loss=0.0102  acc=0.9972  lr0=1.68e-05 lr1=8.42e-04
13:27:59 INFO   e3 step  1350/3094  loss=0.0104  acc=0.9972  lr0=1.68e-05 lr1=8.40e-04
13:28:07 INFO   e3 step  1400/3094  loss=0.0105  acc=0.9971  lr0=1.68e-05 lr1=8.39e-04
13:28:15 INFO   e3 step  1450/3094  loss=0.0102  acc=0.9972  lr0=1.67e-05 lr1=8.37e-04
13:28:22 INFO   e3 step  1500/3094  loss=0.0102  acc=0.9972  lr0=1.67e-05 lr1=8.35e-04
13:28:30 INFO   e3 step  1550/3094  loss=0.0100  acc=0.9973  lr0=1.67e-05 lr1=8.33e-04
13:28:38 INFO   e3 step  1600/3094  loss=0.0101  acc=0.9973  lr0=1.66e-05 lr1=8.31e-04
13:28:46 INFO   e3 step  1650/3094  loss=0.0099  acc=0.9973  lr0=1.66e-05 lr1=8.30e-04
13:28:53 INFO   e3 step  1700/3094  loss=0.0097  acc=0.9974  lr0=1.66e-05 lr1=8.28e-04
13:29:01 INFO   e3 step  1750/3094  loss=0.0096  acc=0.9974  lr0=1.65e-05 lr1=8.26e-04
13:29:09 INFO   e3 step  1800/3094  loss=0.0097  acc=0.9974  lr0=1.65e-05 lr1=8.24e-04
13:29:16 INFO   e3 step  1850/3094  loss=0.0096  acc=0.9974  lr0=1.64e-05 lr1=8.22e-04
13:29:24 INFO   e3 step  1900/3094  loss=0.0094  acc=0.9974  lr0=1.64e-05 lr1=8.21e-04
13:29:31 INFO   e3 step  1950/3094  loss=0.0092  acc=0.9975  lr0=1.64e-05 lr1=8.19e-04
13:29:39 INFO   e3 step  2000/3094  loss=0.0091  acc=0.9975  lr0=1.63e-05 lr1=8.17e-04
13:29:47 INFO   e3 step  2050/3094  loss=0.0090  acc=0.9976  lr0=1.63e-05 lr1=8.15e-04
13:29:55 INFO   e3 step  2100/3094  loss=0.0089  acc=0.9976  lr0=1.63e-05 lr1=8.13e-04
13:30:02 INFO   e3 step  2150/3094  loss=0.0088  acc=0.9976  lr0=1.62e-05 lr1=8.12e-04
13:30:10 INFO   e3 step  2200/3094  loss=0.0087  acc=0.9976  lr0=1.62e-05 lr1=8.10e-04
13:30:18 INFO   e3 step  2250/3094  loss=0.0087  acc=0.9977  lr0=1.62e-05 lr1=8.08e-04
13:30:26 INFO   e3 step  2300/3094  loss=0.0088  acc=0.9976  lr0=1.61e-05 lr1=8.06e-04
13:30:34 INFO   e3 step  2350/3094  loss=0.0089  acc=0.9976  lr0=1.61e-05 lr1=8.04e-04
13:30:41 INFO   e3 step  2400/3094  loss=0.0089  acc=0.9976  lr0=1.61e-05 lr1=8.03e-04
13:30:49 INFO   e3 step  2450/3094  loss=0.0091  acc=0.9975  lr0=1.60e-05 lr1=8.01e-04
13:30:57 INFO   e3 step  2500/3094  loss=0.0089  acc=0.9976  lr0=1.60e-05 lr1=7.99e-04
13:31:05 INFO   e3 step  2550/3094  loss=0.0089  acc=0.9976  lr0=1.59e-05 lr1=7.97e-04
13:31:13 INFO   e3 step  2600/3094  loss=0.0089  acc=0.9976  lr0=1.59e-05 lr1=7.96e-04
13:31:21 INFO   e3 step  2650/3094  loss=0.0087  acc=0.9977  lr0=1.59e-05 lr1=7.94e-04
13:31:28 INFO   e3 step  2700/3094  loss=0.0085  acc=0.9977  lr0=1.58e-05 lr1=7.92e-04
13:31:36 INFO   e3 step  2750/3094  loss=0.0085  acc=0.9977  lr0=1.58e-05 lr1=7.90e-04
13:31:44 INFO   e3 step  2800/3094  loss=0.0084  acc=0.9977  lr0=1.58e-05 lr1=7.88e-04
13:31:51 INFO   e3 step  2850/3094  loss=0.0084  acc=0.9978  lr0=1.57e-05 lr1=7.87e-04
13:31:59 INFO   e3 step  2900/3094  loss=0.0083  acc=0.9978  lr0=1.57e-05 lr1=7.85e-04
13:32:07 INFO   e3 step  2950/3094  loss=0.0082  acc=0.9978  lr0=1.57e-05 lr1=7.83e-04
13:32:15 INFO   e3 step  3000/3094  loss=0.0082  acc=0.9978  lr0=1.56e-05 lr1=7.81e-04
13:32:22 INFO   e3 step  3050/3094  loss=0.0081  acc=0.9978  lr0=1.56e-05 lr1=7.79e-04
13:32:42 INFO [epoch 3] train_loss=0.0080 train_acc=0.9978  val_loss=0.1059 val_acc=0.9820 val_auc=0.9958  elapsed=492.9s
13:32:50 INFO   e4 step    50/3094  loss=0.0027  acc=0.9994  lr0=1.55e-05 lr1=7.76e-04
13:32:58 INFO   e4 step   100/3094  loss=0.0042  acc=0.9991  lr0=1.55e-05 lr1=7.74e-04
13:33:06 INFO   e4 step   150/3094  loss=0.0075  acc=0.9988  lr0=1.54e-05 lr1=7.72e-04
13:33:14 INFO   e4 step   200/3094  loss=0.0057  acc=0.9991  lr0=1.54e-05 lr1=7.71e-04
13:33:21 INFO   e4 step   250/3094  loss=0.0045  acc=0.9992  lr0=1.54e-05 lr1=7.69e-04
13:33:29 INFO   e4 step   300/3094  loss=0.0060  acc=0.9991  lr0=1.53e-05 lr1=7.67e-04
13:33:37 INFO   e4 step   350/3094  loss=0.0055  acc=0.9991  lr0=1.53e-05 lr1=7.65e-04
13:33:44 INFO   e4 step   400/3094  loss=0.0054  acc=0.9991  lr0=1.53e-05 lr1=7.63e-04
13:33:52 INFO   e4 step   450/3094  loss=0.0058  acc=0.9990  lr0=1.52e-05 lr1=7.62e-04
13:34:00 INFO   e4 step   500/3094  loss=0.0059  acc=0.9990  lr0=1.52e-05 lr1=7.60e-04
13:34:08 INFO   e4 step   550/3094  loss=0.0053  acc=0.9991  lr0=1.52e-05 lr1=7.58e-04
13:34:16 INFO   e4 step   600/3094  loss=0.0051  acc=0.9991  lr0=1.51e-05 lr1=7.56e-04
13:34:23 INFO   e4 step   650/3094  loss=0.0056  acc=0.9990  lr0=1.51e-05 lr1=7.54e-04
13:34:31 INFO   e4 step   700/3094  loss=0.0054  acc=0.9990  lr0=1.51e-05 lr1=7.53e-04
13:34:39 INFO   e4 step   750/3094  loss=0.0051  acc=0.9990  lr0=1.50e-05 lr1=7.51e-04
13:34:47 INFO   e4 step   800/3094  loss=0.0049  acc=0.9991  lr0=1.50e-05 lr1=7.49e-04
13:34:54 INFO   e4 step   850/3094  loss=0.0049  acc=0.9991  lr0=1.49e-05 lr1=7.47e-04
13:35:02 INFO   e4 step   900/3094  loss=0.0052  acc=0.9989  lr0=1.49e-05 lr1=7.45e-04
13:35:10 INFO   e4 step   950/3094  loss=0.0055  acc=0.9989  lr0=1.49e-05 lr1=7.44e-04
13:35:18 INFO   e4 step  1000/3094  loss=0.0056  acc=0.9989  lr0=1.48e-05 lr1=7.42e-04
13:35:26 INFO   e4 step  1050/3094  loss=0.0059  acc=0.9989  lr0=1.48e-05 lr1=7.40e-04
13:35:33 INFO   e4 step  1100/3094  loss=0.0069  acc=0.9987  lr0=1.48e-05 lr1=7.38e-04
13:35:41 INFO   e4 step  1150/3094  loss=0.0067  acc=0.9987  lr0=1.47e-05 lr1=7.36e-04
13:35:49 INFO   e4 step  1200/3094  loss=0.0066  acc=0.9987  lr0=1.47e-05 lr1=7.35e-04
13:35:57 INFO   e4 step  1250/3094  loss=0.0065  acc=0.9987  lr0=1.47e-05 lr1=7.33e-04
13:36:05 INFO   e4 step  1300/3094  loss=0.0066  acc=0.9987  lr0=1.46e-05 lr1=7.31e-04
13:36:12 INFO   e4 step  1350/3094  loss=0.0064  acc=0.9987  lr0=1.46e-05 lr1=7.29e-04
13:36:20 INFO   e4 step  1400/3094  loss=0.0062  acc=0.9988  lr0=1.46e-05 lr1=7.28e-04
13:36:28 INFO   e4 step  1450/3094  loss=0.0060  acc=0.9988  lr0=1.45e-05 lr1=7.26e-04
13:36:36 INFO   e4 step  1500/3094  loss=0.0059  acc=0.9988  lr0=1.45e-05 lr1=7.24e-04
13:36:44 INFO   e4 step  1550/3094  loss=0.0057  acc=0.9989  lr0=1.44e-05 lr1=7.22e-04
13:36:51 INFO   e4 step  1600/3094  loss=0.0055  acc=0.9989  lr0=1.44e-05 lr1=7.20e-04
13:36:59 INFO   e4 step  1650/3094  loss=0.0054  acc=0.9989  lr0=1.44e-05 lr1=7.19e-04
13:37:07 INFO   e4 step  1700/3094  loss=0.0052  acc=0.9990  lr0=1.43e-05 lr1=7.17e-04
13:37:14 INFO   e4 step  1750/3094  loss=0.0052  acc=0.9990  lr0=1.43e-05 lr1=7.15e-04
13:37:22 INFO   e4 step  1800/3094  loss=0.0052  acc=0.9990  lr0=1.43e-05 lr1=7.13e-04
13:37:30 INFO   e4 step  1850/3094  loss=0.0053  acc=0.9989  lr0=1.42e-05 lr1=7.11e-04
13:37:38 INFO   e4 step  1900/3094  loss=0.0055  acc=0.9989  lr0=1.42e-05 lr1=7.10e-04
13:37:46 INFO   e4 step  1950/3094  loss=0.0057  acc=0.9988  lr0=1.42e-05 lr1=7.08e-04
13:37:54 INFO   e4 step  2000/3094  loss=0.0059  acc=0.9988  lr0=1.41e-05 lr1=7.06e-04
13:38:01 INFO   e4 step  2050/3094  loss=0.0060  acc=0.9988  lr0=1.41e-05 lr1=7.04e-04
13:38:09 INFO   e4 step  2100/3094  loss=0.0059  acc=0.9988  lr0=1.40e-05 lr1=7.02e-04
13:38:17 INFO   e4 step  2150/3094  loss=0.0060  acc=0.9988  lr0=1.40e-05 lr1=7.01e-04
13:38:25 INFO   e4 step  2200/3094  loss=0.0063  acc=0.9988  lr0=1.40e-05 lr1=6.99e-04
13:38:33 INFO   e4 step  2250/3094  loss=0.0064  acc=0.9987  lr0=1.39e-05 lr1=6.97e-04
13:38:40 INFO   e4 step  2300/3094  loss=0.0062  acc=0.9988  lr0=1.39e-05 lr1=6.95e-04
13:38:48 INFO   e4 step  2350/3094  loss=0.0063  acc=0.9987  lr0=1.39e-05 lr1=6.93e-04
13:38:56 INFO   e4 step  2400/3094  loss=0.0063  acc=0.9987  lr0=1.38e-05 lr1=6.92e-04
13:39:04 INFO   e4 step  2450/3094  loss=0.0062  acc=0.9987  lr0=1.38e-05 lr1=6.90e-04
13:39:12 INFO   e4 step  2500/3094  loss=0.0061  acc=0.9987  lr0=1.38e-05 lr1=6.88e-04
13:39:19 INFO   e4 step  2550/3094  loss=0.0061  acc=0.9987  lr0=1.37e-05 lr1=6.86e-04
13:39:27 INFO   e4 step  2600/3094  loss=0.0062  acc=0.9988  lr0=1.37e-05 lr1=6.84e-04
13:39:35 INFO   e4 step  2650/3094  loss=0.0061  acc=0.9988  lr0=1.37e-05 lr1=6.83e-04
13:39:43 INFO   e4 step  2700/3094  loss=0.0060  acc=0.9988  lr0=1.36e-05 lr1=6.81e-04
13:39:51 INFO   e4 step  2750/3094  loss=0.0062  acc=0.9987  lr0=1.36e-05 lr1=6.79e-04
13:39:59 INFO   e4 step  2800/3094  loss=0.0063  acc=0.9987  lr0=1.35e-05 lr1=6.77e-04
13:40:06 INFO   e4 step  2850/3094  loss=0.0062  acc=0.9987  lr0=1.35e-05 lr1=6.75e-04
13:40:14 INFO   e4 step  2900/3094  loss=0.0062  acc=0.9987  lr0=1.35e-05 lr1=6.74e-04
13:40:22 INFO   e4 step  2950/3094  loss=0.0061  acc=0.9987  lr0=1.34e-05 lr1=6.72e-04
13:40:30 INFO   e4 step  3000/3094  loss=0.0062  acc=0.9987  lr0=1.34e-05 lr1=6.70e-04
13:40:38 INFO   e4 step  3050/3094  loss=0.0062  acc=0.9987  lr0=1.34e-05 lr1=6.68e-04
13:40:58 INFO [epoch 4] train_loss=0.0061 train_acc=0.9987  val_loss=0.0830 val_acc=0.9852 val_auc=0.9969  elapsed=495.4s
13:40:58 INFO   saved best.pt  val_acc=0.9852
13:41:07 INFO   e5 step    50/3094  loss=0.0010  acc=0.9994  lr0=1.33e-05 lr1=6.65e-04
13:41:14 INFO   e5 step   100/3094  loss=0.0009  acc=0.9994  lr0=1.33e-05 lr1=6.63e-04
13:41:22 INFO   e5 step   150/3094  loss=0.0006  acc=0.9996  lr0=1.32e-05 lr1=6.61e-04
13:41:30 INFO   e5 step   200/3094  loss=0.0011  acc=0.9995  lr0=1.32e-05 lr1=6.59e-04
13:41:38 INFO   e5 step   250/3094  loss=0.0009  acc=0.9996  lr0=1.32e-05 lr1=6.58e-04
13:41:45 INFO   e5 step   300/3094  loss=0.0007  acc=0.9997  lr0=1.31e-05 lr1=6.56e-04
13:41:53 INFO   e5 step   350/3094  loss=0.0006  acc=0.9997  lr0=1.31e-05 lr1=6.54e-04
13:42:01 INFO   e5 step   400/3094  loss=0.0011  acc=0.9996  lr0=1.30e-05 lr1=6.52e-04
13:42:09 INFO   e5 step   450/3094  loss=0.0010  acc=0.9997  lr0=1.30e-05 lr1=6.51e-04
13:42:16 INFO   e5 step   500/3094  loss=0.0009  acc=0.9997  lr0=1.30e-05 lr1=6.49e-04
13:42:24 INFO   e5 step   550/3094  loss=0.0012  acc=0.9997  lr0=1.29e-05 lr1=6.47e-04
13:42:32 INFO   e5 step   600/3094  loss=0.0011  acc=0.9997  lr0=1.29e-05 lr1=6.45e-04
13:42:39 INFO   e5 step   650/3094  loss=0.0010  acc=0.9997  lr0=1.29e-05 lr1=6.43e-04
13:42:47 INFO   e5 step   700/3094  loss=0.0009  acc=0.9997  lr0=1.28e-05 lr1=6.42e-04
13:42:55 INFO   e5 step   750/3094  loss=0.0011  acc=0.9997  lr0=1.28e-05 lr1=6.40e-04
13:43:03 INFO   e5 step   800/3094  loss=0.0021  acc=0.9995  lr0=1.28e-05 lr1=6.38e-04
13:43:10 INFO   e5 step   850/3094  loss=0.0022  acc=0.9995  lr0=1.27e-05 lr1=6.36e-04
13:43:18 INFO   e5 step   900/3094  loss=0.0022  acc=0.9995  lr0=1.27e-05 lr1=6.34e-04
13:43:26 INFO   e5 step   950/3094  loss=0.0021  acc=0.9995  lr0=1.27e-05 lr1=6.33e-04
13:43:34 INFO   e5 step  1000/3094  loss=0.0020  acc=0.9995  lr0=1.26e-05 lr1=6.31e-04
13:43:40 INFO   e5 step  1050/3094  loss=0.0019  acc=0.9996  lr0=1.26e-05 lr1=6.29e-04
13:43:47 INFO   e5 step  1100/3094  loss=0.0018  acc=0.9996  lr0=1.25e-05 lr1=6.27e-04
13:43:55 INFO   e5 step  1150/3094  loss=0.0020  acc=0.9995  lr0=1.25e-05 lr1=6.25e-04
13:44:03 INFO   e5 step  1200/3094  loss=0.0020  acc=0.9995  lr0=1.25e-05 lr1=6.24e-04
13:44:10 INFO   e5 step  1250/3094  loss=0.0021  acc=0.9995  lr0=1.24e-05 lr1=6.22e-04
13:44:14 INFO   e5 step  1300/3094  loss=0.0023  acc=0.9995  lr0=1.24e-05 lr1=6.20e-04
13:44:19 INFO   e5 step  1350/3094  loss=0.0022  acc=0.9995  lr0=1.24e-05 lr1=6.18e-04
13:44:24 INFO   e5 step  1400/3094  loss=0.0021  acc=0.9995  lr0=1.23e-05 lr1=6.16e-04
13:44:28 INFO   e5 step  1450/3094  loss=0.0022  acc=0.9995  lr0=1.23e-05 lr1=6.15e-04
13:44:33 INFO   e5 step  1500/3094  loss=0.0021  acc=0.9995  lr0=1.23e-05 lr1=6.13e-04
13:44:37 INFO   e5 step  1550/3094  loss=0.0023  acc=0.9995  lr0=1.22e-05 lr1=6.11e-04
13:44:42 INFO   e5 step  1600/3094  loss=0.0023  acc=0.9995  lr0=1.22e-05 lr1=6.09e-04
13:44:47 INFO   e5 step  1650/3094  loss=0.0022  acc=0.9995  lr0=1.21e-05 lr1=6.07e-04
13:44:51 INFO   e5 step  1700/3094  loss=0.0021  acc=0.9995  lr0=1.21e-05 lr1=6.06e-04
13:44:56 INFO   e5 step  1750/3094  loss=0.0021  acc=0.9996  lr0=1.21e-05 lr1=6.04e-04
13:45:00 INFO   e5 step  1800/3094  loss=0.0021  acc=0.9995  lr0=1.20e-05 lr1=6.02e-04
13:45:05 INFO   e5 step  1850/3094  loss=0.0020  acc=0.9996  lr0=1.20e-05 lr1=6.00e-04
13:45:10 INFO   e5 step  1900/3094  loss=0.0020  acc=0.9996  lr0=1.20e-05 lr1=5.98e-04
13:45:14 INFO   e5 step  1950/3094  loss=0.0023  acc=0.9995  lr0=1.19e-05 lr1=5.97e-04
13:45:19 INFO   e5 step  2000/3094  loss=0.0022  acc=0.9995  lr0=1.19e-05 lr1=5.95e-04
13:45:23 INFO   e5 step  2050/3094  loss=0.0024  acc=0.9995  lr0=1.19e-05 lr1=5.93e-04
13:45:28 INFO   e5 step  2100/3094  loss=0.0025  acc=0.9995  lr0=1.18e-05 lr1=5.91e-04
13:45:33 INFO   e5 step  2150/3094  loss=0.0024  acc=0.9995  lr0=1.18e-05 lr1=5.89e-04
13:45:37 INFO   e5 step  2200/3094  loss=0.0024  acc=0.9995  lr0=1.18e-05 lr1=5.88e-04
13:45:42 INFO   e5 step  2250/3094  loss=0.0023  acc=0.9995  lr0=1.17e-05 lr1=5.86e-04
13:45:46 INFO   e5 step  2300/3094  loss=0.0024  acc=0.9995  lr0=1.17e-05 lr1=5.84e-04
13:45:51 INFO   e5 step  2350/3094  loss=0.0024  acc=0.9995  lr0=1.16e-05 lr1=5.82e-04
13:45:55 INFO   e5 step  2400/3094  loss=0.0023  acc=0.9995  lr0=1.16e-05 lr1=5.80e-04
13:46:01 INFO   e5 step  2450/3094  loss=0.0023  acc=0.9995  lr0=1.16e-05 lr1=5.79e-04
13:46:05 INFO   e5 step  2500/3094  loss=0.0023  acc=0.9995  lr0=1.15e-05 lr1=5.77e-04
13:46:09 INFO   e5 step  2550/3094  loss=0.0023  acc=0.9995  lr0=1.15e-05 lr1=5.75e-04
13:46:14 INFO   e5 step  2600/3094  loss=0.0023  acc=0.9995  lr0=1.15e-05 lr1=5.73e-04
13:46:19 INFO   e5 step  2650/3094  loss=0.0023  acc=0.9995  lr0=1.14e-05 lr1=5.72e-04
13:46:24 INFO   e5 step  2700/3094  loss=0.0022  acc=0.9995  lr0=1.14e-05 lr1=5.70e-04
13:46:28 INFO   e5 step  2750/3094  loss=0.0022  acc=0.9995  lr0=1.14e-05 lr1=5.68e-04
13:46:33 INFO   e5 step  2800/3094  loss=0.0022  acc=0.9995  lr0=1.13e-05 lr1=5.66e-04
13:46:37 INFO   e5 step  2850/3094  loss=0.0023  acc=0.9995  lr0=1.13e-05 lr1=5.64e-04
13:46:42 INFO   e5 step  2900/3094  loss=0.0023  acc=0.9995  lr0=1.13e-05 lr1=5.63e-04
13:46:47 INFO   e5 step  2950/3094  loss=0.0025  acc=0.9995  lr0=1.12e-05 lr1=5.61e-04
13:46:52 INFO   e5 step  3000/3094  loss=0.0025  acc=0.9995  lr0=1.12e-05 lr1=5.59e-04
13:46:56 INFO   e5 step  3050/3094  loss=0.0025  acc=0.9995  lr0=1.11e-05 lr1=5.57e-04
13:47:09 INFO [epoch 5] train_loss=0.0026 train_acc=0.9995  val_loss=0.1492 val_acc=0.9772 val_auc=0.9924  elapsed=370.9s
13:47:14 INFO   e6 step    50/3094  loss=0.0021  acc=0.9994  lr0=1.11e-05 lr1=5.54e-04
13:47:18 INFO   e6 step   100/3094  loss=0.0017  acc=0.9994  lr0=1.10e-05 lr1=5.52e-04
13:47:23 INFO   e6 step   150/3094  loss=0.0012  acc=0.9996  lr0=1.10e-05 lr1=5.50e-04
13:47:27 INFO   e6 step   200/3094  loss=0.0019  acc=0.9995  lr0=1.10e-05 lr1=5.48e-04
13:47:32 INFO   e6 step   250/3094  loss=0.0016  acc=0.9995  lr0=1.09e-05 lr1=5.47e-04
13:47:37 INFO   e6 step   300/3094  loss=0.0013  acc=0.9996  lr0=1.09e-05 lr1=5.45e-04
13:47:41 INFO   e6 step   350/3094  loss=0.0011  acc=0.9996  lr0=1.09e-05 lr1=5.43e-04
13:47:46 INFO   e6 step   400/3094  loss=0.0012  acc=0.9996  lr0=1.08e-05 lr1=5.41e-04
13:47:50 INFO   e6 step   450/3094  loss=0.0011  acc=0.9997  lr0=1.08e-05 lr1=5.39e-04
13:47:55 INFO   e6 step   500/3094  loss=0.0011  acc=0.9996  lr0=1.08e-05 lr1=5.38e-04
13:48:00 INFO   e6 step   550/3094  loss=0.0014  acc=0.9995  lr0=1.07e-05 lr1=5.36e-04
13:48:05 INFO   e6 step   600/3094  loss=0.0017  acc=0.9995  lr0=1.07e-05 lr1=5.34e-04
13:48:09 INFO   e6 step   650/3094  loss=0.0022  acc=0.9994  lr0=1.06e-05 lr1=5.32e-04
13:48:14 INFO   e6 step   700/3094  loss=0.0021  acc=0.9994  lr0=1.06e-05 lr1=5.30e-04
13:48:18 INFO   e6 step   750/3094  loss=0.0024  acc=0.9994  lr0=1.06e-05 lr1=5.29e-04
13:48:23 INFO   e6 step   800/3094  loss=0.0023  acc=0.9994  lr0=1.05e-05 lr1=5.27e-04
13:48:27 INFO   e6 step   850/3094  loss=0.0022  acc=0.9994  lr0=1.05e-05 lr1=5.25e-04
13:48:32 INFO   e6 step   900/3094  loss=0.0021  acc=0.9995  lr0=1.05e-05 lr1=5.23e-04
13:48:37 INFO   e6 step   950/3094  loss=0.0020  acc=0.9995  lr0=1.04e-05 lr1=5.21e-04
13:48:42 INFO   e6 step  1000/3094  loss=0.0019  acc=0.9995  lr0=1.04e-05 lr1=5.20e-04
13:48:47 INFO   e6 step  1050/3094  loss=0.0018  acc=0.9996  lr0=1.04e-05 lr1=5.18e-04
13:48:51 INFO   e6 step  1100/3094  loss=0.0018  acc=0.9995  lr0=1.03e-05 lr1=5.16e-04
13:48:56 INFO   e6 step  1150/3094  loss=0.0017  acc=0.9995  lr0=1.03e-05 lr1=5.14e-04
13:49:01 INFO   e6 step  1200/3094  loss=0.0017  acc=0.9996  lr0=1.02e-05 lr1=5.12e-04
13:49:06 INFO   e6 step  1250/3094  loss=0.0016  acc=0.9996  lr0=1.02e-05 lr1=5.11e-04
13:49:10 INFO   e6 step  1300/3094  loss=0.0015  acc=0.9996  lr0=1.02e-05 lr1=5.09e-04
13:49:15 INFO   e6 step  1350/3094  loss=0.0015  acc=0.9996  lr0=1.01e-05 lr1=5.07e-04
13:49:19 INFO   e6 step  1400/3094  loss=0.0015  acc=0.9996  lr0=1.01e-05 lr1=5.05e-04
13:49:24 INFO   e6 step  1450/3094  loss=0.0015  acc=0.9996  lr0=1.01e-05 lr1=5.03e-04
13:49:28 INFO   e6 step  1500/3094  loss=0.0020  acc=0.9996  lr0=1.00e-05 lr1=5.02e-04
13:49:34 INFO   e6 step  1550/3094  loss=0.0022  acc=0.9995  lr0=1.00e-05 lr1=5.00e-04
13:49:38 INFO   e6 step  1600/3094  loss=0.0021  acc=0.9995  lr0=9.96e-06 lr1=4.98e-04
13:49:42 INFO   e6 step  1650/3094  loss=0.0021  acc=0.9995  lr0=9.93e-06 lr1=4.96e-04
13:49:47 INFO   e6 step  1700/3094  loss=0.0020  acc=0.9995  lr0=9.89e-06 lr1=4.95e-04
13:49:52 INFO   e6 step  1750/3094  loss=0.0020  acc=0.9996  lr0=9.85e-06 lr1=4.93e-04
13:49:57 INFO   e6 step  1800/3094  loss=0.0020  acc=0.9995  lr0=9.82e-06 lr1=4.91e-04
13:50:01 INFO   e6 step  1850/3094  loss=0.0019  acc=0.9996  lr0=9.78e-06 lr1=4.89e-04
13:50:06 INFO   e6 step  1900/3094  loss=0.0019  acc=0.9996  lr0=9.75e-06 lr1=4.87e-04
13:50:10 INFO   e6 step  1950/3094  loss=0.0018  acc=0.9996  lr0=9.71e-06 lr1=4.86e-04
13:50:15 INFO   e6 step  2000/3094  loss=0.0020  acc=0.9996  lr0=9.67e-06 lr1=4.84e-04
13:50:20 INFO   e6 step  2050/3094  loss=0.0019  acc=0.9996  lr0=9.64e-06 lr1=4.82e-04
13:50:25 INFO   e6 step  2100/3094  loss=0.0019  acc=0.9996  lr0=9.60e-06 lr1=4.80e-04
13:50:30 INFO   e6 step  2150/3094  loss=0.0019  acc=0.9996  lr0=9.57e-06 lr1=4.78e-04
13:50:34 INFO   e6 step  2200/3094  loss=0.0019  acc=0.9996  lr0=9.53e-06 lr1=4.77e-04
13:50:38 INFO   e6 step  2250/3094  loss=0.0019  acc=0.9996  lr0=9.50e-06 lr1=4.75e-04
13:50:43 INFO   e6 step  2300/3094  loss=0.0018  acc=0.9996  lr0=9.46e-06 lr1=4.73e-04
13:50:48 INFO   e6 step  2350/3094  loss=0.0018  acc=0.9996  lr0=9.42e-06 lr1=4.71e-04
13:50:52 INFO   e6 step  2400/3094  loss=0.0020  acc=0.9996  lr0=9.39e-06 lr1=4.69e-04
13:50:57 INFO   e6 step  2450/3094  loss=0.0020  acc=0.9996  lr0=9.35e-06 lr1=4.68e-04
13:51:02 INFO   e6 step  2500/3094  loss=0.0020  acc=0.9996  lr0=9.32e-06 lr1=4.66e-04
13:51:07 INFO   e6 step  2550/3094  loss=0.0020  acc=0.9996  lr0=9.28e-06 lr1=4.64e-04
13:51:12 INFO   e6 step  2600/3094  loss=0.0019  acc=0.9996  lr0=9.24e-06 lr1=4.62e-04
13:51:16 INFO   e6 step  2650/3094  loss=0.0019  acc=0.9996  lr0=9.21e-06 lr1=4.60e-04
13:51:36 INFO run_dir=runs/classifier/ajo_doc_dataset
13:51:36 INFO device=cuda  bf16=True
13:51:36 INFO tokenizer <- BAAI/bge-small-en-v1.5
13:51:37 INFO max_seq_len=524 exceeds model cap 512; clamping to 512
13:51:37 INFO max_seq_len=512 (user-provided)
13:51:37 INFO loading datasets
13:51:39 INFO   train=99000  val=12256  test=12256
13:51:39 INFO building DirectionalClassifier on BAAI/bge-small-en-v1.5  head_cfg={'head_type': 'mlp', 'hidden_dims': [512, 128], 'dropout': 0.1, 'activation': 'gelu', 'norm': 'layer'}  n_tiers=0
13:51:40 INFO   hidden_size=384  trainable_params=67,577,089
13:51:40 INFO   total_steps=9282  warmup_steps=928
13:51:45 INFO   e1 step    50/3094  loss=0.8613  acc=0.4838  lr0=1.08e-06 lr1=5.39e-05
13:51:50 INFO   e1 step   100/3094  loss=0.8114  acc=0.4994  lr0=2.16e-06 lr1=1.08e-04
13:51:54 INFO   e1 step   150/3094  loss=0.7828  acc=0.5125  lr0=3.23e-06 lr1=1.62e-04
13:51:59 INFO   e1 step   200/3094  loss=0.7579  acc=0.5316  lr0=4.31e-06 lr1=2.16e-04
13:52:04 INFO   e1 step   250/3094  loss=0.7414  acc=0.5415  lr0=5.39e-06 lr1=2.69e-04
13:52:08 INFO   e1 step   300/3094  loss=0.7223  acc=0.5582  lr0=6.47e-06 lr1=3.23e-04
13:52:13 INFO   e1 step   350/3094  loss=0.7005  acc=0.5785  lr0=7.54e-06 lr1=3.77e-04
13:52:17 INFO   e1 step   400/3094  loss=0.6757  acc=0.6001  lr0=8.62e-06 lr1=4.31e-04
13:52:22 INFO   e1 step   450/3094  loss=0.6495  acc=0.6210  lr0=9.70e-06 lr1=4.85e-04
13:52:27 INFO   e1 step   500/3094  loss=0.6214  acc=0.6419  lr0=1.08e-05 lr1=5.39e-04
13:52:32 INFO   e1 step   550/3094  loss=0.5975  acc=0.6590  lr0=1.19e-05 lr1=5.93e-04
13:52:36 INFO   e1 step   600/3094  loss=0.5728  acc=0.6766  lr0=1.29e-05 lr1=6.47e-04
13:52:41 INFO   e1 step   650/3094  loss=0.5500  acc=0.6919  lr0=1.40e-05 lr1=7.00e-04
13:52:46 INFO   e1 step   700/3094  loss=0.5290  acc=0.7061  lr0=1.51e-05 lr1=7.54e-04
13:52:51 INFO   e1 step   750/3094  loss=0.5087  acc=0.7202  lr0=1.62e-05 lr1=8.08e-04
13:52:56 INFO   e1 step   800/3094  loss=0.4910  acc=0.7322  lr0=1.72e-05 lr1=8.62e-04
13:53:00 INFO   e1 step   850/3094  loss=0.4717  acc=0.7442  lr0=1.83e-05 lr1=9.16e-04
13:53:05 INFO   e1 step   900/3094  loss=0.4555  acc=0.7548  lr0=1.94e-05 lr1=9.70e-04
13:53:10 INFO   e1 step   950/3094  loss=0.4398  acc=0.7643  lr0=1.99e-05 lr1=9.97e-04
13:53:14 INFO   e1 step  1000/3094  loss=0.4244  acc=0.7738  lr0=1.98e-05 lr1=9.91e-04
13:53:19 INFO   e1 step  1050/3094  loss=0.4084  acc=0.7829  lr0=1.97e-05 lr1=9.85e-04
13:53:24 INFO   e1 step  1100/3094  loss=0.3955  acc=0.7910  lr0=1.96e-05 lr1=9.79e-04
13:53:28 INFO   e1 step  1150/3094  loss=0.3820  acc=0.7988  lr0=1.95e-05 lr1=9.73e-04
13:53:33 INFO   e1 step  1200/3094  loss=0.3697  acc=0.8058  lr0=1.93e-05 lr1=9.67e-04
13:53:37 INFO   e1 step  1250/3094  loss=0.3584  acc=0.8125  lr0=1.92e-05 lr1=9.61e-04
13:53:42 INFO   e1 step  1300/3094  loss=0.3470  acc=0.8189  lr0=1.91e-05 lr1=9.55e-04
13:53:47 INFO   e1 step  1350/3094  loss=0.3360  acc=0.8250  lr0=1.90e-05 lr1=9.49e-04
13:53:51 INFO   e1 step  1400/3094  loss=0.3258  acc=0.8305  lr0=1.89e-05 lr1=9.44e-04
13:53:56 INFO   e1 step  1450/3094  loss=0.3159  acc=0.8359  lr0=1.88e-05 lr1=9.38e-04
13:54:00 INFO   e1 step  1500/3094  loss=0.3071  acc=0.8407  lr0=1.86e-05 lr1=9.32e-04
13:54:05 INFO   e1 step  1550/3094  loss=0.2984  acc=0.8454  lr0=1.85e-05 lr1=9.26e-04
13:54:09 INFO   e1 step  1600/3094  loss=0.2905  acc=0.8497  lr0=1.84e-05 lr1=9.20e-04
13:54:14 INFO   e1 step  1650/3094  loss=0.2824  acc=0.8541  lr0=1.83e-05 lr1=9.14e-04
13:54:19 INFO   e1 step  1700/3094  loss=0.2754  acc=0.8581  lr0=1.82e-05 lr1=9.08e-04
13:54:24 INFO   e1 step  1750/3094  loss=0.2683  acc=0.8619  lr0=1.80e-05 lr1=9.02e-04
13:54:28 INFO   e1 step  1800/3094  loss=0.2618  acc=0.8655  lr0=1.79e-05 lr1=8.96e-04
13:54:33 INFO   e1 step  1850/3094  loss=0.2555  acc=0.8689  lr0=1.78e-05 lr1=8.90e-04
13:54:37 INFO   e1 step  1900/3094  loss=0.2494  acc=0.8721  lr0=1.77e-05 lr1=8.84e-04
13:54:42 INFO   e1 step  1950/3094  loss=0.2435  acc=0.8753  lr0=1.76e-05 lr1=8.78e-04
13:54:47 INFO   e1 step  2000/3094  loss=0.2375  acc=0.8783  lr0=1.74e-05 lr1=8.72e-04
13:54:51 INFO   e1 step  2050/3094  loss=0.2321  acc=0.8812  lr0=1.73e-05 lr1=8.66e-04
13:54:55 INFO   e1 step  2100/3094  loss=0.2269  acc=0.8839  lr0=1.72e-05 lr1=8.60e-04
13:55:00 INFO   e1 step  2150/3094  loss=0.2222  acc=0.8864  lr0=1.71e-05 lr1=8.54e-04
13:55:05 INFO   e1 step  2200/3094  loss=0.2175  acc=0.8889  lr0=1.70e-05 lr1=8.48e-04
13:55:09 INFO   e1 step  2250/3094  loss=0.2131  acc=0.8913  lr0=1.68e-05 lr1=8.42e-04
13:55:14 INFO   e1 step  2300/3094  loss=0.2088  acc=0.8935  lr0=1.67e-05 lr1=8.36e-04
13:55:18 INFO   e1 step  2350/3094  loss=0.2048  acc=0.8957  lr0=1.66e-05 lr1=8.30e-04
13:55:23 INFO   e1 step  2400/3094  loss=0.2009  acc=0.8978  lr0=1.65e-05 lr1=8.24e-04
13:55:28 INFO   e1 step  2450/3094  loss=0.1971  acc=0.8997  lr0=1.64e-05 lr1=8.18e-04
13:55:33 INFO   e1 step  2500/3094  loss=0.1936  acc=0.9016  lr0=1.62e-05 lr1=8.12e-04
13:55:37 INFO   e1 step  2550/3094  loss=0.1901  acc=0.9034  lr0=1.61e-05 lr1=8.06e-04
13:55:42 INFO   e1 step  2600/3094  loss=0.1869  acc=0.9051  lr0=1.60e-05 lr1=8.00e-04
13:55:46 INFO   e1 step  2650/3094  loss=0.1836  acc=0.9069  lr0=1.59e-05 lr1=7.94e-04
13:55:51 INFO   e1 step  2700/3094  loss=0.1806  acc=0.9085  lr0=1.58e-05 lr1=7.88e-04
13:55:56 INFO   e1 step  2750/3094  loss=0.1777  acc=0.9100  lr0=1.56e-05 lr1=7.82e-04
13:56:00 INFO   e1 step  2800/3094  loss=0.1747  acc=0.9116  lr0=1.55e-05 lr1=7.76e-04
13:56:05 INFO   e1 step  2850/3094  loss=0.1717  acc=0.9131  lr0=1.54e-05 lr1=7.70e-04
13:56:09 INFO   e1 step  2900/3094  loss=0.1690  acc=0.9145  lr0=1.53e-05 lr1=7.64e-04
13:56:14 INFO   e1 step  2950/3094  loss=0.1663  acc=0.9159  lr0=1.52e-05 lr1=7.58e-04
13:56:19 INFO   e1 step  3000/3094  loss=0.1637  acc=0.9173  lr0=1.50e-05 lr1=7.52e-04
13:56:23 INFO   e1 step  3050/3094  loss=0.1611  acc=0.9186  lr0=1.49e-05 lr1=7.46e-04
13:56:36 INFO [epoch 1] train_loss=0.1588 train_acc=0.9198  val_loss=0.1003 val_acc=0.9798 val_auc=0.9950  elapsed=296.4s
13:56:36 INFO   saved best.pt  val_acc=0.9798
13:56:42 INFO   e2 step    50/3094  loss=0.0066  acc=0.9969  lr0=1.47e-05 lr1=7.35e-04
13:56:46 INFO   e2 step   100/3094  loss=0.0050  acc=0.9981  lr0=1.46e-05 lr1=7.29e-04
13:56:51 INFO   e2 step   150/3094  loss=0.0039  acc=0.9985  lr0=1.45e-05 lr1=7.23e-04
13:56:56 INFO   e2 step   200/3094  loss=0.0044  acc=0.9986  lr0=1.43e-05 lr1=7.17e-04
13:57:00 INFO   e2 step   250/3094  loss=0.0045  acc=0.9985  lr0=1.42e-05 lr1=7.11e-04
13:57:05 INFO   e2 step   300/3094  loss=0.0043  acc=0.9986  lr0=1.41e-05 lr1=7.05e-04
13:57:10 INFO   e2 step   350/3094  loss=0.0046  acc=0.9985  lr0=1.40e-05 lr1=6.99e-04
13:57:14 INFO   e2 step   400/3094  loss=0.0051  acc=0.9984  lr0=1.39e-05 lr1=6.93e-04
13:57:19 INFO   e2 step   450/3094  loss=0.0063  acc=0.9983  lr0=1.37e-05 lr1=6.87e-04
13:57:24 INFO   e2 step   500/3094  loss=0.0063  acc=0.9983  lr0=1.36e-05 lr1=6.81e-04
13:57:29 INFO   e2 step   550/3094  loss=0.0074  acc=0.9980  lr0=1.35e-05 lr1=6.75e-04
13:57:34 INFO   e2 step   600/3094  loss=0.0076  acc=0.9979  lr0=1.34e-05 lr1=6.69e-04
13:57:40 INFO   e2 step   650/3094  loss=0.0073  acc=0.9980  lr0=1.33e-05 lr1=6.63e-04
13:57:45 INFO   e2 step   700/3094  loss=0.0070  acc=0.9980  lr0=1.31e-05 lr1=6.57e-04
13:57:49 INFO   e2 step   750/3094  loss=0.0067  acc=0.9981  lr0=1.30e-05 lr1=6.51e-04
13:57:54 INFO   e2 step   800/3094  loss=0.0065  acc=0.9981  lr0=1.29e-05 lr1=6.45e-04
13:57:58 INFO   e2 step   850/3094  loss=0.0067  acc=0.9981  lr0=1.28e-05 lr1=6.39e-04
13:58:03 INFO   e2 step   900/3094  loss=0.0065  acc=0.9982  lr0=1.27e-05 lr1=6.33e-04
13:58:07 INFO   e2 step   950/3094  loss=0.0067  acc=0.9982  lr0=1.25e-05 lr1=6.27e-04
13:58:12 INFO   e2 step  1000/3094  loss=0.0065  acc=0.9983  lr0=1.24e-05 lr1=6.21e-04
13:58:16 INFO   e2 step  1050/3094  loss=0.0066  acc=0.9982  lr0=1.23e-05 lr1=6.15e-04
13:58:21 INFO   e2 step  1100/3094  loss=0.0063  acc=0.9983  lr0=1.22e-05 lr1=6.09e-04
13:58:26 INFO   e2 step  1150/3094  loss=0.0061  acc=0.9983  lr0=1.21e-05 lr1=6.03e-04
13:58:30 INFO   e2 step  1200/3094  loss=0.0061  acc=0.9984  lr0=1.19e-05 lr1=5.97e-04
13:58:35 INFO   e2 step  1250/3094  loss=0.0059  acc=0.9984  lr0=1.18e-05 lr1=5.91e-04
13:58:39 INFO   e2 step  1300/3094  loss=0.0058  acc=0.9984  lr0=1.17e-05 lr1=5.85e-04
13:58:44 INFO   e2 step  1350/3094  loss=0.0060  acc=0.9984  lr0=1.16e-05 lr1=5.79e-04
13:58:49 INFO   e2 step  1400/3094  loss=0.0059  acc=0.9984  lr0=1.15e-05 lr1=5.73e-04
13:58:54 INFO   e2 step  1450/3094  loss=0.0061  acc=0.9984  lr0=1.13e-05 lr1=5.67e-04
13:58:58 INFO   e2 step  1500/3094  loss=0.0061  acc=0.9984  lr0=1.12e-05 lr1=5.61e-04
13:59:03 INFO   e2 step  1550/3094  loss=0.0062  acc=0.9984  lr0=1.11e-05 lr1=5.55e-04
13:59:08 INFO   e2 step  1600/3094  loss=0.0063  acc=0.9984  lr0=1.10e-05 lr1=5.49e-04
13:59:12 INFO   e2 step  1650/3094  loss=0.0062  acc=0.9984  lr0=1.09e-05 lr1=5.43e-04
13:59:17 INFO   e2 step  1700/3094  loss=0.0065  acc=0.9984  lr0=1.07e-05 lr1=5.37e-04
13:59:21 INFO   e2 step  1750/3094  loss=0.0064  acc=0.9984  lr0=1.06e-05 lr1=5.31e-04
13:59:26 INFO   e2 step  1800/3094  loss=0.0064  acc=0.9984  lr0=1.05e-05 lr1=5.25e-04
13:59:31 INFO   e2 step  1850/3094  loss=0.0064  acc=0.9984  lr0=1.04e-05 lr1=5.19e-04
13:59:36 INFO   e2 step  1900/3094  loss=0.0063  acc=0.9984  lr0=1.03e-05 lr1=5.13e-04
13:59:40 INFO   e2 step  1950/3094  loss=0.0061  acc=0.9984  lr0=1.01e-05 lr1=5.07e-04
13:59:45 INFO   e2 step  2000/3094  loss=0.0061  acc=0.9985  lr0=1.00e-05 lr1=5.01e-04
13:59:50 INFO   e2 step  2050/3094  loss=0.0060  acc=0.9985  lr0=9.91e-06 lr1=4.95e-04
13:59:54 INFO   e2 step  2100/3094  loss=0.0059  acc=0.9985  lr0=9.79e-06 lr1=4.89e-04
13:59:59 INFO   e2 step  2150/3094  loss=0.0058  acc=0.9985  lr0=9.67e-06 lr1=4.83e-04
14:00:04 INFO   e2 step  2200/3094  loss=0.0057  acc=0.9986  lr0=9.55e-06 lr1=4.77e-04
14:00:08 INFO   e2 step  2250/3094  loss=0.0056  acc=0.9986  lr0=9.43e-06 lr1=4.71e-04
14:00:13 INFO   e2 step  2300/3094  loss=0.0056  acc=0.9986  lr0=9.31e-06 lr1=4.65e-04
14:00:17 INFO   e2 step  2350/3094  loss=0.0055  acc=0.9986  lr0=9.19e-06 lr1=4.59e-04
14:00:22 INFO   e2 step  2400/3094  loss=0.0055  acc=0.9986  lr0=9.07e-06 lr1=4.53e-04
14:00:27 INFO   e2 step  2450/3094  loss=0.0054  acc=0.9986  lr0=8.95e-06 lr1=4.47e-04
14:00:31 INFO   e2 step  2500/3094  loss=0.0056  acc=0.9986  lr0=8.83e-06 lr1=4.41e-04
14:00:36 INFO   e2 step  2550/3094  loss=0.0056  acc=0.9986  lr0=8.71e-06 lr1=4.35e-04
14:00:41 INFO   e2 step  2600/3094  loss=0.0055  acc=0.9986  lr0=8.59e-06 lr1=4.29e-04
14:00:47 INFO   e2 step  2650/3094  loss=0.0055  acc=0.9986  lr0=8.47e-06 lr1=4.24e-04
14:00:51 INFO   e2 step  2700/3094  loss=0.0055  acc=0.9986  lr0=8.35e-06 lr1=4.18e-04
14:00:56 INFO   e2 step  2750/3094  loss=0.0055  acc=0.9986  lr0=8.23e-06 lr1=4.12e-04
14:01:00 INFO   e2 step  2800/3094  loss=0.0054  acc=0.9986  lr0=8.11e-06 lr1=4.06e-04
14:01:05 INFO   e2 step  2850/3094  loss=0.0053  acc=0.9986  lr0=7.99e-06 lr1=4.00e-04
14:01:10 INFO   e2 step  2900/3094  loss=0.0053  acc=0.9987  lr0=7.87e-06 lr1=3.94e-04
14:01:15 INFO   e2 step  2950/3094  loss=0.0052  acc=0.9987  lr0=7.75e-06 lr1=3.88e-04
14:01:19 INFO   e2 step  3000/3094  loss=0.0052  acc=0.9987  lr0=7.63e-06 lr1=3.82e-04
14:01:24 INFO   e2 step  3050/3094  loss=0.0052  acc=0.9987  lr0=7.51e-06 lr1=3.76e-04
14:01:37 INFO [epoch 2] train_loss=0.0052 train_acc=0.9987  val_loss=0.0685 val_acc=0.9877 val_auc=0.9974  elapsed=300.4s
14:01:37 INFO   saved best.pt  val_acc=0.9877
14:01:42 INFO   e3 step    50/3094  loss=0.0001  acc=1.0000  lr0=7.29e-06 lr1=3.64e-04
14:01:46 INFO   e3 step   100/3094  loss=0.0002  acc=1.0000  lr0=7.17e-06 lr1=3.58e-04
14:01:51 INFO   e3 step   150/3094  loss=0.0008  acc=0.9996  lr0=7.05e-06 lr1=3.52e-04
14:01:55 INFO   e3 step   200/3094  loss=0.0008  acc=0.9995  lr0=6.93e-06 lr1=3.46e-04
14:02:00 INFO   e3 step   250/3094  loss=0.0010  acc=0.9995  lr0=6.81e-06 lr1=3.40e-04
14:02:04 INFO   e3 step   300/3094  loss=0.0009  acc=0.9996  lr0=6.69e-06 lr1=3.34e-04
14:02:09 INFO   e3 step   350/3094  loss=0.0008  acc=0.9996  lr0=6.57e-06 lr1=3.28e-04
14:02:14 INFO   e3 step   400/3094  loss=0.0016  acc=0.9995  lr0=6.45e-06 lr1=3.22e-04
14:02:18 INFO   e3 step   450/3094  loss=0.0014  acc=0.9995  lr0=6.33e-06 lr1=3.16e-04
14:02:23 INFO   e3 step   500/3094  loss=0.0015  acc=0.9995  lr0=6.21e-06 lr1=3.11e-04
14:02:28 INFO   e3 step   550/3094  loss=0.0015  acc=0.9994  lr0=6.09e-06 lr1=3.05e-04
14:02:32 INFO   e3 step   600/3094  loss=0.0015  acc=0.9994  lr0=5.97e-06 lr1=2.99e-04
14:02:37 INFO   e3 step   650/3094  loss=0.0016  acc=0.9994  lr0=5.85e-06 lr1=2.93e-04
14:02:42 INFO   e3 step   700/3094  loss=0.0015  acc=0.9995  lr0=5.73e-06 lr1=2.87e-04
14:02:47 INFO   e3 step   750/3094  loss=0.0016  acc=0.9994  lr0=5.61e-06 lr1=2.81e-04
14:02:51 INFO   e3 step   800/3094  loss=0.0016  acc=0.9995  lr0=5.49e-06 lr1=2.75e-04
14:02:55 INFO   e3 step   850/3094  loss=0.0016  acc=0.9994  lr0=5.37e-06 lr1=2.69e-04
14:03:00 INFO   e3 step   900/3094  loss=0.0016  acc=0.9995  lr0=5.25e-06 lr1=2.63e-04
14:03:04 INFO   e3 step   950/3094  loss=0.0015  acc=0.9995  lr0=5.13e-06 lr1=2.57e-04
14:03:09 INFO   e3 step  1000/3094  loss=0.0015  acc=0.9995  lr0=5.01e-06 lr1=2.51e-04
14:03:14 INFO   e3 step  1050/3094  loss=0.0014  acc=0.9995  lr0=4.89e-06 lr1=2.45e-04
14:03:18 INFO   e3 step  1100/3094  loss=0.0015  acc=0.9995  lr0=4.77e-06 lr1=2.39e-04
14:03:22 INFO   e3 step  1150/3094  loss=0.0014  acc=0.9995  lr0=4.65e-06 lr1=2.33e-04
14:03:27 INFO   e3 step  1200/3094  loss=0.0014  acc=0.9996  lr0=4.53e-06 lr1=2.27e-04
14:03:32 INFO   e3 step  1250/3094  loss=0.0018  acc=0.9995  lr0=4.41e-06 lr1=2.21e-04
14:03:36 INFO   e3 step  1300/3094  loss=0.0018  acc=0.9995  lr0=4.29e-06 lr1=2.15e-04
14:03:41 INFO   e3 step  1350/3094  loss=0.0018  acc=0.9995  lr0=4.18e-06 lr1=2.09e-04
14:03:45 INFO   e3 step  1400/3094  loss=0.0017  acc=0.9995  lr0=4.06e-06 lr1=2.03e-04
14:03:50 INFO   e3 step  1450/3094  loss=0.0017  acc=0.9995  lr0=3.94e-06 lr1=1.97e-04
14:03:54 INFO   e3 step  1500/3094  loss=0.0016  acc=0.9995  lr0=3.82e-06 lr1=1.91e-04
14:03:59 INFO   e3 step  1550/3094  loss=0.0016  acc=0.9995  lr0=3.70e-06 lr1=1.85e-04
14:04:03 INFO   e3 step  1600/3094  loss=0.0017  acc=0.9995  lr0=3.58e-06 lr1=1.79e-04
14:04:08 INFO   e3 step  1650/3094  loss=0.0016  acc=0.9995  lr0=3.46e-06 lr1=1.73e-04
14:04:12 INFO   e3 step  1700/3094  loss=0.0016  acc=0.9996  lr0=3.34e-06 lr1=1.67e-04
14:04:17 INFO   e3 step  1750/3094  loss=0.0016  acc=0.9996  lr0=3.22e-06 lr1=1.61e-04
14:04:22 INFO   e3 step  1800/3094  loss=0.0015  acc=0.9995  lr0=3.10e-06 lr1=1.55e-04
14:04:26 INFO   e3 step  1850/3094  loss=0.0015  acc=0.9996  lr0=2.98e-06 lr1=1.49e-04
14:04:31 INFO   e3 step  1900/3094  loss=0.0015  acc=0.9996  lr0=2.86e-06 lr1=1.43e-04
14:04:36 INFO   e3 step  1950/3094  loss=0.0015  acc=0.9996  lr0=2.74e-06 lr1=1.37e-04
14:04:41 INFO   e3 step  2000/3094  loss=0.0014  acc=0.9996  lr0=2.62e-06 lr1=1.31e-04
14:04:45 INFO   e3 step  2050/3094  loss=0.0014  acc=0.9996  lr0=2.50e-06 lr1=1.25e-04
14:04:50 INFO   e3 step  2100/3094  loss=0.0014  acc=0.9996  lr0=2.38e-06 lr1=1.19e-04
14:04:54 INFO   e3 step  2150/3094  loss=0.0013  acc=0.9996  lr0=2.26e-06 lr1=1.13e-04
14:04:59 INFO   e3 step  2200/3094  loss=0.0013  acc=0.9996  lr0=2.14e-06 lr1=1.07e-04
14:05:04 INFO   e3 step  2250/3094  loss=0.0013  acc=0.9996  lr0=2.02e-06 lr1=1.01e-04
14:05:08 INFO   e3 step  2300/3094  loss=0.0012  acc=0.9996  lr0=1.90e-06 lr1=9.50e-05
14:05:13 INFO   e3 step  2350/3094  loss=0.0012  acc=0.9996  lr0=1.78e-06 lr1=8.91e-05
14:05:18 INFO   e3 step  2400/3094  loss=0.0012  acc=0.9996  lr0=1.66e-06 lr1=8.31e-05
14:05:23 INFO   e3 step  2450/3094  loss=0.0012  acc=0.9996  lr0=1.54e-06 lr1=7.71e-05
14:05:27 INFO   e3 step  2500/3094  loss=0.0012  acc=0.9997  lr0=1.42e-06 lr1=7.11e-05
14:05:33 INFO   e3 step  2550/3094  loss=0.0011  acc=0.9997  lr0=1.30e-06 lr1=6.51e-05
14:05:37 INFO   e3 step  2600/3094  loss=0.0011  acc=0.9997  lr0=1.18e-06 lr1=5.91e-05
14:05:42 INFO   e3 step  2650/3094  loss=0.0011  acc=0.9997  lr0=1.06e-06 lr1=5.31e-05
14:05:46 INFO   e3 step  2700/3094  loss=0.0011  acc=0.9997  lr0=9.43e-07 lr1=4.72e-05
14:05:51 INFO   e3 step  2750/3094  loss=0.0011  acc=0.9997  lr0=8.24e-07 lr1=4.12e-05
14:05:55 INFO   e3 step  2800/3094  loss=0.0011  acc=0.9997  lr0=7.04e-07 lr1=3.52e-05
14:06:00 INFO   e3 step  2850/3094  loss=0.0011  acc=0.9997  lr0=5.84e-07 lr1=2.92e-05
14:06:04 INFO   e3 step  2900/3094  loss=0.0011  acc=0.9997  lr0=4.64e-07 lr1=2.32e-05
14:06:09 INFO   e3 step  2950/3094  loss=0.0010  acc=0.9997  lr0=3.45e-07 lr1=1.72e-05
14:06:13 INFO   e3 step  3000/3094  loss=0.0010  acc=0.9997  lr0=2.25e-07 lr1=1.13e-05
14:06:17 INFO   e3 step  3050/3094  loss=0.0010  acc=0.9997  lr0=1.05e-07 lr1=5.27e-06
14:06:31 INFO [epoch 3] train_loss=0.0010 train_acc=0.9997  val_loss=0.0696 val_acc=0.9893 val_auc=0.9962  elapsed=293.6s
14:06:32 INFO   saved best.pt  val_acc=0.9893
14:06:32 INFO loading best.pt for test eval
14:06:42 INFO [test] loss=0.0914  acc=0.9854  auc=0.9962  f1=0.9855
14:06:42 INFO [test] per-tier-pair accuracy:
14:06:42 INFO         T1-T2  n= 1056  acc=0.9801
14:06:42 INFO         T2-T3  n= 1400  acc=0.9764
14:06:42 INFO         T3-T4  n= 1400  acc=0.9743
14:06:42 INFO         T4-T5  n= 1400  acc=0.9807
14:06:42 INFO         T5-T6  n= 1400  acc=0.9929
14:06:42 INFO         T6-T7  n= 1400  acc=0.9986
14:06:42 INFO         T7-T8  n= 1400  acc=0.9879
14:06:42 INFO         T8-T9  n= 1400  acc=0.9893
14:06:42 INFO        T9-T10  n= 1400  acc=0.9871
14:06:42 INFO [done] results in runs/classifier/ajo_doc_dataset
