nohup: ignoring input
2026-06-30 04:42:22 === PHASE 0: Pre-downloading 6 backbones (serial) ===
2026-06-30 04:42:22   fetch microsoft/deberta-v3-large
2026-06-30 04:42:31   fetch sentence-transformers/all-mpnet-base-v2
2026-06-30 04:42:38   fetch sentence-transformers/all-MiniLM-L6-v2
2026-06-30 04:42:44   fetch intfloat/e5-large-v2
2026-06-30 04:42:51   fetch BAAI/bge-base-en-v1.5
2026-06-30 04:42:57   fetch BAAI/bge-large-en-v1.5
2026-06-30 04:43:04 === PHASE 0 complete ===
2026-06-30 04:43:04 === PHASE 1: Training (7 datasets × 6 models = 42 runs) ===
2026-06-30 04:43:04 START GPU0: aep_causal_cls34/deberta-v3-large  batch=8
2026-06-30 04:43:04 START GPU1: aep_causal_cls34/all-mpnet-base-v2  batch=64
2026-06-30 04:43:04 START GPU2: aep_causal_cls34/all-MiniLM-L6-v2  batch=64
2026-06-30 04:43:04 START GPU3: aep_causal_cls34/e5-large-v2  batch=16
2026-06-30 04:51:04 START GPU2: aep_causal_cls34/bge-base-en-v1.5  batch=64
2026-06-30 05:13:04 START GPU2: aep_causal_cls34/bge-large-en-v1.5  batch=16
2026-06-30 05:19:34 START GPU1: aep_dataset/deberta-v3-large  batch=8
2026-06-30 05:50:04 START GPU3: aep_dataset/all-mpnet-base-v2  batch=64
2026-06-30 06:18:04 START GPU3: aep_dataset/all-MiniLM-L6-v2  batch=64
2026-06-30 06:20:04 START GPU2: aep_dataset/e5-large-v2  batch=16
2026-06-30 06:25:04 START GPU3: aep_dataset/bge-base-en-v1.5  batch=64
2026-06-30 06:42:04 START GPU3: aep_dataset/bge-large-en-v1.5  batch=16
2026-06-30 07:13:34 START GPU2: aep_causal_wf_v3/deberta-v3-large  batch=8
2026-06-30 07:35:34 START GPU3: aep_causal_wf_v3/all-mpnet-base-v2  batch=64
2026-06-30 07:40:05 START GPU3: aep_causal_wf_v3/all-MiniLM-L6-v2  batch=64
2026-06-30 07:41:35 START GPU3: aep_causal_wf_v3/e5-large-v2  batch=16
2026-06-30 07:51:35 START GPU3: aep_causal_wf_v3/bge-base-en-v1.5  batch=64
2026-06-30 07:54:35 START GPU3: aep_causal_wf_v3/bge-large-en-v1.5  batch=16
2026-06-30 08:04:35 START GPU3: ajo_doc_not_tier1/deberta-v3-large  batch=8
2026-06-30 08:07:35 START GPU2: ajo_doc_not_tier1/all-mpnet-base-v2  batch=64
2026-06-30 08:45:05 START GPU2: ajo_doc_not_tier1/all-MiniLM-L6-v2  batch=64
2026-06-30 08:54:05 START GPU2: ajo_doc_not_tier1/e5-large-v2  batch=16
2026-06-30 10:04:35 START GPU2: ajo_doc_not_tier1/bge-base-en-v1.5  batch=64
2026-06-30 10:27:05 START GPU2: ajo_doc_not_tier1/bge-large-en-v1.5  batch=16
2026-06-30 11:37:36 START GPU2: ajo_newstyle/deberta-v3-large  batch=8
2026-06-30 11:58:06 START GPU0: ajo_newstyle/all-mpnet-base-v2  batch=64
2026-06-30 12:07:06 START GPU0: ajo_newstyle/all-MiniLM-L6-v2  batch=64
2026-06-30 12:10:06 START GPU0: ajo_newstyle/e5-large-v2  batch=16
2026-06-30 12:16:06 START GPU1: ajo_newstyle/bge-base-en-v1.5  batch=64
2026-06-30 12:22:06 START GPU1: ajo_newstyle/bge-large-en-v1.5  batch=16
2026-06-30 12:27:06 START GPU0: new_aep_wf_scrap/deberta-v3-large  batch=8
2026-06-30 12:39:06 START GPU1: new_aep_wf_scrap/all-mpnet-base-v2  batch=64
2026-06-30 12:41:36 START GPU1: new_aep_wf_scrap/all-MiniLM-L6-v2  batch=64
2026-06-30 12:42:36 START GPU1: new_aep_wf_scrap/e5-large-v2  batch=16
2026-06-30 12:48:36 START GPU1: new_aep_wf_scrap/bge-base-en-v1.5  batch=64
2026-06-30 12:50:36 START GPU1: new_aep_wf_scrap/bge-large-en-v1.5  batch=16
2026-06-30 12:55:36 START GPU0: new_ajo_workflows/deberta-v3-large  batch=8
2026-06-30 12:56:36 START GPU1: new_ajo_workflows/all-mpnet-base-v2  batch=64
2026-06-30 13:00:06 START GPU1: new_ajo_workflows/all-MiniLM-L6-v2  batch=64
2026-06-30 13:01:06 START GPU1: new_ajo_workflows/e5-large-v2  batch=16
2026-06-30 13:10:06 START GPU1: new_ajo_workflows/bge-base-en-v1.5  batch=64
2026-06-30 13:12:36 START GPU1: new_ajo_workflows/bge-large-en-v1.5  batch=16
2026-06-30 13:12:36 All jobs submitted — waiting for completion ...
2026-06-30 17:16:04 === PHASE 1 complete ===
2026-06-30 17:16:04 === PHASE 2: OOD evaluation (max 4 concurrent, 1 per GPU) ===
2026-06-30 17:16:04 OOD eval GPU0: aep_causal_cls34/deberta-v3-large
2026-06-30 17:16:04 OOD eval GPU1: aep_causal_cls34/all-mpnet-base-v2
2026-06-30 17:16:04 OOD eval GPU2: aep_causal_cls34/all-MiniLM-L6-v2
2026-06-30 17:16:04 OOD eval GPU3: aep_causal_cls34/e5-large-v2
2026-06-30 17:16:34 OOD eval GPU0: aep_causal_cls34/bge-base-en-v1.5
2026-06-30 17:16:34 OOD eval GPU1: aep_causal_cls34/bge-large-en-v1.5
2026-06-30 17:16:34 OOD eval GPU2: aep_dataset/deberta-v3-large
2026-06-30 17:16:34 OOD eval GPU3: aep_dataset/all-mpnet-base-v2
2026-06-30 17:17:04 OOD eval GPU0: aep_dataset/all-MiniLM-L6-v2
2026-06-30 17:17:04 OOD eval GPU1: aep_dataset/e5-large-v2
2026-06-30 17:17:04 OOD eval GPU2: aep_dataset/bge-base-en-v1.5
2026-06-30 17:17:04 OOD eval GPU3: aep_dataset/bge-large-en-v1.5
2026-06-30 17:17:34 OOD eval GPU0: aep_causal_wf_v3/deberta-v3-large
2026-06-30 17:17:34 OOD eval GPU1: aep_causal_wf_v3/all-mpnet-base-v2
2026-06-30 17:17:34 OOD eval GPU2: aep_causal_wf_v3/all-MiniLM-L6-v2
2026-06-30 17:17:34 OOD eval GPU3: aep_causal_wf_v3/e5-large-v2
2026-06-30 17:18:04 OOD eval GPU0: aep_causal_wf_v3/bge-base-en-v1.5
2026-06-30 17:18:04 OOD eval GPU1: aep_causal_wf_v3/bge-large-en-v1.5
2026-06-30 17:18:04 OOD eval GPU2: ajo_doc_not_tier1/deberta-v3-large
2026-06-30 17:18:04 OOD eval GPU3: ajo_doc_not_tier1/all-mpnet-base-v2
2026-06-30 17:18:34 OOD eval GPU0: ajo_doc_not_tier1/all-MiniLM-L6-v2
2026-06-30 17:18:34 OOD eval GPU1: ajo_doc_not_tier1/e5-large-v2
2026-06-30 17:18:34 OOD eval GPU2: ajo_doc_not_tier1/bge-base-en-v1.5
2026-06-30 17:18:34 OOD eval GPU3: ajo_doc_not_tier1/bge-large-en-v1.5
2026-06-30 17:19:04 OOD eval GPU0: ajo_newstyle/deberta-v3-large
2026-06-30 17:19:04 OOD eval GPU1: ajo_newstyle/all-mpnet-base-v2
2026-06-30 17:19:04 OOD eval GPU2: ajo_newstyle/all-MiniLM-L6-v2
2026-06-30 17:19:04 OOD eval GPU3: ajo_newstyle/e5-large-v2
2026-06-30 17:19:34 OOD eval GPU0: ajo_newstyle/bge-base-en-v1.5
2026-06-30 17:19:34 OOD eval GPU1: ajo_newstyle/bge-large-en-v1.5
2026-06-30 17:19:34 OOD eval GPU2: new_aep_wf_scrap/deberta-v3-large
2026-06-30 17:19:34 OOD eval GPU3: new_aep_wf_scrap/all-mpnet-base-v2
2026-06-30 17:20:04 OOD eval GPU0: new_aep_wf_scrap/all-MiniLM-L6-v2
2026-06-30 17:20:04 OOD eval GPU1: new_aep_wf_scrap/e5-large-v2
2026-06-30 17:20:04 OOD eval GPU2: new_aep_wf_scrap/bge-base-en-v1.5
2026-06-30 17:20:04 OOD eval GPU3: new_aep_wf_scrap/bge-large-en-v1.5
2026-06-30 17:20:34 OOD eval GPU0: new_ajo_workflows/deberta-v3-large
2026-06-30 17:20:34 OOD eval GPU1: new_ajo_workflows/all-mpnet-base-v2
2026-06-30 17:20:34 OOD eval GPU2: new_ajo_workflows/all-MiniLM-L6-v2
2026-06-30 17:20:34 OOD eval GPU3: new_ajo_workflows/e5-large-v2
2026-06-30 17:21:04 OOD eval GPU0: new_ajo_workflows/bge-base-en-v1.5
2026-06-30 17:21:04 OOD eval GPU1: new_ajo_workflows/bge-large-en-v1.5
2026-06-30 17:21:04 All OOD evals submitted — waiting for completion ...
2026-06-30 17:21:14 === PHASE 2 complete ===
2026-06-30 17:21:14 === PHASE 3: Aggregating results ===
Wrote /mnt/localssd/crossencoder_sweep/results/final_results.json

Dataset                Model                  test_acc test_auc test_f1 milan_pairw ajo_perfect
-----------------------------------------------------------------------------------------------
aep_causal_cls34       deberta-v3-large         0.8816   0.9427  0.8791      0.3000      0.1333
aep_causal_cls34       all-mpnet-base-v2        0.8719   0.9129  0.8679      0.4000      0.0000
aep_causal_cls34       all-MiniLM-L6-v2         0.7876   0.8479  0.7892      0.3333      0.1333
aep_causal_cls34       e5-large-v2              0.4888   0.5000  0.6567      0.5000      1.0000
aep_causal_cls34       bge-base-en-v1.5         0.8145   0.8646  0.8082      0.2333      0.1000
aep_causal_cls34       bge-large-en-v1.5        0.8286   0.8674  0.8286      0.6000      0.1000
aep_dataset            deberta-v3-large         0.9390   0.9808  0.9406      0.4667      0.2000
aep_dataset            all-mpnet-base-v2        0.9251   0.9625  0.9267      0.7000      0.5667
aep_dataset            all-MiniLM-L6-v2         0.8690   0.9381  0.8714      0.4667      0.3333
aep_dataset            e5-large-v2              0.5106   0.5000  0.6761      0.5000      1.0000
aep_dataset            bge-base-en-v1.5         0.8963   0.9396  0.8997      0.6667      0.4333
aep_dataset            bge-large-en-v1.5        0.9126   0.9432  0.9138      0.5667      0.2000
aep_causal_wf_v3       deberta-v3-large         0.7736   0.8714  0.7616      0.5333      0.1667
aep_causal_wf_v3       all-mpnet-base-v2        0.6698   0.7467  0.6392      0.5333      0.1000
aep_causal_wf_v3       all-MiniLM-L6-v2         0.6447   0.6713  0.6246      0.5333      0.3000
aep_causal_wf_v3       e5-large-v2              0.4654   0.5000  0.6352      0.5000      1.0000
aep_causal_wf_v3       bge-base-en-v1.5         0.6321   0.7176  0.5776      0.6000      0.1667
aep_causal_wf_v3       bge-large-en-v1.5        0.6792   0.7225  0.6792      0.5000      0.3000
ajo_doc_not_tier1      deberta-v3-large         0.4966   0.4970  0.0000      0.5000      0.5333
ajo_doc_not_tier1      all-mpnet-base-v2        0.9893   0.9953  0.9894      0.3667      0.5000
ajo_doc_not_tier1      all-MiniLM-L6-v2         0.9663   0.9862  0.9666      0.5000      0.4000
ajo_doc_not_tier1      e5-large-v2              0.4966   0.4991  0.0000      0.5000      0.2333
ajo_doc_not_tier1      bge-base-en-v1.5         0.9696   0.9890  0.9698      0.4667      0.5000
ajo_doc_not_tier1      bge-large-en-v1.5        0.4966   0.5000  0.0000      0.5000      1.0000
ajo_newstyle           deberta-v3-large         0.5002   0.5319  0.6668      0.5000      0.3667
ajo_newstyle           all-mpnet-base-v2        0.6100   0.6936  0.6002      0.3333      0.5000
ajo_newstyle           all-MiniLM-L6-v2         0.5522   0.5790  0.5004      0.4333      0.2333
ajo_newstyle           e5-large-v2              0.5002   0.5000  0.6668      0.5000      1.0000
ajo_newstyle           bge-base-en-v1.5         0.5515   0.6101  0.5447      0.5667      0.2667
ajo_newstyle           bge-large-en-v1.5        0.5002   0.5000  0.6668      0.5000      1.0000
new_aep_wf_scrap       deberta-v3-large         0.5000   0.5966  0.6667      0.5000      0.5000
new_aep_wf_scrap       all-mpnet-base-v2        0.6957   0.7727  0.6955      0.5667      0.2333
new_aep_wf_scrap       all-MiniLM-L6-v2         0.5866   0.6292  0.5850      0.5667      0.3333
new_aep_wf_scrap       e5-large-v2              0.5000   0.4910  0.0000      0.5000      1.0000
new_aep_wf_scrap       bge-base-en-v1.5         0.6124   0.6658  0.6324      0.9000      0.2667
new_aep_wf_scrap       bge-large-en-v1.5        0.5000   0.4946  0.0000      0.5000      0.5667
new_ajo_workflows      deberta-v3-large         0.5000   0.4845  0.0000      0.5000      0.1000
new_ajo_workflows      all-mpnet-base-v2        0.6422   0.6886  0.6513      0.6667      0.2333
new_ajo_workflows      all-MiniLM-L6-v2         0.5558   0.5907  0.5805      0.5333      0.4333
new_ajo_workflows      e5-large-v2              0.5000   0.4992  0.0000      0.5000      0.9667
new_ajo_workflows      bge-base-en-v1.5         0.5558   0.5986  0.5548      0.4333      0.3333
new_ajo_workflows      bge-large-en-v1.5        0.5818   0.6326  0.6045      0.5000      0.0667

42/42 runs completed.
2026-06-30 17:21:14 Done. Final results at /mnt/localssd/crossencoder_sweep/results/final_results.json
