23:38:43 INFO run_dir=runs/crossencoder/ce_indomain
23:38:43 INFO device=cuda  bf16=True
23:38:43 INFO tokenizer <- bert-base-uncased
23:38:44 INFO scanning max JOINT token length across all splits
23:41:27 INFO   observed max joint tokens=736  -> max_seq_len=512  (cap 512, scan 163.2s)
23:41:27 INFO loading datasets
23:41:30 INFO   train=261210  val=14736  test=6004
23:41:30 INFO building CrossEncoderClassifier on bert-base-uncased
23:41:33 INFO   hidden_size=768  trainable_params=109,483,009
23:41:33 INFO   total_steps=24489  warmup_steps=2448
23:41:40 INFO   e1 step    50/8163  loss=0.6004  acc=0.7106  lr0=4.08e-07 lr1=2.04e-05
23:41:45 INFO   e1 step   100/8163  loss=0.5626  acc=0.7512  lr0=8.17e-07 lr1=4.08e-05
23:41:49 INFO   e1 step   150/8163  loss=0.5377  acc=0.7704  lr0=1.23e-06 lr1=6.13e-05
23:41:54 INFO   e1 step   200/8163  loss=0.5388  acc=0.7689  lr0=1.63e-06 lr1=8.17e-05
23:41:59 INFO   e1 step   250/8163  loss=0.5333  acc=0.7702  lr0=2.04e-06 lr1=1.02e-04
23:42:04 INFO   e1 step   300/8163  loss=0.5258  acc=0.7726  lr0=2.45e-06 lr1=1.23e-04
23:42:09 INFO   e1 step   350/8163  loss=0.5155  acc=0.7755  lr0=2.86e-06 lr1=1.43e-04
23:42:14 INFO   e1 step   400/8163  loss=0.5020  acc=0.7786  lr0=3.27e-06 lr1=1.63e-04
23:42:18 INFO   e1 step   450/8163  loss=0.4895  acc=0.7820  lr0=3.68e-06 lr1=1.84e-04
23:42:23 INFO   e1 step   500/8163  loss=0.4773  acc=0.7847  lr0=4.08e-06 lr1=2.04e-04
23:42:28 INFO   e1 step   550/8163  loss=0.4649  acc=0.7892  lr0=4.49e-06 lr1=2.25e-04
23:42:33 INFO   e1 step   600/8163  loss=0.4523  acc=0.7945  lr0=4.90e-06 lr1=2.45e-04
23:42:38 INFO   e1 step   650/8163  loss=0.4418  acc=0.7992  lr0=5.31e-06 lr1=2.66e-04
23:42:43 INFO   e1 step   700/8163  loss=0.4309  acc=0.8034  lr0=5.72e-06 lr1=2.86e-04
23:42:48 INFO   e1 step   750/8163  loss=0.4219  acc=0.8070  lr0=6.13e-06 lr1=3.06e-04
23:42:53 INFO   e1 step   800/8163  loss=0.4113  acc=0.8119  lr0=6.54e-06 lr1=3.27e-04
23:42:58 INFO   e1 step   850/8163  loss=0.4021  acc=0.8165  lr0=6.94e-06 lr1=3.47e-04
23:43:02 INFO   e1 step   900/8163  loss=0.3933  acc=0.8211  lr0=7.35e-06 lr1=3.68e-04
23:43:07 INFO   e1 step   950/8163  loss=0.3839  acc=0.8254  lr0=7.76e-06 lr1=3.88e-04
23:43:12 INFO   e1 step  1000/8163  loss=0.3740  acc=0.8306  lr0=8.17e-06 lr1=4.08e-04
23:43:17 INFO   e1 step  1050/8163  loss=0.3651  acc=0.8351  lr0=8.58e-06 lr1=4.29e-04
23:43:22 INFO   e1 step  1100/8163  loss=0.3565  acc=0.8393  lr0=8.99e-06 lr1=4.49e-04
23:43:27 INFO   e1 step  1150/8163  loss=0.3478  acc=0.8437  lr0=9.40e-06 lr1=4.70e-04
23:43:31 INFO   e1 step  1200/8163  loss=0.3402  acc=0.8473  lr0=9.80e-06 lr1=4.90e-04
23:43:36 INFO   e1 step  1250/8163  loss=0.3340  acc=0.8506  lr0=1.02e-05 lr1=5.11e-04
23:43:41 INFO   e1 step  1300/8163  loss=0.3257  acc=0.8544  lr0=1.06e-05 lr1=5.31e-04
23:43:46 INFO   e1 step  1350/8163  loss=0.3204  acc=0.8572  lr0=1.10e-05 lr1=5.51e-04
23:43:51 INFO   e1 step  1400/8163  loss=0.3140  acc=0.8605  lr0=1.14e-05 lr1=5.72e-04
23:43:56 INFO   e1 step  1450/8163  loss=0.3079  acc=0.8636  lr0=1.18e-05 lr1=5.92e-04
23:44:01 INFO   e1 step  1500/8163  loss=0.3022  acc=0.8666  lr0=1.23e-05 lr1=6.13e-04
23:44:06 INFO   e1 step  1550/8163  loss=0.2967  acc=0.8693  lr0=1.27e-05 lr1=6.33e-04
23:44:11 INFO   e1 step  1600/8163  loss=0.2922  acc=0.8716  lr0=1.31e-05 lr1=6.54e-04
23:44:16 INFO   e1 step  1650/8163  loss=0.2877  acc=0.8738  lr0=1.35e-05 lr1=6.74e-04
23:44:20 INFO   e1 step  1700/8163  loss=0.2825  acc=0.8762  lr0=1.39e-05 lr1=6.94e-04
23:44:25 INFO   e1 step  1750/8163  loss=0.2779  acc=0.8786  lr0=1.43e-05 lr1=7.15e-04
23:44:30 INFO   e1 step  1800/8163  loss=0.2739  acc=0.8807  lr0=1.47e-05 lr1=7.35e-04
23:44:35 INFO   e1 step  1850/8163  loss=0.2700  acc=0.8827  lr0=1.51e-05 lr1=7.56e-04
23:44:40 INFO   e1 step  1900/8163  loss=0.2657  acc=0.8848  lr0=1.55e-05 lr1=7.76e-04
23:44:44 INFO   e1 step  1950/8163  loss=0.2616  acc=0.8867  lr0=1.59e-05 lr1=7.97e-04
23:44:49 INFO   e1 step  2000/8163  loss=0.2576  acc=0.8887  lr0=1.63e-05 lr1=8.17e-04
23:44:54 INFO   e1 step  2050/8163  loss=0.2539  acc=0.8905  lr0=1.67e-05 lr1=8.37e-04
23:44:59 INFO   e1 step  2100/8163  loss=0.2502  acc=0.8923  lr0=1.72e-05 lr1=8.58e-04
23:45:04 INFO   e1 step  2150/8163  loss=0.2470  acc=0.8939  lr0=1.76e-05 lr1=8.78e-04
23:45:09 INFO   e1 step  2200/8163  loss=0.2435  acc=0.8954  lr0=1.80e-05 lr1=8.99e-04
23:45:13 INFO   e1 step  2250/8163  loss=0.2409  acc=0.8968  lr0=1.84e-05 lr1=9.19e-04
23:45:18 INFO   e1 step  2300/8163  loss=0.2381  acc=0.8982  lr0=1.88e-05 lr1=9.40e-04
23:45:23 INFO   e1 step  2350/8163  loss=0.2346  acc=0.8999  lr0=1.92e-05 lr1=9.60e-04
23:45:28 INFO   e1 step  2400/8163  loss=0.2320  acc=0.9013  lr0=1.96e-05 lr1=9.80e-04
23:45:33 INFO   e1 step  2450/8163  loss=0.2294  acc=0.9027  lr0=2.00e-05 lr1=1.00e-03
23:45:38 INFO   e1 step  2500/8163  loss=0.2265  acc=0.9041  lr0=2.00e-05 lr1=9.98e-04
23:45:42 INFO   e1 step  2550/8163  loss=0.2240  acc=0.9052  lr0=1.99e-05 lr1=9.95e-04
23:45:47 INFO   e1 step  2600/8163  loss=0.2213  acc=0.9065  lr0=1.99e-05 lr1=9.93e-04
23:45:52 INFO   e1 step  2650/8163  loss=0.2188  acc=0.9077  lr0=1.98e-05 lr1=9.91e-04
23:45:57 INFO   e1 step  2700/8163  loss=0.2164  acc=0.9089  lr0=1.98e-05 lr1=9.89e-04
23:46:02 INFO   e1 step  2750/8163  loss=0.2141  acc=0.9100  lr0=1.97e-05 lr1=9.86e-04
23:46:07 INFO   e1 step  2800/8163  loss=0.2116  acc=0.9111  lr0=1.97e-05 lr1=9.84e-04
23:46:12 INFO   e1 step  2850/8163  loss=0.2091  acc=0.9123  lr0=1.96e-05 lr1=9.82e-04
23:46:17 INFO   e1 step  2900/8163  loss=0.2066  acc=0.9135  lr0=1.96e-05 lr1=9.79e-04
23:46:21 INFO   e1 step  2950/8163  loss=0.2043  acc=0.9146  lr0=1.95e-05 lr1=9.77e-04
23:46:26 INFO   e1 step  3000/8163  loss=0.2019  acc=0.9157  lr0=1.95e-05 lr1=9.75e-04
23:46:31 INFO   e1 step  3050/8163  loss=0.2000  acc=0.9167  lr0=1.95e-05 lr1=9.73e-04
23:46:36 INFO   e1 step  3100/8163  loss=0.1979  acc=0.9177  lr0=1.94e-05 lr1=9.70e-04
23:46:41 INFO   e1 step  3150/8163  loss=0.1957  acc=0.9187  lr0=1.94e-05 lr1=9.68e-04
23:46:46 INFO   e1 step  3200/8163  loss=0.1937  acc=0.9196  lr0=1.93e-05 lr1=9.66e-04
23:46:51 INFO   e1 step  3250/8163  loss=0.1917  acc=0.9206  lr0=1.93e-05 lr1=9.64e-04
23:46:56 INFO   e1 step  3300/8163  loss=0.1897  acc=0.9215  lr0=1.92e-05 lr1=9.61e-04
23:47:00 INFO   e1 step  3350/8163  loss=0.1879  acc=0.9224  lr0=1.92e-05 lr1=9.59e-04
23:47:05 INFO   e1 step  3400/8163  loss=0.1859  acc=0.9233  lr0=1.91e-05 lr1=9.57e-04
23:47:10 INFO   e1 step  3450/8163  loss=0.1840  acc=0.9242  lr0=1.91e-05 lr1=9.55e-04
23:47:15 INFO   e1 step  3500/8163  loss=0.1823  acc=0.9250  lr0=1.90e-05 lr1=9.52e-04
23:47:20 INFO   e1 step  3550/8163  loss=0.1803  acc=0.9259  lr0=1.90e-05 lr1=9.50e-04
23:47:25 INFO   e1 step  3600/8163  loss=0.1785  acc=0.9267  lr0=1.90e-05 lr1=9.48e-04
23:47:30 INFO   e1 step  3650/8163  loss=0.1769  acc=0.9275  lr0=1.89e-05 lr1=9.45e-04
23:47:34 INFO   e1 step  3700/8163  loss=0.1755  acc=0.9282  lr0=1.89e-05 lr1=9.43e-04
23:47:39 INFO   e1 step  3750/8163  loss=0.1740  acc=0.9289  lr0=1.88e-05 lr1=9.41e-04
23:47:44 INFO   e1 step  3800/8163  loss=0.1724  acc=0.9296  lr0=1.88e-05 lr1=9.39e-04
23:47:49 INFO   e1 step  3850/8163  loss=0.1709  acc=0.9303  lr0=1.87e-05 lr1=9.36e-04
23:47:54 INFO   e1 step  3900/8163  loss=0.1692  acc=0.9310  lr0=1.87e-05 lr1=9.34e-04
23:47:59 INFO   e1 step  3950/8163  loss=0.1677  acc=0.9317  lr0=1.86e-05 lr1=9.32e-04
23:48:04 INFO   e1 step  4000/8163  loss=0.1664  acc=0.9323  lr0=1.86e-05 lr1=9.30e-04
23:48:09 INFO   e1 step  4050/8163  loss=0.1648  acc=0.9330  lr0=1.85e-05 lr1=9.27e-04
23:48:14 INFO   e1 step  4100/8163  loss=0.1633  acc=0.9337  lr0=1.85e-05 lr1=9.25e-04
23:48:19 INFO   e1 step  4150/8163  loss=0.1619  acc=0.9343  lr0=1.85e-05 lr1=9.23e-04
23:48:24 INFO   e1 step  4200/8163  loss=0.1604  acc=0.9350  lr0=1.84e-05 lr1=9.21e-04
23:48:28 INFO   e1 step  4250/8163  loss=0.1592  acc=0.9355  lr0=1.84e-05 lr1=9.18e-04
23:48:33 INFO   e1 step  4300/8163  loss=0.1580  acc=0.9361  lr0=1.83e-05 lr1=9.16e-04
23:48:38 INFO   e1 step  4350/8163  loss=0.1566  acc=0.9367  lr0=1.83e-05 lr1=9.14e-04
23:48:43 INFO   e1 step  4400/8163  loss=0.1552  acc=0.9373  lr0=1.82e-05 lr1=9.11e-04
23:48:48 INFO   e1 step  4450/8163  loss=0.1538  acc=0.9379  lr0=1.82e-05 lr1=9.09e-04
23:48:53 INFO   e1 step  4500/8163  loss=0.1524  acc=0.9385  lr0=1.81e-05 lr1=9.07e-04
23:48:58 INFO   e1 step  4550/8163  loss=0.1513  acc=0.9391  lr0=1.81e-05 lr1=9.05e-04
23:49:02 INFO   e1 step  4600/8163  loss=0.1501  acc=0.9396  lr0=1.80e-05 lr1=9.02e-04
23:49:07 INFO   e1 step  4650/8163  loss=0.1489  acc=0.9401  lr0=1.80e-05 lr1=9.00e-04
23:49:12 INFO   e1 step  4700/8163  loss=0.1478  acc=0.9406  lr0=1.80e-05 lr1=8.98e-04
23:49:17 INFO   e1 step  4750/8163  loss=0.1465  acc=0.9412  lr0=1.79e-05 lr1=8.96e-04
23:49:22 INFO   e1 step  4800/8163  loss=0.1455  acc=0.9417  lr0=1.79e-05 lr1=8.93e-04
23:49:27 INFO   e1 step  4850/8163  loss=0.1442  acc=0.9422  lr0=1.78e-05 lr1=8.91e-04
23:49:32 INFO   e1 step  4900/8163  loss=0.1431  acc=0.9427  lr0=1.78e-05 lr1=8.89e-04
23:49:37 INFO   e1 step  4950/8163  loss=0.1419  acc=0.9432  lr0=1.77e-05 lr1=8.86e-04
23:49:41 INFO   e1 step  5000/8163  loss=0.1409  acc=0.9437  lr0=1.77e-05 lr1=8.84e-04
23:49:46 INFO   e1 step  5050/8163  loss=0.1399  acc=0.9441  lr0=1.76e-05 lr1=8.82e-04
23:49:51 INFO   e1 step  5100/8163  loss=0.1390  acc=0.9445  lr0=1.76e-05 lr1=8.80e-04
23:49:56 INFO   e1 step  5150/8163  loss=0.1378  acc=0.9450  lr0=1.75e-05 lr1=8.77e-04
23:50:01 INFO   e1 step  5200/8163  loss=0.1370  acc=0.9454  lr0=1.75e-05 lr1=8.75e-04
23:50:06 INFO   e1 step  5250/8163  loss=0.1360  acc=0.9458  lr0=1.75e-05 lr1=8.73e-04
23:50:11 INFO   e1 step  5300/8163  loss=0.1350  acc=0.9463  lr0=1.74e-05 lr1=8.71e-04
23:50:16 INFO   e1 step  5350/8163  loss=0.1341  acc=0.9467  lr0=1.74e-05 lr1=8.68e-04
23:50:20 INFO   e1 step  5400/8163  loss=0.1332  acc=0.9471  lr0=1.73e-05 lr1=8.66e-04
23:50:25 INFO   e1 step  5450/8163  loss=0.1323  acc=0.9475  lr0=1.73e-05 lr1=8.64e-04
23:50:30 INFO   e1 step  5500/8163  loss=0.1314  acc=0.9479  lr0=1.72e-05 lr1=8.62e-04
23:50:35 INFO   e1 step  5550/8163  loss=0.1306  acc=0.9483  lr0=1.72e-05 lr1=8.59e-04
23:50:40 INFO   e1 step  5600/8163  loss=0.1298  acc=0.9487  lr0=1.71e-05 lr1=8.57e-04
23:50:45 INFO   e1 step  5650/8163  loss=0.1289  acc=0.9491  lr0=1.71e-05 lr1=8.55e-04
23:50:50 INFO   e1 step  5700/8163  loss=0.1281  acc=0.9494  lr0=1.70e-05 lr1=8.52e-04
23:50:55 INFO   e1 step  5750/8163  loss=0.1272  acc=0.9498  lr0=1.70e-05 lr1=8.50e-04
23:50:59 INFO   e1 step  5800/8163  loss=0.1263  acc=0.9502  lr0=1.70e-05 lr1=8.48e-04
23:51:04 INFO   e1 step  5850/8163  loss=0.1256  acc=0.9506  lr0=1.69e-05 lr1=8.46e-04
23:51:09 INFO   e1 step  5900/8163  loss=0.1248  acc=0.9509  lr0=1.69e-05 lr1=8.43e-04
23:51:14 INFO   e1 step  5950/8163  loss=0.1242  acc=0.9512  lr0=1.68e-05 lr1=8.41e-04
23:51:19 INFO   e1 step  6000/8163  loss=0.1233  acc=0.9515  lr0=1.68e-05 lr1=8.39e-04
23:51:24 INFO   e1 step  6050/8163  loss=0.1226  acc=0.9519  lr0=1.67e-05 lr1=8.37e-04
23:51:29 INFO   e1 step  6100/8163  loss=0.1218  acc=0.9522  lr0=1.67e-05 lr1=8.34e-04
23:51:33 INFO   e1 step  6150/8163  loss=0.1211  acc=0.9525  lr0=1.66e-05 lr1=8.32e-04
23:51:38 INFO   e1 step  6200/8163  loss=0.1206  acc=0.9528  lr0=1.66e-05 lr1=8.30e-04
23:51:43 INFO   e1 step  6250/8163  loss=0.1199  acc=0.9531  lr0=1.66e-05 lr1=8.28e-04
23:51:48 INFO   e1 step  6300/8163  loss=0.1192  acc=0.9534  lr0=1.65e-05 lr1=8.25e-04
23:51:53 INFO   e1 step  6350/8163  loss=0.1186  acc=0.9537  lr0=1.65e-05 lr1=8.23e-04
23:51:58 INFO   e1 step  6400/8163  loss=0.1179  acc=0.9540  lr0=1.64e-05 lr1=8.21e-04
23:52:03 INFO   e1 step  6450/8163  loss=0.1172  acc=0.9543  lr0=1.64e-05 lr1=8.18e-04
23:52:08 INFO   e1 step  6500/8163  loss=0.1166  acc=0.9546  lr0=1.63e-05 lr1=8.16e-04
23:52:12 INFO   e1 step  6550/8163  loss=0.1159  acc=0.9549  lr0=1.63e-05 lr1=8.14e-04
23:52:17 INFO   e1 step  6600/8163  loss=0.1152  acc=0.9552  lr0=1.62e-05 lr1=8.12e-04
23:52:22 INFO   e1 step  6650/8163  loss=0.1146  acc=0.9554  lr0=1.62e-05 lr1=8.09e-04
23:52:27 INFO   e1 step  6700/8163  loss=0.1140  acc=0.9557  lr0=1.61e-05 lr1=8.07e-04
23:52:32 INFO   e1 step  6750/8163  loss=0.1134  acc=0.9560  lr0=1.61e-05 lr1=8.05e-04
23:52:37 INFO   e1 step  6800/8163  loss=0.1127  acc=0.9562  lr0=1.61e-05 lr1=8.03e-04
23:52:42 INFO   e1 step  6850/8163  loss=0.1120  acc=0.9565  lr0=1.60e-05 lr1=8.00e-04
23:52:47 INFO   e1 step  6900/8163  loss=0.1114  acc=0.9568  lr0=1.60e-05 lr1=7.98e-04
23:52:52 INFO   e1 step  6950/8163  loss=0.1108  acc=0.9571  lr0=1.59e-05 lr1=7.96e-04
23:52:56 INFO   e1 step  7000/8163  loss=0.1102  acc=0.9573  lr0=1.59e-05 lr1=7.93e-04
23:53:01 INFO   e1 step  7050/8163  loss=0.1096  acc=0.9576  lr0=1.58e-05 lr1=7.91e-04
23:53:06 INFO   e1 step  7100/8163  loss=0.1090  acc=0.9578  lr0=1.58e-05 lr1=7.89e-04
23:53:11 INFO   e1 step  7150/8163  loss=0.1084  acc=0.9581  lr0=1.57e-05 lr1=7.87e-04
23:53:16 INFO   e1 step  7200/8163  loss=0.1079  acc=0.9583  lr0=1.57e-05 lr1=7.84e-04
23:53:21 INFO   e1 step  7250/8163  loss=0.1073  acc=0.9586  lr0=1.56e-05 lr1=7.82e-04
23:53:26 INFO   e1 step  7300/8163  loss=0.1066  acc=0.9588  lr0=1.56e-05 lr1=7.80e-04
23:53:31 INFO   e1 step  7350/8163  loss=0.1060  acc=0.9591  lr0=1.56e-05 lr1=7.78e-04
23:53:36 INFO   e1 step  7400/8163  loss=0.1055  acc=0.9593  lr0=1.55e-05 lr1=7.75e-04
23:53:40 INFO   e1 step  7450/8163  loss=0.1050  acc=0.9595  lr0=1.55e-05 lr1=7.73e-04
23:53:45 INFO   e1 step  7500/8163  loss=0.1045  acc=0.9597  lr0=1.54e-05 lr1=7.71e-04
23:53:50 INFO   e1 step  7550/8163  loss=0.1040  acc=0.9600  lr0=1.54e-05 lr1=7.69e-04
23:53:55 INFO   e1 step  7600/8163  loss=0.1034  acc=0.9602  lr0=1.53e-05 lr1=7.66e-04
23:54:00 INFO   e1 step  7650/8163  loss=0.1029  acc=0.9604  lr0=1.53e-05 lr1=7.64e-04
23:54:05 INFO   e1 step  7700/8163  loss=0.1024  acc=0.9606  lr0=1.52e-05 lr1=7.62e-04
23:54:10 INFO   e1 step  7750/8163  loss=0.1020  acc=0.9608  lr0=1.52e-05 lr1=7.59e-04
23:54:15 INFO   e1 step  7800/8163  loss=0.1015  acc=0.9610  lr0=1.51e-05 lr1=7.57e-04
23:54:19 INFO   e1 step  7850/8163  loss=0.1009  acc=0.9612  lr0=1.51e-05 lr1=7.55e-04
23:54:24 INFO   e1 step  7900/8163  loss=0.1005  acc=0.9614  lr0=1.51e-05 lr1=7.53e-04
23:54:29 INFO   e1 step  7950/8163  loss=0.1000  acc=0.9616  lr0=1.50e-05 lr1=7.50e-04
23:54:34 INFO   e1 step  8000/8163  loss=0.0997  acc=0.9618  lr0=1.50e-05 lr1=7.48e-04
23:54:39 INFO   e1 step  8050/8163  loss=0.0992  acc=0.9620  lr0=1.49e-05 lr1=7.46e-04
23:54:44 INFO   e1 step  8100/8163  loss=0.0988  acc=0.9622  lr0=1.49e-05 lr1=7.44e-04
23:54:49 INFO   e1 step  8150/8163  loss=0.0983  acc=0.9624  lr0=1.48e-05 lr1=7.41e-04
23:54:59 INFO [epoch 1] train_loss=0.0982 train_acc=0.9624  val_loss=2.5585 val_acc=0.7254 val_auc=0.8150  elapsed=805.4s
23:54:59 INFO   saved best.pt  val_acc=0.7254
23:55:05 INFO   e2 step    50/8163  loss=0.0392  acc=0.9906  lr0=1.48e-05 lr1=7.38e-04
23:55:09 INFO   e2 step   100/8163  loss=0.0284  acc=0.9928  lr0=1.47e-05 lr1=7.36e-04
23:55:14 INFO   e2 step   150/8163  loss=0.0310  acc=0.9915  lr0=1.47e-05 lr1=7.34e-04
23:55:19 INFO   e2 step   200/8163  loss=0.0295  acc=0.9917  lr0=1.46e-05 lr1=7.32e-04
23:55:24 INFO   e2 step   250/8163  loss=0.0307  acc=0.9922  lr0=1.46e-05 lr1=7.29e-04
23:55:29 INFO   e2 step   300/8163  loss=0.0285  acc=0.9928  lr0=1.45e-05 lr1=7.27e-04
23:55:34 INFO   e2 step   350/8163  loss=0.0272  acc=0.9929  lr0=1.45e-05 lr1=7.25e-04
23:55:39 INFO   e2 step   400/8163  loss=0.0275  acc=0.9928  lr0=1.45e-05 lr1=7.23e-04
23:55:43 INFO   e2 step   450/8163  loss=0.0278  acc=0.9929  lr0=1.44e-05 lr1=7.20e-04
23:55:48 INFO   e2 step   500/8163  loss=0.0265  acc=0.9931  lr0=1.44e-05 lr1=7.18e-04
23:55:53 INFO   e2 step   550/8163  loss=0.0264  acc=0.9931  lr0=1.43e-05 lr1=7.16e-04
23:55:58 INFO   e2 step   600/8163  loss=0.0258  acc=0.9933  lr0=1.43e-05 lr1=7.13e-04
23:56:03 INFO   e2 step   650/8163  loss=0.0269  acc=0.9931  lr0=1.42e-05 lr1=7.11e-04
23:56:07 INFO   e2 step   700/8163  loss=0.0258  acc=0.9933  lr0=1.42e-05 lr1=7.09e-04
23:56:12 INFO   e2 step   750/8163  loss=0.0265  acc=0.9930  lr0=1.41e-05 lr1=7.07e-04
23:56:17 INFO   e2 step   800/8163  loss=0.0258  acc=0.9932  lr0=1.41e-05 lr1=7.04e-04
23:56:22 INFO   e2 step   850/8163  loss=0.0258  acc=0.9932  lr0=1.40e-05 lr1=7.02e-04
23:56:27 INFO   e2 step   900/8163  loss=0.0249  acc=0.9933  lr0=1.40e-05 lr1=7.00e-04
23:56:32 INFO   e2 step   950/8163  loss=0.0248  acc=0.9933  lr0=1.40e-05 lr1=6.98e-04
23:56:37 INFO   e2 step  1000/8163  loss=0.0253  acc=0.9932  lr0=1.39e-05 lr1=6.95e-04
23:56:42 INFO   e2 step  1050/8163  loss=0.0253  acc=0.9931  lr0=1.39e-05 lr1=6.93e-04
23:56:47 INFO   e2 step  1100/8163  loss=0.0252  acc=0.9932  lr0=1.38e-05 lr1=6.91e-04
23:56:52 INFO   e2 step  1150/8163  loss=0.0247  acc=0.9933  lr0=1.38e-05 lr1=6.89e-04
23:56:57 INFO   e2 step  1200/8163  loss=0.0250  acc=0.9933  lr0=1.37e-05 lr1=6.86e-04
23:57:01 INFO   e2 step  1250/8163  loss=0.0248  acc=0.9933  lr0=1.37e-05 lr1=6.84e-04
23:57:06 INFO   e2 step  1300/8163  loss=0.0248  acc=0.9932  lr0=1.36e-05 lr1=6.82e-04
23:57:11 INFO   e2 step  1350/8163  loss=0.0248  acc=0.9933  lr0=1.36e-05 lr1=6.79e-04
23:57:16 INFO   e2 step  1400/8163  loss=0.0247  acc=0.9933  lr0=1.35e-05 lr1=6.77e-04
23:57:21 INFO   e2 step  1450/8163  loss=0.0248  acc=0.9934  lr0=1.35e-05 lr1=6.75e-04
23:57:26 INFO   e2 step  1500/8163  loss=0.0250  acc=0.9934  lr0=1.35e-05 lr1=6.73e-04
23:57:31 INFO   e2 step  1550/8163  loss=0.0249  acc=0.9934  lr0=1.34e-05 lr1=6.70e-04
23:57:36 INFO   e2 step  1600/8163  loss=0.0251  acc=0.9934  lr0=1.34e-05 lr1=6.68e-04
23:57:41 INFO   e2 step  1650/8163  loss=0.0249  acc=0.9935  lr0=1.33e-05 lr1=6.66e-04
23:57:46 INFO   e2 step  1700/8163  loss=0.0248  acc=0.9936  lr0=1.33e-05 lr1=6.64e-04
23:57:50 INFO   e2 step  1750/8163  loss=0.0247  acc=0.9936  lr0=1.32e-05 lr1=6.61e-04
23:57:55 INFO   e2 step  1800/8163  loss=0.0246  acc=0.9937  lr0=1.32e-05 lr1=6.59e-04
23:58:00 INFO   e2 step  1850/8163  loss=0.0243  acc=0.9938  lr0=1.31e-05 lr1=6.57e-04
23:58:05 INFO   e2 step  1900/8163  loss=0.0242  acc=0.9938  lr0=1.31e-05 lr1=6.55e-04
23:58:10 INFO   e2 step  1950/8163  loss=0.0240  acc=0.9938  lr0=1.30e-05 lr1=6.52e-04
23:58:15 INFO   e2 step  2000/8163  loss=0.0239  acc=0.9938  lr0=1.30e-05 lr1=6.50e-04
23:58:20 INFO   e2 step  2050/8163  loss=0.0238  acc=0.9938  lr0=1.30e-05 lr1=6.48e-04
23:58:24 INFO   e2 step  2100/8163  loss=0.0239  acc=0.9938  lr0=1.29e-05 lr1=6.45e-04
23:58:29 INFO   e2 step  2150/8163  loss=0.0237  acc=0.9939  lr0=1.29e-05 lr1=6.43e-04
23:58:34 INFO   e2 step  2200/8163  loss=0.0236  acc=0.9939  lr0=1.28e-05 lr1=6.41e-04
23:58:39 INFO   e2 step  2250/8163  loss=0.0233  acc=0.9940  lr0=1.28e-05 lr1=6.39e-04
23:58:44 INFO   e2 step  2300/8163  loss=0.0234  acc=0.9939  lr0=1.27e-05 lr1=6.36e-04
23:58:49 INFO   e2 step  2350/8163  loss=0.0231  acc=0.9940  lr0=1.27e-05 lr1=6.34e-04
23:58:54 INFO   e2 step  2400/8163  loss=0.0229  acc=0.9940  lr0=1.26e-05 lr1=6.32e-04
23:58:59 INFO   e2 step  2450/8163  loss=0.0229  acc=0.9940  lr0=1.26e-05 lr1=6.30e-04
23:59:04 INFO   e2 step  2500/8163  loss=0.0229  acc=0.9940  lr0=1.25e-05 lr1=6.27e-04
23:59:09 INFO   e2 step  2550/8163  loss=0.0228  acc=0.9940  lr0=1.25e-05 lr1=6.25e-04
23:59:13 INFO   e2 step  2600/8163  loss=0.0227  acc=0.9940  lr0=1.25e-05 lr1=6.23e-04
23:59:18 INFO   e2 step  2650/8163  loss=0.0226  acc=0.9940  lr0=1.24e-05 lr1=6.20e-04
23:59:23 INFO   e2 step  2700/8163  loss=0.0226  acc=0.9940  lr0=1.24e-05 lr1=6.18e-04
23:59:28 INFO   e2 step  2750/8163  loss=0.0225  acc=0.9940  lr0=1.23e-05 lr1=6.16e-04
23:59:33 INFO   e2 step  2800/8163  loss=0.0227  acc=0.9939  lr0=1.23e-05 lr1=6.14e-04
23:59:38 INFO   e2 step  2850/8163  loss=0.0227  acc=0.9939  lr0=1.22e-05 lr1=6.11e-04
23:59:43 INFO   e2 step  2900/8163  loss=0.0226  acc=0.9940  lr0=1.22e-05 lr1=6.09e-04
23:59:48 INFO   e2 step  2950/8163  loss=0.0224  acc=0.9940  lr0=1.21e-05 lr1=6.07e-04
23:59:53 INFO   e2 step  3000/8163  loss=0.0223  acc=0.9941  lr0=1.21e-05 lr1=6.05e-04
23:59:58 INFO   e2 step  3050/8163  loss=0.0221  acc=0.9941  lr0=1.20e-05 lr1=6.02e-04
00:00:03 INFO   e2 step  3100/8163  loss=0.0219  acc=0.9941  lr0=1.20e-05 lr1=6.00e-04
00:00:07 INFO   e2 step  3150/8163  loss=0.0218  acc=0.9942  lr0=1.20e-05 lr1=5.98e-04
00:00:12 INFO   e2 step  3200/8163  loss=0.0220  acc=0.9941  lr0=1.19e-05 lr1=5.96e-04
00:00:17 INFO   e2 step  3250/8163  loss=0.0219  acc=0.9941  lr0=1.19e-05 lr1=5.93e-04
00:00:22 INFO   e2 step  3300/8163  loss=0.0221  acc=0.9941  lr0=1.18e-05 lr1=5.91e-04
00:00:27 INFO   e2 step  3350/8163  loss=0.0220  acc=0.9941  lr0=1.18e-05 lr1=5.89e-04
00:00:32 INFO   e2 step  3400/8163  loss=0.0221  acc=0.9941  lr0=1.17e-05 lr1=5.86e-04
00:00:36 INFO   e2 step  3450/8163  loss=0.0220  acc=0.9941  lr0=1.17e-05 lr1=5.84e-04
00:00:41 INFO   e2 step  3500/8163  loss=0.0218  acc=0.9941  lr0=1.16e-05 lr1=5.82e-04
00:00:46 INFO   e2 step  3550/8163  loss=0.0218  acc=0.9941  lr0=1.16e-05 lr1=5.80e-04
00:00:51 INFO   e2 step  3600/8163  loss=0.0219  acc=0.9941  lr0=1.15e-05 lr1=5.77e-04
00:00:56 INFO   e2 step  3650/8163  loss=0.0219  acc=0.9941  lr0=1.15e-05 lr1=5.75e-04
00:01:01 INFO   e2 step  3700/8163  loss=0.0219  acc=0.9941  lr0=1.15e-05 lr1=5.73e-04
00:01:06 INFO   e2 step  3750/8163  loss=0.0219  acc=0.9941  lr0=1.14e-05 lr1=5.71e-04
00:01:10 INFO   e2 step  3800/8163  loss=0.0220  acc=0.9941  lr0=1.14e-05 lr1=5.68e-04
00:01:15 INFO   e2 step  3850/8163  loss=0.0221  acc=0.9941  lr0=1.13e-05 lr1=5.66e-04
00:01:20 INFO   e2 step  3900/8163  loss=0.0220  acc=0.9941  lr0=1.13e-05 lr1=5.64e-04
00:01:25 INFO   e2 step  3950/8163  loss=0.0218  acc=0.9941  lr0=1.12e-05 lr1=5.61e-04
00:01:30 INFO   e2 step  4000/8163  loss=0.0217  acc=0.9941  lr0=1.12e-05 lr1=5.59e-04
00:01:35 INFO   e2 step  4050/8163  loss=0.0216  acc=0.9941  lr0=1.11e-05 lr1=5.57e-04
00:01:40 INFO   e2 step  4100/8163  loss=0.0215  acc=0.9942  lr0=1.11e-05 lr1=5.55e-04
00:01:44 INFO   e2 step  4150/8163  loss=0.0214  acc=0.9942  lr0=1.10e-05 lr1=5.52e-04
00:01:49 INFO   e2 step  4200/8163  loss=0.0214  acc=0.9942  lr0=1.10e-05 lr1=5.50e-04
00:01:54 INFO   e2 step  4250/8163  loss=0.0213  acc=0.9942  lr0=1.10e-05 lr1=5.48e-04
00:01:59 INFO   e2 step  4300/8163  loss=0.0212  acc=0.9943  lr0=1.09e-05 lr1=5.46e-04
00:02:04 INFO   e2 step  4350/8163  loss=0.0212  acc=0.9943  lr0=1.09e-05 lr1=5.43e-04
00:02:09 INFO   e2 step  4400/8163  loss=0.0212  acc=0.9943  lr0=1.08e-05 lr1=5.41e-04
00:02:14 INFO   e2 step  4450/8163  loss=0.0212  acc=0.9943  lr0=1.08e-05 lr1=5.39e-04
00:02:18 INFO   e2 step  4500/8163  loss=0.0212  acc=0.9942  lr0=1.07e-05 lr1=5.37e-04
00:02:23 INFO   e2 step  4550/8163  loss=0.0212  acc=0.9942  lr0=1.07e-05 lr1=5.34e-04
00:02:28 INFO   e2 step  4600/8163  loss=0.0211  acc=0.9942  lr0=1.06e-05 lr1=5.32e-04
00:02:33 INFO   e2 step  4650/8163  loss=0.0209  acc=0.9943  lr0=1.06e-05 lr1=5.30e-04
00:02:38 INFO   e2 step  4700/8163  loss=0.0208  acc=0.9943  lr0=1.05e-05 lr1=5.27e-04
00:02:43 INFO   e2 step  4750/8163  loss=0.0207  acc=0.9943  lr0=1.05e-05 lr1=5.25e-04
00:02:48 INFO   e2 step  4800/8163  loss=0.0207  acc=0.9943  lr0=1.05e-05 lr1=5.23e-04
00:02:52 INFO   e2 step  4850/8163  loss=0.0207  acc=0.9943  lr0=1.04e-05 lr1=5.21e-04
00:02:57 INFO   e2 step  4900/8163  loss=0.0206  acc=0.9943  lr0=1.04e-05 lr1=5.18e-04
00:03:02 INFO   e2 step  4950/8163  loss=0.0206  acc=0.9943  lr0=1.03e-05 lr1=5.16e-04
00:03:07 INFO   e2 step  5000/8163  loss=0.0204  acc=0.9943  lr0=1.03e-05 lr1=5.14e-04
00:03:12 INFO   e2 step  5050/8163  loss=0.0204  acc=0.9943  lr0=1.02e-05 lr1=5.12e-04
00:03:17 INFO   e2 step  5100/8163  loss=0.0205  acc=0.9943  lr0=1.02e-05 lr1=5.09e-04
00:03:21 INFO   e2 step  5150/8163  loss=0.0204  acc=0.9943  lr0=1.01e-05 lr1=5.07e-04
00:03:26 INFO   e2 step  5200/8163  loss=0.0205  acc=0.9943  lr0=1.01e-05 lr1=5.05e-04
00:03:31 INFO   e2 step  5250/8163  loss=0.0205  acc=0.9942  lr0=1.01e-05 lr1=5.03e-04
00:03:36 INFO   e2 step  5300/8163  loss=0.0204  acc=0.9943  lr0=1.00e-05 lr1=5.00e-04
00:03:41 INFO   e2 step  5350/8163  loss=0.0204  acc=0.9943  lr0=9.96e-06 lr1=4.98e-04
00:03:46 INFO   e2 step  5400/8163  loss=0.0204  acc=0.9943  lr0=9.91e-06 lr1=4.96e-04
00:03:51 INFO   e2 step  5450/8163  loss=0.0204  acc=0.9942  lr0=9.87e-06 lr1=4.93e-04
00:03:56 INFO   e2 step  5500/8163  loss=0.0205  acc=0.9942  lr0=9.82e-06 lr1=4.91e-04
00:04:01 INFO   e2 step  5550/8163  loss=0.0204  acc=0.9943  lr0=9.78e-06 lr1=4.89e-04
00:04:05 INFO   e2 step  5600/8163  loss=0.0204  acc=0.9943  lr0=9.73e-06 lr1=4.87e-04
00:04:10 INFO   e2 step  5650/8163  loss=0.0204  acc=0.9943  lr0=9.69e-06 lr1=4.84e-04
00:04:15 INFO   e2 step  5700/8163  loss=0.0204  acc=0.9943  lr0=9.64e-06 lr1=4.82e-04
00:04:20 INFO   e2 step  5750/8163  loss=0.0204  acc=0.9943  lr0=9.60e-06 lr1=4.80e-04
00:04:25 INFO   e2 step  5800/8163  loss=0.0204  acc=0.9943  lr0=9.55e-06 lr1=4.78e-04
00:04:30 INFO   e2 step  5850/8163  loss=0.0204  acc=0.9942  lr0=9.51e-06 lr1=4.75e-04
00:04:35 INFO   e2 step  5900/8163  loss=0.0204  acc=0.9943  lr0=9.46e-06 lr1=4.73e-04
00:04:40 INFO   e2 step  5950/8163  loss=0.0204  acc=0.9943  lr0=9.42e-06 lr1=4.71e-04
00:04:45 INFO   e2 step  6000/8163  loss=0.0204  acc=0.9943  lr0=9.37e-06 lr1=4.68e-04
00:04:49 INFO   e2 step  6050/8163  loss=0.0204  acc=0.9943  lr0=9.32e-06 lr1=4.66e-04
00:04:54 INFO   e2 step  6100/8163  loss=0.0204  acc=0.9943  lr0=9.28e-06 lr1=4.64e-04
00:04:59 INFO   e2 step  6150/8163  loss=0.0203  acc=0.9943  lr0=9.23e-06 lr1=4.62e-04
00:05:04 INFO   e2 step  6200/8163  loss=0.0203  acc=0.9943  lr0=9.19e-06 lr1=4.59e-04
00:05:09 INFO   e2 step  6250/8163  loss=0.0203  acc=0.9943  lr0=9.14e-06 lr1=4.57e-04
00:05:14 INFO   e2 step  6300/8163  loss=0.0202  acc=0.9943  lr0=9.10e-06 lr1=4.55e-04
00:05:18 INFO   e2 step  6350/8163  loss=0.0202  acc=0.9943  lr0=9.05e-06 lr1=4.53e-04
00:05:23 INFO   e2 step  6400/8163  loss=0.0202  acc=0.9943  lr0=9.01e-06 lr1=4.50e-04
00:05:28 INFO   e2 step  6450/8163  loss=0.0201  acc=0.9943  lr0=8.96e-06 lr1=4.48e-04
00:05:33 INFO   e2 step  6500/8163  loss=0.0201  acc=0.9943  lr0=8.92e-06 lr1=4.46e-04
00:05:38 INFO   e2 step  6550/8163  loss=0.0201  acc=0.9943  lr0=8.87e-06 lr1=4.44e-04
00:05:43 INFO   e2 step  6600/8163  loss=0.0201  acc=0.9943  lr0=8.83e-06 lr1=4.41e-04
00:05:48 INFO   e2 step  6650/8163  loss=0.0201  acc=0.9943  lr0=8.78e-06 lr1=4.39e-04
00:05:53 INFO   e2 step  6700/8163  loss=0.0200  acc=0.9944  lr0=8.73e-06 lr1=4.37e-04
00:05:57 INFO   e2 step  6750/8163  loss=0.0200  acc=0.9944  lr0=8.69e-06 lr1=4.34e-04
00:06:02 INFO   e2 step  6800/8163  loss=0.0200  acc=0.9944  lr0=8.64e-06 lr1=4.32e-04
00:06:07 INFO   e2 step  6850/8163  loss=0.0200  acc=0.9944  lr0=8.60e-06 lr1=4.30e-04
00:06:12 INFO   e2 step  6900/8163  loss=0.0200  acc=0.9944  lr0=8.55e-06 lr1=4.28e-04
00:06:17 INFO   e2 step  6950/8163  loss=0.0199  acc=0.9944  lr0=8.51e-06 lr1=4.25e-04
00:06:22 INFO   e2 step  7000/8163  loss=0.0199  acc=0.9944  lr0=8.46e-06 lr1=4.23e-04
00:06:26 INFO   e2 step  7050/8163  loss=0.0199  acc=0.9944  lr0=8.42e-06 lr1=4.21e-04
00:06:31 INFO   e2 step  7100/8163  loss=0.0198  acc=0.9944  lr0=8.37e-06 lr1=4.19e-04
00:06:36 INFO   e2 step  7150/8163  loss=0.0198  acc=0.9944  lr0=8.33e-06 lr1=4.16e-04
00:06:41 INFO   e2 step  7200/8163  loss=0.0199  acc=0.9944  lr0=8.28e-06 lr1=4.14e-04
00:06:46 INFO   e2 step  7250/8163  loss=0.0199  acc=0.9944  lr0=8.24e-06 lr1=4.12e-04
00:06:51 INFO   e2 step  7300/8163  loss=0.0199  acc=0.9944  lr0=8.19e-06 lr1=4.10e-04
00:06:56 INFO   e2 step  7350/8163  loss=0.0199  acc=0.9944  lr0=8.14e-06 lr1=4.07e-04
00:07:01 INFO   e2 step  7400/8163  loss=0.0199  acc=0.9944  lr0=8.10e-06 lr1=4.05e-04
00:07:06 INFO   e2 step  7450/8163  loss=0.0199  acc=0.9944  lr0=8.05e-06 lr1=4.03e-04
00:07:10 INFO   e2 step  7500/8163  loss=0.0198  acc=0.9944  lr0=8.01e-06 lr1=4.00e-04
00:07:15 INFO   e2 step  7550/8163  loss=0.0198  acc=0.9944  lr0=7.96e-06 lr1=3.98e-04
00:07:20 INFO   e2 step  7600/8163  loss=0.0198  acc=0.9944  lr0=7.92e-06 lr1=3.96e-04
00:07:25 INFO   e2 step  7650/8163  loss=0.0198  acc=0.9945  lr0=7.87e-06 lr1=3.94e-04
00:07:30 INFO   e2 step  7700/8163  loss=0.0197  acc=0.9945  lr0=7.83e-06 lr1=3.91e-04
00:07:35 INFO   e2 step  7750/8163  loss=0.0197  acc=0.9945  lr0=7.78e-06 lr1=3.89e-04
00:07:40 INFO   e2 step  7800/8163  loss=0.0197  acc=0.9945  lr0=7.74e-06 lr1=3.87e-04
00:07:44 INFO   e2 step  7850/8163  loss=0.0197  acc=0.9945  lr0=7.69e-06 lr1=3.85e-04
00:07:49 INFO   e2 step  7900/8163  loss=0.0197  acc=0.9945  lr0=7.65e-06 lr1=3.82e-04
00:07:54 INFO   e2 step  7950/8163  loss=0.0196  acc=0.9945  lr0=7.60e-06 lr1=3.80e-04
00:07:59 INFO   e2 step  8000/8163  loss=0.0197  acc=0.9945  lr0=7.56e-06 lr1=3.78e-04
00:08:04 INFO   e2 step  8050/8163  loss=0.0197  acc=0.9945  lr0=7.51e-06 lr1=3.75e-04
00:08:09 INFO   e2 step  8100/8163  loss=0.0196  acc=0.9945  lr0=7.46e-06 lr1=3.73e-04
00:08:14 INFO   e2 step  8150/8163  loss=0.0196  acc=0.9945  lr0=7.42e-06 lr1=3.71e-04
00:08:24 INFO [epoch 2] train_loss=0.0196 train_acc=0.9945  val_loss=2.5462 val_acc=0.7246 val_auc=0.8212  elapsed=804.7s
00:08:30 INFO   e3 step    50/8163  loss=0.0056  acc=0.9975  lr0=7.36e-06 lr1=3.68e-04
00:08:34 INFO   e3 step   100/8163  loss=0.0089  acc=0.9966  lr0=7.32e-06 lr1=3.66e-04
00:08:39 INFO   e3 step   150/8163  loss=0.0147  acc=0.9952  lr0=7.27e-06 lr1=3.64e-04
00:08:44 INFO   e3 step   200/8163  loss=0.0136  acc=0.9956  lr0=7.23e-06 lr1=3.61e-04
00:08:49 INFO   e3 step   250/8163  loss=0.0148  acc=0.9951  lr0=7.18e-06 lr1=3.59e-04
00:08:54 INFO   e3 step   300/8163  loss=0.0143  acc=0.9954  lr0=7.13e-06 lr1=3.57e-04
00:08:59 INFO   e3 step   350/8163  loss=0.0147  acc=0.9953  lr0=7.09e-06 lr1=3.54e-04
00:09:04 INFO   e3 step   400/8163  loss=0.0161  acc=0.9951  lr0=7.04e-06 lr1=3.52e-04
00:09:09 INFO   e3 step   450/8163  loss=0.0150  acc=0.9954  lr0=7.00e-06 lr1=3.50e-04
00:09:14 INFO   e3 step   500/8163  loss=0.0149  acc=0.9954  lr0=6.95e-06 lr1=3.48e-04
00:09:18 INFO   e3 step   550/8163  loss=0.0149  acc=0.9955  lr0=6.91e-06 lr1=3.45e-04
00:09:23 INFO   e3 step   600/8163  loss=0.0152  acc=0.9954  lr0=6.86e-06 lr1=3.43e-04
00:09:28 INFO   e3 step   650/8163  loss=0.0149  acc=0.9955  lr0=6.82e-06 lr1=3.41e-04
00:09:33 INFO   e3 step   700/8163  loss=0.0150  acc=0.9954  lr0=6.77e-06 lr1=3.39e-04
00:09:38 INFO   e3 step   750/8163  loss=0.0148  acc=0.9955  lr0=6.73e-06 lr1=3.36e-04
00:09:43 INFO   e3 step   800/8163  loss=0.0143  acc=0.9957  lr0=6.68e-06 lr1=3.34e-04
00:09:48 INFO   e3 step   850/8163  loss=0.0143  acc=0.9957  lr0=6.64e-06 lr1=3.32e-04
00:09:53 INFO   e3 step   900/8163  loss=0.0140  acc=0.9957  lr0=6.59e-06 lr1=3.30e-04
00:09:58 INFO   e3 step   950/8163  loss=0.0139  acc=0.9958  lr0=6.55e-06 lr1=3.27e-04
00:10:02 INFO   e3 step  1000/8163  loss=0.0142  acc=0.9956  lr0=6.50e-06 lr1=3.25e-04
00:10:07 INFO   e3 step  1050/8163  loss=0.0140  acc=0.9957  lr0=6.45e-06 lr1=3.23e-04
00:10:12 INFO   e3 step  1100/8163  loss=0.0138  acc=0.9957  lr0=6.41e-06 lr1=3.20e-04
00:10:17 INFO   e3 step  1150/8163  loss=0.0144  acc=0.9956  lr0=6.36e-06 lr1=3.18e-04
00:10:22 INFO   e3 step  1200/8163  loss=0.0147  acc=0.9956  lr0=6.32e-06 lr1=3.16e-04
00:10:27 INFO   e3 step  1250/8163  loss=0.0145  acc=0.9957  lr0=6.27e-06 lr1=3.14e-04
00:10:32 INFO   e3 step  1300/8163  loss=0.0144  acc=0.9957  lr0=6.23e-06 lr1=3.11e-04
00:10:36 INFO   e3 step  1350/8163  loss=0.0145  acc=0.9957  lr0=6.18e-06 lr1=3.09e-04
00:10:41 INFO   e3 step  1400/8163  loss=0.0147  acc=0.9957  lr0=6.14e-06 lr1=3.07e-04
00:10:46 INFO   e3 step  1450/8163  loss=0.0144  acc=0.9958  lr0=6.09e-06 lr1=3.05e-04
00:10:51 INFO   e3 step  1500/8163  loss=0.0145  acc=0.9958  lr0=6.05e-06 lr1=3.02e-04
00:10:56 INFO   e3 step  1550/8163  loss=0.0146  acc=0.9958  lr0=6.00e-06 lr1=3.00e-04
00:11:01 INFO   e3 step  1600/8163  loss=0.0149  acc=0.9956  lr0=5.96e-06 lr1=2.98e-04
00:11:06 INFO   e3 step  1650/8163  loss=0.0154  acc=0.9955  lr0=5.91e-06 lr1=2.95e-04
00:11:10 INFO   e3 step  1700/8163  loss=0.0156  acc=0.9954  lr0=5.86e-06 lr1=2.93e-04
00:11:15 INFO   e3 step  1750/8163  loss=0.0156  acc=0.9954  lr0=5.82e-06 lr1=2.91e-04
00:11:20 INFO   e3 step  1800/8163  loss=0.0154  acc=0.9955  lr0=5.77e-06 lr1=2.89e-04
00:11:25 INFO   e3 step  1850/8163  loss=0.0152  acc=0.9955  lr0=5.73e-06 lr1=2.86e-04
00:11:30 INFO   e3 step  1900/8163  loss=0.0152  acc=0.9955  lr0=5.68e-06 lr1=2.84e-04
00:11:35 INFO   e3 step  1950/8163  loss=0.0153  acc=0.9955  lr0=5.64e-06 lr1=2.82e-04
00:11:40 INFO   e3 step  2000/8163  loss=0.0154  acc=0.9955  lr0=5.59e-06 lr1=2.80e-04
00:11:45 INFO   e3 step  2050/8163  loss=0.0153  acc=0.9956  lr0=5.55e-06 lr1=2.77e-04
00:11:49 INFO   e3 step  2100/8163  loss=0.0152  acc=0.9956  lr0=5.50e-06 lr1=2.75e-04
00:11:54 INFO   e3 step  2150/8163  loss=0.0154  acc=0.9956  lr0=5.46e-06 lr1=2.73e-04
00:11:59 INFO   e3 step  2200/8163  loss=0.0155  acc=0.9956  lr0=5.41e-06 lr1=2.71e-04
00:12:04 INFO   e3 step  2250/8163  loss=0.0156  acc=0.9955  lr0=5.37e-06 lr1=2.68e-04
00:12:09 INFO   e3 step  2300/8163  loss=0.0156  acc=0.9955  lr0=5.32e-06 lr1=2.66e-04
00:12:14 INFO   e3 step  2350/8163  loss=0.0155  acc=0.9956  lr0=5.27e-06 lr1=2.64e-04
00:12:19 INFO   e3 step  2400/8163  loss=0.0155  acc=0.9956  lr0=5.23e-06 lr1=2.61e-04
00:12:24 INFO   e3 step  2450/8163  loss=0.0155  acc=0.9956  lr0=5.18e-06 lr1=2.59e-04
00:12:29 INFO   e3 step  2500/8163  loss=0.0155  acc=0.9956  lr0=5.14e-06 lr1=2.57e-04
00:12:34 INFO   e3 step  2550/8163  loss=0.0155  acc=0.9955  lr0=5.09e-06 lr1=2.55e-04
00:12:38 INFO   e3 step  2600/8163  loss=0.0156  acc=0.9955  lr0=5.05e-06 lr1=2.52e-04
00:12:43 INFO   e3 step  2650/8163  loss=0.0156  acc=0.9955  lr0=5.00e-06 lr1=2.50e-04
00:12:48 INFO   e3 step  2700/8163  loss=0.0157  acc=0.9955  lr0=4.96e-06 lr1=2.48e-04
00:12:53 INFO   e3 step  2750/8163  loss=0.0157  acc=0.9955  lr0=4.91e-06 lr1=2.46e-04
00:12:58 INFO   e3 step  2800/8163  loss=0.0156  acc=0.9955  lr0=4.87e-06 lr1=2.43e-04
00:13:03 INFO   e3 step  2850/8163  loss=0.0157  acc=0.9955  lr0=4.82e-06 lr1=2.41e-04
00:13:07 INFO   e3 step  2900/8163  loss=0.0158  acc=0.9955  lr0=4.78e-06 lr1=2.39e-04
00:13:12 INFO   e3 step  2950/8163  loss=0.0157  acc=0.9955  lr0=4.73e-06 lr1=2.37e-04
00:13:17 INFO   e3 step  3000/8163  loss=0.0157  acc=0.9955  lr0=4.68e-06 lr1=2.34e-04
00:13:22 INFO   e3 step  3050/8163  loss=0.0158  acc=0.9955  lr0=4.64e-06 lr1=2.32e-04
00:13:27 INFO   e3 step  3100/8163  loss=0.0157  acc=0.9955  lr0=4.59e-06 lr1=2.30e-04
00:13:32 INFO   e3 step  3150/8163  loss=0.0158  acc=0.9955  lr0=4.55e-06 lr1=2.27e-04
00:13:37 INFO   e3 step  3200/8163  loss=0.0160  acc=0.9955  lr0=4.50e-06 lr1=2.25e-04
00:13:42 INFO   e3 step  3250/8163  loss=0.0159  acc=0.9955  lr0=4.46e-06 lr1=2.23e-04
00:13:47 INFO   e3 step  3300/8163  loss=0.0159  acc=0.9955  lr0=4.41e-06 lr1=2.21e-04
00:13:52 INFO   e3 step  3350/8163  loss=0.0159  acc=0.9955  lr0=4.37e-06 lr1=2.18e-04
00:13:56 INFO   e3 step  3400/8163  loss=0.0161  acc=0.9954  lr0=4.32e-06 lr1=2.16e-04
00:14:01 INFO   e3 step  3450/8163  loss=0.0161  acc=0.9954  lr0=4.28e-06 lr1=2.14e-04
00:14:06 INFO   e3 step  3500/8163  loss=0.0161  acc=0.9954  lr0=4.23e-06 lr1=2.12e-04
00:14:11 INFO   e3 step  3550/8163  loss=0.0161  acc=0.9954  lr0=4.19e-06 lr1=2.09e-04
00:14:16 INFO   e3 step  3600/8163  loss=0.0163  acc=0.9954  lr0=4.14e-06 lr1=2.07e-04
00:14:20 INFO   e3 step  3650/8163  loss=0.0163  acc=0.9954  lr0=4.10e-06 lr1=2.05e-04
00:14:25 INFO   e3 step  3700/8163  loss=0.0162  acc=0.9954  lr0=4.05e-06 lr1=2.02e-04
00:14:30 INFO   e3 step  3750/8163  loss=0.0162  acc=0.9954  lr0=4.00e-06 lr1=2.00e-04
00:14:35 INFO   e3 step  3800/8163  loss=0.0162  acc=0.9954  lr0=3.96e-06 lr1=1.98e-04
00:14:40 INFO   e3 step  3850/8163  loss=0.0162  acc=0.9954  lr0=3.91e-06 lr1=1.96e-04
00:14:45 INFO   e3 step  3900/8163  loss=0.0162  acc=0.9954  lr0=3.87e-06 lr1=1.93e-04
00:14:50 INFO   e3 step  3950/8163  loss=0.0162  acc=0.9954  lr0=3.82e-06 lr1=1.91e-04
00:14:54 INFO   e3 step  4000/8163  loss=0.0162  acc=0.9954  lr0=3.78e-06 lr1=1.89e-04
00:14:59 INFO   e3 step  4050/8163  loss=0.0162  acc=0.9954  lr0=3.73e-06 lr1=1.87e-04
00:15:04 INFO   e3 step  4100/8163  loss=0.0163  acc=0.9953  lr0=3.69e-06 lr1=1.84e-04
00:15:09 INFO   e3 step  4150/8163  loss=0.0162  acc=0.9954  lr0=3.64e-06 lr1=1.82e-04
00:15:14 INFO   e3 step  4200/8163  loss=0.0163  acc=0.9953  lr0=3.60e-06 lr1=1.80e-04
00:15:19 INFO   e3 step  4250/8163  loss=0.0163  acc=0.9953  lr0=3.55e-06 lr1=1.78e-04
00:15:24 INFO   e3 step  4300/8163  loss=0.0164  acc=0.9953  lr0=3.51e-06 lr1=1.75e-04
00:15:28 INFO   e3 step  4350/8163  loss=0.0164  acc=0.9953  lr0=3.46e-06 lr1=1.73e-04
00:15:33 INFO   e3 step  4400/8163  loss=0.0163  acc=0.9953  lr0=3.41e-06 lr1=1.71e-04
00:15:38 INFO   e3 step  4450/8163  loss=0.0163  acc=0.9953  lr0=3.37e-06 lr1=1.68e-04
00:15:43 INFO   e3 step  4500/8163  loss=0.0162  acc=0.9954  lr0=3.32e-06 lr1=1.66e-04
00:15:48 INFO   e3 step  4550/8163  loss=0.0161  acc=0.9954  lr0=3.28e-06 lr1=1.64e-04
00:15:53 INFO   e3 step  4600/8163  loss=0.0161  acc=0.9954  lr0=3.23e-06 lr1=1.62e-04
00:15:58 INFO   e3 step  4650/8163  loss=0.0161  acc=0.9954  lr0=3.19e-06 lr1=1.59e-04
00:16:03 INFO   e3 step  4700/8163  loss=0.0160  acc=0.9954  lr0=3.14e-06 lr1=1.57e-04
00:16:07 INFO   e3 step  4750/8163  loss=0.0160  acc=0.9954  lr0=3.10e-06 lr1=1.55e-04
00:16:12 INFO   e3 step  4800/8163  loss=0.0161  acc=0.9954  lr0=3.05e-06 lr1=1.53e-04
00:16:17 INFO   e3 step  4850/8163  loss=0.0161  acc=0.9953  lr0=3.01e-06 lr1=1.50e-04
00:16:22 INFO   e3 step  4900/8163  loss=0.0161  acc=0.9953  lr0=2.96e-06 lr1=1.48e-04
00:16:27 INFO   e3 step  4950/8163  loss=0.0160  acc=0.9954  lr0=2.92e-06 lr1=1.46e-04
00:16:32 INFO   e3 step  5000/8163  loss=0.0160  acc=0.9954  lr0=2.87e-06 lr1=1.44e-04
00:16:37 INFO   e3 step  5050/8163  loss=0.0159  acc=0.9954  lr0=2.82e-06 lr1=1.41e-04
00:16:42 INFO   e3 step  5100/8163  loss=0.0159  acc=0.9954  lr0=2.78e-06 lr1=1.39e-04
00:16:46 INFO   e3 step  5150/8163  loss=0.0159  acc=0.9954  lr0=2.73e-06 lr1=1.37e-04
00:16:51 INFO   e3 step  5200/8163  loss=0.0158  acc=0.9954  lr0=2.69e-06 lr1=1.34e-04
00:16:56 INFO   e3 step  5250/8163  loss=0.0157  acc=0.9954  lr0=2.64e-06 lr1=1.32e-04
00:17:01 INFO   e3 step  5300/8163  loss=0.0158  acc=0.9954  lr0=2.60e-06 lr1=1.30e-04
00:17:06 INFO   e3 step  5350/8163  loss=0.0158  acc=0.9954  lr0=2.55e-06 lr1=1.28e-04
00:17:11 INFO   e3 step  5400/8163  loss=0.0157  acc=0.9954  lr0=2.51e-06 lr1=1.25e-04
00:17:16 INFO   e3 step  5450/8163  loss=0.0157  acc=0.9954  lr0=2.46e-06 lr1=1.23e-04
00:17:20 INFO   e3 step  5500/8163  loss=0.0156  acc=0.9955  lr0=2.42e-06 lr1=1.21e-04
00:17:25 INFO   e3 step  5550/8163  loss=0.0156  acc=0.9955  lr0=2.37e-06 lr1=1.19e-04
00:17:30 INFO   e3 step  5600/8163  loss=0.0155  acc=0.9955  lr0=2.33e-06 lr1=1.16e-04
00:17:35 INFO   e3 step  5650/8163  loss=0.0155  acc=0.9955  lr0=2.28e-06 lr1=1.14e-04
00:17:39 INFO   e3 step  5700/8163  loss=0.0154  acc=0.9955  lr0=2.23e-06 lr1=1.12e-04
00:17:44 INFO   e3 step  5750/8163  loss=0.0154  acc=0.9955  lr0=2.19e-06 lr1=1.09e-04
00:17:49 INFO   e3 step  5800/8163  loss=0.0153  acc=0.9955  lr0=2.14e-06 lr1=1.07e-04
00:17:54 INFO   e3 step  5850/8163  loss=0.0154  acc=0.9955  lr0=2.10e-06 lr1=1.05e-04
00:17:59 INFO   e3 step  5900/8163  loss=0.0154  acc=0.9955  lr0=2.05e-06 lr1=1.03e-04
00:18:04 INFO   e3 step  5950/8163  loss=0.0153  acc=0.9955  lr0=2.01e-06 lr1=1.00e-04
00:18:09 INFO   e3 step  6000/8163  loss=0.0153  acc=0.9955  lr0=1.96e-06 lr1=9.81e-05
00:18:13 INFO   e3 step  6050/8163  loss=0.0152  acc=0.9955  lr0=1.92e-06 lr1=9.59e-05
00:18:18 INFO   e3 step  6100/8163  loss=0.0152  acc=0.9955  lr0=1.87e-06 lr1=9.36e-05
00:18:23 INFO   e3 step  6150/8163  loss=0.0152  acc=0.9955  lr0=1.83e-06 lr1=9.13e-05
00:18:28 INFO   e3 step  6200/8163  loss=0.0152  acc=0.9955  lr0=1.78e-06 lr1=8.91e-05
00:18:33 INFO   e3 step  6250/8163  loss=0.0152  acc=0.9956  lr0=1.74e-06 lr1=8.68e-05
00:18:38 INFO   e3 step  6300/8163  loss=0.0152  acc=0.9956  lr0=1.69e-06 lr1=8.45e-05
00:18:43 INFO   e3 step  6350/8163  loss=0.0151  acc=0.9956  lr0=1.65e-06 lr1=8.23e-05
00:18:48 INFO   e3 step  6400/8163  loss=0.0152  acc=0.9955  lr0=1.60e-06 lr1=8.00e-05
00:18:52 INFO   e3 step  6450/8163  loss=0.0151  acc=0.9956  lr0=1.55e-06 lr1=7.77e-05
00:18:57 INFO   e3 step  6500/8163  loss=0.0152  acc=0.9956  lr0=1.51e-06 lr1=7.55e-05
00:19:02 INFO   e3 step  6550/8163  loss=0.0152  acc=0.9955  lr0=1.46e-06 lr1=7.32e-05
00:19:07 INFO   e3 step  6600/8163  loss=0.0152  acc=0.9955  lr0=1.42e-06 lr1=7.09e-05
00:19:12 INFO   e3 step  6650/8163  loss=0.0152  acc=0.9956  lr0=1.37e-06 lr1=6.86e-05
00:19:17 INFO   e3 step  6700/8163  loss=0.0152  acc=0.9956  lr0=1.33e-06 lr1=6.64e-05
00:19:22 INFO   e3 step  6750/8163  loss=0.0153  acc=0.9955  lr0=1.28e-06 lr1=6.41e-05
00:19:26 INFO   e3 step  6800/8163  loss=0.0153  acc=0.9955  lr0=1.24e-06 lr1=6.18e-05
00:19:31 INFO   e3 step  6850/8163  loss=0.0153  acc=0.9955  lr0=1.19e-06 lr1=5.96e-05
00:19:36 INFO   e3 step  6900/8163  loss=0.0152  acc=0.9955  lr0=1.15e-06 lr1=5.73e-05
00:19:41 INFO   e3 step  6950/8163  loss=0.0152  acc=0.9956  lr0=1.10e-06 lr1=5.50e-05
00:19:46 INFO   e3 step  7000/8163  loss=0.0152  acc=0.9956  lr0=1.06e-06 lr1=5.28e-05
00:19:51 INFO   e3 step  7050/8163  loss=0.0152  acc=0.9956  lr0=1.01e-06 lr1=5.05e-05
00:19:55 INFO   e3 step  7100/8163  loss=0.0152  acc=0.9956  lr0=9.65e-07 lr1=4.82e-05
00:20:00 INFO   e3 step  7150/8163  loss=0.0151  acc=0.9956  lr0=9.19e-07 lr1=4.60e-05
00:20:05 INFO   e3 step  7200/8163  loss=0.0151  acc=0.9956  lr0=8.74e-07 lr1=4.37e-05
00:20:10 INFO   e3 step  7250/8163  loss=0.0150  acc=0.9956  lr0=8.28e-07 lr1=4.14e-05
00:20:15 INFO   e3 step  7300/8163  loss=0.0150  acc=0.9956  lr0=7.83e-07 lr1=3.92e-05
00:20:19 INFO   e3 step  7350/8163  loss=0.0151  acc=0.9956  lr0=7.38e-07 lr1=3.69e-05
00:20:24 INFO   e3 step  7400/8163  loss=0.0150  acc=0.9956  lr0=6.92e-07 lr1=3.46e-05
00:20:29 INFO   e3 step  7450/8163  loss=0.0150  acc=0.9956  lr0=6.47e-07 lr1=3.23e-05
00:20:34 INFO   e3 step  7500/8163  loss=0.0150  acc=0.9956  lr0=6.02e-07 lr1=3.01e-05
00:20:39 INFO   e3 step  7550/8163  loss=0.0151  acc=0.9956  lr0=5.56e-07 lr1=2.78e-05
00:20:44 INFO   e3 step  7600/8163  loss=0.0151  acc=0.9956  lr0=5.11e-07 lr1=2.55e-05
00:20:48 INFO   e3 step  7650/8163  loss=0.0151  acc=0.9956  lr0=4.65e-07 lr1=2.33e-05
00:20:53 INFO   e3 step  7700/8163  loss=0.0151  acc=0.9956  lr0=4.20e-07 lr1=2.10e-05
00:20:58 INFO   e3 step  7750/8163  loss=0.0151  acc=0.9956  lr0=3.75e-07 lr1=1.87e-05
00:21:03 INFO   e3 step  7800/8163  loss=0.0151  acc=0.9956  lr0=3.29e-07 lr1=1.65e-05
00:21:08 INFO   e3 step  7850/8163  loss=0.0151  acc=0.9955  lr0=2.84e-07 lr1=1.42e-05
00:21:13 INFO   e3 step  7900/8163  loss=0.0152  acc=0.9955  lr0=2.39e-07 lr1=1.19e-05
00:21:17 INFO   e3 step  7950/8163  loss=0.0151  acc=0.9955  lr0=1.93e-07 lr1=9.66e-06
00:21:22 INFO   e3 step  8000/8163  loss=0.0151  acc=0.9955  lr0=1.48e-07 lr1=7.40e-06
00:21:27 INFO   e3 step  8050/8163  loss=0.0150  acc=0.9956  lr0=1.03e-07 lr1=5.13e-06
00:21:32 INFO   e3 step  8100/8163  loss=0.0150  acc=0.9956  lr0=5.72e-08 lr1=2.86e-06
00:21:37 INFO   e3 step  8150/8163  loss=0.0150  acc=0.9956  lr0=1.18e-08 lr1=5.90e-07
00:21:47 INFO [epoch 3] train_loss=0.0150 train_acc=0.9956  val_loss=2.8572 val_acc=0.7315 val_auc=0.8092  elapsed=803.3s
00:21:48 INFO   saved best.pt  val_acc=0.7315
00:21:49 INFO loading best.pt for val/test eval
00:21:58 INFO [val] acc=0.7315 auc=0.8092 f1=0.5737
00:22:03 INFO [test] loss=1.2801  acc=0.8807  auc=0.9073  f1=0.8776
00:22:03 INFO [done] results in runs/crossencoder/ce_indomain
