22:23:59 INFO run_dir=/mnt/localssd/baseline_sweep/runs/ajo_newstyle/e5-large-v2
22:23:59 INFO device=cuda:0  bf16=True  physical_gpu=3  CUDA_VISIBLE_DEVICES=3
22:23:59 INFO dataset=ajo_newstyle  model=e5-large-v2  backbone=intfloat/e5-large-v2
22:23:59 INFO tokenizer <- intfloat/e5-large-v2
22:24:00 INFO split files: ['train.jsonl', 'val.jsonl', 'test.jsonl']
22:24:00 INFO scanning max token length across all splits ...
22:24:28 INFO   observed_max=21129 -> max_seq_len=512 (cap=512, scan=28.9s)
22:24:28 INFO loading datasets ...
22:24:29 INFO   schema=newstyle  train=20897  val=2612  test=2613
22:24:29 INFO building DirectionalClassifier  backbone=intfloat/e5-large-v2  head=MLP(4d->512->128->1, act=gelu, norm=layer, dropout=0.1)  n_tiers=0
22:24:34 INFO   hidden_size=1024  trainable_params=672,456,705
22:24:34 INFO   total_steps=5228  warmup_steps=522
22:24:53 INFO   e1 step    50/1307  loss=0.7828  acc=0.5212  lr0=1.92e-06 lr1=9.58e-05
22:25:10 INFO   e1 step   100/1307  loss=0.7584  acc=0.5219  lr0=3.83e-06 lr1=1.92e-04
22:25:27 INFO   e1 step   150/1307  loss=0.7434  acc=0.5238  lr0=5.75e-06 lr1=2.87e-04
22:25:44 INFO   e1 step   200/1307  loss=0.7384  acc=0.5175  lr0=7.66e-06 lr1=3.83e-04
22:26:01 INFO   e1 step   250/1307  loss=0.7287  acc=0.5215  lr0=9.58e-06 lr1=4.79e-04
22:26:19 INFO   e1 step   300/1307  loss=0.7240  acc=0.5240  lr0=1.15e-05 lr1=5.75e-04
22:26:36 INFO   e1 step   350/1307  loss=0.7225  acc=0.5218  lr0=1.34e-05 lr1=6.70e-04
22:26:52 INFO   e1 step   400/1307  loss=0.7204  acc=0.5186  lr0=1.53e-05 lr1=7.66e-04
22:27:10 INFO   e1 step   450/1307  loss=0.7182  acc=0.5169  lr0=1.72e-05 lr1=8.62e-04
22:27:26 INFO   e1 step   500/1307  loss=0.7151  acc=0.5200  lr0=1.92e-05 lr1=9.58e-04
22:27:43 INFO   e1 step   550/1307  loss=0.7133  acc=0.5200  lr0=1.99e-05 lr1=9.94e-04
22:28:01 INFO   e1 step   600/1307  loss=0.7125  acc=0.5190  lr0=1.97e-05 lr1=9.83e-04
22:28:18 INFO   e1 step   650/1307  loss=0.7105  acc=0.5212  lr0=1.95e-05 lr1=9.73e-04
22:28:35 INFO   e1 step   700/1307  loss=0.7104  acc=0.5209  lr0=1.92e-05 lr1=9.62e-04
22:28:52 INFO   e1 step   750/1307  loss=0.7091  acc=0.5225  lr0=1.90e-05 lr1=9.52e-04
22:29:09 INFO   e1 step   800/1307  loss=0.7086  acc=0.5209  lr0=1.88e-05 lr1=9.41e-04
22:29:27 INFO   e1 step   850/1307  loss=0.7078  acc=0.5212  lr0=1.86e-05 lr1=9.30e-04
22:29:44 INFO   e1 step   900/1307  loss=0.7073  acc=0.5194  lr0=1.84e-05 lr1=9.20e-04
22:30:01 INFO   e1 step   950/1307  loss=0.7067  acc=0.5182  lr0=1.82e-05 lr1=9.09e-04
22:30:18 INFO   e1 step  1000/1307  loss=0.7063  acc=0.5162  lr0=1.80e-05 lr1=8.98e-04
22:30:36 INFO   e1 step  1050/1307  loss=0.7059  acc=0.5152  lr0=1.78e-05 lr1=8.88e-04
22:30:53 INFO   e1 step  1100/1307  loss=0.7053  acc=0.5156  lr0=1.75e-05 lr1=8.77e-04
22:31:10 INFO   e1 step  1150/1307  loss=0.7048  acc=0.5152  lr0=1.73e-05 lr1=8.67e-04
22:31:27 INFO   e1 step  1200/1307  loss=0.7042  acc=0.5162  lr0=1.71e-05 lr1=8.56e-04
22:31:45 INFO   e1 step  1250/1307  loss=0.7038  acc=0.5179  lr0=1.69e-05 lr1=8.45e-04
22:32:02 INFO   e1 step  1300/1307  loss=0.7036  acc=0.5175  lr0=1.67e-05 lr1=8.35e-04
22:32:17 INFO [epoch 1] train_loss=0.7036 train_acc=0.5173  val_loss=0.6940 val_acc=0.5073 val_auc=0.5635  elapsed=463.1s
22:32:20 INFO   saved best.pt  val_acc=0.5073
22:32:37 INFO   e2 step    50/1307  loss=0.6896  acc=0.5337  lr0=1.65e-05 lr1=8.23e-04
22:32:54 INFO   e2 step   100/1307  loss=0.6915  acc=0.5288  lr0=1.62e-05 lr1=8.12e-04
22:33:11 INFO   e2 step   150/1307  loss=0.6927  acc=0.5183  lr0=1.60e-05 lr1=8.01e-04
22:33:29 INFO   e2 step   200/1307  loss=0.6971  acc=0.5219  lr0=1.58e-05 lr1=7.91e-04
22:33:46 INFO   e2 step   250/1307  loss=0.6972  acc=0.5200  lr0=1.56e-05 lr1=7.80e-04
22:34:03 INFO   e2 step   300/1307  loss=0.6969  acc=0.5177  lr0=1.54e-05 lr1=7.69e-04
22:34:20 INFO   e2 step   350/1307  loss=0.6990  acc=0.5155  lr0=1.52e-05 lr1=7.59e-04
22:34:37 INFO   e2 step   400/1307  loss=0.6984  acc=0.5172  lr0=1.50e-05 lr1=7.48e-04
22:34:55 INFO   e2 step   450/1307  loss=0.6986  acc=0.5171  lr0=1.48e-05 lr1=7.38e-04
22:35:12 INFO   e2 step   500/1307  loss=0.6983  acc=0.5190  lr0=1.45e-05 lr1=7.27e-04
22:35:29 INFO   e2 step   550/1307  loss=0.6985  acc=0.5168  lr0=1.43e-05 lr1=7.16e-04
22:35:46 INFO   e2 step   600/1307  loss=0.6984  acc=0.5140  lr0=1.41e-05 lr1=7.06e-04
22:36:03 INFO   e2 step   650/1307  loss=0.6981  acc=0.5127  lr0=1.39e-05 lr1=6.95e-04
22:36:20 INFO   e2 step   700/1307  loss=0.6977  acc=0.5132  lr0=1.37e-05 lr1=6.84e-04
22:36:37 INFO   e2 step   750/1307  loss=0.6973  acc=0.5142  lr0=1.35e-05 lr1=6.74e-04
22:36:54 INFO   e2 step   800/1307  loss=0.6973  acc=0.5115  lr0=1.33e-05 lr1=6.63e-04
22:37:12 INFO   e2 step   850/1307  loss=0.6972  acc=0.5089  lr0=1.31e-05 lr1=6.53e-04
22:37:29 INFO   e2 step   900/1307  loss=0.6970  acc=0.5090  lr0=1.28e-05 lr1=6.42e-04
22:37:46 INFO   e2 step   950/1307  loss=0.6970  acc=0.5085  lr0=1.26e-05 lr1=6.31e-04
22:38:03 INFO   e2 step  1000/1307  loss=0.6968  acc=0.5081  lr0=1.24e-05 lr1=6.21e-04
22:38:20 INFO   e2 step  1050/1307  loss=0.6965  acc=0.5087  lr0=1.22e-05 lr1=6.10e-04
22:38:38 INFO   e2 step  1100/1307  loss=0.6964  acc=0.5084  lr0=1.20e-05 lr1=5.99e-04
22:38:55 INFO   e2 step  1150/1307  loss=0.6963  acc=0.5077  lr0=1.18e-05 lr1=5.89e-04
22:39:12 INFO   e2 step  1200/1307  loss=0.6962  acc=0.5075  lr0=1.16e-05 lr1=5.78e-04
22:39:29 INFO   e2 step  1250/1307  loss=0.6960  acc=0.5086  lr0=1.14e-05 lr1=5.68e-04
22:39:47 INFO   e2 step  1300/1307  loss=0.6959  acc=0.5093  lr0=1.11e-05 lr1=5.57e-04
22:40:02 INFO [epoch 2] train_loss=0.6960 train_acc=0.5093  val_loss=0.6976 val_acc=0.5073 val_auc=0.5302  elapsed=462.1s
22:40:19 INFO   e3 step    50/1307  loss=0.6967  acc=0.5075  lr0=1.09e-05 lr1=5.45e-04
22:40:36 INFO   e3 step   100/1307  loss=0.6947  acc=0.5056  lr0=1.07e-05 lr1=5.34e-04
22:40:54 INFO   e3 step   150/1307  loss=0.6938  acc=0.5079  lr0=1.05e-05 lr1=5.24e-04
22:41:11 INFO   e3 step   200/1307  loss=0.6930  acc=0.5181  lr0=1.03e-05 lr1=5.13e-04
22:41:28 INFO   e3 step   250/1307  loss=0.6936  acc=0.5128  lr0=1.00e-05 lr1=5.02e-04
22:41:45 INFO   e3 step   300/1307  loss=0.6939  acc=0.5098  lr0=9.83e-06 lr1=4.92e-04
22:42:02 INFO   e3 step   350/1307  loss=0.6938  acc=0.5121  lr0=9.62e-06 lr1=4.81e-04
22:42:19 INFO   e3 step   400/1307  loss=0.6938  acc=0.5136  lr0=9.41e-06 lr1=4.70e-04
22:42:37 INFO   e3 step   450/1307  loss=0.6939  acc=0.5131  lr0=9.20e-06 lr1=4.60e-04
22:42:56 INFO   e3 step   500/1307  loss=0.6942  acc=0.5110  lr0=8.98e-06 lr1=4.49e-04
22:43:33 INFO   e3 step   550/1307  loss=0.6939  acc=0.5114  lr0=8.77e-06 lr1=4.39e-04
22:44:10 INFO   e3 step   600/1307  loss=0.6933  acc=0.5134  lr0=8.56e-06 lr1=4.28e-04
22:44:46 INFO   e3 step   650/1307  loss=0.6934  acc=0.5133  lr0=8.35e-06 lr1=4.17e-04
22:45:24 INFO   e3 step   700/1307  loss=0.6933  acc=0.5139  lr0=8.13e-06 lr1=4.07e-04
22:46:01 INFO   e3 step   750/1307  loss=0.6934  acc=0.5119  lr0=7.92e-06 lr1=3.96e-04
22:46:38 INFO   e3 step   800/1307  loss=0.6935  acc=0.5122  lr0=7.71e-06 lr1=3.85e-04
22:47:11 INFO   e3 step   850/1307  loss=0.6936  acc=0.5113  lr0=7.50e-06 lr1=3.75e-04
22:47:48 INFO   e3 step   900/1307  loss=0.6936  acc=0.5092  lr0=7.28e-06 lr1=3.64e-04
22:48:25 INFO   e3 step   950/1307  loss=0.6936  acc=0.5091  lr0=7.07e-06 lr1=3.54e-04
22:49:02 INFO   e3 step  1000/1307  loss=0.6936  acc=0.5093  lr0=6.86e-06 lr1=3.43e-04
22:49:40 INFO   e3 step  1050/1307  loss=0.6935  acc=0.5086  lr0=6.65e-06 lr1=3.32e-04
22:50:17 INFO   e3 step  1100/1307  loss=0.6933  acc=0.5093  lr0=6.43e-06 lr1=3.22e-04
22:50:54 INFO   e3 step  1150/1307  loss=0.6935  acc=0.5085  lr0=6.22e-06 lr1=3.11e-04
22:51:26 INFO   e3 step  1200/1307  loss=0.6935  acc=0.5084  lr0=6.01e-06 lr1=3.00e-04
22:52:03 INFO   e3 step  1250/1307  loss=0.6934  acc=0.5095  lr0=5.80e-06 lr1=2.90e-04
22:52:41 INFO   e3 step  1300/1307  loss=0.6934  acc=0.5101  lr0=5.58e-06 lr1=2.79e-04
22:53:14 INFO [epoch 3] train_loss=0.6934 train_acc=0.5102  val_loss=0.6954 val_acc=0.5096 val_auc=0.5151  elapsed=791.6s
22:53:17 INFO   saved best.pt  val_acc=0.5096
22:53:55 INFO   e4 step    50/1307  loss=0.6936  acc=0.5212  lr0=5.34e-06 lr1=2.67e-04
22:54:32 INFO   e4 step   100/1307  loss=0.6924  acc=0.5194  lr0=5.13e-06 lr1=2.56e-04
22:55:06 INFO   e4 step   150/1307  loss=0.6907  acc=0.5200  lr0=4.92e-06 lr1=2.46e-04
22:55:25 INFO   e4 step   200/1307  loss=0.6914  acc=0.5172  lr0=4.70e-06 lr1=2.35e-04
22:55:43 INFO   e4 step   250/1307  loss=0.6916  acc=0.5140  lr0=4.49e-06 lr1=2.25e-04
22:56:00 INFO   e4 step   300/1307  loss=0.6911  acc=0.5175  lr0=4.28e-06 lr1=2.14e-04
22:56:17 INFO   e4 step   350/1307  loss=0.6905  acc=0.5195  lr0=4.07e-06 lr1=2.03e-04
22:56:34 INFO   e4 step   400/1307  loss=0.6905  acc=0.5205  lr0=3.85e-06 lr1=1.93e-04
22:56:51 INFO   e4 step   450/1307  loss=0.6901  acc=0.5240  lr0=3.64e-06 lr1=1.82e-04
22:57:09 INFO   e4 step   500/1307  loss=0.6895  acc=0.5294  lr0=3.43e-06 lr1=1.71e-04
22:57:26 INFO   e4 step   550/1307  loss=0.6894  acc=0.5289  lr0=3.22e-06 lr1=1.61e-04
22:57:43 INFO   e4 step   600/1307  loss=0.6898  acc=0.5275  lr0=3.00e-06 lr1=1.50e-04
22:58:00 INFO   e4 step   650/1307  loss=0.6893  acc=0.5256  lr0=2.79e-06 lr1=1.40e-04
22:58:18 INFO   e4 step   700/1307  loss=0.6890  acc=0.5267  lr0=2.58e-06 lr1=1.29e-04
22:58:35 INFO   e4 step   750/1307  loss=0.6897  acc=0.5273  lr0=2.37e-06 lr1=1.18e-04
22:58:52 INFO   e4 step   800/1307  loss=0.6896  acc=0.5282  lr0=2.15e-06 lr1=1.08e-04
22:59:09 INFO   e4 step   850/1307  loss=0.6898  acc=0.5274  lr0=1.94e-06 lr1=9.71e-05
22:59:26 INFO   e4 step   900/1307  loss=0.6895  acc=0.5286  lr0=1.73e-06 lr1=8.65e-05
22:59:43 INFO   e4 step   950/1307  loss=0.6892  acc=0.5301  lr0=1.52e-06 lr1=7.59e-05
23:00:00 INFO   e4 step  1000/1307  loss=0.6891  acc=0.5309  lr0=1.30e-06 lr1=6.52e-05
23:00:17 INFO   e4 step  1050/1307  loss=0.6891  acc=0.5311  lr0=1.09e-06 lr1=5.46e-05
23:00:34 INFO   e4 step  1100/1307  loss=0.6888  acc=0.5317  lr0=8.80e-07 lr1=4.40e-05
23:00:51 INFO   e4 step  1150/1307  loss=0.6889  acc=0.5317  lr0=6.67e-07 lr1=3.34e-05
23:01:08 INFO   e4 step  1200/1307  loss=0.6885  acc=0.5321  lr0=4.55e-07 lr1=2.27e-05
23:01:26 INFO   e4 step  1250/1307  loss=0.6884  acc=0.5330  lr0=2.42e-07 lr1=1.21e-05
23:01:43 INFO   e4 step  1300/1307  loss=0.6884  acc=0.5325  lr0=2.97e-08 lr1=1.49e-06
23:01:59 INFO [epoch 4] train_loss=0.6884 train_acc=0.5327  val_loss=0.6879 val_acc=0.5283 val_auc=0.5412  elapsed=521.2s
23:02:03 INFO   saved best.pt  val_acc=0.5283
23:02:07 INFO loading best.pt for test eval
23:02:22 INFO [test] loss=0.6874  acc=0.5320  auc=0.5534  f1=0.4002
23:02:22 INFO [test] per-tier-pair accuracy:
23:02:22 INFO         T0-T0  n= 2613  acc=0.5320
23:02:22 INFO [done] run_summary.json written to /mnt/localssd/baseline_sweep/runs/ajo_newstyle/e5-large-v2
