07:51:39 INFO run_dir=/mnt/localssd/crossencoder_sweep/runs/aep_causal_wf_v3/bge-base-en-v1.5
07:51:39 INFO device=cuda:0  bf16=True  physical_gpu=3  CUDA_VISIBLE_DEVICES=3
07:51:39 INFO dataset=aep_causal_wf_v3  model=bge-base-en-v1.5  backbone=BAAI/bge-base-en-v1.5
07:51:39 INFO tokenizer <- BAAI/bge-base-en-v1.5
Warning: You are sending unauthenticated requests to the HF Hub. Please set a HF_TOKEN to enable higher rate limits and faster downloads.
07:51:40 INFO split files: ['directional_train.jsonl', 'directional_val.jsonl', 'directional_test.jsonl']
07:51:40 INFO scanning max JOINT token length across all splits ...
07:51:48 INFO   observed_max_joint=512 -> max_seq_len=512 (cap=512, scan=7.9s)
07:51:48 INFO loading datasets ...
07:51:48 INFO   schema=standard  train=21287  val=327  test=318
07:51:48 INFO building CrossEncoderClassifier  backbone=BAAI/bge-base-en-v1.5
Loading weights:   0%|          | 0/199 [00:00<?, ?it/s]Loading weights: 100%|██████████| 199/199 [00:00<00:00, 7473.13it/s]
07:51:49 INFO   hidden_size=768  trainable_params=109,483,009
07:51:49 INFO   total_steps=1332  warmup_steps=133
07:51:55 INFO   e1 step    50/333  loss=0.7322  acc=0.5038  lr0=7.52e-06 lr1=3.76e-04
07:52:01 INFO   e1 step   100/333  loss=0.7238  acc=0.5058  lr0=1.50e-05 lr1=7.52e-04
07:52:06 INFO   e1 step   150/333  loss=0.7178  acc=0.5085  lr0=1.97e-05 lr1=9.86e-04
07:52:12 INFO   e1 step   200/333  loss=0.7121  acc=0.5180  lr0=1.89e-05 lr1=9.44e-04
07:52:17 INFO   e1 step   250/333  loss=0.7082  acc=0.5246  lr0=1.80e-05 lr1=9.02e-04
07:52:23 INFO   e1 step   300/333  loss=0.7010  acc=0.5339  lr0=1.72e-05 lr1=8.61e-04
07:52:27 INFO [epoch 1] train_loss=0.6962 train_acc=0.5403  val_loss=0.6804 val_acc=0.5382 val_auc=0.5849  elapsed=38.2s
07:52:28 INFO   saved best.pt  val_acc=0.5382
07:52:33 INFO   e2 step    50/333  loss=0.6225  acc=0.6416  lr0=1.58e-05 lr1=7.91e-04
07:52:39 INFO   e2 step   100/333  loss=0.6256  acc=0.6319  lr0=1.50e-05 lr1=7.50e-04
07:52:44 INFO   e2 step   150/333  loss=0.6177  acc=0.6408  lr0=1.42e-05 lr1=7.08e-04
07:52:50 INFO   e2 step   200/333  loss=0.6129  acc=0.6421  lr0=1.33e-05 lr1=6.66e-04
07:52:56 INFO   e2 step   250/333  loss=0.6047  acc=0.6510  lr0=1.25e-05 lr1=6.25e-04
07:53:01 INFO   e2 step   300/333  loss=0.5999  acc=0.6545  lr0=1.17e-05 lr1=5.83e-04
07:53:05 INFO [epoch 2] train_loss=0.5964 train_acc=0.6578  val_loss=0.6769 val_acc=0.5688 val_auc=0.6121  elapsed=37.6s
07:53:06 INFO   saved best.pt  val_acc=0.5688
07:53:12 INFO   e3 step    50/333  loss=0.5299  acc=0.7266  lr0=1.03e-05 lr1=5.14e-04
07:53:17 INFO   e3 step   100/333  loss=0.5306  acc=0.7198  lr0=9.44e-06 lr1=4.72e-04
07:53:23 INFO   e3 step   150/333  loss=0.5279  acc=0.7194  lr0=8.61e-06 lr1=4.30e-04
07:53:29 INFO   e3 step   200/333  loss=0.5253  acc=0.7227  lr0=7.77e-06 lr1=3.89e-04
07:53:34 INFO   e3 step   250/333  loss=0.5228  acc=0.7240  lr0=6.94e-06 lr1=3.47e-04
07:53:40 INFO   e3 step   300/333  loss=0.5159  acc=0.7294  lr0=6.11e-06 lr1=3.05e-04
07:53:44 INFO [epoch 3] train_loss=0.5132 train_acc=0.7310  val_loss=0.7218 val_acc=0.5933 val_auc=0.6550  elapsed=37.8s
07:53:44 INFO   saved best.pt  val_acc=0.5933
07:53:50 INFO   e4 step    50/333  loss=0.4555  acc=0.7803  lr0=4.72e-06 lr1=2.36e-04
07:53:56 INFO   e4 step   100/333  loss=0.4519  acc=0.7820  lr0=3.89e-06 lr1=1.94e-04
07:54:01 INFO   e4 step   150/333  loss=0.4564  acc=0.7794  lr0=3.05e-06 lr1=1.53e-04
07:54:07 INFO   e4 step   200/333  loss=0.4545  acc=0.7788  lr0=2.22e-06 lr1=1.11e-04
07:54:12 INFO   e4 step   250/333  loss=0.4493  acc=0.7817  lr0=1.38e-06 lr1=6.92e-05
07:54:17 INFO   e4 step   300/333  loss=0.4474  acc=0.7823  lr0=5.50e-07 lr1=2.75e-05
07:54:22 INFO [epoch 4] train_loss=0.4465 train_acc=0.7827  val_loss=0.7295 val_acc=0.5933 val_auc=0.6495  elapsed=37.4s
07:54:22 INFO loading best.pt for test eval
07:54:23 INFO [test] loss=0.6405  acc=0.6321  auc=0.7176  f1=0.5776
07:54:23 INFO [done] run_summary.json written to /mnt/localssd/crossencoder_sweep/runs/aep_causal_wf_v3/bge-base-en-v1.5
