08:07:39 INFO run_dir=/mnt/localssd/crossencoder_sweep/runs/ajo_doc_not_tier1/all-mpnet-base-v2
08:07:39 INFO device=cuda:0  bf16=True  physical_gpu=2  CUDA_VISIBLE_DEVICES=2
08:07:39 INFO dataset=ajo_doc_not_tier1  model=all-mpnet-base-v2  backbone=sentence-transformers/all-mpnet-base-v2
08:07:39 INFO tokenizer <- sentence-transformers/all-mpnet-base-v2
Warning: You are sending unauthenticated requests to the HF Hub. Please set a HF_TOKEN to enable higher rate limits and faster downloads.
08:07:40 INFO split files: ['directional_train.jsonl', 'directional_val.jsonl', 'directional_test.jsonl']
08:07:40 INFO scanning max JOINT token length across all splits ...
08:10:00 INFO   observed_max_joint=512 -> max_seq_len=512 (cap=512, scan=140.4s)
08:10:00 INFO loading datasets ...
08:10:02 INFO   schema=standard  train=88000  val=11200  test=11200
08:10:02 INFO building CrossEncoderClassifier  backbone=sentence-transformers/all-mpnet-base-v2
Loading weights:   0%|          | 0/199 [00:00<?, ?it/s]Loading weights: 100%|██████████| 199/199 [00:00<00:00, 6487.89it/s]
08:10:02 INFO   hidden_size=768  trainable_params=109,487,233
08:10:02 INFO   total_steps=5500  warmup_steps=550
08:10:21 INFO   e1 step    50/1375  loss=0.6969  acc=0.4994  lr0=1.82e-06 lr1=9.09e-05
08:11:01 INFO   e1 step   100/1375  loss=0.6959  acc=0.5011  lr0=3.64e-06 lr1=1.82e-04
08:11:27 INFO   e1 step   150/1375  loss=0.6954  acc=0.5067  lr0=5.45e-06 lr1=2.73e-04
08:12:00 INFO   e1 step   200/1375  loss=0.6951  acc=0.5076  lr0=7.27e-06 lr1=3.64e-04
08:12:18 INFO   e1 step   250/1375  loss=0.6949  acc=0.5095  lr0=9.09e-06 lr1=4.55e-04
08:12:35 INFO   e1 step   300/1375  loss=0.6941  acc=0.5120  lr0=1.09e-05 lr1=5.45e-04
08:12:53 INFO   e1 step   350/1375  loss=0.6924  acc=0.5188  lr0=1.27e-05 lr1=6.36e-04
08:13:10 INFO   e1 step   400/1375  loss=0.6906  acc=0.5233  lr0=1.45e-05 lr1=7.27e-04
08:13:28 INFO   e1 step   450/1375  loss=0.6894  acc=0.5240  lr0=1.64e-05 lr1=8.18e-04
08:13:46 INFO   e1 step   500/1375  loss=0.6872  acc=0.5279  lr0=1.82e-05 lr1=9.09e-04
08:14:03 INFO   e1 step   550/1375  loss=0.6849  acc=0.5298  lr0=2.00e-05 lr1=1.00e-03
08:14:21 INFO   e1 step   600/1375  loss=0.6824  acc=0.5328  lr0=1.98e-05 lr1=9.90e-04
08:14:39 INFO   e1 step   650/1375  loss=0.6797  acc=0.5375  lr0=1.96e-05 lr1=9.80e-04
08:14:56 INFO   e1 step   700/1375  loss=0.6757  acc=0.5433  lr0=1.94e-05 lr1=9.70e-04
08:15:14 INFO   e1 step   750/1375  loss=0.6696  acc=0.5519  lr0=1.92e-05 lr1=9.60e-04
08:15:31 INFO   e1 step   800/1375  loss=0.6610  acc=0.5608  lr0=1.90e-05 lr1=9.49e-04
08:15:49 INFO   e1 step   850/1375  loss=0.6493  acc=0.5727  lr0=1.88e-05 lr1=9.39e-04
08:16:07 INFO   e1 step   900/1375  loss=0.6339  acc=0.5865  lr0=1.86e-05 lr1=9.29e-04
08:16:24 INFO   e1 step   950/1375  loss=0.6162  acc=0.6012  lr0=1.84e-05 lr1=9.19e-04
08:16:42 INFO   e1 step  1000/1375  loss=0.6008  acc=0.6147  lr0=1.82e-05 lr1=9.09e-04
08:17:00 INFO   e1 step  1050/1375  loss=0.5829  acc=0.6287  lr0=1.80e-05 lr1=8.99e-04
08:17:17 INFO   e1 step  1100/1375  loss=0.5650  acc=0.6423  lr0=1.78e-05 lr1=8.89e-04
08:17:35 INFO   e1 step  1150/1375  loss=0.5480  acc=0.6549  lr0=1.76e-05 lr1=8.79e-04
08:17:52 INFO   e1 step  1200/1375  loss=0.5318  acc=0.6670  lr0=1.74e-05 lr1=8.69e-04
08:18:10 INFO   e1 step  1250/1375  loss=0.5155  acc=0.6786  lr0=1.72e-05 lr1=8.59e-04
08:18:28 INFO   e1 step  1300/1375  loss=0.5001  acc=0.6895  lr0=1.70e-05 lr1=8.48e-04
08:18:45 INFO   e1 step  1350/1375  loss=0.4855  acc=0.6997  lr0=1.68e-05 lr1=8.38e-04
08:19:15 INFO [epoch 1] train_loss=0.4782 train_acc=0.7046  val_loss=0.1289 val_acc=0.9599 val_auc=0.9909  elapsed=553.0s
08:19:16 INFO   saved best.pt  val_acc=0.9599
08:19:34 INFO   e2 step    50/1375  loss=0.0671  acc=0.9778  lr0=1.65e-05 lr1=8.23e-04
08:19:51 INFO   e2 step   100/1375  loss=0.0668  acc=0.9780  lr0=1.63e-05 lr1=8.13e-04
08:20:09 INFO   e2 step   150/1375  loss=0.0660  acc=0.9791  lr0=1.61e-05 lr1=8.03e-04
08:20:26 INFO   e2 step   200/1375  loss=0.0632  acc=0.9802  lr0=1.59e-05 lr1=7.93e-04
08:20:44 INFO   e2 step   250/1375  loss=0.0613  acc=0.9810  lr0=1.57e-05 lr1=7.83e-04
08:21:02 INFO   e2 step   300/1375  loss=0.0593  acc=0.9819  lr0=1.55e-05 lr1=7.73e-04
08:21:19 INFO   e2 step   350/1375  loss=0.0586  acc=0.9820  lr0=1.53e-05 lr1=7.63e-04
08:21:37 INFO   e2 step   400/1375  loss=0.0573  acc=0.9822  lr0=1.51e-05 lr1=7.53e-04
08:21:54 INFO   e2 step   450/1375  loss=0.0548  acc=0.9831  lr0=1.48e-05 lr1=7.42e-04
08:22:12 INFO   e2 step   500/1375  loss=0.0511  acc=0.9843  lr0=1.46e-05 lr1=7.32e-04
08:22:29 INFO   e2 step   550/1375  loss=0.0494  acc=0.9849  lr0=1.44e-05 lr1=7.22e-04
08:22:47 INFO   e2 step   600/1375  loss=0.0479  acc=0.9854  lr0=1.42e-05 lr1=7.12e-04
08:23:04 INFO   e2 step   650/1375  loss=0.0461  acc=0.9860  lr0=1.40e-05 lr1=7.02e-04
08:23:22 INFO   e2 step   700/1375  loss=0.0444  acc=0.9866  lr0=1.38e-05 lr1=6.92e-04
08:23:39 INFO   e2 step   750/1375  loss=0.0424  acc=0.9872  lr0=1.36e-05 lr1=6.82e-04
08:23:57 INFO   e2 step   800/1375  loss=0.0406  acc=0.9878  lr0=1.34e-05 lr1=6.72e-04
08:24:14 INFO   e2 step   850/1375  loss=0.0396  acc=0.9881  lr0=1.32e-05 lr1=6.62e-04
08:24:32 INFO   e2 step   900/1375  loss=0.0382  acc=0.9885  lr0=1.30e-05 lr1=6.52e-04
08:24:50 INFO   e2 step   950/1375  loss=0.0372  acc=0.9888  lr0=1.28e-05 lr1=6.41e-04
08:25:07 INFO   e2 step  1000/1375  loss=0.0362  acc=0.9892  lr0=1.26e-05 lr1=6.31e-04
08:25:25 INFO   e2 step  1050/1375  loss=0.0354  acc=0.9894  lr0=1.24e-05 lr1=6.21e-04
08:25:42 INFO   e2 step  1100/1375  loss=0.0339  acc=0.9898  lr0=1.22e-05 lr1=6.11e-04
08:26:00 INFO   e2 step  1150/1375  loss=0.0327  acc=0.9902  lr0=1.20e-05 lr1=6.01e-04
08:26:17 INFO   e2 step  1200/1375  loss=0.0319  acc=0.9904  lr0=1.18e-05 lr1=5.91e-04
08:26:35 INFO   e2 step  1250/1375  loss=0.0310  acc=0.9907  lr0=1.16e-05 lr1=5.81e-04
08:26:52 INFO   e2 step  1300/1375  loss=0.0302  acc=0.9910  lr0=1.14e-05 lr1=5.71e-04
08:27:10 INFO   e2 step  1350/1375  loss=0.0294  acc=0.9912  lr0=1.12e-05 lr1=5.61e-04
08:27:40 INFO [epoch 2] train_loss=0.0292 train_acc=0.9913  val_loss=0.0729 val_acc=0.9868 val_auc=0.9965  elapsed=504.2s
08:27:41 INFO   saved best.pt  val_acc=0.9868
08:27:59 INFO   e3 step    50/1375  loss=0.0027  acc=0.9988  lr0=1.09e-05 lr1=5.45e-04
08:28:16 INFO   e3 step   100/1375  loss=0.0045  acc=0.9984  lr0=1.07e-05 lr1=5.35e-04
08:28:34 INFO   e3 step   150/1375  loss=0.0042  acc=0.9986  lr0=1.05e-05 lr1=5.25e-04
08:28:51 INFO   e3 step   200/1375  loss=0.0043  acc=0.9985  lr0=1.03e-05 lr1=5.15e-04
08:29:09 INFO   e3 step   250/1375  loss=0.0049  acc=0.9985  lr0=1.01e-05 lr1=5.05e-04
08:29:26 INFO   e3 step   300/1375  loss=0.0042  acc=0.9987  lr0=9.90e-06 lr1=4.95e-04
08:29:44 INFO   e3 step   350/1375  loss=0.0048  acc=0.9985  lr0=9.70e-06 lr1=4.85e-04
08:30:01 INFO   e3 step   400/1375  loss=0.0045  acc=0.9987  lr0=9.49e-06 lr1=4.75e-04
08:30:19 INFO   e3 step   450/1375  loss=0.0040  acc=0.9988  lr0=9.29e-06 lr1=4.65e-04
08:30:36 INFO   e3 step   500/1375  loss=0.0041  acc=0.9989  lr0=9.09e-06 lr1=4.55e-04
08:30:54 INFO   e3 step   550/1375  loss=0.0042  acc=0.9989  lr0=8.89e-06 lr1=4.44e-04
08:31:12 INFO   e3 step   600/1375  loss=0.0040  acc=0.9989  lr0=8.69e-06 lr1=4.34e-04
08:31:29 INFO   e3 step   650/1375  loss=0.0043  acc=0.9988  lr0=8.48e-06 lr1=4.24e-04
08:31:47 INFO   e3 step   700/1375  loss=0.0042  acc=0.9989  lr0=8.28e-06 lr1=4.14e-04
08:32:04 INFO   e3 step   750/1375  loss=0.0046  acc=0.9988  lr0=8.08e-06 lr1=4.04e-04
08:32:22 INFO   e3 step   800/1375  loss=0.0044  acc=0.9989  lr0=7.88e-06 lr1=3.94e-04
08:32:39 INFO   e3 step   850/1375  loss=0.0042  acc=0.9989  lr0=7.68e-06 lr1=3.84e-04
08:32:57 INFO   e3 step   900/1375  loss=0.0040  acc=0.9990  lr0=7.47e-06 lr1=3.74e-04
08:33:14 INFO   e3 step   950/1375  loss=0.0038  acc=0.9990  lr0=7.27e-06 lr1=3.64e-04
08:33:32 INFO   e3 step  1000/1375  loss=0.0037  acc=0.9991  lr0=7.07e-06 lr1=3.54e-04
08:33:49 INFO   e3 step  1050/1375  loss=0.0036  acc=0.9991  lr0=6.87e-06 lr1=3.43e-04
08:34:07 INFO   e3 step  1100/1375  loss=0.0036  acc=0.9991  lr0=6.67e-06 lr1=3.33e-04
08:34:24 INFO   e3 step  1150/1375  loss=0.0034  acc=0.9992  lr0=6.46e-06 lr1=3.23e-04
08:34:42 INFO   e3 step  1200/1375  loss=0.0033  acc=0.9992  lr0=6.26e-06 lr1=3.13e-04
08:35:00 INFO   e3 step  1250/1375  loss=0.0032  acc=0.9992  lr0=6.06e-06 lr1=3.03e-04
08:35:17 INFO   e3 step  1300/1375  loss=0.0031  acc=0.9992  lr0=5.86e-06 lr1=2.93e-04
08:35:35 INFO   e3 step  1350/1375  loss=0.0031  acc=0.9992  lr0=5.66e-06 lr1=2.83e-04
08:36:05 INFO [epoch 3] train_loss=0.0031 train_acc=0.9992  val_loss=0.0642 val_acc=0.9907 val_auc=0.9968  elapsed=504.1s
08:36:06 INFO   saved best.pt  val_acc=0.9907
08:36:23 INFO   e4 step    50/1375  loss=0.0005  acc=0.9997  lr0=5.35e-06 lr1=2.68e-04
08:36:41 INFO   e4 step   100/1375  loss=0.0007  acc=0.9997  lr0=5.15e-06 lr1=2.58e-04
08:36:59 INFO   e4 step   150/1375  loss=0.0005  acc=0.9998  lr0=4.95e-06 lr1=2.47e-04
08:37:16 INFO   e4 step   200/1375  loss=0.0004  acc=0.9998  lr0=4.75e-06 lr1=2.37e-04
08:37:34 INFO   e4 step   250/1375  loss=0.0004  acc=0.9999  lr0=4.55e-06 lr1=2.27e-04
08:37:51 INFO   e4 step   300/1375  loss=0.0004  acc=0.9998  lr0=4.34e-06 lr1=2.17e-04
08:38:09 INFO   e4 step   350/1375  loss=0.0004  acc=0.9998  lr0=4.14e-06 lr1=2.07e-04
08:38:26 INFO   e4 step   400/1375  loss=0.0005  acc=0.9998  lr0=3.94e-06 lr1=1.97e-04
08:38:44 INFO   e4 step   450/1375  loss=0.0004  acc=0.9998  lr0=3.74e-06 lr1=1.87e-04
08:39:01 INFO   e4 step   500/1375  loss=0.0007  acc=0.9998  lr0=3.54e-06 lr1=1.77e-04
08:39:19 INFO   e4 step   550/1375  loss=0.0006  acc=0.9998  lr0=3.33e-06 lr1=1.67e-04
08:39:36 INFO   e4 step   600/1375  loss=0.0008  acc=0.9997  lr0=3.13e-06 lr1=1.57e-04
08:39:54 INFO   e4 step   650/1375  loss=0.0007  acc=0.9998  lr0=2.93e-06 lr1=1.46e-04
08:40:11 INFO   e4 step   700/1375  loss=0.0008  acc=0.9998  lr0=2.73e-06 lr1=1.36e-04
08:40:29 INFO   e4 step   750/1375  loss=0.0009  acc=0.9997  lr0=2.53e-06 lr1=1.26e-04
08:40:46 INFO   e4 step   800/1375  loss=0.0008  acc=0.9997  lr0=2.32e-06 lr1=1.16e-04
08:41:04 INFO   e4 step   850/1375  loss=0.0008  acc=0.9997  lr0=2.12e-06 lr1=1.06e-04
08:41:21 INFO   e4 step   900/1375  loss=0.0008  acc=0.9997  lr0=1.92e-06 lr1=9.60e-05
08:41:39 INFO   e4 step   950/1375  loss=0.0007  acc=0.9998  lr0=1.72e-06 lr1=8.59e-05
08:41:56 INFO   e4 step  1000/1375  loss=0.0008  acc=0.9998  lr0=1.52e-06 lr1=7.58e-05
08:42:14 INFO   e4 step  1050/1375  loss=0.0007  acc=0.9998  lr0=1.31e-06 lr1=6.57e-05
08:42:31 INFO   e4 step  1100/1375  loss=0.0008  acc=0.9998  lr0=1.11e-06 lr1=5.56e-05
08:42:49 INFO   e4 step  1150/1375  loss=0.0007  acc=0.9998  lr0=9.09e-07 lr1=4.55e-05
08:43:06 INFO   e4 step  1200/1375  loss=0.0007  acc=0.9998  lr0=7.07e-07 lr1=3.54e-05
08:43:24 INFO   e4 step  1250/1375  loss=0.0007  acc=0.9998  lr0=5.05e-07 lr1=2.53e-05
08:43:41 INFO   e4 step  1300/1375  loss=0.0008  acc=0.9998  lr0=3.03e-07 lr1=1.52e-05
08:43:59 INFO   e4 step  1350/1375  loss=0.0009  acc=0.9998  lr0=1.01e-07 lr1=5.05e-06
08:44:30 INFO [epoch 4] train_loss=0.0008 train_acc=0.9998  val_loss=0.0624 val_acc=0.9908 val_auc=0.9972  elapsed=504.0s
08:44:30 INFO   saved best.pt  val_acc=0.9908
08:44:31 INFO loading best.pt for test eval
08:44:53 INFO [test] loss=0.0672  acc=0.9893  auc=0.9953  f1=0.9894
08:44:53 INFO [done] run_summary.json written to /mnt/localssd/crossencoder_sweep/runs/ajo_doc_not_tier1/all-mpnet-base-v2
