11:38:20 INFO run_dir=/mnt/localssd/crossencoder_sweep/runs/new_ajo_workflows/e5-large-v2
11:38:20 INFO device=cuda:0  bf16=True  physical_gpu=3  CUDA_VISIBLE_DEVICES=3
11:38:20 INFO dataset=new_ajo_workflows  model=e5-large-v2  backbone=intfloat/e5-large-v2
11:38:20 INFO tokenizer <- intfloat/e5-large-v2
11:38:21 INFO split files: ['directional_train.jsonl', 'directional_val.jsonl', 'directional_test.jsonl']
11:38:21 INFO scanning max JOINT token length across all splits ...
11:38:25 INFO   observed_max_joint=512 -> max_seq_len=512 (cap=512, scan=4.7s)
11:38:25 INFO loading datasets ...
11:38:26 INFO   schema=standard  train=21846  val=2470  test=2616
11:38:26 INFO building CrossEncoderClassifier  backbone=intfloat/e5-large-v2
11:38:27 INFO   hidden_size=1024  trainable_params=335,142,913
11:38:27 INFO   total_steps=1364  warmup_steps=81  grad_accum=4  eff_batch=64
11:38:32 INFO   e1 step    50/1366  loss=0.7484  acc=0.5050  lr0=1.48e-06 lr1=1.48e-06
11:38:35 INFO   e1 step   100/1366  loss=0.7394  acc=0.5069  lr0=3.09e-06 lr1=3.09e-06
11:38:38 INFO   e1 step   150/1366  loss=0.7466  acc=0.4963  lr0=4.57e-06 lr1=4.57e-06
11:38:42 INFO   e1 step   200/1366  loss=0.7445  acc=0.4938  lr0=6.17e-06 lr1=6.17e-06
11:38:45 INFO   e1 step   250/1366  loss=0.7432  acc=0.4953  lr0=7.65e-06 lr1=7.65e-06
11:38:49 INFO   e1 step   300/1366  loss=0.7418  acc=0.4977  lr0=9.26e-06 lr1=9.26e-06
11:38:52 INFO   e1 step   350/1366  loss=0.7407  acc=0.5000  lr0=9.95e-06 lr1=9.95e-06
11:38:55 INFO   e1 step   400/1366  loss=0.7404  acc=0.5009  lr0=9.85e-06 lr1=9.85e-06
11:38:59 INFO   e1 step   450/1366  loss=0.7391  acc=0.5011  lr0=9.76e-06 lr1=9.76e-06
11:39:02 INFO   e1 step   500/1366  loss=0.7377  acc=0.5026  lr0=9.66e-06 lr1=9.66e-06
11:39:06 INFO   e1 step   550/1366  loss=0.7386  acc=0.4991  lr0=9.56e-06 lr1=9.56e-06
11:39:09 INFO   e1 step   600/1366  loss=0.7391  acc=0.4992  lr0=9.46e-06 lr1=9.46e-06
11:39:12 INFO   e1 step   650/1366  loss=0.7386  acc=0.4991  lr0=9.37e-06 lr1=9.37e-06
11:39:16 INFO   e1 step   700/1366  loss=0.7382  acc=0.4988  lr0=9.27e-06 lr1=9.27e-06
11:39:20 INFO   e1 step   750/1366  loss=0.7375  acc=0.4995  lr0=9.17e-06 lr1=9.17e-06
11:39:23 INFO   e1 step   800/1366  loss=0.7375  acc=0.4995  lr0=9.07e-06 lr1=9.07e-06
11:39:26 INFO   e1 step   850/1366  loss=0.7367  acc=0.5000  lr0=8.98e-06 lr1=8.98e-06
11:39:30 INFO   e1 step   900/1366  loss=0.7361  acc=0.4990  lr0=8.88e-06 lr1=8.88e-06
11:39:33 INFO   e1 step   950/1366  loss=0.7361  acc=0.4970  lr0=8.78e-06 lr1=8.78e-06
11:39:37 INFO   e1 step  1000/1366  loss=0.7355  acc=0.4964  lr0=8.68e-06 lr1=8.68e-06
11:39:40 INFO   e1 step  1050/1366  loss=0.7354  acc=0.4961  lr0=8.59e-06 lr1=8.59e-06
11:39:44 INFO   e1 step  1100/1366  loss=0.7352  acc=0.4956  lr0=8.49e-06 lr1=8.49e-06
11:39:48 INFO   e1 step  1150/1366  loss=0.7352  acc=0.4966  lr0=8.39e-06 lr1=8.39e-06
11:39:51 INFO   e1 step  1200/1366  loss=0.7342  acc=0.4978  lr0=8.29e-06 lr1=8.29e-06
11:39:54 INFO   e1 step  1250/1366  loss=0.7334  acc=0.4987  lr0=8.20e-06 lr1=8.20e-06
11:39:58 INFO   e1 step  1300/1366  loss=0.7325  acc=0.4993  lr0=8.10e-06 lr1=8.10e-06
11:40:01 INFO   e1 step  1350/1366  loss=0.7319  acc=0.5000  lr0=8.00e-06 lr1=8.00e-06
11:40:06 INFO [epoch 1] train_loss=0.7314 train_acc=0.5007  val_loss=0.7142 val_acc=0.5000 val_auc=0.5096  elapsed=99.0s
11:40:07 INFO   saved best.pt  val_acc=0.5000
11:40:11 INFO   e2 step    50/1366  loss=0.7136  acc=0.5275  lr0=7.88e-06 lr1=7.88e-06
11:40:15 INFO   e2 step   100/1366  loss=0.7163  acc=0.5144  lr0=7.78e-06 lr1=7.78e-06
11:40:18 INFO   e2 step   150/1366  loss=0.7179  acc=0.5100  lr0=7.69e-06 lr1=7.69e-06
11:40:21 INFO   e2 step   200/1366  loss=0.7171  acc=0.5091  lr0=7.58e-06 lr1=7.58e-06
11:40:25 INFO   e2 step   250/1366  loss=0.7178  acc=0.5132  lr0=7.49e-06 lr1=7.49e-06
11:40:28 INFO   e2 step   300/1366  loss=0.7195  acc=0.5096  lr0=7.39e-06 lr1=7.39e-06
11:40:32 INFO   e2 step   350/1366  loss=0.7203  acc=0.5064  lr0=7.30e-06 lr1=7.30e-06
11:40:35 INFO   e2 step   400/1366  loss=0.7200  acc=0.5052  lr0=7.19e-06 lr1=7.19e-06
11:40:38 INFO   e2 step   450/1366  loss=0.7192  acc=0.5053  lr0=7.10e-06 lr1=7.10e-06
11:40:42 INFO   e2 step   500/1366  loss=0.7177  acc=0.5084  lr0=7.00e-06 lr1=7.00e-06
11:40:45 INFO   e2 step   550/1366  loss=0.7168  acc=0.5101  lr0=6.91e-06 lr1=6.91e-06
11:40:49 INFO   e2 step   600/1366  loss=0.7163  acc=0.5114  lr0=6.80e-06 lr1=6.80e-06
11:40:52 INFO   e2 step   650/1366  loss=0.7168  acc=0.5104  lr0=6.71e-06 lr1=6.71e-06
11:40:56 INFO   e2 step   700/1366  loss=0.7158  acc=0.5105  lr0=6.61e-06 lr1=6.61e-06
11:41:00 INFO   e2 step   750/1366  loss=0.7151  acc=0.5102  lr0=6.52e-06 lr1=6.52e-06
11:41:04 INFO   e2 step   800/1366  loss=0.7156  acc=0.5089  lr0=6.41e-06 lr1=6.41e-06
11:41:07 INFO   e2 step   850/1366  loss=0.7150  acc=0.5093  lr0=6.32e-06 lr1=6.32e-06
11:41:11 INFO   e2 step   900/1366  loss=0.7147  acc=0.5094  lr0=6.22e-06 lr1=6.22e-06
11:41:15 INFO   e2 step   950/1366  loss=0.7142  acc=0.5089  lr0=6.13e-06 lr1=6.13e-06
11:41:19 INFO   e2 step  1000/1366  loss=0.7146  acc=0.5078  lr0=6.02e-06 lr1=6.02e-06
11:41:23 INFO   e2 step  1050/1366  loss=0.7149  acc=0.5071  lr0=5.93e-06 lr1=5.93e-06
11:41:27 INFO   e2 step  1100/1366  loss=0.7149  acc=0.5066  lr0=5.83e-06 lr1=5.83e-06
11:41:30 INFO   e2 step  1150/1366  loss=0.7150  acc=0.5062  lr0=5.74e-06 lr1=5.74e-06
11:41:34 INFO   e2 step  1200/1366  loss=0.7150  acc=0.5057  lr0=5.64e-06 lr1=5.64e-06
11:41:38 INFO   e2 step  1250/1366  loss=0.7144  acc=0.5060  lr0=5.54e-06 lr1=5.54e-06
11:41:42 INFO   e2 step  1300/1366  loss=0.7144  acc=0.5064  lr0=5.44e-06 lr1=5.44e-06
11:41:46 INFO   e2 step  1350/1366  loss=0.7146  acc=0.5055  lr0=5.35e-06 lr1=5.35e-06
11:41:50 INFO [epoch 2] train_loss=0.7147 train_acc=0.5051  val_loss=0.7168 val_acc=0.5000 val_auc=0.5157  elapsed=103.0s
11:41:54 INFO   e3 step    50/1366  loss=0.7188  acc=0.5000  lr0=5.22e-06 lr1=5.22e-06
11:41:58 INFO   e3 step   100/1366  loss=0.7140  acc=0.5081  lr0=5.12e-06 lr1=5.12e-06
11:42:02 INFO   e3 step   150/1366  loss=0.7108  acc=0.5096  lr0=5.03e-06 lr1=5.03e-06
11:42:05 INFO   e3 step   200/1366  loss=0.7105  acc=0.5066  lr0=4.93e-06 lr1=4.93e-06
11:42:09 INFO   e3 step   250/1366  loss=0.7130  acc=0.5010  lr0=4.83e-06 lr1=4.83e-06
11:42:13 INFO   e3 step   300/1366  loss=0.7106  acc=0.5073  lr0=4.73e-06 lr1=4.73e-06
11:42:16 INFO   e3 step   350/1366  loss=0.7103  acc=0.5068  lr0=4.64e-06 lr1=4.64e-06
11:42:20 INFO   e3 step   400/1366  loss=0.7095  acc=0.5042  lr0=4.54e-06 lr1=4.54e-06
11:42:24 INFO   e3 step   450/1366  loss=0.7089  acc=0.5071  lr0=4.44e-06 lr1=4.44e-06
11:42:28 INFO   e3 step   500/1366  loss=0.7108  acc=0.5026  lr0=4.34e-06 lr1=4.34e-06
11:42:32 INFO   e3 step   550/1366  loss=0.7107  acc=0.5023  lr0=4.25e-06 lr1=4.25e-06
11:42:35 INFO   e3 step   600/1366  loss=0.7106  acc=0.5027  lr0=4.15e-06 lr1=4.15e-06
11:42:39 INFO   e3 step   650/1366  loss=0.7105  acc=0.5030  lr0=4.05e-06 lr1=4.05e-06
11:42:43 INFO   e3 step   700/1366  loss=0.7107  acc=0.5039  lr0=3.95e-06 lr1=3.95e-06
11:42:47 INFO   e3 step   750/1366  loss=0.7111  acc=0.5035  lr0=3.86e-06 lr1=3.86e-06
11:42:50 INFO   e3 step   800/1366  loss=0.7112  acc=0.5036  lr0=3.76e-06 lr1=3.76e-06
11:42:54 INFO   e3 step   850/1366  loss=0.7110  acc=0.5033  lr0=3.66e-06 lr1=3.66e-06
11:42:58 INFO   e3 step   900/1366  loss=0.7110  acc=0.5028  lr0=3.56e-06 lr1=3.56e-06
11:43:01 INFO   e3 step   950/1366  loss=0.7104  acc=0.5036  lr0=3.47e-06 lr1=3.47e-06
11:43:05 INFO   e3 step  1000/1366  loss=0.7111  acc=0.5021  lr0=3.37e-06 lr1=3.37e-06
11:43:09 INFO   e3 step  1050/1366  loss=0.7113  acc=0.5007  lr0=3.27e-06 lr1=3.27e-06
11:43:13 INFO   e3 step  1100/1366  loss=0.7110  acc=0.5012  lr0=3.17e-06 lr1=3.17e-06
11:43:16 INFO   e3 step  1150/1366  loss=0.7108  acc=0.5016  lr0=3.08e-06 lr1=3.08e-06
11:43:20 INFO   e3 step  1200/1366  loss=0.7110  acc=0.5019  lr0=2.98e-06 lr1=2.98e-06
11:43:24 INFO   e3 step  1250/1366  loss=0.7107  acc=0.5026  lr0=2.88e-06 lr1=2.88e-06
11:43:28 INFO   e3 step  1300/1366  loss=0.7108  acc=0.5021  lr0=2.78e-06 lr1=2.78e-06
11:43:31 INFO   e3 step  1350/1366  loss=0.7106  acc=0.5025  lr0=2.69e-06 lr1=2.69e-06
11:43:36 INFO [epoch 3] train_loss=0.7106 train_acc=0.5023  val_loss=0.6965 val_acc=0.5000 val_auc=0.5128  elapsed=105.7s
11:43:40 INFO   e4 step    50/1366  loss=0.7063  acc=0.5212  lr0=2.56e-06 lr1=2.56e-06
11:43:44 INFO   e4 step   100/1366  loss=0.7139  acc=0.4894  lr0=2.46e-06 lr1=2.46e-06
11:43:48 INFO   e4 step   150/1366  loss=0.7120  acc=0.4967  lr0=2.37e-06 lr1=2.37e-06
11:43:52 INFO   e4 step   200/1366  loss=0.7107  acc=0.4972  lr0=2.27e-06 lr1=2.27e-06
11:43:56 INFO   e4 step   250/1366  loss=0.7135  acc=0.4905  lr0=2.17e-06 lr1=2.17e-06
11:43:59 INFO   e4 step   300/1366  loss=0.7144  acc=0.4931  lr0=2.07e-06 lr1=2.07e-06
11:44:03 INFO   e4 step   350/1366  loss=0.7139  acc=0.4941  lr0=1.98e-06 lr1=1.98e-06
11:44:07 INFO   e4 step   400/1366  loss=0.7135  acc=0.4948  lr0=1.88e-06 lr1=1.88e-06
11:44:11 INFO   e4 step   450/1366  loss=0.7122  acc=0.4976  lr0=1.78e-06 lr1=1.78e-06
11:44:14 INFO   e4 step   500/1366  loss=0.7120  acc=0.4975  lr0=1.68e-06 lr1=1.68e-06
11:44:18 INFO   e4 step   550/1366  loss=0.7114  acc=0.4986  lr0=1.59e-06 lr1=1.59e-06
11:44:22 INFO   e4 step   600/1366  loss=0.7101  acc=0.5005  lr0=1.49e-06 lr1=1.49e-06
11:44:26 INFO   e4 step   650/1366  loss=0.7107  acc=0.4984  lr0=1.40e-06 lr1=1.40e-06
11:44:30 INFO   e4 step   700/1366  loss=0.7107  acc=0.4972  lr0=1.29e-06 lr1=1.29e-06
11:44:33 INFO   e4 step   750/1366  loss=0.7108  acc=0.4964  lr0=1.20e-06 lr1=1.20e-06
11:44:37 INFO   e4 step   800/1366  loss=0.7106  acc=0.4965  lr0=1.10e-06 lr1=1.10e-06
11:44:41 INFO   e4 step   850/1366  loss=0.7105  acc=0.4958  lr0=1.01e-06 lr1=1.01e-06
11:44:45 INFO   e4 step   900/1366  loss=0.7102  acc=0.4964  lr0=9.04e-07 lr1=9.04e-07
11:44:49 INFO   e4 step   950/1366  loss=0.7102  acc=0.4963  lr0=8.11e-07 lr1=8.11e-07
11:44:53 INFO   e4 step  1000/1366  loss=0.7094  acc=0.4986  lr0=7.09e-07 lr1=7.09e-07
11:44:58 INFO   e4 step  1050/1366  loss=0.7090  acc=0.4998  lr0=6.16e-07 lr1=6.16e-07
11:45:02 INFO   e4 step  1100/1366  loss=0.7084  acc=0.5010  lr0=5.14e-07 lr1=5.14e-07
11:45:06 INFO   e4 step  1150/1366  loss=0.7083  acc=0.5013  lr0=4.21e-07 lr1=4.21e-07
11:45:10 INFO   e4 step  1200/1366  loss=0.7081  acc=0.5015  lr0=3.20e-07 lr1=3.20e-07
11:45:14 INFO   e4 step  1250/1366  loss=0.7080  acc=0.5014  lr0=2.26e-07 lr1=2.26e-07
11:45:19 INFO   e4 step  1300/1366  loss=0.7078  acc=0.5013  lr0=1.25e-07 lr1=1.25e-07
11:45:23 INFO   e4 step  1350/1366  loss=0.7079  acc=0.5014  lr0=3.12e-08 lr1=3.12e-08
11:45:28 INFO [epoch 4] train_loss=0.7080 train_acc=0.5014  val_loss=0.6943 val_acc=0.5000 val_auc=0.5078  elapsed=111.7s
11:45:29 INFO loading best.pt for test eval
11:45:32 INFO [test] loss=0.7109  acc=0.5008  auc=0.5058  f1=0.6567
11:45:32 INFO [done] run_summary.json written to /mnt/localssd/crossencoder_sweep/runs/new_ajo_workflows/e5-large-v2
