08:54:10 INFO run_dir=/mnt/localssd/crossencoder_sweep/runs/ajo_doc_not_tier1/e5-large-v2
08:54:10 INFO device=cuda:0  bf16=True  physical_gpu=2  CUDA_VISIBLE_DEVICES=2
08:54:10 INFO dataset=ajo_doc_not_tier1  model=e5-large-v2  backbone=intfloat/e5-large-v2
08:54:10 INFO tokenizer <- intfloat/e5-large-v2
Warning: You are sending unauthenticated requests to the HF Hub. Please set a HF_TOKEN to enable higher rate limits and faster downloads.
08:54:10 INFO split files: ['directional_train.jsonl', 'directional_val.jsonl', 'directional_test.jsonl']
08:54:10 INFO scanning max JOINT token length across all splits ...
08:56:30 INFO   observed_max_joint=512 -> max_seq_len=512 (cap=512, scan=140.0s)
08:56:30 INFO loading datasets ...
08:56:32 INFO   schema=standard  train=88000  val=11200  test=11200
08:56:32 INFO building CrossEncoderClassifier  backbone=intfloat/e5-large-v2
Loading weights:   0%|          | 0/391 [00:00<?, ?it/s]Loading weights: 100%|██████████| 391/391 [00:00<00:00, 6080.71it/s]
08:56:35 INFO   hidden_size=1024  trainable_params=335,142,913
08:56:35 INFO   total_steps=22000  warmup_steps=2200
08:56:44 INFO   e1 step    50/5500  loss=0.7362  acc=0.4963  lr0=4.55e-07 lr1=2.27e-05
08:56:53 INFO   e1 step   100/5500  loss=0.7328  acc=0.5038  lr0=9.09e-07 lr1=4.55e-05
08:57:02 INFO   e1 step   150/5500  loss=0.7362  acc=0.4967  lr0=1.36e-06 lr1=6.82e-05
08:57:11 INFO   e1 step   200/5500  loss=0.7384  acc=0.5000  lr0=1.82e-06 lr1=9.09e-05
08:57:20 INFO   e1 step   250/5500  loss=0.7345  acc=0.5008  lr0=2.27e-06 lr1=1.14e-04
08:57:29 INFO   e1 step   300/5500  loss=0.7360  acc=0.5006  lr0=2.73e-06 lr1=1.36e-04
08:57:38 INFO   e1 step   350/5500  loss=0.7364  acc=0.4991  lr0=3.18e-06 lr1=1.59e-04
08:57:46 INFO   e1 step   400/5500  loss=0.7364  acc=0.5003  lr0=3.64e-06 lr1=1.82e-04
08:57:55 INFO   e1 step   450/5500  loss=0.7355  acc=0.5028  lr0=4.09e-06 lr1=2.05e-04
08:58:04 INFO   e1 step   500/5500  loss=0.7361  acc=0.5018  lr0=4.55e-06 lr1=2.27e-04
08:58:13 INFO   e1 step   550/5500  loss=0.7380  acc=0.4997  lr0=5.00e-06 lr1=2.50e-04
08:58:22 INFO   e1 step   600/5500  loss=0.7377  acc=0.4993  lr0=5.45e-06 lr1=2.73e-04
08:58:31 INFO   e1 step   650/5500  loss=0.7378  acc=0.4987  lr0=5.91e-06 lr1=2.95e-04
08:58:40 INFO   e1 step   700/5500  loss=0.7365  acc=0.5022  lr0=6.36e-06 lr1=3.18e-04
08:58:49 INFO   e1 step   750/5500  loss=0.7360  acc=0.5028  lr0=6.82e-06 lr1=3.41e-04
08:58:58 INFO   e1 step   800/5500  loss=0.7355  acc=0.5037  lr0=7.27e-06 lr1=3.64e-04
08:59:06 INFO   e1 step   850/5500  loss=0.7362  acc=0.5039  lr0=7.73e-06 lr1=3.86e-04
08:59:15 INFO   e1 step   900/5500  loss=0.7373  acc=0.5033  lr0=8.18e-06 lr1=4.09e-04
08:59:24 INFO   e1 step   950/5500  loss=0.7377  acc=0.5027  lr0=8.64e-06 lr1=4.32e-04
08:59:33 INFO   e1 step  1000/5500  loss=0.7370  acc=0.5029  lr0=9.09e-06 lr1=4.55e-04
08:59:42 INFO   e1 step  1050/5500  loss=0.7367  acc=0.5018  lr0=9.55e-06 lr1=4.77e-04
08:59:51 INFO   e1 step  1100/5500  loss=0.7363  acc=0.5010  lr0=1.00e-05 lr1=5.00e-04
09:00:00 INFO   e1 step  1150/5500  loss=0.7367  acc=0.5008  lr0=1.05e-05 lr1=5.23e-04
09:00:09 INFO   e1 step  1200/5500  loss=0.7366  acc=0.5007  lr0=1.09e-05 lr1=5.45e-04
09:00:18 INFO   e1 step  1250/5500  loss=0.7356  acc=0.5003  lr0=1.14e-05 lr1=5.68e-04
09:00:26 INFO   e1 step  1300/5500  loss=0.7376  acc=0.5008  lr0=1.18e-05 lr1=5.91e-04
09:00:35 INFO   e1 step  1350/5500  loss=0.7382  acc=0.5016  lr0=1.23e-05 lr1=6.14e-04
09:00:44 INFO   e1 step  1400/5500  loss=0.7379  acc=0.5011  lr0=1.27e-05 lr1=6.36e-04
09:00:53 INFO   e1 step  1450/5500  loss=0.7385  acc=0.5009  lr0=1.32e-05 lr1=6.59e-04
09:01:02 INFO   e1 step  1500/5500  loss=0.7380  acc=0.5006  lr0=1.36e-05 lr1=6.82e-04
09:01:11 INFO   e1 step  1550/5500  loss=0.7371  acc=0.5017  lr0=1.41e-05 lr1=7.05e-04
09:01:20 INFO   e1 step  1600/5500  loss=0.7362  acc=0.5017  lr0=1.45e-05 lr1=7.27e-04
09:01:29 INFO   e1 step  1650/5500  loss=0.7358  acc=0.5022  lr0=1.50e-05 lr1=7.50e-04
09:01:38 INFO   e1 step  1700/5500  loss=0.7358  acc=0.5022  lr0=1.55e-05 lr1=7.73e-04
09:01:47 INFO   e1 step  1750/5500  loss=0.7355  acc=0.5018  lr0=1.59e-05 lr1=7.95e-04
09:01:55 INFO   e1 step  1800/5500  loss=0.7345  acc=0.5027  lr0=1.64e-05 lr1=8.18e-04
09:02:04 INFO   e1 step  1850/5500  loss=0.7354  acc=0.5030  lr0=1.68e-05 lr1=8.41e-04
09:02:13 INFO   e1 step  1900/5500  loss=0.7360  acc=0.5031  lr0=1.73e-05 lr1=8.64e-04
09:02:22 INFO   e1 step  1950/5500  loss=0.7358  acc=0.5036  lr0=1.77e-05 lr1=8.86e-04
09:02:31 INFO   e1 step  2000/5500  loss=0.7358  acc=0.5037  lr0=1.82e-05 lr1=9.09e-04
09:02:40 INFO   e1 step  2050/5500  loss=0.7353  acc=0.5045  lr0=1.86e-05 lr1=9.32e-04
09:02:49 INFO   e1 step  2100/5500  loss=0.7353  acc=0.5048  lr0=1.91e-05 lr1=9.55e-04
09:02:58 INFO   e1 step  2150/5500  loss=0.7350  acc=0.5047  lr0=1.95e-05 lr1=9.77e-04
09:03:07 INFO   e1 step  2200/5500  loss=0.7349  acc=0.5044  lr0=2.00e-05 lr1=1.00e-03
09:03:15 INFO   e1 step  2250/5500  loss=0.7345  acc=0.5038  lr0=1.99e-05 lr1=9.97e-04
09:03:24 INFO   e1 step  2300/5500  loss=0.7340  acc=0.5038  lr0=1.99e-05 lr1=9.95e-04
09:03:33 INFO   e1 step  2350/5500  loss=0.7334  acc=0.5040  lr0=1.98e-05 lr1=9.92e-04
09:03:42 INFO   e1 step  2400/5500  loss=0.7330  acc=0.5037  lr0=1.98e-05 lr1=9.90e-04
09:03:51 INFO   e1 step  2450/5500  loss=0.7328  acc=0.5038  lr0=1.97e-05 lr1=9.87e-04
09:04:00 INFO   e1 step  2500/5500  loss=0.7325  acc=0.5039  lr0=1.97e-05 lr1=9.85e-04
09:04:09 INFO   e1 step  2550/5500  loss=0.7322  acc=0.5033  lr0=1.96e-05 lr1=9.82e-04
09:04:18 INFO   e1 step  2600/5500  loss=0.7321  acc=0.5037  lr0=1.96e-05 lr1=9.80e-04
09:04:27 INFO   e1 step  2650/5500  loss=0.7317  acc=0.5035  lr0=1.95e-05 lr1=9.77e-04
09:04:36 INFO   e1 step  2700/5500  loss=0.7312  acc=0.5036  lr0=1.95e-05 lr1=9.75e-04
09:04:44 INFO   e1 step  2750/5500  loss=0.7310  acc=0.5039  lr0=1.94e-05 lr1=9.72e-04
09:04:53 INFO   e1 step  2800/5500  loss=0.7309  acc=0.5035  lr0=1.94e-05 lr1=9.70e-04
09:05:02 INFO   e1 step  2850/5500  loss=0.7305  acc=0.5037  lr0=1.93e-05 lr1=9.67e-04
09:05:11 INFO   e1 step  2900/5500  loss=0.7301  acc=0.5034  lr0=1.93e-05 lr1=9.65e-04
09:05:20 INFO   e1 step  2950/5500  loss=0.7303  acc=0.5031  lr0=1.92e-05 lr1=9.62e-04
09:05:29 INFO   e1 step  3000/5500  loss=0.7299  acc=0.5032  lr0=1.92e-05 lr1=9.60e-04
09:05:38 INFO   e1 step  3050/5500  loss=0.7303  acc=0.5032  lr0=1.91e-05 lr1=9.57e-04
09:05:47 INFO   e1 step  3100/5500  loss=0.7298  acc=0.5034  lr0=1.91e-05 lr1=9.55e-04
09:05:56 INFO   e1 step  3150/5500  loss=0.7295  acc=0.5033  lr0=1.90e-05 lr1=9.52e-04
09:06:05 INFO   e1 step  3200/5500  loss=0.7291  acc=0.5035  lr0=1.90e-05 lr1=9.49e-04
09:06:14 INFO   e1 step  3250/5500  loss=0.7289  acc=0.5035  lr0=1.89e-05 lr1=9.47e-04
09:06:22 INFO   e1 step  3300/5500  loss=0.7285  acc=0.5032  lr0=1.89e-05 lr1=9.44e-04
09:06:31 INFO   e1 step  3350/5500  loss=0.7283  acc=0.5032  lr0=1.88e-05 lr1=9.42e-04
09:06:40 INFO   e1 step  3400/5500  loss=0.7282  acc=0.5028  lr0=1.88e-05 lr1=9.39e-04
09:06:49 INFO   e1 step  3450/5500  loss=0.7280  acc=0.5030  lr0=1.87e-05 lr1=9.37e-04
09:06:58 INFO   e1 step  3500/5500  loss=0.7279  acc=0.5029  lr0=1.87e-05 lr1=9.34e-04
09:07:07 INFO   e1 step  3550/5500  loss=0.7276  acc=0.5028  lr0=1.86e-05 lr1=9.32e-04
09:07:16 INFO   e1 step  3600/5500  loss=0.7275  acc=0.5030  lr0=1.86e-05 lr1=9.29e-04
09:07:25 INFO   e1 step  3650/5500  loss=0.7273  acc=0.5035  lr0=1.85e-05 lr1=9.27e-04
09:07:34 INFO   e1 step  3700/5500  loss=0.7273  acc=0.5032  lr0=1.85e-05 lr1=9.24e-04
09:07:43 INFO   e1 step  3750/5500  loss=0.7270  acc=0.5032  lr0=1.84e-05 lr1=9.22e-04
09:07:52 INFO   e1 step  3800/5500  loss=0.7269  acc=0.5033  lr0=1.84e-05 lr1=9.19e-04
09:08:00 INFO   e1 step  3850/5500  loss=0.7267  acc=0.5033  lr0=1.83e-05 lr1=9.17e-04
09:08:09 INFO   e1 step  3900/5500  loss=0.7264  acc=0.5033  lr0=1.83e-05 lr1=9.14e-04
09:08:18 INFO   e1 step  3950/5500  loss=0.7265  acc=0.5030  lr0=1.82e-05 lr1=9.12e-04
09:08:27 INFO   e1 step  4000/5500  loss=0.7264  acc=0.5028  lr0=1.82e-05 lr1=9.09e-04
09:08:36 INFO   e1 step  4050/5500  loss=0.7260  acc=0.5030  lr0=1.81e-05 lr1=9.07e-04
09:08:45 INFO   e1 step  4100/5500  loss=0.7258  acc=0.5031  lr0=1.81e-05 lr1=9.04e-04
09:08:54 INFO   e1 step  4150/5500  loss=0.7257  acc=0.5030  lr0=1.80e-05 lr1=9.02e-04
09:09:03 INFO   e1 step  4200/5500  loss=0.7256  acc=0.5027  lr0=1.80e-05 lr1=8.99e-04
09:09:12 INFO   e1 step  4250/5500  loss=0.7253  acc=0.5026  lr0=1.79e-05 lr1=8.96e-04
09:09:21 INFO   e1 step  4300/5500  loss=0.7251  acc=0.5025  lr0=1.79e-05 lr1=8.94e-04
09:09:30 INFO   e1 step  4350/5500  loss=0.7249  acc=0.5026  lr0=1.78e-05 lr1=8.91e-04
09:09:39 INFO   e1 step  4400/5500  loss=0.7250  acc=0.5026  lr0=1.78e-05 lr1=8.89e-04
09:09:48 INFO   e1 step  4450/5500  loss=0.7248  acc=0.5028  lr0=1.77e-05 lr1=8.86e-04
09:09:57 INFO   e1 step  4500/5500  loss=0.7246  acc=0.5026  lr0=1.77e-05 lr1=8.84e-04
09:10:05 INFO   e1 step  4550/5500  loss=0.7243  acc=0.5031  lr0=1.76e-05 lr1=8.81e-04
09:10:14 INFO   e1 step  4600/5500  loss=0.7242  acc=0.5032  lr0=1.76e-05 lr1=8.79e-04
09:10:23 INFO   e1 step  4650/5500  loss=0.7240  acc=0.5031  lr0=1.75e-05 lr1=8.76e-04
09:10:32 INFO   e1 step  4700/5500  loss=0.7238  acc=0.5031  lr0=1.75e-05 lr1=8.74e-04
09:10:41 INFO   e1 step  4750/5500  loss=0.7237  acc=0.5035  lr0=1.74e-05 lr1=8.71e-04
09:10:50 INFO   e1 step  4800/5500  loss=0.7236  acc=0.5036  lr0=1.74e-05 lr1=8.69e-04
09:10:59 INFO   e1 step  4850/5500  loss=0.7234  acc=0.5036  lr0=1.73e-05 lr1=8.66e-04
09:11:08 INFO   e1 step  4900/5500  loss=0.7233  acc=0.5035  lr0=1.73e-05 lr1=8.64e-04
09:11:17 INFO   e1 step  4950/5500  loss=0.7234  acc=0.5030  lr0=1.72e-05 lr1=8.61e-04
09:11:26 INFO   e1 step  5000/5500  loss=0.7233  acc=0.5028  lr0=1.72e-05 lr1=8.59e-04
09:11:34 INFO   e1 step  5050/5500  loss=0.7230  acc=0.5028  lr0=1.71e-05 lr1=8.56e-04
09:11:43 INFO   e1 step  5100/5500  loss=0.7230  acc=0.5026  lr0=1.71e-05 lr1=8.54e-04
09:11:52 INFO   e1 step  5150/5500  loss=0.7229  acc=0.5024  lr0=1.70e-05 lr1=8.51e-04
09:12:01 INFO   e1 step  5200/5500  loss=0.7228  acc=0.5022  lr0=1.70e-05 lr1=8.48e-04
09:12:10 INFO   e1 step  5250/5500  loss=0.7227  acc=0.5020  lr0=1.69e-05 lr1=8.46e-04
09:12:19 INFO   e1 step  5300/5500  loss=0.7225  acc=0.5021  lr0=1.69e-05 lr1=8.43e-04
09:12:28 INFO   e1 step  5350/5500  loss=0.7224  acc=0.5020  lr0=1.68e-05 lr1=8.41e-04
09:12:37 INFO   e1 step  5400/5500  loss=0.7222  acc=0.5020  lr0=1.68e-05 lr1=8.38e-04
09:12:46 INFO   e1 step  5450/5500  loss=0.7221  acc=0.5019  lr0=1.67e-05 lr1=8.36e-04
09:12:55 INFO   e1 step  5500/5500  loss=0.7219  acc=0.5019  lr0=1.67e-05 lr1=8.33e-04
09:13:23 INFO [epoch 1] train_loss=0.7219 train_acc=0.5019  val_loss=0.7032 val_acc=0.4966 val_auc=0.4997  elapsed=1008.5s
09:13:25 INFO   saved best.pt  val_acc=0.4966
09:13:34 INFO   e2 step    50/5500  loss=0.7060  acc=0.4988  lr0=1.66e-05 lr1=8.31e-04
09:13:43 INFO   e2 step   100/5500  loss=0.7107  acc=0.4950  lr0=1.66e-05 lr1=8.28e-04
09:13:52 INFO   e2 step   150/5500  loss=0.7073  acc=0.4992  lr0=1.65e-05 lr1=8.26e-04
09:14:01 INFO   e2 step   200/5500  loss=0.7083  acc=0.5003  lr0=1.65e-05 lr1=8.23e-04
09:14:09 INFO   e2 step   250/5500  loss=0.7098  acc=0.4990  lr0=1.64e-05 lr1=8.21e-04
09:14:18 INFO   e2 step   300/5500  loss=0.7113  acc=0.5015  lr0=1.64e-05 lr1=8.18e-04
09:14:27 INFO   e2 step   350/5500  loss=0.7113  acc=0.5023  lr0=1.63e-05 lr1=8.16e-04
09:14:36 INFO   e2 step   400/5500  loss=0.7107  acc=0.5064  lr0=1.63e-05 lr1=8.13e-04
09:14:45 INFO   e2 step   450/5500  loss=0.7090  acc=0.5089  lr0=1.62e-05 lr1=8.11e-04
09:14:54 INFO   e2 step   500/5500  loss=0.7102  acc=0.5071  lr0=1.62e-05 lr1=8.08e-04
09:15:03 INFO   e2 step   550/5500  loss=0.7099  acc=0.5070  lr0=1.61e-05 lr1=8.06e-04
09:15:12 INFO   e2 step   600/5500  loss=0.7092  acc=0.5086  lr0=1.61e-05 lr1=8.03e-04
09:15:21 INFO   e2 step   650/5500  loss=0.7087  acc=0.5085  lr0=1.60e-05 lr1=8.01e-04
09:15:30 INFO   e2 step   700/5500  loss=0.7081  acc=0.5088  lr0=1.60e-05 lr1=7.98e-04
09:15:39 INFO   e2 step   750/5500  loss=0.7082  acc=0.5057  lr0=1.59e-05 lr1=7.95e-04
09:15:47 INFO   e2 step   800/5500  loss=0.7082  acc=0.5051  lr0=1.59e-05 lr1=7.93e-04
09:15:56 INFO   e2 step   850/5500  loss=0.7080  acc=0.5043  lr0=1.58e-05 lr1=7.90e-04
09:16:05 INFO   e2 step   900/5500  loss=0.7080  acc=0.5040  lr0=1.58e-05 lr1=7.88e-04
09:16:14 INFO   e2 step   950/5500  loss=0.7092  acc=0.5020  lr0=1.57e-05 lr1=7.85e-04
09:16:23 INFO   e2 step  1000/5500  loss=0.7092  acc=0.5014  lr0=1.57e-05 lr1=7.83e-04
09:16:32 INFO   e2 step  1050/5500  loss=0.7091  acc=0.5009  lr0=1.56e-05 lr1=7.80e-04
09:16:41 INFO   e2 step  1100/5500  loss=0.7089  acc=0.5007  lr0=1.56e-05 lr1=7.78e-04
09:16:50 INFO   e2 step  1150/5500  loss=0.7085  acc=0.5012  lr0=1.55e-05 lr1=7.75e-04
09:16:59 INFO   e2 step  1200/5500  loss=0.7084  acc=0.5014  lr0=1.55e-05 lr1=7.73e-04
09:17:08 INFO   e2 step  1250/5500  loss=0.7084  acc=0.5014  lr0=1.54e-05 lr1=7.70e-04
09:17:17 INFO   e2 step  1300/5500  loss=0.7083  acc=0.5009  lr0=1.54e-05 lr1=7.68e-04
09:17:26 INFO   e2 step  1350/5500  loss=0.7087  acc=0.5005  lr0=1.53e-05 lr1=7.65e-04
09:17:35 INFO   e2 step  1400/5500  loss=0.7088  acc=0.5000  lr0=1.53e-05 lr1=7.63e-04
09:17:43 INFO   e2 step  1450/5500  loss=0.7087  acc=0.4999  lr0=1.52e-05 lr1=7.60e-04
09:17:52 INFO   e2 step  1500/5500  loss=0.7085  acc=0.5003  lr0=1.52e-05 lr1=7.58e-04
09:18:01 INFO   e2 step  1550/5500  loss=0.7091  acc=0.4998  lr0=1.51e-05 lr1=7.55e-04
09:18:10 INFO   e2 step  1600/5500  loss=0.7089  acc=0.5007  lr0=1.51e-05 lr1=7.53e-04
09:18:19 INFO   e2 step  1650/5500  loss=0.7092  acc=0.5002  lr0=1.50e-05 lr1=7.50e-04
09:18:28 INFO   e2 step  1700/5500  loss=0.7090  acc=0.5005  lr0=1.49e-05 lr1=7.47e-04
09:18:37 INFO   e2 step  1750/5500  loss=0.7090  acc=0.5001  lr0=1.49e-05 lr1=7.45e-04
09:18:46 INFO   e2 step  1800/5500  loss=0.7088  acc=0.5011  lr0=1.48e-05 lr1=7.42e-04
09:18:55 INFO   e2 step  1850/5500  loss=0.7088  acc=0.5010  lr0=1.48e-05 lr1=7.40e-04
09:19:04 INFO   e2 step  1900/5500  loss=0.7086  acc=0.5005  lr0=1.47e-05 lr1=7.37e-04
09:19:12 INFO   e2 step  1950/5500  loss=0.7088  acc=0.4995  lr0=1.47e-05 lr1=7.35e-04
09:19:21 INFO   e2 step  2000/5500  loss=0.7089  acc=0.4989  lr0=1.46e-05 lr1=7.32e-04
09:19:30 INFO   e2 step  2050/5500  loss=0.7088  acc=0.4991  lr0=1.46e-05 lr1=7.30e-04
09:19:39 INFO   e2 step  2100/5500  loss=0.7085  acc=0.4993  lr0=1.45e-05 lr1=7.27e-04
09:19:48 INFO   e2 step  2150/5500  loss=0.7083  acc=0.4991  lr0=1.45e-05 lr1=7.25e-04
09:19:57 INFO   e2 step  2200/5500  loss=0.7083  acc=0.4988  lr0=1.44e-05 lr1=7.22e-04
09:20:06 INFO   e2 step  2250/5500  loss=0.7086  acc=0.4984  lr0=1.44e-05 lr1=7.20e-04
09:20:15 INFO   e2 step  2300/5500  loss=0.7084  acc=0.4988  lr0=1.43e-05 lr1=7.17e-04
09:20:24 INFO   e2 step  2350/5500  loss=0.7086  acc=0.4990  lr0=1.43e-05 lr1=7.15e-04
09:20:33 INFO   e2 step  2400/5500  loss=0.7087  acc=0.4985  lr0=1.42e-05 lr1=7.12e-04
09:20:42 INFO   e2 step  2450/5500  loss=0.7086  acc=0.4984  lr0=1.42e-05 lr1=7.10e-04
09:20:51 INFO   e2 step  2500/5500  loss=0.7085  acc=0.4983  lr0=1.41e-05 lr1=7.07e-04
09:20:59 INFO   e2 step  2550/5500  loss=0.7085  acc=0.4983  lr0=1.41e-05 lr1=7.05e-04
09:21:08 INFO   e2 step  2600/5500  loss=0.7083  acc=0.4984  lr0=1.40e-05 lr1=7.02e-04
09:21:17 INFO   e2 step  2650/5500  loss=0.7081  acc=0.4992  lr0=1.40e-05 lr1=6.99e-04
09:21:26 INFO   e2 step  2700/5500  loss=0.7080  acc=0.4994  lr0=1.39e-05 lr1=6.97e-04
09:21:35 INFO   e2 step  2750/5500  loss=0.7079  acc=0.4998  lr0=1.39e-05 lr1=6.94e-04
09:21:44 INFO   e2 step  2800/5500  loss=0.7079  acc=0.4990  lr0=1.38e-05 lr1=6.92e-04
09:21:53 INFO   e2 step  2850/5500  loss=0.7079  acc=0.4990  lr0=1.38e-05 lr1=6.89e-04
09:22:02 INFO   e2 step  2900/5500  loss=0.7080  acc=0.4993  lr0=1.37e-05 lr1=6.87e-04
09:22:11 INFO   e2 step  2950/5500  loss=0.7080  acc=0.4993  lr0=1.37e-05 lr1=6.84e-04
09:22:20 INFO   e2 step  3000/5500  loss=0.7078  acc=0.5000  lr0=1.36e-05 lr1=6.82e-04
09:22:29 INFO   e2 step  3050/5500  loss=0.7077  acc=0.4999  lr0=1.36e-05 lr1=6.79e-04
09:22:38 INFO   e2 step  3100/5500  loss=0.7075  acc=0.5004  lr0=1.35e-05 lr1=6.77e-04
09:22:46 INFO   e2 step  3150/5500  loss=0.7074  acc=0.5003  lr0=1.35e-05 lr1=6.74e-04
09:22:55 INFO   e2 step  3200/5500  loss=0.7074  acc=0.5003  lr0=1.34e-05 lr1=6.72e-04
09:23:04 INFO   e2 step  3250/5500  loss=0.7073  acc=0.5004  lr0=1.34e-05 lr1=6.69e-04
09:23:13 INFO   e2 step  3300/5500  loss=0.7072  acc=0.5004  lr0=1.33e-05 lr1=6.67e-04
09:23:22 INFO   e2 step  3350/5500  loss=0.7072  acc=0.5000  lr0=1.33e-05 lr1=6.64e-04
09:23:31 INFO   e2 step  3400/5500  loss=0.7073  acc=0.5000  lr0=1.32e-05 lr1=6.62e-04
09:23:40 INFO   e2 step  3450/5500  loss=0.7072  acc=0.5002  lr0=1.32e-05 lr1=6.59e-04
09:23:49 INFO   e2 step  3500/5500  loss=0.7072  acc=0.5003  lr0=1.31e-05 lr1=6.57e-04
09:23:58 INFO   e2 step  3550/5500  loss=0.7071  acc=0.5005  lr0=1.31e-05 lr1=6.54e-04
09:24:07 INFO   e2 step  3600/5500  loss=0.7071  acc=0.5006  lr0=1.30e-05 lr1=6.52e-04
09:24:15 INFO   e2 step  3650/5500  loss=0.7071  acc=0.5005  lr0=1.30e-05 lr1=6.49e-04
09:24:24 INFO   e2 step  3700/5500  loss=0.7069  acc=0.5006  lr0=1.29e-05 lr1=6.46e-04
09:24:33 INFO   e2 step  3750/5500  loss=0.7068  acc=0.5006  lr0=1.29e-05 lr1=6.44e-04
09:24:42 INFO   e2 step  3800/5500  loss=0.7068  acc=0.5006  lr0=1.28e-05 lr1=6.41e-04
09:24:51 INFO   e2 step  3850/5500  loss=0.7067  acc=0.5006  lr0=1.28e-05 lr1=6.39e-04
09:25:00 INFO   e2 step  3900/5500  loss=0.7067  acc=0.5004  lr0=1.27e-05 lr1=6.36e-04
09:25:09 INFO   e2 step  3950/5500  loss=0.7067  acc=0.5004  lr0=1.27e-05 lr1=6.34e-04
09:25:18 INFO   e2 step  4000/5500  loss=0.7065  acc=0.5008  lr0=1.26e-05 lr1=6.31e-04
09:25:27 INFO   e2 step  4050/5500  loss=0.7065  acc=0.5006  lr0=1.26e-05 lr1=6.29e-04
09:25:36 INFO   e2 step  4100/5500  loss=0.7065  acc=0.5006  lr0=1.25e-05 lr1=6.26e-04
09:25:44 INFO   e2 step  4150/5500  loss=0.7064  acc=0.5005  lr0=1.25e-05 lr1=6.24e-04
09:25:53 INFO   e2 step  4200/5500  loss=0.7064  acc=0.5006  lr0=1.24e-05 lr1=6.21e-04
09:26:02 INFO   e2 step  4250/5500  loss=0.7064  acc=0.5005  lr0=1.24e-05 lr1=6.19e-04
09:26:11 INFO   e2 step  4300/5500  loss=0.7063  acc=0.5004  lr0=1.23e-05 lr1=6.16e-04
09:26:20 INFO   e2 step  4350/5500  loss=0.7063  acc=0.5003  lr0=1.23e-05 lr1=6.14e-04
09:26:29 INFO   e2 step  4400/5500  loss=0.7063  acc=0.5001  lr0=1.22e-05 lr1=6.11e-04
09:26:38 INFO   e2 step  4450/5500  loss=0.7063  acc=0.4996  lr0=1.22e-05 lr1=6.09e-04
09:26:47 INFO   e2 step  4500/5500  loss=0.7064  acc=0.4992  lr0=1.21e-05 lr1=6.06e-04
09:26:56 INFO   e2 step  4550/5500  loss=0.7063  acc=0.4992  lr0=1.21e-05 lr1=6.04e-04
09:27:05 INFO   e2 step  4600/5500  loss=0.7063  acc=0.4991  lr0=1.20e-05 lr1=6.01e-04
09:27:14 INFO   e2 step  4650/5500  loss=0.7063  acc=0.4992  lr0=1.20e-05 lr1=5.98e-04
09:27:23 INFO   e2 step  4700/5500  loss=0.7063  acc=0.4991  lr0=1.19e-05 lr1=5.96e-04
09:27:32 INFO   e2 step  4750/5500  loss=0.7061  acc=0.4994  lr0=1.19e-05 lr1=5.93e-04
09:27:40 INFO   e2 step  4800/5500  loss=0.7060  acc=0.4995  lr0=1.18e-05 lr1=5.91e-04
09:27:49 INFO   e2 step  4850/5500  loss=0.7059  acc=0.4995  lr0=1.18e-05 lr1=5.88e-04
09:27:58 INFO   e2 step  4900/5500  loss=0.7059  acc=0.4994  lr0=1.17e-05 lr1=5.86e-04
09:28:07 INFO   e2 step  4950/5500  loss=0.7058  acc=0.4995  lr0=1.17e-05 lr1=5.83e-04
09:28:16 INFO   e2 step  5000/5500  loss=0.7058  acc=0.4997  lr0=1.16e-05 lr1=5.81e-04
09:28:25 INFO   e2 step  5050/5500  loss=0.7057  acc=0.4998  lr0=1.16e-05 lr1=5.78e-04
09:28:34 INFO   e2 step  5100/5500  loss=0.7056  acc=0.4999  lr0=1.15e-05 lr1=5.76e-04
09:28:43 INFO   e2 step  5150/5500  loss=0.7056  acc=0.4998  lr0=1.15e-05 lr1=5.73e-04
09:28:52 INFO   e2 step  5200/5500  loss=0.7055  acc=0.4997  lr0=1.14e-05 lr1=5.71e-04
09:29:01 INFO   e2 step  5250/5500  loss=0.7055  acc=0.4993  lr0=1.14e-05 lr1=5.68e-04
09:29:10 INFO   e2 step  5300/5500  loss=0.7055  acc=0.4992  lr0=1.13e-05 lr1=5.66e-04
09:29:19 INFO   e2 step  5350/5500  loss=0.7054  acc=0.4990  lr0=1.13e-05 lr1=5.63e-04
09:29:28 INFO   e2 step  5400/5500  loss=0.7053  acc=0.4989  lr0=1.12e-05 lr1=5.61e-04
09:29:37 INFO   e2 step  5450/5500  loss=0.7053  acc=0.4991  lr0=1.12e-05 lr1=5.58e-04
09:29:46 INFO   e2 step  5500/5500  loss=0.7053  acc=0.4990  lr0=1.11e-05 lr1=5.56e-04
09:30:14 INFO [epoch 2] train_loss=0.7053 train_acc=0.4990  val_loss=0.6944 val_acc=0.4966 val_auc=0.5000  elapsed=1009.6s
09:30:23 INFO   e3 step    50/5500  loss=0.7048  acc=0.4800  lr0=1.11e-05 lr1=5.53e-04
09:30:32 INFO   e3 step   100/5500  loss=0.7001  acc=0.4975  lr0=1.10e-05 lr1=5.51e-04
09:30:41 INFO   e3 step   150/5500  loss=0.6994  acc=0.5012  lr0=1.10e-05 lr1=5.48e-04
09:30:50 INFO   e3 step   200/5500  loss=0.7002  acc=0.4994  lr0=1.09e-05 lr1=5.45e-04
09:30:59 INFO   e3 step   250/5500  loss=0.6991  acc=0.5032  lr0=1.09e-05 lr1=5.43e-04
09:31:08 INFO   e3 step   300/5500  loss=0.6996  acc=0.5040  lr0=1.08e-05 lr1=5.40e-04
09:31:17 INFO   e3 step   350/5500  loss=0.6996  acc=0.5050  lr0=1.08e-05 lr1=5.38e-04
09:31:26 INFO   e3 step   400/5500  loss=0.6997  acc=0.5069  lr0=1.07e-05 lr1=5.35e-04
09:31:35 INFO   e3 step   450/5500  loss=0.6998  acc=0.5047  lr0=1.07e-05 lr1=5.33e-04
09:31:44 INFO   e3 step   500/5500  loss=0.6993  acc=0.5064  lr0=1.06e-05 lr1=5.30e-04
09:31:53 INFO   e3 step   550/5500  loss=0.7004  acc=0.5031  lr0=1.06e-05 lr1=5.28e-04
09:32:02 INFO   e3 step   600/5500  loss=0.7001  acc=0.5027  lr0=1.05e-05 lr1=5.25e-04
09:32:11 INFO   e3 step   650/5500  loss=0.7001  acc=0.5016  lr0=1.05e-05 lr1=5.23e-04
09:32:20 INFO   e3 step   700/5500  loss=0.7001  acc=0.5004  lr0=1.04e-05 lr1=5.20e-04
09:32:28 INFO   e3 step   750/5500  loss=0.6999  acc=0.5003  lr0=1.04e-05 lr1=5.18e-04
09:32:37 INFO   e3 step   800/5500  loss=0.6994  acc=0.5036  lr0=1.03e-05 lr1=5.15e-04
09:32:46 INFO   e3 step   850/5500  loss=0.6999  acc=0.5016  lr0=1.03e-05 lr1=5.13e-04
09:32:55 INFO   e3 step   900/5500  loss=0.7000  acc=0.4997  lr0=1.02e-05 lr1=5.10e-04
09:33:04 INFO   e3 step   950/5500  loss=0.6999  acc=0.4994  lr0=1.02e-05 lr1=5.08e-04
09:33:13 INFO   e3 step  1000/5500  loss=0.6998  acc=0.4999  lr0=1.01e-05 lr1=5.05e-04
09:33:22 INFO   e3 step  1050/5500  loss=0.6999  acc=0.4992  lr0=1.01e-05 lr1=5.03e-04
09:33:31 INFO   e3 step  1100/5500  loss=0.6997  acc=0.4993  lr0=1.00e-05 lr1=5.00e-04
09:33:40 INFO   e3 step  1150/5500  loss=0.6997  acc=0.5005  lr0=9.95e-06 lr1=4.97e-04
09:33:49 INFO   e3 step  1200/5500  loss=0.6998  acc=0.4988  lr0=9.90e-06 lr1=4.95e-04
09:33:58 INFO   e3 step  1250/5500  loss=0.6999  acc=0.4980  lr0=9.85e-06 lr1=4.92e-04
09:34:07 INFO   e3 step  1300/5500  loss=0.6999  acc=0.4985  lr0=9.80e-06 lr1=4.90e-04
09:34:15 INFO   e3 step  1350/5500  loss=0.6999  acc=0.4982  lr0=9.75e-06 lr1=4.87e-04
09:34:24 INFO   e3 step  1400/5500  loss=0.7001  acc=0.4976  lr0=9.70e-06 lr1=4.85e-04
09:34:33 INFO   e3 step  1450/5500  loss=0.7001  acc=0.4973  lr0=9.65e-06 lr1=4.82e-04
09:34:42 INFO   e3 step  1500/5500  loss=0.7000  acc=0.4972  lr0=9.60e-06 lr1=4.80e-04
09:34:51 INFO   e3 step  1550/5500  loss=0.7001  acc=0.4965  lr0=9.55e-06 lr1=4.77e-04
09:35:00 INFO   e3 step  1600/5500  loss=0.7000  acc=0.4971  lr0=9.49e-06 lr1=4.75e-04
09:35:09 INFO   e3 step  1650/5500  loss=0.7001  acc=0.4973  lr0=9.44e-06 lr1=4.72e-04
09:35:18 INFO   e3 step  1700/5500  loss=0.6998  acc=0.4981  lr0=9.39e-06 lr1=4.70e-04
09:35:27 INFO   e3 step  1750/5500  loss=0.7000  acc=0.4981  lr0=9.34e-06 lr1=4.67e-04
09:35:36 INFO   e3 step  1800/5500  loss=0.6999  acc=0.4988  lr0=9.29e-06 lr1=4.65e-04
09:35:45 INFO   e3 step  1850/5500  loss=0.6996  acc=0.4997  lr0=9.24e-06 lr1=4.62e-04
09:35:54 INFO   e3 step  1900/5500  loss=0.6999  acc=0.4995  lr0=9.19e-06 lr1=4.60e-04
09:36:02 INFO   e3 step  1950/5500  loss=0.7000  acc=0.4997  lr0=9.14e-06 lr1=4.57e-04
09:36:11 INFO   e3 step  2000/5500  loss=0.6999  acc=0.4998  lr0=9.09e-06 lr1=4.55e-04
09:36:20 INFO   e3 step  2050/5500  loss=0.6997  acc=0.5004  lr0=9.04e-06 lr1=4.52e-04
09:36:29 INFO   e3 step  2100/5500  loss=0.6998  acc=0.5004  lr0=8.99e-06 lr1=4.49e-04
09:36:38 INFO   e3 step  2150/5500  loss=0.6998  acc=0.4998  lr0=8.94e-06 lr1=4.47e-04
09:36:47 INFO   e3 step  2200/5500  loss=0.6998  acc=0.4997  lr0=8.89e-06 lr1=4.44e-04
09:36:56 INFO   e3 step  2250/5500  loss=0.6998  acc=0.4997  lr0=8.84e-06 lr1=4.42e-04
09:37:05 INFO   e3 step  2300/5500  loss=0.6998  acc=0.4995  lr0=8.79e-06 lr1=4.39e-04
09:37:14 INFO   e3 step  2350/5500  loss=0.6998  acc=0.4997  lr0=8.74e-06 lr1=4.37e-04
09:37:23 INFO   e3 step  2400/5500  loss=0.6999  acc=0.4993  lr0=8.69e-06 lr1=4.34e-04
09:37:32 INFO   e3 step  2450/5500  loss=0.6998  acc=0.4996  lr0=8.64e-06 lr1=4.32e-04
09:37:40 INFO   e3 step  2500/5500  loss=0.6998  acc=0.4989  lr0=8.59e-06 lr1=4.29e-04
09:37:49 INFO   e3 step  2550/5500  loss=0.6998  acc=0.4987  lr0=8.54e-06 lr1=4.27e-04
09:37:58 INFO   e3 step  2600/5500  loss=0.6999  acc=0.4984  lr0=8.48e-06 lr1=4.24e-04
09:38:07 INFO   e3 step  2650/5500  loss=0.6999  acc=0.4980  lr0=8.43e-06 lr1=4.22e-04
09:38:16 INFO   e3 step  2700/5500  loss=0.7000  acc=0.4979  lr0=8.38e-06 lr1=4.19e-04
09:38:25 INFO   e3 step  2750/5500  loss=0.7000  acc=0.4978  lr0=8.33e-06 lr1=4.17e-04
09:38:34 INFO   e3 step  2800/5500  loss=0.7000  acc=0.4975  lr0=8.28e-06 lr1=4.14e-04
09:38:43 INFO   e3 step  2850/5500  loss=0.6999  acc=0.4974  lr0=8.23e-06 lr1=4.12e-04
09:38:52 INFO   e3 step  2900/5500  loss=0.6999  acc=0.4969  lr0=8.18e-06 lr1=4.09e-04
09:39:01 INFO   e3 step  2950/5500  loss=0.6999  acc=0.4971  lr0=8.13e-06 lr1=4.07e-04
09:39:09 INFO   e3 step  3000/5500  loss=0.6999  acc=0.4972  lr0=8.08e-06 lr1=4.04e-04
09:39:18 INFO   e3 step  3050/5500  loss=0.6999  acc=0.4973  lr0=8.03e-06 lr1=4.02e-04
09:39:27 INFO   e3 step  3100/5500  loss=0.6998  acc=0.4972  lr0=7.98e-06 lr1=3.99e-04
09:39:36 INFO   e3 step  3150/5500  loss=0.6997  acc=0.4975  lr0=7.93e-06 lr1=3.96e-04
09:39:45 INFO   e3 step  3200/5500  loss=0.6997  acc=0.4978  lr0=7.88e-06 lr1=3.94e-04
09:39:54 INFO   e3 step  3250/5500  loss=0.6997  acc=0.4978  lr0=7.83e-06 lr1=3.91e-04
09:40:03 INFO   e3 step  3300/5500  loss=0.6999  acc=0.4974  lr0=7.78e-06 lr1=3.89e-04
09:40:12 INFO   e3 step  3350/5500  loss=0.7000  acc=0.4973  lr0=7.73e-06 lr1=3.86e-04
09:40:21 INFO   e3 step  3400/5500  loss=0.6999  acc=0.4979  lr0=7.68e-06 lr1=3.84e-04
09:40:30 INFO   e3 step  3450/5500  loss=0.7000  acc=0.4975  lr0=7.63e-06 lr1=3.81e-04
09:40:39 INFO   e3 step  3500/5500  loss=0.7000  acc=0.4975  lr0=7.58e-06 lr1=3.79e-04
09:40:48 INFO   e3 step  3550/5500  loss=0.6999  acc=0.4977  lr0=7.53e-06 lr1=3.76e-04
09:40:56 INFO   e3 step  3600/5500  loss=0.6999  acc=0.4979  lr0=7.47e-06 lr1=3.74e-04
09:41:05 INFO   e3 step  3650/5500  loss=0.6999  acc=0.4979  lr0=7.42e-06 lr1=3.71e-04
09:41:14 INFO   e3 step  3700/5500  loss=0.6998  acc=0.4983  lr0=7.37e-06 lr1=3.69e-04
09:41:23 INFO   e3 step  3750/5500  loss=0.6998  acc=0.4983  lr0=7.32e-06 lr1=3.66e-04
09:41:32 INFO   e3 step  3800/5500  loss=0.6997  acc=0.4984  lr0=7.27e-06 lr1=3.64e-04
09:41:41 INFO   e3 step  3850/5500  loss=0.6997  acc=0.4988  lr0=7.22e-06 lr1=3.61e-04
09:41:50 INFO   e3 step  3900/5500  loss=0.6997  acc=0.4986  lr0=7.17e-06 lr1=3.59e-04
09:41:59 INFO   e3 step  3950/5500  loss=0.6996  acc=0.4989  lr0=7.12e-06 lr1=3.56e-04
09:42:07 INFO   e3 step  4000/5500  loss=0.6996  acc=0.4991  lr0=7.07e-06 lr1=3.54e-04
09:42:16 INFO   e3 step  4050/5500  loss=0.6996  acc=0.4986  lr0=7.02e-06 lr1=3.51e-04
09:42:25 INFO   e3 step  4100/5500  loss=0.6996  acc=0.4984  lr0=6.97e-06 lr1=3.48e-04
09:42:34 INFO   e3 step  4150/5500  loss=0.6995  acc=0.4985  lr0=6.92e-06 lr1=3.46e-04
09:42:43 INFO   e3 step  4200/5500  loss=0.6995  acc=0.4986  lr0=6.87e-06 lr1=3.43e-04
09:42:52 INFO   e3 step  4250/5500  loss=0.6995  acc=0.4989  lr0=6.82e-06 lr1=3.41e-04
09:43:01 INFO   e3 step  4300/5500  loss=0.6994  acc=0.4992  lr0=6.77e-06 lr1=3.38e-04
09:43:10 INFO   e3 step  4350/5500  loss=0.6994  acc=0.4991  lr0=6.72e-06 lr1=3.36e-04
09:43:19 INFO   e3 step  4400/5500  loss=0.6994  acc=0.4993  lr0=6.67e-06 lr1=3.33e-04
09:43:28 INFO   e3 step  4450/5500  loss=0.6993  acc=0.4997  lr0=6.62e-06 lr1=3.31e-04
09:43:37 INFO   e3 step  4500/5500  loss=0.6993  acc=0.4999  lr0=6.57e-06 lr1=3.28e-04
09:43:45 INFO   e3 step  4550/5500  loss=0.6992  acc=0.5005  lr0=6.52e-06 lr1=3.26e-04
09:43:54 INFO   e3 step  4600/5500  loss=0.6991  acc=0.5007  lr0=6.46e-06 lr1=3.23e-04
09:44:03 INFO   e3 step  4650/5500  loss=0.6991  acc=0.5011  lr0=6.41e-06 lr1=3.21e-04
09:44:12 INFO   e3 step  4700/5500  loss=0.6991  acc=0.5008  lr0=6.36e-06 lr1=3.18e-04
09:44:21 INFO   e3 step  4750/5500  loss=0.6990  acc=0.5009  lr0=6.31e-06 lr1=3.16e-04
09:44:30 INFO   e3 step  4800/5500  loss=0.6990  acc=0.5008  lr0=6.26e-06 lr1=3.13e-04
09:44:39 INFO   e3 step  4850/5500  loss=0.6990  acc=0.5006  lr0=6.21e-06 lr1=3.11e-04
09:44:48 INFO   e3 step  4900/5500  loss=0.6990  acc=0.5003  lr0=6.16e-06 lr1=3.08e-04
09:44:57 INFO   e3 step  4950/5500  loss=0.6990  acc=0.5003  lr0=6.11e-06 lr1=3.06e-04
09:45:06 INFO   e3 step  5000/5500  loss=0.6990  acc=0.5002  lr0=6.06e-06 lr1=3.03e-04
09:45:15 INFO   e3 step  5050/5500  loss=0.6990  acc=0.5002  lr0=6.01e-06 lr1=3.01e-04
09:45:24 INFO   e3 step  5100/5500  loss=0.6990  acc=0.5002  lr0=5.96e-06 lr1=2.98e-04
09:45:33 INFO   e3 step  5150/5500  loss=0.6990  acc=0.5003  lr0=5.91e-06 lr1=2.95e-04
09:45:42 INFO   e3 step  5200/5500  loss=0.6989  acc=0.5003  lr0=5.86e-06 lr1=2.93e-04
09:45:50 INFO   e3 step  5250/5500  loss=0.6990  acc=0.5000  lr0=5.81e-06 lr1=2.90e-04
09:45:59 INFO   e3 step  5300/5500  loss=0.6989  acc=0.4998  lr0=5.76e-06 lr1=2.88e-04
09:46:08 INFO   e3 step  5350/5500  loss=0.6989  acc=0.4999  lr0=5.71e-06 lr1=2.85e-04
09:46:17 INFO   e3 step  5400/5500  loss=0.6989  acc=0.5001  lr0=5.66e-06 lr1=2.83e-04
09:46:26 INFO   e3 step  5450/5500  loss=0.6989  acc=0.5002  lr0=5.61e-06 lr1=2.80e-04
09:46:35 INFO   e3 step  5500/5500  loss=0.6989  acc=0.5003  lr0=5.56e-06 lr1=2.78e-04
09:47:04 INFO [epoch 3] train_loss=0.6989 train_acc=0.5003  val_loss=0.7067 val_acc=0.4966 val_auc=0.5000  elapsed=1009.4s
09:47:13 INFO   e4 step    50/5500  loss=0.6969  acc=0.5100  lr0=5.51e-06 lr1=2.75e-04
09:47:22 INFO   e4 step   100/5500  loss=0.6975  acc=0.5006  lr0=5.45e-06 lr1=2.73e-04
09:47:30 INFO   e4 step   150/5500  loss=0.6984  acc=0.4954  lr0=5.40e-06 lr1=2.70e-04
09:47:39 INFO   e4 step   200/5500  loss=0.6980  acc=0.4922  lr0=5.35e-06 lr1=2.68e-04
09:47:48 INFO   e4 step   250/5500  loss=0.6983  acc=0.4873  lr0=5.30e-06 lr1=2.65e-04
09:47:57 INFO   e4 step   300/5500  loss=0.6981  acc=0.4848  lr0=5.25e-06 lr1=2.63e-04
09:48:06 INFO   e4 step   350/5500  loss=0.6981  acc=0.4841  lr0=5.20e-06 lr1=2.60e-04
09:48:15 INFO   e4 step   400/5500  loss=0.6981  acc=0.4878  lr0=5.15e-06 lr1=2.58e-04
09:48:24 INFO   e4 step   450/5500  loss=0.6979  acc=0.4899  lr0=5.10e-06 lr1=2.55e-04
09:48:33 INFO   e4 step   500/5500  loss=0.6981  acc=0.4888  lr0=5.05e-06 lr1=2.53e-04
09:48:42 INFO   e4 step   550/5500  loss=0.6979  acc=0.4888  lr0=5.00e-06 lr1=2.50e-04
09:48:50 INFO   e4 step   600/5500  loss=0.6979  acc=0.4891  lr0=4.95e-06 lr1=2.47e-04
09:48:59 INFO   e4 step   650/5500  loss=0.6975  acc=0.4921  lr0=4.90e-06 lr1=2.45e-04
09:49:08 INFO   e4 step   700/5500  loss=0.6972  acc=0.4929  lr0=4.85e-06 lr1=2.42e-04
09:49:17 INFO   e4 step   750/5500  loss=0.6971  acc=0.4927  lr0=4.80e-06 lr1=2.40e-04
09:49:26 INFO   e4 step   800/5500  loss=0.6969  acc=0.4938  lr0=4.75e-06 lr1=2.37e-04
09:49:35 INFO   e4 step   850/5500  loss=0.6968  acc=0.4946  lr0=4.70e-06 lr1=2.35e-04
09:49:44 INFO   e4 step   900/5500  loss=0.6970  acc=0.4941  lr0=4.65e-06 lr1=2.32e-04
09:49:53 INFO   e4 step   950/5500  loss=0.6971  acc=0.4929  lr0=4.60e-06 lr1=2.30e-04
09:50:02 INFO   e4 step  1000/5500  loss=0.6970  acc=0.4938  lr0=4.55e-06 lr1=2.27e-04
09:50:10 INFO   e4 step  1050/5500  loss=0.6969  acc=0.4947  lr0=4.49e-06 lr1=2.25e-04
09:50:19 INFO   e4 step  1100/5500  loss=0.6968  acc=0.4953  lr0=4.44e-06 lr1=2.22e-04
09:50:28 INFO   e4 step  1150/5500  loss=0.6967  acc=0.4951  lr0=4.39e-06 lr1=2.20e-04
09:50:37 INFO   e4 step  1200/5500  loss=0.6967  acc=0.4944  lr0=4.34e-06 lr1=2.17e-04
09:50:46 INFO   e4 step  1250/5500  loss=0.6966  acc=0.4948  lr0=4.29e-06 lr1=2.15e-04
09:50:55 INFO   e4 step  1300/5500  loss=0.6966  acc=0.4954  lr0=4.24e-06 lr1=2.12e-04
09:51:04 INFO   e4 step  1350/5500  loss=0.6966  acc=0.4950  lr0=4.19e-06 lr1=2.10e-04
09:51:13 INFO   e4 step  1400/5500  loss=0.6965  acc=0.4957  lr0=4.14e-06 lr1=2.07e-04
09:51:22 INFO   e4 step  1450/5500  loss=0.6963  acc=0.4971  lr0=4.09e-06 lr1=2.05e-04
09:51:30 INFO   e4 step  1500/5500  loss=0.6962  acc=0.4972  lr0=4.04e-06 lr1=2.02e-04
09:51:39 INFO   e4 step  1550/5500  loss=0.6963  acc=0.4973  lr0=3.99e-06 lr1=1.99e-04
09:51:48 INFO   e4 step  1600/5500  loss=0.6963  acc=0.4977  lr0=3.94e-06 lr1=1.97e-04
09:51:57 INFO   e4 step  1650/5500  loss=0.6963  acc=0.4978  lr0=3.89e-06 lr1=1.94e-04
09:52:06 INFO   e4 step  1700/5500  loss=0.6963  acc=0.4981  lr0=3.84e-06 lr1=1.92e-04
09:52:15 INFO   e4 step  1750/5500  loss=0.6962  acc=0.4990  lr0=3.79e-06 lr1=1.89e-04
09:52:24 INFO   e4 step  1800/5500  loss=0.6962  acc=0.4994  lr0=3.74e-06 lr1=1.87e-04
09:52:33 INFO   e4 step  1850/5500  loss=0.6963  acc=0.4991  lr0=3.69e-06 lr1=1.84e-04
09:52:42 INFO   e4 step  1900/5500  loss=0.6962  acc=0.5001  lr0=3.64e-06 lr1=1.82e-04
09:52:50 INFO   e4 step  1950/5500  loss=0.6961  acc=0.5006  lr0=3.59e-06 lr1=1.79e-04
09:52:59 INFO   e4 step  2000/5500  loss=0.6960  acc=0.5012  lr0=3.54e-06 lr1=1.77e-04
09:53:08 INFO   e4 step  2050/5500  loss=0.6961  acc=0.5005  lr0=3.48e-06 lr1=1.74e-04
09:53:17 INFO   e4 step  2100/5500  loss=0.6960  acc=0.5000  lr0=3.43e-06 lr1=1.72e-04
09:53:26 INFO   e4 step  2150/5500  loss=0.6960  acc=0.4998  lr0=3.38e-06 lr1=1.69e-04
09:53:35 INFO   e4 step  2200/5500  loss=0.6960  acc=0.4996  lr0=3.33e-06 lr1=1.67e-04
09:53:44 INFO   e4 step  2250/5500  loss=0.6960  acc=0.4996  lr0=3.28e-06 lr1=1.64e-04
09:53:53 INFO   e4 step  2300/5500  loss=0.6960  acc=0.4995  lr0=3.23e-06 lr1=1.62e-04
09:54:02 INFO   e4 step  2350/5500  loss=0.6960  acc=0.4995  lr0=3.18e-06 lr1=1.59e-04
09:54:10 INFO   e4 step  2400/5500  loss=0.6960  acc=0.4996  lr0=3.13e-06 lr1=1.57e-04
09:54:19 INFO   e4 step  2450/5500  loss=0.6960  acc=0.4991  lr0=3.08e-06 lr1=1.54e-04
09:54:28 INFO   e4 step  2500/5500  loss=0.6959  acc=0.4995  lr0=3.03e-06 lr1=1.52e-04
09:54:37 INFO   e4 step  2550/5500  loss=0.6959  acc=0.4999  lr0=2.98e-06 lr1=1.49e-04
09:54:46 INFO   e4 step  2600/5500  loss=0.6960  acc=0.4998  lr0=2.93e-06 lr1=1.46e-04
09:54:55 INFO   e4 step  2650/5500  loss=0.6959  acc=0.5001  lr0=2.88e-06 lr1=1.44e-04
09:55:04 INFO   e4 step  2700/5500  loss=0.6960  acc=0.4998  lr0=2.83e-06 lr1=1.41e-04
09:55:13 INFO   e4 step  2750/5500  loss=0.6959  acc=0.5000  lr0=2.78e-06 lr1=1.39e-04
09:55:22 INFO   e4 step  2800/5500  loss=0.6959  acc=0.5002  lr0=2.73e-06 lr1=1.36e-04
09:55:31 INFO   e4 step  2850/5500  loss=0.6960  acc=0.4998  lr0=2.68e-06 lr1=1.34e-04
09:55:39 INFO   e4 step  2900/5500  loss=0.6960  acc=0.5002  lr0=2.63e-06 lr1=1.31e-04
09:55:48 INFO   e4 step  2950/5500  loss=0.6959  acc=0.5003  lr0=2.58e-06 lr1=1.29e-04
09:55:57 INFO   e4 step  3000/5500  loss=0.6959  acc=0.5004  lr0=2.53e-06 lr1=1.26e-04
09:56:06 INFO   e4 step  3050/5500  loss=0.6959  acc=0.5006  lr0=2.47e-06 lr1=1.24e-04
09:56:15 INFO   e4 step  3100/5500  loss=0.6958  acc=0.5009  lr0=2.42e-06 lr1=1.21e-04
09:56:24 INFO   e4 step  3150/5500  loss=0.6958  acc=0.5008  lr0=2.37e-06 lr1=1.19e-04
09:56:33 INFO   e4 step  3200/5500  loss=0.6958  acc=0.5012  lr0=2.32e-06 lr1=1.16e-04
09:56:42 INFO   e4 step  3250/5500  loss=0.6958  acc=0.5009  lr0=2.27e-06 lr1=1.14e-04
09:56:50 INFO   e4 step  3300/5500  loss=0.6959  acc=0.5003  lr0=2.22e-06 lr1=1.11e-04
09:56:59 INFO   e4 step  3350/5500  loss=0.6958  acc=0.5002  lr0=2.17e-06 lr1=1.09e-04
09:57:08 INFO   e4 step  3400/5500  loss=0.6958  acc=0.5000  lr0=2.12e-06 lr1=1.06e-04
09:57:17 INFO   e4 step  3450/5500  loss=0.6958  acc=0.5000  lr0=2.07e-06 lr1=1.04e-04
09:57:26 INFO   e4 step  3500/5500  loss=0.6958  acc=0.5004  lr0=2.02e-06 lr1=1.01e-04
09:57:35 INFO   e4 step  3550/5500  loss=0.6958  acc=0.5003  lr0=1.97e-06 lr1=9.85e-05
09:57:44 INFO   e4 step  3600/5500  loss=0.6958  acc=0.5006  lr0=1.92e-06 lr1=9.60e-05
09:57:53 INFO   e4 step  3650/5500  loss=0.6957  acc=0.5008  lr0=1.87e-06 lr1=9.34e-05
09:58:02 INFO   e4 step  3700/5500  loss=0.6958  acc=0.5007  lr0=1.82e-06 lr1=9.09e-05
09:58:10 INFO   e4 step  3750/5500  loss=0.6958  acc=0.5004  lr0=1.77e-06 lr1=8.84e-05
09:58:19 INFO   e4 step  3800/5500  loss=0.6957  acc=0.5007  lr0=1.72e-06 lr1=8.59e-05
09:58:28 INFO   e4 step  3850/5500  loss=0.6957  acc=0.5007  lr0=1.67e-06 lr1=8.33e-05
09:58:37 INFO   e4 step  3900/5500  loss=0.6957  acc=0.5008  lr0=1.62e-06 lr1=8.08e-05
09:58:46 INFO   e4 step  3950/5500  loss=0.6956  acc=0.5011  lr0=1.57e-06 lr1=7.83e-05
09:58:55 INFO   e4 step  4000/5500  loss=0.6956  acc=0.5012  lr0=1.52e-06 lr1=7.58e-05
09:59:04 INFO   e4 step  4050/5500  loss=0.6956  acc=0.5012  lr0=1.46e-06 lr1=7.32e-05
09:59:12 INFO   e4 step  4100/5500  loss=0.6956  acc=0.5012  lr0=1.41e-06 lr1=7.07e-05
09:59:21 INFO   e4 step  4150/5500  loss=0.6956  acc=0.5008  lr0=1.36e-06 lr1=6.82e-05
09:59:30 INFO   e4 step  4200/5500  loss=0.6956  acc=0.5006  lr0=1.31e-06 lr1=6.57e-05
09:59:39 INFO   e4 step  4250/5500  loss=0.6956  acc=0.5005  lr0=1.26e-06 lr1=6.31e-05
09:59:48 INFO   e4 step  4300/5500  loss=0.6956  acc=0.5005  lr0=1.21e-06 lr1=6.06e-05
09:59:57 INFO   e4 step  4350/5500  loss=0.6956  acc=0.5006  lr0=1.16e-06 lr1=5.81e-05
10:00:06 INFO   e4 step  4400/5500  loss=0.6955  acc=0.5007  lr0=1.11e-06 lr1=5.56e-05
10:00:14 INFO   e4 step  4450/5500  loss=0.6955  acc=0.5010  lr0=1.06e-06 lr1=5.30e-05
10:00:23 INFO   e4 step  4500/5500  loss=0.6955  acc=0.5014  lr0=1.01e-06 lr1=5.05e-05
10:00:32 INFO   e4 step  4550/5500  loss=0.6955  acc=0.5014  lr0=9.60e-07 lr1=4.80e-05
10:00:41 INFO   e4 step  4600/5500  loss=0.6954  acc=0.5018  lr0=9.09e-07 lr1=4.55e-05
10:00:50 INFO   e4 step  4650/5500  loss=0.6954  acc=0.5017  lr0=8.59e-07 lr1=4.29e-05
10:00:59 INFO   e4 step  4700/5500  loss=0.6954  acc=0.5014  lr0=8.08e-07 lr1=4.04e-05
10:01:08 INFO   e4 step  4750/5500  loss=0.6953  acc=0.5016  lr0=7.58e-07 lr1=3.79e-05
10:01:17 INFO   e4 step  4800/5500  loss=0.6953  acc=0.5017  lr0=7.07e-07 lr1=3.54e-05
10:01:26 INFO   e4 step  4850/5500  loss=0.6953  acc=0.5015  lr0=6.57e-07 lr1=3.28e-05
10:01:35 INFO   e4 step  4900/5500  loss=0.6953  acc=0.5014  lr0=6.06e-07 lr1=3.03e-05
10:01:43 INFO   e4 step  4950/5500  loss=0.6953  acc=0.5016  lr0=5.56e-07 lr1=2.78e-05
10:01:52 INFO   e4 step  5000/5500  loss=0.6953  acc=0.5015  lr0=5.05e-07 lr1=2.53e-05
10:02:01 INFO   e4 step  5050/5500  loss=0.6953  acc=0.5013  lr0=4.55e-07 lr1=2.27e-05
10:02:10 INFO   e4 step  5100/5500  loss=0.6953  acc=0.5013  lr0=4.04e-07 lr1=2.02e-05
10:02:19 INFO   e4 step  5150/5500  loss=0.6953  acc=0.5013  lr0=3.54e-07 lr1=1.77e-05
10:02:28 INFO   e4 step  5200/5500  loss=0.6953  acc=0.5013  lr0=3.03e-07 lr1=1.52e-05
10:02:37 INFO   e4 step  5250/5500  loss=0.6953  acc=0.5010  lr0=2.53e-07 lr1=1.26e-05
10:02:46 INFO   e4 step  5300/5500  loss=0.6953  acc=0.5009  lr0=2.02e-07 lr1=1.01e-05
10:02:55 INFO   e4 step  5350/5500  loss=0.6953  acc=0.5008  lr0=1.52e-07 lr1=7.58e-06
10:03:04 INFO   e4 step  5400/5500  loss=0.6953  acc=0.5008  lr0=1.01e-07 lr1=5.05e-06
10:03:12 INFO   e4 step  5450/5500  loss=0.6952  acc=0.5012  lr0=5.05e-08 lr1=2.53e-06
10:03:21 INFO   e4 step  5500/5500  loss=0.6952  acc=0.5014  lr0=0.00e+00 lr1=0.00e+00
10:03:50 INFO [epoch 4] train_loss=0.6952 train_acc=0.5014  val_loss=0.6932 val_acc=0.4966 val_auc=0.5000  elapsed=1006.3s
10:03:51 INFO loading best.pt for test eval
10:04:21 INFO [test] loss=0.7032  acc=0.4966  auc=0.4991  f1=0.0000
10:04:21 INFO [done] run_summary.json written to /mnt/localssd/crossencoder_sweep/runs/ajo_doc_not_tier1/e5-large-v2
