22:48:13 INFO run_dir=runs/classifier/new_aep_workflow_scrap
22:48:13 INFO device=cuda  bf16=True
22:48:13 INFO tokenizer <- BAAI/bge-base-en-v1.5
22:48:13 INFO max_seq_len=524 exceeds model cap 512; clamping to 512
22:48:13 INFO max_seq_len=512 (user-provided)
22:48:13 INFO loading datasets
22:48:13 INFO   train=13904  val=1676  test=1548
22:48:13 INFO building DirectionalClassifier on BAAI/bge-base-en-v1.5  head_cfg={'head_type': 'mlp', 'hidden_dims': [512, 128], 'dropout': 0.1, 'activation': 'gelu', 'norm': 'layer'}  n_tiers=0
22:48:15 INFO   hidden_size=768  trainable_params=220,611,073
22:48:15 INFO   total_steps=1305  warmup_steps=130
22:48:20 INFO   e1 step    50/435  loss=0.7877  acc=0.5281  lr0=7.69e-06 lr1=3.85e-04
22:48:25 INFO   e1 step   100/435  loss=0.7430  acc=0.5384  lr0=1.54e-05 lr1=7.69e-04
22:48:29 INFO   e1 step   150/435  loss=0.7250  acc=0.5454  lr0=1.97e-05 lr1=9.83e-04
22:48:34 INFO   e1 step   200/435  loss=0.7099  acc=0.5559  lr0=1.88e-05 lr1=9.40e-04
22:48:38 INFO   e1 step   250/435  loss=0.7033  acc=0.5584  lr0=1.80e-05 lr1=8.98e-04
22:48:43 INFO   e1 step   300/435  loss=0.6957  acc=0.5664  lr0=1.71e-05 lr1=8.55e-04
22:48:47 INFO   e1 step   350/435  loss=0.6884  acc=0.5737  lr0=1.63e-05 lr1=8.13e-04
22:48:52 INFO   e1 step   400/435  loss=0.6835  acc=0.5784  lr0=1.54e-05 lr1=7.70e-04
22:48:56 INFO [epoch 1] train_loss=0.6789 train_acc=0.5824  val_loss=0.6327 val_acc=0.6062 val_auc=0.6965  elapsed=41.4s
22:48:57 INFO   saved best.pt  val_acc=0.6062
22:49:02 INFO   e2 step    50/435  loss=0.5879  acc=0.6637  lr0=1.40e-05 lr1=6.98e-04
22:49:06 INFO   e2 step   100/435  loss=0.5679  acc=0.6847  lr0=1.31e-05 lr1=6.55e-04
22:49:11 INFO   e2 step   150/435  loss=0.5672  acc=0.6852  lr0=1.23e-05 lr1=6.13e-04
22:49:15 INFO   e2 step   200/435  loss=0.5642  acc=0.6869  lr0=1.14e-05 lr1=5.70e-04
22:49:20 INFO   e2 step   250/435  loss=0.5644  acc=0.6905  lr0=1.06e-05 lr1=5.28e-04
22:49:24 INFO   e2 step   300/435  loss=0.5639  acc=0.6883  lr0=9.70e-06 lr1=4.85e-04
22:49:28 INFO   e2 step   350/435  loss=0.5599  acc=0.6927  lr0=8.85e-06 lr1=4.43e-04
22:49:33 INFO   e2 step   400/435  loss=0.5586  acc=0.6919  lr0=8.00e-06 lr1=4.00e-04
22:49:37 INFO [epoch 2] train_loss=0.5581 train_acc=0.6924  val_loss=0.6288 val_acc=0.6605 val_auc=0.7399  elapsed=40.3s
22:49:39 INFO   saved best.pt  val_acc=0.6605
22:49:44 INFO   e3 step    50/435  loss=0.4602  acc=0.7794  lr0=6.55e-06 lr1=3.28e-04
22:49:48 INFO   e3 step   100/435  loss=0.4525  acc=0.7775  lr0=5.70e-06 lr1=2.85e-04
22:49:52 INFO   e3 step   150/435  loss=0.4461  acc=0.7781  lr0=4.85e-06 lr1=2.43e-04
22:49:57 INFO   e3 step   200/435  loss=0.4477  acc=0.7752  lr0=4.00e-06 lr1=2.00e-04
22:50:02 INFO   e3 step   250/435  loss=0.4496  acc=0.7740  lr0=3.15e-06 lr1=1.57e-04
22:50:06 INFO   e3 step   300/435  loss=0.4517  acc=0.7710  lr0=2.30e-06 lr1=1.15e-04
22:50:10 INFO   e3 step   350/435  loss=0.4492  acc=0.7721  lr0=1.45e-06 lr1=7.23e-05
22:50:15 INFO   e3 step   400/435  loss=0.4464  acc=0.7733  lr0=5.96e-07 lr1=2.98e-05
22:50:19 INFO [epoch 3] train_loss=0.4452 train_acc=0.7732  val_loss=0.6980 val_acc=0.6659 val_auc=0.7505  elapsed=40.6s
22:50:21 INFO   saved best.pt  val_acc=0.6659
22:50:22 INFO loading best.pt for test eval
22:50:23 INFO [test] loss=0.6617  acc=0.6802  auc=0.7559  f1=0.6758
22:50:23 INFO [test] per-tier-pair accuracy:
22:50:23 INFO         T0-T0  n= 1548  acc=0.6802
22:50:23 INFO [done] results in runs/classifier/new_aep_workflow_scrap
