21:26:30 INFO run_dir=runs/crossencoder2x/ce2x_org  device=cuda  bf16=True
21:26:30 INFO tokenizer <- google-bert/bert-base-uncased
21:26:30 INFO scanning max joint token length across all splits …
21:27:41 INFO   observed max=512  -> max_seq_len=512  (scan 70.9s)
21:27:41 INFO loading datasets …
21:27:42 INFO   train=110775  val=6004  test=6004
21:27:42 INFO building CrossEncoder2x  backbone=google-bert/bert-base-uncased  n_layers=24 …
21:27:45 INFO   total params=194,537,473
21:27:45 INFO   total_steps=10386  warmup_steps=623
21:27:56 INFO   e1 opt_step=50/10386  loss=0.6974  acc=0.5056  lr=1.61e-06
21:28:05 INFO   e1 opt_step=100/10386  loss=0.6957  acc=0.5147  lr=3.21e-06
21:28:14 INFO   e1 opt_step=150/10386  loss=0.6935  acc=0.5194  lr=4.82e-06
21:28:23 INFO   e1 opt_step=200/10386  loss=0.6897  acc=0.5367  lr=6.42e-06
21:28:32 INFO   e1 opt_step=250/10386  loss=0.6731  acc=0.5630  lr=8.03e-06
21:28:41 INFO   e1 opt_step=300/10386  loss=0.6489  acc=0.5926  lr=9.63e-06
21:28:50 INFO   e1 opt_step=350/10386  loss=0.6237  acc=0.6190  lr=1.12e-05
21:28:59 INFO   e1 opt_step=400/10386  loss=0.5922  acc=0.6462  lr=1.28e-05
21:29:08 INFO   e1 opt_step=450/10386  loss=0.5593  acc=0.6722  lr=1.44e-05
21:29:17 INFO   e1 opt_step=500/10386  loss=0.5329  acc=0.6924  lr=1.61e-05
21:29:26 INFO   e1 opt_step=550/10386  loss=0.5096  acc=0.7099  lr=1.77e-05
21:29:34 INFO   e1 opt_step=600/10386  loss=0.4880  acc=0.7254  lr=1.93e-05
21:29:43 INFO   e1 opt_step=650/10386  loss=0.4683  acc=0.7396  lr=1.99e-05
21:29:52 INFO   e1 opt_step=700/10386  loss=0.4520  acc=0.7517  lr=1.98e-05
21:30:01 INFO   e1 opt_step=750/10386  loss=0.4345  acc=0.7638  lr=1.97e-05
21:30:10 INFO   e1 opt_step=800/10386  loss=0.4199  acc=0.7740  lr=1.96e-05
21:30:19 INFO   e1 opt_step=850/10386  loss=0.4059  acc=0.7836  lr=1.95e-05
21:30:28 INFO   e1 opt_step=900/10386  loss=0.3917  acc=0.7925  lr=1.94e-05
21:30:37 INFO   e1 opt_step=950/10386  loss=0.3792  acc=0.8005  lr=1.93e-05
21:30:47 INFO   e1 opt_step=1000/10386  loss=0.3669  acc=0.8079  lr=1.92e-05
21:30:56 INFO   e1 opt_step=1050/10386  loss=0.3557  acc=0.8149  lr=1.91e-05
21:31:05 INFO   e1 opt_step=1100/10386  loss=0.3462  acc=0.8213  lr=1.90e-05
21:31:14 INFO   e1 opt_step=1150/10386  loss=0.3367  acc=0.8271  lr=1.89e-05
21:31:22 INFO   e1 opt_step=1200/10386  loss=0.3279  acc=0.8324  lr=1.88e-05
21:31:31 INFO   e1 opt_step=1250/10386  loss=0.3197  acc=0.8375  lr=1.87e-05
21:31:40 INFO   e1 opt_step=1300/10386  loss=0.3113  acc=0.8425  lr=1.86e-05
21:31:49 INFO   e1 opt_step=1350/10386  loss=0.3040  acc=0.8469  lr=1.85e-05
21:31:58 INFO   e1 opt_step=1400/10386  loss=0.2974  acc=0.8509  lr=1.84e-05
21:32:08 INFO   e1 opt_step=1450/10386  loss=0.2912  acc=0.8547  lr=1.83e-05
21:32:17 INFO   e1 opt_step=1500/10386  loss=0.2844  acc=0.8586  lr=1.82e-05
21:32:25 INFO   e1 opt_step=1550/10386  loss=0.2783  acc=0.8622  lr=1.81e-05
21:32:35 INFO   e1 opt_step=1600/10386  loss=0.2732  acc=0.8654  lr=1.80e-05
21:32:43 INFO   e1 opt_step=1650/10386  loss=0.2678  acc=0.8685  lr=1.79e-05
21:32:52 INFO   e1 opt_step=1700/10386  loss=0.2627  acc=0.8715  lr=1.78e-05
21:33:01 INFO   e1 opt_step=1750/10386  loss=0.2574  acc=0.8746  lr=1.77e-05
21:33:10 INFO   e1 opt_step=1800/10386  loss=0.2533  acc=0.8770  lr=1.76e-05
21:33:19 INFO   e1 opt_step=1850/10386  loss=0.2492  acc=0.8793  lr=1.75e-05
21:33:28 INFO   e1 opt_step=1900/10386  loss=0.2445  acc=0.8819  lr=1.74e-05
21:33:37 INFO   e1 opt_step=1950/10386  loss=0.2401  acc=0.8844  lr=1.73e-05
21:33:46 INFO   e1 opt_step=2000/10386  loss=0.2360  acc=0.8867  lr=1.72e-05
21:33:55 INFO   e1 opt_step=2050/10386  loss=0.2319  acc=0.8889  lr=1.71e-05
21:34:05 INFO   e1 opt_step=2100/10386  loss=0.2282  acc=0.8910  lr=1.70e-05
21:34:13 INFO   e1 opt_step=2150/10386  loss=0.2239  acc=0.8931  lr=1.69e-05
21:34:22 INFO   e1 opt_step=2200/10386  loss=0.2201  acc=0.8952  lr=1.68e-05
21:34:31 INFO   e1 opt_step=2250/10386  loss=0.2171  acc=0.8969  lr=1.67e-05
21:34:40 INFO   e1 opt_step=2300/10386  loss=0.2142  acc=0.8986  lr=1.66e-05
21:34:49 INFO   e1 opt_step=2350/10386  loss=0.2115  acc=0.9001  lr=1.65e-05
21:34:58 INFO   e1 opt_step=2400/10386  loss=0.2085  acc=0.9016  lr=1.64e-05
21:35:07 INFO   e1 opt_step=2450/10386  loss=0.2057  acc=0.9032  lr=1.63e-05
21:35:16 INFO   e1 opt_step=2500/10386  loss=0.2025  acc=0.9048  lr=1.62e-05
21:35:25 INFO   e1 opt_step=2550/10386  loss=0.1995  acc=0.9063  lr=1.61e-05
21:35:34 INFO   e1 opt_step=2600/10386  loss=0.1969  acc=0.9078  lr=1.60e-05
21:35:43 INFO   e1 opt_step=2650/10386  loss=0.1943  acc=0.9092  lr=1.58e-05
21:35:52 INFO   e1 opt_step=2700/10386  loss=0.1919  acc=0.9105  lr=1.57e-05
21:36:00 INFO   e1 opt_step=2750/10386  loss=0.1895  acc=0.9118  lr=1.56e-05
21:36:09 INFO   e1 opt_step=2800/10386  loss=0.1868  acc=0.9130  lr=1.55e-05
21:36:18 INFO   e1 opt_step=2850/10386  loss=0.1843  acc=0.9143  lr=1.54e-05
21:36:27 INFO   e1 opt_step=2900/10386  loss=0.1821  acc=0.9154  lr=1.53e-05
21:36:36 INFO   e1 opt_step=2950/10386  loss=0.1796  acc=0.9166  lr=1.52e-05
21:36:45 INFO   e1 opt_step=3000/10386  loss=0.1774  acc=0.9178  lr=1.51e-05
21:36:54 INFO   e1 opt_step=3050/10386  loss=0.1754  acc=0.9188  lr=1.50e-05
21:37:03 INFO   e1 opt_step=3100/10386  loss=0.1734  acc=0.9198  lr=1.49e-05
21:37:12 INFO   e1 opt_step=3150/10386  loss=0.1712  acc=0.9208  lr=1.48e-05
21:37:21 INFO   e1 opt_step=3200/10386  loss=0.1691  acc=0.9218  lr=1.47e-05
21:37:30 INFO   e1 opt_step=3250/10386  loss=0.1671  acc=0.9227  lr=1.46e-05
21:37:39 INFO   e1 opt_step=3300/10386  loss=0.1653  acc=0.9236  lr=1.45e-05
21:37:48 INFO   e1 opt_step=3350/10386  loss=0.1635  acc=0.9245  lr=1.44e-05
21:37:57 INFO   e1 opt_step=3400/10386  loss=0.1617  acc=0.9253  lr=1.43e-05
21:38:06 INFO   e1 opt_step=3450/10386  loss=0.1598  acc=0.9262  lr=1.42e-05
21:38:16 INFO [epoch 1/3]  train_loss=0.1595  train_acc=0.9264  val_loss=0.5541  val_acc=0.9042  val_auc=0.9531  elapsed=630.2s
21:38:17 INFO   * saved best.pt  val_acc=0.9042
21:38:24 INFO   e2 opt_step=3500/10386  loss=0.0329  acc=0.9852  lr=1.41e-05
21:38:33 INFO   e2 opt_step=3550/10386  loss=0.0390  acc=0.9862  lr=1.40e-05
21:38:42 INFO   e2 opt_step=3600/10386  loss=0.0324  acc=0.9878  lr=1.39e-05
21:38:51 INFO   e2 opt_step=3650/10386  loss=0.0358  acc=0.9869  lr=1.38e-05
21:39:00 INFO   e2 opt_step=3700/10386  loss=0.0339  acc=0.9863  lr=1.37e-05
21:39:09 INFO   e2 opt_step=3750/10386  loss=0.0331  acc=0.9863  lr=1.36e-05
21:39:18 INFO   e2 opt_step=3800/10386  loss=0.0310  acc=0.9868  lr=1.35e-05
21:39:26 INFO   e2 opt_step=3850/10386  loss=0.0299  acc=0.9874  lr=1.34e-05
21:39:35 INFO   e2 opt_step=3900/10386  loss=0.0293  acc=0.9872  lr=1.33e-05
21:39:44 INFO   e2 opt_step=3950/10386  loss=0.0294  acc=0.9869  lr=1.32e-05
21:39:53 INFO   e2 opt_step=4000/10386  loss=0.0301  acc=0.9869  lr=1.31e-05
21:40:02 INFO   e2 opt_step=4050/10386  loss=0.0308  acc=0.9869  lr=1.30e-05
21:40:11 INFO   e2 opt_step=4100/10386  loss=0.0308  acc=0.9869  lr=1.29e-05
21:40:20 INFO   e2 opt_step=4150/10386  loss=0.0302  acc=0.9869  lr=1.28e-05
21:40:29 INFO   e2 opt_step=4200/10386  loss=0.0302  acc=0.9868  lr=1.27e-05
21:40:38 INFO   e2 opt_step=4250/10386  loss=0.0307  acc=0.9870  lr=1.26e-05
21:40:47 INFO   e2 opt_step=4300/10386  loss=0.0313  acc=0.9871  lr=1.25e-05
21:40:55 INFO   e2 opt_step=4350/10386  loss=0.0312  acc=0.9870  lr=1.24e-05
21:41:04 INFO   e2 opt_step=4400/10386  loss=0.0322  acc=0.9871  lr=1.23e-05
21:41:13 INFO   e2 opt_step=4450/10386  loss=0.0325  acc=0.9870  lr=1.22e-05
21:41:21 INFO   e2 opt_step=4500/10386  loss=0.0323  acc=0.9871  lr=1.21e-05
21:41:31 INFO   e2 opt_step=4550/10386  loss=0.0326  acc=0.9872  lr=1.20e-05
21:41:39 INFO   e2 opt_step=4600/10386  loss=0.0324  acc=0.9871  lr=1.19e-05
21:41:48 INFO   e2 opt_step=4650/10386  loss=0.0319  acc=0.9873  lr=1.18e-05
21:41:57 INFO   e2 opt_step=4700/10386  loss=0.0318  acc=0.9874  lr=1.16e-05
21:42:06 INFO   e2 opt_step=4750/10386  loss=0.0321  acc=0.9874  lr=1.15e-05
21:42:15 INFO   e2 opt_step=4800/10386  loss=0.0320  acc=0.9874  lr=1.14e-05
21:42:24 INFO   e2 opt_step=4850/10386  loss=0.0316  acc=0.9875  lr=1.13e-05
21:42:33 INFO   e2 opt_step=4900/10386  loss=0.0311  acc=0.9876  lr=1.12e-05
21:42:41 INFO   e2 opt_step=4950/10386  loss=0.0313  acc=0.9875  lr=1.11e-05
21:42:50 INFO   e2 opt_step=5000/10386  loss=0.0307  acc=0.9876  lr=1.10e-05
21:42:59 INFO   e2 opt_step=5050/10386  loss=0.0312  acc=0.9874  lr=1.09e-05
21:43:08 INFO   e2 opt_step=5100/10386  loss=0.0308  acc=0.9875  lr=1.08e-05
21:43:17 INFO   e2 opt_step=5150/10386  loss=0.0313  acc=0.9875  lr=1.07e-05
21:43:26 INFO   e2 opt_step=5200/10386  loss=0.0312  acc=0.9876  lr=1.06e-05
21:43:35 INFO   e2 opt_step=5250/10386  loss=0.0310  acc=0.9876  lr=1.05e-05
21:43:44 INFO   e2 opt_step=5300/10386  loss=0.0310  acc=0.9876  lr=1.04e-05
21:43:53 INFO   e2 opt_step=5350/10386  loss=0.0310  acc=0.9876  lr=1.03e-05
21:44:02 INFO   e2 opt_step=5400/10386  loss=0.0309  acc=0.9876  lr=1.02e-05
21:44:11 INFO   e2 opt_step=5450/10386  loss=0.0312  acc=0.9875  lr=1.01e-05
21:44:20 INFO   e2 opt_step=5500/10386  loss=0.0310  acc=0.9875  lr=1.00e-05
21:44:29 INFO   e2 opt_step=5550/10386  loss=0.0308  acc=0.9875  lr=9.91e-06
21:44:38 INFO   e2 opt_step=5600/10386  loss=0.0311  acc=0.9875  lr=9.80e-06
21:44:46 INFO   e2 opt_step=5650/10386  loss=0.0309  acc=0.9876  lr=9.70e-06
21:44:56 INFO   e2 opt_step=5700/10386  loss=0.0311  acc=0.9876  lr=9.60e-06
21:45:04 INFO   e2 opt_step=5750/10386  loss=0.0311  acc=0.9876  lr=9.50e-06
21:45:13 INFO   e2 opt_step=5800/10386  loss=0.0309  acc=0.9877  lr=9.39e-06
21:45:22 INFO   e2 opt_step=5850/10386  loss=0.0307  acc=0.9877  lr=9.29e-06
21:45:31 INFO   e2 opt_step=5900/10386  loss=0.0307  acc=0.9878  lr=9.19e-06
21:45:41 INFO   e2 opt_step=5950/10386  loss=0.0304  acc=0.9878  lr=9.09e-06
21:45:49 INFO   e2 opt_step=6000/10386  loss=0.0309  acc=0.9878  lr=8.98e-06
21:45:58 INFO   e2 opt_step=6050/10386  loss=0.0309  acc=0.9878  lr=8.88e-06
21:46:07 INFO   e2 opt_step=6100/10386  loss=0.0311  acc=0.9878  lr=8.78e-06
21:46:17 INFO   e2 opt_step=6150/10386  loss=0.0310  acc=0.9878  lr=8.68e-06
21:46:26 INFO   e2 opt_step=6200/10386  loss=0.0312  acc=0.9877  lr=8.58e-06
21:46:34 INFO   e2 opt_step=6250/10386  loss=0.0309  acc=0.9877  lr=8.47e-06
21:46:44 INFO   e2 opt_step=6300/10386  loss=0.0309  acc=0.9877  lr=8.37e-06
21:46:53 INFO   e2 opt_step=6350/10386  loss=0.0309  acc=0.9878  lr=8.27e-06
21:47:01 INFO   e2 opt_step=6400/10386  loss=0.0309  acc=0.9878  lr=8.17e-06
21:47:10 INFO   e2 opt_step=6450/10386  loss=0.0309  acc=0.9878  lr=8.06e-06
21:47:19 INFO   e2 opt_step=6500/10386  loss=0.0311  acc=0.9877  lr=7.96e-06
21:47:28 INFO   e2 opt_step=6550/10386  loss=0.0311  acc=0.9878  lr=7.86e-06
21:47:37 INFO   e2 opt_step=6600/10386  loss=0.0310  acc=0.9878  lr=7.76e-06
21:47:45 INFO   e2 opt_step=6650/10386  loss=0.0310  acc=0.9878  lr=7.65e-06
21:47:54 INFO   e2 opt_step=6700/10386  loss=0.0309  acc=0.9878  lr=7.55e-06
21:48:04 INFO   e2 opt_step=6750/10386  loss=0.0309  acc=0.9877  lr=7.45e-06
21:48:12 INFO   e2 opt_step=6800/10386  loss=0.0308  acc=0.9878  lr=7.35e-06
21:48:21 INFO   e2 opt_step=6850/10386  loss=0.0309  acc=0.9878  lr=7.24e-06
21:48:30 INFO   e2 opt_step=6900/10386  loss=0.0307  acc=0.9878  lr=7.14e-06
21:48:42 INFO [epoch 2/3]  train_loss=0.0307  train_acc=0.9878  val_loss=0.7526  val_acc=0.8947  val_auc=0.9295  elapsed=625.0s
21:48:48 INFO   e3 opt_step=6950/10386  loss=0.0129  acc=0.9940  lr=7.04e-06
21:48:57 INFO   e3 opt_step=7000/10386  loss=0.0189  acc=0.9922  lr=6.94e-06
21:49:06 INFO   e3 opt_step=7050/10386  loss=0.0184  acc=0.9928  lr=6.83e-06
21:49:15 INFO   e3 opt_step=7100/10386  loss=0.0184  acc=0.9925  lr=6.73e-06
21:49:23 INFO   e3 opt_step=7150/10386  loss=0.0182  acc=0.9917  lr=6.63e-06
21:49:32 INFO   e3 opt_step=7200/10386  loss=0.0214  acc=0.9905  lr=6.53e-06
21:49:41 INFO   e3 opt_step=7250/10386  loss=0.0205  acc=0.9909  lr=6.42e-06
21:49:50 INFO   e3 opt_step=7300/10386  loss=0.0213  acc=0.9909  lr=6.32e-06
21:49:59 INFO   e3 opt_step=7350/10386  loss=0.0217  acc=0.9904  lr=6.22e-06
21:50:08 INFO   e3 opt_step=7400/10386  loss=0.0208  acc=0.9905  lr=6.12e-06
21:50:17 INFO   e3 opt_step=7450/10386  loss=0.0203  acc=0.9909  lr=6.01e-06
21:50:26 INFO   e3 opt_step=7500/10386  loss=0.0215  acc=0.9908  lr=5.91e-06
21:50:35 INFO   e3 opt_step=7550/10386  loss=0.0224  acc=0.9908  lr=5.81e-06
21:50:44 INFO   e3 opt_step=7600/10386  loss=0.0219  acc=0.9906  lr=5.71e-06
21:50:53 INFO   e3 opt_step=7650/10386  loss=0.0221  acc=0.9902  lr=5.60e-06
21:51:02 INFO   e3 opt_step=7700/10386  loss=0.0222  acc=0.9899  lr=5.50e-06
21:51:11 INFO   e3 opt_step=7750/10386  loss=0.0218  acc=0.9900  lr=5.40e-06
21:51:20 INFO   e3 opt_step=7800/10386  loss=0.0215  acc=0.9900  lr=5.30e-06
21:51:28 INFO   e3 opt_step=7850/10386  loss=0.0221  acc=0.9896  lr=5.20e-06
21:51:37 INFO   e3 opt_step=7900/10386  loss=0.0221  acc=0.9897  lr=5.09e-06
21:51:47 INFO   e3 opt_step=7950/10386  loss=0.0219  acc=0.9897  lr=4.99e-06
21:51:56 INFO   e3 opt_step=8000/10386  loss=0.0226  acc=0.9894  lr=4.89e-06
21:52:04 INFO   e3 opt_step=8050/10386  loss=0.0227  acc=0.9893  lr=4.79e-06
21:52:13 INFO   e3 opt_step=8100/10386  loss=0.0222  acc=0.9895  lr=4.68e-06
21:52:22 INFO   e3 opt_step=8150/10386  loss=0.0226  acc=0.9895  lr=4.58e-06
21:52:31 INFO   e3 opt_step=8200/10386  loss=0.0222  acc=0.9896  lr=4.48e-06
21:52:41 INFO   e3 opt_step=8250/10386  loss=0.0224  acc=0.9895  lr=4.38e-06
21:52:49 INFO   e3 opt_step=8300/10386  loss=0.0222  acc=0.9896  lr=4.27e-06
21:52:58 INFO   e3 opt_step=8350/10386  loss=0.0224  acc=0.9897  lr=4.17e-06
21:53:07 INFO   e3 opt_step=8400/10386  loss=0.0224  acc=0.9897  lr=4.07e-06
21:53:16 INFO   e3 opt_step=8450/10386  loss=0.0224  acc=0.9898  lr=3.97e-06
21:53:25 INFO   e3 opt_step=8500/10386  loss=0.0221  acc=0.9899  lr=3.86e-06
21:53:34 INFO   e3 opt_step=8550/10386  loss=0.0220  acc=0.9899  lr=3.76e-06
21:53:43 INFO   e3 opt_step=8600/10386  loss=0.0219  acc=0.9900  lr=3.66e-06
21:53:52 INFO   e3 opt_step=8650/10386  loss=0.0220  acc=0.9900  lr=3.56e-06
21:54:01 INFO   e3 opt_step=8700/10386  loss=0.0220  acc=0.9899  lr=3.45e-06
21:54:10 INFO   e3 opt_step=8750/10386  loss=0.0218  acc=0.9900  lr=3.35e-06
21:54:19 INFO   e3 opt_step=8800/10386  loss=0.0217  acc=0.9899  lr=3.25e-06
21:54:28 INFO   e3 opt_step=8850/10386  loss=0.0218  acc=0.9898  lr=3.15e-06
21:54:38 INFO   e3 opt_step=8900/10386  loss=0.0216  acc=0.9898  lr=3.04e-06
21:54:46 INFO   e3 opt_step=8950/10386  loss=0.0214  acc=0.9899  lr=2.94e-06
21:54:55 INFO   e3 opt_step=9000/10386  loss=0.0215  acc=0.9899  lr=2.84e-06
21:55:04 INFO   e3 opt_step=9050/10386  loss=0.0213  acc=0.9899  lr=2.74e-06
21:55:14 INFO   e3 opt_step=9100/10386  loss=0.0211  acc=0.9901  lr=2.63e-06
21:55:23 INFO   e3 opt_step=9150/10386  loss=0.0211  acc=0.9900  lr=2.53e-06
21:55:32 INFO   e3 opt_step=9200/10386  loss=0.0210  acc=0.9900  lr=2.43e-06
21:55:41 INFO   e3 opt_step=9250/10386  loss=0.0209  acc=0.9900  lr=2.33e-06
21:55:50 INFO   e3 opt_step=9300/10386  loss=0.0209  acc=0.9900  lr=2.22e-06
21:55:59 INFO   e3 opt_step=9350/10386  loss=0.0210  acc=0.9899  lr=2.12e-06
21:56:08 INFO   e3 opt_step=9400/10386  loss=0.0209  acc=0.9899  lr=2.02e-06
21:56:17 INFO   e3 opt_step=9450/10386  loss=0.0207  acc=0.9900  lr=1.92e-06
21:56:26 INFO   e3 opt_step=9500/10386  loss=0.0205  acc=0.9901  lr=1.82e-06
21:56:35 INFO   e3 opt_step=9550/10386  loss=0.0205  acc=0.9901  lr=1.71e-06
21:56:44 INFO   e3 opt_step=9600/10386  loss=0.0205  acc=0.9901  lr=1.61e-06
21:56:53 INFO   e3 opt_step=9650/10386  loss=0.0206  acc=0.9901  lr=1.51e-06
21:57:02 INFO   e3 opt_step=9700/10386  loss=0.0205  acc=0.9901  lr=1.41e-06
21:57:11 INFO   e3 opt_step=9750/10386  loss=0.0204  acc=0.9901  lr=1.30e-06
21:57:19 INFO   e3 opt_step=9800/10386  loss=0.0204  acc=0.9901  lr=1.20e-06
21:57:28 INFO   e3 opt_step=9850/10386  loss=0.0203  acc=0.9901  lr=1.10e-06
21:57:37 INFO   e3 opt_step=9900/10386  loss=0.0203  acc=0.9902  lr=9.96e-07
21:57:46 INFO   e3 opt_step=9950/10386  loss=0.0202  acc=0.9902  lr=8.93e-07
21:57:55 INFO   e3 opt_step=10000/10386  loss=0.0201  acc=0.9902  lr=7.91e-07
21:58:04 INFO   e3 opt_step=10050/10386  loss=0.0200  acc=0.9903  lr=6.88e-07
21:58:13 INFO   e3 opt_step=10100/10386  loss=0.0200  acc=0.9903  lr=5.86e-07
21:58:22 INFO   e3 opt_step=10150/10386  loss=0.0200  acc=0.9902  lr=4.83e-07
21:58:31 INFO   e3 opt_step=10200/10386  loss=0.0199  acc=0.9902  lr=3.81e-07
21:58:40 INFO   e3 opt_step=10250/10386  loss=0.0198  acc=0.9903  lr=2.79e-07
21:58:49 INFO   e3 opt_step=10300/10386  loss=0.0198  acc=0.9903  lr=1.76e-07
21:58:58 INFO   e3 opt_step=10350/10386  loss=0.0197  acc=0.9903  lr=7.37e-08
21:59:12 INFO [epoch 3/3]  train_loss=0.0198  train_acc=0.9903  val_loss=0.7852  val_acc=0.8996  val_auc=0.9218  elapsed=628.4s
21:59:14 INFO saved final.pt  total_time=1888s
21:59:14 INFO loading best.pt for final val/test evaluation …
21:59:22 INFO [val]  acc=0.9042  auc=0.9531  f1=0.9058
21:59:32 INFO [test] loss=0.9079  acc=0.8568  auc=0.9119  f1=0.8525
21:59:32 INFO [done] best_val_acc=0.9042  test_acc=0.8568  test_auc=0.9119  results in runs/crossencoder2x/ce2x_org
