11:01:50 INFO run_dir=/mnt/localssd/crossencoder_sweep/runs/ajo_newstyle/deberta-v3-large
11:01:50 INFO device=cuda:0  bf16=False  physical_gpu=1  CUDA_VISIBLE_DEVICES=1
11:01:50 INFO dataset=ajo_newstyle  model=deberta-v3-large  backbone=microsoft/deberta-v3-large
11:01:50 INFO tokenizer <- microsoft/deberta-v3-large
11:01:51 INFO split files: ['train.jsonl', 'val.jsonl', 'test.jsonl']
11:01:51 INFO scanning max JOINT token length across all splits ...
11:02:26 INFO   observed_max_joint=512 -> max_seq_len=512 (cap=512, scan=35.5s)
11:02:26 INFO loading datasets ...
11:02:27 INFO   schema=newstyle  train=20897  val=2612  test=2613
11:02:27 INFO building CrossEncoderClassifier  backbone=microsoft/deberta-v3-large
11:02:30 INFO   hidden_size=1024  trainable_params=434,013,185
11:02:30 INFO   total_steps=1304  warmup_steps=78  grad_accum=8  eff_batch=64
11:03:07 INFO   e1 step    50/2613  loss=0.7712  acc=0.5150  lr0=7.69e-07 lr1=7.69e-07
11:03:43 INFO   e1 step   100/2613  loss=0.7691  acc=0.5075  lr0=1.54e-06 lr1=1.54e-06
11:04:18 INFO   e1 step   150/2613  loss=0.7681  acc=0.5000  lr0=2.31e-06 lr1=2.31e-06
11:04:53 INFO   e1 step   200/2613  loss=0.7626  acc=0.4969  lr0=3.21e-06 lr1=3.21e-06
11:05:27 INFO   e1 step   250/2613  loss=0.7551  acc=0.4965  lr0=3.97e-06 lr1=3.97e-06
11:06:02 INFO   e1 step   300/2613  loss=0.7538  acc=0.4929  lr0=4.74e-06 lr1=4.74e-06
11:06:36 INFO   e1 step   350/2613  loss=0.7489  acc=0.4979  lr0=5.51e-06 lr1=5.51e-06
11:07:11 INFO   e1 step   400/2613  loss=0.7473  acc=0.4947  lr0=6.41e-06 lr1=6.41e-06
11:07:46 INFO   e1 step   450/2613  loss=0.7449  acc=0.4975  lr0=7.18e-06 lr1=7.18e-06
11:08:21 INFO   e1 step   500/2613  loss=0.7417  acc=0.4993  lr0=7.95e-06 lr1=7.95e-06
11:08:56 INFO   e1 step   550/2613  loss=0.7423  acc=0.4964  lr0=8.72e-06 lr1=8.72e-06
11:09:31 INFO   e1 step   600/2613  loss=0.7424  acc=0.4935  lr0=9.62e-06 lr1=9.62e-06
11:10:06 INFO   e1 step   650/2613  loss=0.7407  acc=0.4960  lr0=9.98e-06 lr1=9.98e-06
11:10:40 INFO   e1 step   700/2613  loss=0.7410  acc=0.4936  lr0=9.93e-06 lr1=9.93e-06
11:11:14 INFO   e1 step   750/2613  loss=0.7394  acc=0.4945  lr0=9.88e-06 lr1=9.88e-06
11:11:50 INFO   e1 step   800/2613  loss=0.7395  acc=0.4934  lr0=9.82e-06 lr1=9.82e-06
11:12:25 INFO   e1 step   850/2613  loss=0.7385  acc=0.4959  lr0=9.77e-06 lr1=9.77e-06
11:13:01 INFO   e1 step   900/2613  loss=0.7375  acc=0.4968  lr0=9.72e-06 lr1=9.72e-06
11:13:35 INFO   e1 step   950/2613  loss=0.7354  acc=0.4991  lr0=9.67e-06 lr1=9.67e-06
11:14:10 INFO   e1 step  1000/2613  loss=0.7350  acc=0.5000  lr0=9.62e-06 lr1=9.62e-06
11:14:45 INFO   e1 step  1050/2613  loss=0.7336  acc=0.4999  lr0=9.57e-06 lr1=9.57e-06
11:15:19 INFO   e1 step  1100/2613  loss=0.7333  acc=0.4984  lr0=9.52e-06 lr1=9.52e-06
11:15:55 INFO   e1 step  1150/2613  loss=0.7325  acc=0.4987  lr0=9.47e-06 lr1=9.47e-06
11:16:30 INFO   e1 step  1200/2613  loss=0.7324  acc=0.4992  lr0=9.41e-06 lr1=9.41e-06
11:17:04 INFO   e1 step  1250/2613  loss=0.7320  acc=0.4994  lr0=9.36e-06 lr1=9.36e-06
11:17:38 INFO   e1 step  1300/2613  loss=0.7310  acc=0.5007  lr0=9.31e-06 lr1=9.31e-06
11:18:13 INFO   e1 step  1350/2613  loss=0.7303  acc=0.5041  lr0=9.27e-06 lr1=9.27e-06
11:18:48 INFO   e1 step  1400/2613  loss=0.7290  acc=0.5071  lr0=9.21e-06 lr1=9.21e-06
11:19:23 INFO   e1 step  1450/2613  loss=0.7276  acc=0.5084  lr0=9.16e-06 lr1=9.16e-06
11:19:58 INFO   e1 step  1500/2613  loss=0.7259  acc=0.5112  lr0=9.11e-06 lr1=9.11e-06
11:20:33 INFO   e1 step  1550/2613  loss=0.7243  acc=0.5137  lr0=9.06e-06 lr1=9.06e-06
11:21:07 INFO   e1 step  1600/2613  loss=0.7217  acc=0.5169  lr0=9.00e-06 lr1=9.00e-06
11:21:42 INFO   e1 step  1650/2613  loss=0.7201  acc=0.5187  lr0=8.96e-06 lr1=8.96e-06
11:22:17 INFO   e1 step  1700/2613  loss=0.7177  acc=0.5219  lr0=8.91e-06 lr1=8.91e-06
11:22:51 INFO   e1 step  1750/2613  loss=0.7148  acc=0.5260  lr0=8.86e-06 lr1=8.86e-06
11:23:26 INFO   e1 step  1800/2613  loss=0.7129  acc=0.5294  lr0=8.80e-06 lr1=8.80e-06
11:24:01 INFO   e1 step  1850/2613  loss=0.7103  acc=0.5330  lr0=8.75e-06 lr1=8.75e-06
11:24:36 INFO   e1 step  1900/2613  loss=0.7081  acc=0.5361  lr0=8.70e-06 lr1=8.70e-06
11:25:11 INFO   e1 step  1950/2613  loss=0.7065  acc=0.5394  lr0=8.65e-06 lr1=8.65e-06
11:25:45 INFO   e1 step  2000/2613  loss=0.7042  acc=0.5421  lr0=8.60e-06 lr1=8.60e-06
11:26:20 INFO   e1 step  2050/2613  loss=0.7015  acc=0.5450  lr0=8.55e-06 lr1=8.55e-06
11:26:55 INFO   e1 step  2100/2613  loss=0.6989  acc=0.5486  lr0=8.50e-06 lr1=8.50e-06
11:27:30 INFO   e1 step  2150/2613  loss=0.6975  acc=0.5501  lr0=8.45e-06 lr1=8.45e-06
11:28:05 INFO   e1 step  2200/2613  loss=0.6955  acc=0.5530  lr0=8.39e-06 lr1=8.39e-06
11:28:39 INFO   e1 step  2250/2613  loss=0.6934  acc=0.5561  lr0=8.34e-06 lr1=8.34e-06
11:29:14 INFO   e1 step  2300/2613  loss=0.6911  acc=0.5589  lr0=8.30e-06 lr1=8.30e-06
11:29:48 INFO   e1 step  2350/2613  loss=0.6881  acc=0.5619  lr0=8.25e-06 lr1=8.25e-06
11:30:24 INFO   e1 step  2400/2613  loss=0.6857  acc=0.5655  lr0=8.19e-06 lr1=8.19e-06
11:30:59 INFO   e1 step  2450/2613  loss=0.6835  acc=0.5681  lr0=8.14e-06 lr1=8.14e-06
11:31:34 INFO   e1 step  2500/2613  loss=0.6817  acc=0.5712  lr0=8.09e-06 lr1=8.09e-06
11:32:08 INFO   e1 step  2550/2613  loss=0.6800  acc=0.5738  lr0=8.04e-06 lr1=8.04e-06
11:32:43 INFO   e1 step  2600/2613  loss=0.6777  acc=0.5769  lr0=7.99e-06 lr1=7.99e-06
11:34:03 INFO [epoch 1] train_loss=0.6774 train_acc=0.5774  val_loss=0.5233 val_acc=0.7450 val_auc=0.8254  elapsed=1894.0s
11:34:05 INFO   saved best.pt  val_acc=0.7450
11:34:40 INFO   e2 step    50/2613  loss=0.5359  acc=0.7350  lr0=7.93e-06 lr1=7.93e-06
11:35:15 INFO   e2 step   100/2613  loss=0.5294  acc=0.7488  lr0=7.88e-06 lr1=7.88e-06
11:35:51 INFO   e2 step   150/2613  loss=0.5278  acc=0.7483  lr0=7.83e-06 lr1=7.83e-06
11:36:26 INFO   e2 step   200/2613  loss=0.5211  acc=0.7544  lr0=7.77e-06 lr1=7.77e-06
11:37:01 INFO   e2 step   250/2613  loss=0.5190  acc=0.7570  lr0=7.72e-06 lr1=7.72e-06
11:37:36 INFO   e2 step   300/2613  loss=0.5111  acc=0.7621  lr0=7.68e-06 lr1=7.68e-06
11:38:11 INFO   e2 step   350/2613  loss=0.5092  acc=0.7639  lr0=7.63e-06 lr1=7.63e-06
11:38:46 INFO   e2 step   400/2613  loss=0.5072  acc=0.7609  lr0=7.57e-06 lr1=7.57e-06
11:39:21 INFO   e2 step   450/2613  loss=0.5106  acc=0.7581  lr0=7.52e-06 lr1=7.52e-06
11:39:56 INFO   e2 step   500/2613  loss=0.5072  acc=0.7592  lr0=7.47e-06 lr1=7.47e-06
11:40:30 INFO   e2 step   550/2613  loss=0.5094  acc=0.7575  lr0=7.42e-06 lr1=7.42e-06
11:41:04 INFO   e2 step   600/2613  loss=0.5061  acc=0.7592  lr0=7.37e-06 lr1=7.37e-06
11:41:39 INFO   e2 step   650/2613  loss=0.5081  acc=0.7587  lr0=7.32e-06 lr1=7.32e-06
11:42:14 INFO   e2 step   700/2613  loss=0.5090  acc=0.7568  lr0=7.27e-06 lr1=7.27e-06
11:42:49 INFO   e2 step   750/2613  loss=0.5067  acc=0.7583  lr0=7.22e-06 lr1=7.22e-06
11:43:25 INFO   e2 step   800/2613  loss=0.5112  acc=0.7567  lr0=7.16e-06 lr1=7.16e-06
11:43:59 INFO   e2 step   850/2613  loss=0.5086  acc=0.7587  lr0=7.11e-06 lr1=7.11e-06
11:44:34 INFO   e2 step   900/2613  loss=0.5094  acc=0.7569  lr0=7.06e-06 lr1=7.06e-06
11:45:08 INFO   e2 step   950/2613  loss=0.5104  acc=0.7578  lr0=7.01e-06 lr1=7.01e-06
11:45:42 INFO   e2 step  1000/2613  loss=0.5084  acc=0.7578  lr0=6.96e-06 lr1=6.96e-06
11:46:18 INFO   e2 step  1050/2613  loss=0.5055  acc=0.7594  lr0=6.91e-06 lr1=6.91e-06
11:46:52 INFO   e2 step  1100/2613  loss=0.5077  acc=0.7592  lr0=6.86e-06 lr1=6.86e-06
11:47:27 INFO   e2 step  1150/2613  loss=0.5050  acc=0.7610  lr0=6.81e-06 lr1=6.81e-06
11:48:01 INFO   e2 step  1200/2613  loss=0.5024  acc=0.7626  lr0=6.75e-06 lr1=6.75e-06
11:48:36 INFO   e2 step  1250/2613  loss=0.4994  acc=0.7641  lr0=6.70e-06 lr1=6.70e-06
11:49:12 INFO   e2 step  1300/2613  loss=0.4972  acc=0.7652  lr0=6.66e-06 lr1=6.66e-06
11:49:46 INFO   e2 step  1350/2613  loss=0.4968  acc=0.7658  lr0=6.61e-06 lr1=6.61e-06
11:50:21 INFO   e2 step  1400/2613  loss=0.4950  acc=0.7669  lr0=6.55e-06 lr1=6.55e-06
11:50:56 INFO   e2 step  1450/2613  loss=0.4946  acc=0.7671  lr0=6.50e-06 lr1=6.50e-06
11:51:30 INFO   e2 step  1500/2613  loss=0.4934  acc=0.7688  lr0=6.45e-06 lr1=6.45e-06
11:52:05 INFO   e2 step  1550/2613  loss=0.4927  acc=0.7691  lr0=6.40e-06 lr1=6.40e-06
11:52:39 INFO   e2 step  1600/2613  loss=0.4911  acc=0.7698  lr0=6.35e-06 lr1=6.35e-06
11:53:15 INFO   e2 step  1650/2613  loss=0.4888  acc=0.7714  lr0=6.30e-06 lr1=6.30e-06
11:53:50 INFO   e2 step  1700/2613  loss=0.4896  acc=0.7707  lr0=6.25e-06 lr1=6.25e-06
11:54:24 INFO   e2 step  1750/2613  loss=0.4902  acc=0.7704  lr0=6.20e-06 lr1=6.20e-06
11:54:59 INFO   e2 step  1800/2613  loss=0.4881  acc=0.7711  lr0=6.14e-06 lr1=6.14e-06
11:55:33 INFO   e2 step  1850/2613  loss=0.4873  acc=0.7711  lr0=6.09e-06 lr1=6.09e-06
11:56:08 INFO   e2 step  1900/2613  loss=0.4857  acc=0.7719  lr0=6.04e-06 lr1=6.04e-06
11:56:42 INFO   e2 step  1950/2613  loss=0.4842  acc=0.7721  lr0=6.00e-06 lr1=6.00e-06
11:57:17 INFO   e2 step  2000/2613  loss=0.4822  acc=0.7729  lr0=5.94e-06 lr1=5.94e-06
11:57:51 INFO   e2 step  2050/2613  loss=0.4808  acc=0.7726  lr0=5.89e-06 lr1=5.89e-06
11:58:26 INFO   e2 step  2100/2613  loss=0.4797  acc=0.7724  lr0=5.84e-06 lr1=5.84e-06
11:59:01 INFO   e2 step  2150/2613  loss=0.4783  acc=0.7727  lr0=5.79e-06 lr1=5.79e-06
11:59:36 INFO   e2 step  2200/2613  loss=0.4766  acc=0.7733  lr0=5.73e-06 lr1=5.73e-06
12:00:11 INFO   e2 step  2250/2613  loss=0.4760  acc=0.7738  lr0=5.69e-06 lr1=5.69e-06
12:00:45 INFO   e2 step  2300/2613  loss=0.4757  acc=0.7746  lr0=5.64e-06 lr1=5.64e-06
12:01:20 INFO   e2 step  2350/2613  loss=0.4744  acc=0.7755  lr0=5.59e-06 lr1=5.59e-06
12:01:55 INFO   e2 step  2400/2613  loss=0.4742  acc=0.7757  lr0=5.53e-06 lr1=5.53e-06
12:02:30 INFO   e2 step  2450/2613  loss=0.4738  acc=0.7757  lr0=5.48e-06 lr1=5.48e-06
12:03:05 INFO   e2 step  2500/2613  loss=0.4738  acc=0.7758  lr0=5.43e-06 lr1=5.43e-06
12:03:39 INFO   e2 step  2550/2613  loss=0.4718  acc=0.7766  lr0=5.38e-06 lr1=5.38e-06
12:04:14 INFO   e2 step  2600/2613  loss=0.4701  acc=0.7774  lr0=5.33e-06 lr1=5.33e-06
12:05:35 INFO [epoch 2] train_loss=0.4698 train_acc=0.7776  val_loss=0.4914 val_acc=0.7944 val_auc=0.8923  elapsed=1889.2s
12:05:37 INFO   saved best.pt  val_acc=0.7944
12:06:12 INFO   e3 step    50/2613  loss=0.3718  acc=0.8275  lr0=5.27e-06 lr1=5.27e-06
12:06:46 INFO   e3 step   100/2613  loss=0.3821  acc=0.8287  lr0=5.22e-06 lr1=5.22e-06
12:07:20 INFO   e3 step   150/2613  loss=0.3540  acc=0.8392  lr0=5.17e-06 lr1=5.17e-06
12:07:55 INFO   e3 step   200/2613  loss=0.3460  acc=0.8431  lr0=5.11e-06 lr1=5.11e-06
12:08:30 INFO   e3 step   250/2613  loss=0.3375  acc=0.8490  lr0=5.07e-06 lr1=5.07e-06
12:09:05 INFO   e3 step   300/2613  loss=0.3376  acc=0.8483  lr0=5.02e-06 lr1=5.02e-06
12:09:39 INFO   e3 step   350/2613  loss=0.3361  acc=0.8489  lr0=4.97e-06 lr1=4.97e-06
12:10:15 INFO   e3 step   400/2613  loss=0.3354  acc=0.8506  lr0=4.91e-06 lr1=4.91e-06
12:10:49 INFO   e3 step   450/2613  loss=0.3321  acc=0.8517  lr0=4.86e-06 lr1=4.86e-06
12:11:24 INFO   e3 step   500/2613  loss=0.3348  acc=0.8512  lr0=4.81e-06 lr1=4.81e-06
12:11:59 INFO   e3 step   550/2613  loss=0.3397  acc=0.8493  lr0=4.76e-06 lr1=4.76e-06
12:12:33 INFO   e3 step   600/2613  loss=0.3419  acc=0.8475  lr0=4.71e-06 lr1=4.71e-06
12:13:08 INFO   e3 step   650/2613  loss=0.3426  acc=0.8458  lr0=4.66e-06 lr1=4.66e-06
12:13:43 INFO   e3 step   700/2613  loss=0.3405  acc=0.8466  lr0=4.61e-06 lr1=4.61e-06
12:14:18 INFO   e3 step   750/2613  loss=0.3340  acc=0.8510  lr0=4.56e-06 lr1=4.56e-06
12:14:53 INFO   e3 step   800/2613  loss=0.3338  acc=0.8519  lr0=4.50e-06 lr1=4.50e-06
12:15:27 INFO   e3 step   850/2613  loss=0.3351  acc=0.8506  lr0=4.45e-06 lr1=4.45e-06
12:16:01 INFO   e3 step   900/2613  loss=0.3349  acc=0.8515  lr0=4.40e-06 lr1=4.40e-06
12:16:36 INFO   e3 step   950/2613  loss=0.3329  acc=0.8534  lr0=4.36e-06 lr1=4.36e-06
12:17:11 INFO   e3 step  1000/2613  loss=0.3329  acc=0.8531  lr0=4.30e-06 lr1=4.30e-06
12:17:45 INFO   e3 step  1050/2613  loss=0.3329  acc=0.8529  lr0=4.25e-06 lr1=4.25e-06
12:18:20 INFO   e3 step  1100/2613  loss=0.3332  acc=0.8530  lr0=4.20e-06 lr1=4.20e-06
12:18:55 INFO   e3 step  1150/2613  loss=0.3333  acc=0.8530  lr0=4.15e-06 lr1=4.15e-06
12:19:29 INFO   e3 step  1200/2613  loss=0.3341  acc=0.8525  lr0=4.09e-06 lr1=4.09e-06
12:20:04 INFO   e3 step  1250/2613  loss=0.3336  acc=0.8520  lr0=4.05e-06 lr1=4.05e-06
12:20:39 INFO   e3 step  1300/2613  loss=0.3330  acc=0.8512  lr0=4.00e-06 lr1=4.00e-06
12:21:14 INFO   e3 step  1350/2613  loss=0.3330  acc=0.8515  lr0=3.95e-06 lr1=3.95e-06
12:21:49 INFO   e3 step  1400/2613  loss=0.3322  acc=0.8525  lr0=3.89e-06 lr1=3.89e-06
12:22:24 INFO   e3 step  1450/2613  loss=0.3313  acc=0.8527  lr0=3.84e-06 lr1=3.84e-06
12:22:59 INFO   e3 step  1500/2613  loss=0.3310  acc=0.8531  lr0=3.79e-06 lr1=3.79e-06
12:23:33 INFO   e3 step  1550/2613  loss=0.3317  acc=0.8529  lr0=3.74e-06 lr1=3.74e-06
12:24:07 INFO   e3 step  1600/2613  loss=0.3317  acc=0.8530  lr0=3.69e-06 lr1=3.69e-06
12:24:41 INFO   e3 step  1650/2613  loss=0.3306  acc=0.8538  lr0=3.64e-06 lr1=3.64e-06
12:25:16 INFO   e3 step  1700/2613  loss=0.3291  acc=0.8543  lr0=3.59e-06 lr1=3.59e-06
12:25:50 INFO   e3 step  1750/2613  loss=0.3279  acc=0.8547  lr0=3.54e-06 lr1=3.54e-06
12:26:25 INFO   e3 step  1800/2613  loss=0.3275  acc=0.8553  lr0=3.48e-06 lr1=3.48e-06
12:27:00 INFO   e3 step  1850/2613  loss=0.3276  acc=0.8553  lr0=3.43e-06 lr1=3.43e-06
12:27:35 INFO   e3 step  1900/2613  loss=0.3267  acc=0.8557  lr0=3.38e-06 lr1=3.38e-06
12:28:10 INFO   e3 step  1950/2613  loss=0.3257  acc=0.8558  lr0=3.34e-06 lr1=3.34e-06
12:28:45 INFO   e3 step  2000/2613  loss=0.3251  acc=0.8554  lr0=3.28e-06 lr1=3.28e-06
12:29:19 INFO   e3 step  2050/2613  loss=0.3248  acc=0.8554  lr0=3.23e-06 lr1=3.23e-06
12:29:54 INFO   e3 step  2100/2613  loss=0.3232  acc=0.8566  lr0=3.18e-06 lr1=3.18e-06
12:30:28 INFO   e3 step  2150/2613  loss=0.3222  acc=0.8570  lr0=3.13e-06 lr1=3.13e-06
12:31:03 INFO   e3 step  2200/2613  loss=0.3212  acc=0.8574  lr0=3.08e-06 lr1=3.08e-06
12:31:37 INFO   e3 step  2250/2613  loss=0.3204  acc=0.8575  lr0=3.03e-06 lr1=3.03e-06
12:32:12 INFO   e3 step  2300/2613  loss=0.3200  acc=0.8578  lr0=2.98e-06 lr1=2.98e-06
12:32:47 INFO   e3 step  2350/2613  loss=0.3200  acc=0.8581  lr0=2.93e-06 lr1=2.93e-06
12:33:22 INFO   e3 step  2400/2613  loss=0.3193  acc=0.8584  lr0=2.87e-06 lr1=2.87e-06
12:33:57 INFO   e3 step  2450/2613  loss=0.3186  acc=0.8588  lr0=2.82e-06 lr1=2.82e-06
12:34:32 INFO   e3 step  2500/2613  loss=0.3177  acc=0.8592  lr0=2.77e-06 lr1=2.77e-06
12:35:07 INFO   e3 step  2550/2613  loss=0.3187  acc=0.8589  lr0=2.72e-06 lr1=2.72e-06
12:35:42 INFO   e3 step  2600/2613  loss=0.3179  acc=0.8593  lr0=2.67e-06 lr1=2.67e-06
12:37:03 INFO [epoch 3] train_loss=0.3177 train_acc=0.8594  val_loss=0.4054 val_acc=0.8128 val_auc=0.9142  elapsed=1885.4s
12:37:05 INFO   saved best.pt  val_acc=0.8128
12:37:40 INFO   e4 step    50/2613  loss=0.2401  acc=0.8950  lr0=2.61e-06 lr1=2.61e-06
12:38:15 INFO   e4 step   100/2613  loss=0.2326  acc=0.8975  lr0=2.56e-06 lr1=2.56e-06
12:38:50 INFO   e4 step   150/2613  loss=0.2327  acc=0.8992  lr0=2.51e-06 lr1=2.51e-06
12:39:25 INFO   e4 step   200/2613  loss=0.2195  acc=0.9087  lr0=2.46e-06 lr1=2.46e-06
12:40:00 INFO   e4 step   250/2613  loss=0.2254  acc=0.9050  lr0=2.41e-06 lr1=2.41e-06
12:40:35 INFO   e4 step   300/2613  loss=0.2244  acc=0.9050  lr0=2.36e-06 lr1=2.36e-06
12:41:09 INFO   e4 step   350/2613  loss=0.2265  acc=0.9057  lr0=2.31e-06 lr1=2.31e-06
12:41:44 INFO   e4 step   400/2613  loss=0.2282  acc=0.9050  lr0=2.25e-06 lr1=2.25e-06
12:42:19 INFO   e4 step   450/2613  loss=0.2283  acc=0.9033  lr0=2.20e-06 lr1=2.20e-06
12:42:54 INFO   e4 step   500/2613  loss=0.2307  acc=0.9012  lr0=2.15e-06 lr1=2.15e-06
12:43:28 INFO   e4 step   550/2613  loss=0.2293  acc=0.9020  lr0=2.10e-06 lr1=2.10e-06
12:44:02 INFO   e4 step   600/2613  loss=0.2248  acc=0.9033  lr0=2.05e-06 lr1=2.05e-06
12:44:36 INFO   e4 step   650/2613  loss=0.2282  acc=0.9019  lr0=2.00e-06 lr1=2.00e-06
12:45:11 INFO   e4 step   700/2613  loss=0.2288  acc=0.9016  lr0=1.95e-06 lr1=1.95e-06
12:45:46 INFO   e4 step   750/2613  loss=0.2277  acc=0.9032  lr0=1.90e-06 lr1=1.90e-06
12:46:21 INFO   e4 step   800/2613  loss=0.2289  acc=0.9023  lr0=1.84e-06 lr1=1.84e-06
12:46:55 INFO   e4 step   850/2613  loss=0.2271  acc=0.9035  lr0=1.79e-06 lr1=1.79e-06
12:47:29 INFO   e4 step   900/2613  loss=0.2255  acc=0.9039  lr0=1.75e-06 lr1=1.75e-06
12:48:04 INFO   e4 step   950/2613  loss=0.2240  acc=0.9051  lr0=1.70e-06 lr1=1.70e-06
12:48:39 INFO   e4 step  1000/2613  loss=0.2239  acc=0.9052  lr0=1.64e-06 lr1=1.64e-06
12:49:14 INFO   e4 step  1050/2613  loss=0.2231  acc=0.9063  lr0=1.59e-06 lr1=1.59e-06
12:49:49 INFO   e4 step  1100/2613  loss=0.2240  acc=0.9065  lr0=1.54e-06 lr1=1.54e-06
12:50:23 INFO   e4 step  1150/2613  loss=0.2256  acc=0.9061  lr0=1.49e-06 lr1=1.49e-06
12:50:59 INFO   e4 step  1200/2613  loss=0.2283  acc=0.9055  lr0=1.44e-06 lr1=1.44e-06
12:51:33 INFO   e4 step  1250/2613  loss=0.2274  acc=0.9057  lr0=1.39e-06 lr1=1.39e-06
12:52:08 INFO   e4 step  1300/2613  loss=0.2256  acc=0.9063  lr0=1.34e-06 lr1=1.34e-06
12:52:43 INFO   e4 step  1350/2613  loss=0.2236  acc=0.9071  lr0=1.29e-06 lr1=1.29e-06
12:53:18 INFO   e4 step  1400/2613  loss=0.2237  acc=0.9072  lr0=1.23e-06 lr1=1.23e-06
12:53:52 INFO   e4 step  1450/2613  loss=0.2241  acc=0.9070  lr0=1.18e-06 lr1=1.18e-06
12:54:26 INFO   e4 step  1500/2613  loss=0.2240  acc=0.9067  lr0=1.13e-06 lr1=1.13e-06
12:55:01 INFO   e4 step  1550/2613  loss=0.2236  acc=0.9060  lr0=1.08e-06 lr1=1.08e-06
12:55:36 INFO   e4 step  1600/2613  loss=0.2229  acc=0.9067  lr0=1.03e-06 lr1=1.03e-06
12:56:11 INFO   e4 step  1650/2613  loss=0.2230  acc=0.9071  lr0=9.79e-07 lr1=9.79e-07
12:56:46 INFO   e4 step  1700/2613  loss=0.2223  acc=0.9074  lr0=9.30e-07 lr1=9.30e-07
12:57:21 INFO   e4 step  1750/2613  loss=0.2217  acc=0.9077  lr0=8.81e-07 lr1=8.81e-07
12:57:56 INFO   e4 step  1800/2613  loss=0.2210  acc=0.9081  lr0=8.24e-07 lr1=8.24e-07
12:58:31 INFO   e4 step  1850/2613  loss=0.2221  acc=0.9072  lr0=7.75e-07 lr1=7.75e-07
12:59:06 INFO   e4 step  1900/2613  loss=0.2213  acc=0.9074  lr0=7.26e-07 lr1=7.26e-07
12:59:41 INFO   e4 step  1950/2613  loss=0.2222  acc=0.9072  lr0=6.77e-07 lr1=6.77e-07
13:00:15 INFO   e4 step  2000/2613  loss=0.2235  acc=0.9066  lr0=6.20e-07 lr1=6.20e-07
13:00:50 INFO   e4 step  2050/2613  loss=0.2233  acc=0.9071  lr0=5.71e-07 lr1=5.71e-07
13:01:25 INFO   e4 step  2100/2613  loss=0.2235  acc=0.9067  lr0=5.22e-07 lr1=5.22e-07
13:02:00 INFO   e4 step  2150/2613  loss=0.2238  acc=0.9069  lr0=4.73e-07 lr1=4.73e-07
13:02:35 INFO   e4 step  2200/2613  loss=0.2234  acc=0.9070  lr0=4.16e-07 lr1=4.16e-07
13:03:10 INFO   e4 step  2250/2613  loss=0.2232  acc=0.9071  lr0=3.67e-07 lr1=3.67e-07
13:03:45 INFO   e4 step  2300/2613  loss=0.2234  acc=0.9069  lr0=3.18e-07 lr1=3.18e-07
13:04:19 INFO   e4 step  2350/2613  loss=0.2220  acc=0.9074  lr0=2.69e-07 lr1=2.69e-07
13:04:54 INFO   e4 step  2400/2613  loss=0.2216  acc=0.9078  lr0=2.12e-07 lr1=2.12e-07
13:05:29 INFO   e4 step  2450/2613  loss=0.2213  acc=0.9078  lr0=1.63e-07 lr1=1.63e-07
13:06:03 INFO   e4 step  2500/2613  loss=0.2213  acc=0.9077  lr0=1.14e-07 lr1=1.14e-07
13:06:37 INFO   e4 step  2550/2613  loss=0.2206  acc=0.9078  lr0=6.53e-08 lr1=6.53e-08
13:07:12 INFO   e4 step  2600/2613  loss=0.2207  acc=0.9076  lr0=8.16e-09 lr1=8.16e-09
13:08:33 INFO [epoch 4] train_loss=0.2209 train_acc=0.9077  val_loss=0.4315 val_acc=0.8266 val_auc=0.9218  elapsed=1887.8s
13:08:35 INFO   saved best.pt  val_acc=0.8266
13:08:37 INFO loading best.pt for test eval
13:09:50 INFO [test] loss=0.4804  acc=0.8109  auc=0.9079  f1=0.8076
13:09:50 INFO [done] run_summary.json written to /mnt/localssd/crossencoder_sweep/runs/ajo_newstyle/deberta-v3-large
