[train] total_steps=8580 warmup=514 batch_size=32 epochs=10
  step=    50/8580  loss=0.5082  lr=1.95e-06  epoch=1
  step=   100/8580  loss=0.4776  lr=3.89e-06  epoch=1
  step=   150/8580  loss=0.4054  lr=5.84e-06  epoch=1
  step=   200/8580  loss=0.4576  lr=7.78e-06  epoch=1
  step=   250/8580  loss=0.5699  lr=9.73e-06  epoch=1
  step=   300/8580  loss=0.3907  lr=1.17e-05  epoch=1
  step=   350/8580  loss=0.4705  lr=1.36e-05  epoch=1
  step=   400/8580  loss=0.3934  lr=1.56e-05  epoch=1
  step=   450/8580  loss=0.5286  lr=1.75e-05  epoch=1
  step=   500/8580  loss=0.5182  lr=1.95e-05  epoch=1
  step=   550/8580  loss=0.4237  lr=1.99e-05  epoch=1
  step=   600/8580  loss=0.5705  lr=1.98e-05  epoch=1
  step=   650/8580  loss=0.4603  lr=1.97e-05  epoch=1
  step=   700/8580  loss=0.3811  lr=1.95e-05  epoch=1
  step=   750/8580  loss=0.4353  lr=1.94e-05  epoch=1
  step=   800/8580  loss=0.5391  lr=1.93e-05  epoch=1
  step=   850/8580  loss=0.4473  lr=1.92e-05  epoch=1
[epoch 1/10]  train_loss=0.5155  val_AUC=0.6026  val_P@1=0.2847  (47s)
  * new best val_AUC=0.6026, saved checkpoint_best.pt
  step=   900/8580  loss=0.4415  lr=1.90e-05  epoch=2
  step=   950/8580  loss=0.5326  lr=1.89e-05  epoch=2
  step=  1000/8580  loss=0.5407  lr=1.88e-05  epoch=2
  step=  1050/8580  loss=0.3089  lr=1.87e-05  epoch=2
  step=  1100/8580  loss=0.4663  lr=1.85e-05  epoch=2
  step=  1150/8580  loss=0.4860  lr=1.84e-05  epoch=2
  step=  1200/8580  loss=0.6036  lr=1.83e-05  epoch=2
  step=  1250/8580  loss=0.4595  lr=1.82e-05  epoch=2
  step=  1300/8580  loss=0.5800  lr=1.81e-05  epoch=2
  step=  1350/8580  loss=0.5124  lr=1.79e-05  epoch=2
  step=  1400/8580  loss=0.4998  lr=1.78e-05  epoch=2
  step=  1450/8580  loss=0.5923  lr=1.77e-05  epoch=2
  step=  1500/8580  loss=0.5233  lr=1.76e-05  epoch=2
  step=  1550/8580  loss=0.4814  lr=1.74e-05  epoch=2
  step=  1600/8580  loss=0.4279  lr=1.73e-05  epoch=2
  step=  1650/8580  loss=0.5614  lr=1.72e-05  epoch=2
  step=  1700/8580  loss=0.4327  lr=1.71e-05  epoch=2
[epoch 2/10]  train_loss=0.4947  val_AUC=0.6872  val_P@1=0.3701  (94s)
  * new best val_AUC=0.6872, saved checkpoint_best.pt
  step=  1750/8580  loss=0.4324  lr=1.69e-05  epoch=3
  step=  1800/8580  loss=0.6883  lr=1.68e-05  epoch=3
  step=  1850/8580  loss=0.4722  lr=1.67e-05  epoch=3
  step=  1900/8580  loss=0.4123  lr=1.66e-05  epoch=3
  step=  1950/8580  loss=0.3991  lr=1.64e-05  epoch=3
  step=  2000/8580  loss=0.5392  lr=1.63e-05  epoch=3
  step=  2050/8580  loss=0.5949  lr=1.62e-05  epoch=3
  step=  2100/8580  loss=0.5046  lr=1.61e-05  epoch=3
  step=  2150/8580  loss=0.2792  lr=1.59e-05  epoch=3
  step=  2200/8580  loss=0.4883  lr=1.58e-05  epoch=3
  step=  2250/8580  loss=0.5375  lr=1.57e-05  epoch=3
  step=  2300/8580  loss=0.3743  lr=1.56e-05  epoch=3
  step=  2350/8580  loss=0.4609  lr=1.54e-05  epoch=3
  step=  2400/8580  loss=0.4207  lr=1.53e-05  epoch=3
  step=  2450/8580  loss=0.4872  lr=1.52e-05  epoch=3
  step=  2500/8580  loss=0.4831  lr=1.51e-05  epoch=3
  step=  2550/8580  loss=0.2939  lr=1.50e-05  epoch=3
[epoch 3/10]  train_loss=0.4834  val_AUC=0.7021  val_P@1=0.3950  (142s)
  * new best val_AUC=0.7021, saved checkpoint_best.pt
  step=  2600/8580  loss=0.4935  lr=1.48e-05  epoch=4
  step=  2650/8580  loss=0.3887  lr=1.47e-05  epoch=4
  step=  2700/8580  loss=0.5713  lr=1.46e-05  epoch=4
  step=  2750/8580  loss=0.4732  lr=1.45e-05  epoch=4
  step=  2800/8580  loss=0.3343  lr=1.43e-05  epoch=4
  step=  2850/8580  loss=0.5351  lr=1.42e-05  epoch=4
  step=  2900/8580  loss=0.4488  lr=1.41e-05  epoch=4
  step=  2950/8580  loss=0.4253  lr=1.40e-05  epoch=4
  step=  3000/8580  loss=0.4342  lr=1.38e-05  epoch=4
  step=  3050/8580  loss=0.5175  lr=1.37e-05  epoch=4
  step=  3100/8580  loss=0.2941  lr=1.36e-05  epoch=4
  step=  3150/8580  loss=0.3757  lr=1.35e-05  epoch=4
  step=  3200/8580  loss=0.5298  lr=1.33e-05  epoch=4
  step=  3250/8580  loss=0.3322  lr=1.32e-05  epoch=4
  step=  3300/8580  loss=0.2864  lr=1.31e-05  epoch=4
  step=  3350/8580  loss=0.5725  lr=1.30e-05  epoch=4
  step=  3400/8580  loss=0.2815  lr=1.28e-05  epoch=4
[epoch 4/10]  train_loss=0.4691  val_AUC=0.7071  val_P@1=0.4075  (189s)
  * new best val_AUC=0.7071, saved checkpoint_best.pt
  step=  3450/8580  loss=0.5113  lr=1.27e-05  epoch=5
  step=  3500/8580  loss=0.4526  lr=1.26e-05  epoch=5
  step=  3550/8580  loss=0.4038  lr=1.25e-05  epoch=5
  step=  3600/8580  loss=0.5898  lr=1.23e-05  epoch=5
  step=  3650/8580  loss=0.4104  lr=1.22e-05  epoch=5
  step=  3700/8580  loss=0.6392  lr=1.21e-05  epoch=5
  step=  3750/8580  loss=0.5962  lr=1.20e-05  epoch=5
  step=  3800/8580  loss=0.3863  lr=1.19e-05  epoch=5
  step=  3850/8580  loss=0.4621  lr=1.17e-05  epoch=5
  step=  3900/8580  loss=0.5286  lr=1.16e-05  epoch=5
  step=  3950/8580  loss=0.5500  lr=1.15e-05  epoch=5
  step=  4000/8580  loss=0.5973  lr=1.14e-05  epoch=5
  step=  4050/8580  loss=0.4244  lr=1.12e-05  epoch=5
  step=  4100/8580  loss=0.3269  lr=1.11e-05  epoch=5
  step=  4150/8580  loss=0.3773  lr=1.10e-05  epoch=5
  step=  4200/8580  loss=0.5458  lr=1.09e-05  epoch=5
  step=  4250/8580  loss=0.4717  lr=1.07e-05  epoch=5
[epoch 5/10]  train_loss=0.4515  val_AUC=0.7140  val_P@1=0.4093  (237s)
  * new best val_AUC=0.7140, saved checkpoint_best.pt
  step=  4300/8580  loss=0.6177  lr=1.06e-05  epoch=6
  step=  4350/8580  loss=0.5483  lr=1.05e-05  epoch=6
  step=  4400/8580  loss=0.5212  lr=1.04e-05  epoch=6
  step=  4450/8580  loss=0.3385  lr=1.02e-05  epoch=6
  step=  4500/8580  loss=0.3201  lr=1.01e-05  epoch=6
  step=  4550/8580  loss=0.3121  lr=9.99e-06  epoch=6
  step=  4600/8580  loss=0.2797  lr=9.87e-06  epoch=6
  step=  4650/8580  loss=0.2776  lr=9.74e-06  epoch=6
  step=  4700/8580  loss=0.4236  lr=9.62e-06  epoch=6
  step=  4750/8580  loss=0.4896  lr=9.50e-06  epoch=6
  step=  4800/8580  loss=0.3680  lr=9.37e-06  epoch=6
  step=  4850/8580  loss=0.3695  lr=9.25e-06  epoch=6
  step=  4900/8580  loss=0.3655  lr=9.12e-06  epoch=6
  step=  4950/8580  loss=0.4986  lr=9.00e-06  epoch=6
  step=  5000/8580  loss=0.4918  lr=8.88e-06  epoch=6
  step=  5050/8580  loss=0.5033  lr=8.75e-06  epoch=6
  step=  5100/8580  loss=0.5244  lr=8.63e-06  epoch=6
[epoch 6/10]  train_loss=0.4332  val_AUC=0.7308  val_P@1=0.4217  (285s)
  * new best val_AUC=0.7308, saved checkpoint_best.pt
  step=  5150/8580  loss=0.3830  lr=8.50e-06  epoch=7
  step=  5200/8580  loss=0.3708  lr=8.38e-06  epoch=7
  step=  5250/8580  loss=0.3177  lr=8.26e-06  epoch=7
  step=  5300/8580  loss=0.4765  lr=8.13e-06  epoch=7
  step=  5350/8580  loss=0.4480  lr=8.01e-06  epoch=7
  step=  5400/8580  loss=0.2580  lr=7.88e-06  epoch=7
  step=  5450/8580  loss=0.5720  lr=7.76e-06  epoch=7
  step=  5500/8580  loss=0.1815  lr=7.64e-06  epoch=7
  step=  5550/8580  loss=0.6875  lr=7.51e-06  epoch=7
  step=  5600/8580  loss=0.2686  lr=7.39e-06  epoch=7
  step=  5650/8580  loss=0.2452  lr=7.27e-06  epoch=7
  step=  5700/8580  loss=0.4314  lr=7.14e-06  epoch=7
  step=  5750/8580  loss=0.3988  lr=7.02e-06  epoch=7
  step=  5800/8580  loss=0.5114  lr=6.89e-06  epoch=7
  step=  5850/8580  loss=0.5252  lr=6.77e-06  epoch=7
  step=  5900/8580  loss=0.2760  lr=6.65e-06  epoch=7
  step=  5950/8580  loss=0.3383  lr=6.52e-06  epoch=7
  step=  6000/8580  loss=0.3728  lr=6.40e-06  epoch=7
[epoch 7/10]  train_loss=0.4112  val_AUC=0.7161  val_P@1=0.3986  (332s)
  step=  6050/8580  loss=0.4318  lr=6.27e-06  epoch=8
  step=  6100/8580  loss=0.4601  lr=6.15e-06  epoch=8
  step=  6150/8580  loss=0.6590  lr=6.03e-06  epoch=8
  step=  6200/8580  loss=0.5803  lr=5.90e-06  epoch=8
  step=  6250/8580  loss=0.3601  lr=5.78e-06  epoch=8
  step=  6300/8580  loss=0.3562  lr=5.65e-06  epoch=8
  step=  6350/8580  loss=0.2603  lr=5.53e-06  epoch=8
  step=  6400/8580  loss=0.4451  lr=5.41e-06  epoch=8
  step=  6450/8580  loss=0.3431  lr=5.28e-06  epoch=8
  step=  6500/8580  loss=0.4427  lr=5.16e-06  epoch=8
  step=  6550/8580  loss=0.6244  lr=5.03e-06  epoch=8
  step=  6600/8580  loss=0.3437  lr=4.91e-06  epoch=8
  step=  6650/8580  loss=0.2716  lr=4.79e-06  epoch=8
  step=  6700/8580  loss=0.4557  lr=4.66e-06  epoch=8
  step=  6750/8580  loss=0.4129  lr=4.54e-06  epoch=8
  step=  6800/8580  loss=0.5412  lr=4.41e-06  epoch=8
  step=  6850/8580  loss=0.2641  lr=4.29e-06  epoch=8
[epoch 8/10]  train_loss=0.3906  val_AUC=0.7221  val_P@1=0.4075  (380s)
  step=  6900/8580  loss=0.4489  lr=4.17e-06  epoch=9
  step=  6950/8580  loss=0.3056  lr=4.04e-06  epoch=9
  step=  7000/8580  loss=0.2840  lr=3.92e-06  epoch=9
  step=  7050/8580  loss=0.2113  lr=3.79e-06  epoch=9
  step=  7100/8580  loss=0.4314  lr=3.67e-06  epoch=9
  step=  7150/8580  loss=0.5365  lr=3.55e-06  epoch=9
  step=  7200/8580  loss=0.3632  lr=3.42e-06  epoch=9
  step=  7250/8580  loss=0.4390  lr=3.30e-06  epoch=9
  step=  7300/8580  loss=0.1904  lr=3.17e-06  epoch=9
  step=  7350/8580  loss=0.4583  lr=3.05e-06  epoch=9
  step=  7400/8580  loss=0.3058  lr=2.93e-06  epoch=9
  step=  7450/8580  loss=0.5292  lr=2.80e-06  epoch=9
  step=  7500/8580  loss=0.3784  lr=2.68e-06  epoch=9
  step=  7550/8580  loss=0.5189  lr=2.55e-06  epoch=9
  step=  7600/8580  loss=0.3895  lr=2.43e-06  epoch=9
  step=  7650/8580  loss=0.3270  lr=2.31e-06  epoch=9
  step=  7700/8580  loss=0.2684  lr=2.18e-06  epoch=9
[epoch 9/10]  train_loss=0.3721  val_AUC=0.7094  val_P@1=0.3897  (427s)
  step=  7750/8580  loss=0.3769  lr=2.06e-06  epoch=10
  step=  7800/8580  loss=0.2675  lr=1.93e-06  epoch=10
  step=  7850/8580  loss=0.3262  lr=1.81e-06  epoch=10
  step=  7900/8580  loss=0.2898  lr=1.69e-06  epoch=10
  step=  7950/8580  loss=0.4303  lr=1.56e-06  epoch=10
  step=  8000/8580  loss=0.3525  lr=1.44e-06  epoch=10
  step=  8050/8580  loss=0.4630  lr=1.31e-06  epoch=10
  step=  8100/8580  loss=0.3639  lr=1.19e-06  epoch=10
  step=  8150/8580  loss=0.3410  lr=1.07e-06  epoch=10
  step=  8200/8580  loss=0.3956  lr=9.42e-07  epoch=10
  step=  8250/8580  loss=0.2244  lr=8.18e-07  epoch=10
  step=  8300/8580  loss=0.2829  lr=6.94e-07  epoch=10
  step=  8350/8580  loss=0.4069  lr=5.70e-07  epoch=10
  step=  8400/8580  loss=0.2635  lr=4.46e-07  epoch=10
  step=  8450/8580  loss=0.3496  lr=3.22e-07  epoch=10
  step=  8500/8580  loss=0.2478  lr=1.98e-07  epoch=10
  step=  8550/8580  loss=0.5018  lr=7.44e-08  epoch=10
[epoch 10/10]  train_loss=0.3556  val_AUC=0.7096  val_P@1=0.3950  (473s)

[done]  best val_AUC=0.7308
  best:   /mnt/localssd/base_line/my_work/kl/cross_encoder/results/aep_causal_10ep/checkpoint_best.pt
  latest: /mnt/localssd/base_line/my_work/kl/cross_encoder/results/aep_causal_10ep/checkpoint_latest.pt
