17:43:58 INFO run_dir=/mnt/localssd/baseline_sweep/runs/aep_causal_wf_v3/bge-base-en-v1.5
17:43:58 INFO device=cuda:0  bf16=True  physical_gpu=3  CUDA_VISIBLE_DEVICES=3
17:43:58 INFO dataset=aep_causal_wf_v3  model=bge-base-en-v1.5  backbone=BAAI/bge-base-en-v1.5
17:43:58 INFO tokenizer <- BAAI/bge-base-en-v1.5
Warning: You are sending unauthenticated requests to the HF Hub. Please set a HF_TOKEN to enable higher rate limits and faster downloads.
17:43:58 INFO split files: ['directional_train.jsonl', 'directional_val.jsonl', 'directional_test.jsonl']
17:43:58 INFO scanning max token length across all splits ...
17:44:07 INFO   observed_max=422 -> max_seq_len=446 (cap=512, scan=8.4s)
17:44:07 INFO loading datasets ...
17:44:07 INFO   schema=standard  train=21287  val=327  test=318
17:44:07 INFO building DirectionalClassifier  backbone=BAAI/bge-base-en-v1.5  head=MLP(4d->512->128->1, act=gelu, norm=layer, dropout=0.1)  n_tiers=0
Loading weights:   0%|          | 0/199 [00:00<?, ?it/s]Loading weights: 100%|██████████| 199/199 [00:00<00:00, 8024.64it/s]
Loading weights:   0%|          | 0/199 [00:00<?, ?it/s]Loading weights: 100%|██████████| 199/199 [00:00<00:00, 7648.30it/s]
17:44:08 INFO   hidden_size=768  trainable_params=220,611,073
17:44:08 INFO   total_steps=1332  warmup_steps=133
17:44:17 INFO   e1 step    50/333  loss=0.7303  acc=0.5706  lr0=7.52e-06 lr1=3.76e-04
17:44:25 INFO   e1 step   100/333  loss=0.6893  acc=0.5950  lr0=1.50e-05 lr1=7.52e-04
17:44:32 INFO   e1 step   150/333  loss=0.6610  acc=0.6193  lr0=1.97e-05 lr1=9.86e-04
17:44:39 INFO   e1 step   200/333  loss=0.6363  acc=0.6409  lr0=1.89e-05 lr1=9.44e-04
17:44:46 INFO   e1 step   250/333  loss=0.6134  acc=0.6610  lr0=1.80e-05 lr1=9.02e-04
17:44:53 INFO   e1 step   300/333  loss=0.5949  acc=0.6755  lr0=1.72e-05 lr1=8.61e-04
17:44:59 INFO [epoch 1] train_loss=0.5835 train_acc=0.6844  val_loss=0.7030 val_acc=0.6606 val_auc=0.7305  elapsed=50.3s
17:45:00 INFO   saved best.pt  val_acc=0.6606
17:45:07 INFO   e2 step    50/333  loss=0.4021  acc=0.8084  lr0=1.58e-05 lr1=7.91e-04
17:45:14 INFO   e2 step   100/333  loss=0.3984  acc=0.8130  lr0=1.50e-05 lr1=7.50e-04
17:45:22 INFO   e2 step   150/333  loss=0.3992  acc=0.8124  lr0=1.42e-05 lr1=7.08e-04
17:45:29 INFO   e2 step   200/333  loss=0.3940  acc=0.8173  lr0=1.33e-05 lr1=6.66e-04
17:45:36 INFO   e2 step   250/333  loss=0.3900  acc=0.8202  lr0=1.25e-05 lr1=6.25e-04
17:45:44 INFO   e2 step   300/333  loss=0.3857  acc=0.8220  lr0=1.17e-05 lr1=5.83e-04
17:45:49 INFO [epoch 2] train_loss=0.3828 train_acc=0.8234  val_loss=0.7148 val_acc=0.6453 val_auc=0.7489  elapsed=49.4s
17:45:56 INFO   e3 step    50/333  loss=0.2812  acc=0.8781  lr0=1.03e-05 lr1=5.14e-04
17:46:04 INFO   e3 step   100/333  loss=0.2784  acc=0.8803  lr0=9.44e-06 lr1=4.72e-04
17:46:11 INFO   e3 step   150/333  loss=0.2773  acc=0.8809  lr0=8.61e-06 lr1=4.30e-04
17:46:19 INFO   e3 step   200/333  loss=0.2842  acc=0.8781  lr0=7.77e-06 lr1=3.89e-04
17:46:26 INFO   e3 step   250/333  loss=0.2787  acc=0.8814  lr0=6.94e-06 lr1=3.47e-04
17:46:33 INFO   e3 step   300/333  loss=0.2737  acc=0.8830  lr0=6.11e-06 lr1=3.05e-04
17:46:38 INFO [epoch 3] train_loss=0.2726 train_acc=0.8831  val_loss=0.8433 val_acc=0.6697 val_auc=0.7591  elapsed=49.5s
17:46:40 INFO   saved best.pt  val_acc=0.6697
17:46:47 INFO   e4 step    50/333  loss=0.1904  acc=0.9228  lr0=4.72e-06 lr1=2.36e-04
17:46:55 INFO   e4 step   100/333  loss=0.1844  acc=0.9256  lr0=3.89e-06 lr1=1.94e-04
17:47:02 INFO   e4 step   150/333  loss=0.1819  acc=0.9259  lr0=3.05e-06 lr1=1.53e-04
17:47:09 INFO   e4 step   200/333  loss=0.1822  acc=0.9259  lr0=2.22e-06 lr1=1.11e-04
17:47:17 INFO   e4 step   250/333  loss=0.1821  acc=0.9261  lr0=1.38e-06 lr1=6.92e-05
17:47:24 INFO   e4 step   300/333  loss=0.1808  acc=0.9270  lr0=5.50e-07 lr1=2.75e-05
17:47:30 INFO [epoch 4] train_loss=0.1803 train_acc=0.9278  val_loss=1.0140 val_acc=0.6942 val_auc=0.7660  elapsed=49.9s
17:47:31 INFO   saved best.pt  val_acc=0.6942
17:47:32 INFO loading best.pt for test eval
17:47:33 INFO [test] loss=0.8234  acc=0.7390  auc=0.8219  f1=0.7331
17:47:33 INFO [test] per-tier-pair accuracy:
17:47:33 INFO         T1-T1  n=    2  acc=0.0000
17:47:33 INFO         T1-T2  n=    1  acc=1.0000
17:47:33 INFO         T1-T3  n=    1  acc=1.0000
17:47:33 INFO         T1-T4  n=    1  acc=1.0000
17:47:33 INFO         T1-T5  n=    2  acc=1.0000
17:47:33 INFO         T1-T6  n=    2  acc=1.0000
17:47:33 INFO         T1-T7  n=    2  acc=1.0000
17:47:33 INFO         T1-T8  n=    2  acc=1.0000
17:47:33 INFO        T1-T10  n=    1  acc=1.0000
17:47:33 INFO        T1-T12  n=    1  acc=1.0000
17:47:33 INFO         T2-T3  n=    2  acc=1.0000
17:47:33 INFO         T2-T4  n=    2  acc=1.0000
17:47:33 INFO         T2-T6  n=    3  acc=1.0000
17:47:33 INFO         T2-T7  n=    1  acc=1.0000
17:47:33 INFO         T2-T9  n=    2  acc=1.0000
17:47:33 INFO        T2-T11  n=    1  acc=1.0000
17:47:33 INFO        T2-T13  n=    2  acc=1.0000
17:47:33 INFO        T2-T14  n=    1  acc=1.0000
17:47:33 INFO        T2-T15  n=    1  acc=1.0000
17:47:33 INFO         T3-T3  n=    6  acc=1.0000
17:47:33 INFO         T3-T4  n=    6  acc=0.5000
17:47:33 INFO         T3-T5  n=    1  acc=0.0000
17:47:33 INFO         T3-T6  n=    2  acc=0.5000
17:47:33 INFO         T3-T7  n=    2  acc=1.0000
17:47:33 INFO         T3-T8  n=    1  acc=1.0000
17:47:33 INFO         T3-T9  n=    3  acc=1.0000
17:47:33 INFO        T3-T11  n=    1  acc=1.0000
17:47:33 INFO        T3-T12  n=    3  acc=1.0000
17:47:33 INFO        T3-T13  n=    2  acc=1.0000
17:47:33 INFO        T3-T14  n=    1  acc=1.0000
17:47:33 INFO        T3-T15  n=    4  acc=1.0000
17:47:33 INFO         T4-T4  n=    3  acc=0.0000
17:47:33 INFO         T4-T5  n=    1  acc=1.0000
17:47:33 INFO         T4-T8  n=    2  acc=0.5000
17:47:33 INFO         T4-T9  n=    1  acc=0.0000
17:47:33 INFO        T4-T10  n=    3  acc=1.0000
17:47:33 INFO        T4-T11  n=    1  acc=1.0000
17:47:33 INFO        T4-T13  n=    2  acc=1.0000
17:47:33 INFO        T4-T15  n=    2  acc=1.0000
17:47:33 INFO         T5-T5  n=   24  acc=0.6667
17:47:33 INFO         T5-T6  n=    4  acc=0.5000
17:47:33 INFO         T5-T7  n=    1  acc=1.0000
17:47:33 INFO         T5-T8  n=    1  acc=1.0000
17:47:33 INFO        T5-T10  n=    1  acc=1.0000
17:47:33 INFO        T5-T11  n=    2  acc=1.0000
17:47:33 INFO        T5-T13  n=    2  acc=1.0000
17:47:33 INFO        T5-T14  n=    1  acc=0.0000
17:47:33 INFO         T6-T6  n=   33  acc=0.8485
17:47:33 INFO         T6-T8  n=    1  acc=1.0000
17:47:33 INFO         T6-T9  n=    1  acc=0.0000
17:47:33 INFO        T6-T10  n=    1  acc=0.0000
17:47:33 INFO        T6-T11  n=    4  acc=0.5000
17:47:33 INFO        T6-T12  n=    1  acc=1.0000
17:47:33 INFO        T6-T13  n=    4  acc=1.0000
17:47:33 INFO        T6-T15  n=    2  acc=1.0000
17:47:33 INFO         T7-T7  n=   13  acc=0.5385
17:47:33 INFO         T7-T8  n=    4  acc=1.0000
17:47:33 INFO         T7-T9  n=    2  acc=1.0000
17:47:33 INFO        T7-T10  n=    1  acc=0.0000
17:47:33 INFO        T7-T11  n=    1  acc=1.0000
17:47:33 INFO        T7-T12  n=    1  acc=1.0000
17:47:33 INFO        T7-T13  n=    1  acc=1.0000
17:47:33 INFO         T8-T8  n=    3  acc=0.3333
17:47:33 INFO        T8-T10  n=    2  acc=0.5000
17:47:33 INFO        T8-T11  n=    2  acc=1.0000
17:47:33 INFO        T8-T12  n=    1  acc=1.0000
17:47:33 INFO        T8-T13  n=    1  acc=0.0000
17:47:33 INFO        T8-T15  n=    2  acc=0.5000
17:47:33 INFO         T9-T9  n=   15  acc=0.7333
17:47:33 INFO        T9-T10  n=    2  acc=0.5000
17:47:33 INFO        T9-T11  n=    1  acc=1.0000
17:47:33 INFO        T9-T12  n=    1  acc=1.0000
17:47:33 INFO        T9-T13  n=    1  acc=1.0000
17:47:33 INFO        T9-T14  n=    2  acc=1.0000
17:47:33 INFO       T10-T10  n=   17  acc=0.8235
17:47:33 INFO       T10-T11  n=    1  acc=0.0000
17:47:33 INFO       T10-T12  n=    1  acc=0.0000
17:47:33 INFO       T10-T13  n=    2  acc=1.0000
17:47:33 INFO       T10-T14  n=    1  acc=0.0000
17:47:33 INFO       T10-T15  n=    1  acc=1.0000
17:47:33 INFO       T11-T11  n=    2  acc=1.0000
17:47:33 INFO       T11-T12  n=    2  acc=0.5000
17:47:33 INFO       T11-T13  n=    2  acc=1.0000
17:47:33 INFO       T11-T14  n=    2  acc=0.5000
17:47:33 INFO       T12-T12  n=   26  acc=0.6154
17:47:33 INFO       T12-T13  n=    2  acc=1.0000
17:47:33 INFO       T12-T14  n=    2  acc=1.0000
17:47:33 INFO       T12-T15  n=    3  acc=0.6667
17:47:33 INFO       T13-T13  n=    5  acc=0.6000
17:47:33 INFO       T13-T15  n=    2  acc=1.0000
17:47:33 INFO       T14-T14  n=   10  acc=0.4000
17:47:33 INFO       T14-T15  n=    1  acc=0.0000
17:47:33 INFO       T15-T15  n=   20  acc=0.7000
17:47:33 INFO [done] run_summary.json written to /mnt/localssd/baseline_sweep/runs/aep_causal_wf_v3/bge-base-en-v1.5
