06:19:30 INFO run_dir=/mnt/localssd/crossencoder_sweep/runs/new_aep_wf_scrap/e5-large-v2
06:19:30 INFO device=cuda:0  bf16=True  physical_gpu=0  CUDA_VISIBLE_DEVICES=0
06:19:30 INFO dataset=new_aep_wf_scrap  model=e5-large-v2  backbone=intfloat/e5-large-v2
06:19:30 INFO tokenizer <- intfloat/e5-large-v2
Warning: You are sending unauthenticated requests to the HF Hub. Please set a HF_TOKEN to enable higher rate limits and faster downloads.
06:19:31 INFO split files: ['directional_train.jsonl', 'directional_val.jsonl', 'directional_test.jsonl']
06:19:31 INFO scanning max JOINT token length across all splits ...
06:19:36 INFO   observed_max_joint=444 -> max_seq_len=469 (cap=512, scan=5.2s)
06:19:36 INFO loading datasets ...
06:19:36 INFO   schema=step  train=13904  val=1676  test=1548
06:19:36 INFO building CrossEncoderClassifier  backbone=intfloat/e5-large-v2
Loading weights:   0%|          | 0/391 [00:00<?, ?it/s]Loading weights: 100%|██████████| 391/391 [00:00<00:00, 7786.96it/s]
06:19:37 INFO   hidden_size=1024  trainable_params=335,142,913
06:19:37 INFO   total_steps=868  warmup_steps=52  grad_accum=4  eff_batch=64
06:19:42 INFO   e1 step    50/869  loss=0.7266  acc=0.5375  lr0=2.31e-06 lr1=2.31e-06
06:19:46 INFO   e1 step   100/869  loss=0.7275  acc=0.5244  lr0=4.81e-06 lr1=4.81e-06
06:19:49 INFO   e1 step   150/869  loss=0.7315  acc=0.5171  lr0=7.12e-06 lr1=7.12e-06
06:19:53 INFO   e1 step   200/869  loss=0.7308  acc=0.5125  lr0=9.62e-06 lr1=9.62e-06
06:19:57 INFO   e1 step   250/869  loss=0.7289  acc=0.5140  lr0=9.88e-06 lr1=9.88e-06
06:20:00 INFO   e1 step   300/869  loss=0.7326  acc=0.5096  lr0=9.72e-06 lr1=9.72e-06
06:20:04 INFO   e1 step   350/869  loss=0.7319  acc=0.5077  lr0=9.57e-06 lr1=9.57e-06
06:20:07 INFO   e1 step   400/869  loss=0.7328  acc=0.5047  lr0=9.41e-06 lr1=9.41e-06
06:20:11 INFO   e1 step   450/869  loss=0.7321  acc=0.5022  lr0=9.26e-06 lr1=9.26e-06
06:20:15 INFO   e1 step   500/869  loss=0.7325  acc=0.5006  lr0=9.11e-06 lr1=9.11e-06
06:20:18 INFO   e1 step   550/869  loss=0.7324  acc=0.5017  lr0=8.96e-06 lr1=8.96e-06
06:20:22 INFO   e1 step   600/869  loss=0.7320  acc=0.5014  lr0=8.80e-06 lr1=8.80e-06
06:20:25 INFO   e1 step   650/869  loss=0.7335  acc=0.5005  lr0=8.65e-06 lr1=8.65e-06
06:20:29 INFO   e1 step   700/869  loss=0.7336  acc=0.5004  lr0=8.49e-06 lr1=8.49e-06
06:20:33 INFO   e1 step   750/869  loss=0.7321  acc=0.5017  lr0=8.35e-06 lr1=8.35e-06
06:20:36 INFO   e1 step   800/869  loss=0.7309  acc=0.5016  lr0=8.19e-06 lr1=8.19e-06
06:20:40 INFO   e1 step   850/869  loss=0.7300  acc=0.5030  lr0=8.04e-06 lr1=8.04e-06
06:20:43 INFO [epoch 1] train_loss=0.7304 train_acc=0.5018  val_loss=0.7079 val_acc=0.4988 val_auc=0.5497  elapsed=66.2s
06:20:45 INFO   saved best.pt  val_acc=0.4988
06:20:49 INFO   e2 step    50/869  loss=0.7012  acc=0.5325  lr0=7.83e-06 lr1=7.83e-06
06:20:53 INFO   e2 step   100/869  loss=0.7093  acc=0.5181  lr0=7.67e-06 lr1=7.67e-06
06:20:56 INFO   e2 step   150/869  loss=0.7103  acc=0.5142  lr0=7.52e-06 lr1=7.52e-06
06:21:00 INFO   e2 step   200/869  loss=0.7116  acc=0.5109  lr0=7.37e-06 lr1=7.37e-06
06:21:03 INFO   e2 step   250/869  loss=0.7111  acc=0.5108  lr0=7.22e-06 lr1=7.22e-06
06:21:07 INFO   e2 step   300/869  loss=0.7113  acc=0.5077  lr0=7.06e-06 lr1=7.06e-06
06:21:11 INFO   e2 step   350/869  loss=0.7124  acc=0.5039  lr0=6.91e-06 lr1=6.91e-06
06:21:14 INFO   e2 step   400/869  loss=0.7103  acc=0.5092  lr0=6.75e-06 lr1=6.75e-06
06:21:18 INFO   e2 step   450/869  loss=0.7096  acc=0.5096  lr0=6.61e-06 lr1=6.61e-06
06:21:22 INFO   e2 step   500/869  loss=0.7086  acc=0.5100  lr0=6.45e-06 lr1=6.45e-06
06:21:25 INFO   e2 step   550/869  loss=0.7079  acc=0.5112  lr0=6.30e-06 lr1=6.30e-06
06:21:29 INFO   e2 step   600/869  loss=0.7081  acc=0.5107  lr0=6.14e-06 lr1=6.14e-06
06:21:33 INFO   e2 step   650/869  loss=0.7074  acc=0.5126  lr0=5.99e-06 lr1=5.99e-06
06:21:36 INFO   e2 step   700/869  loss=0.7072  acc=0.5129  lr0=5.83e-06 lr1=5.83e-06
06:21:40 INFO   e2 step   750/869  loss=0.7064  acc=0.5140  lr0=5.69e-06 lr1=5.69e-06
06:21:43 INFO   e2 step   800/869  loss=0.7059  acc=0.5138  lr0=5.53e-06 lr1=5.53e-06
06:21:47 INFO   e2 step   850/869  loss=0.7054  acc=0.5148  lr0=5.38e-06 lr1=5.38e-06
06:21:50 INFO [epoch 2] train_loss=0.7057 train_acc=0.5145  val_loss=0.6866 val_acc=0.5507 val_auc=0.5868  elapsed=65.2s
06:21:52 INFO   saved best.pt  val_acc=0.5507
06:21:56 INFO   e3 step    50/869  loss=0.7068  acc=0.5088  lr0=5.17e-06 lr1=5.17e-06
06:22:00 INFO   e3 step   100/869  loss=0.7045  acc=0.5281  lr0=5.01e-06 lr1=5.01e-06
06:22:03 INFO   e3 step   150/869  loss=0.6997  acc=0.5321  lr0=4.87e-06 lr1=4.87e-06
06:22:07 INFO   e3 step   200/869  loss=0.7001  acc=0.5322  lr0=4.71e-06 lr1=4.71e-06
06:22:10 INFO   e3 step   250/869  loss=0.6984  acc=0.5355  lr0=4.56e-06 lr1=4.56e-06
06:22:14 INFO   e3 step   300/869  loss=0.7000  acc=0.5363  lr0=4.40e-06 lr1=4.40e-06
06:22:18 INFO   e3 step   350/869  loss=0.7016  acc=0.5314  lr0=4.25e-06 lr1=4.25e-06
06:22:21 INFO   e3 step   400/869  loss=0.7032  acc=0.5272  lr0=4.09e-06 lr1=4.09e-06
06:22:25 INFO   e3 step   450/869  loss=0.7044  acc=0.5240  lr0=3.95e-06 lr1=3.95e-06
06:22:29 INFO   e3 step   500/869  loss=0.7062  acc=0.5214  lr0=3.79e-06 lr1=3.79e-06
06:22:32 INFO   e3 step   550/869  loss=0.7079  acc=0.5173  lr0=3.64e-06 lr1=3.64e-06
06:22:36 INFO   e3 step   600/869  loss=0.7075  acc=0.5191  lr0=3.48e-06 lr1=3.48e-06
06:22:40 INFO   e3 step   650/869  loss=0.7074  acc=0.5174  lr0=3.33e-06 lr1=3.33e-06
06:22:43 INFO   e3 step   700/869  loss=0.7079  acc=0.5158  lr0=3.17e-06 lr1=3.17e-06
06:22:47 INFO   e3 step   750/869  loss=0.7078  acc=0.5157  lr0=3.03e-06 lr1=3.03e-06
06:22:50 INFO   e3 step   800/869  loss=0.7081  acc=0.5150  lr0=2.87e-06 lr1=2.87e-06
06:22:54 INFO   e3 step   850/869  loss=0.7081  acc=0.5148  lr0=2.72e-06 lr1=2.72e-06
06:22:58 INFO [epoch 3] train_loss=0.7083 train_acc=0.5140  val_loss=0.7008 val_acc=0.5000 val_auc=0.5409  elapsed=65.4s
06:23:01 INFO   e4 step    50/869  loss=0.6999  acc=0.5250  lr0=2.51e-06 lr1=2.51e-06
06:23:05 INFO   e4 step   100/869  loss=0.7019  acc=0.5194  lr0=2.35e-06 lr1=2.35e-06
06:23:09 INFO   e4 step   150/869  loss=0.7044  acc=0.5171  lr0=2.21e-06 lr1=2.21e-06
06:23:12 INFO   e4 step   200/869  loss=0.7062  acc=0.5166  lr0=2.05e-06 lr1=2.05e-06
06:23:16 INFO   e4 step   250/869  loss=0.7061  acc=0.5145  lr0=1.90e-06 lr1=1.90e-06
06:23:19 INFO   e4 step   300/869  loss=0.7062  acc=0.5150  lr0=1.74e-06 lr1=1.74e-06
06:23:23 INFO   e4 step   350/869  loss=0.7069  acc=0.5143  lr0=1.59e-06 lr1=1.59e-06
06:23:26 INFO   e4 step   400/869  loss=0.7067  acc=0.5123  lr0=1.43e-06 lr1=1.43e-06
06:23:30 INFO   e4 step   450/869  loss=0.7071  acc=0.5106  lr0=1.29e-06 lr1=1.29e-06
06:23:34 INFO   e4 step   500/869  loss=0.7081  acc=0.5092  lr0=1.13e-06 lr1=1.13e-06
06:23:37 INFO   e4 step   550/869  loss=0.7083  acc=0.5074  lr0=9.80e-07 lr1=9.80e-07
06:23:41 INFO   e4 step   600/869  loss=0.7082  acc=0.5056  lr0=8.21e-07 lr1=8.21e-07
06:23:45 INFO   e4 step   650/869  loss=0.7087  acc=0.5042  lr0=6.74e-07 lr1=6.74e-07
06:23:48 INFO   e4 step   700/869  loss=0.7095  acc=0.5034  lr0=5.15e-07 lr1=5.15e-07
06:23:52 INFO   e4 step   750/869  loss=0.7095  acc=0.5022  lr0=3.68e-07 lr1=3.68e-07
06:23:56 INFO   e4 step   800/869  loss=0.7091  acc=0.5035  lr0=2.08e-07 lr1=2.08e-07
06:23:59 INFO   e4 step   850/869  loss=0.7095  acc=0.5019  lr0=6.13e-08 lr1=6.13e-08
06:24:03 INFO [epoch 4] train_loss=0.7094 train_acc=0.5019  val_loss=0.6937 val_acc=0.5048 val_auc=0.5120  elapsed=65.2s
06:24:04 INFO loading best.pt for test eval
06:24:07 INFO [test] loss=0.6857  acc=0.5407  auc=0.5986  f1=0.6520
06:24:07 INFO [done] run_summary.json written to /mnt/localssd/crossencoder_sweep/runs/new_aep_wf_scrap/e5-large-v2
