14:53:27 INFO run_dir=/mnt/localssd/baseline_sweep/runs/aep_dataset/all-MiniLM-L6-v2
14:53:27 INFO device=cuda:0  bf16=True  physical_gpu=2  CUDA_VISIBLE_DEVICES=2
14:53:27 INFO dataset=aep_dataset  model=all-MiniLM-L6-v2  backbone=sentence-transformers/all-MiniLM-L6-v2
14:53:27 INFO tokenizer <- sentence-transformers/all-MiniLM-L6-v2
Warning: You are sending unauthenticated requests to the HF Hub. Please set a HF_TOKEN to enable higher rate limits and faster downloads.
14:53:28 INFO split files: ['directional_train.jsonl', 'directional_val.jsonl', 'directional_test.jsonl']
14:53:28 INFO scanning max token length across all splits ...
[transformers] Token indices sequence length is longer than the specified maximum sequence length for this model (567 > 512). Running this sequence through the model will result in indexing errors
14:54:54 INFO   observed_max=4699 -> max_seq_len=512 (cap=512, scan=86.6s)
14:54:54 INFO loading datasets ...
14:54:55 INFO   schema=standard  train=67500  val=8460  test=8460
14:54:55 INFO building DirectionalClassifier  backbone=sentence-transformers/all-MiniLM-L6-v2  head=MLP(4d->512->128->1, act=gelu, norm=layer, dropout=0.1)  n_tiers=0
Loading weights:   0%|          | 0/103 [00:00<?, ?it/s]Loading weights: 100%|██████████| 103/103 [00:00<00:00, 8269.31it/s]
Loading weights:   0%|          | 0/103 [00:00<?, ?it/s]Loading weights: 100%|██████████| 103/103 [00:00<00:00, 8108.21it/s]
14:54:56 INFO   hidden_size=384  trainable_params=46,283,521
14:54:56 INFO   total_steps=4220  warmup_steps=422
14:55:04 INFO   e1 step    50/1055  loss=0.7236  acc=0.5837  lr0=2.37e-06 lr1=1.18e-04
14:55:10 INFO   e1 step   100/1055  loss=0.6379  acc=0.6539  lr0=4.74e-06 lr1=2.37e-04
14:55:16 INFO   e1 step   150/1055  loss=0.5846  acc=0.6943  lr0=7.11e-06 lr1=3.55e-04
14:55:22 INFO   e1 step   200/1055  loss=0.5512  acc=0.7158  lr0=9.48e-06 lr1=4.74e-04
14:55:28 INFO   e1 step   250/1055  loss=0.5275  acc=0.7318  lr0=1.18e-05 lr1=5.92e-04
14:55:34 INFO   e1 step   300/1055  loss=0.5045  acc=0.7474  lr0=1.42e-05 lr1=7.11e-04
14:55:40 INFO   e1 step   350/1055  loss=0.4824  acc=0.7617  lr0=1.66e-05 lr1=8.29e-04
14:55:46 INFO   e1 step   400/1055  loss=0.4635  acc=0.7739  lr0=1.90e-05 lr1=9.48e-04
14:55:52 INFO   e1 step   450/1055  loss=0.4442  acc=0.7856  lr0=1.99e-05 lr1=9.93e-04
14:55:58 INFO   e1 step   500/1055  loss=0.4253  acc=0.7963  lr0=1.96e-05 lr1=9.79e-04
14:56:04 INFO   e1 step   550/1055  loss=0.4098  acc=0.8054  lr0=1.93e-05 lr1=9.66e-04
14:56:10 INFO   e1 step   600/1055  loss=0.3941  acc=0.8145  lr0=1.91e-05 lr1=9.53e-04
14:56:16 INFO   e1 step   650/1055  loss=0.3819  acc=0.8215  lr0=1.88e-05 lr1=9.40e-04
14:56:22 INFO   e1 step   700/1055  loss=0.3692  acc=0.8286  lr0=1.85e-05 lr1=9.27e-04
14:56:28 INFO   e1 step   750/1055  loss=0.3566  acc=0.8351  lr0=1.83e-05 lr1=9.14e-04
14:56:34 INFO   e1 step   800/1055  loss=0.3449  acc=0.8413  lr0=1.80e-05 lr1=9.00e-04
14:56:40 INFO   e1 step   850/1055  loss=0.3353  acc=0.8463  lr0=1.77e-05 lr1=8.87e-04
14:56:46 INFO   e1 step   900/1055  loss=0.3240  acc=0.8520  lr0=1.75e-05 lr1=8.74e-04
14:56:53 INFO   e1 step   950/1055  loss=0.3143  acc=0.8570  lr0=1.72e-05 lr1=8.61e-04
14:56:59 INFO   e1 step  1000/1055  loss=0.3052  acc=0.8617  lr0=1.70e-05 lr1=8.48e-04
14:57:05 INFO   e1 step  1050/1055  loss=0.2965  acc=0.8660  lr0=1.67e-05 lr1=8.35e-04
14:57:14 INFO [epoch 1] train_loss=0.2956 train_acc=0.8664  val_loss=0.1950 val_acc=0.9309 val_auc=0.9824  elapsed=137.2s
14:57:14 INFO   saved best.pt  val_acc=0.9309
14:57:20 INFO   e2 step    50/1055  loss=0.0896  acc=0.9678  lr0=1.64e-05 lr1=8.20e-04
14:57:26 INFO   e2 step   100/1055  loss=0.0917  acc=0.9673  lr0=1.61e-05 lr1=8.07e-04
14:57:32 INFO   e2 step   150/1055  loss=0.0904  acc=0.9675  lr0=1.59e-05 lr1=7.94e-04
14:57:38 INFO   e2 step   200/1055  loss=0.0869  acc=0.9684  lr0=1.56e-05 lr1=7.81e-04
14:57:44 INFO   e2 step   250/1055  loss=0.0858  acc=0.9691  lr0=1.54e-05 lr1=7.68e-04
14:57:50 INFO   e2 step   300/1055  loss=0.0862  acc=0.9692  lr0=1.51e-05 lr1=7.54e-04
14:57:56 INFO   e2 step   350/1055  loss=0.0859  acc=0.9696  lr0=1.48e-05 lr1=7.41e-04
14:58:03 INFO   e2 step   400/1055  loss=0.0853  acc=0.9695  lr0=1.46e-05 lr1=7.28e-04
14:58:09 INFO   e2 step   450/1055  loss=0.0837  acc=0.9703  lr0=1.43e-05 lr1=7.15e-04
14:58:15 INFO   e2 step   500/1055  loss=0.0814  acc=0.9713  lr0=1.40e-05 lr1=7.02e-04
14:58:21 INFO   e2 step   550/1055  loss=0.0816  acc=0.9711  lr0=1.38e-05 lr1=6.89e-04
14:58:27 INFO   e2 step   600/1055  loss=0.0800  acc=0.9717  lr0=1.35e-05 lr1=6.75e-04
14:58:33 INFO   e2 step   650/1055  loss=0.0793  acc=0.9720  lr0=1.32e-05 lr1=6.62e-04
14:58:39 INFO   e2 step   700/1055  loss=0.0777  acc=0.9727  lr0=1.30e-05 lr1=6.49e-04
14:58:45 INFO   e2 step   750/1055  loss=0.0753  acc=0.9737  lr0=1.27e-05 lr1=6.36e-04
14:58:51 INFO   e2 step   800/1055  loss=0.0751  acc=0.9739  lr0=1.25e-05 lr1=6.23e-04
14:58:57 INFO   e2 step   850/1055  loss=0.0741  acc=0.9741  lr0=1.22e-05 lr1=6.10e-04
14:59:03 INFO   e2 step   900/1055  loss=0.0728  acc=0.9746  lr0=1.19e-05 lr1=5.96e-04
14:59:09 INFO   e2 step   950/1055  loss=0.0715  acc=0.9751  lr0=1.17e-05 lr1=5.83e-04
14:59:15 INFO   e2 step  1000/1055  loss=0.0700  acc=0.9758  lr0=1.14e-05 lr1=5.70e-04
14:59:21 INFO   e2 step  1050/1055  loss=0.0686  acc=0.9763  lr0=1.11e-05 lr1=5.57e-04
14:59:30 INFO [epoch 2] train_loss=0.0685 train_acc=0.9763  val_loss=0.2130 val_acc=0.9437 val_auc=0.9849  elapsed=136.1s
14:59:30 INFO   saved best.pt  val_acc=0.9437
14:59:38 INFO   e3 step    50/1055  loss=0.0323  acc=0.9897  lr0=1.08e-05 lr1=5.42e-04
14:59:44 INFO   e3 step   100/1055  loss=0.0394  acc=0.9869  lr0=1.06e-05 lr1=5.29e-04
14:59:50 INFO   e3 step   150/1055  loss=0.0370  acc=0.9873  lr0=1.03e-05 lr1=5.16e-04
14:59:56 INFO   e3 step   200/1055  loss=0.0376  acc=0.9869  lr0=1.01e-05 lr1=5.03e-04
15:00:02 INFO   e3 step   250/1055  loss=0.0349  acc=0.9878  lr0=9.79e-06 lr1=4.90e-04
15:00:08 INFO   e3 step   300/1055  loss=0.0345  acc=0.9878  lr0=9.53e-06 lr1=4.77e-04
15:00:14 INFO   e3 step   350/1055  loss=0.0336  acc=0.9882  lr0=9.27e-06 lr1=4.63e-04
15:00:20 INFO   e3 step   400/1055  loss=0.0334  acc=0.9883  lr0=9.00e-06 lr1=4.50e-04
15:00:26 INFO   e3 step   450/1055  loss=0.0334  acc=0.9886  lr0=8.74e-06 lr1=4.37e-04
15:00:32 INFO   e3 step   500/1055  loss=0.0322  acc=0.9891  lr0=8.48e-06 lr1=4.24e-04
15:00:38 INFO   e3 step   550/1055  loss=0.0313  acc=0.9894  lr0=8.21e-06 lr1=4.11e-04
15:00:44 INFO   e3 step   600/1055  loss=0.0312  acc=0.9896  lr0=7.95e-06 lr1=3.98e-04
15:00:50 INFO   e3 step   650/1055  loss=0.0313  acc=0.9896  lr0=7.69e-06 lr1=3.84e-04
15:00:56 INFO   e3 step   700/1055  loss=0.0300  acc=0.9901  lr0=7.42e-06 lr1=3.71e-04
15:01:02 INFO   e3 step   750/1055  loss=0.0291  acc=0.9904  lr0=7.16e-06 lr1=3.58e-04
15:01:08 INFO   e3 step   800/1055  loss=0.0290  acc=0.9905  lr0=6.90e-06 lr1=3.45e-04
15:01:14 INFO   e3 step   850/1055  loss=0.0285  acc=0.9906  lr0=6.64e-06 lr1=3.32e-04
15:01:21 INFO   e3 step   900/1055  loss=0.0281  acc=0.9908  lr0=6.37e-06 lr1=3.19e-04
15:01:27 INFO   e3 step   950/1055  loss=0.0281  acc=0.9909  lr0=6.11e-06 lr1=3.05e-04
15:01:33 INFO   e3 step  1000/1055  loss=0.0278  acc=0.9910  lr0=5.85e-06 lr1=2.92e-04
15:01:39 INFO   e3 step  1050/1055  loss=0.0271  acc=0.9912  lr0=5.58e-06 lr1=2.79e-04
15:01:48 INFO [epoch 3] train_loss=0.0271 train_acc=0.9912  val_loss=0.2208 val_acc=0.9554 val_auc=0.9823  elapsed=137.3s
15:01:48 INFO   saved best.pt  val_acc=0.9554
15:01:54 INFO   e4 step    50/1055  loss=0.0128  acc=0.9962  lr0=5.29e-06 lr1=2.65e-04
15:02:00 INFO   e4 step   100/1055  loss=0.0109  acc=0.9967  lr0=5.03e-06 lr1=2.51e-04
15:02:06 INFO   e4 step   150/1055  loss=0.0125  acc=0.9960  lr0=4.77e-06 lr1=2.38e-04
15:02:12 INFO   e4 step   200/1055  loss=0.0124  acc=0.9961  lr0=4.50e-06 lr1=2.25e-04
15:02:18 INFO   e4 step   250/1055  loss=0.0123  acc=0.9961  lr0=4.24e-06 lr1=2.12e-04
15:02:24 INFO   e4 step   300/1055  loss=0.0124  acc=0.9961  lr0=3.98e-06 lr1=1.99e-04
15:02:30 INFO   e4 step   350/1055  loss=0.0123  acc=0.9962  lr0=3.71e-06 lr1=1.86e-04
15:02:36 INFO   e4 step   400/1055  loss=0.0123  acc=0.9961  lr0=3.45e-06 lr1=1.72e-04
15:02:43 INFO   e4 step   450/1055  loss=0.0122  acc=0.9962  lr0=3.19e-06 lr1=1.59e-04
15:02:49 INFO   e4 step   500/1055  loss=0.0120  acc=0.9964  lr0=2.92e-06 lr1=1.46e-04
15:02:55 INFO   e4 step   550/1055  loss=0.0113  acc=0.9965  lr0=2.66e-06 lr1=1.33e-04
15:03:01 INFO   e4 step   600/1055  loss=0.0119  acc=0.9965  lr0=2.40e-06 lr1=1.20e-04
15:03:07 INFO   e4 step   650/1055  loss=0.0118  acc=0.9965  lr0=2.13e-06 lr1=1.07e-04
15:03:13 INFO   e4 step   700/1055  loss=0.0113  acc=0.9966  lr0=1.87e-06 lr1=9.35e-05
15:03:19 INFO   e4 step   750/1055  loss=0.0109  acc=0.9967  lr0=1.61e-06 lr1=8.03e-05
15:03:25 INFO   e4 step   800/1055  loss=0.0108  acc=0.9967  lr0=1.34e-06 lr1=6.71e-05
15:03:31 INFO   e4 step   850/1055  loss=0.0105  acc=0.9968  lr0=1.08e-06 lr1=5.40e-05
15:03:37 INFO   e4 step   900/1055  loss=0.0102  acc=0.9969  lr0=8.16e-07 lr1=4.08e-05
15:03:43 INFO   e4 step   950/1055  loss=0.0104  acc=0.9968  lr0=5.53e-07 lr1=2.76e-05
15:03:49 INFO   e4 step  1000/1055  loss=0.0104  acc=0.9968  lr0=2.90e-07 lr1=1.45e-05
15:03:55 INFO   e4 step  1050/1055  loss=0.0104  acc=0.9969  lr0=2.63e-08 lr1=1.32e-06
15:04:04 INFO [epoch 4] train_loss=0.0104 train_acc=0.9969  val_loss=0.2621 val_acc=0.9528 val_auc=0.9807  elapsed=135.9s
15:04:04 INFO loading best.pt for test eval
15:04:12 INFO [test] loss=0.5226  acc=0.9121  auc=0.9537  f1=0.9141
15:04:12 INFO [test] per-tier-pair accuracy:
15:04:12 INFO         T1-T2  n=  188  acc=0.8351
15:04:12 INFO         T1-T3  n=  188  acc=0.8404
15:04:12 INFO         T1-T4  n=  188  acc=0.8723
15:04:12 INFO         T1-T6  n=  188  acc=0.9202
15:04:12 INFO         T1-T7  n=  188  acc=0.8830
15:04:12 INFO         T1-T8  n=  188  acc=0.8670
15:04:12 INFO         T1-T9  n=  188  acc=0.9415
15:04:12 INFO        T1-T10  n=  188  acc=0.9574
15:04:12 INFO        T1-T11  n=  188  acc=0.9894
15:04:12 INFO         T2-T3  n=  188  acc=0.8085
15:04:12 INFO         T2-T4  n=  188  acc=0.8830
15:04:12 INFO         T2-T6  n=  188  acc=0.9255
15:04:12 INFO         T2-T7  n=  188  acc=0.9894
15:04:12 INFO         T2-T8  n=  188  acc=0.9840
15:04:12 INFO         T2-T9  n=  188  acc=0.9840
15:04:12 INFO        T2-T10  n=  188  acc=1.0000
15:04:12 INFO        T2-T11  n=  188  acc=0.9894
15:04:12 INFO         T3-T4  n=  188  acc=0.7553
15:04:12 INFO         T3-T6  n=  188  acc=0.8723
15:04:12 INFO         T3-T7  n=  188  acc=0.9628
15:04:12 INFO         T3-T8  n=  188  acc=0.9681
15:04:12 INFO         T3-T9  n=  188  acc=0.9787
15:04:12 INFO        T3-T10  n=  188  acc=1.0000
15:04:12 INFO        T3-T11  n=  188  acc=0.9894
15:04:12 INFO         T4-T6  n=  188  acc=0.7713
15:04:12 INFO         T4-T7  n=  188  acc=0.8245
15:04:12 INFO         T4-T8  n=  188  acc=0.9043
15:04:12 INFO         T4-T9  n=  188  acc=0.8989
15:04:12 INFO        T4-T10  n=  188  acc=0.9734
15:04:12 INFO        T4-T11  n=  188  acc=0.9681
15:04:12 INFO         T6-T7  n=  188  acc=0.8351
15:04:12 INFO         T6-T8  n=  188  acc=0.9202
15:04:12 INFO         T6-T9  n=  188  acc=0.9149
15:04:12 INFO        T6-T10  n=  188  acc=0.9681
15:04:12 INFO        T6-T11  n=  188  acc=0.9574
15:04:12 INFO         T7-T8  n=  188  acc=0.8883
15:04:12 INFO         T7-T9  n=  188  acc=0.9415
15:04:12 INFO        T7-T10  n=  188  acc=0.8723
15:04:12 INFO        T7-T11  n=  188  acc=0.9415
15:04:12 INFO         T8-T9  n=  188  acc=0.8830
15:04:12 INFO        T8-T10  n=  188  acc=0.8351
15:04:12 INFO        T8-T11  n=  188  acc=0.9096
15:04:12 INFO        T9-T10  n=  188  acc=0.8617
15:04:12 INFO        T9-T11  n=  188  acc=0.8936
15:04:12 INFO       T10-T11  n=  188  acc=0.8830
15:04:12 INFO [done] run_summary.json written to /mnt/localssd/baseline_sweep/runs/aep_dataset/all-MiniLM-L6-v2
