06:17:54 INFO run_dir=runs/crossencoder2x_deberta/new_ajo_newstyle  device=cuda  bf16=True
06:17:55 INFO tokenizer <- microsoft/deberta-v3-large
06:17:55 INFO scanning max joint token length across all splits …
06:32:10 INFO run_dir=runs/crossencoder2x_deberta/new_ajo_newstyle  device=cuda  bf16=True
06:32:10 INFO tokenizer <- microsoft/deberta-v3-large
06:32:10 INFO scanning max joint token length across all splits …
06:32:46 INFO   observed max=512  -> max_seq_len=512  (scan 35.1s)
06:32:46 INFO loading datasets …
06:32:46 INFO   train=20897  val=2612  test=2613
06:32:46 INFO building CrossEncoder2x  backbone=microsoft/deberta-v3-large  n_layers=24  native=True …
06:32:47 INFO   total params=434,013,185
06:32:47 INFO   total_steps=7836  warmup_steps=783
06:33:25 INFO   e1 opt_step=50/7836  loss=0.7083  acc=0.4525  lr=6.39e-07
06:34:01 INFO   e1 opt_step=100/7836  loss=0.7037  acc=0.4763  lr=1.28e-06
06:34:37 INFO   e1 opt_step=150/7836  loss=0.7040  acc=0.4758  lr=1.92e-06
06:35:13 INFO   e1 opt_step=200/7836  loss=0.7029  acc=0.4809  lr=2.55e-06
06:35:49 INFO   e1 opt_step=250/7836  loss=0.7002  acc=0.4913  lr=3.19e-06
06:37:01 INFO run_dir=runs/crossencoder2x_deberta/new_ajo_newstyle  device=cuda  bf16=True
06:37:02 INFO tokenizer <- microsoft/deberta-v3-large
06:37:02 INFO scanning max joint token length across all splits …
06:37:37 INFO   observed max=512  -> max_seq_len=512  (scan 34.9s)
06:37:37 INFO loading datasets …
06:37:37 INFO   train=20897  val=2612  test=2613
06:37:37 INFO building CrossEncoder2x  backbone=microsoft/deberta-v3-large  n_layers=24  native=True …
06:37:38 INFO   total params=434,013,185
06:37:38 INFO   total_steps=1956  warmup_steps=195
06:39:36 INFO   e1 opt_step=50/1956  loss=0.7012  acc=0.5047  lr=2.56e-06
06:41:33 INFO   e1 opt_step=100/1956  loss=0.7002  acc=0.5023  lr=5.13e-06
06:43:29 INFO   e1 opt_step=150/1956  loss=0.6986  acc=0.5060  lr=7.69e-06
06:45:25 INFO   e1 opt_step=200/1956  loss=0.6976  acc=0.5099  lr=9.97e-06
06:47:22 INFO   e1 opt_step=250/1956  loss=0.6920  acc=0.5221  lr=9.69e-06
06:49:18 INFO   e1 opt_step=300/1956  loss=0.6794  acc=0.5451  lr=9.40e-06
06:50:45 INFO [epoch 1/6]  train_loss=0.6716  train_acc=0.5563  val_loss=0.5551  val_acc=0.7048  val_auc=0.7948  elapsed=786.8s
06:50:49 INFO   * saved best.pt  val_acc=0.7048
06:51:45 INFO   e2 opt_step=350/1956  loss=0.5578  acc=0.7044  lr=9.12e-06
06:53:41 INFO   e2 opt_step=400/1956  loss=0.5162  acc=0.7378  lr=8.84e-06
06:55:37 INFO   e2 opt_step=450/1956  loss=0.4968  acc=0.7496  lr=8.55e-06
06:57:34 INFO   e2 opt_step=500/1956  loss=0.4848  acc=0.7564  lr=8.27e-06
06:59:30 INFO   e2 opt_step=550/1956  loss=0.4768  acc=0.7604  lr=7.98e-06
07:01:27 INFO   e2 opt_step=600/1956  loss=0.4677  acc=0.7655  lr=7.70e-06
07:03:23 INFO   e2 opt_step=650/1956  loss=0.4598  acc=0.7690  lr=7.42e-06
07:03:55 INFO [epoch 2/6]  train_loss=0.4598  train_acc=0.7688  val_loss=0.4310  val_acc=0.7887  val_auc=0.8964  elapsed=785.5s
07:04:01 INFO   * saved best.pt  val_acc=0.7887
07:05:53 INFO   e3 opt_step=700/1956  loss=0.3199  acc=0.8551  lr=7.13e-06
07:07:49 INFO   e3 opt_step=750/1956  loss=0.3255  acc=0.8512  lr=6.85e-06
07:09:45 INFO   e3 opt_step=800/1956  loss=0.3179  acc=0.8548  lr=6.56e-06
07:11:42 INFO   e3 opt_step=850/1956  loss=0.3177  acc=0.8554  lr=6.28e-06
07:13:38 INFO   e3 opt_step=900/1956  loss=0.3136  acc=0.8565  lr=6.00e-06
07:15:35 INFO   e3 opt_step=950/1956  loss=0.3115  acc=0.8575  lr=5.71e-06
07:17:07 INFO [epoch 3/6]  train_loss=0.3106  train_acc=0.8576  val_loss=0.3649  val_acc=0.8296  val_auc=0.9221  elapsed=785.7s
07:17:12 INFO   * saved best.pt  val_acc=0.8296
07:18:04 INFO   e4 opt_step=1000/1956  loss=0.2101  acc=0.9134  lr=5.43e-06
07:20:01 INFO   e4 opt_step=1050/1956  loss=0.2031  acc=0.9104  lr=5.14e-06
07:21:57 INFO   e4 opt_step=1100/1956  loss=0.2054  acc=0.9110  lr=4.86e-06
07:23:54 INFO   e4 opt_step=1150/1956  loss=0.2049  acc=0.9135  lr=4.58e-06
07:25:50 INFO   e4 opt_step=1200/1956  loss=0.2055  acc=0.9120  lr=4.29e-06
07:27:46 INFO   e4 opt_step=1250/1956  loss=0.2061  acc=0.9118  lr=4.01e-06
07:29:42 INFO   e4 opt_step=1300/1956  loss=0.2054  acc=0.9114  lr=3.73e-06
07:30:18 INFO [epoch 4/6]  train_loss=0.2052  train_acc=0.9116  val_loss=0.3820  val_acc=0.8419  val_auc=0.9342  elapsed=785.6s
07:30:23 INFO   * saved best.pt  val_acc=0.8419
07:32:11 INFO   e5 opt_step=1350/1956  loss=0.1375  acc=0.9436  lr=3.44e-06
07:34:07 INFO   e5 opt_step=1400/1956  loss=0.1327  acc=0.9461  lr=3.16e-06
07:36:03 INFO   e5 opt_step=1450/1956  loss=0.1358  acc=0.9440  lr=2.87e-06
07:37:59 INFO   e5 opt_step=1500/1956  loss=0.1399  acc=0.9429  lr=2.59e-06
07:39:56 INFO   e5 opt_step=1550/1956  loss=0.1375  acc=0.9440  lr=2.31e-06
07:41:52 INFO   e5 opt_step=1600/1956  loss=0.1373  acc=0.9448  lr=2.02e-06
07:43:29 INFO [epoch 5/6]  train_loss=0.1367  train_acc=0.9456  val_loss=0.4240  val_acc=0.8603  val_auc=0.9416  elapsed=786.2s
07:43:35 INFO   * saved best.pt  val_acc=0.8603
07:44:22 INFO   e6 opt_step=1650/1956  loss=0.0891  acc=0.9633  lr=1.74e-06
07:46:18 INFO   e6 opt_step=1700/1956  loss=0.0931  acc=0.9623  lr=1.45e-06
07:48:15 INFO   e6 opt_step=1750/1956  loss=0.0921  acc=0.9637  lr=1.17e-06
07:50:11 INFO   e6 opt_step=1800/1956  loss=0.0963  acc=0.9614  lr=8.86e-07
07:52:08 INFO   e6 opt_step=1850/1956  loss=0.0950  acc=0.9624  lr=6.02e-07
07:54:04 INFO   e6 opt_step=1900/1956  loss=0.0931  acc=0.9640  lr=3.18e-07
07:56:00 INFO   e6 opt_step=1950/1956  loss=0.0926  acc=0.9642  lr=3.41e-08
07:56:41 INFO [epoch 6/6]  train_loss=0.0922  train_acc=0.9644  val_loss=0.4516  val_acc=0.8672  val_auc=0.9454  elapsed=786.1s
07:56:47 INFO   * saved best.pt  val_acc=0.8672
07:56:49 INFO saved final.pt  total_time=4750s
07:56:49 INFO loading best.pt for final val/test evaluation …
07:57:15 INFO [val]  acc=0.8672  auc=0.9454  f1=0.8658
07:57:41 INFO [test] loss=0.5189  acc=0.8534  auc=0.9336  f1=0.8517
07:57:41 INFO [done] best_val_acc=0.8672  test_acc=0.8534  test_auc=0.9336  results in runs/crossencoder2x_deberta/new_ajo_newstyle
15:22:02 INFO run_dir=runs/crossencoder2x_deberta/new_ajo_newstyle  device=cuda  bf16=True
15:22:03 INFO tokenizer <- microsoft/deberta-v3-large
15:22:03 INFO scanning max joint token length across all splits …
15:22:37 INFO   observed max=512  -> max_seq_len=512  (scan 34.3s)
15:22:37 INFO loading datasets …
15:22:38 INFO   train=20897  val=2612  test=2613
15:22:38 INFO building CrossEncoder2x  backbone=microsoft/deberta-v3-large  n_layers=24  native=True …
15:22:39 INFO   total params=434,013,185
15:22:39 INFO   total_steps=978  warmup_steps=97
15:24:37 INFO   e1 opt_step=50/978  loss=0.7009  acc=0.5016  lr=5.15e-06
15:26:34 INFO   e1 opt_step=100/978  loss=0.6997  acc=0.5016  lr=9.97e-06
15:28:30 INFO   e1 opt_step=150/978  loss=0.6970  acc=0.5116  lr=9.40e-06
15:30:27 INFO   e1 opt_step=200/978  loss=0.6928  acc=0.5264  lr=8.83e-06
15:32:24 INFO   e1 opt_step=250/978  loss=0.6842  acc=0.5450  lr=8.26e-06
15:34:20 INFO   e1 opt_step=300/978  loss=0.6684  acc=0.5673  lr=7.70e-06
15:35:47 INFO [epoch 1/3]  train_loss=0.6591  train_acc=0.5789  val_loss=0.5325  val_acc=0.7228  val_auc=0.8146  elapsed=787.9s
15:35:53 INFO   * saved best.pt  val_acc=0.7228
15:36:49 INFO   e2 opt_step=350/978  loss=0.5398  acc=0.7266  lr=7.13e-06
15:38:45 INFO   e2 opt_step=400/978  loss=0.5123  acc=0.7420  lr=6.56e-06
15:40:41 INFO   e2 opt_step=450/978  loss=0.4964  acc=0.7508  lr=5.99e-06
15:42:38 INFO   e2 opt_step=500/978  loss=0.4904  acc=0.7541  lr=5.43e-06
15:44:35 INFO   e2 opt_step=550/978  loss=0.4849  acc=0.7568  lr=4.86e-06
15:46:31 INFO   e2 opt_step=600/978  loss=0.4788  acc=0.7597  lr=4.29e-06
15:48:27 INFO   e2 opt_step=650/978  loss=0.4751  acc=0.7615  lr=3.72e-06
15:48:59 INFO [epoch 2/3]  train_loss=0.4750  train_acc=0.7611  val_loss=0.4534  val_acc=0.7580  val_auc=0.8742  elapsed=786.1s
15:49:04 INFO   * saved best.pt  val_acc=0.7580
15:50:56 INFO   e3 opt_step=700/978  loss=0.3652  acc=0.8206  lr=3.16e-06
15:52:52 INFO   e3 opt_step=750/978  loss=0.3660  acc=0.8257  lr=2.59e-06
15:54:48 INFO   e3 opt_step=800/978  loss=0.3642  acc=0.8291  lr=2.02e-06
15:56:45 INFO   e3 opt_step=850/978  loss=0.3678  acc=0.8269  lr=1.45e-06
15:58:41 INFO   e3 opt_step=900/978  loss=0.3647  acc=0.8272  lr=8.85e-07
16:00:39 INFO   e3 opt_step=950/978  loss=0.3632  acc=0.8295  lr=3.18e-07
16:02:11 INFO [epoch 3/3]  train_loss=0.3621  train_acc=0.8296  val_loss=0.4404  val_acc=0.7833  val_auc=0.8868  elapsed=786.6s
16:02:16 INFO   * saved best.pt  val_acc=0.7833
16:02:19 INFO saved final.pt  total_time=2379s
16:02:19 INFO loading best.pt for final val/test evaluation …
16:02:45 INFO [val]  acc=0.7833  auc=0.8868  f1=0.7675
16:03:11 INFO [test] loss=0.4635  acc=0.7807  auc=0.8783  f1=0.7670
16:03:11 INFO [done] best_val_acc=0.7833  test_acc=0.7807  test_auc=0.8783  results in runs/crossencoder2x_deberta/new_ajo_newstyle
