10:20:20 INFO run_dir=/mnt/localssd/crossencoder_sweep/runs/ajo_doc_not_tier1/bge-large-en-v1.5
10:20:20 INFO device=cuda:0  bf16=True  physical_gpu=2  CUDA_VISIBLE_DEVICES=2
10:20:20 INFO dataset=ajo_doc_not_tier1  model=bge-large-en-v1.5  backbone=BAAI/bge-large-en-v1.5
10:20:20 INFO tokenizer <- BAAI/bge-large-en-v1.5
Warning: You are sending unauthenticated requests to the HF Hub. Please set a HF_TOKEN to enable higher rate limits and faster downloads.
10:20:20 INFO split files: ['directional_train.jsonl', 'directional_val.jsonl', 'directional_test.jsonl']
10:20:20 INFO scanning max JOINT token length across all splits ...
10:22:40 INFO   observed_max_joint=512 -> max_seq_len=512 (cap=512, scan=139.7s)
10:22:40 INFO loading datasets ...
10:22:41 INFO   schema=standard  train=88000  val=11200  test=11200
10:22:41 INFO building CrossEncoderClassifier  backbone=BAAI/bge-large-en-v1.5
Loading weights:   0%|          | 0/391 [00:00<?, ?it/s]Loading weights: 100%|██████████| 391/391 [00:00<00:00, 7801.78it/s]
10:22:43 INFO   hidden_size=1024  trainable_params=335,142,913
10:22:43 INFO   total_steps=5500  warmup_steps=330  grad_accum=4  eff_batch=64
10:22:52 INFO   e1 step    50/5500  loss=0.7422  acc=0.4938  lr0=3.64e-07 lr1=3.64e-07
10:23:00 INFO   e1 step   100/5500  loss=0.7282  acc=0.4944  lr0=7.58e-07 lr1=7.58e-07
10:23:08 INFO   e1 step   150/5500  loss=0.7235  acc=0.5004  lr0=1.12e-06 lr1=1.12e-06
10:23:17 INFO   e1 step   200/5500  loss=0.7211  acc=0.5012  lr0=1.52e-06 lr1=1.52e-06
10:23:25 INFO   e1 step   250/5500  loss=0.7191  acc=0.5010  lr0=1.88e-06 lr1=1.88e-06
10:23:33 INFO   e1 step   300/5500  loss=0.7181  acc=0.5002  lr0=2.27e-06 lr1=2.27e-06
10:23:41 INFO   e1 step   350/5500  loss=0.7164  acc=0.5025  lr0=2.64e-06 lr1=2.64e-06
10:23:50 INFO   e1 step   400/5500  loss=0.7157  acc=0.5038  lr0=3.03e-06 lr1=3.03e-06
10:23:58 INFO   e1 step   450/5500  loss=0.7136  acc=0.5078  lr0=3.39e-06 lr1=3.39e-06
10:24:06 INFO   e1 step   500/5500  loss=0.7128  acc=0.5071  lr0=3.79e-06 lr1=3.79e-06
10:24:15 INFO   e1 step   550/5500  loss=0.7125  acc=0.5070  lr0=4.15e-06 lr1=4.15e-06
10:24:23 INFO   e1 step   600/5500  loss=0.7124  acc=0.5056  lr0=4.55e-06 lr1=4.55e-06
10:24:31 INFO   e1 step   650/5500  loss=0.7113  acc=0.5079  lr0=4.91e-06 lr1=4.91e-06
10:24:39 INFO   e1 step   700/5500  loss=0.7105  acc=0.5106  lr0=5.30e-06 lr1=5.30e-06
10:24:48 INFO   e1 step   750/5500  loss=0.7107  acc=0.5106  lr0=5.67e-06 lr1=5.67e-06
10:24:56 INFO   e1 step   800/5500  loss=0.7105  acc=0.5088  lr0=6.06e-06 lr1=6.06e-06
10:25:04 INFO   e1 step   850/5500  loss=0.7106  acc=0.5081  lr0=6.42e-06 lr1=6.42e-06
10:25:12 INFO   e1 step   900/5500  loss=0.7103  acc=0.5072  lr0=6.82e-06 lr1=6.82e-06
10:25:21 INFO   e1 step   950/5500  loss=0.7099  acc=0.5067  lr0=7.18e-06 lr1=7.18e-06
10:25:29 INFO   e1 step  1000/5500  loss=0.7096  acc=0.5075  lr0=7.58e-06 lr1=7.58e-06
10:25:37 INFO   e1 step  1050/5500  loss=0.7088  acc=0.5083  lr0=7.94e-06 lr1=7.94e-06
10:25:45 INFO   e1 step  1100/5500  loss=0.7085  acc=0.5090  lr0=8.33e-06 lr1=8.33e-06
10:25:54 INFO   e1 step  1150/5500  loss=0.7083  acc=0.5082  lr0=8.70e-06 lr1=8.70e-06
10:26:02 INFO   e1 step  1200/5500  loss=0.7072  acc=0.5099  lr0=9.09e-06 lr1=9.09e-06
10:26:10 INFO   e1 step  1250/5500  loss=0.7065  acc=0.5109  lr0=9.45e-06 lr1=9.45e-06
10:26:18 INFO   e1 step  1300/5500  loss=0.7056  acc=0.5124  lr0=9.85e-06 lr1=9.85e-06
10:26:27 INFO   e1 step  1350/5500  loss=0.7039  acc=0.5152  lr0=9.99e-06 lr1=9.99e-06
10:26:35 INFO   e1 step  1400/5500  loss=0.7028  acc=0.5164  lr0=9.96e-06 lr1=9.96e-06
10:26:43 INFO   e1 step  1450/5500  loss=0.7017  acc=0.5187  lr0=9.94e-06 lr1=9.94e-06
10:26:52 INFO   e1 step  1500/5500  loss=0.7010  acc=0.5195  lr0=9.91e-06 lr1=9.91e-06
10:27:00 INFO   e1 step  1550/5500  loss=0.6999  acc=0.5210  lr0=9.89e-06 lr1=9.89e-06
10:27:08 INFO   e1 step  1600/5500  loss=0.6984  acc=0.5231  lr0=9.86e-06 lr1=9.86e-06
10:27:16 INFO   e1 step  1650/5500  loss=0.6969  acc=0.5253  lr0=9.84e-06 lr1=9.84e-06
10:27:25 INFO   e1 step  1700/5500  loss=0.6957  acc=0.5269  lr0=9.82e-06 lr1=9.82e-06
10:27:33 INFO   e1 step  1750/5500  loss=0.6944  acc=0.5280  lr0=9.79e-06 lr1=9.79e-06
10:27:41 INFO   e1 step  1800/5500  loss=0.6935  acc=0.5289  lr0=9.77e-06 lr1=9.77e-06
10:27:50 INFO   e1 step  1850/5500  loss=0.6925  acc=0.5307  lr0=9.74e-06 lr1=9.74e-06
10:27:58 INFO   e1 step  1900/5500  loss=0.6914  acc=0.5324  lr0=9.72e-06 lr1=9.72e-06
10:28:06 INFO   e1 step  1950/5500  loss=0.6901  acc=0.5347  lr0=9.70e-06 lr1=9.70e-06
10:28:14 INFO   e1 step  2000/5500  loss=0.6885  acc=0.5370  lr0=9.67e-06 lr1=9.67e-06
10:28:23 INFO   e1 step  2050/5500  loss=0.6867  acc=0.5389  lr0=9.65e-06 lr1=9.65e-06
10:28:31 INFO   e1 step  2100/5500  loss=0.6849  acc=0.5411  lr0=9.62e-06 lr1=9.62e-06
10:28:39 INFO   e1 step  2150/5500  loss=0.6832  acc=0.5431  lr0=9.60e-06 lr1=9.60e-06
10:28:48 INFO   e1 step  2200/5500  loss=0.6813  acc=0.5458  lr0=9.57e-06 lr1=9.57e-06
10:28:56 INFO   e1 step  2250/5500  loss=0.6793  acc=0.5484  lr0=9.55e-06 lr1=9.55e-06
10:29:04 INFO   e1 step  2300/5500  loss=0.6770  acc=0.5518  lr0=9.53e-06 lr1=9.53e-06
10:29:12 INFO   e1 step  2350/5500  loss=0.6747  acc=0.5546  lr0=9.50e-06 lr1=9.50e-06
10:29:21 INFO   e1 step  2400/5500  loss=0.6719  acc=0.5579  lr0=9.48e-06 lr1=9.48e-06
10:29:29 INFO   e1 step  2450/5500  loss=0.6683  acc=0.5615  lr0=9.45e-06 lr1=9.45e-06
10:29:37 INFO   e1 step  2500/5500  loss=0.6655  acc=0.5646  lr0=9.43e-06 lr1=9.43e-06
10:29:45 INFO   e1 step  2550/5500  loss=0.6629  acc=0.5676  lr0=9.41e-06 lr1=9.41e-06
10:29:54 INFO   e1 step  2600/5500  loss=0.6594  acc=0.5714  lr0=9.38e-06 lr1=9.38e-06
10:30:02 INFO   e1 step  2650/5500  loss=0.6552  acc=0.5757  lr0=9.36e-06 lr1=9.36e-06
10:30:10 INFO   e1 step  2700/5500  loss=0.6511  acc=0.5796  lr0=9.33e-06 lr1=9.33e-06
10:30:18 INFO   e1 step  2750/5500  loss=0.6470  acc=0.5836  lr0=9.31e-06 lr1=9.31e-06
10:30:27 INFO   e1 step  2800/5500  loss=0.6417  acc=0.5884  lr0=9.28e-06 lr1=9.28e-06
10:30:35 INFO   e1 step  2850/5500  loss=0.6368  acc=0.5929  lr0=9.26e-06 lr1=9.26e-06
10:30:43 INFO   e1 step  2900/5500  loss=0.6318  acc=0.5970  lr0=9.24e-06 lr1=9.24e-06
10:30:51 INFO   e1 step  2950/5500  loss=0.6269  acc=0.6015  lr0=9.21e-06 lr1=9.21e-06
10:31:00 INFO   e1 step  3000/5500  loss=0.6215  acc=0.6060  lr0=9.19e-06 lr1=9.19e-06
10:31:08 INFO   e1 step  3050/5500  loss=0.6161  acc=0.6104  lr0=9.16e-06 lr1=9.16e-06
10:31:16 INFO   e1 step  3100/5500  loss=0.6116  acc=0.6142  lr0=9.14e-06 lr1=9.14e-06
10:31:25 INFO   e1 step  3150/5500  loss=0.6066  acc=0.6184  lr0=9.12e-06 lr1=9.12e-06
10:31:33 INFO   e1 step  3200/5500  loss=0.6018  acc=0.6223  lr0=9.09e-06 lr1=9.09e-06
10:31:41 INFO   e1 step  3250/5500  loss=0.5966  acc=0.6265  lr0=9.07e-06 lr1=9.07e-06
10:31:49 INFO   e1 step  3300/5500  loss=0.5914  acc=0.6308  lr0=9.04e-06 lr1=9.04e-06
10:31:57 INFO   e1 step  3350/5500  loss=0.5868  acc=0.6346  lr0=9.02e-06 lr1=9.02e-06
10:32:06 INFO   e1 step  3400/5500  loss=0.5818  acc=0.6384  lr0=8.99e-06 lr1=8.99e-06
10:32:14 INFO   e1 step  3450/5500  loss=0.5769  acc=0.6420  lr0=8.97e-06 lr1=8.97e-06
10:32:22 INFO   e1 step  3500/5500  loss=0.5721  acc=0.6457  lr0=8.95e-06 lr1=8.95e-06
10:32:31 INFO   e1 step  3550/5500  loss=0.5679  acc=0.6492  lr0=8.92e-06 lr1=8.92e-06
10:32:39 INFO   e1 step  3600/5500  loss=0.5629  acc=0.6528  lr0=8.90e-06 lr1=8.90e-06
10:32:47 INFO   e1 step  3650/5500  loss=0.5577  acc=0.6565  lr0=8.87e-06 lr1=8.87e-06
10:32:55 INFO   e1 step  3700/5500  loss=0.5530  acc=0.6602  lr0=8.85e-06 lr1=8.85e-06
10:33:04 INFO   e1 step  3750/5500  loss=0.5487  acc=0.6636  lr0=8.83e-06 lr1=8.83e-06
10:33:12 INFO   e1 step  3800/5500  loss=0.5440  acc=0.6672  lr0=8.80e-06 lr1=8.80e-06
10:33:20 INFO   e1 step  3850/5500  loss=0.5389  acc=0.6708  lr0=8.78e-06 lr1=8.78e-06
10:33:29 INFO   e1 step  3900/5500  loss=0.5344  acc=0.6741  lr0=8.75e-06 lr1=8.75e-06
10:33:37 INFO   e1 step  3950/5500  loss=0.5299  acc=0.6774  lr0=8.73e-06 lr1=8.73e-06
10:33:45 INFO   e1 step  4000/5500  loss=0.5253  acc=0.6807  lr0=8.70e-06 lr1=8.70e-06
10:33:53 INFO   e1 step  4050/5500  loss=0.5207  acc=0.6839  lr0=8.68e-06 lr1=8.68e-06
10:34:02 INFO   e1 step  4100/5500  loss=0.5162  acc=0.6871  lr0=8.66e-06 lr1=8.66e-06
10:34:10 INFO   e1 step  4150/5500  loss=0.5118  acc=0.6902  lr0=8.63e-06 lr1=8.63e-06
10:34:18 INFO   e1 step  4200/5500  loss=0.5073  acc=0.6933  lr0=8.61e-06 lr1=8.61e-06
10:34:26 INFO   e1 step  4250/5500  loss=0.5031  acc=0.6962  lr0=8.58e-06 lr1=8.58e-06
10:34:35 INFO   e1 step  4300/5500  loss=0.4987  acc=0.6991  lr0=8.56e-06 lr1=8.56e-06
10:34:43 INFO   e1 step  4350/5500  loss=0.4941  acc=0.7022  lr0=8.54e-06 lr1=8.54e-06
10:34:51 INFO   e1 step  4400/5500  loss=0.4903  acc=0.7050  lr0=8.51e-06 lr1=8.51e-06
10:34:59 INFO   e1 step  4450/5500  loss=0.4863  acc=0.7077  lr0=8.49e-06 lr1=8.49e-06
10:35:08 INFO   e1 step  4500/5500  loss=0.4824  acc=0.7104  lr0=8.46e-06 lr1=8.46e-06
10:35:16 INFO   e1 step  4550/5500  loss=0.4783  acc=0.7132  lr0=8.44e-06 lr1=8.44e-06
10:35:24 INFO   e1 step  4600/5500  loss=0.4740  acc=0.7161  lr0=8.41e-06 lr1=8.41e-06
10:35:32 INFO   e1 step  4650/5500  loss=0.4701  acc=0.7187  lr0=8.39e-06 lr1=8.39e-06
10:35:41 INFO   e1 step  4700/5500  loss=0.4661  acc=0.7214  lr0=8.37e-06 lr1=8.37e-06
10:35:49 INFO   e1 step  4750/5500  loss=0.4621  acc=0.7239  lr0=8.34e-06 lr1=8.34e-06
10:35:57 INFO   e1 step  4800/5500  loss=0.4581  acc=0.7265  lr0=8.32e-06 lr1=8.32e-06
10:36:06 INFO   e1 step  4850/5500  loss=0.4545  acc=0.7289  lr0=8.29e-06 lr1=8.29e-06
10:36:14 INFO   e1 step  4900/5500  loss=0.4507  acc=0.7314  lr0=8.27e-06 lr1=8.27e-06
10:36:22 INFO   e1 step  4950/5500  loss=0.4471  acc=0.7337  lr0=8.25e-06 lr1=8.25e-06
10:36:31 INFO   e1 step  5000/5500  loss=0.4435  acc=0.7361  lr0=8.22e-06 lr1=8.22e-06
10:36:39 INFO   e1 step  5050/5500  loss=0.4400  acc=0.7384  lr0=8.20e-06 lr1=8.20e-06
10:36:47 INFO   e1 step  5100/5500  loss=0.4363  acc=0.7408  lr0=8.17e-06 lr1=8.17e-06
10:36:55 INFO   e1 step  5150/5500  loss=0.4328  acc=0.7430  lr0=8.15e-06 lr1=8.15e-06
10:37:04 INFO   e1 step  5200/5500  loss=0.4295  acc=0.7452  lr0=8.12e-06 lr1=8.12e-06
10:37:12 INFO   e1 step  5250/5500  loss=0.4261  acc=0.7474  lr0=8.10e-06 lr1=8.10e-06
10:37:20 INFO   e1 step  5300/5500  loss=0.4227  acc=0.7496  lr0=8.08e-06 lr1=8.08e-06
10:37:28 INFO   e1 step  5350/5500  loss=0.4194  acc=0.7517  lr0=8.05e-06 lr1=8.05e-06
10:37:37 INFO   e1 step  5400/5500  loss=0.4162  acc=0.7538  lr0=8.03e-06 lr1=8.03e-06
10:37:45 INFO   e1 step  5450/5500  loss=0.4130  acc=0.7558  lr0=8.00e-06 lr1=8.00e-06
10:37:53 INFO   e1 step  5500/5500  loss=0.4099  acc=0.7579  lr0=7.98e-06 lr1=7.98e-06
10:38:22 INFO [epoch 1] train_loss=0.4099 train_acc=0.7579  val_loss=0.1283 val_acc=0.9607 val_auc=0.9906  elapsed=939.3s
10:38:24 INFO   saved best.pt  val_acc=0.9607
10:38:32 INFO   e2 step    50/5500  loss=0.0463  acc=0.9838  lr0=7.96e-06 lr1=7.96e-06
10:38:41 INFO   e2 step   100/5500  loss=0.0504  acc=0.9819  lr0=7.93e-06 lr1=7.93e-06
10:38:49 INFO   e2 step   150/5500  loss=0.0481  acc=0.9842  lr0=7.91e-06 lr1=7.91e-06
10:38:57 INFO   e2 step   200/5500  loss=0.0420  acc=0.9869  lr0=7.88e-06 lr1=7.88e-06
10:39:05 INFO   e2 step   250/5500  loss=0.0417  acc=0.9868  lr0=7.86e-06 lr1=7.86e-06
10:39:14 INFO   e2 step   300/5500  loss=0.0422  acc=0.9865  lr0=7.83e-06 lr1=7.83e-06
10:39:22 INFO   e2 step   350/5500  loss=0.0431  acc=0.9866  lr0=7.81e-06 lr1=7.81e-06
10:39:30 INFO   e2 step   400/5500  loss=0.0426  acc=0.9869  lr0=7.79e-06 lr1=7.79e-06
10:39:38 INFO   e2 step   450/5500  loss=0.0440  acc=0.9858  lr0=7.76e-06 lr1=7.76e-06
10:39:47 INFO   e2 step   500/5500  loss=0.0455  acc=0.9855  lr0=7.74e-06 lr1=7.74e-06
10:39:55 INFO   e2 step   550/5500  loss=0.0458  acc=0.9853  lr0=7.71e-06 lr1=7.71e-06
10:40:03 INFO   e2 step   600/5500  loss=0.0453  acc=0.9855  lr0=7.69e-06 lr1=7.69e-06
10:40:11 INFO   e2 step   650/5500  loss=0.0455  acc=0.9857  lr0=7.67e-06 lr1=7.67e-06
10:40:20 INFO   e2 step   700/5500  loss=0.0447  acc=0.9855  lr0=7.64e-06 lr1=7.64e-06
10:40:28 INFO   e2 step   750/5500  loss=0.0436  acc=0.9860  lr0=7.62e-06 lr1=7.62e-06
10:40:36 INFO   e2 step   800/5500  loss=0.0437  acc=0.9861  lr0=7.59e-06 lr1=7.59e-06
10:40:45 INFO   e2 step   850/5500  loss=0.0426  acc=0.9865  lr0=7.57e-06 lr1=7.57e-06
10:40:53 INFO   e2 step   900/5500  loss=0.0428  acc=0.9863  lr0=7.54e-06 lr1=7.54e-06
10:41:01 INFO   e2 step   950/5500  loss=0.0417  acc=0.9866  lr0=7.52e-06 lr1=7.52e-06
10:41:09 INFO   e2 step  1000/5500  loss=0.0414  acc=0.9868  lr0=7.50e-06 lr1=7.50e-06
10:41:18 INFO   e2 step  1050/5500  loss=0.0420  acc=0.9868  lr0=7.47e-06 lr1=7.47e-06
10:41:26 INFO   e2 step  1100/5500  loss=0.0417  acc=0.9868  lr0=7.45e-06 lr1=7.45e-06
10:41:34 INFO   e2 step  1150/5500  loss=0.0418  acc=0.9870  lr0=7.42e-06 lr1=7.42e-06
10:41:43 INFO   e2 step  1200/5500  loss=0.0420  acc=0.9868  lr0=7.40e-06 lr1=7.40e-06
10:41:51 INFO   e2 step  1250/5500  loss=0.0420  acc=0.9868  lr0=7.38e-06 lr1=7.38e-06
10:41:59 INFO   e2 step  1300/5500  loss=0.0418  acc=0.9870  lr0=7.35e-06 lr1=7.35e-06
10:42:07 INFO   e2 step  1350/5500  loss=0.0414  acc=0.9871  lr0=7.33e-06 lr1=7.33e-06
10:42:16 INFO   e2 step  1400/5500  loss=0.0412  acc=0.9872  lr0=7.30e-06 lr1=7.30e-06
10:42:24 INFO   e2 step  1450/5500  loss=0.0410  acc=0.9872  lr0=7.28e-06 lr1=7.28e-06
10:42:32 INFO   e2 step  1500/5500  loss=0.0406  acc=0.9873  lr0=7.25e-06 lr1=7.25e-06
10:42:40 INFO   e2 step  1550/5500  loss=0.0400  acc=0.9875  lr0=7.23e-06 lr1=7.23e-06
10:42:49 INFO   e2 step  1600/5500  loss=0.0395  acc=0.9877  lr0=7.21e-06 lr1=7.21e-06
10:42:57 INFO   e2 step  1650/5500  loss=0.0390  acc=0.9879  lr0=7.18e-06 lr1=7.18e-06
10:43:05 INFO   e2 step  1700/5500  loss=0.0394  acc=0.9878  lr0=7.16e-06 lr1=7.16e-06
10:43:13 INFO   e2 step  1750/5500  loss=0.0390  acc=0.9880  lr0=7.13e-06 lr1=7.13e-06
10:43:22 INFO   e2 step  1800/5500  loss=0.0389  acc=0.9880  lr0=7.11e-06 lr1=7.11e-06
10:43:30 INFO   e2 step  1850/5500  loss=0.0384  acc=0.9880  lr0=7.09e-06 lr1=7.09e-06
10:43:38 INFO   e2 step  1900/5500  loss=0.0381  acc=0.9881  lr0=7.06e-06 lr1=7.06e-06
10:43:46 INFO   e2 step  1950/5500  loss=0.0384  acc=0.9881  lr0=7.04e-06 lr1=7.04e-06
10:43:55 INFO   e2 step  2000/5500  loss=0.0377  acc=0.9883  lr0=7.01e-06 lr1=7.01e-06
10:44:03 INFO   e2 step  2050/5500  loss=0.0372  acc=0.9884  lr0=6.99e-06 lr1=6.99e-06
10:44:11 INFO   e2 step  2100/5500  loss=0.0367  acc=0.9886  lr0=6.96e-06 lr1=6.96e-06
10:44:20 INFO   e2 step  2150/5500  loss=0.0368  acc=0.9885  lr0=6.94e-06 lr1=6.94e-06
10:44:28 INFO   e2 step  2200/5500  loss=0.0360  acc=0.9887  lr0=6.91e-06 lr1=6.91e-06
10:44:36 INFO   e2 step  2250/5500  loss=0.0358  acc=0.9888  lr0=6.89e-06 lr1=6.89e-06
10:44:44 INFO   e2 step  2300/5500  loss=0.0355  acc=0.9889  lr0=6.87e-06 lr1=6.87e-06
10:44:53 INFO   e2 step  2350/5500  loss=0.0350  acc=0.9891  lr0=6.84e-06 lr1=6.84e-06
10:45:01 INFO   e2 step  2400/5500  loss=0.0348  acc=0.9891  lr0=6.82e-06 lr1=6.82e-06
10:45:09 INFO   e2 step  2450/5500  loss=0.0346  acc=0.9893  lr0=6.79e-06 lr1=6.79e-06
10:45:18 INFO   e2 step  2500/5500  loss=0.0348  acc=0.9892  lr0=6.77e-06 lr1=6.77e-06
10:45:26 INFO   e2 step  2550/5500  loss=0.0344  acc=0.9893  lr0=6.75e-06 lr1=6.75e-06
10:45:34 INFO   e2 step  2600/5500  loss=0.0339  acc=0.9894  lr0=6.72e-06 lr1=6.72e-06
10:45:42 INFO   e2 step  2650/5500  loss=0.0336  acc=0.9896  lr0=6.70e-06 lr1=6.70e-06
10:45:51 INFO   e2 step  2700/5500  loss=0.0333  acc=0.9897  lr0=6.67e-06 lr1=6.67e-06
10:45:59 INFO   e2 step  2750/5500  loss=0.0331  acc=0.9898  lr0=6.65e-06 lr1=6.65e-06
10:46:07 INFO   e2 step  2800/5500  loss=0.0329  acc=0.9898  lr0=6.62e-06 lr1=6.62e-06
10:46:15 INFO   e2 step  2850/5500  loss=0.0325  acc=0.9900  lr0=6.60e-06 lr1=6.60e-06
10:46:24 INFO   e2 step  2900/5500  loss=0.0321  acc=0.9901  lr0=6.58e-06 lr1=6.58e-06
10:46:32 INFO   e2 step  2950/5500  loss=0.0316  acc=0.9902  lr0=6.55e-06 lr1=6.55e-06
10:46:40 INFO   e2 step  3000/5500  loss=0.0312  acc=0.9904  lr0=6.53e-06 lr1=6.53e-06
10:46:49 INFO   e2 step  3050/5500  loss=0.0313  acc=0.9903  lr0=6.50e-06 lr1=6.50e-06
10:46:57 INFO   e2 step  3100/5500  loss=0.0313  acc=0.9904  lr0=6.48e-06 lr1=6.48e-06
10:47:05 INFO   e2 step  3150/5500  loss=0.0314  acc=0.9904  lr0=6.46e-06 lr1=6.46e-06
10:47:13 INFO   e2 step  3200/5500  loss=0.0311  acc=0.9905  lr0=6.43e-06 lr1=6.43e-06
10:47:22 INFO   e2 step  3250/5500  loss=0.0309  acc=0.9905  lr0=6.41e-06 lr1=6.41e-06
10:47:30 INFO   e2 step  3300/5500  loss=0.0305  acc=0.9907  lr0=6.38e-06 lr1=6.38e-06
10:47:38 INFO   e2 step  3350/5500  loss=0.0304  acc=0.9907  lr0=6.36e-06 lr1=6.36e-06
10:47:46 INFO   e2 step  3400/5500  loss=0.0301  acc=0.9908  lr0=6.33e-06 lr1=6.33e-06
10:47:55 INFO   e2 step  3450/5500  loss=0.0300  acc=0.9908  lr0=6.31e-06 lr1=6.31e-06
10:48:03 INFO   e2 step  3500/5500  loss=0.0299  acc=0.9909  lr0=6.29e-06 lr1=6.29e-06
10:48:11 INFO   e2 step  3550/5500  loss=0.0296  acc=0.9910  lr0=6.26e-06 lr1=6.26e-06
10:48:20 INFO   e2 step  3600/5500  loss=0.0294  acc=0.9910  lr0=6.24e-06 lr1=6.24e-06
10:48:28 INFO   e2 step  3650/5500  loss=0.0293  acc=0.9911  lr0=6.21e-06 lr1=6.21e-06
10:48:36 INFO   e2 step  3700/5500  loss=0.0292  acc=0.9911  lr0=6.19e-06 lr1=6.19e-06
10:48:44 INFO   e2 step  3750/5500  loss=0.0290  acc=0.9912  lr0=6.17e-06 lr1=6.17e-06
10:48:53 INFO   e2 step  3800/5500  loss=0.0286  acc=0.9913  lr0=6.14e-06 lr1=6.14e-06
10:49:01 INFO   e2 step  3850/5500  loss=0.0285  acc=0.9913  lr0=6.12e-06 lr1=6.12e-06
10:49:09 INFO   e2 step  3900/5500  loss=0.0282  acc=0.9914  lr0=6.09e-06 lr1=6.09e-06
10:49:17 INFO   e2 step  3950/5500  loss=0.0282  acc=0.9914  lr0=6.07e-06 lr1=6.07e-06
10:49:26 INFO   e2 step  4000/5500  loss=0.0281  acc=0.9914  lr0=6.04e-06 lr1=6.04e-06
10:49:34 INFO   e2 step  4050/5500  loss=0.0278  acc=0.9915  lr0=6.02e-06 lr1=6.02e-06
10:49:42 INFO   e2 step  4100/5500  loss=0.0276  acc=0.9916  lr0=6.00e-06 lr1=6.00e-06
10:49:50 INFO   e2 step  4150/5500  loss=0.0273  acc=0.9917  lr0=5.97e-06 lr1=5.97e-06
10:49:59 INFO   e2 step  4200/5500  loss=0.0272  acc=0.9917  lr0=5.95e-06 lr1=5.95e-06
10:50:07 INFO   e2 step  4250/5500  loss=0.0274  acc=0.9917  lr0=5.92e-06 lr1=5.92e-06
10:50:15 INFO   e2 step  4300/5500  loss=0.0272  acc=0.9918  lr0=5.90e-06 lr1=5.90e-06
10:50:23 INFO   e2 step  4350/5500  loss=0.0270  acc=0.9918  lr0=5.88e-06 lr1=5.88e-06
10:50:32 INFO   e2 step  4400/5500  loss=0.0267  acc=0.9919  lr0=5.85e-06 lr1=5.85e-06
10:50:40 INFO   e2 step  4450/5500  loss=0.0265  acc=0.9920  lr0=5.83e-06 lr1=5.83e-06
10:50:48 INFO   e2 step  4500/5500  loss=0.0262  acc=0.9921  lr0=5.80e-06 lr1=5.80e-06
10:50:57 INFO   e2 step  4550/5500  loss=0.0261  acc=0.9921  lr0=5.78e-06 lr1=5.78e-06
10:51:05 INFO   e2 step  4600/5500  loss=0.0259  acc=0.9921  lr0=5.75e-06 lr1=5.75e-06
10:51:13 INFO   e2 step  4650/5500  loss=0.0258  acc=0.9922  lr0=5.73e-06 lr1=5.73e-06
10:51:21 INFO   e2 step  4700/5500  loss=0.0256  acc=0.9922  lr0=5.71e-06 lr1=5.71e-06
10:51:30 INFO   e2 step  4750/5500  loss=0.0254  acc=0.9923  lr0=5.68e-06 lr1=5.68e-06
10:51:38 INFO   e2 step  4800/5500  loss=0.0253  acc=0.9923  lr0=5.66e-06 lr1=5.66e-06
10:51:46 INFO   e2 step  4850/5500  loss=0.0254  acc=0.9923  lr0=5.63e-06 lr1=5.63e-06
10:51:54 INFO   e2 step  4900/5500  loss=0.0252  acc=0.9923  lr0=5.61e-06 lr1=5.61e-06
10:52:03 INFO   e2 step  4950/5500  loss=0.0252  acc=0.9924  lr0=5.59e-06 lr1=5.59e-06
10:52:11 INFO   e2 step  5000/5500  loss=0.0251  acc=0.9924  lr0=5.56e-06 lr1=5.56e-06
10:52:19 INFO   e2 step  5050/5500  loss=0.0249  acc=0.9925  lr0=5.54e-06 lr1=5.54e-06
10:52:27 INFO   e2 step  5100/5500  loss=0.0248  acc=0.9925  lr0=5.51e-06 lr1=5.51e-06
10:52:36 INFO   e2 step  5150/5500  loss=0.0247  acc=0.9925  lr0=5.49e-06 lr1=5.49e-06
10:52:44 INFO   e2 step  5200/5500  loss=0.0245  acc=0.9926  lr0=5.46e-06 lr1=5.46e-06
10:52:53 INFO   e2 step  5250/5500  loss=0.0243  acc=0.9926  lr0=5.44e-06 lr1=5.44e-06
10:53:01 INFO   e2 step  5300/5500  loss=0.0242  acc=0.9927  lr0=5.42e-06 lr1=5.42e-06
10:53:09 INFO   e2 step  5350/5500  loss=0.0240  acc=0.9927  lr0=5.39e-06 lr1=5.39e-06
10:53:17 INFO   e2 step  5400/5500  loss=0.0240  acc=0.9928  lr0=5.37e-06 lr1=5.37e-06
10:53:26 INFO   e2 step  5450/5500  loss=0.0238  acc=0.9928  lr0=5.34e-06 lr1=5.34e-06
10:53:34 INFO   e2 step  5500/5500  loss=0.0237  acc=0.9929  lr0=5.32e-06 lr1=5.32e-06
10:54:03 INFO [epoch 2] train_loss=0.0237 train_acc=0.9929  val_loss=0.1507 val_acc=0.9724 val_auc=0.9917  elapsed=938.8s
10:54:05 INFO   saved best.pt  val_acc=0.9724
10:54:13 INFO   e3 step    50/5500  loss=0.0063  acc=0.9950  lr0=5.30e-06 lr1=5.30e-06
10:54:21 INFO   e3 step   100/5500  loss=0.0035  acc=0.9975  lr0=5.27e-06 lr1=5.27e-06
10:54:30 INFO   e3 step   150/5500  loss=0.0046  acc=0.9979  lr0=5.25e-06 lr1=5.25e-06
10:54:38 INFO   e3 step   200/5500  loss=0.0048  acc=0.9981  lr0=5.22e-06 lr1=5.22e-06
10:54:46 INFO   e3 step   250/5500  loss=0.0044  acc=0.9982  lr0=5.20e-06 lr1=5.20e-06
10:54:54 INFO   e3 step   300/5500  loss=0.0042  acc=0.9983  lr0=5.17e-06 lr1=5.17e-06
10:55:03 INFO   e3 step   350/5500  loss=0.0039  acc=0.9984  lr0=5.15e-06 lr1=5.15e-06
10:55:11 INFO   e3 step   400/5500  loss=0.0034  acc=0.9986  lr0=5.13e-06 lr1=5.13e-06
10:55:19 INFO   e3 step   450/5500  loss=0.0037  acc=0.9986  lr0=5.10e-06 lr1=5.10e-06
10:55:27 INFO   e3 step   500/5500  loss=0.0034  acc=0.9988  lr0=5.08e-06 lr1=5.08e-06
10:55:36 INFO   e3 step   550/5500  loss=0.0034  acc=0.9988  lr0=5.05e-06 lr1=5.05e-06
10:55:44 INFO   e3 step   600/5500  loss=0.0031  acc=0.9989  lr0=5.03e-06 lr1=5.03e-06
10:55:52 INFO   e3 step   650/5500  loss=0.0029  acc=0.9989  lr0=5.01e-06 lr1=5.01e-06
10:56:00 INFO   e3 step   700/5500  loss=0.0028  acc=0.9990  lr0=4.98e-06 lr1=4.98e-06
10:56:09 INFO   e3 step   750/5500  loss=0.0026  acc=0.9991  lr0=4.96e-06 lr1=4.96e-06
10:56:17 INFO   e3 step   800/5500  loss=0.0025  acc=0.9991  lr0=4.93e-06 lr1=4.93e-06
10:56:25 INFO   e3 step   850/5500  loss=0.0032  acc=0.9991  lr0=4.91e-06 lr1=4.91e-06
10:56:33 INFO   e3 step   900/5500  loss=0.0040  acc=0.9989  lr0=4.88e-06 lr1=4.88e-06
10:56:42 INFO   e3 step   950/5500  loss=0.0038  acc=0.9989  lr0=4.86e-06 lr1=4.86e-06
10:56:50 INFO   e3 step  1000/5500  loss=0.0041  acc=0.9989  lr0=4.84e-06 lr1=4.84e-06
10:56:58 INFO   e3 step  1050/5500  loss=0.0041  acc=0.9989  lr0=4.81e-06 lr1=4.81e-06
10:57:06 INFO   e3 step  1100/5500  loss=0.0040  acc=0.9989  lr0=4.79e-06 lr1=4.79e-06
10:57:15 INFO   e3 step  1150/5500  loss=0.0039  acc=0.9989  lr0=4.76e-06 lr1=4.76e-06
10:57:23 INFO   e3 step  1200/5500  loss=0.0037  acc=0.9990  lr0=4.74e-06 lr1=4.74e-06
10:57:31 INFO   e3 step  1250/5500  loss=0.0042  acc=0.9990  lr0=4.72e-06 lr1=4.72e-06
10:57:40 INFO   e3 step  1300/5500  loss=0.0045  acc=0.9988  lr0=4.69e-06 lr1=4.69e-06
10:57:48 INFO   e3 step  1350/5500  loss=0.0045  acc=0.9988  lr0=4.67e-06 lr1=4.67e-06
10:57:56 INFO   e3 step  1400/5500  loss=0.0044  acc=0.9989  lr0=4.64e-06 lr1=4.64e-06
10:58:04 INFO   e3 step  1450/5500  loss=0.0042  acc=0.9989  lr0=4.62e-06 lr1=4.62e-06
10:58:13 INFO   e3 step  1500/5500  loss=0.0044  acc=0.9989  lr0=4.59e-06 lr1=4.59e-06
10:58:21 INFO   e3 step  1550/5500  loss=0.0043  acc=0.9990  lr0=4.57e-06 lr1=4.57e-06
10:58:29 INFO   e3 step  1600/5500  loss=0.0043  acc=0.9989  lr0=4.55e-06 lr1=4.55e-06
10:58:37 INFO   e3 step  1650/5500  loss=0.0042  acc=0.9989  lr0=4.52e-06 lr1=4.52e-06
10:58:46 INFO   e3 step  1700/5500  loss=0.0041  acc=0.9990  lr0=4.50e-06 lr1=4.50e-06
10:58:54 INFO   e3 step  1750/5500  loss=0.0041  acc=0.9990  lr0=4.47e-06 lr1=4.47e-06
10:59:02 INFO   e3 step  1800/5500  loss=0.0043  acc=0.9989  lr0=4.45e-06 lr1=4.45e-06
10:59:10 INFO   e3 step  1850/5500  loss=0.0042  acc=0.9989  lr0=4.43e-06 lr1=4.43e-06
10:59:19 INFO   e3 step  1900/5500  loss=0.0043  acc=0.9988  lr0=4.40e-06 lr1=4.40e-06
10:59:27 INFO   e3 step  1950/5500  loss=0.0042  acc=0.9989  lr0=4.38e-06 lr1=4.38e-06
10:59:35 INFO   e3 step  2000/5500  loss=0.0041  acc=0.9989  lr0=4.35e-06 lr1=4.35e-06
10:59:43 INFO   e3 step  2050/5500  loss=0.0042  acc=0.9989  lr0=4.33e-06 lr1=4.33e-06
10:59:52 INFO   e3 step  2100/5500  loss=0.0042  acc=0.9989  lr0=4.30e-06 lr1=4.30e-06
11:00:00 INFO   e3 step  2150/5500  loss=0.0041  acc=0.9989  lr0=4.28e-06 lr1=4.28e-06
11:00:08 INFO   e3 step  2200/5500  loss=0.0040  acc=0.9989  lr0=4.26e-06 lr1=4.26e-06
11:00:17 INFO   e3 step  2250/5500  loss=0.0039  acc=0.9990  lr0=4.23e-06 lr1=4.23e-06
11:00:25 INFO   e3 step  2300/5500  loss=0.0041  acc=0.9990  lr0=4.21e-06 lr1=4.21e-06
11:00:33 INFO   e3 step  2350/5500  loss=0.0040  acc=0.9990  lr0=4.18e-06 lr1=4.18e-06
11:00:41 INFO   e3 step  2400/5500  loss=0.0041  acc=0.9990  lr0=4.16e-06 lr1=4.16e-06
11:00:50 INFO   e3 step  2450/5500  loss=0.0040  acc=0.9990  lr0=4.14e-06 lr1=4.14e-06
11:00:58 INFO   e3 step  2500/5500  loss=0.0040  acc=0.9990  lr0=4.11e-06 lr1=4.11e-06
11:01:06 INFO   e3 step  2550/5500  loss=0.0040  acc=0.9990  lr0=4.09e-06 lr1=4.09e-06
11:01:14 INFO   e3 step  2600/5500  loss=0.0042  acc=0.9990  lr0=4.06e-06 lr1=4.06e-06
11:01:23 INFO   e3 step  2650/5500  loss=0.0042  acc=0.9989  lr0=4.04e-06 lr1=4.04e-06
11:01:31 INFO   e3 step  2700/5500  loss=0.0042  acc=0.9989  lr0=4.01e-06 lr1=4.01e-06
11:01:39 INFO   e3 step  2750/5500  loss=0.0042  acc=0.9990  lr0=3.99e-06 lr1=3.99e-06
11:01:47 INFO   e3 step  2800/5500  loss=0.0041  acc=0.9990  lr0=3.97e-06 lr1=3.97e-06
11:01:56 INFO   e3 step  2850/5500  loss=0.0041  acc=0.9990  lr0=3.94e-06 lr1=3.94e-06
11:02:04 INFO   e3 step  2900/5500  loss=0.0040  acc=0.9990  lr0=3.92e-06 lr1=3.92e-06
11:02:12 INFO   e3 step  2950/5500  loss=0.0039  acc=0.9990  lr0=3.89e-06 lr1=3.89e-06
11:02:21 INFO   e3 step  3000/5500  loss=0.0040  acc=0.9990  lr0=3.87e-06 lr1=3.87e-06
11:02:29 INFO   e3 step  3050/5500  loss=0.0040  acc=0.9990  lr0=3.85e-06 lr1=3.85e-06
11:02:37 INFO   e3 step  3100/5500  loss=0.0040  acc=0.9989  lr0=3.82e-06 lr1=3.82e-06
11:02:45 INFO   e3 step  3150/5500  loss=0.0040  acc=0.9989  lr0=3.80e-06 lr1=3.80e-06
11:02:54 INFO   e3 step  3200/5500  loss=0.0040  acc=0.9989  lr0=3.77e-06 lr1=3.77e-06
11:03:02 INFO   e3 step  3250/5500  loss=0.0042  acc=0.9989  lr0=3.75e-06 lr1=3.75e-06
11:03:10 INFO   e3 step  3300/5500  loss=0.0044  acc=0.9989  lr0=3.72e-06 lr1=3.72e-06
11:03:19 INFO   e3 step  3350/5500  loss=0.0044  acc=0.9989  lr0=3.70e-06 lr1=3.70e-06
11:03:27 INFO   e3 step  3400/5500  loss=0.0044  acc=0.9989  lr0=3.68e-06 lr1=3.68e-06
11:03:35 INFO   e3 step  3450/5500  loss=0.0046  acc=0.9989  lr0=3.65e-06 lr1=3.65e-06
11:03:43 INFO   e3 step  3500/5500  loss=0.0045  acc=0.9989  lr0=3.63e-06 lr1=3.63e-06
11:03:52 INFO   e3 step  3550/5500  loss=0.0045  acc=0.9989  lr0=3.60e-06 lr1=3.60e-06
11:04:00 INFO   e3 step  3600/5500  loss=0.0044  acc=0.9989  lr0=3.58e-06 lr1=3.58e-06
11:04:08 INFO   e3 step  3650/5500  loss=0.0045  acc=0.9989  lr0=3.56e-06 lr1=3.56e-06
11:04:17 INFO   e3 step  3700/5500  loss=0.0045  acc=0.9989  lr0=3.53e-06 lr1=3.53e-06
11:04:25 INFO   e3 step  3750/5500  loss=0.0044  acc=0.9989  lr0=3.51e-06 lr1=3.51e-06
11:04:33 INFO   e3 step  3800/5500  loss=0.0045  acc=0.9989  lr0=3.48e-06 lr1=3.48e-06
11:04:41 INFO   e3 step  3850/5500  loss=0.0045  acc=0.9989  lr0=3.46e-06 lr1=3.46e-06
11:04:49 INFO   e3 step  3900/5500  loss=0.0045  acc=0.9989  lr0=3.43e-06 lr1=3.43e-06
11:04:58 INFO   e3 step  3950/5500  loss=0.0044  acc=0.9989  lr0=3.41e-06 lr1=3.41e-06
11:05:06 INFO   e3 step  4000/5500  loss=0.0044  acc=0.9989  lr0=3.38e-06 lr1=3.38e-06
11:05:14 INFO   e3 step  4050/5500  loss=0.0044  acc=0.9989  lr0=3.36e-06 lr1=3.36e-06
11:05:22 INFO   e3 step  4100/5500  loss=0.0044  acc=0.9989  lr0=3.34e-06 lr1=3.34e-06
11:05:31 INFO   e3 step  4150/5500  loss=0.0043  acc=0.9989  lr0=3.31e-06 lr1=3.31e-06
11:05:39 INFO   e3 step  4200/5500  loss=0.0044  acc=0.9989  lr0=3.29e-06 lr1=3.29e-06
11:05:47 INFO   e3 step  4250/5500  loss=0.0045  acc=0.9989  lr0=3.26e-06 lr1=3.26e-06
11:05:56 INFO   e3 step  4300/5500  loss=0.0045  acc=0.9989  lr0=3.24e-06 lr1=3.24e-06
11:06:04 INFO   e3 step  4350/5500  loss=0.0044  acc=0.9990  lr0=3.22e-06 lr1=3.22e-06
11:06:12 INFO   e3 step  4400/5500  loss=0.0044  acc=0.9989  lr0=3.19e-06 lr1=3.19e-06
11:06:20 INFO   e3 step  4450/5500  loss=0.0045  acc=0.9989  lr0=3.17e-06 lr1=3.17e-06
11:06:29 INFO   e3 step  4500/5500  loss=0.0044  acc=0.9989  lr0=3.14e-06 lr1=3.14e-06
11:06:37 INFO   e3 step  4550/5500  loss=0.0044  acc=0.9989  lr0=3.12e-06 lr1=3.12e-06
11:06:45 INFO   e3 step  4600/5500  loss=0.0043  acc=0.9990  lr0=3.09e-06 lr1=3.09e-06
11:06:53 INFO   e3 step  4650/5500  loss=0.0043  acc=0.9990  lr0=3.07e-06 lr1=3.07e-06
11:07:02 INFO   e3 step  4700/5500  loss=0.0043  acc=0.9990  lr0=3.05e-06 lr1=3.05e-06
11:07:10 INFO   e3 step  4750/5500  loss=0.0043  acc=0.9990  lr0=3.02e-06 lr1=3.02e-06
11:07:18 INFO   e3 step  4800/5500  loss=0.0044  acc=0.9989  lr0=3.00e-06 lr1=3.00e-06
11:07:26 INFO   e3 step  4850/5500  loss=0.0043  acc=0.9990  lr0=2.97e-06 lr1=2.97e-06
11:07:35 INFO   e3 step  4900/5500  loss=0.0043  acc=0.9990  lr0=2.95e-06 lr1=2.95e-06
11:07:43 INFO   e3 step  4950/5500  loss=0.0042  acc=0.9990  lr0=2.93e-06 lr1=2.93e-06
11:07:51 INFO   e3 step  5000/5500  loss=0.0042  acc=0.9990  lr0=2.90e-06 lr1=2.90e-06
11:08:00 INFO   e3 step  5050/5500  loss=0.0041  acc=0.9990  lr0=2.88e-06 lr1=2.88e-06
11:08:08 INFO   e3 step  5100/5500  loss=0.0041  acc=0.9990  lr0=2.85e-06 lr1=2.85e-06
11:08:16 INFO   e3 step  5150/5500  loss=0.0041  acc=0.9990  lr0=2.83e-06 lr1=2.83e-06
11:08:24 INFO   e3 step  5200/5500  loss=0.0040  acc=0.9990  lr0=2.80e-06 lr1=2.80e-06
11:08:33 INFO   e3 step  5250/5500  loss=0.0040  acc=0.9990  lr0=2.78e-06 lr1=2.78e-06
11:08:41 INFO   e3 step  5300/5500  loss=0.0040  acc=0.9990  lr0=2.76e-06 lr1=2.76e-06
11:08:49 INFO   e3 step  5350/5500  loss=0.0040  acc=0.9990  lr0=2.73e-06 lr1=2.73e-06
11:08:58 INFO   e3 step  5400/5500  loss=0.0040  acc=0.9990  lr0=2.71e-06 lr1=2.71e-06
11:09:06 INFO   e3 step  5450/5500  loss=0.0041  acc=0.9990  lr0=2.68e-06 lr1=2.68e-06
11:09:14 INFO   e3 step  5500/5500  loss=0.0042  acc=0.9990  lr0=2.66e-06 lr1=2.66e-06
11:09:43 INFO [epoch 3] train_loss=0.0042 train_acc=0.9990  val_loss=0.0894 val_acc=0.9852 val_auc=0.9954  elapsed=938.4s
11:09:45 INFO   saved best.pt  val_acc=0.9852
11:09:53 INFO   e4 step    50/5500  loss=0.0007  acc=1.0000  lr0=2.64e-06 lr1=2.64e-06
11:10:02 INFO   e4 step   100/5500  loss=0.0004  acc=1.0000  lr0=2.61e-06 lr1=2.61e-06
11:10:10 INFO   e4 step   150/5500  loss=0.0003  acc=1.0000  lr0=2.59e-06 lr1=2.59e-06
11:10:18 INFO   e4 step   200/5500  loss=0.0002  acc=1.0000  lr0=2.56e-06 lr1=2.56e-06
11:10:26 INFO   e4 step   250/5500  loss=0.0002  acc=1.0000  lr0=2.54e-06 lr1=2.54e-06
11:10:35 INFO   e4 step   300/5500  loss=0.0009  acc=0.9998  lr0=2.51e-06 lr1=2.51e-06
11:10:43 INFO   e4 step   350/5500  loss=0.0007  acc=0.9998  lr0=2.49e-06 lr1=2.49e-06
11:10:51 INFO   e4 step   400/5500  loss=0.0012  acc=0.9995  lr0=2.47e-06 lr1=2.47e-06
11:10:59 INFO   e4 step   450/5500  loss=0.0011  acc=0.9996  lr0=2.44e-06 lr1=2.44e-06
11:11:08 INFO   e4 step   500/5500  loss=0.0010  acc=0.9996  lr0=2.42e-06 lr1=2.42e-06
11:11:16 INFO   e4 step   550/5500  loss=0.0009  acc=0.9997  lr0=2.39e-06 lr1=2.39e-06
11:11:24 INFO   e4 step   600/5500  loss=0.0008  acc=0.9997  lr0=2.37e-06 lr1=2.37e-06
11:11:32 INFO   e4 step   650/5500  loss=0.0010  acc=0.9996  lr0=2.35e-06 lr1=2.35e-06
11:11:41 INFO   e4 step   700/5500  loss=0.0009  acc=0.9996  lr0=2.32e-06 lr1=2.32e-06
11:11:49 INFO   e4 step   750/5500  loss=0.0008  acc=0.9997  lr0=2.30e-06 lr1=2.30e-06
11:11:57 INFO   e4 step   800/5500  loss=0.0008  acc=0.9997  lr0=2.27e-06 lr1=2.27e-06
11:12:05 INFO   e4 step   850/5500  loss=0.0008  acc=0.9997  lr0=2.25e-06 lr1=2.25e-06
11:12:14 INFO   e4 step   900/5500  loss=0.0009  acc=0.9997  lr0=2.22e-06 lr1=2.22e-06
11:12:22 INFO   e4 step   950/5500  loss=0.0008  acc=0.9997  lr0=2.20e-06 lr1=2.20e-06
11:12:30 INFO   e4 step  1000/5500  loss=0.0008  acc=0.9997  lr0=2.18e-06 lr1=2.18e-06
11:12:38 INFO   e4 step  1050/5500  loss=0.0008  acc=0.9997  lr0=2.15e-06 lr1=2.15e-06
11:12:47 INFO   e4 step  1100/5500  loss=0.0007  acc=0.9997  lr0=2.13e-06 lr1=2.13e-06
11:12:55 INFO   e4 step  1150/5500  loss=0.0007  acc=0.9997  lr0=2.10e-06 lr1=2.10e-06
11:13:03 INFO   e4 step  1200/5500  loss=0.0007  acc=0.9997  lr0=2.08e-06 lr1=2.08e-06
11:13:11 INFO   e4 step  1250/5500  loss=0.0006  acc=0.9998  lr0=2.06e-06 lr1=2.06e-06
11:13:20 INFO   e4 step  1300/5500  loss=0.0006  acc=0.9998  lr0=2.03e-06 lr1=2.03e-06
11:13:28 INFO   e4 step  1350/5500  loss=0.0006  acc=0.9998  lr0=2.01e-06 lr1=2.01e-06
11:13:36 INFO   e4 step  1400/5500  loss=0.0006  acc=0.9998  lr0=1.98e-06 lr1=1.98e-06
11:13:44 INFO   e4 step  1450/5500  loss=0.0006  acc=0.9998  lr0=1.96e-06 lr1=1.96e-06
11:13:53 INFO   e4 step  1500/5500  loss=0.0006  acc=0.9998  lr0=1.93e-06 lr1=1.93e-06
11:14:01 INFO   e4 step  1550/5500  loss=0.0006  acc=0.9998  lr0=1.91e-06 lr1=1.91e-06
11:14:09 INFO   e4 step  1600/5500  loss=0.0006  acc=0.9998  lr0=1.89e-06 lr1=1.89e-06
11:14:17 INFO   e4 step  1650/5500  loss=0.0008  acc=0.9997  lr0=1.86e-06 lr1=1.86e-06
11:14:26 INFO   e4 step  1700/5500  loss=0.0008  acc=0.9997  lr0=1.84e-06 lr1=1.84e-06
11:14:34 INFO   e4 step  1750/5500  loss=0.0008  acc=0.9998  lr0=1.81e-06 lr1=1.81e-06
11:14:42 INFO   e4 step  1800/5500  loss=0.0008  acc=0.9997  lr0=1.79e-06 lr1=1.79e-06
11:14:50 INFO   e4 step  1850/5500  loss=0.0008  acc=0.9997  lr0=1.77e-06 lr1=1.77e-06
11:14:59 INFO   e4 step  1900/5500  loss=0.0007  acc=0.9997  lr0=1.74e-06 lr1=1.74e-06
11:15:07 INFO   e4 step  1950/5500  loss=0.0007  acc=0.9997  lr0=1.72e-06 lr1=1.72e-06
11:15:15 INFO   e4 step  2000/5500  loss=0.0010  acc=0.9997  lr0=1.69e-06 lr1=1.69e-06
11:15:24 INFO   e4 step  2050/5500  loss=0.0010  acc=0.9997  lr0=1.67e-06 lr1=1.67e-06
11:15:32 INFO   e4 step  2100/5500  loss=0.0009  acc=0.9997  lr0=1.64e-06 lr1=1.64e-06
11:15:40 INFO   e4 step  2150/5500  loss=0.0010  acc=0.9997  lr0=1.62e-06 lr1=1.62e-06
11:15:48 INFO   e4 step  2200/5500  loss=0.0010  acc=0.9997  lr0=1.60e-06 lr1=1.60e-06
11:15:57 INFO   e4 step  2250/5500  loss=0.0010  acc=0.9997  lr0=1.57e-06 lr1=1.57e-06
11:16:05 INFO   e4 step  2300/5500  loss=0.0010  acc=0.9997  lr0=1.55e-06 lr1=1.55e-06
11:16:13 INFO   e4 step  2350/5500  loss=0.0010  acc=0.9997  lr0=1.52e-06 lr1=1.52e-06
11:16:21 INFO   e4 step  2400/5500  loss=0.0009  acc=0.9997  lr0=1.50e-06 lr1=1.50e-06
11:16:30 INFO   e4 step  2450/5500  loss=0.0009  acc=0.9997  lr0=1.48e-06 lr1=1.48e-06
11:16:38 INFO   e4 step  2500/5500  loss=0.0009  acc=0.9997  lr0=1.45e-06 lr1=1.45e-06
11:16:46 INFO   e4 step  2550/5500  loss=0.0010  acc=0.9997  lr0=1.43e-06 lr1=1.43e-06
11:16:55 INFO   e4 step  2600/5500  loss=0.0010  acc=0.9997  lr0=1.40e-06 lr1=1.40e-06
11:17:03 INFO   e4 step  2650/5500  loss=0.0010  acc=0.9997  lr0=1.38e-06 lr1=1.38e-06
11:17:11 INFO   e4 step  2700/5500  loss=0.0010  acc=0.9997  lr0=1.35e-06 lr1=1.35e-06
11:17:19 INFO   e4 step  2750/5500  loss=0.0009  acc=0.9997  lr0=1.33e-06 lr1=1.33e-06
11:17:28 INFO   e4 step  2800/5500  loss=0.0009  acc=0.9997  lr0=1.31e-06 lr1=1.31e-06
11:17:36 INFO   e4 step  2850/5500  loss=0.0009  acc=0.9997  lr0=1.28e-06 lr1=1.28e-06
11:17:44 INFO   e4 step  2900/5500  loss=0.0009  acc=0.9997  lr0=1.26e-06 lr1=1.26e-06
11:17:52 INFO   e4 step  2950/5500  loss=0.0009  acc=0.9997  lr0=1.23e-06 lr1=1.23e-06
11:18:01 INFO   e4 step  3000/5500  loss=0.0009  acc=0.9997  lr0=1.21e-06 lr1=1.21e-06
11:18:09 INFO   e4 step  3050/5500  loss=0.0008  acc=0.9997  lr0=1.19e-06 lr1=1.19e-06
11:18:17 INFO   e4 step  3100/5500  loss=0.0008  acc=0.9997  lr0=1.16e-06 lr1=1.16e-06
11:18:26 INFO   e4 step  3150/5500  loss=0.0008  acc=0.9997  lr0=1.14e-06 lr1=1.14e-06
11:18:34 INFO   e4 step  3200/5500  loss=0.0008  acc=0.9997  lr0=1.11e-06 lr1=1.11e-06
11:18:42 INFO   e4 step  3250/5500  loss=0.0008  acc=0.9998  lr0=1.09e-06 lr1=1.09e-06
11:18:50 INFO   e4 step  3300/5500  loss=0.0008  acc=0.9998  lr0=1.06e-06 lr1=1.06e-06
11:18:59 INFO   e4 step  3350/5500  loss=0.0008  acc=0.9998  lr0=1.04e-06 lr1=1.04e-06
11:19:07 INFO   e4 step  3400/5500  loss=0.0008  acc=0.9998  lr0=1.02e-06 lr1=1.02e-06
11:19:15 INFO   e4 step  3450/5500  loss=0.0008  acc=0.9997  lr0=9.92e-07 lr1=9.92e-07
11:19:23 INFO   e4 step  3500/5500  loss=0.0008  acc=0.9998  lr0=9.67e-07 lr1=9.67e-07
11:19:32 INFO   e4 step  3550/5500  loss=0.0008  acc=0.9998  lr0=9.44e-07 lr1=9.44e-07
11:19:40 INFO   e4 step  3600/5500  loss=0.0008  acc=0.9998  lr0=9.19e-07 lr1=9.19e-07
11:19:48 INFO   e4 step  3650/5500  loss=0.0007  acc=0.9998  lr0=8.96e-07 lr1=8.96e-07
11:19:56 INFO   e4 step  3700/5500  loss=0.0007  acc=0.9998  lr0=8.70e-07 lr1=8.70e-07
11:20:05 INFO   e4 step  3750/5500  loss=0.0007  acc=0.9998  lr0=8.47e-07 lr1=8.47e-07
11:20:13 INFO   e4 step  3800/5500  loss=0.0007  acc=0.9998  lr0=8.22e-07 lr1=8.22e-07
11:20:21 INFO   e4 step  3850/5500  loss=0.0007  acc=0.9998  lr0=7.99e-07 lr1=7.99e-07
11:20:29 INFO   e4 step  3900/5500  loss=0.0007  acc=0.9998  lr0=7.74e-07 lr1=7.74e-07
11:20:38 INFO   e4 step  3950/5500  loss=0.0007  acc=0.9998  lr0=7.50e-07 lr1=7.50e-07
11:20:46 INFO   e4 step  4000/5500  loss=0.0007  acc=0.9998  lr0=7.25e-07 lr1=7.25e-07
11:20:54 INFO   e4 step  4050/5500  loss=0.0008  acc=0.9998  lr0=7.02e-07 lr1=7.02e-07
11:21:02 INFO   e4 step  4100/5500  loss=0.0008  acc=0.9998  lr0=6.77e-07 lr1=6.77e-07
11:21:11 INFO   e4 step  4150/5500  loss=0.0008  acc=0.9998  lr0=6.54e-07 lr1=6.54e-07
11:21:19 INFO   e4 step  4200/5500  loss=0.0007  acc=0.9998  lr0=6.29e-07 lr1=6.29e-07
11:21:27 INFO   e4 step  4250/5500  loss=0.0007  acc=0.9998  lr0=6.05e-07 lr1=6.05e-07
11:21:35 INFO   e4 step  4300/5500  loss=0.0007  acc=0.9998  lr0=5.80e-07 lr1=5.80e-07
11:21:44 INFO   e4 step  4350/5500  loss=0.0007  acc=0.9998  lr0=5.57e-07 lr1=5.57e-07
11:21:52 INFO   e4 step  4400/5500  loss=0.0007  acc=0.9998  lr0=5.32e-07 lr1=5.32e-07
11:22:00 INFO   e4 step  4450/5500  loss=0.0007  acc=0.9998  lr0=5.09e-07 lr1=5.09e-07
11:22:08 INFO   e4 step  4500/5500  loss=0.0007  acc=0.9998  lr0=4.84e-07 lr1=4.84e-07
11:22:17 INFO   e4 step  4550/5500  loss=0.0007  acc=0.9998  lr0=4.60e-07 lr1=4.60e-07
11:22:25 INFO   e4 step  4600/5500  loss=0.0007  acc=0.9998  lr0=4.35e-07 lr1=4.35e-07
11:22:33 INFO   e4 step  4650/5500  loss=0.0007  acc=0.9998  lr0=4.12e-07 lr1=4.12e-07
11:22:41 INFO   e4 step  4700/5500  loss=0.0007  acc=0.9998  lr0=3.87e-07 lr1=3.87e-07
11:22:50 INFO   e4 step  4750/5500  loss=0.0007  acc=0.9998  lr0=3.64e-07 lr1=3.64e-07
11:22:58 INFO   e4 step  4800/5500  loss=0.0007  acc=0.9998  lr0=3.38e-07 lr1=3.38e-07
11:23:06 INFO   e4 step  4850/5500  loss=0.0007  acc=0.9998  lr0=3.15e-07 lr1=3.15e-07
11:23:15 INFO   e4 step  4900/5500  loss=0.0007  acc=0.9998  lr0=2.90e-07 lr1=2.90e-07
11:23:23 INFO   e4 step  4950/5500  loss=0.0007  acc=0.9998  lr0=2.67e-07 lr1=2.67e-07
11:23:31 INFO   e4 step  5000/5500  loss=0.0007  acc=0.9998  lr0=2.42e-07 lr1=2.42e-07
11:23:39 INFO   e4 step  5050/5500  loss=0.0007  acc=0.9998  lr0=2.19e-07 lr1=2.19e-07
11:23:48 INFO   e4 step  5100/5500  loss=0.0007  acc=0.9998  lr0=1.93e-07 lr1=1.93e-07
11:23:56 INFO   e4 step  5150/5500  loss=0.0007  acc=0.9998  lr0=1.70e-07 lr1=1.70e-07
11:24:04 INFO   e4 step  5200/5500  loss=0.0007  acc=0.9998  lr0=1.45e-07 lr1=1.45e-07
11:24:12 INFO   e4 step  5250/5500  loss=0.0007  acc=0.9998  lr0=1.22e-07 lr1=1.22e-07
11:24:21 INFO   e4 step  5300/5500  loss=0.0007  acc=0.9998  lr0=9.67e-08 lr1=9.67e-08
11:24:29 INFO   e4 step  5350/5500  loss=0.0007  acc=0.9998  lr0=7.35e-08 lr1=7.35e-08
11:24:37 INFO   e4 step  5400/5500  loss=0.0006  acc=0.9998  lr0=4.84e-08 lr1=4.84e-08
11:24:46 INFO   e4 step  5450/5500  loss=0.0006  acc=0.9998  lr0=2.51e-08 lr1=2.51e-08
11:24:54 INFO   e4 step  5500/5500  loss=0.0007  acc=0.9998  lr0=0.00e+00 lr1=0.00e+00
11:25:23 INFO [epoch 4] train_loss=0.0007 train_acc=0.9998  val_loss=0.1267 val_acc=0.9826 val_auc=0.9935  elapsed=937.7s
11:25:24 INFO loading best.pt for test eval
11:25:53 INFO [test] loss=0.1728  acc=0.9733  auc=0.9912  f1=0.9734
11:25:54 INFO [done] run_summary.json written to /mnt/localssd/crossencoder_sweep/runs/ajo_doc_not_tier1/bge-large-en-v1.5
