08:37:10 INFO run_dir=runs/classifier_x/mlp_bge_small_new_seman
08:37:10 INFO device=cuda  bf16=True
08:37:10 INFO tokenizer <- BAAI/bge-small-en-v1.5
08:37:11 INFO max_seq_len=524 (user-provided)
08:37:11 INFO loading datasets
08:37:12 INFO   train=87783  val=11030  test=6852
08:37:12 INFO building DirectionalClassifier on BAAI/bge-small-en-v1.5  head_cfg={'head_type': 'mlp', 'hidden_dims': [512, 128], 'dropout': 0.1, 'activation': 'gelu', 'norm': 'layer'}  n_tiers=0
08:37:13 INFO   hidden_size=384  trainable_params=67,577,089
08:37:13 INFO   total_steps=8232  warmup_steps=823
08:39:30 INFO run_dir=runs/classifier_x/mlp_bge_small_new_seman
08:39:30 INFO device=cuda  bf16=True
08:39:30 INFO tokenizer <- BAAI/bge-small-en-v1.5
08:39:31 INFO max_seq_len=524 exceeds model cap 512; clamping to 512
08:39:31 INFO max_seq_len=512 (user-provided)
08:39:31 INFO loading datasets
08:39:32 INFO   train=87783  val=11030  test=6852
08:39:32 INFO building DirectionalClassifier on BAAI/bge-small-en-v1.5  head_cfg={'head_type': 'mlp', 'hidden_dims': [512, 128], 'dropout': 0.1, 'activation': 'gelu', 'norm': 'layer'}  n_tiers=0
08:39:34 INFO   hidden_size=384  trainable_params=67,577,089
08:39:34 INFO   total_steps=8232  warmup_steps=823
08:39:41 INFO   e1 step    50/2744  loss=0.6833  acc=0.6506  lr0=1.22e-06 lr1=6.08e-05
08:39:48 INFO   e1 step   100/2744  loss=0.6496  acc=0.6731  lr0=2.43e-06 lr1=1.22e-04
08:39:54 INFO   e1 step   150/2744  loss=0.6064  acc=0.7002  lr0=3.65e-06 lr1=1.82e-04
08:40:01 INFO   e1 step   200/2744  loss=0.5712  acc=0.7217  lr0=4.86e-06 lr1=2.43e-04
08:40:07 INFO   e1 step   250/2744  loss=0.5454  acc=0.7380  lr0=6.08e-06 lr1=3.04e-04
08:40:14 INFO   e1 step   300/2744  loss=0.5254  acc=0.7506  lr0=7.29e-06 lr1=3.65e-04
08:40:20 INFO   e1 step   350/2744  loss=0.5107  acc=0.7601  lr0=8.51e-06 lr1=4.25e-04
08:40:27 INFO   e1 step   400/2744  loss=0.4942  acc=0.7698  lr0=9.72e-06 lr1=4.86e-04
08:40:34 INFO   e1 step   450/2744  loss=0.4784  acc=0.7794  lr0=1.09e-05 lr1=5.47e-04
08:40:40 INFO   e1 step   500/2744  loss=0.4672  acc=0.7866  lr0=1.22e-05 lr1=6.08e-04
08:40:47 INFO   e1 step   550/2744  loss=0.4550  acc=0.7927  lr0=1.34e-05 lr1=6.68e-04
08:40:53 INFO   e1 step   600/2744  loss=0.4424  acc=0.8001  lr0=1.46e-05 lr1=7.29e-04
08:41:00 INFO   e1 step   650/2744  loss=0.4297  acc=0.8072  lr0=1.58e-05 lr1=7.90e-04
08:41:07 INFO   e1 step   700/2744  loss=0.4187  acc=0.8122  lr0=1.70e-05 lr1=8.51e-04
08:41:13 INFO   e1 step   750/2744  loss=0.4085  acc=0.8177  lr0=1.82e-05 lr1=9.11e-04
08:41:20 INFO   e1 step   800/2744  loss=0.3982  acc=0.8230  lr0=1.94e-05 lr1=9.72e-04
08:41:26 INFO   e1 step   850/2744  loss=0.3893  acc=0.8274  lr0=1.99e-05 lr1=9.96e-04
08:41:33 INFO   e1 step   900/2744  loss=0.3788  acc=0.8325  lr0=1.98e-05 lr1=9.90e-04
08:41:40 INFO   e1 step   950/2744  loss=0.3700  acc=0.8368  lr0=1.97e-05 lr1=9.83e-04
08:41:46 INFO   e1 step  1000/2744  loss=0.3620  acc=0.8410  lr0=1.95e-05 lr1=9.76e-04
08:41:53 INFO   e1 step  1050/2744  loss=0.3549  acc=0.8445  lr0=1.94e-05 lr1=9.69e-04
08:42:00 INFO   e1 step  1100/2744  loss=0.3467  acc=0.8486  lr0=1.93e-05 lr1=9.63e-04
08:42:06 INFO   e1 step  1150/2744  loss=0.3393  acc=0.8520  lr0=1.91e-05 lr1=9.56e-04
08:42:13 INFO   e1 step  1200/2744  loss=0.3322  acc=0.8554  lr0=1.90e-05 lr1=9.49e-04
08:42:19 INFO   e1 step  1250/2744  loss=0.3244  acc=0.8592  lr0=1.88e-05 lr1=9.42e-04
08:42:26 INFO   e1 step  1300/2744  loss=0.3183  acc=0.8623  lr0=1.87e-05 lr1=9.36e-04
08:42:32 INFO   e1 step  1350/2744  loss=0.3116  acc=0.8653  lr0=1.86e-05 lr1=9.29e-04
08:42:39 INFO   e1 step  1400/2744  loss=0.3055  acc=0.8679  lr0=1.84e-05 lr1=9.22e-04
08:42:46 INFO   e1 step  1450/2744  loss=0.2995  acc=0.8709  lr0=1.83e-05 lr1=9.15e-04
08:42:52 INFO   e1 step  1500/2744  loss=0.2934  acc=0.8737  lr0=1.82e-05 lr1=9.09e-04
08:42:59 INFO   e1 step  1550/2744  loss=0.2882  acc=0.8762  lr0=1.80e-05 lr1=9.02e-04
08:43:06 INFO   e1 step  1600/2744  loss=0.2825  acc=0.8789  lr0=1.79e-05 lr1=8.95e-04
08:43:12 INFO   e1 step  1650/2744  loss=0.2777  acc=0.8812  lr0=1.78e-05 lr1=8.88e-04
08:43:19 INFO   e1 step  1700/2744  loss=0.2726  acc=0.8835  lr0=1.76e-05 lr1=8.82e-04
08:43:26 INFO   e1 step  1750/2744  loss=0.2677  acc=0.8859  lr0=1.75e-05 lr1=8.75e-04
08:43:32 INFO   e1 step  1800/2744  loss=0.2633  acc=0.8880  lr0=1.74e-05 lr1=8.68e-04
08:43:39 INFO   e1 step  1850/2744  loss=0.2594  acc=0.8900  lr0=1.72e-05 lr1=8.61e-04
08:43:46 INFO   e1 step  1900/2744  loss=0.2546  acc=0.8922  lr0=1.71e-05 lr1=8.55e-04
08:43:52 INFO   e1 step  1950/2744  loss=0.2512  acc=0.8940  lr0=1.70e-05 lr1=8.48e-04
08:43:59 INFO   e1 step  2000/2744  loss=0.2473  acc=0.8958  lr0=1.68e-05 lr1=8.41e-04
08:44:06 INFO   e1 step  2050/2744  loss=0.2433  acc=0.8976  lr0=1.67e-05 lr1=8.34e-04
08:44:12 INFO   e1 step  2100/2744  loss=0.2398  acc=0.8993  lr0=1.66e-05 lr1=8.28e-04
08:44:19 INFO   e1 step  2150/2744  loss=0.2360  acc=0.9011  lr0=1.64e-05 lr1=8.21e-04
08:44:25 INFO   e1 step  2200/2744  loss=0.2323  acc=0.9029  lr0=1.63e-05 lr1=8.14e-04
08:44:32 INFO   e1 step  2250/2744  loss=0.2295  acc=0.9043  lr0=1.61e-05 lr1=8.07e-04
08:44:39 INFO   e1 step  2300/2744  loss=0.2265  acc=0.9058  lr0=1.60e-05 lr1=8.01e-04
08:44:45 INFO   e1 step  2350/2744  loss=0.2233  acc=0.9072  lr0=1.59e-05 lr1=7.94e-04
08:44:52 INFO   e1 step  2400/2744  loss=0.2203  acc=0.9085  lr0=1.57e-05 lr1=7.87e-04
08:44:59 INFO   e1 step  2450/2744  loss=0.2174  acc=0.9098  lr0=1.56e-05 lr1=7.80e-04
08:45:06 INFO   e1 step  2500/2744  loss=0.2142  acc=0.9113  lr0=1.55e-05 lr1=7.74e-04
08:45:12 INFO   e1 step  2550/2744  loss=0.2114  acc=0.9126  lr0=1.53e-05 lr1=7.67e-04
08:45:19 INFO   e1 step  2600/2744  loss=0.2087  acc=0.9139  lr0=1.52e-05 lr1=7.60e-04
08:45:26 INFO   e1 step  2650/2744  loss=0.2059  acc=0.9152  lr0=1.51e-05 lr1=7.53e-04
08:45:32 INFO   e1 step  2700/2744  loss=0.2031  acc=0.9165  lr0=1.49e-05 lr1=7.47e-04
08:45:51 INFO [epoch 1] train_loss=0.2008 train_acc=0.9175  val_loss=0.4012 val_acc=0.9134 val_auc=0.9656  elapsed=377.7s
08:45:52 INFO   saved best.pt  val_acc=0.9134
08:45:58 INFO   e2 step    50/2744  loss=0.0614  acc=0.9788  lr0=1.47e-05 lr1=7.34e-04
08:46:05 INFO   e2 step   100/2744  loss=0.0491  acc=0.9844  lr0=1.45e-05 lr1=7.27e-04
08:46:11 INFO   e2 step   150/2744  loss=0.0428  acc=0.9867  lr0=1.44e-05 lr1=7.20e-04
08:46:18 INFO   e2 step   200/2744  loss=0.0393  acc=0.9878  lr0=1.43e-05 lr1=7.14e-04
08:46:24 INFO   e2 step   250/2744  loss=0.0453  acc=0.9866  lr0=1.41e-05 lr1=7.07e-04
08:46:31 INFO   e2 step   300/2744  loss=0.0465  acc=0.9865  lr0=1.40e-05 lr1=7.00e-04
08:46:37 INFO   e2 step   350/2744  loss=0.0443  acc=0.9872  lr0=1.39e-05 lr1=6.93e-04
08:46:44 INFO   e2 step   400/2744  loss=0.0417  acc=0.9879  lr0=1.37e-05 lr1=6.87e-04
08:46:51 INFO   e2 step   450/2744  loss=0.0445  acc=0.9874  lr0=1.36e-05 lr1=6.80e-04
08:46:57 INFO   e2 step   500/2744  loss=0.0438  acc=0.9875  lr0=1.35e-05 lr1=6.73e-04
08:47:04 INFO   e2 step   550/2744  loss=0.0429  acc=0.9878  lr0=1.33e-05 lr1=6.66e-04
08:47:10 INFO   e2 step   600/2744  loss=0.0418  acc=0.9882  lr0=1.32e-05 lr1=6.60e-04
08:47:17 INFO   e2 step   650/2744  loss=0.0404  acc=0.9885  lr0=1.31e-05 lr1=6.53e-04
08:47:24 INFO   e2 step   700/2744  loss=0.0394  acc=0.9888  lr0=1.29e-05 lr1=6.46e-04
08:47:30 INFO   e2 step   750/2744  loss=0.0387  acc=0.9890  lr0=1.28e-05 lr1=6.39e-04
08:47:37 INFO   e2 step   800/2744  loss=0.0383  acc=0.9892  lr0=1.27e-05 lr1=6.33e-04
08:47:44 INFO   e2 step   850/2744  loss=0.0387  acc=0.9891  lr0=1.25e-05 lr1=6.26e-04
08:47:51 INFO   e2 step   900/2744  loss=0.0378  acc=0.9894  lr0=1.24e-05 lr1=6.19e-04
08:47:57 INFO   e2 step   950/2744  loss=0.0377  acc=0.9894  lr0=1.22e-05 lr1=6.12e-04
08:48:04 INFO   e2 step  1000/2744  loss=0.0371  acc=0.9897  lr0=1.21e-05 lr1=6.06e-04
08:48:11 INFO   e2 step  1050/2744  loss=0.0372  acc=0.9896  lr0=1.20e-05 lr1=5.99e-04
08:48:17 INFO   e2 step  1100/2744  loss=0.0371  acc=0.9896  lr0=1.18e-05 lr1=5.92e-04
08:48:24 INFO   e2 step  1150/2744  loss=0.0364  acc=0.9897  lr0=1.17e-05 lr1=5.86e-04
08:48:31 INFO   e2 step  1200/2744  loss=0.0366  acc=0.9897  lr0=1.16e-05 lr1=5.79e-04
08:48:37 INFO   e2 step  1250/2744  loss=0.0373  acc=0.9896  lr0=1.14e-05 lr1=5.72e-04
08:48:44 INFO   e2 step  1300/2744  loss=0.0367  acc=0.9897  lr0=1.13e-05 lr1=5.65e-04
08:48:51 INFO   e2 step  1350/2744  loss=0.0365  acc=0.9899  lr0=1.12e-05 lr1=5.59e-04
08:48:58 INFO   e2 step  1400/2744  loss=0.0356  acc=0.9901  lr0=1.10e-05 lr1=5.52e-04
08:49:04 INFO   e2 step  1450/2744  loss=0.0347  acc=0.9903  lr0=1.09e-05 lr1=5.45e-04
08:49:11 INFO   e2 step  1500/2744  loss=0.0347  acc=0.9902  lr0=1.08e-05 lr1=5.38e-04
08:49:17 INFO   e2 step  1550/2744  loss=0.0340  acc=0.9905  lr0=1.06e-05 lr1=5.32e-04
08:49:24 INFO   e2 step  1600/2744  loss=0.0338  acc=0.9906  lr0=1.05e-05 lr1=5.25e-04
08:49:30 INFO   e2 step  1650/2744  loss=0.0341  acc=0.9906  lr0=1.04e-05 lr1=5.18e-04
08:49:37 INFO   e2 step  1700/2744  loss=0.0339  acc=0.9907  lr0=1.02e-05 lr1=5.11e-04
08:49:44 INFO   e2 step  1750/2744  loss=0.0335  acc=0.9908  lr0=1.01e-05 lr1=5.05e-04
08:49:50 INFO   e2 step  1800/2744  loss=0.0330  acc=0.9910  lr0=9.96e-06 lr1=4.98e-04
08:49:57 INFO   e2 step  1850/2744  loss=0.0327  acc=0.9910  lr0=9.82e-06 lr1=4.91e-04
08:50:03 INFO   e2 step  1900/2744  loss=0.0323  acc=0.9911  lr0=9.69e-06 lr1=4.84e-04
08:50:10 INFO   e2 step  1950/2744  loss=0.0324  acc=0.9911  lr0=9.55e-06 lr1=4.78e-04
08:50:16 INFO   e2 step  2000/2744  loss=0.0320  acc=0.9913  lr0=9.42e-06 lr1=4.71e-04
08:50:23 INFO   e2 step  2050/2744  loss=0.0315  acc=0.9914  lr0=9.28e-06 lr1=4.64e-04
08:50:29 INFO   e2 step  2100/2744  loss=0.0314  acc=0.9914  lr0=9.15e-06 lr1=4.57e-04
08:50:36 INFO   e2 step  2150/2744  loss=0.0310  acc=0.9916  lr0=9.01e-06 lr1=4.51e-04
08:50:43 INFO   e2 step  2200/2744  loss=0.0305  acc=0.9917  lr0=8.88e-06 lr1=4.44e-04
08:50:49 INFO   e2 step  2250/2744  loss=0.0307  acc=0.9917  lr0=8.74e-06 lr1=4.37e-04
08:50:56 INFO   e2 step  2300/2744  loss=0.0305  acc=0.9917  lr0=8.61e-06 lr1=4.30e-04
08:51:03 INFO   e2 step  2350/2744  loss=0.0302  acc=0.9918  lr0=8.47e-06 lr1=4.24e-04
08:51:09 INFO   e2 step  2400/2744  loss=0.0301  acc=0.9918  lr0=8.34e-06 lr1=4.17e-04
08:51:16 INFO   e2 step  2450/2744  loss=0.0299  acc=0.9919  lr0=8.20e-06 lr1=4.10e-04
08:51:22 INFO   e2 step  2500/2744  loss=0.0295  acc=0.9920  lr0=8.07e-06 lr1=4.03e-04
08:51:29 INFO   e2 step  2550/2744  loss=0.0294  acc=0.9920  lr0=7.93e-06 lr1=3.97e-04
08:51:35 INFO   e2 step  2600/2744  loss=0.0294  acc=0.9920  lr0=7.80e-06 lr1=3.90e-04
08:51:42 INFO   e2 step  2650/2744  loss=0.0291  acc=0.9920  lr0=7.66e-06 lr1=3.83e-04
08:51:49 INFO   e2 step  2700/2744  loss=0.0289  acc=0.9921  lr0=7.53e-06 lr1=3.76e-04
08:52:08 INFO [epoch 2] train_loss=0.0287 train_acc=0.9922  val_loss=0.3902 val_acc=0.9301 val_auc=0.9690  elapsed=375.9s
08:52:08 INFO   saved best.pt  val_acc=0.9301
08:52:15 INFO   e3 step    50/2744  loss=0.0241  acc=0.9950  lr0=7.27e-06 lr1=3.64e-04
08:52:21 INFO   e3 step   100/2744  loss=0.0171  acc=0.9966  lr0=7.14e-06 lr1=3.57e-04
08:52:28 INFO   e3 step   150/2744  loss=0.0134  acc=0.9971  lr0=7.00e-06 lr1=3.50e-04
08:52:35 INFO   e3 step   200/2744  loss=0.0139  acc=0.9970  lr0=6.87e-06 lr1=3.43e-04
08:52:41 INFO   e3 step   250/2744  loss=0.0112  acc=0.9976  lr0=6.73e-06 lr1=3.37e-04
08:52:48 INFO   e3 step   300/2744  loss=0.0115  acc=0.9973  lr0=6.60e-06 lr1=3.30e-04
08:52:54 INFO   e3 step   350/2744  loss=0.0106  acc=0.9976  lr0=6.46e-06 lr1=3.23e-04
08:53:01 INFO   e3 step   400/2744  loss=0.0097  acc=0.9977  lr0=6.33e-06 lr1=3.16e-04
08:53:08 INFO   e3 step   450/2744  loss=0.0089  acc=0.9979  lr0=6.19e-06 lr1=3.10e-04
08:53:14 INFO   e3 step   500/2744  loss=0.0086  acc=0.9980  lr0=6.06e-06 lr1=3.03e-04
08:53:21 INFO   e3 step   550/2744  loss=0.0080  acc=0.9982  lr0=5.92e-06 lr1=2.96e-04
08:53:28 INFO   e3 step   600/2744  loss=0.0083  acc=0.9982  lr0=5.79e-06 lr1=2.89e-04
08:53:34 INFO   e3 step   650/2744  loss=0.0088  acc=0.9981  lr0=5.65e-06 lr1=2.83e-04
08:53:41 INFO   e3 step   700/2744  loss=0.0089  acc=0.9980  lr0=5.52e-06 lr1=2.76e-04
08:53:48 INFO   e3 step   750/2744  loss=0.0093  acc=0.9978  lr0=5.38e-06 lr1=2.69e-04
08:53:54 INFO   e3 step   800/2744  loss=0.0091  acc=0.9979  lr0=5.25e-06 lr1=2.62e-04
08:54:01 INFO   e3 step   850/2744  loss=0.0092  acc=0.9979  lr0=5.11e-06 lr1=2.56e-04
08:54:08 INFO   e3 step   900/2744  loss=0.0091  acc=0.9979  lr0=4.98e-06 lr1=2.49e-04
08:54:14 INFO   e3 step   950/2744  loss=0.0090  acc=0.9979  lr0=4.84e-06 lr1=2.42e-04
08:54:21 INFO   e3 step  1000/2744  loss=0.0088  acc=0.9979  lr0=4.71e-06 lr1=2.35e-04
08:54:28 INFO   e3 step  1050/2744  loss=0.0087  acc=0.9979  lr0=4.57e-06 lr1=2.29e-04
08:54:34 INFO   e3 step  1100/2744  loss=0.0091  acc=0.9978  lr0=4.44e-06 lr1=2.22e-04
08:54:41 INFO   e3 step  1150/2744  loss=0.0088  acc=0.9979  lr0=4.30e-06 lr1=2.15e-04
08:54:48 INFO   e3 step  1200/2744  loss=0.0088  acc=0.9979  lr0=4.17e-06 lr1=2.08e-04
08:54:55 INFO   e3 step  1250/2744  loss=0.0088  acc=0.9979  lr0=4.03e-06 lr1=2.02e-04
08:55:01 INFO   e3 step  1300/2744  loss=0.0088  acc=0.9979  lr0=3.90e-06 lr1=1.95e-04
08:55:08 INFO   e3 step  1350/2744  loss=0.0088  acc=0.9979  lr0=3.76e-06 lr1=1.88e-04
08:55:14 INFO   e3 step  1400/2744  loss=0.0089  acc=0.9979  lr0=3.63e-06 lr1=1.81e-04
08:55:21 INFO   e3 step  1450/2744  loss=0.0088  acc=0.9979  lr0=3.49e-06 lr1=1.75e-04
08:55:28 INFO   e3 step  1500/2744  loss=0.0086  acc=0.9979  lr0=3.36e-06 lr1=1.68e-04
08:55:35 INFO   e3 step  1550/2744  loss=0.0084  acc=0.9980  lr0=3.22e-06 lr1=1.61e-04
08:55:41 INFO   e3 step  1600/2744  loss=0.0085  acc=0.9979  lr0=3.09e-06 lr1=1.54e-04
08:55:48 INFO   e3 step  1650/2744  loss=0.0084  acc=0.9980  lr0=2.95e-06 lr1=1.48e-04
08:55:55 INFO   e3 step  1700/2744  loss=0.0082  acc=0.9980  lr0=2.82e-06 lr1=1.41e-04
08:56:01 INFO   e3 step  1750/2744  loss=0.0083  acc=0.9980  lr0=2.68e-06 lr1=1.34e-04
08:56:08 INFO   e3 step  1800/2744  loss=0.0084  acc=0.9980  lr0=2.55e-06 lr1=1.27e-04
08:56:15 INFO   e3 step  1850/2744  loss=0.0082  acc=0.9981  lr0=2.41e-06 lr1=1.21e-04
08:56:21 INFO   e3 step  1900/2744  loss=0.0081  acc=0.9981  lr0=2.28e-06 lr1=1.14e-04
08:56:28 INFO   e3 step  1950/2744  loss=0.0080  acc=0.9981  lr0=2.14e-06 lr1=1.07e-04
08:56:35 INFO   e3 step  2000/2744  loss=0.0079  acc=0.9981  lr0=2.01e-06 lr1=1.00e-04
08:56:41 INFO   e3 step  2050/2744  loss=0.0078  acc=0.9982  lr0=1.87e-06 lr1=9.37e-05
08:56:48 INFO   e3 step  2100/2744  loss=0.0079  acc=0.9981  lr0=1.74e-06 lr1=8.69e-05
08:56:55 INFO   e3 step  2150/2744  loss=0.0079  acc=0.9982  lr0=1.60e-06 lr1=8.02e-05
08:57:01 INFO   e3 step  2200/2744  loss=0.0079  acc=0.9982  lr0=1.47e-06 lr1=7.34e-05
08:57:08 INFO   e3 step  2250/2744  loss=0.0080  acc=0.9981  lr0=1.33e-06 lr1=6.67e-05
08:57:15 INFO   e3 step  2300/2744  loss=0.0081  acc=0.9981  lr0=1.20e-06 lr1=5.99e-05
08:57:21 INFO   e3 step  2350/2744  loss=0.0081  acc=0.9981  lr0=1.06e-06 lr1=5.32e-05
08:57:28 INFO   e3 step  2400/2744  loss=0.0080  acc=0.9982  lr0=9.29e-07 lr1=4.64e-05
08:57:34 INFO   e3 step  2450/2744  loss=0.0078  acc=0.9982  lr0=7.94e-07 lr1=3.97e-05
08:57:41 INFO   e3 step  2500/2744  loss=0.0078  acc=0.9982  lr0=6.59e-07 lr1=3.29e-05
08:57:48 INFO   e3 step  2550/2744  loss=0.0078  acc=0.9982  lr0=5.24e-07 lr1=2.62e-05
08:57:55 INFO   e3 step  2600/2744  loss=0.0078  acc=0.9982  lr0=3.89e-07 lr1=1.94e-05
08:58:01 INFO   e3 step  2650/2744  loss=0.0078  acc=0.9982  lr0=2.54e-07 lr1=1.27e-05
08:58:08 INFO   e3 step  2700/2744  loss=0.0078  acc=0.9982  lr0=1.19e-07 lr1=5.94e-06
08:58:27 INFO [epoch 3] train_loss=0.0078 train_acc=0.9982  val_loss=0.4526 val_acc=0.9312 val_auc=0.9672  elapsed=379.1s
08:58:28 INFO   saved best.pt  val_acc=0.9312
08:58:28 INFO loading best.pt for test eval
08:58:36 INFO [test] loss=1.2023  acc=0.8654  auc=0.8897  f1=0.8737
08:58:36 INFO [test] per-tier-pair accuracy:
08:58:36 INFO         T1-T2  n=  775  acc=0.8400
08:58:36 INFO         T1-T3  n=  411  acc=0.7591
08:58:36 INFO         T1-T4  n=  366  acc=0.7869
08:58:36 INFO         T1-T6  n=  230  acc=0.8174
08:58:36 INFO         T1-T7  n=  147  acc=0.8776
08:58:36 INFO         T1-T8  n=   98  acc=0.8571
08:58:36 INFO         T1-T9  n=   58  acc=0.8448
08:58:36 INFO        T1-T10  n=   23  acc=0.7826
08:58:36 INFO         T2-T3  n=  319  acc=0.6270
08:58:36 INFO         T2-T4  n=  227  acc=0.7225
08:58:36 INFO         T2-T6  n=  162  acc=0.9568
08:58:36 INFO         T2-T7  n=  105  acc=0.9810
08:58:36 INFO         T2-T8  n=  118  acc=0.9915
08:58:36 INFO         T2-T9  n=  112  acc=0.9554
08:58:36 INFO        T2-T10  n=  102  acc=1.0000
08:58:36 INFO        T2-T11  n=  102  acc=0.9804
08:58:36 INFO         T3-T4  n=  174  acc=0.8966
08:58:36 INFO         T3-T6  n=  113  acc=0.9735
08:58:36 INFO         T3-T7  n=   94  acc=0.9362
08:58:36 INFO         T3-T8  n=   87  acc=0.9885
08:58:36 INFO         T3-T9  n=   95  acc=0.9895
08:58:36 INFO        T3-T10  n=   88  acc=1.0000
08:58:36 INFO        T3-T11  n=  102  acc=0.9902
08:58:36 INFO         T4-T6  n=  297  acc=0.7677
08:58:36 INFO         T4-T7  n=  167  acc=0.8503
08:58:36 INFO         T4-T8  n=  149  acc=0.9195
08:58:36 INFO         T4-T9  n=  129  acc=0.8992
08:58:36 INFO        T4-T10  n=  129  acc=0.9690
08:58:36 INFO        T4-T11  n=   89  acc=0.9663
08:58:36 INFO         T6-T7  n=  227  acc=0.8018
08:58:36 INFO         T6-T8  n=  174  acc=0.8103
08:58:36 INFO         T6-T9  n=  142  acc=0.9366
08:58:36 INFO        T6-T10  n=  132  acc=0.9621
08:58:36 INFO        T6-T11  n=  107  acc=0.9439
08:58:36 INFO         T7-T8  n=  104  acc=0.8750
08:58:36 INFO         T7-T9  n=  108  acc=0.8981
08:58:36 INFO        T7-T10  n=  105  acc=0.9524
08:58:36 INFO        T7-T11  n=  101  acc=0.9802
08:58:36 INFO         T8-T9  n=  111  acc=0.8829
08:58:36 INFO        T8-T10  n=   80  acc=0.9125
08:58:36 INFO        T8-T11  n=  102  acc=0.9118
08:58:36 INFO        T9-T10  n=   91  acc=0.9560
08:58:36 INFO        T9-T11  n=  103  acc=0.9029
08:58:36 INFO       T10-T11  n=   97  acc=0.9381
08:58:36 INFO [done] results in runs/classifier_x/mlp_bge_small_new_seman
