[config] dataset=aep_dataset_t  neg_type=random  k=4  epochs=10  batch=64  grad_accum=2  eff_batch=128  max_len=256  total_steps=26370  warmup=1582  params=194,537,473
  opt_step=   200/26370  loss=0.6120  lr=2.53e-06  epoch=1
  opt_step=   400/26370  loss=0.4411  lr=5.06e-06  epoch=1
  opt_step=   600/26370  loss=0.4411  lr=7.59e-06  epoch=1
  opt_step=   800/26370  loss=0.5790  lr=1.01e-05  epoch=1
  opt_step=  1000/26370  loss=0.4656  lr=1.26e-05  epoch=1
  opt_step=  1200/26370  loss=0.4437  lr=1.52e-05  epoch=1
  opt_step=  1400/26370  loss=0.5283  lr=1.77e-05  epoch=1
  opt_step=  1600/26370  loss=0.5780  lr=2.00e-05  epoch=1
  opt_step=  1800/26370  loss=0.5284  lr=1.98e-05  epoch=1
  opt_step=  2000/26370  loss=0.5032  lr=1.97e-05  epoch=1
  opt_step=  2200/26370  loss=0.5980  lr=1.95e-05  epoch=1
  opt_step=  2400/26370  loss=0.4671  lr=1.93e-05  epoch=1
  opt_step=  2600/26370  loss=0.5235  lr=1.92e-05  epoch=1
[epoch 1/10]  train_loss=0.5042  val_AUC=0.5000  val_P@1=0.0000  (2239s)
  * new best val_AUC=0.5000, saved checkpoint_best.pt
  opt_step=  2800/26370  loss=0.5043  lr=1.90e-05  epoch=2
  opt_step=  3000/26370  loss=0.4897  lr=1.89e-05  epoch=2
  opt_step=  3200/26370  loss=0.4631  lr=1.87e-05  epoch=2
  opt_step=  3400/26370  loss=0.5472  lr=1.85e-05  epoch=2
  opt_step=  3600/26370  loss=0.5542  lr=1.84e-05  epoch=2
  opt_step=  3800/26370  loss=0.5800  lr=1.82e-05  epoch=2
  opt_step=  4000/26370  loss=0.4797  lr=1.80e-05  epoch=2
  opt_step=  4200/26370  loss=0.5460  lr=1.79e-05  epoch=2
  opt_step=  4400/26370  loss=0.5254  lr=1.77e-05  epoch=2
  opt_step=  4600/26370  loss=0.5302  lr=1.76e-05  epoch=2
  opt_step=  4800/26370  loss=0.5236  lr=1.74e-05  epoch=2
  opt_step=  5000/26370  loss=0.5941  lr=1.72e-05  epoch=2
  opt_step=  5200/26370  loss=0.6452  lr=1.71e-05  epoch=2
[epoch 2/10]  train_loss=0.5013  val_AUC=0.5000  val_P@1=0.0000  (4482s)
  no improvement (best=0.5000, bad_epochs=1/2)
  opt_step=  5400/26370  loss=0.5967  lr=1.69e-05  epoch=3
  opt_step=  5600/26370  loss=0.4346  lr=1.68e-05  epoch=3
  opt_step=  5800/26370  loss=0.5538  lr=1.66e-05  epoch=3
  opt_step=  6000/26370  loss=0.5680  lr=1.64e-05  epoch=3
  opt_step=  6200/26370  loss=0.4620  lr=1.63e-05  epoch=3
  opt_step=  6400/26370  loss=0.6149  lr=1.61e-05  epoch=3
  opt_step=  6600/26370  loss=0.4560  lr=1.60e-05  epoch=3
  opt_step=  6800/26370  loss=0.4386  lr=1.58e-05  epoch=3
  opt_step=  7000/26370  loss=0.4860  lr=1.56e-05  epoch=3
  opt_step=  7200/26370  loss=0.5014  lr=1.55e-05  epoch=3
  opt_step=  7400/26370  loss=0.6807  lr=1.53e-05  epoch=3
  opt_step=  7600/26370  loss=0.5729  lr=1.51e-05  epoch=3
  opt_step=  7800/26370  loss=0.4649  lr=1.50e-05  epoch=3
[epoch 3/10]  train_loss=0.5012  val_AUC=0.5002  val_P@1=0.0000  (6721s)
  no improvement (best=0.5000, bad_epochs=2/2)
[early stop] triggered at epoch 3

[test] loading checkpoint_best.pt …
[test]  AUC=0.5000  P@1=0.0000  n_anchors=8460

[done]  neg_type=random  k=4  best_val_AUC=0.5000  test_AUC=0.5000  test_P@1=0.0000  stopped_early=True
