18:45:28 INFO run_dir=/mnt/localssd/baseline_sweep/runs/ajo_doc_not_tier1/e5-large-v2
18:45:28 INFO device=cuda:0  bf16=True  physical_gpu=3  CUDA_VISIBLE_DEVICES=3
18:45:28 INFO dataset=ajo_doc_not_tier1  model=e5-large-v2  backbone=intfloat/e5-large-v2
18:45:28 INFO tokenizer <- intfloat/e5-large-v2
Warning: You are sending unauthenticated requests to the HF Hub. Please set a HF_TOKEN to enable higher rate limits and faster downloads.
18:45:29 INFO split files: ['directional_train.jsonl', 'directional_val.jsonl', 'directional_test.jsonl']
18:45:29 INFO scanning max token length across all splits ...
18:47:39 INFO   observed_max=262 -> max_seq_len=278 (cap=512, scan=130.7s)
18:47:39 INFO loading datasets ...
18:47:41 INFO   schema=standard  train=88000  val=11200  test=11200
18:47:41 INFO building DirectionalClassifier  backbone=intfloat/e5-large-v2  head=MLP(4d->512->128->1, act=gelu, norm=layer, dropout=0.1)  n_tiers=0
Loading weights:   0%|          | 0/391 [00:00<?, ?it/s]Loading weights: 100%|██████████| 391/391 [00:00<00:00, 6714.07it/s]
Loading weights:   0%|          | 0/391 [00:00<?, ?it/s]Loading weights: 100%|██████████| 391/391 [00:00<00:00, 6381.29it/s]
18:47:43 INFO   hidden_size=1024  trainable_params=672,456,705
18:47:43 INFO   total_steps=22000  warmup_steps=2200
18:47:55 INFO   e1 step    50/5500  loss=0.7768  acc=0.5262  lr0=4.55e-07 lr1=2.27e-05
18:48:06 INFO   e1 step   100/5500  loss=0.7718  acc=0.5238  lr0=9.09e-07 lr1=4.55e-05
18:48:18 INFO   e1 step   150/5500  loss=0.7573  acc=0.5204  lr0=1.36e-06 lr1=6.82e-05
18:48:29 INFO   e1 step   200/5500  loss=0.7423  acc=0.5319  lr0=1.82e-06 lr1=9.09e-05
18:48:40 INFO   e1 step   250/5500  loss=0.7325  acc=0.5360  lr0=2.27e-06 lr1=1.14e-04
18:48:51 INFO   e1 step   300/5500  loss=0.7270  acc=0.5410  lr0=2.73e-06 lr1=1.36e-04
18:49:02 INFO   e1 step   350/5500  loss=0.7236  acc=0.5423  lr0=3.18e-06 lr1=1.59e-04
18:49:13 INFO   e1 step   400/5500  loss=0.7193  acc=0.5445  lr0=3.64e-06 lr1=1.82e-04
18:49:24 INFO   e1 step   450/5500  loss=0.7179  acc=0.5424  lr0=4.09e-06 lr1=2.05e-04
18:49:36 INFO   e1 step   500/5500  loss=0.7145  acc=0.5434  lr0=4.55e-06 lr1=2.27e-04
18:49:47 INFO   e1 step   550/5500  loss=0.7105  acc=0.5444  lr0=5.00e-06 lr1=2.50e-04
18:49:58 INFO   e1 step   600/5500  loss=0.7088  acc=0.5470  lr0=5.45e-06 lr1=2.73e-04
18:50:10 INFO   e1 step   650/5500  loss=0.7066  acc=0.5502  lr0=5.91e-06 lr1=2.95e-04
18:50:21 INFO   e1 step   700/5500  loss=0.7050  acc=0.5509  lr0=6.36e-06 lr1=3.18e-04
18:50:32 INFO   e1 step   750/5500  loss=0.7011  acc=0.5537  lr0=6.82e-06 lr1=3.41e-04
18:50:43 INFO   e1 step   800/5500  loss=0.6992  acc=0.5555  lr0=7.27e-06 lr1=3.64e-04
18:50:54 INFO   e1 step   850/5500  loss=0.6971  acc=0.5582  lr0=7.73e-06 lr1=3.86e-04
18:51:05 INFO   e1 step   900/5500  loss=0.6950  acc=0.5612  lr0=8.18e-06 lr1=4.09e-04
18:51:16 INFO   e1 step   950/5500  loss=0.6935  acc=0.5627  lr0=8.64e-06 lr1=4.32e-04
18:51:27 INFO   e1 step  1000/5500  loss=0.6928  acc=0.5637  lr0=9.09e-06 lr1=4.55e-04
18:51:38 INFO   e1 step  1050/5500  loss=0.6926  acc=0.5637  lr0=9.55e-06 lr1=4.77e-04
18:51:49 INFO   e1 step  1100/5500  loss=0.6899  acc=0.5656  lr0=1.00e-05 lr1=5.00e-04
18:52:00 INFO   e1 step  1150/5500  loss=0.6879  acc=0.5682  lr0=1.05e-05 lr1=5.23e-04
18:52:11 INFO   e1 step  1200/5500  loss=0.6849  acc=0.5716  lr0=1.09e-05 lr1=5.45e-04
18:52:23 INFO   e1 step  1250/5500  loss=0.6839  acc=0.5728  lr0=1.14e-05 lr1=5.68e-04
18:52:34 INFO   e1 step  1300/5500  loss=0.6833  acc=0.5727  lr0=1.18e-05 lr1=5.91e-04
18:52:45 INFO   e1 step  1350/5500  loss=0.6819  acc=0.5737  lr0=1.23e-05 lr1=6.14e-04
18:52:56 INFO   e1 step  1400/5500  loss=0.6811  acc=0.5751  lr0=1.27e-05 lr1=6.36e-04
18:53:07 INFO   e1 step  1450/5500  loss=0.6791  acc=0.5766  lr0=1.32e-05 lr1=6.59e-04
18:53:18 INFO   e1 step  1500/5500  loss=0.6760  acc=0.5799  lr0=1.36e-05 lr1=6.82e-04
18:53:29 INFO   e1 step  1550/5500  loss=0.6717  acc=0.5848  lr0=1.41e-05 lr1=7.05e-04
18:53:41 INFO   e1 step  1600/5500  loss=0.6670  acc=0.5902  lr0=1.45e-05 lr1=7.27e-04
18:53:52 INFO   e1 step  1650/5500  loss=0.6627  acc=0.5953  lr0=1.50e-05 lr1=7.50e-04
18:54:03 INFO   e1 step  1700/5500  loss=0.6568  acc=0.6014  lr0=1.55e-05 lr1=7.73e-04
18:54:15 INFO   e1 step  1750/5500  loss=0.6519  acc=0.6065  lr0=1.59e-05 lr1=7.95e-04
18:54:26 INFO   e1 step  1800/5500  loss=0.6458  acc=0.6118  lr0=1.64e-05 lr1=8.18e-04
18:54:37 INFO   e1 step  1850/5500  loss=0.6406  acc=0.6168  lr0=1.68e-05 lr1=8.41e-04
18:54:49 INFO   e1 step  1900/5500  loss=0.6345  acc=0.6225  lr0=1.73e-05 lr1=8.64e-04
18:55:00 INFO   e1 step  1950/5500  loss=0.6303  acc=0.6267  lr0=1.77e-05 lr1=8.86e-04
18:55:11 INFO   e1 step  2000/5500  loss=0.6267  acc=0.6304  lr0=1.82e-05 lr1=9.09e-04
18:55:22 INFO   e1 step  2050/5500  loss=0.6231  acc=0.6346  lr0=1.86e-05 lr1=9.32e-04
18:55:34 INFO   e1 step  2100/5500  loss=0.6191  acc=0.6386  lr0=1.91e-05 lr1=9.55e-04
18:55:45 INFO   e1 step  2150/5500  loss=0.6139  acc=0.6433  lr0=1.95e-05 lr1=9.77e-04
18:55:56 INFO   e1 step  2200/5500  loss=0.6074  acc=0.6485  lr0=2.00e-05 lr1=1.00e-03
18:56:08 INFO   e1 step  2250/5500  loss=0.6035  acc=0.6525  lr0=1.99e-05 lr1=9.97e-04
18:56:19 INFO   e1 step  2300/5500  loss=0.5988  acc=0.6568  lr0=1.99e-05 lr1=9.95e-04
18:56:30 INFO   e1 step  2350/5500  loss=0.5941  acc=0.6611  lr0=1.98e-05 lr1=9.92e-04
18:56:41 INFO   e1 step  2400/5500  loss=0.5890  acc=0.6652  lr0=1.98e-05 lr1=9.90e-04
18:56:52 INFO   e1 step  2450/5500  loss=0.5842  acc=0.6691  lr0=1.97e-05 lr1=9.87e-04
18:57:03 INFO   e1 step  2500/5500  loss=0.5777  acc=0.6737  lr0=1.97e-05 lr1=9.85e-04
18:57:14 INFO   e1 step  2550/5500  loss=0.5712  acc=0.6785  lr0=1.96e-05 lr1=9.82e-04
18:57:25 INFO   e1 step  2600/5500  loss=0.5660  acc=0.6828  lr0=1.96e-05 lr1=9.80e-04
18:57:36 INFO   e1 step  2650/5500  loss=0.5597  acc=0.6873  lr0=1.95e-05 lr1=9.77e-04
18:57:48 INFO   e1 step  2700/5500  loss=0.5543  acc=0.6916  lr0=1.95e-05 lr1=9.75e-04
18:57:59 INFO   e1 step  2750/5500  loss=0.5483  acc=0.6959  lr0=1.94e-05 lr1=9.72e-04
18:58:10 INFO   e1 step  2800/5500  loss=0.5426  acc=0.7002  lr0=1.94e-05 lr1=9.70e-04
18:58:21 INFO   e1 step  2850/5500  loss=0.5366  acc=0.7045  lr0=1.93e-05 lr1=9.67e-04
18:58:32 INFO   e1 step  2900/5500  loss=0.5315  acc=0.7084  lr0=1.93e-05 lr1=9.65e-04
18:58:43 INFO   e1 step  2950/5500  loss=0.5257  acc=0.7125  lr0=1.92e-05 lr1=9.62e-04
18:58:54 INFO   e1 step  3000/5500  loss=0.5202  acc=0.7164  lr0=1.92e-05 lr1=9.60e-04
18:59:05 INFO   e1 step  3050/5500  loss=0.5154  acc=0.7199  lr0=1.91e-05 lr1=9.57e-04
18:59:16 INFO   e1 step  3100/5500  loss=0.5103  acc=0.7236  lr0=1.91e-05 lr1=9.55e-04
18:59:27 INFO   e1 step  3150/5500  loss=0.5048  acc=0.7273  lr0=1.90e-05 lr1=9.52e-04
18:59:38 INFO   e1 step  3200/5500  loss=0.5008  acc=0.7305  lr0=1.90e-05 lr1=9.49e-04
18:59:49 INFO   e1 step  3250/5500  loss=0.4949  acc=0.7341  lr0=1.89e-05 lr1=9.47e-04
19:00:00 INFO   e1 step  3300/5500  loss=0.4900  acc=0.7374  lr0=1.89e-05 lr1=9.44e-04
19:00:11 INFO   e1 step  3350/5500  loss=0.4844  acc=0.7408  lr0=1.88e-05 lr1=9.42e-04
19:00:22 INFO   e1 step  3400/5500  loss=0.4795  acc=0.7441  lr0=1.88e-05 lr1=9.39e-04
19:00:33 INFO   e1 step  3450/5500  loss=0.4744  acc=0.7472  lr0=1.87e-05 lr1=9.37e-04
19:00:44 INFO   e1 step  3500/5500  loss=0.4696  acc=0.7504  lr0=1.87e-05 lr1=9.34e-04
19:00:56 INFO   e1 step  3550/5500  loss=0.4650  acc=0.7534  lr0=1.86e-05 lr1=9.32e-04
19:01:07 INFO   e1 step  3600/5500  loss=0.4602  acc=0.7564  lr0=1.86e-05 lr1=9.29e-04
19:01:18 INFO   e1 step  3650/5500  loss=0.4551  acc=0.7594  lr0=1.85e-05 lr1=9.27e-04
19:01:29 INFO   e1 step  3700/5500  loss=0.4506  acc=0.7622  lr0=1.85e-05 lr1=9.24e-04
19:01:40 INFO   e1 step  3750/5500  loss=0.4455  acc=0.7651  lr0=1.84e-05 lr1=9.22e-04
19:01:51 INFO   e1 step  3800/5500  loss=0.4407  acc=0.7680  lr0=1.84e-05 lr1=9.19e-04
19:02:02 INFO   e1 step  3850/5500  loss=0.4355  acc=0.7708  lr0=1.83e-05 lr1=9.17e-04
19:02:13 INFO   e1 step  3900/5500  loss=0.4311  acc=0.7735  lr0=1.83e-05 lr1=9.14e-04
19:02:24 INFO   e1 step  3950/5500  loss=0.4272  acc=0.7760  lr0=1.82e-05 lr1=9.12e-04
19:02:35 INFO   e1 step  4000/5500  loss=0.4227  acc=0.7786  lr0=1.82e-05 lr1=9.09e-04
19:02:46 INFO   e1 step  4050/5500  loss=0.4186  acc=0.7811  lr0=1.81e-05 lr1=9.07e-04
19:02:57 INFO   e1 step  4100/5500  loss=0.4148  acc=0.7835  lr0=1.81e-05 lr1=9.04e-04
19:03:08 INFO   e1 step  4150/5500  loss=0.4104  acc=0.7859  lr0=1.80e-05 lr1=9.02e-04
19:03:19 INFO   e1 step  4200/5500  loss=0.4064  acc=0.7883  lr0=1.80e-05 lr1=8.99e-04
19:03:31 INFO   e1 step  4250/5500  loss=0.4026  acc=0.7906  lr0=1.79e-05 lr1=8.96e-04
19:03:42 INFO   e1 step  4300/5500  loss=0.3992  acc=0.7928  lr0=1.79e-05 lr1=8.94e-04
19:03:53 INFO   e1 step  4350/5500  loss=0.3951  acc=0.7951  lr0=1.78e-05 lr1=8.91e-04
19:04:04 INFO   e1 step  4400/5500  loss=0.3914  acc=0.7972  lr0=1.78e-05 lr1=8.89e-04
19:04:15 INFO   e1 step  4450/5500  loss=0.3877  acc=0.7994  lr0=1.77e-05 lr1=8.86e-04
19:04:26 INFO   e1 step  4500/5500  loss=0.3847  acc=0.8013  lr0=1.77e-05 lr1=8.84e-04
19:04:37 INFO   e1 step  4550/5500  loss=0.3814  acc=0.8032  lr0=1.76e-05 lr1=8.81e-04
19:04:48 INFO   e1 step  4600/5500  loss=0.3779  acc=0.8052  lr0=1.76e-05 lr1=8.79e-04
19:04:59 INFO   e1 step  4650/5500  loss=0.3748  acc=0.8071  lr0=1.75e-05 lr1=8.76e-04
19:05:10 INFO   e1 step  4700/5500  loss=0.3712  acc=0.8090  lr0=1.75e-05 lr1=8.74e-04
19:05:22 INFO   e1 step  4750/5500  loss=0.3680  acc=0.8109  lr0=1.74e-05 lr1=8.71e-04
19:05:33 INFO   e1 step  4800/5500  loss=0.3646  acc=0.8128  lr0=1.74e-05 lr1=8.69e-04
19:05:44 INFO   e1 step  4850/5500  loss=0.3613  acc=0.8146  lr0=1.73e-05 lr1=8.66e-04
19:05:56 INFO   e1 step  4900/5500  loss=0.3580  acc=0.8164  lr0=1.73e-05 lr1=8.64e-04
19:06:07 INFO   e1 step  4950/5500  loss=0.3548  acc=0.8182  lr0=1.72e-05 lr1=8.61e-04
19:06:18 INFO   e1 step  5000/5500  loss=0.3517  acc=0.8199  lr0=1.72e-05 lr1=8.59e-04
19:06:29 INFO   e1 step  5050/5500  loss=0.3490  acc=0.8215  lr0=1.71e-05 lr1=8.56e-04
19:06:40 INFO   e1 step  5100/5500  loss=0.3462  acc=0.8231  lr0=1.71e-05 lr1=8.54e-04
19:06:52 INFO   e1 step  5150/5500  loss=0.3433  acc=0.8247  lr0=1.70e-05 lr1=8.51e-04
19:07:03 INFO   e1 step  5200/5500  loss=0.3408  acc=0.8263  lr0=1.70e-05 lr1=8.48e-04
19:07:14 INFO   e1 step  5250/5500  loss=0.3384  acc=0.8277  lr0=1.69e-05 lr1=8.46e-04
19:07:25 INFO   e1 step  5300/5500  loss=0.3359  acc=0.8292  lr0=1.69e-05 lr1=8.43e-04
19:07:36 INFO   e1 step  5350/5500  loss=0.3332  acc=0.8307  lr0=1.68e-05 lr1=8.41e-04
19:07:47 INFO   e1 step  5400/5500  loss=0.3304  acc=0.8322  lr0=1.68e-05 lr1=8.38e-04
19:07:58 INFO   e1 step  5450/5500  loss=0.3278  acc=0.8336  lr0=1.67e-05 lr1=8.36e-04
19:08:10 INFO   e1 step  5500/5500  loss=0.3252  acc=0.8350  lr0=1.67e-05 lr1=8.33e-04
19:08:38 INFO [epoch 1] train_loss=0.3252 train_acc=0.8350  val_loss=0.0929 val_acc=0.9828 val_auc=0.9900  elapsed=1254.7s
19:08:40 INFO   saved best.pt  val_acc=0.9828
19:08:52 INFO   e2 step    50/5500  loss=0.0317  acc=0.9938  lr0=1.66e-05 lr1=8.31e-04
19:09:03 INFO   e2 step   100/5500  loss=0.0298  acc=0.9919  lr0=1.66e-05 lr1=8.28e-04
19:09:14 INFO   e2 step   150/5500  loss=0.0361  acc=0.9917  lr0=1.65e-05 lr1=8.26e-04
19:09:25 INFO   e2 step   200/5500  loss=0.0368  acc=0.9916  lr0=1.65e-05 lr1=8.23e-04
19:09:36 INFO   e2 step   250/5500  loss=0.0378  acc=0.9918  lr0=1.64e-05 lr1=8.21e-04
19:09:47 INFO   e2 step   300/5500  loss=0.0435  acc=0.9902  lr0=1.64e-05 lr1=8.18e-04
19:09:59 INFO   e2 step   350/5500  loss=0.0534  acc=0.9879  lr0=1.63e-05 lr1=8.16e-04
19:10:10 INFO   e2 step   400/5500  loss=0.0504  acc=0.9888  lr0=1.63e-05 lr1=8.13e-04
19:10:21 INFO   e2 step   450/5500  loss=0.0491  acc=0.9889  lr0=1.62e-05 lr1=8.11e-04
19:10:32 INFO   e2 step   500/5500  loss=0.0456  acc=0.9898  lr0=1.62e-05 lr1=8.08e-04
19:10:43 INFO   e2 step   550/5500  loss=0.0459  acc=0.9898  lr0=1.61e-05 lr1=8.06e-04
19:10:54 INFO   e2 step   600/5500  loss=0.0463  acc=0.9898  lr0=1.61e-05 lr1=8.03e-04
19:11:05 INFO   e2 step   650/5500  loss=0.0447  acc=0.9903  lr0=1.60e-05 lr1=8.01e-04
19:11:16 INFO   e2 step   700/5500  loss=0.0422  acc=0.9909  lr0=1.60e-05 lr1=7.98e-04
19:11:28 INFO   e2 step   750/5500  loss=0.0407  acc=0.9913  lr0=1.59e-05 lr1=7.95e-04
19:11:39 INFO   e2 step   800/5500  loss=0.0392  acc=0.9917  lr0=1.59e-05 lr1=7.93e-04
19:11:50 INFO   e2 step   850/5500  loss=0.0391  acc=0.9917  lr0=1.58e-05 lr1=7.90e-04
19:12:01 INFO   e2 step   900/5500  loss=0.0383  acc=0.9918  lr0=1.58e-05 lr1=7.88e-04
19:12:12 INFO   e2 step   950/5500  loss=0.0390  acc=0.9917  lr0=1.57e-05 lr1=7.85e-04
19:12:23 INFO   e2 step  1000/5500  loss=0.0386  acc=0.9918  lr0=1.57e-05 lr1=7.83e-04
19:12:34 INFO   e2 step  1050/5500  loss=0.0375  acc=0.9920  lr0=1.56e-05 lr1=7.80e-04
19:12:45 INFO   e2 step  1100/5500  loss=0.0371  acc=0.9922  lr0=1.56e-05 lr1=7.78e-04
19:12:56 INFO   e2 step  1150/5500  loss=0.0357  acc=0.9924  lr0=1.55e-05 lr1=7.75e-04
19:13:07 INFO   e2 step  1200/5500  loss=0.0357  acc=0.9925  lr0=1.55e-05 lr1=7.73e-04
19:13:19 INFO   e2 step  1250/5500  loss=0.0354  acc=0.9926  lr0=1.54e-05 lr1=7.70e-04
19:13:30 INFO   e2 step  1300/5500  loss=0.0351  acc=0.9926  lr0=1.54e-05 lr1=7.68e-04
19:13:41 INFO   e2 step  1350/5500  loss=0.0342  acc=0.9927  lr0=1.53e-05 lr1=7.65e-04
19:13:52 INFO   e2 step  1400/5500  loss=0.0338  acc=0.9929  lr0=1.53e-05 lr1=7.63e-04
19:14:03 INFO   e2 step  1450/5500  loss=0.0327  acc=0.9931  lr0=1.52e-05 lr1=7.60e-04
19:14:14 INFO   e2 step  1500/5500  loss=0.0316  acc=0.9933  lr0=1.52e-05 lr1=7.58e-04
19:14:25 INFO   e2 step  1550/5500  loss=0.0312  acc=0.9934  lr0=1.51e-05 lr1=7.55e-04
19:14:36 INFO   e2 step  1600/5500  loss=0.0306  acc=0.9936  lr0=1.51e-05 lr1=7.53e-04
19:14:48 INFO   e2 step  1650/5500  loss=0.0304  acc=0.9936  lr0=1.50e-05 lr1=7.50e-04
19:14:59 INFO   e2 step  1700/5500  loss=0.0299  acc=0.9936  lr0=1.49e-05 lr1=7.47e-04
19:15:10 INFO   e2 step  1750/5500  loss=0.0299  acc=0.9937  lr0=1.49e-05 lr1=7.45e-04
19:15:22 INFO   e2 step  1800/5500  loss=0.0296  acc=0.9938  lr0=1.48e-05 lr1=7.42e-04
19:15:33 INFO   e2 step  1850/5500  loss=0.0290  acc=0.9939  lr0=1.48e-05 lr1=7.40e-04
19:15:44 INFO   e2 step  1900/5500  loss=0.0282  acc=0.9940  lr0=1.47e-05 lr1=7.37e-04
19:15:55 INFO   e2 step  1950/5500  loss=0.0277  acc=0.9942  lr0=1.47e-05 lr1=7.35e-04
19:16:06 INFO   e2 step  2000/5500  loss=0.0270  acc=0.9943  lr0=1.46e-05 lr1=7.32e-04
19:16:18 INFO   e2 step  2050/5500  loss=0.0269  acc=0.9943  lr0=1.46e-05 lr1=7.30e-04
19:16:29 INFO   e2 step  2100/5500  loss=0.0265  acc=0.9944  lr0=1.45e-05 lr1=7.27e-04
19:16:40 INFO   e2 step  2150/5500  loss=0.0263  acc=0.9945  lr0=1.45e-05 lr1=7.25e-04
19:16:51 INFO   e2 step  2200/5500  loss=0.0270  acc=0.9943  lr0=1.44e-05 lr1=7.22e-04
19:17:02 INFO   e2 step  2250/5500  loss=0.0273  acc=0.9943  lr0=1.44e-05 lr1=7.20e-04
19:17:14 INFO   e2 step  2300/5500  loss=0.0275  acc=0.9943  lr0=1.43e-05 lr1=7.17e-04
19:17:25 INFO   e2 step  2350/5500  loss=0.0276  acc=0.9943  lr0=1.43e-05 lr1=7.15e-04
19:17:36 INFO   e2 step  2400/5500  loss=0.0271  acc=0.9944  lr0=1.42e-05 lr1=7.12e-04
19:17:47 INFO   e2 step  2450/5500  loss=0.0279  acc=0.9943  lr0=1.42e-05 lr1=7.10e-04
19:17:59 INFO   e2 step  2500/5500  loss=0.0281  acc=0.9943  lr0=1.41e-05 lr1=7.07e-04
19:18:10 INFO   e2 step  2550/5500  loss=0.0279  acc=0.9944  lr0=1.41e-05 lr1=7.05e-04
19:18:21 INFO   e2 step  2600/5500  loss=0.0275  acc=0.9944  lr0=1.40e-05 lr1=7.02e-04
19:18:32 INFO   e2 step  2650/5500  loss=0.0272  acc=0.9945  lr0=1.40e-05 lr1=6.99e-04
19:18:43 INFO   e2 step  2700/5500  loss=0.0279  acc=0.9944  lr0=1.39e-05 lr1=6.97e-04
19:18:54 INFO   e2 step  2750/5500  loss=0.0279  acc=0.9944  lr0=1.39e-05 lr1=6.94e-04
19:19:06 INFO   e2 step  2800/5500  loss=0.0277  acc=0.9945  lr0=1.38e-05 lr1=6.92e-04
19:19:17 INFO   e2 step  2850/5500  loss=0.0278  acc=0.9945  lr0=1.38e-05 lr1=6.89e-04
19:19:28 INFO   e2 step  2900/5500  loss=0.0277  acc=0.9945  lr0=1.37e-05 lr1=6.87e-04
19:19:39 INFO   e2 step  2950/5500  loss=0.0288  acc=0.9943  lr0=1.37e-05 lr1=6.84e-04
19:19:50 INFO   e2 step  3000/5500  loss=0.0289  acc=0.9942  lr0=1.36e-05 lr1=6.82e-04
19:20:01 INFO   e2 step  3050/5500  loss=0.0286  acc=0.9943  lr0=1.36e-05 lr1=6.79e-04
19:20:12 INFO   e2 step  3100/5500  loss=0.0283  acc=0.9944  lr0=1.35e-05 lr1=6.77e-04
19:20:23 INFO   e2 step  3150/5500  loss=0.0281  acc=0.9944  lr0=1.35e-05 lr1=6.74e-04
19:20:34 INFO   e2 step  3200/5500  loss=0.0278  acc=0.9945  lr0=1.34e-05 lr1=6.72e-04
19:20:46 INFO   e2 step  3250/5500  loss=0.0277  acc=0.9945  lr0=1.34e-05 lr1=6.69e-04
19:20:57 INFO   e2 step  3300/5500  loss=0.0277  acc=0.9945  lr0=1.33e-05 lr1=6.67e-04
19:21:09 INFO   e2 step  3350/5500  loss=0.0276  acc=0.9946  lr0=1.33e-05 lr1=6.64e-04
19:21:20 INFO   e2 step  3400/5500  loss=0.0277  acc=0.9945  lr0=1.32e-05 lr1=6.62e-04
19:21:31 INFO   e2 step  3450/5500  loss=0.0277  acc=0.9946  lr0=1.32e-05 lr1=6.59e-04
19:21:42 INFO   e2 step  3500/5500  loss=0.0277  acc=0.9946  lr0=1.31e-05 lr1=6.57e-04
19:21:54 INFO   e2 step  3550/5500  loss=0.0273  acc=0.9946  lr0=1.31e-05 lr1=6.54e-04
19:22:05 INFO   e2 step  3600/5500  loss=0.0269  acc=0.9947  lr0=1.30e-05 lr1=6.52e-04
19:22:16 INFO   e2 step  3650/5500  loss=0.0270  acc=0.9947  lr0=1.30e-05 lr1=6.49e-04
19:22:27 INFO   e2 step  3700/5500  loss=0.0268  acc=0.9948  lr0=1.29e-05 lr1=6.46e-04
19:22:39 INFO   e2 step  3750/5500  loss=0.0269  acc=0.9948  lr0=1.29e-05 lr1=6.44e-04
19:22:50 INFO   e2 step  3800/5500  loss=0.0272  acc=0.9947  lr0=1.28e-05 lr1=6.41e-04
19:23:01 INFO   e2 step  3850/5500  loss=0.0271  acc=0.9947  lr0=1.28e-05 lr1=6.39e-04
19:23:13 INFO   e2 step  3900/5500  loss=0.0272  acc=0.9947  lr0=1.27e-05 lr1=6.36e-04
19:23:24 INFO   e2 step  3950/5500  loss=0.0271  acc=0.9948  lr0=1.27e-05 lr1=6.34e-04
19:23:35 INFO   e2 step  4000/5500  loss=0.0271  acc=0.9948  lr0=1.26e-05 lr1=6.31e-04
19:23:46 INFO   e2 step  4050/5500  loss=0.0268  acc=0.9948  lr0=1.26e-05 lr1=6.29e-04
19:23:58 INFO   e2 step  4100/5500  loss=0.0268  acc=0.9948  lr0=1.25e-05 lr1=6.26e-04
19:24:09 INFO   e2 step  4150/5500  loss=0.0266  acc=0.9949  lr0=1.25e-05 lr1=6.24e-04
19:24:20 INFO   e2 step  4200/5500  loss=0.0266  acc=0.9949  lr0=1.24e-05 lr1=6.21e-04
19:24:32 INFO   e2 step  4250/5500  loss=0.0268  acc=0.9948  lr0=1.24e-05 lr1=6.19e-04
19:24:43 INFO   e2 step  4300/5500  loss=0.0267  acc=0.9948  lr0=1.23e-05 lr1=6.16e-04
19:24:54 INFO   e2 step  4350/5500  loss=0.0264  acc=0.9949  lr0=1.23e-05 lr1=6.14e-04
19:25:06 INFO   e2 step  4400/5500  loss=0.0261  acc=0.9949  lr0=1.22e-05 lr1=6.11e-04
19:25:17 INFO   e2 step  4450/5500  loss=0.0259  acc=0.9950  lr0=1.22e-05 lr1=6.09e-04
19:25:28 INFO   e2 step  4500/5500  loss=0.0256  acc=0.9951  lr0=1.21e-05 lr1=6.06e-04
19:25:39 INFO   e2 step  4550/5500  loss=0.0253  acc=0.9951  lr0=1.21e-05 lr1=6.04e-04
19:25:50 INFO   e2 step  4600/5500  loss=0.0252  acc=0.9951  lr0=1.20e-05 lr1=6.01e-04
19:26:01 INFO   e2 step  4650/5500  loss=0.0253  acc=0.9951  lr0=1.20e-05 lr1=5.98e-04
19:26:12 INFO   e2 step  4700/5500  loss=0.0253  acc=0.9951  lr0=1.19e-05 lr1=5.96e-04
19:26:23 INFO   e2 step  4750/5500  loss=0.0252  acc=0.9952  lr0=1.19e-05 lr1=5.93e-04
19:26:34 INFO   e2 step  4800/5500  loss=0.0253  acc=0.9952  lr0=1.18e-05 lr1=5.91e-04
19:26:46 INFO   e2 step  4850/5500  loss=0.0253  acc=0.9952  lr0=1.18e-05 lr1=5.88e-04
19:26:57 INFO   e2 step  4900/5500  loss=0.0253  acc=0.9951  lr0=1.17e-05 lr1=5.86e-04
19:27:08 INFO   e2 step  4950/5500  loss=0.0257  acc=0.9951  lr0=1.17e-05 lr1=5.83e-04
19:27:19 INFO   e2 step  5000/5500  loss=0.0258  acc=0.9950  lr0=1.16e-05 lr1=5.81e-04
19:27:30 INFO   e2 step  5050/5500  loss=0.0259  acc=0.9950  lr0=1.16e-05 lr1=5.78e-04
19:27:42 INFO   e2 step  5100/5500  loss=0.0258  acc=0.9950  lr0=1.15e-05 lr1=5.76e-04
19:27:53 INFO   e2 step  5150/5500  loss=0.0256  acc=0.9951  lr0=1.15e-05 lr1=5.73e-04
19:28:04 INFO   e2 step  5200/5500  loss=0.0254  acc=0.9951  lr0=1.14e-05 lr1=5.71e-04
19:28:15 INFO   e2 step  5250/5500  loss=0.0254  acc=0.9951  lr0=1.14e-05 lr1=5.68e-04
19:28:26 INFO   e2 step  5300/5500  loss=0.0254  acc=0.9951  lr0=1.13e-05 lr1=5.66e-04
19:28:37 INFO   e2 step  5350/5500  loss=0.0255  acc=0.9951  lr0=1.13e-05 lr1=5.63e-04
19:28:49 INFO   e2 step  5400/5500  loss=0.0256  acc=0.9951  lr0=1.12e-05 lr1=5.61e-04
19:29:00 INFO   e2 step  5450/5500  loss=0.0260  acc=0.9950  lr0=1.12e-05 lr1=5.58e-04
19:29:11 INFO   e2 step  5500/5500  loss=0.0263  acc=0.9950  lr0=1.11e-05 lr1=5.56e-04
19:29:39 INFO [epoch 2] train_loss=0.0263 train_acc=0.9950  val_loss=0.1348 val_acc=0.9754 val_auc=0.9859  elapsed=1258.6s
19:29:50 INFO   e3 step    50/5500  loss=0.0318  acc=0.9950  lr0=1.11e-05 lr1=5.53e-04
19:30:02 INFO   e3 step   100/5500  loss=0.0167  acc=0.9975  lr0=1.10e-05 lr1=5.51e-04
19:30:13 INFO   e3 step   150/5500  loss=0.0161  acc=0.9975  lr0=1.10e-05 lr1=5.48e-04
19:30:24 INFO   e3 step   200/5500  loss=0.0169  acc=0.9975  lr0=1.09e-05 lr1=5.45e-04
19:30:35 INFO   e3 step   250/5500  loss=0.0154  acc=0.9978  lr0=1.09e-05 lr1=5.43e-04
19:30:46 INFO   e3 step   300/5500  loss=0.0146  acc=0.9977  lr0=1.08e-05 lr1=5.40e-04
19:30:57 INFO   e3 step   350/5500  loss=0.0164  acc=0.9975  lr0=1.08e-05 lr1=5.38e-04
19:31:08 INFO   e3 step   400/5500  loss=0.0168  acc=0.9973  lr0=1.07e-05 lr1=5.35e-04
19:31:19 INFO   e3 step   450/5500  loss=0.0165  acc=0.9974  lr0=1.07e-05 lr1=5.33e-04
19:31:31 INFO   e3 step   500/5500  loss=0.0150  acc=0.9976  lr0=1.06e-05 lr1=5.30e-04
19:31:42 INFO   e3 step   550/5500  loss=0.0137  acc=0.9978  lr0=1.06e-05 lr1=5.28e-04
19:31:54 INFO   e3 step   600/5500  loss=0.0141  acc=0.9977  lr0=1.05e-05 lr1=5.25e-04
19:32:06 INFO   e3 step   650/5500  loss=0.0131  acc=0.9979  lr0=1.05e-05 lr1=5.23e-04
19:32:17 INFO   e3 step   700/5500  loss=0.0155  acc=0.9975  lr0=1.04e-05 lr1=5.20e-04
19:32:29 INFO   e3 step   750/5500  loss=0.0152  acc=0.9976  lr0=1.04e-05 lr1=5.18e-04
19:32:40 INFO   e3 step   800/5500  loss=0.0144  acc=0.9977  lr0=1.03e-05 lr1=5.15e-04
19:32:51 INFO   e3 step   850/5500  loss=0.0143  acc=0.9976  lr0=1.03e-05 lr1=5.13e-04
19:33:02 INFO   e3 step   900/5500  loss=0.0158  acc=0.9974  lr0=1.02e-05 lr1=5.10e-04
19:33:13 INFO   e3 step   950/5500  loss=0.0150  acc=0.9975  lr0=1.02e-05 lr1=5.08e-04
19:33:25 INFO   e3 step  1000/5500  loss=0.0152  acc=0.9975  lr0=1.01e-05 lr1=5.05e-04
19:33:36 INFO   e3 step  1050/5500  loss=0.0157  acc=0.9974  lr0=1.01e-05 lr1=5.03e-04
19:33:47 INFO   e3 step  1100/5500  loss=0.0157  acc=0.9974  lr0=1.00e-05 lr1=5.00e-04
19:33:58 INFO   e3 step  1150/5500  loss=0.0154  acc=0.9974  lr0=9.95e-06 lr1=4.97e-04
19:34:09 INFO   e3 step  1200/5500  loss=0.0148  acc=0.9975  lr0=9.90e-06 lr1=4.95e-04
19:34:20 INFO   e3 step  1250/5500  loss=0.0163  acc=0.9972  lr0=9.85e-06 lr1=4.92e-04
19:34:31 INFO   e3 step  1300/5500  loss=0.0157  acc=0.9974  lr0=9.80e-06 lr1=4.90e-04
19:34:42 INFO   e3 step  1350/5500  loss=0.0164  acc=0.9972  lr0=9.75e-06 lr1=4.87e-04
19:34:53 INFO   e3 step  1400/5500  loss=0.0163  acc=0.9972  lr0=9.70e-06 lr1=4.85e-04
19:35:04 INFO   e3 step  1450/5500  loss=0.0173  acc=0.9971  lr0=9.65e-06 lr1=4.82e-04
19:35:15 INFO   e3 step  1500/5500  loss=0.0174  acc=0.9970  lr0=9.60e-06 lr1=4.80e-04
19:35:26 INFO   e3 step  1550/5500  loss=0.0168  acc=0.9971  lr0=9.55e-06 lr1=4.77e-04
19:35:37 INFO   e3 step  1600/5500  loss=0.0168  acc=0.9971  lr0=9.49e-06 lr1=4.75e-04
19:35:48 INFO   e3 step  1650/5500  loss=0.0166  acc=0.9972  lr0=9.44e-06 lr1=4.72e-04
19:35:59 INFO   e3 step  1700/5500  loss=0.0161  acc=0.9972  lr0=9.39e-06 lr1=4.70e-04
19:36:10 INFO   e3 step  1750/5500  loss=0.0157  acc=0.9973  lr0=9.34e-06 lr1=4.67e-04
19:36:21 INFO   e3 step  1800/5500  loss=0.0153  acc=0.9974  lr0=9.29e-06 lr1=4.65e-04
19:36:32 INFO   e3 step  1850/5500  loss=0.0152  acc=0.9974  lr0=9.24e-06 lr1=4.62e-04
19:36:43 INFO   e3 step  1900/5500  loss=0.0153  acc=0.9974  lr0=9.19e-06 lr1=4.60e-04
19:36:54 INFO   e3 step  1950/5500  loss=0.0151  acc=0.9974  lr0=9.14e-06 lr1=4.57e-04
19:37:06 INFO   e3 step  2000/5500  loss=0.0150  acc=0.9974  lr0=9.09e-06 lr1=4.55e-04
19:37:17 INFO   e3 step  2050/5500  loss=0.0146  acc=0.9975  lr0=9.04e-06 lr1=4.52e-04
19:37:29 INFO   e3 step  2100/5500  loss=0.0143  acc=0.9976  lr0=8.99e-06 lr1=4.49e-04
19:37:40 INFO   e3 step  2150/5500  loss=0.0140  acc=0.9976  lr0=8.94e-06 lr1=4.47e-04
19:37:51 INFO   e3 step  2200/5500  loss=0.0137  acc=0.9977  lr0=8.89e-06 lr1=4.44e-04
19:38:02 INFO   e3 step  2250/5500  loss=0.0136  acc=0.9977  lr0=8.84e-06 lr1=4.42e-04
19:38:14 INFO   e3 step  2300/5500  loss=0.0133  acc=0.9977  lr0=8.79e-06 lr1=4.39e-04
19:38:25 INFO   e3 step  2350/5500  loss=0.0134  acc=0.9977  lr0=8.74e-06 lr1=4.37e-04
19:38:36 INFO   e3 step  2400/5500  loss=0.0134  acc=0.9977  lr0=8.69e-06 lr1=4.34e-04
19:38:48 INFO   e3 step  2450/5500  loss=0.0132  acc=0.9978  lr0=8.64e-06 lr1=4.32e-04
19:38:59 INFO   e3 step  2500/5500  loss=0.0130  acc=0.9978  lr0=8.59e-06 lr1=4.29e-04
19:39:10 INFO   e3 step  2550/5500  loss=0.0131  acc=0.9978  lr0=8.54e-06 lr1=4.27e-04
19:39:21 INFO   e3 step  2600/5500  loss=0.0128  acc=0.9978  lr0=8.48e-06 lr1=4.24e-04
19:39:32 INFO   e3 step  2650/5500  loss=0.0129  acc=0.9978  lr0=8.43e-06 lr1=4.22e-04
19:39:44 INFO   e3 step  2700/5500  loss=0.0127  acc=0.9979  lr0=8.38e-06 lr1=4.19e-04
19:39:55 INFO   e3 step  2750/5500  loss=0.0124  acc=0.9979  lr0=8.33e-06 lr1=4.17e-04
19:40:07 INFO   e3 step  2800/5500  loss=0.0122  acc=0.9979  lr0=8.28e-06 lr1=4.14e-04
19:40:18 INFO   e3 step  2850/5500  loss=0.0122  acc=0.9980  lr0=8.23e-06 lr1=4.12e-04
19:40:29 INFO   e3 step  2900/5500  loss=0.0120  acc=0.9980  lr0=8.18e-06 lr1=4.09e-04
19:40:40 INFO   e3 step  2950/5500  loss=0.0119  acc=0.9980  lr0=8.13e-06 lr1=4.07e-04
19:40:52 INFO   e3 step  3000/5500  loss=0.0117  acc=0.9980  lr0=8.08e-06 lr1=4.04e-04
19:41:03 INFO   e3 step  3050/5500  loss=0.0116  acc=0.9981  lr0=8.03e-06 lr1=4.02e-04
19:41:14 INFO   e3 step  3100/5500  loss=0.0114  acc=0.9981  lr0=7.98e-06 lr1=3.99e-04
19:41:26 INFO   e3 step  3150/5500  loss=0.0112  acc=0.9981  lr0=7.93e-06 lr1=3.96e-04
19:41:37 INFO   e3 step  3200/5500  loss=0.0110  acc=0.9982  lr0=7.88e-06 lr1=3.94e-04
19:41:49 INFO   e3 step  3250/5500  loss=0.0109  acc=0.9982  lr0=7.83e-06 lr1=3.91e-04
19:42:00 INFO   e3 step  3300/5500  loss=0.0107  acc=0.9982  lr0=7.78e-06 lr1=3.89e-04
19:42:11 INFO   e3 step  3350/5500  loss=0.0105  acc=0.9982  lr0=7.73e-06 lr1=3.86e-04
19:42:23 INFO   e3 step  3400/5500  loss=0.0104  acc=0.9983  lr0=7.68e-06 lr1=3.84e-04
19:42:34 INFO   e3 step  3450/5500  loss=0.0104  acc=0.9983  lr0=7.63e-06 lr1=3.81e-04
19:42:45 INFO   e3 step  3500/5500  loss=0.0103  acc=0.9983  lr0=7.58e-06 lr1=3.79e-04
19:42:57 INFO   e3 step  3550/5500  loss=0.0101  acc=0.9983  lr0=7.53e-06 lr1=3.76e-04
19:43:08 INFO   e3 step  3600/5500  loss=0.0101  acc=0.9983  lr0=7.47e-06 lr1=3.74e-04
19:43:19 INFO   e3 step  3650/5500  loss=0.0100  acc=0.9984  lr0=7.42e-06 lr1=3.71e-04
19:43:30 INFO   e3 step  3700/5500  loss=0.0098  acc=0.9984  lr0=7.37e-06 lr1=3.69e-04
19:43:42 INFO   e3 step  3750/5500  loss=0.0097  acc=0.9984  lr0=7.32e-06 lr1=3.66e-04
19:43:53 INFO   e3 step  3800/5500  loss=0.0096  acc=0.9984  lr0=7.27e-06 lr1=3.64e-04
19:44:05 INFO   e3 step  3850/5500  loss=0.0095  acc=0.9984  lr0=7.22e-06 lr1=3.61e-04
19:44:16 INFO   e3 step  3900/5500  loss=0.0094  acc=0.9985  lr0=7.17e-06 lr1=3.59e-04
19:44:27 INFO   e3 step  3950/5500  loss=0.0092  acc=0.9985  lr0=7.12e-06 lr1=3.56e-04
19:44:38 INFO   e3 step  4000/5500  loss=0.0093  acc=0.9985  lr0=7.07e-06 lr1=3.54e-04
19:44:49 INFO   e3 step  4050/5500  loss=0.0093  acc=0.9985  lr0=7.02e-06 lr1=3.51e-04
19:45:00 INFO   e3 step  4100/5500  loss=0.0091  acc=0.9985  lr0=6.97e-06 lr1=3.48e-04
19:45:11 INFO   e3 step  4150/5500  loss=0.0090  acc=0.9985  lr0=6.92e-06 lr1=3.46e-04
19:45:23 INFO   e3 step  4200/5500  loss=0.0093  acc=0.9985  lr0=6.87e-06 lr1=3.43e-04
19:45:34 INFO   e3 step  4250/5500  loss=0.0093  acc=0.9985  lr0=6.82e-06 lr1=3.41e-04
19:45:45 INFO   e3 step  4300/5500  loss=0.0093  acc=0.9985  lr0=6.77e-06 lr1=3.38e-04
19:45:56 INFO   e3 step  4350/5500  loss=0.0093  acc=0.9985  lr0=6.72e-06 lr1=3.36e-04
19:46:07 INFO   e3 step  4400/5500  loss=0.0095  acc=0.9985  lr0=6.67e-06 lr1=3.33e-04
19:46:19 INFO   e3 step  4450/5500  loss=0.0099  acc=0.9984  lr0=6.62e-06 lr1=3.31e-04
19:46:30 INFO   e3 step  4500/5500  loss=0.0100  acc=0.9984  lr0=6.57e-06 lr1=3.28e-04
19:46:41 INFO   e3 step  4550/5500  loss=0.0099  acc=0.9984  lr0=6.52e-06 lr1=3.26e-04
19:46:53 INFO   e3 step  4600/5500  loss=0.0102  acc=0.9984  lr0=6.46e-06 lr1=3.23e-04
19:47:04 INFO   e3 step  4650/5500  loss=0.0102  acc=0.9984  lr0=6.41e-06 lr1=3.21e-04
19:47:15 INFO   e3 step  4700/5500  loss=0.0101  acc=0.9984  lr0=6.36e-06 lr1=3.18e-04
19:47:27 INFO   e3 step  4750/5500  loss=0.0100  acc=0.9984  lr0=6.31e-06 lr1=3.16e-04
19:47:38 INFO   e3 step  4800/5500  loss=0.0099  acc=0.9984  lr0=6.26e-06 lr1=3.13e-04
19:47:49 INFO   e3 step  4850/5500  loss=0.0098  acc=0.9985  lr0=6.21e-06 lr1=3.11e-04
19:48:01 INFO   e3 step  4900/5500  loss=0.0097  acc=0.9985  lr0=6.16e-06 lr1=3.08e-04
19:48:12 INFO   e3 step  4950/5500  loss=0.0097  acc=0.9985  lr0=6.11e-06 lr1=3.06e-04
19:48:23 INFO   e3 step  5000/5500  loss=0.0096  acc=0.9985  lr0=6.06e-06 lr1=3.03e-04
19:48:34 INFO   e3 step  5050/5500  loss=0.0095  acc=0.9985  lr0=6.01e-06 lr1=3.01e-04
19:48:46 INFO   e3 step  5100/5500  loss=0.0096  acc=0.9985  lr0=5.96e-06 lr1=2.98e-04
19:48:57 INFO   e3 step  5150/5500  loss=0.0095  acc=0.9985  lr0=5.91e-06 lr1=2.95e-04
19:49:08 INFO   e3 step  5200/5500  loss=0.0094  acc=0.9985  lr0=5.86e-06 lr1=2.93e-04
19:49:20 INFO   e3 step  5250/5500  loss=0.0093  acc=0.9985  lr0=5.81e-06 lr1=2.90e-04
19:49:31 INFO   e3 step  5300/5500  loss=0.0092  acc=0.9985  lr0=5.76e-06 lr1=2.88e-04
19:49:42 INFO   e3 step  5350/5500  loss=0.0091  acc=0.9986  lr0=5.71e-06 lr1=2.85e-04
19:49:54 INFO   e3 step  5400/5500  loss=0.0090  acc=0.9986  lr0=5.66e-06 lr1=2.83e-04
19:50:05 INFO   e3 step  5450/5500  loss=0.0090  acc=0.9986  lr0=5.61e-06 lr1=2.80e-04
19:50:16 INFO   e3 step  5500/5500  loss=0.0089  acc=0.9986  lr0=5.56e-06 lr1=2.78e-04
19:50:44 INFO [epoch 3] train_loss=0.0089 train_acc=0.9986  val_loss=0.2302 val_acc=0.9679 val_auc=0.9840  elapsed=1265.3s
19:50:56 INFO   e4 step    50/5500  loss=0.0002  acc=1.0000  lr0=5.51e-06 lr1=2.75e-04
19:51:07 INFO   e4 step   100/5500  loss=0.0007  acc=0.9994  lr0=5.45e-06 lr1=2.73e-04
19:51:18 INFO   e4 step   150/5500  loss=0.0082  acc=0.9988  lr0=5.40e-06 lr1=2.70e-04
19:51:30 INFO   e4 step   200/5500  loss=0.0092  acc=0.9984  lr0=5.35e-06 lr1=2.68e-04
19:51:41 INFO   e4 step   250/5500  loss=0.0074  acc=0.9988  lr0=5.30e-06 lr1=2.65e-04
19:51:52 INFO   e4 step   300/5500  loss=0.0062  acc=0.9990  lr0=5.25e-06 lr1=2.63e-04
19:52:03 INFO   e4 step   350/5500  loss=0.0053  acc=0.9991  lr0=5.20e-06 lr1=2.60e-04
19:52:14 INFO   e4 step   400/5500  loss=0.0047  acc=0.9992  lr0=5.15e-06 lr1=2.58e-04
19:52:25 INFO   e4 step   450/5500  loss=0.0042  acc=0.9993  lr0=5.10e-06 lr1=2.55e-04
19:52:37 INFO   e4 step   500/5500  loss=0.0038  acc=0.9994  lr0=5.05e-06 lr1=2.53e-04
19:52:48 INFO   e4 step   550/5500  loss=0.0044  acc=0.9993  lr0=5.00e-06 lr1=2.50e-04
19:52:59 INFO   e4 step   600/5500  loss=0.0055  acc=0.9991  lr0=4.95e-06 lr1=2.47e-04
19:53:10 INFO   e4 step   650/5500  loss=0.0051  acc=0.9991  lr0=4.90e-06 lr1=2.45e-04
19:53:21 INFO   e4 step   700/5500  loss=0.0048  acc=0.9992  lr0=4.85e-06 lr1=2.42e-04
19:53:32 INFO   e4 step   750/5500  loss=0.0047  acc=0.9992  lr0=4.80e-06 lr1=2.40e-04
19:53:44 INFO   e4 step   800/5500  loss=0.0045  acc=0.9992  lr0=4.75e-06 lr1=2.37e-04
19:53:55 INFO   e4 step   850/5500  loss=0.0048  acc=0.9992  lr0=4.70e-06 lr1=2.35e-04
19:54:06 INFO   e4 step   900/5500  loss=0.0045  acc=0.9992  lr0=4.65e-06 lr1=2.32e-04
19:54:17 INFO   e4 step   950/5500  loss=0.0043  acc=0.9993  lr0=4.60e-06 lr1=2.30e-04
19:54:29 INFO   e4 step  1000/5500  loss=0.0041  acc=0.9993  lr0=4.55e-06 lr1=2.27e-04
19:54:40 INFO   e4 step  1050/5500  loss=0.0039  acc=0.9993  lr0=4.49e-06 lr1=2.25e-04
19:54:51 INFO   e4 step  1100/5500  loss=0.0037  acc=0.9994  lr0=4.44e-06 lr1=2.22e-04
19:55:02 INFO   e4 step  1150/5500  loss=0.0050  acc=0.9992  lr0=4.39e-06 lr1=2.20e-04
19:55:13 INFO   e4 step  1200/5500  loss=0.0056  acc=0.9992  lr0=4.34e-06 lr1=2.17e-04
19:55:25 INFO   e4 step  1250/5500  loss=0.0053  acc=0.9992  lr0=4.29e-06 lr1=2.15e-04
19:55:36 INFO   e4 step  1300/5500  loss=0.0056  acc=0.9992  lr0=4.24e-06 lr1=2.12e-04
19:55:47 INFO   e4 step  1350/5500  loss=0.0054  acc=0.9992  lr0=4.19e-06 lr1=2.10e-04
19:55:58 INFO   e4 step  1400/5500  loss=0.0052  acc=0.9992  lr0=4.14e-06 lr1=2.07e-04
19:56:09 INFO   e4 step  1450/5500  loss=0.0055  acc=0.9992  lr0=4.09e-06 lr1=2.05e-04
19:56:21 INFO   e4 step  1500/5500  loss=0.0059  acc=0.9991  lr0=4.04e-06 lr1=2.02e-04
19:56:32 INFO   e4 step  1550/5500  loss=0.0057  acc=0.9991  lr0=3.99e-06 lr1=1.99e-04
19:56:43 INFO   e4 step  1600/5500  loss=0.0059  acc=0.9990  lr0=3.94e-06 lr1=1.97e-04
19:56:54 INFO   e4 step  1650/5500  loss=0.0058  acc=0.9991  lr0=3.89e-06 lr1=1.94e-04
19:57:06 INFO   e4 step  1700/5500  loss=0.0056  acc=0.9991  lr0=3.84e-06 lr1=1.92e-04
19:57:17 INFO   e4 step  1750/5500  loss=0.0055  acc=0.9991  lr0=3.79e-06 lr1=1.89e-04
19:57:28 INFO   e4 step  1800/5500  loss=0.0053  acc=0.9991  lr0=3.74e-06 lr1=1.87e-04
19:57:39 INFO   e4 step  1850/5500  loss=0.0052  acc=0.9992  lr0=3.69e-06 lr1=1.84e-04
19:57:50 INFO   e4 step  1900/5500  loss=0.0050  acc=0.9992  lr0=3.64e-06 lr1=1.82e-04
19:58:02 INFO   e4 step  1950/5500  loss=0.0050  acc=0.9992  lr0=3.59e-06 lr1=1.79e-04
19:58:13 INFO   e4 step  2000/5500  loss=0.0049  acc=0.9992  lr0=3.54e-06 lr1=1.77e-04
19:58:24 INFO   e4 step  2050/5500  loss=0.0048  acc=0.9992  lr0=3.48e-06 lr1=1.74e-04
19:58:35 INFO   e4 step  2100/5500  loss=0.0047  acc=0.9992  lr0=3.43e-06 lr1=1.72e-04
19:58:47 INFO   e4 step  2150/5500  loss=0.0046  acc=0.9992  lr0=3.38e-06 lr1=1.69e-04
19:58:58 INFO   e4 step  2200/5500  loss=0.0045  acc=0.9993  lr0=3.33e-06 lr1=1.67e-04
19:59:09 INFO   e4 step  2250/5500  loss=0.0044  acc=0.9993  lr0=3.28e-06 lr1=1.64e-04
19:59:20 INFO   e4 step  2300/5500  loss=0.0043  acc=0.9993  lr0=3.23e-06 lr1=1.62e-04
19:59:32 INFO   e4 step  2350/5500  loss=0.0042  acc=0.9993  lr0=3.18e-06 lr1=1.59e-04
19:59:43 INFO   e4 step  2400/5500  loss=0.0041  acc=0.9993  lr0=3.13e-06 lr1=1.57e-04
19:59:54 INFO   e4 step  2450/5500  loss=0.0040  acc=0.9993  lr0=3.08e-06 lr1=1.54e-04
20:00:06 INFO   e4 step  2500/5500  loss=0.0040  acc=0.9993  lr0=3.03e-06 lr1=1.52e-04
20:00:17 INFO   e4 step  2550/5500  loss=0.0040  acc=0.9993  lr0=2.98e-06 lr1=1.49e-04
20:00:28 INFO   e4 step  2600/5500  loss=0.0039  acc=0.9994  lr0=2.93e-06 lr1=1.46e-04
20:00:39 INFO   e4 step  2650/5500  loss=0.0038  acc=0.9994  lr0=2.88e-06 lr1=1.44e-04
20:00:50 INFO   e4 step  2700/5500  loss=0.0038  acc=0.9994  lr0=2.83e-06 lr1=1.41e-04
20:01:02 INFO   e4 step  2750/5500  loss=0.0039  acc=0.9994  lr0=2.78e-06 lr1=1.39e-04
20:01:13 INFO   e4 step  2800/5500  loss=0.0038  acc=0.9994  lr0=2.73e-06 lr1=1.36e-04
20:01:24 INFO   e4 step  2850/5500  loss=0.0037  acc=0.9994  lr0=2.68e-06 lr1=1.34e-04
20:01:35 INFO   e4 step  2900/5500  loss=0.0039  acc=0.9994  lr0=2.63e-06 lr1=1.31e-04
20:01:47 INFO   e4 step  2950/5500  loss=0.0038  acc=0.9994  lr0=2.58e-06 lr1=1.29e-04
20:01:59 INFO   e4 step  3000/5500  loss=0.0038  acc=0.9994  lr0=2.53e-06 lr1=1.26e-04
20:02:10 INFO   e4 step  3050/5500  loss=0.0037  acc=0.9994  lr0=2.47e-06 lr1=1.24e-04
20:02:21 INFO   e4 step  3100/5500  loss=0.0037  acc=0.9994  lr0=2.42e-06 lr1=1.21e-04
20:02:32 INFO   e4 step  3150/5500  loss=0.0036  acc=0.9994  lr0=2.37e-06 lr1=1.19e-04
20:02:43 INFO   e4 step  3200/5500  loss=0.0036  acc=0.9994  lr0=2.32e-06 lr1=1.16e-04
20:02:54 INFO   e4 step  3250/5500  loss=0.0035  acc=0.9994  lr0=2.27e-06 lr1=1.14e-04
20:03:05 INFO   e4 step  3300/5500  loss=0.0035  acc=0.9994  lr0=2.22e-06 lr1=1.11e-04
20:03:16 INFO   e4 step  3350/5500  loss=0.0034  acc=0.9994  lr0=2.17e-06 lr1=1.09e-04
20:03:28 INFO   e4 step  3400/5500  loss=0.0034  acc=0.9994  lr0=2.12e-06 lr1=1.06e-04
20:03:39 INFO   e4 step  3450/5500  loss=0.0033  acc=0.9994  lr0=2.07e-06 lr1=1.04e-04
20:03:50 INFO   e4 step  3500/5500  loss=0.0033  acc=0.9994  lr0=2.02e-06 lr1=1.01e-04
20:04:02 INFO   e4 step  3550/5500  loss=0.0032  acc=0.9994  lr0=1.97e-06 lr1=9.85e-05
20:04:13 INFO   e4 step  3600/5500  loss=0.0032  acc=0.9994  lr0=1.92e-06 lr1=9.60e-05
20:04:25 INFO   e4 step  3650/5500  loss=0.0032  acc=0.9995  lr0=1.87e-06 lr1=9.34e-05
20:04:36 INFO   e4 step  3700/5500  loss=0.0031  acc=0.9995  lr0=1.82e-06 lr1=9.09e-05
20:04:47 INFO   e4 step  3750/5500  loss=0.0031  acc=0.9995  lr0=1.77e-06 lr1=8.84e-05
20:04:58 INFO   e4 step  3800/5500  loss=0.0030  acc=0.9995  lr0=1.72e-06 lr1=8.59e-05
20:05:09 INFO   e4 step  3850/5500  loss=0.0030  acc=0.9995  lr0=1.67e-06 lr1=8.33e-05
20:05:21 INFO   e4 step  3900/5500  loss=0.0030  acc=0.9995  lr0=1.62e-06 lr1=8.08e-05
20:05:32 INFO   e4 step  3950/5500  loss=0.0029  acc=0.9995  lr0=1.57e-06 lr1=7.83e-05
20:05:43 INFO   e4 step  4000/5500  loss=0.0029  acc=0.9995  lr0=1.52e-06 lr1=7.58e-05
20:05:54 INFO   e4 step  4050/5500  loss=0.0029  acc=0.9995  lr0=1.46e-06 lr1=7.32e-05
20:06:06 INFO   e4 step  4100/5500  loss=0.0028  acc=0.9995  lr0=1.41e-06 lr1=7.07e-05
20:06:17 INFO   e4 step  4150/5500  loss=0.0029  acc=0.9995  lr0=1.36e-06 lr1=6.82e-05
20:06:28 INFO   e4 step  4200/5500  loss=0.0029  acc=0.9995  lr0=1.31e-06 lr1=6.57e-05
20:06:39 INFO   e4 step  4250/5500  loss=0.0029  acc=0.9995  lr0=1.26e-06 lr1=6.31e-05
20:06:51 INFO   e4 step  4300/5500  loss=0.0028  acc=0.9995  lr0=1.21e-06 lr1=6.06e-05
20:07:02 INFO   e4 step  4350/5500  loss=0.0028  acc=0.9995  lr0=1.16e-06 lr1=5.81e-05
20:07:13 INFO   e4 step  4400/5500  loss=0.0028  acc=0.9995  lr0=1.11e-06 lr1=5.56e-05
20:07:24 INFO   e4 step  4450/5500  loss=0.0027  acc=0.9995  lr0=1.06e-06 lr1=5.30e-05
20:07:36 INFO   e4 step  4500/5500  loss=0.0027  acc=0.9995  lr0=1.01e-06 lr1=5.05e-05
20:07:47 INFO   e4 step  4550/5500  loss=0.0027  acc=0.9995  lr0=9.60e-07 lr1=4.80e-05
20:07:58 INFO   e4 step  4600/5500  loss=0.0026  acc=0.9996  lr0=9.09e-07 lr1=4.55e-05
20:08:09 INFO   e4 step  4650/5500  loss=0.0026  acc=0.9996  lr0=8.59e-07 lr1=4.29e-05
20:08:20 INFO   e4 step  4700/5500  loss=0.0026  acc=0.9996  lr0=8.08e-07 lr1=4.04e-05
20:08:32 INFO   e4 step  4750/5500  loss=0.0026  acc=0.9996  lr0=7.58e-07 lr1=3.79e-05
20:08:43 INFO   e4 step  4800/5500  loss=0.0025  acc=0.9996  lr0=7.07e-07 lr1=3.54e-05
20:08:54 INFO   e4 step  4850/5500  loss=0.0025  acc=0.9996  lr0=6.57e-07 lr1=3.28e-05
20:09:05 INFO   e4 step  4900/5500  loss=0.0025  acc=0.9996  lr0=6.06e-07 lr1=3.03e-05
20:09:16 INFO   e4 step  4950/5500  loss=0.0025  acc=0.9996  lr0=5.56e-07 lr1=2.78e-05
20:09:27 INFO   e4 step  5000/5500  loss=0.0024  acc=0.9996  lr0=5.05e-07 lr1=2.53e-05
20:09:38 INFO   e4 step  5050/5500  loss=0.0024  acc=0.9996  lr0=4.55e-07 lr1=2.27e-05
20:09:49 INFO   e4 step  5100/5500  loss=0.0024  acc=0.9996  lr0=4.04e-07 lr1=2.02e-05
20:10:00 INFO   e4 step  5150/5500  loss=0.0024  acc=0.9996  lr0=3.54e-07 lr1=1.77e-05
20:10:11 INFO   e4 step  5200/5500  loss=0.0023  acc=0.9996  lr0=3.03e-07 lr1=1.52e-05
20:10:23 INFO   e4 step  5250/5500  loss=0.0023  acc=0.9996  lr0=2.53e-07 lr1=1.26e-05
20:10:34 INFO   e4 step  5300/5500  loss=0.0023  acc=0.9996  lr0=2.02e-07 lr1=1.01e-05
20:10:45 INFO   e4 step  5350/5500  loss=0.0023  acc=0.9996  lr0=1.52e-07 lr1=7.58e-06
20:10:56 INFO   e4 step  5400/5500  loss=0.0023  acc=0.9996  lr0=1.01e-07 lr1=5.05e-06
20:11:07 INFO   e4 step  5450/5500  loss=0.0022  acc=0.9996  lr0=5.05e-08 lr1=2.53e-06
20:11:18 INFO   e4 step  5500/5500  loss=0.0022  acc=0.9996  lr0=0.00e+00 lr1=0.00e+00
20:11:46 INFO [epoch 4] train_loss=0.0022 train_acc=0.9996  val_loss=0.1296 val_acc=0.9870 val_auc=0.9899  elapsed=1261.8s
20:11:50 INFO   saved best.pt  val_acc=0.9870
20:11:52 INFO loading best.pt for test eval
20:12:22 INFO [test] loss=0.2921  acc=0.9705  auc=0.9726  f1=0.9707
20:12:22 INFO [test] per-tier-pair accuracy:
20:12:22 INFO         T2-T3  n= 1400  acc=0.9993
20:12:22 INFO         T3-T4  n= 1400  acc=0.9664
20:12:22 INFO         T4-T5  n= 1400  acc=0.9479
20:12:22 INFO         T5-T6  n= 1400  acc=0.9579
20:12:22 INFO         T6-T7  n= 1400  acc=0.9814
20:12:22 INFO         T7-T8  n= 1400  acc=0.9857
20:12:22 INFO         T8-T9  n= 1400  acc=0.9757
20:12:22 INFO        T9-T10  n= 1400  acc=0.9500
20:12:22 INFO [done] run_summary.json written to /mnt/localssd/baseline_sweep/runs/ajo_doc_not_tier1/e5-large-v2
