13:14:57 INFO run_dir=/mnt/localssd/baseline_sweep/runs/aep_causal_cls34/bge-large-en-v1.5
13:14:57 INFO device=cuda:0  bf16=True  physical_gpu=2  CUDA_VISIBLE_DEVICES=2
13:14:57 INFO dataset=aep_causal_cls34  model=bge-large-en-v1.5  backbone=BAAI/bge-large-en-v1.5
13:14:57 INFO tokenizer <- BAAI/bge-large-en-v1.5
Warning: You are sending unauthenticated requests to the HF Hub. Please set a HF_TOKEN to enable higher rate limits and faster downloads.
13:14:57 INFO split files: ['directional_train.jsonl', 'directional_val.jsonl', 'directional_test.jsonl']
13:14:57 INFO scanning max token length across all splits ...
13:16:12 INFO   observed_max=497 -> max_seq_len=512 (cap=512, scan=74.6s)
13:16:12 INFO loading datasets ...
13:16:13 INFO   schema=standard  train=110775  val=6004  test=6004
13:16:13 INFO building DirectionalClassifier  backbone=BAAI/bge-large-en-v1.5  head=MLP(4d->512->128->1, act=gelu, norm=layer, dropout=0.1)  n_tiers=0
Loading weights:   0%|          | 0/391 [00:00<?, ?it/s]Loading weights: 100%|██████████| 391/391 [00:00<00:00, 6292.29it/s]
Loading weights:   0%|          | 0/391 [00:00<?, ?it/s]Loading weights: 100%|██████████| 391/391 [00:00<00:00, 5668.14it/s]
13:16:15 INFO   hidden_size=1024  trainable_params=672,456,705
13:16:15 INFO   total_steps=27696  warmup_steps=2769
13:16:27 INFO   e1 step    50/6924  loss=0.7870  acc=0.5550  lr0=3.61e-07 lr1=1.81e-05
13:16:39 INFO   e1 step   100/6924  loss=0.7268  acc=0.5944  lr0=7.22e-07 lr1=3.61e-05
13:16:49 INFO   e1 step   150/6924  loss=0.6789  acc=0.6362  lr0=1.08e-06 lr1=5.42e-05
13:17:00 INFO   e1 step   200/6924  loss=0.6446  acc=0.6597  lr0=1.44e-06 lr1=7.22e-05
13:17:10 INFO   e1 step   250/6924  loss=0.6003  acc=0.6860  lr0=1.81e-06 lr1=9.03e-05
13:17:20 INFO   e1 step   300/6924  loss=0.5739  acc=0.7033  lr0=2.17e-06 lr1=1.08e-04
13:17:31 INFO   e1 step   350/6924  loss=0.5552  acc=0.7168  lr0=2.53e-06 lr1=1.26e-04
13:17:41 INFO   e1 step   400/6924  loss=0.5311  acc=0.7320  lr0=2.89e-06 lr1=1.44e-04
13:17:51 INFO   e1 step   450/6924  loss=0.5127  acc=0.7457  lr0=3.25e-06 lr1=1.63e-04
13:18:02 INFO   e1 step   500/6924  loss=0.4985  acc=0.7564  lr0=3.61e-06 lr1=1.81e-04
13:18:12 INFO   e1 step   550/6924  loss=0.4827  acc=0.7659  lr0=3.97e-06 lr1=1.99e-04
13:18:23 INFO   e1 step   600/6924  loss=0.4715  acc=0.7730  lr0=4.33e-06 lr1=2.17e-04
13:18:33 INFO   e1 step   650/6924  loss=0.4595  acc=0.7792  lr0=4.69e-06 lr1=2.35e-04
13:18:44 INFO   e1 step   700/6924  loss=0.4465  acc=0.7859  lr0=5.06e-06 lr1=2.53e-04
13:18:54 INFO   e1 step   750/6924  loss=0.4364  acc=0.7923  lr0=5.42e-06 lr1=2.71e-04
13:19:04 INFO   e1 step   800/6924  loss=0.4283  acc=0.7968  lr0=5.78e-06 lr1=2.89e-04
13:19:15 INFO   e1 step   850/6924  loss=0.4207  acc=0.8018  lr0=6.14e-06 lr1=3.07e-04
13:19:25 INFO   e1 step   900/6924  loss=0.4121  acc=0.8072  lr0=6.50e-06 lr1=3.25e-04
13:19:35 INFO   e1 step   950/6924  loss=0.4072  acc=0.8099  lr0=6.86e-06 lr1=3.43e-04
13:19:45 INFO   e1 step  1000/6924  loss=0.3989  acc=0.8144  lr0=7.22e-06 lr1=3.61e-04
13:19:55 INFO   e1 step  1050/6924  loss=0.3920  acc=0.8179  lr0=7.58e-06 lr1=3.79e-04
13:20:05 INFO   e1 step  1100/6924  loss=0.3865  acc=0.8208  lr0=7.95e-06 lr1=3.97e-04
13:20:16 INFO   e1 step  1150/6924  loss=0.3801  acc=0.8245  lr0=8.31e-06 lr1=4.15e-04
13:20:26 INFO   e1 step  1200/6924  loss=0.3729  acc=0.8284  lr0=8.67e-06 lr1=4.33e-04
13:20:36 INFO   e1 step  1250/6924  loss=0.3669  acc=0.8321  lr0=9.03e-06 lr1=4.51e-04
13:20:46 INFO   e1 step  1300/6924  loss=0.3624  acc=0.8350  lr0=9.39e-06 lr1=4.69e-04
13:20:56 INFO   e1 step  1350/6924  loss=0.3581  acc=0.8374  lr0=9.75e-06 lr1=4.88e-04
13:21:06 INFO   e1 step  1400/6924  loss=0.3516  acc=0.8407  lr0=1.01e-05 lr1=5.06e-04
13:21:17 INFO   e1 step  1450/6924  loss=0.3474  acc=0.8432  lr0=1.05e-05 lr1=5.24e-04
13:21:27 INFO   e1 step  1500/6924  loss=0.3437  acc=0.8459  lr0=1.08e-05 lr1=5.42e-04
13:21:37 INFO   e1 step  1550/6924  loss=0.3398  acc=0.8482  lr0=1.12e-05 lr1=5.60e-04
13:21:47 INFO   e1 step  1600/6924  loss=0.3353  acc=0.8505  lr0=1.16e-05 lr1=5.78e-04
13:21:57 INFO   e1 step  1650/6924  loss=0.3322  acc=0.8525  lr0=1.19e-05 lr1=5.96e-04
13:22:08 INFO   e1 step  1700/6924  loss=0.3279  acc=0.8550  lr0=1.23e-05 lr1=6.14e-04
13:22:18 INFO   e1 step  1750/6924  loss=0.3245  acc=0.8572  lr0=1.26e-05 lr1=6.32e-04
13:22:28 INFO   e1 step  1800/6924  loss=0.3203  acc=0.8595  lr0=1.30e-05 lr1=6.50e-04
13:22:38 INFO   e1 step  1850/6924  loss=0.3183  acc=0.8606  lr0=1.34e-05 lr1=6.68e-04
13:22:48 INFO   e1 step  1900/6924  loss=0.3142  acc=0.8630  lr0=1.37e-05 lr1=6.86e-04
13:22:58 INFO   e1 step  1950/6924  loss=0.3107  acc=0.8650  lr0=1.41e-05 lr1=7.04e-04
13:23:09 INFO   e1 step  2000/6924  loss=0.3074  acc=0.8669  lr0=1.44e-05 lr1=7.22e-04
13:23:19 INFO   e1 step  2050/6924  loss=0.3057  acc=0.8683  lr0=1.48e-05 lr1=7.40e-04
13:23:29 INFO   e1 step  2100/6924  loss=0.3032  acc=0.8695  lr0=1.52e-05 lr1=7.58e-04
13:23:39 INFO   e1 step  2150/6924  loss=0.2998  acc=0.8712  lr0=1.55e-05 lr1=7.76e-04
13:23:49 INFO   e1 step  2200/6924  loss=0.2968  acc=0.8729  lr0=1.59e-05 lr1=7.95e-04
13:23:59 INFO   e1 step  2250/6924  loss=0.2941  acc=0.8744  lr0=1.63e-05 lr1=8.13e-04
13:24:09 INFO   e1 step  2300/6924  loss=0.2910  acc=0.8759  lr0=1.66e-05 lr1=8.31e-04
13:24:19 INFO   e1 step  2350/6924  loss=0.2880  acc=0.8775  lr0=1.70e-05 lr1=8.49e-04
13:24:30 INFO   e1 step  2400/6924  loss=0.2855  acc=0.8790  lr0=1.73e-05 lr1=8.67e-04
13:24:40 INFO   e1 step  2450/6924  loss=0.2833  acc=0.8801  lr0=1.77e-05 lr1=8.85e-04
13:24:50 INFO   e1 step  2500/6924  loss=0.2808  acc=0.8813  lr0=1.81e-05 lr1=9.03e-04
13:25:00 INFO   e1 step  2550/6924  loss=0.2781  acc=0.8826  lr0=1.84e-05 lr1=9.21e-04
13:25:10 INFO   e1 step  2600/6924  loss=0.2768  acc=0.8836  lr0=1.88e-05 lr1=9.39e-04
13:25:20 INFO   e1 step  2650/6924  loss=0.2747  acc=0.8847  lr0=1.91e-05 lr1=9.57e-04
13:25:30 INFO   e1 step  2700/6924  loss=0.2720  acc=0.8859  lr0=1.95e-05 lr1=9.75e-04
13:25:40 INFO   e1 step  2750/6924  loss=0.2696  acc=0.8871  lr0=1.99e-05 lr1=9.93e-04
13:25:51 INFO   e1 step  2800/6924  loss=0.2678  acc=0.8883  lr0=2.00e-05 lr1=9.99e-04
13:26:01 INFO   e1 step  2850/6924  loss=0.2662  acc=0.8893  lr0=1.99e-05 lr1=9.97e-04
13:26:11 INFO   e1 step  2900/6924  loss=0.2634  acc=0.8907  lr0=1.99e-05 lr1=9.95e-04
13:26:21 INFO   e1 step  2950/6924  loss=0.2610  acc=0.8918  lr0=1.99e-05 lr1=9.93e-04
13:26:31 INFO   e1 step  3000/6924  loss=0.2591  acc=0.8928  lr0=1.98e-05 lr1=9.91e-04
13:26:41 INFO   e1 step  3050/6924  loss=0.2577  acc=0.8937  lr0=1.98e-05 lr1=9.89e-04
13:26:52 INFO   e1 step  3100/6924  loss=0.2556  acc=0.8948  lr0=1.97e-05 lr1=9.87e-04
13:27:02 INFO   e1 step  3150/6924  loss=0.2534  acc=0.8959  lr0=1.97e-05 lr1=9.85e-04
13:27:12 INFO   e1 step  3200/6924  loss=0.2516  acc=0.8968  lr0=1.97e-05 lr1=9.83e-04
13:27:22 INFO   e1 step  3250/6924  loss=0.2500  acc=0.8976  lr0=1.96e-05 lr1=9.81e-04
13:27:32 INFO   e1 step  3300/6924  loss=0.2479  acc=0.8985  lr0=1.96e-05 lr1=9.79e-04
13:27:42 INFO   e1 step  3350/6924  loss=0.2458  acc=0.8995  lr0=1.95e-05 lr1=9.77e-04
13:27:52 INFO   e1 step  3400/6924  loss=0.2442  acc=0.9003  lr0=1.95e-05 lr1=9.75e-04
13:28:02 INFO   e1 step  3450/6924  loss=0.2421  acc=0.9012  lr0=1.95e-05 lr1=9.73e-04
13:28:12 INFO   e1 step  3500/6924  loss=0.2405  acc=0.9020  lr0=1.94e-05 lr1=9.71e-04
13:28:23 INFO   e1 step  3550/6924  loss=0.2395  acc=0.9027  lr0=1.94e-05 lr1=9.69e-04
13:28:33 INFO   e1 step  3600/6924  loss=0.2375  acc=0.9036  lr0=1.93e-05 lr1=9.67e-04
13:28:43 INFO   e1 step  3650/6924  loss=0.2362  acc=0.9043  lr0=1.93e-05 lr1=9.65e-04
13:28:53 INFO   e1 step  3700/6924  loss=0.2345  acc=0.9051  lr0=1.93e-05 lr1=9.63e-04
13:29:03 INFO   e1 step  3750/6924  loss=0.2332  acc=0.9058  lr0=1.92e-05 lr1=9.61e-04
13:29:13 INFO   e1 step  3800/6924  loss=0.2315  acc=0.9066  lr0=1.92e-05 lr1=9.59e-04
13:29:23 INFO   e1 step  3850/6924  loss=0.2295  acc=0.9075  lr0=1.91e-05 lr1=9.57e-04
13:29:34 INFO   e1 step  3900/6924  loss=0.2282  acc=0.9082  lr0=1.91e-05 lr1=9.55e-04
13:29:44 INFO   e1 step  3950/6924  loss=0.2265  acc=0.9089  lr0=1.91e-05 lr1=9.53e-04
13:29:54 INFO   e1 step  4000/6924  loss=0.2245  acc=0.9097  lr0=1.90e-05 lr1=9.51e-04
13:30:04 INFO   e1 step  4050/6924  loss=0.2231  acc=0.9104  lr0=1.90e-05 lr1=9.49e-04
13:30:14 INFO   e1 step  4100/6924  loss=0.2216  acc=0.9110  lr0=1.89e-05 lr1=9.47e-04
13:30:24 INFO   e1 step  4150/6924  loss=0.2197  acc=0.9118  lr0=1.89e-05 lr1=9.45e-04
13:30:34 INFO   e1 step  4200/6924  loss=0.2184  acc=0.9124  lr0=1.89e-05 lr1=9.43e-04
13:30:44 INFO   e1 step  4250/6924  loss=0.2171  acc=0.9130  lr0=1.88e-05 lr1=9.41e-04
13:30:55 INFO   e1 step  4300/6924  loss=0.2158  acc=0.9136  lr0=1.88e-05 lr1=9.39e-04
13:31:05 INFO   e1 step  4350/6924  loss=0.2141  acc=0.9143  lr0=1.87e-05 lr1=9.37e-04
13:31:15 INFO   e1 step  4400/6924  loss=0.2124  acc=0.9150  lr0=1.87e-05 lr1=9.35e-04
13:31:25 INFO   e1 step  4450/6924  loss=0.2108  acc=0.9156  lr0=1.87e-05 lr1=9.33e-04
13:31:35 INFO   e1 step  4500/6924  loss=0.2096  acc=0.9162  lr0=1.86e-05 lr1=9.31e-04
13:31:46 INFO   e1 step  4550/6924  loss=0.2082  acc=0.9169  lr0=1.86e-05 lr1=9.29e-04
13:31:56 INFO   e1 step  4600/6924  loss=0.2070  acc=0.9175  lr0=1.85e-05 lr1=9.27e-04
13:32:07 INFO   e1 step  4650/6924  loss=0.2056  acc=0.9181  lr0=1.85e-05 lr1=9.25e-04
13:32:17 INFO   e1 step  4700/6924  loss=0.2041  acc=0.9186  lr0=1.85e-05 lr1=9.23e-04
13:32:28 INFO   e1 step  4750/6924  loss=0.2026  acc=0.9193  lr0=1.84e-05 lr1=9.21e-04
13:32:38 INFO   e1 step  4800/6924  loss=0.2012  acc=0.9199  lr0=1.84e-05 lr1=9.19e-04
13:32:49 INFO   e1 step  4850/6924  loss=0.2001  acc=0.9204  lr0=1.83e-05 lr1=9.17e-04
13:32:59 INFO   e1 step  4900/6924  loss=0.1987  acc=0.9210  lr0=1.83e-05 lr1=9.15e-04
13:33:10 INFO   e1 step  4950/6924  loss=0.1974  acc=0.9216  lr0=1.83e-05 lr1=9.13e-04
13:33:20 INFO   e1 step  5000/6924  loss=0.1960  acc=0.9221  lr0=1.82e-05 lr1=9.10e-04
13:33:31 INFO   e1 step  5050/6924  loss=0.1950  acc=0.9226  lr0=1.82e-05 lr1=9.08e-04
13:33:41 INFO   e1 step  5100/6924  loss=0.1935  acc=0.9231  lr0=1.81e-05 lr1=9.06e-04
13:33:52 INFO   e1 step  5150/6924  loss=0.1923  acc=0.9237  lr0=1.81e-05 lr1=9.04e-04
13:34:02 INFO   e1 step  5200/6924  loss=0.1915  acc=0.9240  lr0=1.80e-05 lr1=9.02e-04
13:34:13 INFO   e1 step  5250/6924  loss=0.1901  acc=0.9245  lr0=1.80e-05 lr1=9.00e-04
13:34:24 INFO   e1 step  5300/6924  loss=0.1889  acc=0.9251  lr0=1.80e-05 lr1=8.98e-04
13:34:34 INFO   e1 step  5350/6924  loss=0.1880  acc=0.9254  lr0=1.79e-05 lr1=8.96e-04
13:34:45 INFO   e1 step  5400/6924  loss=0.1870  acc=0.9259  lr0=1.79e-05 lr1=8.94e-04
13:34:55 INFO   e1 step  5450/6924  loss=0.1860  acc=0.9264  lr0=1.78e-05 lr1=8.92e-04
13:35:06 INFO   e1 step  5500/6924  loss=0.1849  acc=0.9268  lr0=1.78e-05 lr1=8.90e-04
13:35:16 INFO   e1 step  5550/6924  loss=0.1835  acc=0.9273  lr0=1.78e-05 lr1=8.88e-04
13:35:27 INFO   e1 step  5600/6924  loss=0.1825  acc=0.9277  lr0=1.77e-05 lr1=8.86e-04
13:35:37 INFO   e1 step  5650/6924  loss=0.1815  acc=0.9282  lr0=1.77e-05 lr1=8.84e-04
13:35:48 INFO   e1 step  5700/6924  loss=0.1806  acc=0.9286  lr0=1.76e-05 lr1=8.82e-04
13:35:58 INFO   e1 step  5750/6924  loss=0.1795  acc=0.9290  lr0=1.76e-05 lr1=8.80e-04
13:36:08 INFO   e1 step  5800/6924  loss=0.1788  acc=0.9293  lr0=1.76e-05 lr1=8.78e-04
13:36:18 INFO   e1 step  5850/6924  loss=0.1778  acc=0.9298  lr0=1.75e-05 lr1=8.76e-04
13:36:28 INFO   e1 step  5900/6924  loss=0.1769  acc=0.9302  lr0=1.75e-05 lr1=8.74e-04
13:36:38 INFO   e1 step  5950/6924  loss=0.1758  acc=0.9307  lr0=1.74e-05 lr1=8.72e-04
13:36:49 INFO   e1 step  6000/6924  loss=0.1751  acc=0.9310  lr0=1.74e-05 lr1=8.70e-04
13:36:59 INFO   e1 step  6050/6924  loss=0.1745  acc=0.9313  lr0=1.74e-05 lr1=8.68e-04
13:37:09 INFO   e1 step  6100/6924  loss=0.1735  acc=0.9316  lr0=1.73e-05 lr1=8.66e-04
13:37:19 INFO   e1 step  6150/6924  loss=0.1727  acc=0.9320  lr0=1.73e-05 lr1=8.64e-04
13:37:29 INFO   e1 step  6200/6924  loss=0.1719  acc=0.9323  lr0=1.72e-05 lr1=8.62e-04
13:37:40 INFO   e1 step  6250/6924  loss=0.1709  acc=0.9327  lr0=1.72e-05 lr1=8.60e-04
13:37:50 INFO   e1 step  6300/6924  loss=0.1700  acc=0.9331  lr0=1.72e-05 lr1=8.58e-04
13:38:00 INFO   e1 step  6350/6924  loss=0.1692  acc=0.9334  lr0=1.71e-05 lr1=8.56e-04
13:38:11 INFO   e1 step  6400/6924  loss=0.1683  acc=0.9338  lr0=1.71e-05 lr1=8.54e-04
13:38:21 INFO   e1 step  6450/6924  loss=0.1676  acc=0.9341  lr0=1.70e-05 lr1=8.52e-04
13:38:31 INFO   e1 step  6500/6924  loss=0.1667  acc=0.9344  lr0=1.70e-05 lr1=8.50e-04
13:38:41 INFO   e1 step  6550/6924  loss=0.1659  acc=0.9348  lr0=1.70e-05 lr1=8.48e-04
13:38:51 INFO   e1 step  6600/6924  loss=0.1650  acc=0.9351  lr0=1.69e-05 lr1=8.46e-04
13:39:01 INFO   e1 step  6650/6924  loss=0.1641  acc=0.9355  lr0=1.69e-05 lr1=8.44e-04
13:39:12 INFO   e1 step  6700/6924  loss=0.1635  acc=0.9358  lr0=1.68e-05 lr1=8.42e-04
13:39:22 INFO   e1 step  6750/6924  loss=0.1626  acc=0.9361  lr0=1.68e-05 lr1=8.40e-04
13:39:32 INFO   e1 step  6800/6924  loss=0.1620  acc=0.9365  lr0=1.68e-05 lr1=8.38e-04
13:39:42 INFO   e1 step  6850/6924  loss=0.1611  acc=0.9369  lr0=1.67e-05 lr1=8.36e-04
13:39:52 INFO   e1 step  6900/6924  loss=0.1604  acc=0.9371  lr0=1.67e-05 lr1=8.34e-04
13:40:09 INFO [epoch 1] train_loss=0.1599 train_acc=0.9373  val_loss=0.6016 val_acc=0.8914 val_auc=0.9349  elapsed=1433.9s
13:40:13 INFO   saved best.pt  val_acc=0.8914
13:40:23 INFO   e2 step    50/6924  loss=0.0331  acc=0.9825  lr0=1.66e-05 lr1=8.31e-04
13:40:33 INFO   e2 step   100/6924  loss=0.0325  acc=0.9844  lr0=1.66e-05 lr1=8.29e-04
13:40:43 INFO   e2 step   150/6924  loss=0.0490  acc=0.9812  lr0=1.65e-05 lr1=8.27e-04
13:40:54 INFO   e2 step   200/6924  loss=0.0520  acc=0.9812  lr0=1.65e-05 lr1=8.25e-04
13:41:04 INFO   e2 step   250/6924  loss=0.0569  acc=0.9795  lr0=1.65e-05 lr1=8.23e-04
13:41:14 INFO   e2 step   300/6924  loss=0.0539  acc=0.9802  lr0=1.64e-05 lr1=8.21e-04
13:41:24 INFO   e2 step   350/6924  loss=0.0542  acc=0.9809  lr0=1.64e-05 lr1=8.19e-04
13:41:34 INFO   e2 step   400/6924  loss=0.0525  acc=0.9806  lr0=1.63e-05 lr1=8.17e-04
13:41:44 INFO   e2 step   450/6924  loss=0.0553  acc=0.9799  lr0=1.63e-05 lr1=8.15e-04
13:41:54 INFO   e2 step   500/6924  loss=0.0554  acc=0.9806  lr0=1.63e-05 lr1=8.13e-04
13:42:04 INFO   e2 step   550/6924  loss=0.0546  acc=0.9803  lr0=1.62e-05 lr1=8.11e-04
13:42:15 INFO   e2 step   600/6924  loss=0.0564  acc=0.9802  lr0=1.62e-05 lr1=8.09e-04
13:42:25 INFO   e2 step   650/6924  loss=0.0584  acc=0.9803  lr0=1.61e-05 lr1=8.07e-04
13:42:35 INFO   e2 step   700/6924  loss=0.0576  acc=0.9805  lr0=1.61e-05 lr1=8.05e-04
13:42:45 INFO   e2 step   750/6924  loss=0.0564  acc=0.9810  lr0=1.61e-05 lr1=8.03e-04
13:42:55 INFO   e2 step   800/6924  loss=0.0561  acc=0.9814  lr0=1.60e-05 lr1=8.01e-04
13:43:06 INFO   e2 step   850/6924  loss=0.0552  acc=0.9815  lr0=1.60e-05 lr1=7.99e-04
13:43:16 INFO   e2 step   900/6924  loss=0.0547  acc=0.9819  lr0=1.59e-05 lr1=7.97e-04
13:43:27 INFO   e2 step   950/6924  loss=0.0545  acc=0.9819  lr0=1.59e-05 lr1=7.95e-04
13:43:37 INFO   e2 step  1000/6924  loss=0.0543  acc=0.9817  lr0=1.59e-05 lr1=7.93e-04
13:43:48 INFO   e2 step  1050/6924  loss=0.0541  acc=0.9816  lr0=1.58e-05 lr1=7.91e-04
13:43:58 INFO   e2 step  1100/6924  loss=0.0545  acc=0.9814  lr0=1.58e-05 lr1=7.89e-04
13:44:09 INFO   e2 step  1150/6924  loss=0.0536  acc=0.9817  lr0=1.57e-05 lr1=7.87e-04
13:44:19 INFO   e2 step  1200/6924  loss=0.0528  acc=0.9820  lr0=1.57e-05 lr1=7.85e-04
13:44:29 INFO   e2 step  1250/6924  loss=0.0527  acc=0.9819  lr0=1.57e-05 lr1=7.83e-04
13:44:40 INFO   e2 step  1300/6924  loss=0.0526  acc=0.9817  lr0=1.56e-05 lr1=7.81e-04
13:44:50 INFO   e2 step  1350/6924  loss=0.0520  acc=0.9819  lr0=1.56e-05 lr1=7.79e-04
13:45:00 INFO   e2 step  1400/6924  loss=0.0512  acc=0.9822  lr0=1.55e-05 lr1=7.77e-04
13:45:11 INFO   e2 step  1450/6924  loss=0.0509  acc=0.9823  lr0=1.55e-05 lr1=7.75e-04
13:45:21 INFO   e2 step  1500/6924  loss=0.0518  acc=0.9822  lr0=1.55e-05 lr1=7.73e-04
13:45:32 INFO   e2 step  1550/6924  loss=0.0514  acc=0.9823  lr0=1.54e-05 lr1=7.71e-04
13:45:42 INFO   e2 step  1600/6924  loss=0.0520  acc=0.9821  lr0=1.54e-05 lr1=7.69e-04
13:45:53 INFO   e2 step  1650/6924  loss=0.0519  acc=0.9822  lr0=1.53e-05 lr1=7.67e-04
13:46:03 INFO   e2 step  1700/6924  loss=0.0521  acc=0.9821  lr0=1.53e-05 lr1=7.65e-04
13:46:13 INFO   e2 step  1750/6924  loss=0.0516  acc=0.9822  lr0=1.53e-05 lr1=7.63e-04
13:46:24 INFO   e2 step  1800/6924  loss=0.0513  acc=0.9824  lr0=1.52e-05 lr1=7.61e-04
13:46:34 INFO   e2 step  1850/6924  loss=0.0510  acc=0.9824  lr0=1.52e-05 lr1=7.59e-04
13:46:45 INFO   e2 step  1900/6924  loss=0.0509  acc=0.9825  lr0=1.51e-05 lr1=7.57e-04
13:46:55 INFO   e2 step  1950/6924  loss=0.0513  acc=0.9823  lr0=1.51e-05 lr1=7.55e-04
13:47:06 INFO   e2 step  2000/6924  loss=0.0507  acc=0.9824  lr0=1.51e-05 lr1=7.53e-04
13:47:16 INFO   e2 step  2050/6924  loss=0.0502  acc=0.9825  lr0=1.50e-05 lr1=7.51e-04
13:47:26 INFO   e2 step  2100/6924  loss=0.0499  acc=0.9826  lr0=1.50e-05 lr1=7.49e-04
13:47:37 INFO   e2 step  2150/6924  loss=0.0495  acc=0.9828  lr0=1.49e-05 lr1=7.47e-04
13:47:47 INFO   e2 step  2200/6924  loss=0.0492  acc=0.9828  lr0=1.49e-05 lr1=7.45e-04
13:47:58 INFO   e2 step  2250/6924  loss=0.0488  acc=0.9829  lr0=1.49e-05 lr1=7.43e-04
13:48:08 INFO   e2 step  2300/6924  loss=0.0486  acc=0.9831  lr0=1.48e-05 lr1=7.41e-04
13:48:19 INFO   e2 step  2350/6924  loss=0.0483  acc=0.9832  lr0=1.48e-05 lr1=7.39e-04
13:48:29 INFO   e2 step  2400/6924  loss=0.0483  acc=0.9832  lr0=1.47e-05 lr1=7.37e-04
13:48:40 INFO   e2 step  2450/6924  loss=0.0481  acc=0.9833  lr0=1.47e-05 lr1=7.35e-04
13:48:50 INFO   e2 step  2500/6924  loss=0.0483  acc=0.9832  lr0=1.47e-05 lr1=7.33e-04
13:49:01 INFO   e2 step  2550/6924  loss=0.0484  acc=0.9833  lr0=1.46e-05 lr1=7.31e-04
13:49:11 INFO   e2 step  2600/6924  loss=0.0482  acc=0.9834  lr0=1.46e-05 lr1=7.29e-04
13:49:21 INFO   e2 step  2650/6924  loss=0.0485  acc=0.9833  lr0=1.45e-05 lr1=7.27e-04
13:49:31 INFO   e2 step  2700/6924  loss=0.0482  acc=0.9835  lr0=1.45e-05 lr1=7.25e-04
13:49:42 INFO   e2 step  2750/6924  loss=0.0479  acc=0.9836  lr0=1.45e-05 lr1=7.23e-04
13:49:52 INFO   e2 step  2800/6924  loss=0.0484  acc=0.9835  lr0=1.44e-05 lr1=7.21e-04
13:50:02 INFO   e2 step  2850/6924  loss=0.0481  acc=0.9836  lr0=1.44e-05 lr1=7.19e-04
13:50:13 INFO   e2 step  2900/6924  loss=0.0483  acc=0.9836  lr0=1.43e-05 lr1=7.17e-04
13:50:23 INFO   e2 step  2950/6924  loss=0.0484  acc=0.9835  lr0=1.43e-05 lr1=7.15e-04
13:50:34 INFO   e2 step  3000/6924  loss=0.0486  acc=0.9833  lr0=1.43e-05 lr1=7.13e-04
13:50:45 INFO   e2 step  3050/6924  loss=0.0488  acc=0.9833  lr0=1.42e-05 lr1=7.11e-04
13:50:55 INFO   e2 step  3100/6924  loss=0.0489  acc=0.9832  lr0=1.42e-05 lr1=7.09e-04
13:51:06 INFO   e2 step  3150/6924  loss=0.0485  acc=0.9833  lr0=1.41e-05 lr1=7.07e-04
13:51:16 INFO   e2 step  3200/6924  loss=0.0486  acc=0.9832  lr0=1.41e-05 lr1=7.05e-04
13:51:27 INFO   e2 step  3250/6924  loss=0.0483  acc=0.9833  lr0=1.41e-05 lr1=7.03e-04
13:51:37 INFO   e2 step  3300/6924  loss=0.0479  acc=0.9834  lr0=1.40e-05 lr1=7.01e-04
13:51:48 INFO   e2 step  3350/6924  loss=0.0475  acc=0.9834  lr0=1.40e-05 lr1=6.99e-04
13:51:58 INFO   e2 step  3400/6924  loss=0.0472  acc=0.9835  lr0=1.39e-05 lr1=6.97e-04
13:52:08 INFO   e2 step  3450/6924  loss=0.0469  acc=0.9836  lr0=1.39e-05 lr1=6.95e-04
13:52:19 INFO   e2 step  3500/6924  loss=0.0466  acc=0.9836  lr0=1.39e-05 lr1=6.93e-04
13:52:29 INFO   e2 step  3550/6924  loss=0.0463  acc=0.9837  lr0=1.38e-05 lr1=6.91e-04
13:52:40 INFO   e2 step  3600/6924  loss=0.0461  acc=0.9838  lr0=1.38e-05 lr1=6.89e-04
13:52:51 INFO   e2 step  3650/6924  loss=0.0461  acc=0.9838  lr0=1.37e-05 lr1=6.87e-04
13:53:01 INFO   e2 step  3700/6924  loss=0.0462  acc=0.9837  lr0=1.37e-05 lr1=6.85e-04
13:53:11 INFO   e2 step  3750/6924  loss=0.0461  acc=0.9837  lr0=1.37e-05 lr1=6.83e-04
13:53:22 INFO   e2 step  3800/6924  loss=0.0460  acc=0.9837  lr0=1.36e-05 lr1=6.81e-04
13:53:32 INFO   e2 step  3850/6924  loss=0.0457  acc=0.9837  lr0=1.36e-05 lr1=6.79e-04
13:53:43 INFO   e2 step  3900/6924  loss=0.0455  acc=0.9838  lr0=1.35e-05 lr1=6.77e-04
13:53:54 INFO   e2 step  3950/6924  loss=0.0456  acc=0.9838  lr0=1.35e-05 lr1=6.75e-04
13:54:04 INFO   e2 step  4000/6924  loss=0.0452  acc=0.9838  lr0=1.35e-05 lr1=6.73e-04
13:54:15 INFO   e2 step  4050/6924  loss=0.0451  acc=0.9839  lr0=1.34e-05 lr1=6.71e-04
13:54:25 INFO   e2 step  4100/6924  loss=0.0449  acc=0.9839  lr0=1.34e-05 lr1=6.69e-04
13:54:36 INFO   e2 step  4150/6924  loss=0.0447  acc=0.9839  lr0=1.33e-05 lr1=6.67e-04
13:54:46 INFO   e2 step  4200/6924  loss=0.0446  acc=0.9840  lr0=1.33e-05 lr1=6.65e-04
13:54:57 INFO   e2 step  4250/6924  loss=0.0445  acc=0.9840  lr0=1.33e-05 lr1=6.63e-04
13:55:07 INFO   e2 step  4300/6924  loss=0.0443  acc=0.9841  lr0=1.32e-05 lr1=6.61e-04
13:55:17 INFO   e2 step  4350/6924  loss=0.0442  acc=0.9842  lr0=1.32e-05 lr1=6.59e-04
13:55:28 INFO   e2 step  4400/6924  loss=0.0441  acc=0.9842  lr0=1.31e-05 lr1=6.57e-04
13:55:38 INFO   e2 step  4450/6924  loss=0.0439  acc=0.9842  lr0=1.31e-05 lr1=6.55e-04
13:55:49 INFO   e2 step  4500/6924  loss=0.0439  acc=0.9842  lr0=1.31e-05 lr1=6.53e-04
13:56:00 INFO   e2 step  4550/6924  loss=0.0439  acc=0.9842  lr0=1.30e-05 lr1=6.51e-04
13:56:11 INFO   e2 step  4600/6924  loss=0.0438  acc=0.9843  lr0=1.30e-05 lr1=6.49e-04
13:56:21 INFO   e2 step  4650/6924  loss=0.0438  acc=0.9843  lr0=1.29e-05 lr1=6.47e-04
13:56:31 INFO   e2 step  4700/6924  loss=0.0436  acc=0.9844  lr0=1.29e-05 lr1=6.45e-04
13:56:42 INFO   e2 step  4750/6924  loss=0.0437  acc=0.9843  lr0=1.29e-05 lr1=6.43e-04
13:56:52 INFO   e2 step  4800/6924  loss=0.0436  acc=0.9843  lr0=1.28e-05 lr1=6.41e-04
13:57:03 INFO   e2 step  4850/6924  loss=0.0434  acc=0.9844  lr0=1.28e-05 lr1=6.39e-04
13:57:13 INFO   e2 step  4900/6924  loss=0.0433  acc=0.9844  lr0=1.27e-05 lr1=6.37e-04
13:57:24 INFO   e2 step  4950/6924  loss=0.0432  acc=0.9844  lr0=1.27e-05 lr1=6.35e-04
13:57:34 INFO   e2 step  5000/6924  loss=0.0432  acc=0.9844  lr0=1.27e-05 lr1=6.33e-04
13:57:45 INFO   e2 step  5050/6924  loss=0.0433  acc=0.9844  lr0=1.26e-05 lr1=6.31e-04
13:57:55 INFO   e2 step  5100/6924  loss=0.0432  acc=0.9844  lr0=1.26e-05 lr1=6.29e-04
13:58:05 INFO   e2 step  5150/6924  loss=0.0432  acc=0.9844  lr0=1.25e-05 lr1=6.27e-04
13:58:16 INFO   e2 step  5200/6924  loss=0.0433  acc=0.9843  lr0=1.25e-05 lr1=6.25e-04
13:58:26 INFO   e2 step  5250/6924  loss=0.0434  acc=0.9843  lr0=1.25e-05 lr1=6.23e-04
13:58:36 INFO   e2 step  5300/6924  loss=0.0433  acc=0.9843  lr0=1.24e-05 lr1=6.21e-04
13:58:47 INFO   e2 step  5350/6924  loss=0.0432  acc=0.9843  lr0=1.24e-05 lr1=6.19e-04
13:58:58 INFO   e2 step  5400/6924  loss=0.0434  acc=0.9843  lr0=1.23e-05 lr1=6.17e-04
13:59:08 INFO   e2 step  5450/6924  loss=0.0434  acc=0.9843  lr0=1.23e-05 lr1=6.15e-04
13:59:18 INFO   e2 step  5500/6924  loss=0.0433  acc=0.9843  lr0=1.23e-05 lr1=6.13e-04
13:59:29 INFO   e2 step  5550/6924  loss=0.0431  acc=0.9844  lr0=1.22e-05 lr1=6.11e-04
13:59:39 INFO   e2 step  5600/6924  loss=0.0431  acc=0.9844  lr0=1.22e-05 lr1=6.09e-04
13:59:50 INFO   e2 step  5650/6924  loss=0.0429  acc=0.9844  lr0=1.21e-05 lr1=6.07e-04
14:00:01 INFO   e2 step  5700/6924  loss=0.0428  acc=0.9844  lr0=1.21e-05 lr1=6.05e-04
14:00:11 INFO   e2 step  5750/6924  loss=0.0427  acc=0.9844  lr0=1.21e-05 lr1=6.03e-04
14:00:22 INFO   e2 step  5800/6924  loss=0.0427  acc=0.9845  lr0=1.20e-05 lr1=6.01e-04
14:00:33 INFO   e2 step  5850/6924  loss=0.0426  acc=0.9845  lr0=1.20e-05 lr1=5.99e-04
14:00:43 INFO   e2 step  5900/6924  loss=0.0427  acc=0.9845  lr0=1.19e-05 lr1=5.97e-04
14:00:54 INFO   e2 step  5950/6924  loss=0.0424  acc=0.9846  lr0=1.19e-05 lr1=5.95e-04
14:01:05 INFO   e2 step  6000/6924  loss=0.0423  acc=0.9847  lr0=1.19e-05 lr1=5.93e-04
14:01:15 INFO   e2 step  6050/6924  loss=0.0422  acc=0.9847  lr0=1.18e-05 lr1=5.91e-04
14:01:25 INFO   e2 step  6100/6924  loss=0.0422  acc=0.9847  lr0=1.18e-05 lr1=5.89e-04
14:01:36 INFO   e2 step  6150/6924  loss=0.0420  acc=0.9847  lr0=1.17e-05 lr1=5.87e-04
14:01:47 INFO   e2 step  6200/6924  loss=0.0422  acc=0.9847  lr0=1.17e-05 lr1=5.85e-04
14:01:57 INFO   e2 step  6250/6924  loss=0.0420  acc=0.9847  lr0=1.17e-05 lr1=5.83e-04
14:02:08 INFO   e2 step  6300/6924  loss=0.0420  acc=0.9847  lr0=1.16e-05 lr1=5.81e-04
14:02:18 INFO   e2 step  6350/6924  loss=0.0422  acc=0.9847  lr0=1.16e-05 lr1=5.79e-04
14:02:28 INFO   e2 step  6400/6924  loss=0.0421  acc=0.9847  lr0=1.15e-05 lr1=5.77e-04
14:02:39 INFO   e2 step  6450/6924  loss=0.0420  acc=0.9847  lr0=1.15e-05 lr1=5.75e-04
14:02:49 INFO   e2 step  6500/6924  loss=0.0418  acc=0.9848  lr0=1.15e-05 lr1=5.73e-04
14:02:59 INFO   e2 step  6550/6924  loss=0.0418  acc=0.9848  lr0=1.14e-05 lr1=5.71e-04
14:03:10 INFO   e2 step  6600/6924  loss=0.0417  acc=0.9848  lr0=1.14e-05 lr1=5.69e-04
14:03:20 INFO   e2 step  6650/6924  loss=0.0416  acc=0.9848  lr0=1.13e-05 lr1=5.67e-04
14:03:30 INFO   e2 step  6700/6924  loss=0.0416  acc=0.9848  lr0=1.13e-05 lr1=5.65e-04
14:03:41 INFO   e2 step  6750/6924  loss=0.0414  acc=0.9849  lr0=1.13e-05 lr1=5.63e-04
14:03:51 INFO   e2 step  6800/6924  loss=0.0413  acc=0.9849  lr0=1.12e-05 lr1=5.61e-04
14:04:02 INFO   e2 step  6850/6924  loss=0.0411  acc=0.9850  lr0=1.12e-05 lr1=5.59e-04
14:04:12 INFO   e2 step  6900/6924  loss=0.0410  acc=0.9850  lr0=1.11e-05 lr1=5.57e-04
14:04:29 INFO [epoch 2] train_loss=0.0411 train_acc=0.9850  val_loss=0.9558 val_acc=0.8729 val_auc=0.9014  elapsed=1456.6s
14:04:40 INFO   e3 step    50/6924  loss=0.0241  acc=0.9875  lr0=1.11e-05 lr1=5.54e-04
14:04:52 INFO   e3 step   100/6924  loss=0.0223  acc=0.9881  lr0=1.10e-05 lr1=5.52e-04
14:05:02 INFO   e3 step   150/6924  loss=0.0209  acc=0.9883  lr0=1.10e-05 lr1=5.50e-04
14:05:12 INFO   e3 step   200/6924  loss=0.0265  acc=0.9872  lr0=1.10e-05 lr1=5.48e-04
14:05:23 INFO   e3 step   250/6924  loss=0.0291  acc=0.9855  lr0=1.09e-05 lr1=5.46e-04
14:05:33 INFO   e3 step   300/6924  loss=0.0276  acc=0.9856  lr0=1.09e-05 lr1=5.44e-04
14:05:43 INFO   e3 step   350/6924  loss=0.0276  acc=0.9855  lr0=1.08e-05 lr1=5.42e-04
14:05:54 INFO   e3 step   400/6924  loss=0.0262  acc=0.9864  lr0=1.08e-05 lr1=5.39e-04
14:06:04 INFO   e3 step   450/6924  loss=0.0273  acc=0.9864  lr0=1.07e-05 lr1=5.37e-04
14:06:14 INFO   e3 step   500/6924  loss=0.0272  acc=0.9870  lr0=1.07e-05 lr1=5.35e-04
14:06:25 INFO   e3 step   550/6924  loss=0.0278  acc=0.9869  lr0=1.07e-05 lr1=5.33e-04
14:06:35 INFO   e3 step   600/6924  loss=0.0285  acc=0.9871  lr0=1.06e-05 lr1=5.31e-04
14:06:45 INFO   e3 step   650/6924  loss=0.0290  acc=0.9867  lr0=1.06e-05 lr1=5.29e-04
14:06:55 INFO   e3 step   700/6924  loss=0.0294  acc=0.9867  lr0=1.05e-05 lr1=5.27e-04
14:07:06 INFO   e3 step   750/6924  loss=0.0295  acc=0.9870  lr0=1.05e-05 lr1=5.25e-04
14:07:16 INFO   e3 step   800/6924  loss=0.0293  acc=0.9872  lr0=1.05e-05 lr1=5.23e-04
14:07:26 INFO   e3 step   850/6924  loss=0.0294  acc=0.9872  lr0=1.04e-05 lr1=5.21e-04
14:07:37 INFO   e3 step   900/6924  loss=0.0284  acc=0.9878  lr0=1.04e-05 lr1=5.19e-04
14:07:47 INFO   e3 step   950/6924  loss=0.0284  acc=0.9877  lr0=1.03e-05 lr1=5.17e-04
14:07:58 INFO   e3 step  1000/6924  loss=0.0288  acc=0.9873  lr0=1.03e-05 lr1=5.15e-04
14:08:08 INFO   e3 step  1050/6924  loss=0.0286  acc=0.9876  lr0=1.03e-05 lr1=5.13e-04
14:08:18 INFO   e3 step  1100/6924  loss=0.0285  acc=0.9877  lr0=1.02e-05 lr1=5.11e-04
14:08:29 INFO   e3 step  1150/6924  loss=0.0280  acc=0.9880  lr0=1.02e-05 lr1=5.09e-04
14:08:39 INFO   e3 step  1200/6924  loss=0.0284  acc=0.9879  lr0=1.01e-05 lr1=5.07e-04
14:08:49 INFO   e3 step  1250/6924  loss=0.0281  acc=0.9880  lr0=1.01e-05 lr1=5.05e-04
14:09:00 INFO   e3 step  1300/6924  loss=0.0284  acc=0.9879  lr0=1.01e-05 lr1=5.03e-04
14:09:10 INFO   e3 step  1350/6924  loss=0.0284  acc=0.9877  lr0=1.00e-05 lr1=5.01e-04
14:09:20 INFO   e3 step  1400/6924  loss=0.0281  acc=0.9878  lr0=9.99e-06 lr1=4.99e-04
14:09:30 INFO   e3 step  1450/6924  loss=0.0281  acc=0.9876  lr0=9.95e-06 lr1=4.97e-04
14:09:41 INFO   e3 step  1500/6924  loss=0.0281  acc=0.9875  lr0=9.91e-06 lr1=4.95e-04
14:09:51 INFO   e3 step  1550/6924  loss=0.0276  acc=0.9877  lr0=9.87e-06 lr1=4.93e-04
14:10:01 INFO   e3 step  1600/6924  loss=0.0275  acc=0.9877  lr0=9.83e-06 lr1=4.91e-04
14:10:12 INFO   e3 step  1650/6924  loss=0.0277  acc=0.9875  lr0=9.79e-06 lr1=4.89e-04
14:10:22 INFO   e3 step  1700/6924  loss=0.0276  acc=0.9875  lr0=9.75e-06 lr1=4.87e-04
14:10:33 INFO   e3 step  1750/6924  loss=0.0272  acc=0.9876  lr0=9.71e-06 lr1=4.85e-04
14:10:43 INFO   e3 step  1800/6924  loss=0.0275  acc=0.9875  lr0=9.67e-06 lr1=4.83e-04
14:10:54 INFO   e3 step  1850/6924  loss=0.0273  acc=0.9876  lr0=9.63e-06 lr1=4.81e-04
14:11:04 INFO   e3 step  1900/6924  loss=0.0282  acc=0.9874  lr0=9.59e-06 lr1=4.79e-04
14:11:15 INFO   e3 step  1950/6924  loss=0.0282  acc=0.9873  lr0=9.55e-06 lr1=4.77e-04
14:11:25 INFO   e3 step  2000/6924  loss=0.0280  acc=0.9874  lr0=9.51e-06 lr1=4.75e-04
14:11:35 INFO   e3 step  2050/6924  loss=0.0279  acc=0.9872  lr0=9.47e-06 lr1=4.73e-04
14:11:46 INFO   e3 step  2100/6924  loss=0.0277  acc=0.9872  lr0=9.43e-06 lr1=4.71e-04
14:11:56 INFO   e3 step  2150/6924  loss=0.0275  acc=0.9873  lr0=9.39e-06 lr1=4.69e-04
14:12:07 INFO   e3 step  2200/6924  loss=0.0277  acc=0.9873  lr0=9.35e-06 lr1=4.67e-04
14:12:17 INFO   e3 step  2250/6924  loss=0.0277  acc=0.9873  lr0=9.31e-06 lr1=4.65e-04
14:12:27 INFO   e3 step  2300/6924  loss=0.0276  acc=0.9872  lr0=9.27e-06 lr1=4.63e-04
14:12:38 INFO   e3 step  2350/6924  loss=0.0277  acc=0.9871  lr0=9.23e-06 lr1=4.61e-04
14:12:48 INFO   e3 step  2400/6924  loss=0.0278  acc=0.9871  lr0=9.19e-06 lr1=4.59e-04
14:12:58 INFO   e3 step  2450/6924  loss=0.0275  acc=0.9872  lr0=9.15e-06 lr1=4.57e-04
14:13:09 INFO   e3 step  2500/6924  loss=0.0276  acc=0.9871  lr0=9.10e-06 lr1=4.55e-04
14:13:20 INFO   e3 step  2550/6924  loss=0.0274  acc=0.9872  lr0=9.06e-06 lr1=4.53e-04
14:13:31 INFO   e3 step  2600/6924  loss=0.0272  acc=0.9873  lr0=9.02e-06 lr1=4.51e-04
14:13:41 INFO   e3 step  2650/6924  loss=0.0271  acc=0.9874  lr0=8.98e-06 lr1=4.49e-04
14:13:52 INFO   e3 step  2700/6924  loss=0.0274  acc=0.9874  lr0=8.94e-06 lr1=4.47e-04
14:14:03 INFO   e3 step  2750/6924  loss=0.0276  acc=0.9874  lr0=8.90e-06 lr1=4.45e-04
14:14:14 INFO   e3 step  2800/6924  loss=0.0275  acc=0.9875  lr0=8.86e-06 lr1=4.43e-04
14:14:24 INFO   e3 step  2850/6924  loss=0.0278  acc=0.9875  lr0=8.82e-06 lr1=4.41e-04
14:14:34 INFO   e3 step  2900/6924  loss=0.0274  acc=0.9876  lr0=8.78e-06 lr1=4.39e-04
14:14:45 INFO   e3 step  2950/6924  loss=0.0276  acc=0.9875  lr0=8.74e-06 lr1=4.37e-04
14:14:55 INFO   e3 step  3000/6924  loss=0.0278  acc=0.9875  lr0=8.70e-06 lr1=4.35e-04
14:15:06 INFO   e3 step  3050/6924  loss=0.0290  acc=0.9873  lr0=8.66e-06 lr1=4.33e-04
14:15:16 INFO   e3 step  3100/6924  loss=0.0289  acc=0.9873  lr0=8.62e-06 lr1=4.31e-04
14:15:26 INFO   e3 step  3150/6924  loss=0.0289  acc=0.9873  lr0=8.58e-06 lr1=4.29e-04
14:15:37 INFO   e3 step  3200/6924  loss=0.0288  acc=0.9874  lr0=8.54e-06 lr1=4.27e-04
14:15:48 INFO   e3 step  3250/6924  loss=0.0287  acc=0.9874  lr0=8.50e-06 lr1=4.25e-04
14:15:58 INFO   e3 step  3300/6924  loss=0.0286  acc=0.9875  lr0=8.46e-06 lr1=4.23e-04
14:16:08 INFO   e3 step  3350/6924  loss=0.0287  acc=0.9874  lr0=8.42e-06 lr1=4.21e-04
14:16:19 INFO   e3 step  3400/6924  loss=0.0286  acc=0.9875  lr0=8.38e-06 lr1=4.19e-04
14:16:29 INFO   e3 step  3450/6924  loss=0.0288  acc=0.9874  lr0=8.34e-06 lr1=4.17e-04
14:16:39 INFO   e3 step  3500/6924  loss=0.0291  acc=0.9873  lr0=8.30e-06 lr1=4.15e-04
14:16:49 INFO   e3 step  3550/6924  loss=0.0290  acc=0.9874  lr0=8.26e-06 lr1=4.13e-04
14:17:00 INFO   e3 step  3600/6924  loss=0.0289  acc=0.9875  lr0=8.22e-06 lr1=4.11e-04
14:17:10 INFO   e3 step  3650/6924  loss=0.0287  acc=0.9875  lr0=8.18e-06 lr1=4.09e-04
14:17:21 INFO   e3 step  3700/6924  loss=0.0287  acc=0.9876  lr0=8.14e-06 lr1=4.07e-04
14:17:31 INFO   e3 step  3750/6924  loss=0.0285  acc=0.9877  lr0=8.10e-06 lr1=4.05e-04
14:17:41 INFO   e3 step  3800/6924  loss=0.0286  acc=0.9876  lr0=8.06e-06 lr1=4.03e-04
14:17:51 INFO   e3 step  3850/6924  loss=0.0286  acc=0.9877  lr0=8.02e-06 lr1=4.01e-04
14:18:01 INFO   e3 step  3900/6924  loss=0.0287  acc=0.9877  lr0=7.98e-06 lr1=3.99e-04
14:18:12 INFO   e3 step  3950/6924  loss=0.0286  acc=0.9876  lr0=7.94e-06 lr1=3.97e-04
14:18:22 INFO   e3 step  4000/6924  loss=0.0285  acc=0.9877  lr0=7.90e-06 lr1=3.95e-04
14:18:32 INFO   e3 step  4050/6924  loss=0.0283  acc=0.9877  lr0=7.86e-06 lr1=3.93e-04
14:18:43 INFO   e3 step  4100/6924  loss=0.0283  acc=0.9878  lr0=7.82e-06 lr1=3.91e-04
14:18:53 INFO   e3 step  4150/6924  loss=0.0282  acc=0.9878  lr0=7.78e-06 lr1=3.89e-04
14:19:03 INFO   e3 step  4200/6924  loss=0.0284  acc=0.9877  lr0=7.74e-06 lr1=3.87e-04
14:19:14 INFO   e3 step  4250/6924  loss=0.0283  acc=0.9877  lr0=7.70e-06 lr1=3.85e-04
14:19:24 INFO   e3 step  4300/6924  loss=0.0283  acc=0.9877  lr0=7.66e-06 lr1=3.83e-04
14:19:34 INFO   e3 step  4350/6924  loss=0.0284  acc=0.9877  lr0=7.62e-06 lr1=3.81e-04
14:19:44 INFO   e3 step  4400/6924  loss=0.0286  acc=0.9877  lr0=7.58e-06 lr1=3.79e-04
14:19:55 INFO   e3 step  4450/6924  loss=0.0285  acc=0.9877  lr0=7.54e-06 lr1=3.77e-04
14:20:05 INFO   e3 step  4500/6924  loss=0.0284  acc=0.9877  lr0=7.50e-06 lr1=3.75e-04
14:20:15 INFO   e3 step  4550/6924  loss=0.0284  acc=0.9877  lr0=7.46e-06 lr1=3.73e-04
14:20:26 INFO   e3 step  4600/6924  loss=0.0283  acc=0.9877  lr0=7.42e-06 lr1=3.71e-04
14:20:36 INFO   e3 step  4650/6924  loss=0.0283  acc=0.9877  lr0=7.38e-06 lr1=3.69e-04
14:20:46 INFO   e3 step  4700/6924  loss=0.0283  acc=0.9877  lr0=7.34e-06 lr1=3.67e-04
14:20:57 INFO   e3 step  4750/6924  loss=0.0283  acc=0.9877  lr0=7.30e-06 lr1=3.65e-04
14:21:07 INFO   e3 step  4800/6924  loss=0.0282  acc=0.9878  lr0=7.26e-06 lr1=3.63e-04
14:21:17 INFO   e3 step  4850/6924  loss=0.0282  acc=0.9878  lr0=7.22e-06 lr1=3.61e-04
14:21:27 INFO   e3 step  4900/6924  loss=0.0281  acc=0.9877  lr0=7.18e-06 lr1=3.59e-04
14:21:38 INFO   e3 step  4950/6924  loss=0.0281  acc=0.9877  lr0=7.14e-06 lr1=3.57e-04
14:21:48 INFO   e3 step  5000/6924  loss=0.0281  acc=0.9877  lr0=7.10e-06 lr1=3.55e-04
14:21:58 INFO   e3 step  5050/6924  loss=0.0281  acc=0.9877  lr0=7.06e-06 lr1=3.53e-04
14:22:08 INFO   e3 step  5100/6924  loss=0.0280  acc=0.9877  lr0=7.02e-06 lr1=3.51e-04
14:22:19 INFO   e3 step  5150/6924  loss=0.0278  acc=0.9877  lr0=6.98e-06 lr1=3.49e-04
14:22:29 INFO   e3 step  5200/6924  loss=0.0277  acc=0.9878  lr0=6.94e-06 lr1=3.47e-04
14:22:39 INFO   e3 step  5250/6924  loss=0.0277  acc=0.9878  lr0=6.90e-06 lr1=3.45e-04
14:22:50 INFO   e3 step  5300/6924  loss=0.0277  acc=0.9877  lr0=6.86e-06 lr1=3.43e-04
14:23:00 INFO   e3 step  5350/6924  loss=0.0276  acc=0.9878  lr0=6.82e-06 lr1=3.41e-04
14:23:10 INFO   e3 step  5400/6924  loss=0.0276  acc=0.9877  lr0=6.78e-06 lr1=3.39e-04
14:23:21 INFO   e3 step  5450/6924  loss=0.0276  acc=0.9877  lr0=6.74e-06 lr1=3.37e-04
14:23:31 INFO   e3 step  5500/6924  loss=0.0275  acc=0.9878  lr0=6.70e-06 lr1=3.35e-04
14:23:41 INFO   e3 step  5550/6924  loss=0.0275  acc=0.9878  lr0=6.66e-06 lr1=3.33e-04
14:23:52 INFO   e3 step  5600/6924  loss=0.0274  acc=0.9878  lr0=6.62e-06 lr1=3.31e-04
14:24:02 INFO   e3 step  5650/6924  loss=0.0274  acc=0.9878  lr0=6.58e-06 lr1=3.29e-04
14:24:13 INFO   e3 step  5700/6924  loss=0.0273  acc=0.9879  lr0=6.54e-06 lr1=3.27e-04
14:24:23 INFO   e3 step  5750/6924  loss=0.0271  acc=0.9879  lr0=6.50e-06 lr1=3.25e-04
14:24:34 INFO   e3 step  5800/6924  loss=0.0272  acc=0.9879  lr0=6.46e-06 lr1=3.23e-04
14:24:44 INFO   e3 step  5850/6924  loss=0.0271  acc=0.9879  lr0=6.42e-06 lr1=3.21e-04
14:24:54 INFO   e3 step  5900/6924  loss=0.0269  acc=0.9880  lr0=6.38e-06 lr1=3.19e-04
14:25:04 INFO   e3 step  5950/6924  loss=0.0268  acc=0.9880  lr0=6.34e-06 lr1=3.17e-04
14:25:15 INFO   e3 step  6000/6924  loss=0.0268  acc=0.9880  lr0=6.30e-06 lr1=3.15e-04
14:25:25 INFO   e3 step  6050/6924  loss=0.0267  acc=0.9881  lr0=6.26e-06 lr1=3.13e-04
14:25:36 INFO   e3 step  6100/6924  loss=0.0266  acc=0.9881  lr0=6.22e-06 lr1=3.11e-04
14:25:46 INFO   e3 step  6150/6924  loss=0.0265  acc=0.9881  lr0=6.18e-06 lr1=3.09e-04
14:25:56 INFO   e3 step  6200/6924  loss=0.0265  acc=0.9881  lr0=6.14e-06 lr1=3.07e-04
14:26:06 INFO   e3 step  6250/6924  loss=0.0264  acc=0.9881  lr0=6.10e-06 lr1=3.05e-04
14:26:17 INFO   e3 step  6300/6924  loss=0.0264  acc=0.9881  lr0=6.06e-06 lr1=3.03e-04
14:26:27 INFO   e3 step  6350/6924  loss=0.0263  acc=0.9881  lr0=6.02e-06 lr1=3.01e-04
14:26:38 INFO   e3 step  6400/6924  loss=0.0262  acc=0.9882  lr0=5.98e-06 lr1=2.99e-04
14:26:48 INFO   e3 step  6450/6924  loss=0.0263  acc=0.9881  lr0=5.94e-06 lr1=2.97e-04
14:26:58 INFO   e3 step  6500/6924  loss=0.0263  acc=0.9881  lr0=5.90e-06 lr1=2.95e-04
14:27:09 INFO   e3 step  6550/6924  loss=0.0262  acc=0.9882  lr0=5.86e-06 lr1=2.93e-04
14:27:20 INFO   e3 step  6600/6924  loss=0.0262  acc=0.9882  lr0=5.82e-06 lr1=2.91e-04
14:27:30 INFO   e3 step  6650/6924  loss=0.0262  acc=0.9882  lr0=5.78e-06 lr1=2.89e-04
14:27:40 INFO   e3 step  6700/6924  loss=0.0262  acc=0.9882  lr0=5.74e-06 lr1=2.87e-04
14:27:51 INFO   e3 step  6750/6924  loss=0.0262  acc=0.9882  lr0=5.70e-06 lr1=2.85e-04
14:28:01 INFO   e3 step  6800/6924  loss=0.0261  acc=0.9882  lr0=5.65e-06 lr1=2.83e-04
14:28:12 INFO   e3 step  6850/6924  loss=0.0261  acc=0.9882  lr0=5.61e-06 lr1=2.81e-04
14:28:22 INFO   e3 step  6900/6924  loss=0.0261  acc=0.9882  lr0=5.57e-06 lr1=2.79e-04
14:28:39 INFO [epoch 3] train_loss=0.0261 train_acc=0.9882  val_loss=0.9513 val_acc=0.8827 val_auc=0.9134  elapsed=1449.6s
14:28:50 INFO   e4 step    50/6924  loss=0.0236  acc=0.9862  lr0=5.52e-06 lr1=2.76e-04
14:29:00 INFO   e4 step   100/6924  loss=0.0225  acc=0.9900  lr0=5.48e-06 lr1=2.74e-04
14:29:10 INFO   e4 step   150/6924  loss=0.0235  acc=0.9862  lr0=5.44e-06 lr1=2.72e-04
14:29:21 INFO   e4 step   200/6924  loss=0.0249  acc=0.9866  lr0=5.39e-06 lr1=2.70e-04
14:29:31 INFO   e4 step   250/6924  loss=0.0231  acc=0.9875  lr0=5.35e-06 lr1=2.68e-04
14:29:42 INFO   e4 step   300/6924  loss=0.0224  acc=0.9883  lr0=5.31e-06 lr1=2.66e-04
14:29:52 INFO   e4 step   350/6924  loss=0.0232  acc=0.9884  lr0=5.27e-06 lr1=2.64e-04
14:30:02 INFO   e4 step   400/6924  loss=0.0229  acc=0.9884  lr0=5.23e-06 lr1=2.62e-04
14:30:12 INFO   e4 step   450/6924  loss=0.0239  acc=0.9885  lr0=5.19e-06 lr1=2.60e-04
14:30:22 INFO   e4 step   500/6924  loss=0.0233  acc=0.9886  lr0=5.15e-06 lr1=2.58e-04
14:30:33 INFO   e4 step   550/6924  loss=0.0231  acc=0.9886  lr0=5.11e-06 lr1=2.56e-04
14:30:43 INFO   e4 step   600/6924  loss=0.0224  acc=0.9889  lr0=5.07e-06 lr1=2.54e-04
14:30:53 INFO   e4 step   650/6924  loss=0.0214  acc=0.9894  lr0=5.03e-06 lr1=2.52e-04
14:31:03 INFO   e4 step   700/6924  loss=0.0210  acc=0.9893  lr0=4.99e-06 lr1=2.50e-04
14:31:14 INFO   e4 step   750/6924  loss=0.0204  acc=0.9895  lr0=4.95e-06 lr1=2.48e-04
14:31:24 INFO   e4 step   800/6924  loss=0.0202  acc=0.9894  lr0=4.91e-06 lr1=2.46e-04
14:31:34 INFO   e4 step   850/6924  loss=0.0199  acc=0.9894  lr0=4.87e-06 lr1=2.44e-04
14:31:44 INFO   e4 step   900/6924  loss=0.0200  acc=0.9894  lr0=4.83e-06 lr1=2.42e-04
14:31:54 INFO   e4 step   950/6924  loss=0.0198  acc=0.9895  lr0=4.79e-06 lr1=2.40e-04
14:32:05 INFO   e4 step  1000/6924  loss=0.0206  acc=0.9894  lr0=4.75e-06 lr1=2.38e-04
14:32:15 INFO   e4 step  1050/6924  loss=0.0207  acc=0.9894  lr0=4.71e-06 lr1=2.36e-04
14:32:25 INFO   e4 step  1100/6924  loss=0.0209  acc=0.9890  lr0=4.67e-06 lr1=2.34e-04
14:32:35 INFO   e4 step  1150/6924  loss=0.0208  acc=0.9890  lr0=4.63e-06 lr1=2.32e-04
14:32:46 INFO   e4 step  1200/6924  loss=0.0203  acc=0.9891  lr0=4.59e-06 lr1=2.30e-04
14:32:56 INFO   e4 step  1250/6924  loss=0.0202  acc=0.9893  lr0=4.55e-06 lr1=2.28e-04
14:33:07 INFO   e4 step  1300/6924  loss=0.0201  acc=0.9892  lr0=4.51e-06 lr1=2.26e-04
14:33:17 INFO   e4 step  1350/6924  loss=0.0208  acc=0.9891  lr0=4.47e-06 lr1=2.24e-04
14:33:28 INFO   e4 step  1400/6924  loss=0.0213  acc=0.9892  lr0=4.43e-06 lr1=2.22e-04
14:33:38 INFO   e4 step  1450/6924  loss=0.0211  acc=0.9893  lr0=4.39e-06 lr1=2.20e-04
14:33:49 INFO   e4 step  1500/6924  loss=0.0212  acc=0.9894  lr0=4.35e-06 lr1=2.18e-04
14:33:59 INFO   e4 step  1550/6924  loss=0.0209  acc=0.9895  lr0=4.31e-06 lr1=2.16e-04
14:34:10 INFO   e4 step  1600/6924  loss=0.0206  acc=0.9895  lr0=4.27e-06 lr1=2.14e-04
14:34:20 INFO   e4 step  1650/6924  loss=0.0207  acc=0.9895  lr0=4.23e-06 lr1=2.12e-04
14:34:30 INFO   e4 step  1700/6924  loss=0.0206  acc=0.9896  lr0=4.19e-06 lr1=2.10e-04
14:34:41 INFO   e4 step  1750/6924  loss=0.0210  acc=0.9894  lr0=4.15e-06 lr1=2.08e-04
14:34:52 INFO   e4 step  1800/6924  loss=0.0211  acc=0.9892  lr0=4.11e-06 lr1=2.06e-04
14:35:02 INFO   e4 step  1850/6924  loss=0.0211  acc=0.9893  lr0=4.07e-06 lr1=2.04e-04
14:35:13 INFO   e4 step  1900/6924  loss=0.0212  acc=0.9893  lr0=4.03e-06 lr1=2.02e-04
14:35:23 INFO   e4 step  1950/6924  loss=0.0210  acc=0.9894  lr0=3.99e-06 lr1=2.00e-04
14:35:33 INFO   e4 step  2000/6924  loss=0.0209  acc=0.9895  lr0=3.95e-06 lr1=1.98e-04
14:35:43 INFO   e4 step  2050/6924  loss=0.0209  acc=0.9894  lr0=3.91e-06 lr1=1.96e-04
14:35:53 INFO   e4 step  2100/6924  loss=0.0207  acc=0.9895  lr0=3.87e-06 lr1=1.94e-04
14:36:04 INFO   e4 step  2150/6924  loss=0.0206  acc=0.9895  lr0=3.83e-06 lr1=1.92e-04
14:36:14 INFO   e4 step  2200/6924  loss=0.0205  acc=0.9895  lr0=3.79e-06 lr1=1.90e-04
14:36:24 INFO   e4 step  2250/6924  loss=0.0204  acc=0.9896  lr0=3.75e-06 lr1=1.88e-04
14:36:35 INFO   e4 step  2300/6924  loss=0.0203  acc=0.9897  lr0=3.71e-06 lr1=1.86e-04
14:36:45 INFO   e4 step  2350/6924  loss=0.0202  acc=0.9897  lr0=3.67e-06 lr1=1.83e-04
14:36:56 INFO   e4 step  2400/6924  loss=0.0202  acc=0.9897  lr0=3.63e-06 lr1=1.81e-04
14:37:06 INFO   e4 step  2450/6924  loss=0.0200  acc=0.9898  lr0=3.59e-06 lr1=1.79e-04
14:37:16 INFO   e4 step  2500/6924  loss=0.0198  acc=0.9900  lr0=3.55e-06 lr1=1.77e-04
14:37:27 INFO   e4 step  2550/6924  loss=0.0198  acc=0.9900  lr0=3.51e-06 lr1=1.75e-04
14:37:37 INFO   e4 step  2600/6924  loss=0.0198  acc=0.9900  lr0=3.47e-06 lr1=1.73e-04
14:37:48 INFO   e4 step  2650/6924  loss=0.0197  acc=0.9900  lr0=3.43e-06 lr1=1.71e-04
14:37:58 INFO   e4 step  2700/6924  loss=0.0198  acc=0.9901  lr0=3.39e-06 lr1=1.69e-04
14:38:08 INFO   e4 step  2750/6924  loss=0.0199  acc=0.9900  lr0=3.35e-06 lr1=1.67e-04
14:38:19 INFO   e4 step  2800/6924  loss=0.0199  acc=0.9900  lr0=3.31e-06 lr1=1.65e-04
14:38:29 INFO   e4 step  2850/6924  loss=0.0200  acc=0.9900  lr0=3.27e-06 lr1=1.63e-04
14:38:39 INFO   e4 step  2900/6924  loss=0.0200  acc=0.9900  lr0=3.23e-06 lr1=1.61e-04
14:38:49 INFO   e4 step  2950/6924  loss=0.0200  acc=0.9900  lr0=3.19e-06 lr1=1.59e-04
14:39:00 INFO   e4 step  3000/6924  loss=0.0201  acc=0.9900  lr0=3.15e-06 lr1=1.57e-04
14:39:10 INFO   e4 step  3050/6924  loss=0.0200  acc=0.9901  lr0=3.11e-06 lr1=1.55e-04
14:39:20 INFO   e4 step  3100/6924  loss=0.0202  acc=0.9900  lr0=3.07e-06 lr1=1.53e-04
14:39:30 INFO   e4 step  3150/6924  loss=0.0202  acc=0.9899  lr0=3.03e-06 lr1=1.51e-04
14:39:41 INFO   e4 step  3200/6924  loss=0.0201  acc=0.9900  lr0=2.99e-06 lr1=1.49e-04
14:39:51 INFO   e4 step  3250/6924  loss=0.0200  acc=0.9899  lr0=2.95e-06 lr1=1.47e-04
14:40:02 INFO   e4 step  3300/6924  loss=0.0202  acc=0.9900  lr0=2.91e-06 lr1=1.45e-04
14:40:12 INFO   e4 step  3350/6924  loss=0.0203  acc=0.9899  lr0=2.87e-06 lr1=1.43e-04
14:40:22 INFO   e4 step  3400/6924  loss=0.0204  acc=0.9899  lr0=2.83e-06 lr1=1.41e-04
14:40:32 INFO   e4 step  3450/6924  loss=0.0204  acc=0.9899  lr0=2.79e-06 lr1=1.39e-04
14:40:43 INFO   e4 step  3500/6924  loss=0.0203  acc=0.9899  lr0=2.75e-06 lr1=1.37e-04
14:40:53 INFO   e4 step  3550/6924  loss=0.0203  acc=0.9899  lr0=2.71e-06 lr1=1.35e-04
14:41:04 INFO   e4 step  3600/6924  loss=0.0203  acc=0.9899  lr0=2.67e-06 lr1=1.33e-04
14:41:14 INFO   e4 step  3650/6924  loss=0.0203  acc=0.9899  lr0=2.63e-06 lr1=1.31e-04
14:41:24 INFO   e4 step  3700/6924  loss=0.0202  acc=0.9899  lr0=2.59e-06 lr1=1.29e-04
14:41:35 INFO   e4 step  3750/6924  loss=0.0201  acc=0.9899  lr0=2.55e-06 lr1=1.27e-04
14:41:45 INFO   e4 step  3800/6924  loss=0.0202  acc=0.9899  lr0=2.51e-06 lr1=1.25e-04
14:41:56 INFO   e4 step  3850/6924  loss=0.0202  acc=0.9899  lr0=2.47e-06 lr1=1.23e-04
14:42:06 INFO   e4 step  3900/6924  loss=0.0202  acc=0.9899  lr0=2.43e-06 lr1=1.21e-04
14:42:16 INFO   e4 step  3950/6924  loss=0.0202  acc=0.9899  lr0=2.39e-06 lr1=1.19e-04
14:42:27 INFO   e4 step  4000/6924  loss=0.0202  acc=0.9899  lr0=2.35e-06 lr1=1.17e-04
14:42:37 INFO   e4 step  4050/6924  loss=0.0202  acc=0.9899  lr0=2.31e-06 lr1=1.15e-04
14:42:47 INFO   e4 step  4100/6924  loss=0.0201  acc=0.9899  lr0=2.27e-06 lr1=1.13e-04
14:42:58 INFO   e4 step  4150/6924  loss=0.0202  acc=0.9899  lr0=2.23e-06 lr1=1.11e-04
14:43:08 INFO   e4 step  4200/6924  loss=0.0203  acc=0.9899  lr0=2.19e-06 lr1=1.09e-04
14:43:19 INFO   e4 step  4250/6924  loss=0.0204  acc=0.9898  lr0=2.15e-06 lr1=1.07e-04
14:43:29 INFO   e4 step  4300/6924  loss=0.0204  acc=0.9898  lr0=2.11e-06 lr1=1.05e-04
14:43:39 INFO   e4 step  4350/6924  loss=0.0204  acc=0.9898  lr0=2.07e-06 lr1=1.03e-04
14:43:49 INFO   e4 step  4400/6924  loss=0.0205  acc=0.9898  lr0=2.03e-06 lr1=1.01e-04
14:44:00 INFO   e4 step  4450/6924  loss=0.0204  acc=0.9898  lr0=1.98e-06 lr1=9.92e-05
14:44:10 INFO   e4 step  4500/6924  loss=0.0203  acc=0.9898  lr0=1.94e-06 lr1=9.72e-05
14:44:20 INFO   e4 step  4550/6924  loss=0.0203  acc=0.9898  lr0=1.90e-06 lr1=9.52e-05
14:44:31 INFO   e4 step  4600/6924  loss=0.0202  acc=0.9898  lr0=1.86e-06 lr1=9.32e-05
14:44:41 INFO   e4 step  4650/6924  loss=0.0203  acc=0.9898  lr0=1.82e-06 lr1=9.12e-05
14:44:51 INFO   e4 step  4700/6924  loss=0.0204  acc=0.9897  lr0=1.78e-06 lr1=8.92e-05
14:45:02 INFO   e4 step  4750/6924  loss=0.0204  acc=0.9897  lr0=1.74e-06 lr1=8.72e-05
14:45:12 INFO   e4 step  4800/6924  loss=0.0205  acc=0.9897  lr0=1.70e-06 lr1=8.52e-05
14:45:23 INFO   e4 step  4850/6924  loss=0.0205  acc=0.9897  lr0=1.66e-06 lr1=8.32e-05
14:45:33 INFO   e4 step  4900/6924  loss=0.0204  acc=0.9897  lr0=1.62e-06 lr1=8.12e-05
14:45:43 INFO   e4 step  4950/6924  loss=0.0203  acc=0.9898  lr0=1.58e-06 lr1=7.92e-05
14:45:54 INFO   e4 step  5000/6924  loss=0.0203  acc=0.9898  lr0=1.54e-06 lr1=7.72e-05
14:46:04 INFO   e4 step  5050/6924  loss=0.0203  acc=0.9897  lr0=1.50e-06 lr1=7.52e-05
14:46:14 INFO   e4 step  5100/6924  loss=0.0203  acc=0.9897  lr0=1.46e-06 lr1=7.32e-05
14:46:24 INFO   e4 step  5150/6924  loss=0.0202  acc=0.9897  lr0=1.42e-06 lr1=7.12e-05
14:46:34 INFO   e4 step  5200/6924  loss=0.0202  acc=0.9897  lr0=1.38e-06 lr1=6.92e-05
14:46:45 INFO   e4 step  5250/6924  loss=0.0202  acc=0.9897  lr0=1.34e-06 lr1=6.72e-05
14:46:55 INFO   e4 step  5300/6924  loss=0.0201  acc=0.9897  lr0=1.30e-06 lr1=6.52e-05
14:47:05 INFO   e4 step  5350/6924  loss=0.0201  acc=0.9897  lr0=1.26e-06 lr1=6.31e-05
14:47:15 INFO   e4 step  5400/6924  loss=0.0201  acc=0.9897  lr0=1.22e-06 lr1=6.11e-05
14:47:26 INFO   e4 step  5450/6924  loss=0.0201  acc=0.9897  lr0=1.18e-06 lr1=5.91e-05
14:47:36 INFO   e4 step  5500/6924  loss=0.0201  acc=0.9897  lr0=1.14e-06 lr1=5.71e-05
14:47:46 INFO   e4 step  5550/6924  loss=0.0200  acc=0.9898  lr0=1.10e-06 lr1=5.51e-05
14:47:56 INFO   e4 step  5600/6924  loss=0.0200  acc=0.9898  lr0=1.06e-06 lr1=5.31e-05
14:48:07 INFO   e4 step  5650/6924  loss=0.0200  acc=0.9898  lr0=1.02e-06 lr1=5.11e-05
14:48:17 INFO   e4 step  5700/6924  loss=0.0200  acc=0.9898  lr0=9.82e-07 lr1=4.91e-05
14:48:28 INFO   e4 step  5750/6924  loss=0.0201  acc=0.9897  lr0=9.42e-07 lr1=4.71e-05
14:48:38 INFO   e4 step  5800/6924  loss=0.0200  acc=0.9898  lr0=9.02e-07 lr1=4.51e-05
14:48:48 INFO   e4 step  5850/6924  loss=0.0200  acc=0.9898  lr0=8.62e-07 lr1=4.31e-05
14:48:59 INFO   e4 step  5900/6924  loss=0.0200  acc=0.9898  lr0=8.22e-07 lr1=4.11e-05
14:49:09 INFO   e4 step  5950/6924  loss=0.0200  acc=0.9898  lr0=7.81e-07 lr1=3.91e-05
14:49:19 INFO   e4 step  6000/6924  loss=0.0200  acc=0.9897  lr0=7.41e-07 lr1=3.71e-05
14:49:30 INFO   e4 step  6050/6924  loss=0.0201  acc=0.9898  lr0=7.01e-07 lr1=3.51e-05
14:49:41 INFO   e4 step  6100/6924  loss=0.0202  acc=0.9897  lr0=6.61e-07 lr1=3.31e-05
14:49:51 INFO   e4 step  6150/6924  loss=0.0201  acc=0.9897  lr0=6.21e-07 lr1=3.11e-05
14:50:01 INFO   e4 step  6200/6924  loss=0.0201  acc=0.9897  lr0=5.81e-07 lr1=2.90e-05
14:50:11 INFO   e4 step  6250/6924  loss=0.0201  acc=0.9898  lr0=5.41e-07 lr1=2.70e-05
14:50:21 INFO   e4 step  6300/6924  loss=0.0200  acc=0.9898  lr0=5.01e-07 lr1=2.50e-05
14:50:31 INFO   e4 step  6350/6924  loss=0.0199  acc=0.9898  lr0=4.61e-07 lr1=2.30e-05
14:50:42 INFO   e4 step  6400/6924  loss=0.0199  acc=0.9899  lr0=4.20e-07 lr1=2.10e-05
14:50:52 INFO   e4 step  6450/6924  loss=0.0200  acc=0.9898  lr0=3.80e-07 lr1=1.90e-05
14:51:02 INFO   e4 step  6500/6924  loss=0.0200  acc=0.9898  lr0=3.40e-07 lr1=1.70e-05
14:51:13 INFO   e4 step  6550/6924  loss=0.0199  acc=0.9898  lr0=3.00e-07 lr1=1.50e-05
14:51:23 INFO   e4 step  6600/6924  loss=0.0199  acc=0.9898  lr0=2.60e-07 lr1=1.30e-05
14:51:34 INFO   e4 step  6650/6924  loss=0.0200  acc=0.9898  lr0=2.20e-07 lr1=1.10e-05
14:51:45 INFO   e4 step  6700/6924  loss=0.0200  acc=0.9898  lr0=1.80e-07 lr1=8.99e-06
14:51:55 INFO   e4 step  6750/6924  loss=0.0200  acc=0.9898  lr0=1.40e-07 lr1=6.98e-06
14:52:05 INFO   e4 step  6800/6924  loss=0.0199  acc=0.9898  lr0=9.95e-08 lr1=4.97e-06
14:52:16 INFO   e4 step  6850/6924  loss=0.0200  acc=0.9898  lr0=5.94e-08 lr1=2.97e-06
14:52:27 INFO   e4 step  6900/6924  loss=0.0199  acc=0.9898  lr0=1.93e-08 lr1=9.63e-07
14:52:44 INFO [epoch 4] train_loss=0.0200 train_acc=0.9898  val_loss=0.8539 val_acc=0.9002 val_auc=0.9256  elapsed=1444.9s
14:52:47 INFO   saved best.pt  val_acc=0.9002
14:52:50 INFO loading best.pt for test eval
14:53:08 INFO [test] loss=0.9843  acc=0.8774  auc=0.9154  f1=0.8738
14:53:08 INFO [test] per-tier-pair accuracy:
14:53:08 INFO         T1-T2  n=    2  acc=1.0000
14:53:08 INFO         T1-T3  n=   10  acc=1.0000
14:53:08 INFO         T1-T4  n=    8  acc=1.0000
14:53:08 INFO         T1-T5  n=   20  acc=1.0000
14:53:08 INFO         T1-T6  n=   64  acc=1.0000
14:53:08 INFO         T1-T7  n=    6  acc=1.0000
14:53:08 INFO         T1-T8  n=   36  acc=1.0000
14:53:08 INFO         T1-T9  n=   12  acc=1.0000
14:53:08 INFO        T1-T10  n=    4  acc=1.0000
14:53:08 INFO        T1-T11  n=   24  acc=1.0000
14:53:08 INFO        T1-T12  n=    8  acc=1.0000
14:53:08 INFO        T1-T13  n=    8  acc=1.0000
14:53:08 INFO        T1-T14  n=    2  acc=1.0000
14:53:08 INFO        T1-T15  n=   28  acc=1.0000
14:53:08 INFO         T2-T3  n=    5  acc=1.0000
14:53:08 INFO         T2-T4  n=    4  acc=1.0000
14:53:08 INFO         T2-T5  n=   10  acc=1.0000
14:53:08 INFO         T2-T6  n=   32  acc=1.0000
14:53:08 INFO         T2-T7  n=    3  acc=1.0000
14:53:08 INFO         T2-T8  n=   18  acc=1.0000
14:53:08 INFO         T2-T9  n=    6  acc=1.0000
14:53:08 INFO        T2-T10  n=    2  acc=1.0000
14:53:08 INFO        T2-T11  n=   12  acc=1.0000
14:53:08 INFO        T2-T12  n=    4  acc=1.0000
14:53:08 INFO        T2-T13  n=    4  acc=1.0000
14:53:08 INFO        T2-T14  n=    1  acc=1.0000
14:53:08 INFO        T2-T15  n=   14  acc=1.0000
14:53:08 INFO         T3-T4  n=   20  acc=0.6000
14:53:08 INFO         T3-T5  n=   50  acc=0.4000
14:53:08 INFO         T3-T6  n=  160  acc=0.4938
14:53:08 INFO         T3-T7  n=   15  acc=0.7333
14:53:08 INFO         T3-T8  n=   90  acc=0.7333
14:53:08 INFO         T3-T9  n=   30  acc=0.7000
14:53:08 INFO        T3-T10  n=   10  acc=0.7000
14:53:08 INFO        T3-T11  n=   60  acc=0.8000
14:53:08 INFO        T3-T12  n=   20  acc=0.8500
14:53:08 INFO        T3-T13  n=   20  acc=0.9500
14:53:08 INFO        T3-T14  n=    5  acc=0.4000
14:53:08 INFO        T3-T15  n=   70  acc=0.9286
14:53:08 INFO         T4-T5  n=   40  acc=0.6750
14:53:08 INFO         T4-T6  n=  128  acc=0.7266
14:53:08 INFO         T4-T7  n=   12  acc=0.8333
14:53:08 INFO         T4-T8  n=   72  acc=0.7500
14:53:08 INFO         T4-T9  n=   24  acc=0.8333
14:53:08 INFO        T4-T10  n=    8  acc=0.7500
14:53:08 INFO        T4-T11  n=   48  acc=0.8958
14:53:08 INFO        T4-T12  n=   16  acc=0.8750
14:53:08 INFO        T4-T13  n=   16  acc=0.8750
14:53:08 INFO        T4-T14  n=    4  acc=0.7500
14:53:08 INFO        T4-T15  n=   56  acc=0.8571
14:53:08 INFO         T5-T6  n=  320  acc=0.8500
14:53:08 INFO         T5-T7  n=   30  acc=0.9333
14:53:08 INFO         T5-T8  n=  180  acc=0.9333
14:53:08 INFO         T5-T9  n=   60  acc=1.0000
14:53:08 INFO        T5-T10  n=   20  acc=0.9500
14:53:08 INFO        T5-T11  n=  120  acc=0.9917
14:53:08 INFO        T5-T12  n=   40  acc=1.0000
14:53:08 INFO        T5-T13  n=   40  acc=1.0000
14:53:08 INFO        T5-T14  n=   10  acc=0.9000
14:53:08 INFO        T5-T15  n=  140  acc=0.9857
14:53:08 INFO         T6-T7  n=   96  acc=0.9479
14:53:08 INFO         T6-T8  n=  576  acc=0.9288
14:53:08 INFO         T6-T9  n=  192  acc=0.9427
14:53:08 INFO        T6-T10  n=   64  acc=0.9219
14:53:08 INFO        T6-T11  n=  384  acc=0.9583
14:53:08 INFO        T6-T12  n=  128  acc=1.0000
14:53:08 INFO        T6-T13  n=  128  acc=1.0000
14:53:08 INFO        T6-T14  n=   32  acc=0.9688
14:53:08 INFO        T6-T15  n=  448  acc=0.9375
14:53:08 INFO         T7-T8  n=   54  acc=0.5926
14:53:08 INFO         T7-T9  n=   18  acc=0.6667
14:53:08 INFO        T7-T10  n=    6  acc=0.5000
14:53:08 INFO        T7-T11  n=   36  acc=0.6111
14:53:08 INFO        T7-T12  n=   12  acc=0.6667
14:53:08 INFO        T7-T13  n=   12  acc=0.6667
14:53:08 INFO        T7-T14  n=    3  acc=0.0000
14:53:08 INFO        T7-T15  n=   42  acc=0.8571
14:53:08 INFO         T8-T9  n=  108  acc=0.9537
14:53:08 INFO        T8-T10  n=   36  acc=0.8889
14:53:08 INFO        T8-T11  n=  216  acc=0.8935
14:53:08 INFO        T8-T12  n=   72  acc=0.9861
14:53:08 INFO        T8-T13  n=   72  acc=1.0000
14:53:08 INFO        T8-T14  n=   18  acc=0.1111
14:53:08 INFO        T8-T15  n=  252  acc=0.8611
14:53:08 INFO        T9-T10  n=   12  acc=0.5000
14:53:08 INFO        T9-T11  n=   72  acc=0.8889
14:53:08 INFO        T9-T12  n=   24  acc=1.0000
14:53:08 INFO        T9-T13  n=   24  acc=1.0000
14:53:08 INFO        T9-T14  n=    6  acc=0.0000
14:53:08 INFO        T9-T15  n=   84  acc=0.8214
14:53:08 INFO       T10-T11  n=   24  acc=0.7917
14:53:08 INFO       T10-T12  n=    8  acc=1.0000
14:53:08 INFO       T10-T13  n=    8  acc=1.0000
14:53:08 INFO       T10-T14  n=    2  acc=0.5000
14:53:08 INFO       T10-T15  n=   28  acc=0.8571
14:53:08 INFO       T11-T12  n=   48  acc=0.7917
14:53:08 INFO       T11-T13  n=   48  acc=1.0000
14:53:08 INFO       T11-T14  n=   12  acc=0.0833
14:53:08 INFO       T11-T15  n=  168  acc=0.7798
14:53:08 INFO       T12-T13  n=   16  acc=1.0000
14:53:08 INFO       T12-T14  n=    4  acc=0.0000
14:53:08 INFO       T12-T15  n=   56  acc=0.7321
14:53:08 INFO       T13-T14  n=    4  acc=0.0000
14:53:08 INFO       T13-T15  n=   56  acc=0.7679
14:53:08 INFO       T14-T15  n=   14  acc=0.8571
14:53:08 INFO [done] run_summary.json written to /mnt/localssd/baseline_sweep/runs/aep_causal_cls34/bge-large-en-v1.5
