12:16:10 INFO run_dir=/mnt/localssd/crossencoder_sweep/runs/ajo_newstyle/bge-base-en-v1.5
12:16:10 INFO device=cuda:0  bf16=True  physical_gpu=1  CUDA_VISIBLE_DEVICES=1
12:16:10 INFO dataset=ajo_newstyle  model=bge-base-en-v1.5  backbone=BAAI/bge-base-en-v1.5
12:16:10 INFO tokenizer <- BAAI/bge-base-en-v1.5
Warning: You are sending unauthenticated requests to the HF Hub. Please set a HF_TOKEN to enable higher rate limits and faster downloads.
12:16:11 INFO split files: ['train.jsonl', 'val.jsonl', 'test.jsonl']
12:16:11 INFO scanning max JOINT token length across all splits ...
12:16:52 INFO   observed_max_joint=512 -> max_seq_len=512 (cap=512, scan=41.3s)
12:16:52 INFO loading datasets ...
12:16:52 INFO   schema=newstyle  train=20897  val=2612  test=2613
12:16:52 INFO building CrossEncoderClassifier  backbone=BAAI/bge-base-en-v1.5
Loading weights:   0%|          | 0/199 [00:00<?, ?it/s]Loading weights: 100%|██████████| 199/199 [00:00<00:00, 7884.03it/s]
12:16:53 INFO   hidden_size=768  trainable_params=109,483,009
12:16:53 INFO   total_steps=1308  warmup_steps=130
12:17:04 INFO   e1 step    50/327  loss=0.7333  acc=0.5078  lr0=7.69e-06 lr1=3.85e-04
12:17:14 INFO   e1 step   100/327  loss=0.7317  acc=0.4984  lr0=1.54e-05 lr1=7.69e-04
12:17:24 INFO   e1 step   150/327  loss=0.7242  acc=0.5036  lr0=1.97e-05 lr1=9.83e-04
12:17:35 INFO   e1 step   200/327  loss=0.7204  acc=0.5031  lr0=1.88e-05 lr1=9.41e-04
12:17:45 INFO   e1 step   250/327  loss=0.7166  acc=0.5051  lr0=1.80e-05 lr1=8.98e-04
12:17:55 INFO   e1 step   300/327  loss=0.7122  acc=0.5115  lr0=1.71e-05 lr1=8.56e-04
12:18:03 INFO [epoch 1] train_loss=0.7104 train_acc=0.5122  val_loss=0.6808 val_acc=0.5505 val_auc=0.5729  elapsed=69.3s
12:18:03 INFO   saved best.pt  val_acc=0.5505
12:18:14 INFO   e2 step    50/327  loss=0.6768  acc=0.5603  lr0=1.58e-05 lr1=7.90e-04
12:18:24 INFO   e2 step   100/327  loss=0.6770  acc=0.5630  lr0=1.50e-05 lr1=7.48e-04
12:18:34 INFO   e2 step   150/327  loss=0.6725  acc=0.5636  lr0=1.41e-05 lr1=7.05e-04
12:18:44 INFO   e2 step   200/327  loss=0.6706  acc=0.5652  lr0=1.33e-05 lr1=6.63e-04
12:18:54 INFO   e2 step   250/327  loss=0.6693  acc=0.5677  lr0=1.24e-05 lr1=6.21e-04
12:19:04 INFO   e2 step   300/327  loss=0.6683  acc=0.5678  lr0=1.16e-05 lr1=5.78e-04
12:19:12 INFO [epoch 2] train_loss=0.6675 train_acc=0.5675  val_loss=0.6582 val_acc=0.5574 val_auc=0.6051  elapsed=68.9s
12:19:13 INFO   saved best.pt  val_acc=0.5574
12:19:23 INFO   e3 step    50/327  loss=0.6271  acc=0.6300  lr0=1.03e-05 lr1=5.13e-04
12:19:33 INFO   e3 step   100/327  loss=0.6290  acc=0.6197  lr0=9.41e-06 lr1=4.70e-04
12:19:43 INFO   e3 step   150/327  loss=0.6266  acc=0.6241  lr0=8.56e-06 lr1=4.28e-04
12:19:54 INFO   e3 step   200/327  loss=0.6273  acc=0.6195  lr0=7.71e-06 lr1=3.85e-04
12:20:04 INFO   e3 step   250/327  loss=0.6258  acc=0.6221  lr0=6.86e-06 lr1=3.43e-04
12:20:14 INFO   e3 step   300/327  loss=0.6257  acc=0.6216  lr0=6.01e-06 lr1=3.01e-04
12:20:22 INFO [epoch 3] train_loss=0.6245 train_acc=0.6224  val_loss=0.6490 val_acc=0.5674 val_auc=0.6260  elapsed=69.1s
12:20:23 INFO   saved best.pt  val_acc=0.5674
12:20:33 INFO   e4 step    50/327  loss=0.5918  acc=0.6538  lr0=4.70e-06 lr1=2.35e-04
12:20:43 INFO   e4 step   100/327  loss=0.5890  acc=0.6542  lr0=3.85e-06 lr1=1.93e-04
12:20:53 INFO   e4 step   150/327  loss=0.5886  acc=0.6534  lr0=3.01e-06 lr1=1.50e-04
12:21:03 INFO   e4 step   200/327  loss=0.5865  acc=0.6542  lr0=2.16e-06 lr1=1.08e-04
12:21:13 INFO   e4 step   250/327  loss=0.5870  acc=0.6539  lr0=1.31e-06 lr1=6.54e-05
12:21:24 INFO   e4 step   300/327  loss=0.5860  acc=0.6546  lr0=4.58e-07 lr1=2.29e-05
12:21:32 INFO [epoch 4] train_loss=0.5857 train_acc=0.6552  val_loss=0.6636 val_acc=0.5651 val_auc=0.6323  elapsed=69.1s
12:21:32 INFO loading best.pt for test eval
12:21:36 INFO [test] loss=0.6574  acc=0.5515  auc=0.6101  f1=0.5447
12:21:36 INFO [done] run_summary.json written to /mnt/localssd/crossencoder_sweep/runs/ajo_newstyle/bge-base-en-v1.5
