11:37:40 INFO run_dir=/mnt/localssd/crossencoder_sweep/runs/ajo_newstyle/deberta-v3-large
11:37:40 INFO device=cuda:0  bf16=False  physical_gpu=2  CUDA_VISIBLE_DEVICES=2
11:37:40 INFO dataset=ajo_newstyle  model=deberta-v3-large  backbone=microsoft/deberta-v3-large
11:37:40 INFO tokenizer <- microsoft/deberta-v3-large
Warning: You are sending unauthenticated requests to the HF Hub. Please set a HF_TOKEN to enable higher rate limits and faster downloads.
11:37:41 INFO split files: ['train.jsonl', 'val.jsonl', 'test.jsonl']
11:37:41 INFO scanning max JOINT token length across all splits ...
11:38:16 INFO   observed_max_joint=512 -> max_seq_len=512 (cap=512, scan=35.3s)
11:38:16 INFO loading datasets ...
11:38:17 INFO   schema=newstyle  train=20897  val=2612  test=2613
11:38:17 INFO building CrossEncoderClassifier  backbone=microsoft/deberta-v3-large
Loading weights:   0%|          | 0/390 [00:00<?, ?it/s]Loading weights: 100%|██████████| 390/390 [00:00<00:00, 28176.36it/s]
[transformers] [1mDebertaV2Model LOAD REPORT[0m from: microsoft/deberta-v3-large
Key                                     | Status     |  | 
----------------------------------------+------------+--+-
lm_predictions.lm_head.dense.bias       | UNEXPECTED |  | 
lm_predictions.lm_head.bias             | UNEXPECTED |  | 
mask_predictions.LayerNorm.weight       | UNEXPECTED |  | 
lm_predictions.lm_head.dense.weight     | UNEXPECTED |  | 
mask_predictions.dense.weight           | UNEXPECTED |  | 
lm_predictions.lm_head.LayerNorm.weight | UNEXPECTED |  | 
mask_predictions.classifier.weight      | UNEXPECTED |  | 
mask_predictions.dense.bias             | UNEXPECTED |  | 
mask_predictions.classifier.bias        | UNEXPECTED |  | 
lm_predictions.lm_head.LayerNorm.bias   | UNEXPECTED |  | 
mask_predictions.LayerNorm.bias         | UNEXPECTED |  | 

Notes:
- UNEXPECTED:	can be ignored when loading from different task/architecture; not ok if you expect identical arch.
11:38:19 INFO   hidden_size=1024  trainable_params=434,013,185
11:38:19 INFO   total_steps=10452  warmup_steps=1045
11:38:57 INFO   e1 step    50/2613  loss=0.7629  acc=0.5175  lr0=9.57e-07 lr1=4.78e-05
11:39:33 INFO   e1 step   100/2613  loss=0.7505  acc=0.5100  lr0=1.91e-06 lr1=9.57e-05
11:40:09 INFO   e1 step   150/2613  loss=0.7446  acc=0.4992  lr0=2.87e-06 lr1=1.44e-04
11:40:45 INFO   e1 step   200/2613  loss=0.7410  acc=0.5019  lr0=3.83e-06 lr1=1.91e-04
11:41:20 INFO   e1 step   250/2613  loss=0.7360  acc=0.5065  lr0=4.78e-06 lr1=2.39e-04
11:41:55 INFO   e1 step   300/2613  loss=0.7369  acc=0.5000  lr0=5.74e-06 lr1=2.87e-04
11:42:31 INFO   e1 step   350/2613  loss=0.7341  acc=0.5032  lr0=6.70e-06 lr1=3.35e-04
11:43:07 INFO   e1 step   400/2613  loss=0.7338  acc=0.5000  lr0=7.66e-06 lr1=3.83e-04
11:43:42 INFO   e1 step   450/2613  loss=0.7327  acc=0.5008  lr0=8.61e-06 lr1=4.31e-04
11:44:19 INFO   e1 step   500/2613  loss=0.7316  acc=0.5005  lr0=9.57e-06 lr1=4.78e-04
11:44:55 INFO   e1 step   550/2613  loss=0.7317  acc=0.5000  lr0=1.05e-05 lr1=5.26e-04
11:45:31 INFO   e1 step   600/2613  loss=0.7321  acc=0.5023  lr0=1.15e-05 lr1=5.74e-04
11:46:06 INFO   e1 step   650/2613  loss=0.7302  acc=0.5038  lr0=1.24e-05 lr1=6.22e-04
11:46:41 INFO   e1 step   700/2613  loss=0.7300  acc=0.5052  lr0=1.34e-05 lr1=6.70e-04
11:47:16 INFO   e1 step   750/2613  loss=0.7270  acc=0.5077  lr0=1.44e-05 lr1=7.18e-04
11:47:53 INFO   e1 step   800/2613  loss=0.7276  acc=0.5034  lr0=1.53e-05 lr1=7.66e-04
11:48:29 INFO   e1 step   850/2613  loss=0.7254  acc=0.5065  lr0=1.63e-05 lr1=8.13e-04
11:49:05 INFO   e1 step   900/2613  loss=0.7250  acc=0.5043  lr0=1.72e-05 lr1=8.61e-04
11:49:41 INFO   e1 step   950/2613  loss=0.7236  acc=0.5046  lr0=1.82e-05 lr1=9.09e-04
11:50:16 INFO   e1 step  1000/2613  loss=0.7227  acc=0.5039  lr0=1.91e-05 lr1=9.57e-04
11:50:52 INFO   e1 step  1050/2613  loss=0.7224  acc=0.5038  lr0=2.00e-05 lr1=9.99e-04
11:51:28 INFO   e1 step  1100/2613  loss=0.7218  acc=0.5031  lr0=1.99e-05 lr1=9.94e-04
11:52:04 INFO   e1 step  1150/2613  loss=0.7208  acc=0.5036  lr0=1.98e-05 lr1=9.89e-04
11:52:40 INFO   e1 step  1200/2613  loss=0.7201  acc=0.5033  lr0=1.97e-05 lr1=9.84e-04
11:53:14 INFO   e1 step  1250/2613  loss=0.7196  acc=0.5036  lr0=1.96e-05 lr1=9.78e-04
11:53:50 INFO   e1 step  1300/2613  loss=0.7190  acc=0.5033  lr0=1.95e-05 lr1=9.73e-04
11:54:26 INFO   e1 step  1350/2613  loss=0.7184  acc=0.5033  lr0=1.94e-05 lr1=9.68e-04
11:55:01 INFO   e1 step  1400/2613  loss=0.7179  acc=0.5039  lr0=1.92e-05 lr1=9.62e-04
11:55:38 INFO   e1 step  1450/2613  loss=0.7173  acc=0.5041  lr0=1.91e-05 lr1=9.57e-04
11:56:13 INFO   e1 step  1500/2613  loss=0.7167  acc=0.5034  lr0=1.90e-05 lr1=9.52e-04
11:56:49 INFO   e1 step  1550/2613  loss=0.7164  acc=0.5034  lr0=1.89e-05 lr1=9.46e-04
11:57:24 INFO   e1 step  1600/2613  loss=0.7161  acc=0.5024  lr0=1.88e-05 lr1=9.41e-04
11:58:00 INFO   e1 step  1650/2613  loss=0.7157  acc=0.5019  lr0=1.87e-05 lr1=9.36e-04
11:58:36 INFO   e1 step  1700/2613  loss=0.7152  acc=0.5022  lr0=1.86e-05 lr1=9.30e-04
11:59:11 INFO   e1 step  1750/2613  loss=0.7147  acc=0.5024  lr0=1.85e-05 lr1=9.25e-04
11:59:47 INFO   e1 step  1800/2613  loss=0.7144  acc=0.5015  lr0=1.84e-05 lr1=9.20e-04
12:00:22 INFO   e1 step  1850/2613  loss=0.7143  acc=0.5006  lr0=1.83e-05 lr1=9.14e-04
12:00:58 INFO   e1 step  1900/2613  loss=0.7140  acc=0.5001  lr0=1.82e-05 lr1=9.09e-04
12:01:34 INFO   e1 step  1950/2613  loss=0.7137  acc=0.5001  lr0=1.81e-05 lr1=9.04e-04
12:02:09 INFO   e1 step  2000/2613  loss=0.7135  acc=0.4999  lr0=1.80e-05 lr1=8.98e-04
12:02:45 INFO   e1 step  2050/2613  loss=0.7133  acc=0.5006  lr0=1.79e-05 lr1=8.93e-04
12:03:21 INFO   e1 step  2100/2613  loss=0.7127  acc=0.5010  lr0=1.78e-05 lr1=8.88e-04
12:03:57 INFO   e1 step  2150/2613  loss=0.7124  acc=0.5016  lr0=1.77e-05 lr1=8.83e-04
12:04:32 INFO   e1 step  2200/2613  loss=0.7123  acc=0.5012  lr0=1.75e-05 lr1=8.77e-04
12:05:07 INFO   e1 step  2250/2613  loss=0.7118  acc=0.5026  lr0=1.74e-05 lr1=8.72e-04
12:05:43 INFO   e1 step  2300/2613  loss=0.7114  acc=0.5034  lr0=1.73e-05 lr1=8.67e-04
12:06:19 INFO   e1 step  2350/2613  loss=0.7114  acc=0.5027  lr0=1.72e-05 lr1=8.61e-04
12:06:55 INFO   e1 step  2400/2613  loss=0.7112  acc=0.5029  lr0=1.71e-05 lr1=8.56e-04
12:07:31 INFO   e1 step  2450/2613  loss=0.7110  acc=0.5024  lr0=1.70e-05 lr1=8.51e-04
12:08:07 INFO   e1 step  2500/2613  loss=0.7109  acc=0.5020  lr0=1.69e-05 lr1=8.45e-04
12:08:42 INFO   e1 step  2550/2613  loss=0.7108  acc=0.5013  lr0=1.68e-05 lr1=8.40e-04
12:09:18 INFO   e1 step  2600/2613  loss=0.7107  acc=0.5014  lr0=1.67e-05 lr1=8.35e-04
12:10:39 INFO [epoch 1] train_loss=0.7106 train_acc=0.5014  val_loss=0.6951 val_acc=0.5031 val_auc=0.5213  elapsed=1939.3s
12:10:41 INFO   saved best.pt  val_acc=0.5031
12:11:16 INFO   e2 step    50/2613  loss=0.7005  acc=0.4825  lr0=1.66e-05 lr1=8.28e-04
12:11:53 INFO   e2 step   100/2613  loss=0.6986  acc=0.4875  lr0=1.65e-05 lr1=8.23e-04
12:12:29 INFO   e2 step   150/2613  loss=0.7005  acc=0.4833  lr0=1.63e-05 lr1=8.17e-04
12:13:05 INFO   e2 step   200/2613  loss=0.7014  acc=0.4819  lr0=1.62e-05 lr1=8.12e-04
12:13:41 INFO   e2 step   250/2613  loss=0.7018  acc=0.4860  lr0=1.61e-05 lr1=8.07e-04
12:14:17 INFO   e2 step   300/2613  loss=0.7005  acc=0.4908  lr0=1.60e-05 lr1=8.01e-04
12:14:53 INFO   e2 step   350/2613  loss=0.7011  acc=0.4896  lr0=1.59e-05 lr1=7.96e-04
12:15:29 INFO   e2 step   400/2613  loss=0.7003  acc=0.4928  lr0=1.58e-05 lr1=7.91e-04
12:16:04 INFO   e2 step   450/2613  loss=0.7000  acc=0.4958  lr0=1.57e-05 lr1=7.85e-04
12:16:40 INFO   e2 step   500/2613  loss=0.7010  acc=0.4945  lr0=1.56e-05 lr1=7.80e-04
12:17:15 INFO   e2 step   550/2613  loss=0.7018  acc=0.4939  lr0=1.55e-05 lr1=7.75e-04
12:17:51 INFO   e2 step   600/2613  loss=0.7020  acc=0.4942  lr0=1.54e-05 lr1=7.70e-04
12:18:27 INFO   e2 step   650/2613  loss=0.7014  acc=0.4963  lr0=1.53e-05 lr1=7.64e-04
12:19:02 INFO   e2 step   700/2613  loss=0.7016  acc=0.4954  lr0=1.52e-05 lr1=7.59e-04
12:19:38 INFO   e2 step   750/2613  loss=0.7017  acc=0.4960  lr0=1.51e-05 lr1=7.54e-04
12:20:15 INFO   e2 step   800/2613  loss=0.7015  acc=0.4986  lr0=1.50e-05 lr1=7.48e-04
12:20:50 INFO   e2 step   850/2613  loss=0.7014  acc=0.4984  lr0=1.49e-05 lr1=7.43e-04
12:21:26 INFO   e2 step   900/2613  loss=0.7012  acc=0.4965  lr0=1.48e-05 lr1=7.38e-04
12:22:01 INFO   e2 step   950/2613  loss=0.7014  acc=0.4968  lr0=1.46e-05 lr1=7.32e-04
12:22:36 INFO   e2 step  1000/2613  loss=0.7018  acc=0.4968  lr0=1.45e-05 lr1=7.27e-04
12:23:12 INFO   e2 step  1050/2613  loss=0.7019  acc=0.4964  lr0=1.44e-05 lr1=7.22e-04
12:23:48 INFO   e2 step  1100/2613  loss=0.7015  acc=0.4966  lr0=1.43e-05 lr1=7.16e-04
12:24:24 INFO   e2 step  1150/2613  loss=0.7019  acc=0.4953  lr0=1.42e-05 lr1=7.11e-04
12:24:59 INFO   e2 step  1200/2613  loss=0.7022  acc=0.4922  lr0=1.41e-05 lr1=7.06e-04
12:25:35 INFO   e2 step  1250/2613  loss=0.7018  acc=0.4931  lr0=1.40e-05 lr1=7.00e-04
12:26:11 INFO   e2 step  1300/2613  loss=0.7017  acc=0.4930  lr0=1.39e-05 lr1=6.95e-04
12:26:46 INFO   e2 step  1350/2613  loss=0.7014  acc=0.4936  lr0=1.38e-05 lr1=6.90e-04
12:27:22 INFO   e2 step  1400/2613  loss=0.7014  acc=0.4924  lr0=1.37e-05 lr1=6.84e-04
12:27:58 INFO   e2 step  1450/2613  loss=0.7012  acc=0.4933  lr0=1.36e-05 lr1=6.79e-04
12:28:33 INFO   e2 step  1500/2613  loss=0.7012  acc=0.4921  lr0=1.35e-05 lr1=6.74e-04
12:29:09 INFO   e2 step  1550/2613  loss=0.7012  acc=0.4919  lr0=1.34e-05 lr1=6.69e-04
12:29:44 INFO   e2 step  1600/2613  loss=0.7010  acc=0.4926  lr0=1.33e-05 lr1=6.63e-04
12:30:20 INFO   e2 step  1650/2613  loss=0.7006  acc=0.4944  lr0=1.32e-05 lr1=6.58e-04
12:30:56 INFO   e2 step  1700/2613  loss=0.7008  acc=0.4944  lr0=1.31e-05 lr1=6.53e-04
12:31:32 INFO   e2 step  1750/2613  loss=0.7007  acc=0.4947  lr0=1.29e-05 lr1=6.47e-04
12:32:07 INFO   e2 step  1800/2613  loss=0.7006  acc=0.4954  lr0=1.28e-05 lr1=6.42e-04
12:32:43 INFO   e2 step  1850/2613  loss=0.7005  acc=0.4961  lr0=1.27e-05 lr1=6.37e-04
12:33:19 INFO   e2 step  1900/2613  loss=0.7006  acc=0.4958  lr0=1.26e-05 lr1=6.31e-04
12:33:54 INFO   e2 step  1950/2613  loss=0.7006  acc=0.4958  lr0=1.25e-05 lr1=6.26e-04
12:34:29 INFO   e2 step  2000/2613  loss=0.7005  acc=0.4951  lr0=1.24e-05 lr1=6.21e-04
12:35:05 INFO   e2 step  2050/2613  loss=0.7005  acc=0.4953  lr0=1.23e-05 lr1=6.15e-04
12:35:41 INFO   e2 step  2100/2613  loss=0.7005  acc=0.4954  lr0=1.22e-05 lr1=6.10e-04
12:36:17 INFO   e2 step  2150/2613  loss=0.7003  acc=0.4961  lr0=1.21e-05 lr1=6.05e-04
12:36:53 INFO   e2 step  2200/2613  loss=0.7004  acc=0.4960  lr0=1.20e-05 lr1=5.99e-04
12:37:28 INFO   e2 step  2250/2613  loss=0.7003  acc=0.4955  lr0=1.19e-05 lr1=5.94e-04
12:38:04 INFO   e2 step  2300/2613  loss=0.7001  acc=0.4960  lr0=1.18e-05 lr1=5.89e-04
12:38:40 INFO   e2 step  2350/2613  loss=0.7001  acc=0.4962  lr0=1.17e-05 lr1=5.84e-04
12:39:16 INFO   e2 step  2400/2613  loss=0.7000  acc=0.4971  lr0=1.16e-05 lr1=5.78e-04
12:39:52 INFO   e2 step  2450/2613  loss=0.7000  acc=0.4971  lr0=1.15e-05 lr1=5.73e-04
12:40:27 INFO   e2 step  2500/2613  loss=0.6998  acc=0.4974  lr0=1.14e-05 lr1=5.68e-04
12:41:03 INFO   e2 step  2550/2613  loss=0.6998  acc=0.4980  lr0=1.12e-05 lr1=5.62e-04
12:41:39 INFO   e2 step  2600/2613  loss=0.6997  acc=0.4981  lr0=1.11e-05 lr1=5.57e-04
12:42:59 INFO [epoch 2] train_loss=0.6997 train_acc=0.4983  val_loss=0.7112 val_acc=0.4969 val_auc=0.6154  elapsed=1938.4s
12:43:35 INFO   e3 step    50/2613  loss=0.7046  acc=0.4925  lr0=1.10e-05 lr1=5.50e-04
12:44:10 INFO   e3 step   100/2613  loss=0.7008  acc=0.4975  lr0=1.09e-05 lr1=5.45e-04
12:44:45 INFO   e3 step   150/2613  loss=0.6985  acc=0.5017  lr0=1.08e-05 lr1=5.40e-04
12:45:22 INFO   e3 step   200/2613  loss=0.6987  acc=0.5012  lr0=1.07e-05 lr1=5.34e-04
12:45:57 INFO   e3 step   250/2613  loss=0.6990  acc=0.5005  lr0=1.06e-05 lr1=5.29e-04
12:46:33 INFO   e3 step   300/2613  loss=0.6980  acc=0.5025  lr0=1.05e-05 lr1=5.24e-04
12:47:09 INFO   e3 step   350/2613  loss=0.6985  acc=0.5004  lr0=1.04e-05 lr1=5.18e-04
12:47:45 INFO   e3 step   400/2613  loss=0.6985  acc=0.4966  lr0=1.03e-05 lr1=5.13e-04
12:48:20 INFO   e3 step   450/2613  loss=0.6982  acc=0.4994  lr0=1.02e-05 lr1=5.08e-04
12:48:56 INFO   e3 step   500/2613  loss=0.6983  acc=0.4980  lr0=1.00e-05 lr1=5.02e-04
12:49:32 INFO   e3 step   550/2613  loss=0.6976  acc=0.5023  lr0=9.94e-06 lr1=4.97e-04
12:50:08 INFO   e3 step   600/2613  loss=0.6980  acc=0.5017  lr0=9.84e-06 lr1=4.92e-04
12:50:44 INFO   e3 step   650/2613  loss=0.6971  acc=0.5054  lr0=9.73e-06 lr1=4.86e-04
12:51:19 INFO   e3 step   700/2613  loss=0.6979  acc=0.5041  lr0=9.62e-06 lr1=4.81e-04
12:51:55 INFO   e3 step   750/2613  loss=0.6982  acc=0.5020  lr0=9.52e-06 lr1=4.76e-04
12:52:31 INFO   e3 step   800/2613  loss=0.6982  acc=0.5012  lr0=9.41e-06 lr1=4.71e-04
12:53:07 INFO   e3 step   850/2613  loss=0.6982  acc=0.5021  lr0=9.30e-06 lr1=4.65e-04
12:53:42 INFO   e3 step   900/2613  loss=0.6982  acc=0.5012  lr0=9.20e-06 lr1=4.60e-04
12:54:18 INFO   e3 step   950/2613  loss=0.6984  acc=0.5024  lr0=9.09e-06 lr1=4.55e-04
12:54:54 INFO   e3 step  1000/2613  loss=0.6984  acc=0.5041  lr0=8.98e-06 lr1=4.49e-04
12:55:29 INFO   e3 step  1050/2613  loss=0.6983  acc=0.5043  lr0=8.88e-06 lr1=4.44e-04
12:56:05 INFO   e3 step  1100/2613  loss=0.6984  acc=0.5038  lr0=8.77e-06 lr1=4.39e-04
12:56:41 INFO   e3 step  1150/2613  loss=0.6983  acc=0.5051  lr0=8.67e-06 lr1=4.33e-04
12:57:17 INFO   e3 step  1200/2613  loss=0.6984  acc=0.5049  lr0=8.56e-06 lr1=4.28e-04
12:57:53 INFO   e3 step  1250/2613  loss=0.6981  acc=0.5063  lr0=8.45e-06 lr1=4.23e-04
12:58:29 INFO   e3 step  1300/2613  loss=0.6980  acc=0.5078  lr0=8.35e-06 lr1=4.17e-04
12:59:05 INFO   e3 step  1350/2613  loss=0.6980  acc=0.5072  lr0=8.24e-06 lr1=4.12e-04
12:59:41 INFO   e3 step  1400/2613  loss=0.6978  acc=0.5080  lr0=8.13e-06 lr1=4.07e-04
13:00:16 INFO   e3 step  1450/2613  loss=0.6979  acc=0.5060  lr0=8.03e-06 lr1=4.01e-04
13:00:52 INFO   e3 step  1500/2613  loss=0.6979  acc=0.5064  lr0=7.92e-06 lr1=3.96e-04
13:01:27 INFO   e3 step  1550/2613  loss=0.6978  acc=0.5065  lr0=7.82e-06 lr1=3.91e-04
13:02:03 INFO   e3 step  1600/2613  loss=0.6980  acc=0.5058  lr0=7.71e-06 lr1=3.85e-04
13:02:38 INFO   e3 step  1650/2613  loss=0.6979  acc=0.5064  lr0=7.60e-06 lr1=3.80e-04
13:03:14 INFO   e3 step  1700/2613  loss=0.6978  acc=0.5059  lr0=7.50e-06 lr1=3.75e-04
13:03:49 INFO   e3 step  1750/2613  loss=0.6980  acc=0.5050  lr0=7.39e-06 lr1=3.70e-04
13:04:25 INFO   e3 step  1800/2613  loss=0.6976  acc=0.5065  lr0=7.28e-06 lr1=3.64e-04
13:05:01 INFO   e3 step  1850/2613  loss=0.6975  acc=0.5069  lr0=7.18e-06 lr1=3.59e-04
13:05:37 INFO   e3 step  1900/2613  loss=0.6975  acc=0.5066  lr0=7.07e-06 lr1=3.54e-04
13:06:13 INFO   e3 step  1950/2613  loss=0.6974  acc=0.5068  lr0=6.97e-06 lr1=3.48e-04
13:06:49 INFO   e3 step  2000/2613  loss=0.6973  acc=0.5071  lr0=6.86e-06 lr1=3.43e-04
13:07:25 INFO   e3 step  2050/2613  loss=0.6973  acc=0.5073  lr0=6.75e-06 lr1=3.38e-04
13:08:00 INFO   e3 step  2100/2613  loss=0.6973  acc=0.5073  lr0=6.65e-06 lr1=3.32e-04
13:08:36 INFO   e3 step  2150/2613  loss=0.6973  acc=0.5070  lr0=6.54e-06 lr1=3.27e-04
13:09:11 INFO   e3 step  2200/2613  loss=0.6974  acc=0.5063  lr0=6.43e-06 lr1=3.22e-04
13:09:47 INFO   e3 step  2250/2613  loss=0.6973  acc=0.5061  lr0=6.33e-06 lr1=3.16e-04
13:10:23 INFO   e3 step  2300/2613  loss=0.6974  acc=0.5060  lr0=6.22e-06 lr1=3.11e-04
13:10:59 INFO   e3 step  2350/2613  loss=0.6974  acc=0.5056  lr0=6.11e-06 lr1=3.06e-04
13:11:35 INFO   e3 step  2400/2613  loss=0.6974  acc=0.5059  lr0=6.01e-06 lr1=3.00e-04
13:12:11 INFO   e3 step  2450/2613  loss=0.6973  acc=0.5062  lr0=5.90e-06 lr1=2.95e-04
13:12:47 INFO   e3 step  2500/2613  loss=0.6972  acc=0.5072  lr0=5.80e-06 lr1=2.90e-04
13:13:23 INFO   e3 step  2550/2613  loss=0.6971  acc=0.5077  lr0=5.69e-06 lr1=2.84e-04
13:13:59 INFO   e3 step  2600/2613  loss=0.6971  acc=0.5079  lr0=5.58e-06 lr1=2.79e-04
13:15:20 INFO [epoch 3] train_loss=0.6971 train_acc=0.5084  val_loss=0.6931 val_acc=0.5031 val_auc=0.5177  elapsed=1940.8s
13:15:56 INFO   e4 step    50/2613  loss=0.6957  acc=0.4825  lr0=5.45e-06 lr1=2.72e-04
13:16:32 INFO   e4 step   100/2613  loss=0.6951  acc=0.4975  lr0=5.34e-06 lr1=2.67e-04
13:17:08 INFO   e4 step   150/2613  loss=0.6957  acc=0.5067  lr0=5.24e-06 lr1=2.62e-04
13:17:44 INFO   e4 step   200/2613  loss=0.6953  acc=0.5075  lr0=5.13e-06 lr1=2.57e-04
13:18:21 INFO   e4 step   250/2613  loss=0.6957  acc=0.5125  lr0=5.02e-06 lr1=2.51e-04
13:18:57 INFO   e4 step   300/2613  loss=0.6965  acc=0.5067  lr0=4.92e-06 lr1=2.46e-04
13:19:32 INFO   e4 step   350/2613  loss=0.6969  acc=0.5039  lr0=4.81e-06 lr1=2.41e-04
13:20:09 INFO   e4 step   400/2613  loss=0.6971  acc=0.5031  lr0=4.71e-06 lr1=2.35e-04
13:20:45 INFO   e4 step   450/2613  loss=0.6969  acc=0.5042  lr0=4.60e-06 lr1=2.30e-04
13:21:21 INFO   e4 step   500/2613  loss=0.6967  acc=0.5020  lr0=4.49e-06 lr1=2.25e-04
13:21:56 INFO   e4 step   550/2613  loss=0.6964  acc=0.5036  lr0=4.39e-06 lr1=2.19e-04
13:22:31 INFO   e4 step   600/2613  loss=0.6965  acc=0.5021  lr0=4.28e-06 lr1=2.14e-04
13:23:07 INFO   e4 step   650/2613  loss=0.6964  acc=0.5019  lr0=4.17e-06 lr1=2.09e-04
13:23:43 INFO   e4 step   700/2613  loss=0.6964  acc=0.5012  lr0=4.07e-06 lr1=2.03e-04
13:24:19 INFO   e4 step   750/2613  loss=0.6963  acc=0.5010  lr0=3.96e-06 lr1=1.98e-04
13:24:55 INFO   e4 step   800/2613  loss=0.6965  acc=0.4997  lr0=3.85e-06 lr1=1.93e-04
13:25:30 INFO   e4 step   850/2613  loss=0.6962  acc=0.4991  lr0=3.75e-06 lr1=1.87e-04
13:26:05 INFO   e4 step   900/2613  loss=0.6962  acc=0.4996  lr0=3.64e-06 lr1=1.82e-04
13:26:42 INFO   e4 step   950/2613  loss=0.6962  acc=0.4988  lr0=3.54e-06 lr1=1.77e-04
13:27:18 INFO   e4 step  1000/2613  loss=0.6959  acc=0.5011  lr0=3.43e-06 lr1=1.71e-04
13:27:53 INFO   e4 step  1050/2613  loss=0.6959  acc=0.5007  lr0=3.32e-06 lr1=1.66e-04
13:28:29 INFO   e4 step  1100/2613  loss=0.6960  acc=0.4995  lr0=3.22e-06 lr1=1.61e-04
13:29:05 INFO   e4 step  1150/2613  loss=0.6960  acc=0.5007  lr0=3.11e-06 lr1=1.56e-04
13:29:42 INFO   e4 step  1200/2613  loss=0.6960  acc=0.5007  lr0=3.00e-06 lr1=1.50e-04
13:30:18 INFO   e4 step  1250/2613  loss=0.6960  acc=0.5001  lr0=2.90e-06 lr1=1.45e-04
13:30:54 INFO   e4 step  1300/2613  loss=0.6956  acc=0.5031  lr0=2.79e-06 lr1=1.40e-04
13:31:30 INFO   e4 step  1350/2613  loss=0.6956  acc=0.5041  lr0=2.69e-06 lr1=1.34e-04
13:32:06 INFO   e4 step  1400/2613  loss=0.6956  acc=0.5040  lr0=2.58e-06 lr1=1.29e-04
13:32:41 INFO   e4 step  1450/2613  loss=0.6955  acc=0.5047  lr0=2.47e-06 lr1=1.24e-04
13:33:16 INFO   e4 step  1500/2613  loss=0.6954  acc=0.5052  lr0=2.37e-06 lr1=1.18e-04
13:33:52 INFO   e4 step  1550/2613  loss=0.6954  acc=0.5052  lr0=2.26e-06 lr1=1.13e-04
13:34:28 INFO   e4 step  1600/2613  loss=0.6953  acc=0.5061  lr0=2.15e-06 lr1=1.08e-04
13:35:04 INFO   e4 step  1650/2613  loss=0.6951  acc=0.5075  lr0=2.05e-06 lr1=1.02e-04
13:35:40 INFO   e4 step  1700/2613  loss=0.6952  acc=0.5074  lr0=1.94e-06 lr1=9.71e-05
13:36:17 INFO   e4 step  1750/2613  loss=0.6951  acc=0.5068  lr0=1.83e-06 lr1=9.17e-05
13:36:53 INFO   e4 step  1800/2613  loss=0.6951  acc=0.5067  lr0=1.73e-06 lr1=8.64e-05
13:37:29 INFO   e4 step  1850/2613  loss=0.6950  acc=0.5070  lr0=1.62e-06 lr1=8.11e-05
13:38:05 INFO   e4 step  1900/2613  loss=0.6950  acc=0.5073  lr0=1.52e-06 lr1=7.58e-05
13:38:40 INFO   e4 step  1950/2613  loss=0.6949  acc=0.5077  lr0=1.41e-06 lr1=7.05e-05
13:39:16 INFO   e4 step  2000/2613  loss=0.6949  acc=0.5076  lr0=1.30e-06 lr1=6.52e-05
13:39:52 INFO   e4 step  2050/2613  loss=0.6949  acc=0.5076  lr0=1.20e-06 lr1=5.98e-05
13:40:28 INFO   e4 step  2100/2613  loss=0.6949  acc=0.5071  lr0=1.09e-06 lr1=5.45e-05
13:41:04 INFO   e4 step  2150/2613  loss=0.6948  acc=0.5067  lr0=9.84e-07 lr1=4.92e-05
13:41:40 INFO   e4 step  2200/2613  loss=0.6948  acc=0.5069  lr0=8.78e-07 lr1=4.39e-05
13:42:16 INFO   e4 step  2250/2613  loss=0.6948  acc=0.5059  lr0=7.72e-07 lr1=3.86e-05
13:42:52 INFO   e4 step  2300/2613  loss=0.6947  acc=0.5071  lr0=6.65e-07 lr1=3.33e-05
13:43:28 INFO   e4 step  2350/2613  loss=0.6948  acc=0.5064  lr0=5.59e-07 lr1=2.80e-05
13:44:04 INFO   e4 step  2400/2613  loss=0.6947  acc=0.5069  lr0=4.53e-07 lr1=2.26e-05
13:44:39 INFO   e4 step  2450/2613  loss=0.6947  acc=0.5064  lr0=3.47e-07 lr1=1.73e-05
13:45:15 INFO   e4 step  2500/2613  loss=0.6947  acc=0.5063  lr0=2.40e-07 lr1=1.20e-05
13:45:50 INFO   e4 step  2550/2613  loss=0.6947  acc=0.5065  lr0=1.34e-07 lr1=6.70e-06
13:46:26 INFO   e4 step  2600/2613  loss=0.6947  acc=0.5066  lr0=2.76e-08 lr1=1.38e-06
13:47:47 INFO [epoch 4] train_loss=0.6947 train_acc=0.5068  val_loss=0.6932 val_acc=0.5031 val_auc=0.4943  elapsed=1946.8s
13:47:49 INFO loading best.pt for test eval
13:49:01 INFO [test] loss=0.6955  acc=0.5002  auc=0.5319  f1=0.6668
13:49:01 INFO [done] run_summary.json written to /mnt/localssd/crossencoder_sweep/runs/ajo_newstyle/deberta-v3-large
