10:27:33 INFO run_dir=runs/classifier/models/aep_causal_classification_34_all-mpnet-base-v2
10:27:33 INFO device=cuda  bf16=True
10:27:33 INFO tokenizer <- sentence-transformers/all-mpnet-base-v2
10:27:34 INFO max_seq_len=524 exceeds model cap 512; clamping to 512
10:27:34 INFO max_seq_len=512 (user-provided)
10:27:34 INFO loading datasets
10:27:35 INFO   train=110775  val=6004  test=6004
10:27:35 INFO building DirectionalClassifier on sentence-transformers/all-mpnet-base-v2  head_cfg={'head_type': 'mlp', 'hidden_dims': [512, 128], 'dropout': 0.1, 'activation': 'gelu', 'norm': 'layer'}  n_tiers=0
10:27:37 INFO   hidden_size=768  trainable_params=220,619,521
10:27:37 INFO   total_steps=34620  warmup_steps=3462
10:27:47 INFO   e1 step    50/3462  loss=0.8317  acc=0.5200  lr0=2.89e-07 lr1=1.44e-05
10:27:55 INFO   e1 step   100/3462  loss=0.7860  acc=0.5487  lr0=5.78e-07 lr1=2.89e-05
10:28:03 INFO   e1 step   150/3462  loss=0.7498  acc=0.5779  lr0=8.67e-07 lr1=4.33e-05
10:28:11 INFO   e1 step   200/3462  loss=0.7132  acc=0.6033  lr0=1.16e-06 lr1=5.78e-05
10:28:19 INFO   e1 step   250/3462  loss=0.6787  acc=0.6300  lr0=1.44e-06 lr1=7.22e-05
10:28:27 INFO   e1 step   300/3462  loss=0.6468  acc=0.6524  lr0=1.73e-06 lr1=8.67e-05
10:28:35 INFO   e1 step   350/3462  loss=0.6207  acc=0.6710  lr0=2.02e-06 lr1=1.01e-04
10:28:43 INFO   e1 step   400/3462  loss=0.5975  acc=0.6862  lr0=2.31e-06 lr1=1.16e-04
10:28:52 INFO   e1 step   450/3462  loss=0.5752  acc=0.7010  lr0=2.60e-06 lr1=1.30e-04
10:29:00 INFO   e1 step   500/3462  loss=0.5516  acc=0.7154  lr0=2.89e-06 lr1=1.44e-04
10:29:08 INFO   e1 step   550/3462  loss=0.5320  acc=0.7276  lr0=3.18e-06 lr1=1.59e-04
10:29:16 INFO   e1 step   600/3462  loss=0.5136  acc=0.7387  lr0=3.47e-06 lr1=1.73e-04
10:29:25 INFO   e1 step   650/3462  loss=0.4976  acc=0.7488  lr0=3.76e-06 lr1=1.88e-04
10:29:32 INFO   e1 step   700/3462  loss=0.4854  acc=0.7567  lr0=4.04e-06 lr1=2.02e-04
10:29:41 INFO   e1 step   750/3462  loss=0.4712  acc=0.7650  lr0=4.33e-06 lr1=2.17e-04
10:29:49 INFO   e1 step   800/3462  loss=0.4584  acc=0.7725  lr0=4.62e-06 lr1=2.31e-04
10:29:57 INFO   e1 step   850/3462  loss=0.4463  acc=0.7795  lr0=4.91e-06 lr1=2.46e-04
10:30:05 INFO   e1 step   900/3462  loss=0.4342  acc=0.7863  lr0=5.20e-06 lr1=2.60e-04
10:30:14 INFO   e1 step   950/3462  loss=0.4238  acc=0.7922  lr0=5.49e-06 lr1=2.74e-04
10:30:22 INFO   e1 step  1000/3462  loss=0.4129  acc=0.7984  lr0=5.78e-06 lr1=2.89e-04
10:30:30 INFO   e1 step  1050/3462  loss=0.4027  acc=0.8039  lr0=6.07e-06 lr1=3.03e-04
10:30:38 INFO   e1 step  1100/3462  loss=0.3926  acc=0.8093  lr0=6.35e-06 lr1=3.18e-04
10:30:46 INFO   e1 step  1150/3462  loss=0.3836  acc=0.8141  lr0=6.64e-06 lr1=3.32e-04
10:30:54 INFO   e1 step  1200/3462  loss=0.3758  acc=0.8185  lr0=6.93e-06 lr1=3.47e-04
10:31:02 INFO   e1 step  1250/3462  loss=0.3679  acc=0.8228  lr0=7.22e-06 lr1=3.61e-04
10:31:10 INFO   e1 step  1300/3462  loss=0.3607  acc=0.8267  lr0=7.51e-06 lr1=3.76e-04
10:31:19 INFO   e1 step  1350/3462  loss=0.3532  acc=0.8307  lr0=7.80e-06 lr1=3.90e-04
10:31:27 INFO   e1 step  1400/3462  loss=0.3457  acc=0.8346  lr0=8.09e-06 lr1=4.04e-04
10:31:35 INFO   e1 step  1450/3462  loss=0.3393  acc=0.8381  lr0=8.38e-06 lr1=4.19e-04
10:31:43 INFO   e1 step  1500/3462  loss=0.3329  acc=0.8415  lr0=8.67e-06 lr1=4.33e-04
10:31:51 INFO   e1 step  1550/3462  loss=0.3265  acc=0.8449  lr0=8.95e-06 lr1=4.48e-04
10:31:59 INFO   e1 step  1600/3462  loss=0.3206  acc=0.8481  lr0=9.24e-06 lr1=4.62e-04
10:32:08 INFO   e1 step  1650/3462  loss=0.3149  acc=0.8509  lr0=9.53e-06 lr1=4.77e-04
10:32:16 INFO   e1 step  1700/3462  loss=0.3097  acc=0.8537  lr0=9.82e-06 lr1=4.91e-04
10:32:24 INFO   e1 step  1750/3462  loss=0.3043  acc=0.8564  lr0=1.01e-05 lr1=5.05e-04
10:32:32 INFO   e1 step  1800/3462  loss=0.2997  acc=0.8590  lr0=1.04e-05 lr1=5.20e-04
10:32:40 INFO   e1 step  1850/3462  loss=0.2949  acc=0.8615  lr0=1.07e-05 lr1=5.34e-04
10:32:48 INFO   e1 step  1900/3462  loss=0.2898  acc=0.8639  lr0=1.10e-05 lr1=5.49e-04
10:32:56 INFO   e1 step  1950/3462  loss=0.2861  acc=0.8659  lr0=1.13e-05 lr1=5.63e-04
10:33:05 INFO   e1 step  2000/3462  loss=0.2813  acc=0.8684  lr0=1.16e-05 lr1=5.78e-04
10:33:12 INFO   e1 step  2050/3462  loss=0.2777  acc=0.8704  lr0=1.18e-05 lr1=5.92e-04
10:33:20 INFO   e1 step  2100/3462  loss=0.2738  acc=0.8725  lr0=1.21e-05 lr1=6.07e-04
10:33:29 INFO   e1 step  2150/3462  loss=0.2700  acc=0.8745  lr0=1.24e-05 lr1=6.21e-04
10:33:37 INFO   e1 step  2200/3462  loss=0.2658  acc=0.8766  lr0=1.27e-05 lr1=6.35e-04
10:33:45 INFO   e1 step  2250/3462  loss=0.2619  acc=0.8786  lr0=1.30e-05 lr1=6.50e-04
10:33:53 INFO   e1 step  2300/3462  loss=0.2582  acc=0.8805  lr0=1.33e-05 lr1=6.64e-04
10:34:01 INFO   e1 step  2350/3462  loss=0.2547  acc=0.8823  lr0=1.36e-05 lr1=6.79e-04
10:34:09 INFO   e1 step  2400/3462  loss=0.2513  acc=0.8841  lr0=1.39e-05 lr1=6.93e-04
10:34:18 INFO   e1 step  2450/3462  loss=0.2480  acc=0.8858  lr0=1.42e-05 lr1=7.08e-04
10:34:26 INFO   e1 step  2500/3462  loss=0.2447  acc=0.8874  lr0=1.44e-05 lr1=7.22e-04
10:34:34 INFO   e1 step  2550/3462  loss=0.2419  acc=0.8890  lr0=1.47e-05 lr1=7.37e-04
10:34:42 INFO   e1 step  2600/3462  loss=0.2387  acc=0.8906  lr0=1.50e-05 lr1=7.51e-04
10:34:50 INFO   e1 step  2650/3462  loss=0.2352  acc=0.8922  lr0=1.53e-05 lr1=7.65e-04
10:34:59 INFO   e1 step  2700/3462  loss=0.2326  acc=0.8937  lr0=1.56e-05 lr1=7.80e-04
10:35:07 INFO   e1 step  2750/3462  loss=0.2295  acc=0.8952  lr0=1.59e-05 lr1=7.94e-04
10:35:15 INFO   e1 step  2800/3462  loss=0.2271  acc=0.8966  lr0=1.62e-05 lr1=8.09e-04
10:35:23 INFO   e1 step  2850/3462  loss=0.2246  acc=0.8979  lr0=1.65e-05 lr1=8.23e-04
10:35:31 INFO   e1 step  2900/3462  loss=0.2217  acc=0.8993  lr0=1.68e-05 lr1=8.38e-04
10:35:39 INFO   e1 step  2950/3462  loss=0.2193  acc=0.9006  lr0=1.70e-05 lr1=8.52e-04
10:35:47 INFO   e1 step  3000/3462  loss=0.2167  acc=0.9019  lr0=1.73e-05 lr1=8.67e-04
10:35:55 INFO   e1 step  3050/3462  loss=0.2145  acc=0.9030  lr0=1.76e-05 lr1=8.81e-04
10:36:03 INFO   e1 step  3100/3462  loss=0.2124  acc=0.9041  lr0=1.79e-05 lr1=8.95e-04
10:36:11 INFO   e1 step  3150/3462  loss=0.2101  acc=0.9052  lr0=1.82e-05 lr1=9.10e-04
10:36:20 INFO   e1 step  3200/3462  loss=0.2083  acc=0.9061  lr0=1.85e-05 lr1=9.24e-04
10:36:28 INFO   e1 step  3250/3462  loss=0.2060  acc=0.9071  lr0=1.88e-05 lr1=9.39e-04
10:36:36 INFO   e1 step  3300/3462  loss=0.2043  acc=0.9080  lr0=1.91e-05 lr1=9.53e-04
10:36:44 INFO   e1 step  3350/3462  loss=0.2021  acc=0.9090  lr0=1.94e-05 lr1=9.68e-04
10:36:53 INFO   e1 step  3400/3462  loss=0.2000  acc=0.9100  lr0=1.96e-05 lr1=9.82e-04
10:37:01 INFO   e1 step  3450/3462  loss=0.1979  acc=0.9110  lr0=1.99e-05 lr1=9.97e-04
10:37:10 INFO [epoch 1] train_loss=0.1975 train_acc=0.9112  val_loss=0.6418 val_acc=0.8694 val_auc=0.9237  elapsed=573.1s
10:37:12 INFO   saved best.pt  val_acc=0.8694
10:37:20 INFO   e2 step    50/3462  loss=0.0450  acc=0.9825  lr0=2.00e-05 lr1=9.98e-04
10:37:28 INFO   e2 step   100/3462  loss=0.0471  acc=0.9828  lr0=1.99e-05 lr1=9.97e-04
10:37:36 INFO   e2 step   150/3462  loss=0.0465  acc=0.9825  lr0=1.99e-05 lr1=9.95e-04
10:37:44 INFO   e2 step   200/3462  loss=0.0425  acc=0.9844  lr0=1.99e-05 lr1=9.94e-04
10:37:53 INFO   e2 step   250/3462  loss=0.0449  acc=0.9830  lr0=1.98e-05 lr1=9.92e-04
10:38:01 INFO   e2 step   300/3462  loss=0.0472  acc=0.9821  lr0=1.98e-05 lr1=9.90e-04
10:38:09 INFO   e2 step   350/3462  loss=0.0527  acc=0.9803  lr0=1.98e-05 lr1=9.89e-04
10:38:17 INFO   e2 step   400/3462  loss=0.0534  acc=0.9800  lr0=1.97e-05 lr1=9.87e-04
10:38:25 INFO   e2 step   450/3462  loss=0.0534  acc=0.9801  lr0=1.97e-05 lr1=9.86e-04
10:38:33 INFO   e2 step   500/3462  loss=0.0530  acc=0.9804  lr0=1.97e-05 lr1=9.84e-04
10:38:41 INFO   e2 step   550/3462  loss=0.0529  acc=0.9802  lr0=1.96e-05 lr1=9.82e-04
10:39:25 INFO run_dir=runs/classifier/models/aep_causal_classification_34_all-mpnet-base-v2
10:39:25 INFO device=cuda  bf16=True
10:39:25 INFO tokenizer <- sentence-transformers/all-mpnet-base-v2
10:39:25 INFO max_seq_len=524 exceeds model cap 512; clamping to 512
10:39:25 INFO max_seq_len=512 (user-provided)
10:39:25 INFO loading datasets
10:39:26 INFO   train=110775  val=6004  test=6004
10:39:26 INFO building DirectionalClassifier on sentence-transformers/all-mpnet-base-v2  head_cfg={'head_type': 'mlp', 'hidden_dims': [512, 128], 'dropout': 0.1, 'activation': 'gelu', 'norm': 'layer'}  n_tiers=0
10:39:28 INFO   hidden_size=768  trainable_params=220,619,521
10:39:28 INFO   total_steps=10386  warmup_steps=1038
10:49:00 INFO run_dir=runs/classifier/models/aep_causal_classification_34_all-mpnet-base-v2
10:49:00 INFO device=cuda  bf16=True
10:49:00 INFO tokenizer <- sentence-transformers/all-mpnet-base-v2
10:49:00 INFO max_seq_len=524 exceeds model cap 512; clamping to 512
10:49:00 INFO max_seq_len=512 (user-provided)
10:49:00 INFO loading datasets
10:49:01 INFO   train=110775  val=6004  test=6004
10:49:01 INFO building DirectionalClassifier on sentence-transformers/all-mpnet-base-v2  head_cfg={'head_type': 'mlp', 'hidden_dims': [512, 128], 'dropout': 0.1, 'activation': 'gelu', 'norm': 'layer'}  n_tiers=0
10:49:03 INFO   hidden_size=768  trainable_params=220,619,521
10:49:03 INFO   total_steps=10386  warmup_steps=1038
10:49:50 INFO run_dir=runs/classifier/models/aep_causal_classification_34_all-mpnet-base-v2
10:49:50 INFO device=cuda  bf16=True
10:49:50 INFO tokenizer <- sentence-transformers/all-mpnet-base-v2
10:49:50 INFO max_seq_len=524 exceeds model cap 512; clamping to 512
10:49:50 INFO max_seq_len=512 (user-provided)
10:49:50 INFO loading datasets
10:49:51 INFO   train=110775  val=6004  test=6004
10:49:51 INFO building DirectionalClassifier on sentence-transformers/all-mpnet-base-v2  head_cfg={'head_type': 'mlp', 'hidden_dims': [512, 128], 'dropout': 0.1, 'activation': 'gelu', 'norm': 'layer'}  n_tiers=0
10:49:52 INFO   hidden_size=768  trainable_params=220,619,521
10:49:52 INFO   total_steps=10386  warmup_steps=1038
10:50:02 INFO   e1 step    50/3462  loss=0.7989  acc=0.5456  lr0=9.63e-07 lr1=4.82e-05
10:50:10 INFO   e1 step   100/3462  loss=0.7170  acc=0.6016  lr0=1.93e-06 lr1=9.63e-05
10:50:18 INFO   e1 step   150/3462  loss=0.6676  acc=0.6390  lr0=2.89e-06 lr1=1.45e-04
10:50:26 INFO   e1 step   200/3462  loss=0.6304  acc=0.6659  lr0=3.85e-06 lr1=1.93e-04
10:50:34 INFO   e1 step   250/3462  loss=0.5943  acc=0.6901  lr0=4.82e-06 lr1=2.41e-04
10:50:42 INFO   e1 step   300/3462  loss=0.5601  acc=0.7111  lr0=5.78e-06 lr1=2.89e-04
10:50:50 INFO   e1 step   350/3462  loss=0.5324  acc=0.7297  lr0=6.74e-06 lr1=3.37e-04
10:50:58 INFO   e1 step   400/3462  loss=0.5074  acc=0.7445  lr0=7.71e-06 lr1=3.85e-04
10:51:06 INFO   e1 step   450/3462  loss=0.4838  acc=0.7583  lr0=8.67e-06 lr1=4.34e-04
10:51:14 INFO   e1 step   500/3462  loss=0.4624  acc=0.7706  lr0=9.63e-06 lr1=4.82e-04
10:51:22 INFO   e1 step   550/3462  loss=0.4447  acc=0.7811  lr0=1.06e-05 lr1=5.30e-04
10:51:31 INFO   e1 step   600/3462  loss=0.4273  acc=0.7910  lr0=1.16e-05 lr1=5.78e-04
10:51:39 INFO   e1 step   650/3462  loss=0.4120  acc=0.8004  lr0=1.25e-05 lr1=6.26e-04
10:51:47 INFO   e1 step   700/3462  loss=0.4003  acc=0.8075  lr0=1.35e-05 lr1=6.74e-04
10:51:55 INFO   e1 step   750/3462  loss=0.3875  acc=0.8147  lr0=1.45e-05 lr1=7.23e-04
10:52:03 INFO   e1 step   800/3462  loss=0.3768  acc=0.8205  lr0=1.54e-05 lr1=7.71e-04
10:52:12 INFO   e1 step   850/3462  loss=0.3670  acc=0.8263  lr0=1.64e-05 lr1=8.19e-04
10:52:20 INFO   e1 step   900/3462  loss=0.3570  acc=0.8321  lr0=1.73e-05 lr1=8.67e-04
10:52:28 INFO   e1 step   950/3462  loss=0.3472  acc=0.8375  lr0=1.83e-05 lr1=9.15e-04
10:52:36 INFO   e1 step  1000/3462  loss=0.3371  acc=0.8426  lr0=1.93e-05 lr1=9.63e-04
10:52:44 INFO   e1 step  1050/3462  loss=0.3288  acc=0.8472  lr0=2.00e-05 lr1=9.99e-04
10:52:52 INFO   e1 step  1100/3462  loss=0.3209  acc=0.8516  lr0=1.99e-05 lr1=9.93e-04
10:53:00 INFO   e1 step  1150/3462  loss=0.3137  acc=0.8557  lr0=1.98e-05 lr1=9.88e-04
10:53:08 INFO   e1 step  1200/3462  loss=0.3073  acc=0.8593  lr0=1.97e-05 lr1=9.83e-04
10:53:16 INFO   e1 step  1250/3462  loss=0.3003  acc=0.8628  lr0=1.95e-05 lr1=9.77e-04
10:53:24 INFO   e1 step  1300/3462  loss=0.2937  acc=0.8661  lr0=1.94e-05 lr1=9.72e-04
10:53:33 INFO   e1 step  1350/3462  loss=0.2867  acc=0.8695  lr0=1.93e-05 lr1=9.67e-04
10:53:41 INFO   e1 step  1400/3462  loss=0.2802  acc=0.8727  lr0=1.92e-05 lr1=9.61e-04
10:53:50 INFO   e1 step  1450/3462  loss=0.2737  acc=0.8759  lr0=1.91e-05 lr1=9.56e-04
10:53:58 INFO   e1 step  1500/3462  loss=0.2675  acc=0.8790  lr0=1.90e-05 lr1=9.51e-04
10:54:06 INFO   e1 step  1550/3462  loss=0.2622  acc=0.8815  lr0=1.89e-05 lr1=9.45e-04
10:54:14 INFO   e1 step  1600/3462  loss=0.2565  acc=0.8842  lr0=1.88e-05 lr1=9.40e-04
10:54:23 INFO   e1 step  1650/3462  loss=0.2511  acc=0.8869  lr0=1.87e-05 lr1=9.35e-04
10:54:31 INFO   e1 step  1700/3462  loss=0.2463  acc=0.8893  lr0=1.86e-05 lr1=9.29e-04
10:54:39 INFO   e1 step  1750/3462  loss=0.2415  acc=0.8916  lr0=1.85e-05 lr1=9.24e-04
10:54:47 INFO   e1 step  1800/3462  loss=0.2374  acc=0.8936  lr0=1.84e-05 lr1=9.18e-04
10:54:56 INFO   e1 step  1850/3462  loss=0.2328  acc=0.8957  lr0=1.83e-05 lr1=9.13e-04
10:55:04 INFO   e1 step  1900/3462  loss=0.2285  acc=0.8978  lr0=1.82e-05 lr1=9.08e-04
10:55:12 INFO   e1 step  1950/3462  loss=0.2248  acc=0.8996  lr0=1.80e-05 lr1=9.02e-04
10:55:20 INFO   e1 step  2000/3462  loss=0.2211  acc=0.9015  lr0=1.79e-05 lr1=8.97e-04
10:55:28 INFO   e1 step  2050/3462  loss=0.2176  acc=0.9031  lr0=1.78e-05 lr1=8.92e-04
10:55:36 INFO   e1 step  2100/3462  loss=0.2141  acc=0.9048  lr0=1.77e-05 lr1=8.86e-04
10:55:44 INFO   e1 step  2150/3462  loss=0.2106  acc=0.9066  lr0=1.76e-05 lr1=8.81e-04
10:55:52 INFO   e1 step  2200/3462  loss=0.2069  acc=0.9083  lr0=1.75e-05 lr1=8.76e-04
10:56:00 INFO   e1 step  2250/3462  loss=0.2035  acc=0.9100  lr0=1.74e-05 lr1=8.70e-04
10:56:08 INFO   e1 step  2300/3462  loss=0.2004  acc=0.9114  lr0=1.73e-05 lr1=8.65e-04
10:56:16 INFO   e1 step  2350/3462  loss=0.1978  acc=0.9128  lr0=1.72e-05 lr1=8.60e-04
10:56:25 INFO   e1 step  2400/3462  loss=0.1948  acc=0.9143  lr0=1.71e-05 lr1=8.54e-04
10:56:33 INFO   e1 step  2450/3462  loss=0.1922  acc=0.9156  lr0=1.70e-05 lr1=8.49e-04
10:56:41 INFO   e1 step  2500/3462  loss=0.1893  acc=0.9168  lr0=1.69e-05 lr1=8.44e-04
10:56:49 INFO   e1 step  2550/3462  loss=0.1866  acc=0.9181  lr0=1.68e-05 lr1=8.38e-04
10:56:58 INFO   e1 step  2600/3462  loss=0.1838  acc=0.9193  lr0=1.67e-05 lr1=8.33e-04
10:57:06 INFO   e1 step  2650/3462  loss=0.1814  acc=0.9204  lr0=1.66e-05 lr1=8.28e-04
10:57:14 INFO   e1 step  2700/3462  loss=0.1790  acc=0.9216  lr0=1.64e-05 lr1=8.22e-04
10:57:23 INFO   e1 step  2750/3462  loss=0.1764  acc=0.9228  lr0=1.63e-05 lr1=8.17e-04
10:57:31 INFO   e1 step  2800/3462  loss=0.1739  acc=0.9239  lr0=1.62e-05 lr1=8.12e-04
10:57:38 INFO   e1 step  2850/3462  loss=0.1716  acc=0.9249  lr0=1.61e-05 lr1=8.06e-04
10:57:47 INFO   e1 step  2900/3462  loss=0.1692  acc=0.9260  lr0=1.60e-05 lr1=8.01e-04
10:57:55 INFO   e1 step  2950/3462  loss=0.1669  acc=0.9271  lr0=1.59e-05 lr1=7.95e-04
10:58:03 INFO   e1 step  3000/3462  loss=0.1649  acc=0.9279  lr0=1.58e-05 lr1=7.90e-04
10:58:11 INFO   e1 step  3050/3462  loss=0.1630  acc=0.9288  lr0=1.57e-05 lr1=7.85e-04
10:58:19 INFO   e1 step  3100/3462  loss=0.1610  acc=0.9297  lr0=1.56e-05 lr1=7.79e-04
10:58:27 INFO   e1 step  3150/3462  loss=0.1590  acc=0.9305  lr0=1.55e-05 lr1=7.74e-04
10:58:36 INFO   e1 step  3200/3462  loss=0.1574  acc=0.9313  lr0=1.54e-05 lr1=7.69e-04
10:58:45 INFO   e1 step  3250/3462  loss=0.1556  acc=0.9320  lr0=1.53e-05 lr1=7.63e-04
10:58:53 INFO   e1 step  3300/3462  loss=0.1537  acc=0.9329  lr0=1.52e-05 lr1=7.58e-04
10:59:02 INFO   e1 step  3350/3462  loss=0.1520  acc=0.9336  lr0=1.51e-05 lr1=7.53e-04
10:59:10 INFO   e1 step  3400/3462  loss=0.1503  acc=0.9344  lr0=1.49e-05 lr1=7.47e-04
10:59:18 INFO   e1 step  3450/3462  loss=0.1486  acc=0.9351  lr0=1.48e-05 lr1=7.42e-04
10:59:29 INFO [epoch 1] train_loss=0.1482 train_acc=0.9353  val_loss=0.6487 val_acc=0.8829 val_auc=0.9328  elapsed=576.3s
10:59:30 INFO   saved best.pt  val_acc=0.8829
10:59:39 INFO   e2 step    50/3462  loss=0.0329  acc=0.9875  lr0=1.47e-05 lr1=7.35e-04
10:59:47 INFO   e2 step   100/3462  loss=0.0328  acc=0.9881  lr0=1.46e-05 lr1=7.30e-04
10:59:55 INFO   e2 step   150/3462  loss=0.0294  acc=0.9890  lr0=1.45e-05 lr1=7.25e-04
11:00:03 INFO   e2 step   200/3462  loss=0.0275  acc=0.9902  lr0=1.44e-05 lr1=7.19e-04
11:00:12 INFO   e2 step   250/3462  loss=0.0298  acc=0.9892  lr0=1.43e-05 lr1=7.14e-04
11:00:20 INFO   e2 step   300/3462  loss=0.0300  acc=0.9883  lr0=1.42e-05 lr1=7.09e-04
11:00:29 INFO   e2 step   350/3462  loss=0.0305  acc=0.9875  lr0=1.41e-05 lr1=7.03e-04
11:00:37 INFO   e2 step   400/3462  loss=0.0327  acc=0.9872  lr0=1.40e-05 lr1=6.98e-04
11:00:45 INFO   e2 step   450/3462  loss=0.0333  acc=0.9874  lr0=1.39e-05 lr1=6.93e-04
11:00:53 INFO   e2 step   500/3462  loss=0.0339  acc=0.9869  lr0=1.37e-05 lr1=6.87e-04
11:01:02 INFO   e2 step   550/3462  loss=0.0340  acc=0.9866  lr0=1.36e-05 lr1=6.82e-04
11:01:10 INFO   e2 step   600/3462  loss=0.0334  acc=0.9866  lr0=1.35e-05 lr1=6.77e-04
11:01:18 INFO   e2 step   650/3462  loss=0.0341  acc=0.9863  lr0=1.34e-05 lr1=6.71e-04
11:01:27 INFO   e2 step   700/3462  loss=0.0343  acc=0.9861  lr0=1.33e-05 lr1=6.66e-04
11:01:35 INFO   e2 step   750/3462  loss=0.0341  acc=0.9861  lr0=1.32e-05 lr1=6.60e-04
11:01:43 INFO   e2 step   800/3462  loss=0.0334  acc=0.9860  lr0=1.31e-05 lr1=6.55e-04
11:01:52 INFO   e2 step   850/3462  loss=0.0334  acc=0.9860  lr0=1.30e-05 lr1=6.50e-04
11:02:00 INFO   e2 step   900/3462  loss=0.0333  acc=0.9860  lr0=1.29e-05 lr1=6.44e-04
11:02:09 INFO   e2 step   950/3462  loss=0.0330  acc=0.9862  lr0=1.28e-05 lr1=6.39e-04
11:02:17 INFO   e2 step  1000/3462  loss=0.0324  acc=0.9862  lr0=1.27e-05 lr1=6.34e-04
11:02:26 INFO   e2 step  1050/3462  loss=0.0319  acc=0.9864  lr0=1.26e-05 lr1=6.28e-04
11:02:35 INFO   e2 step  1100/3462  loss=0.0311  acc=0.9867  lr0=1.25e-05 lr1=6.23e-04
11:02:44 INFO   e2 step  1150/3462  loss=0.0310  acc=0.9868  lr0=1.24e-05 lr1=6.18e-04
11:02:52 INFO   e2 step  1200/3462  loss=0.0307  acc=0.9870  lr0=1.22e-05 lr1=6.12e-04
11:03:01 INFO   e2 step  1250/3462  loss=0.0303  acc=0.9871  lr0=1.21e-05 lr1=6.07e-04
11:03:09 INFO   e2 step  1300/3462  loss=0.0304  acc=0.9870  lr0=1.20e-05 lr1=6.02e-04
11:03:18 INFO   e2 step  1350/3462  loss=0.0302  acc=0.9870  lr0=1.19e-05 lr1=5.96e-04
11:03:26 INFO   e2 step  1400/3462  loss=0.0302  acc=0.9869  lr0=1.18e-05 lr1=5.91e-04
11:03:35 INFO   e2 step  1450/3462  loss=0.0299  acc=0.9870  lr0=1.17e-05 lr1=5.86e-04
11:03:44 INFO   e2 step  1500/3462  loss=0.0296  acc=0.9871  lr0=1.16e-05 lr1=5.80e-04
11:03:52 INFO   e2 step  1550/3462  loss=0.0291  acc=0.9872  lr0=1.15e-05 lr1=5.75e-04
11:04:01 INFO   e2 step  1600/3462  loss=0.0289  acc=0.9872  lr0=1.14e-05 lr1=5.70e-04
11:04:11 INFO   e2 step  1650/3462  loss=0.0286  acc=0.9873  lr0=1.13e-05 lr1=5.64e-04
11:04:21 INFO   e2 step  1700/3462  loss=0.0284  acc=0.9875  lr0=1.12e-05 lr1=5.59e-04
11:04:30 INFO   e2 step  1750/3462  loss=0.0281  acc=0.9877  lr0=1.11e-05 lr1=5.53e-04
11:04:38 INFO   e2 step  1800/3462  loss=0.0280  acc=0.9877  lr0=1.10e-05 lr1=5.48e-04
11:04:46 INFO   e2 step  1850/3462  loss=0.0278  acc=0.9877  lr0=1.09e-05 lr1=5.43e-04
11:04:54 INFO   e2 step  1900/3462  loss=0.0276  acc=0.9878  lr0=1.07e-05 lr1=5.37e-04
11:05:02 INFO   e2 step  1950/3462  loss=0.0274  acc=0.9878  lr0=1.06e-05 lr1=5.32e-04
11:05:10 INFO   e2 step  2000/3462  loss=0.0275  acc=0.9878  lr0=1.05e-05 lr1=5.27e-04
11:05:18 INFO   e2 step  2050/3462  loss=0.0275  acc=0.9877  lr0=1.04e-05 lr1=5.21e-04
11:05:26 INFO   e2 step  2100/3462  loss=0.0274  acc=0.9877  lr0=1.03e-05 lr1=5.16e-04
11:05:35 INFO   e2 step  2150/3462  loss=0.0273  acc=0.9878  lr0=1.02e-05 lr1=5.11e-04
11:05:43 INFO   e2 step  2200/3462  loss=0.0273  acc=0.9877  lr0=1.01e-05 lr1=5.05e-04
11:05:51 INFO   e2 step  2250/3462  loss=0.0271  acc=0.9878  lr0=1.00e-05 lr1=5.00e-04
11:06:00 INFO   e2 step  2300/3462  loss=0.0270  acc=0.9878  lr0=9.89e-06 lr1=4.95e-04
11:06:08 INFO   e2 step  2350/3462  loss=0.0269  acc=0.9879  lr0=9.79e-06 lr1=4.89e-04
11:06:16 INFO   e2 step  2400/3462  loss=0.0268  acc=0.9879  lr0=9.68e-06 lr1=4.84e-04
11:06:24 INFO   e2 step  2450/3462  loss=0.0276  acc=0.9878  lr0=9.57e-06 lr1=4.79e-04
11:06:32 INFO   e2 step  2500/3462  loss=0.0275  acc=0.9878  lr0=9.47e-06 lr1=4.73e-04
11:06:40 INFO   e2 step  2550/3462  loss=0.0276  acc=0.9878  lr0=9.36e-06 lr1=4.68e-04
11:06:48 INFO   e2 step  2600/3462  loss=0.0275  acc=0.9878  lr0=9.25e-06 lr1=4.63e-04
11:06:56 INFO   e2 step  2650/3462  loss=0.0274  acc=0.9878  lr0=9.14e-06 lr1=4.57e-04
11:07:04 INFO   e2 step  2700/3462  loss=0.0273  acc=0.9877  lr0=9.04e-06 lr1=4.52e-04
11:07:12 INFO   e2 step  2750/3462  loss=0.0273  acc=0.9878  lr0=8.93e-06 lr1=4.47e-04
11:07:21 INFO   e2 step  2800/3462  loss=0.0271  acc=0.9878  lr0=8.82e-06 lr1=4.41e-04
11:07:29 INFO   e2 step  2850/3462  loss=0.0270  acc=0.9879  lr0=8.72e-06 lr1=4.36e-04
11:07:37 INFO   e2 step  2900/3462  loss=0.0269  acc=0.9879  lr0=8.61e-06 lr1=4.30e-04
11:07:45 INFO   e2 step  2950/3462  loss=0.0267  acc=0.9879  lr0=8.50e-06 lr1=4.25e-04
11:07:54 INFO   e2 step  3000/3462  loss=0.0265  acc=0.9879  lr0=8.40e-06 lr1=4.20e-04
11:08:02 INFO   e2 step  3050/3462  loss=0.0265  acc=0.9880  lr0=8.29e-06 lr1=4.14e-04
11:08:10 INFO   e2 step  3100/3462  loss=0.0263  acc=0.9880  lr0=8.18e-06 lr1=4.09e-04
11:08:19 INFO   e2 step  3150/3462  loss=0.0262  acc=0.9881  lr0=8.07e-06 lr1=4.04e-04
11:08:27 INFO   e2 step  3200/3462  loss=0.0262  acc=0.9880  lr0=7.97e-06 lr1=3.98e-04
11:08:35 INFO   e2 step  3250/3462  loss=0.0261  acc=0.9881  lr0=7.86e-06 lr1=3.93e-04
11:08:43 INFO   e2 step  3300/3462  loss=0.0260  acc=0.9881  lr0=7.75e-06 lr1=3.88e-04
11:08:52 INFO   e2 step  3350/3462  loss=0.0258  acc=0.9882  lr0=7.65e-06 lr1=3.82e-04
11:09:00 INFO   e2 step  3400/3462  loss=0.0257  acc=0.9882  lr0=7.54e-06 lr1=3.77e-04
11:09:09 INFO   e2 step  3450/3462  loss=0.0256  acc=0.9883  lr0=7.43e-06 lr1=3.72e-04
11:09:18 INFO [epoch 2] train_loss=0.0256 train_acc=0.9883  val_loss=0.6828 val_acc=0.9037 val_auc=0.9405  elapsed=588.5s
11:09:20 INFO   saved best.pt  val_acc=0.9037
11:09:28 INFO   e3 step    50/3462  loss=0.0166  acc=0.9888  lr0=7.30e-06 lr1=3.65e-04
11:09:36 INFO   e3 step   100/3462  loss=0.0169  acc=0.9903  lr0=7.19e-06 lr1=3.60e-04
11:09:44 INFO   e3 step   150/3462  loss=0.0169  acc=0.9915  lr0=7.09e-06 lr1=3.54e-04
11:09:53 INFO   e3 step   200/3462  loss=0.0194  acc=0.9908  lr0=6.98e-06 lr1=3.49e-04
11:10:01 INFO   e3 step   250/3462  loss=0.0185  acc=0.9909  lr0=6.87e-06 lr1=3.44e-04
11:10:09 INFO   e3 step   300/3462  loss=0.0194  acc=0.9909  lr0=6.77e-06 lr1=3.38e-04
11:10:17 INFO   e3 step   350/3462  loss=0.0204  acc=0.9908  lr0=6.66e-06 lr1=3.33e-04
11:10:25 INFO   e3 step   400/3462  loss=0.0204  acc=0.9905  lr0=6.55e-06 lr1=3.28e-04
11:10:34 INFO   e3 step   450/3462  loss=0.0195  acc=0.9908  lr0=6.44e-06 lr1=3.22e-04
11:10:42 INFO   e3 step   500/3462  loss=0.0193  acc=0.9909  lr0=6.34e-06 lr1=3.17e-04
11:10:50 INFO   e3 step   550/3462  loss=0.0194  acc=0.9908  lr0=6.23e-06 lr1=3.12e-04
11:10:58 INFO   e3 step   600/3462  loss=0.0194  acc=0.9907  lr0=6.12e-06 lr1=3.06e-04
11:11:06 INFO   e3 step   650/3462  loss=0.0199  acc=0.9904  lr0=6.02e-06 lr1=3.01e-04
11:11:14 INFO   e3 step   700/3462  loss=0.0197  acc=0.9901  lr0=5.91e-06 lr1=2.95e-04
11:11:22 INFO   e3 step   750/3462  loss=0.0196  acc=0.9903  lr0=5.80e-06 lr1=2.90e-04
11:11:31 INFO   e3 step   800/3462  loss=0.0195  acc=0.9902  lr0=5.70e-06 lr1=2.85e-04
11:11:39 INFO   e3 step   850/3462  loss=0.0194  acc=0.9902  lr0=5.59e-06 lr1=2.79e-04
11:11:47 INFO   e3 step   900/3462  loss=0.0193  acc=0.9903  lr0=5.48e-06 lr1=2.74e-04
11:11:55 INFO   e3 step   950/3462  loss=0.0189  acc=0.9904  lr0=5.37e-06 lr1=2.69e-04
11:12:04 INFO   e3 step  1000/3462  loss=0.0188  acc=0.9905  lr0=5.27e-06 lr1=2.63e-04
11:12:12 INFO   e3 step  1050/3462  loss=0.0186  acc=0.9905  lr0=5.16e-06 lr1=2.58e-04
11:12:20 INFO   e3 step  1100/3462  loss=0.0184  acc=0.9906  lr0=5.05e-06 lr1=2.53e-04
11:12:28 INFO   e3 step  1150/3462  loss=0.0182  acc=0.9907  lr0=4.95e-06 lr1=2.47e-04
11:12:36 INFO   e3 step  1200/3462  loss=0.0181  acc=0.9907  lr0=4.84e-06 lr1=2.42e-04
11:12:44 INFO   e3 step  1250/3462  loss=0.0181  acc=0.9907  lr0=4.73e-06 lr1=2.37e-04
11:12:52 INFO   e3 step  1300/3462  loss=0.0184  acc=0.9906  lr0=4.63e-06 lr1=2.31e-04
11:13:00 INFO   e3 step  1350/3462  loss=0.0184  acc=0.9905  lr0=4.52e-06 lr1=2.26e-04
11:13:08 INFO   e3 step  1400/3462  loss=0.0181  acc=0.9906  lr0=4.41e-06 lr1=2.21e-04
11:13:16 INFO   e3 step  1450/3462  loss=0.0181  acc=0.9905  lr0=4.30e-06 lr1=2.15e-04
11:13:24 INFO   e3 step  1500/3462  loss=0.0178  acc=0.9907  lr0=4.20e-06 lr1=2.10e-04
11:13:33 INFO   e3 step  1550/3462  loss=0.0177  acc=0.9907  lr0=4.09e-06 lr1=2.05e-04
11:13:41 INFO   e3 step  1600/3462  loss=0.0178  acc=0.9907  lr0=3.98e-06 lr1=1.99e-04
11:13:49 INFO   e3 step  1650/3462  loss=0.0179  acc=0.9907  lr0=3.88e-06 lr1=1.94e-04
11:13:57 INFO   e3 step  1700/3462  loss=0.0178  acc=0.9908  lr0=3.77e-06 lr1=1.88e-04
11:14:05 INFO   e3 step  1750/3462  loss=0.0177  acc=0.9907  lr0=3.66e-06 lr1=1.83e-04
11:14:14 INFO   e3 step  1800/3462  loss=0.0176  acc=0.9908  lr0=3.56e-06 lr1=1.78e-04
11:14:22 INFO   e3 step  1850/3462  loss=0.0177  acc=0.9908  lr0=3.45e-06 lr1=1.72e-04
11:14:30 INFO   e3 step  1900/3462  loss=0.0177  acc=0.9908  lr0=3.34e-06 lr1=1.67e-04
11:14:38 INFO   e3 step  1950/3462  loss=0.0176  acc=0.9908  lr0=3.23e-06 lr1=1.62e-04
11:14:46 INFO   e3 step  2000/3462  loss=0.0175  acc=0.9908  lr0=3.13e-06 lr1=1.56e-04
11:14:54 INFO   e3 step  2050/3462  loss=0.0173  acc=0.9908  lr0=3.02e-06 lr1=1.51e-04
11:15:02 INFO   e3 step  2100/3462  loss=0.0174  acc=0.9908  lr0=2.91e-06 lr1=1.46e-04
11:15:11 INFO   e3 step  2150/3462  loss=0.0173  acc=0.9908  lr0=2.81e-06 lr1=1.40e-04
11:15:19 INFO   e3 step  2200/3462  loss=0.0174  acc=0.9907  lr0=2.70e-06 lr1=1.35e-04
11:15:27 INFO   e3 step  2250/3462  loss=0.0173  acc=0.9908  lr0=2.59e-06 lr1=1.30e-04
11:15:35 INFO   e3 step  2300/3462  loss=0.0174  acc=0.9907  lr0=2.49e-06 lr1=1.24e-04
11:15:43 INFO   e3 step  2350/3462  loss=0.0174  acc=0.9907  lr0=2.38e-06 lr1=1.19e-04
11:15:52 INFO   e3 step  2400/3462  loss=0.0174  acc=0.9906  lr0=2.27e-06 lr1=1.14e-04
11:16:00 INFO   e3 step  2450/3462  loss=0.0173  acc=0.9907  lr0=2.17e-06 lr1=1.08e-04
11:16:08 INFO   e3 step  2500/3462  loss=0.0173  acc=0.9907  lr0=2.06e-06 lr1=1.03e-04
11:16:16 INFO   e3 step  2550/3462  loss=0.0174  acc=0.9906  lr0=1.95e-06 lr1=9.76e-05
11:16:25 INFO   e3 step  2600/3462  loss=0.0173  acc=0.9906  lr0=1.84e-06 lr1=9.22e-05
11:16:33 INFO   e3 step  2650/3462  loss=0.0173  acc=0.9906  lr0=1.74e-06 lr1=8.69e-05
11:16:42 INFO   e3 step  2700/3462  loss=0.0172  acc=0.9906  lr0=1.63e-06 lr1=8.15e-05
11:16:50 INFO   e3 step  2750/3462  loss=0.0172  acc=0.9906  lr0=1.52e-06 lr1=7.62e-05
11:16:58 INFO   e3 step  2800/3462  loss=0.0172  acc=0.9905  lr0=1.42e-06 lr1=7.08e-05
11:17:06 INFO   e3 step  2850/3462  loss=0.0172  acc=0.9905  lr0=1.31e-06 lr1=6.55e-05
11:17:14 INFO   e3 step  2900/3462  loss=0.0172  acc=0.9906  lr0=1.20e-06 lr1=6.01e-05
11:17:23 INFO   e3 step  2950/3462  loss=0.0172  acc=0.9906  lr0=1.10e-06 lr1=5.48e-05
11:17:31 INFO   e3 step  3000/3462  loss=0.0170  acc=0.9906  lr0=9.88e-07 lr1=4.94e-05
11:17:39 INFO   e3 step  3050/3462  loss=0.0170  acc=0.9907  lr0=8.81e-07 lr1=4.41e-05
11:17:47 INFO   e3 step  3100/3462  loss=0.0170  acc=0.9907  lr0=7.74e-07 lr1=3.87e-05
11:17:56 INFO   e3 step  3150/3462  loss=0.0170  acc=0.9907  lr0=6.68e-07 lr1=3.34e-05
11:18:04 INFO   e3 step  3200/3462  loss=0.0170  acc=0.9907  lr0=5.61e-07 lr1=2.80e-05
11:18:12 INFO   e3 step  3250/3462  loss=0.0169  acc=0.9907  lr0=4.54e-07 lr1=2.27e-05
11:18:20 INFO   e3 step  3300/3462  loss=0.0169  acc=0.9907  lr0=3.47e-07 lr1=1.73e-05
11:18:28 INFO   e3 step  3350/3462  loss=0.0169  acc=0.9907  lr0=2.40e-07 lr1=1.20e-05
11:18:36 INFO   e3 step  3400/3462  loss=0.0168  acc=0.9908  lr0=1.33e-07 lr1=6.63e-06
11:18:45 INFO   e3 step  3450/3462  loss=0.0168  acc=0.9908  lr0=2.57e-08 lr1=1.28e-06
11:18:55 INFO [epoch 3] train_loss=0.0168 train_acc=0.9908  val_loss=0.8232 val_acc=0.8942 val_auc=0.9329  elapsed=575.0s
11:18:56 INFO loading best.pt for test eval
11:19:07 INFO [test] loss=0.8115  acc=0.8899  auc=0.9313  f1=0.8845
11:19:07 INFO [test] per-tier-pair accuracy:
11:19:07 INFO         T1-T2  n=    2  acc=1.0000
11:19:07 INFO         T1-T3  n=   10  acc=1.0000
11:19:07 INFO         T1-T4  n=    8  acc=1.0000
11:19:07 INFO         T1-T5  n=   20  acc=1.0000
11:19:07 INFO         T1-T6  n=   64  acc=1.0000
11:19:07 INFO         T1-T7  n=    6  acc=1.0000
11:19:07 INFO         T1-T8  n=   36  acc=1.0000
11:19:07 INFO         T1-T9  n=   12  acc=1.0000
11:19:07 INFO        T1-T10  n=    4  acc=1.0000
11:19:07 INFO        T1-T11  n=   24  acc=1.0000
11:19:07 INFO        T1-T12  n=    8  acc=1.0000
11:19:07 INFO        T1-T13  n=    8  acc=1.0000
11:19:07 INFO        T1-T14  n=    2  acc=1.0000
11:19:07 INFO        T1-T15  n=   28  acc=1.0000
11:19:07 INFO         T2-T3  n=    5  acc=1.0000
11:19:07 INFO         T2-T4  n=    4  acc=1.0000
11:19:07 INFO         T2-T5  n=   10  acc=1.0000
11:19:07 INFO         T2-T6  n=   32  acc=1.0000
11:19:07 INFO         T2-T7  n=    3  acc=1.0000
11:19:07 INFO         T2-T8  n=   18  acc=1.0000
11:19:07 INFO         T2-T9  n=    6  acc=1.0000
11:19:07 INFO        T2-T10  n=    2  acc=1.0000
11:19:07 INFO        T2-T11  n=   12  acc=1.0000
11:19:07 INFO        T2-T12  n=    4  acc=1.0000
11:19:07 INFO        T2-T13  n=    4  acc=1.0000
11:19:07 INFO        T2-T14  n=    1  acc=1.0000
11:19:07 INFO        T2-T15  n=   14  acc=1.0000
11:19:07 INFO         T3-T4  n=   20  acc=1.0000
11:19:07 INFO         T3-T5  n=   50  acc=0.9400
11:19:07 INFO         T3-T6  n=  160  acc=0.9000
11:19:07 INFO         T3-T7  n=   15  acc=0.9333
11:19:07 INFO         T3-T8  n=   90  acc=0.9222
11:19:07 INFO         T3-T9  n=   30  acc=1.0000
11:19:07 INFO        T3-T10  n=   10  acc=1.0000
11:19:07 INFO        T3-T11  n=   60  acc=0.9667
11:19:07 INFO        T3-T12  n=   20  acc=0.9500
11:19:07 INFO        T3-T13  n=   20  acc=1.0000
11:19:07 INFO        T3-T14  n=    5  acc=1.0000
11:19:07 INFO        T3-T15  n=   70  acc=0.9714
11:19:07 INFO         T4-T5  n=   40  acc=0.4000
11:19:07 INFO         T4-T6  n=  128  acc=0.5938
11:19:07 INFO         T4-T7  n=   12  acc=0.8333
11:19:07 INFO         T4-T8  n=   72  acc=0.7500
11:19:07 INFO         T4-T9  n=   24  acc=0.9583
11:19:07 INFO        T4-T10  n=    8  acc=1.0000
11:19:07 INFO        T4-T11  n=   48  acc=0.8750
11:19:07 INFO        T4-T12  n=   16  acc=0.9375
11:19:07 INFO        T4-T13  n=   16  acc=1.0000
11:19:07 INFO        T4-T14  n=    4  acc=0.7500
11:19:07 INFO        T4-T15  n=   56  acc=0.8929
11:19:07 INFO         T5-T6  n=  320  acc=0.8438
11:19:07 INFO         T5-T7  n=   30  acc=0.9333
11:19:07 INFO         T5-T8  n=  180  acc=0.9444
11:19:07 INFO         T5-T9  n=   60  acc=1.0000
11:19:07 INFO        T5-T10  n=   20  acc=1.0000
11:19:07 INFO        T5-T11  n=  120  acc=0.9833
11:19:07 INFO        T5-T12  n=   40  acc=1.0000
11:19:07 INFO        T5-T13  n=   40  acc=1.0000
11:19:07 INFO        T5-T14  n=   10  acc=0.9000
11:19:07 INFO        T5-T15  n=  140  acc=0.9429
11:19:07 INFO         T6-T7  n=   96  acc=0.9479
11:19:07 INFO         T6-T8  n=  576  acc=0.9201
11:19:07 INFO         T6-T9  n=  192  acc=0.9427
11:19:07 INFO        T6-T10  n=   64  acc=0.9219
11:19:07 INFO        T6-T11  n=  384  acc=0.8828
11:19:07 INFO        T6-T12  n=  128  acc=0.9609
11:19:07 INFO        T6-T13  n=  128  acc=0.9922
11:19:07 INFO        T6-T14  n=   32  acc=0.8125
11:19:07 INFO        T6-T15  n=  448  acc=0.9263
11:19:07 INFO         T7-T8  n=   54  acc=0.6296
11:19:07 INFO         T7-T9  n=   18  acc=0.6667
11:19:07 INFO        T7-T10  n=    6  acc=0.6667
11:19:07 INFO        T7-T11  n=   36  acc=0.5833
11:19:07 INFO        T7-T12  n=   12  acc=0.6667
11:19:07 INFO        T7-T13  n=   12  acc=0.6667
11:19:07 INFO        T7-T14  n=    3  acc=0.0000
11:19:07 INFO        T7-T15  n=   42  acc=0.7619
11:19:07 INFO         T8-T9  n=  108  acc=0.9352
11:19:07 INFO        T8-T10  n=   36  acc=0.9722
11:19:07 INFO        T8-T11  n=  216  acc=0.8148
11:19:07 INFO        T8-T12  n=   72  acc=0.9167
11:19:07 INFO        T8-T13  n=   72  acc=0.9444
11:19:07 INFO        T8-T14  n=   18  acc=0.0000
11:19:07 INFO        T8-T15  n=  252  acc=0.8651
11:19:07 INFO        T9-T10  n=   12  acc=1.0000
11:19:07 INFO        T9-T11  n=   72  acc=0.8194
11:19:07 INFO        T9-T12  n=   24  acc=1.0000
11:19:07 INFO        T9-T13  n=   24  acc=1.0000
11:19:07 INFO        T9-T14  n=    6  acc=0.0000
11:19:07 INFO        T9-T15  n=   84  acc=0.8333
11:19:07 INFO       T10-T11  n=   24  acc=0.7917
11:19:07 INFO       T10-T12  n=    8  acc=1.0000
11:19:07 INFO       T10-T13  n=    8  acc=1.0000
11:19:07 INFO       T10-T14  n=    2  acc=0.0000
11:19:07 INFO       T10-T15  n=   28  acc=0.8214
11:19:07 INFO       T11-T12  n=   48  acc=0.7500
11:19:07 INFO       T11-T13  n=   48  acc=1.0000
11:19:07 INFO       T11-T14  n=   12  acc=0.0833
11:19:07 INFO       T11-T15  n=  168  acc=0.8690
11:19:07 INFO       T12-T13  n=   16  acc=1.0000
11:19:07 INFO       T12-T14  n=    4  acc=0.0000
11:19:07 INFO       T12-T15  n=   56  acc=0.8750
11:19:07 INFO       T13-T14  n=    4  acc=0.0000
11:19:07 INFO       T13-T15  n=   56  acc=0.8571
11:19:07 INFO       T14-T15  n=   14  acc=0.9286
11:19:07 INFO [done] results in runs/classifier/models/aep_causal_classification_34_all-mpnet-base-v2
