18:04:28 INFO run_dir=/mnt/localssd/baseline_sweep/runs/ajo_doc_not_tier1/all-mpnet-base-v2
18:04:28 INFO device=cuda:0  bf16=True  physical_gpu=3  CUDA_VISIBLE_DEVICES=3
18:04:28 INFO dataset=ajo_doc_not_tier1  model=all-mpnet-base-v2  backbone=sentence-transformers/all-mpnet-base-v2
18:04:28 INFO tokenizer <- sentence-transformers/all-mpnet-base-v2
Warning: You are sending unauthenticated requests to the HF Hub. Please set a HF_TOKEN to enable higher rate limits and faster downloads.
18:04:29 INFO split files: ['directional_train.jsonl', 'directional_val.jsonl', 'directional_test.jsonl']
18:04:29 INFO scanning max token length across all splits ...
18:06:38 INFO   observed_max=262 -> max_seq_len=278 (cap=512, scan=129.0s)
18:06:38 INFO loading datasets ...
18:06:39 INFO   schema=standard  train=88000  val=11200  test=11200
18:06:39 INFO building DirectionalClassifier  backbone=sentence-transformers/all-mpnet-base-v2  head=MLP(4d->512->128->1, act=gelu, norm=layer, dropout=0.1)  n_tiers=0
Loading weights:   0%|          | 0/199 [00:00<?, ?it/s]Loading weights: 100%|██████████| 199/199 [00:00<00:00, 6332.54it/s]
Loading weights:   0%|          | 0/199 [00:00<?, ?it/s]Loading weights: 100%|██████████| 199/199 [00:00<00:00, 7749.27it/s]
18:06:40 INFO   hidden_size=768  trainable_params=220,619,521
18:06:40 INFO   total_steps=5500  warmup_steps=550
18:06:57 INFO   e1 step    50/1375  loss=0.8157  acc=0.5216  lr0=1.82e-06 lr1=9.09e-05
18:07:12 INFO   e1 step   100/1375  loss=0.7708  acc=0.5425  lr0=3.64e-06 lr1=1.82e-04
18:07:27 INFO   e1 step   150/1375  loss=0.7275  acc=0.5719  lr0=5.45e-06 lr1=2.73e-04
18:07:42 INFO   e1 step   200/1375  loss=0.6753  acc=0.6166  lr0=7.27e-06 lr1=3.64e-04
18:07:57 INFO   e1 step   250/1375  loss=0.6089  acc=0.6646  lr0=9.09e-06 lr1=4.55e-04
18:08:12 INFO   e1 step   300/1375  loss=0.5520  acc=0.7028  lr0=1.09e-05 lr1=5.45e-04
18:08:27 INFO   e1 step   350/1375  loss=0.5012  acc=0.7346  lr0=1.27e-05 lr1=6.36e-04
18:08:42 INFO   e1 step   400/1375  loss=0.4566  acc=0.7608  lr0=1.45e-05 lr1=7.27e-04
18:08:57 INFO   e1 step   450/1375  loss=0.4181  acc=0.7826  lr0=1.64e-05 lr1=8.18e-04
18:09:12 INFO   e1 step   500/1375  loss=0.3854  acc=0.8011  lr0=1.82e-05 lr1=9.09e-04
18:09:27 INFO   e1 step   550/1375  loss=0.3585  acc=0.8164  lr0=2.00e-05 lr1=1.00e-03
18:09:42 INFO   e1 step   600/1375  loss=0.3333  acc=0.8301  lr0=1.98e-05 lr1=9.90e-04
18:09:57 INFO   e1 step   650/1375  loss=0.3117  acc=0.8418  lr0=1.96e-05 lr1=9.80e-04
18:10:12 INFO   e1 step   700/1375  loss=0.2926  acc=0.8521  lr0=1.94e-05 lr1=9.70e-04
18:10:27 INFO   e1 step   750/1375  loss=0.2757  acc=0.8611  lr0=1.92e-05 lr1=9.60e-04
18:10:42 INFO   e1 step   800/1375  loss=0.2611  acc=0.8690  lr0=1.90e-05 lr1=9.49e-04
18:10:57 INFO   e1 step   850/1375  loss=0.2475  acc=0.8761  lr0=1.88e-05 lr1=9.39e-04
18:11:12 INFO   e1 step   900/1375  loss=0.2349  acc=0.8826  lr0=1.86e-05 lr1=9.29e-04
18:11:27 INFO   e1 step   950/1375  loss=0.2237  acc=0.8885  lr0=1.84e-05 lr1=9.19e-04
18:11:42 INFO   e1 step  1000/1375  loss=0.2132  acc=0.8938  lr0=1.82e-05 lr1=9.09e-04
18:11:57 INFO   e1 step  1050/1375  loss=0.2044  acc=0.8985  lr0=1.80e-05 lr1=8.99e-04
18:12:13 INFO   e1 step  1100/1375  loss=0.1958  acc=0.9029  lr0=1.78e-05 lr1=8.89e-04
18:12:28 INFO   e1 step  1150/1375  loss=0.1879  acc=0.9068  lr0=1.76e-05 lr1=8.79e-04
18:12:43 INFO   e1 step  1200/1375  loss=0.1808  acc=0.9105  lr0=1.74e-05 lr1=8.69e-04
18:12:58 INFO   e1 step  1250/1375  loss=0.1745  acc=0.9138  lr0=1.72e-05 lr1=8.59e-04
18:13:13 INFO   e1 step  1300/1375  loss=0.1679  acc=0.9171  lr0=1.70e-05 lr1=8.48e-04
18:13:28 INFO   e1 step  1350/1375  loss=0.1620  acc=0.9201  lr0=1.68e-05 lr1=8.38e-04
18:13:53 INFO [epoch 1] train_loss=0.1593 train_acc=0.9215  val_loss=0.0529 val_acc=0.9871 val_auc=0.9983  elapsed=432.9s
18:13:54 INFO   saved best.pt  val_acc=0.9871
18:14:10 INFO   e2 step    50/1375  loss=0.0075  acc=0.9975  lr0=1.65e-05 lr1=8.23e-04
18:14:25 INFO   e2 step   100/1375  loss=0.0069  acc=0.9980  lr0=1.63e-05 lr1=8.13e-04
18:14:40 INFO   e2 step   150/1375  loss=0.0052  acc=0.9984  lr0=1.61e-05 lr1=8.03e-04
18:14:55 INFO   e2 step   200/1375  loss=0.0055  acc=0.9985  lr0=1.59e-05 lr1=7.93e-04
18:15:10 INFO   e2 step   250/1375  loss=0.0055  acc=0.9984  lr0=1.57e-05 lr1=7.83e-04
18:15:25 INFO   e2 step   300/1375  loss=0.0051  acc=0.9985  lr0=1.55e-05 lr1=7.73e-04
18:15:40 INFO   e2 step   350/1375  loss=0.0057  acc=0.9983  lr0=1.53e-05 lr1=7.63e-04
18:15:55 INFO   e2 step   400/1375  loss=0.0053  acc=0.9985  lr0=1.51e-05 lr1=7.53e-04
18:16:10 INFO   e2 step   450/1375  loss=0.0048  acc=0.9986  lr0=1.48e-05 lr1=7.42e-04
18:16:25 INFO   e2 step   500/1375  loss=0.0047  acc=0.9987  lr0=1.46e-05 lr1=7.32e-04
18:16:40 INFO   e2 step   550/1375  loss=0.0044  acc=0.9988  lr0=1.44e-05 lr1=7.22e-04
18:16:55 INFO   e2 step   600/1375  loss=0.0044  acc=0.9988  lr0=1.42e-05 lr1=7.12e-04
18:17:10 INFO   e2 step   650/1375  loss=0.0043  acc=0.9988  lr0=1.40e-05 lr1=7.02e-04
18:17:25 INFO   e2 step   700/1375  loss=0.0043  acc=0.9988  lr0=1.38e-05 lr1=6.92e-04
18:17:40 INFO   e2 step   750/1375  loss=0.0042  acc=0.9988  lr0=1.36e-05 lr1=6.82e-04
18:17:56 INFO   e2 step   800/1375  loss=0.0044  acc=0.9988  lr0=1.34e-05 lr1=6.72e-04
18:18:11 INFO   e2 step   850/1375  loss=0.0043  acc=0.9988  lr0=1.32e-05 lr1=6.62e-04
18:18:26 INFO   e2 step   900/1375  loss=0.0042  acc=0.9989  lr0=1.30e-05 lr1=6.52e-04
18:18:41 INFO   e2 step   950/1375  loss=0.0041  acc=0.9989  lr0=1.28e-05 lr1=6.41e-04
18:18:56 INFO   e2 step  1000/1375  loss=0.0042  acc=0.9989  lr0=1.26e-05 lr1=6.31e-04
18:19:11 INFO   e2 step  1050/1375  loss=0.0040  acc=0.9990  lr0=1.24e-05 lr1=6.21e-04
18:19:26 INFO   e2 step  1100/1375  loss=0.0038  acc=0.9990  lr0=1.22e-05 lr1=6.11e-04
18:19:41 INFO   e2 step  1150/1375  loss=0.0037  acc=0.9990  lr0=1.20e-05 lr1=6.01e-04
18:19:56 INFO   e2 step  1200/1375  loss=0.0036  acc=0.9990  lr0=1.18e-05 lr1=5.91e-04
18:20:11 INFO   e2 step  1250/1375  loss=0.0035  acc=0.9991  lr0=1.16e-05 lr1=5.81e-04
18:20:26 INFO   e2 step  1300/1375  loss=0.0034  acc=0.9991  lr0=1.14e-05 lr1=5.71e-04
18:20:41 INFO   e2 step  1350/1375  loss=0.0033  acc=0.9991  lr0=1.12e-05 lr1=5.61e-04
18:21:07 INFO [epoch 2] train_loss=0.0034 train_acc=0.9991  val_loss=0.0254 val_acc=0.9927 val_auc=0.9990  elapsed=432.3s
18:21:08 INFO   saved best.pt  val_acc=0.9927
18:21:24 INFO   e3 step    50/1375  loss=0.0024  acc=0.9997  lr0=1.09e-05 lr1=5.45e-04
18:21:39 INFO   e3 step   100/1375  loss=0.0019  acc=0.9995  lr0=1.07e-05 lr1=5.35e-04
18:21:54 INFO   e3 step   150/1375  loss=0.0018  acc=0.9996  lr0=1.05e-05 lr1=5.25e-04
18:22:09 INFO   e3 step   200/1375  loss=0.0023  acc=0.9995  lr0=1.03e-05 lr1=5.15e-04
18:22:24 INFO   e3 step   250/1375  loss=0.0019  acc=0.9996  lr0=1.01e-05 lr1=5.05e-04
18:22:39 INFO   e3 step   300/1375  loss=0.0016  acc=0.9996  lr0=9.90e-06 lr1=4.95e-04
18:22:54 INFO   e3 step   350/1375  loss=0.0015  acc=0.9996  lr0=9.70e-06 lr1=4.85e-04
18:23:09 INFO   e3 step   400/1375  loss=0.0014  acc=0.9996  lr0=9.49e-06 lr1=4.75e-04
18:23:24 INFO   e3 step   450/1375  loss=0.0012  acc=0.9996  lr0=9.29e-06 lr1=4.65e-04
18:23:39 INFO   e3 step   500/1375  loss=0.0012  acc=0.9996  lr0=9.09e-06 lr1=4.55e-04
18:23:54 INFO   e3 step   550/1375  loss=0.0012  acc=0.9996  lr0=8.89e-06 lr1=4.44e-04
18:24:09 INFO   e3 step   600/1375  loss=0.0012  acc=0.9996  lr0=8.69e-06 lr1=4.34e-04
18:24:24 INFO   e3 step   650/1375  loss=0.0013  acc=0.9996  lr0=8.48e-06 lr1=4.24e-04
18:24:39 INFO   e3 step   700/1375  loss=0.0012  acc=0.9996  lr0=8.28e-06 lr1=4.14e-04
18:24:54 INFO   e3 step   750/1375  loss=0.0012  acc=0.9996  lr0=8.08e-06 lr1=4.04e-04
18:25:09 INFO   e3 step   800/1375  loss=0.0013  acc=0.9996  lr0=7.88e-06 lr1=3.94e-04
18:25:24 INFO   e3 step   850/1375  loss=0.0012  acc=0.9996  lr0=7.68e-06 lr1=3.84e-04
18:25:39 INFO   e3 step   900/1375  loss=0.0012  acc=0.9997  lr0=7.47e-06 lr1=3.74e-04
18:25:54 INFO   e3 step   950/1375  loss=0.0011  acc=0.9997  lr0=7.27e-06 lr1=3.64e-04
18:26:10 INFO   e3 step  1000/1375  loss=0.0010  acc=0.9997  lr0=7.07e-06 lr1=3.54e-04
18:26:25 INFO   e3 step  1050/1375  loss=0.0011  acc=0.9997  lr0=6.87e-06 lr1=3.43e-04
18:26:40 INFO   e3 step  1100/1375  loss=0.0010  acc=0.9997  lr0=6.67e-06 lr1=3.33e-04
18:26:55 INFO   e3 step  1150/1375  loss=0.0012  acc=0.9997  lr0=6.46e-06 lr1=3.23e-04
18:27:10 INFO   e3 step  1200/1375  loss=0.0011  acc=0.9997  lr0=6.26e-06 lr1=3.13e-04
18:27:25 INFO   e3 step  1250/1375  loss=0.0012  acc=0.9997  lr0=6.06e-06 lr1=3.03e-04
18:27:40 INFO   e3 step  1300/1375  loss=0.0012  acc=0.9997  lr0=5.86e-06 lr1=2.93e-04
18:27:55 INFO   e3 step  1350/1375  loss=0.0011  acc=0.9997  lr0=5.66e-06 lr1=2.83e-04
18:28:20 INFO [epoch 3] train_loss=0.0012 train_acc=0.9997  val_loss=0.0290 val_acc=0.9951 val_auc=0.9987  elapsed=432.2s
18:28:22 INFO   saved best.pt  val_acc=0.9951
18:28:37 INFO   e4 step    50/1375  loss=0.0002  acc=1.0000  lr0=5.35e-06 lr1=2.68e-04
18:28:52 INFO   e4 step   100/1375  loss=0.0001  acc=1.0000  lr0=5.15e-06 lr1=2.58e-04
18:29:07 INFO   e4 step   150/1375  loss=0.0002  acc=1.0000  lr0=4.95e-06 lr1=2.47e-04
18:29:22 INFO   e4 step   200/1375  loss=0.0002  acc=0.9999  lr0=4.75e-06 lr1=2.37e-04
18:29:37 INFO   e4 step   250/1375  loss=0.0002  acc=0.9999  lr0=4.55e-06 lr1=2.27e-04
18:29:52 INFO   e4 step   300/1375  loss=0.0002  acc=0.9999  lr0=4.34e-06 lr1=2.17e-04
18:30:07 INFO   e4 step   350/1375  loss=0.0003  acc=0.9999  lr0=4.14e-06 lr1=2.07e-04
18:30:22 INFO   e4 step   400/1375  loss=0.0002  acc=0.9999  lr0=3.94e-06 lr1=1.97e-04
18:30:37 INFO   e4 step   450/1375  loss=0.0002  acc=0.9999  lr0=3.74e-06 lr1=1.87e-04
18:30:52 INFO   e4 step   500/1375  loss=0.0002  acc=0.9999  lr0=3.54e-06 lr1=1.77e-04
18:31:08 INFO   e4 step   550/1375  loss=0.0002  acc=0.9999  lr0=3.33e-06 lr1=1.67e-04
18:31:23 INFO   e4 step   600/1375  loss=0.0002  acc=0.9999  lr0=3.13e-06 lr1=1.57e-04
18:31:38 INFO   e4 step   650/1375  loss=0.0002  acc=0.9999  lr0=2.93e-06 lr1=1.46e-04
18:31:53 INFO   e4 step   700/1375  loss=0.0002  acc=0.9999  lr0=2.73e-06 lr1=1.36e-04
18:32:08 INFO   e4 step   750/1375  loss=0.0002  acc=0.9999  lr0=2.53e-06 lr1=1.26e-04
18:32:23 INFO   e4 step   800/1375  loss=0.0001  acc=0.9999  lr0=2.32e-06 lr1=1.16e-04
18:32:38 INFO   e4 step   850/1375  loss=0.0001  acc=0.9999  lr0=2.12e-06 lr1=1.06e-04
18:32:53 INFO   e4 step   900/1375  loss=0.0001  acc=0.9999  lr0=1.92e-06 lr1=9.60e-05
18:33:08 INFO   e4 step   950/1375  loss=0.0001  acc=1.0000  lr0=1.72e-06 lr1=8.59e-05
18:33:23 INFO   e4 step  1000/1375  loss=0.0001  acc=1.0000  lr0=1.52e-06 lr1=7.58e-05
18:33:38 INFO   e4 step  1050/1375  loss=0.0001  acc=1.0000  lr0=1.31e-06 lr1=6.57e-05
18:33:53 INFO   e4 step  1100/1375  loss=0.0001  acc=1.0000  lr0=1.11e-06 lr1=5.56e-05
18:34:08 INFO   e4 step  1150/1375  loss=0.0001  acc=1.0000  lr0=9.09e-07 lr1=4.55e-05
18:34:23 INFO   e4 step  1200/1375  loss=0.0001  acc=1.0000  lr0=7.07e-07 lr1=3.54e-05
18:34:38 INFO   e4 step  1250/1375  loss=0.0001  acc=1.0000  lr0=5.05e-07 lr1=2.53e-05
18:34:54 INFO   e4 step  1300/1375  loss=0.0001  acc=1.0000  lr0=3.03e-07 lr1=1.52e-05
18:35:09 INFO   e4 step  1350/1375  loss=0.0001  acc=1.0000  lr0=1.01e-07 lr1=5.05e-06
18:35:34 INFO [epoch 4] train_loss=0.0001 train_acc=1.0000  val_loss=0.0171 val_acc=0.9962 val_auc=0.9998  elapsed=432.5s
18:35:35 INFO   saved best.pt  val_acc=0.9962
18:35:36 INFO loading best.pt for test eval
18:35:55 INFO [test] loss=0.0374  acc=0.9942  auc=0.9973  f1=0.9942
18:35:55 INFO [test] per-tier-pair accuracy:
18:35:55 INFO         T2-T3  n= 1400  acc=0.9743
18:35:55 INFO         T3-T4  n= 1400  acc=0.9929
18:35:55 INFO         T4-T5  n= 1400  acc=0.9929
18:35:55 INFO         T5-T6  n= 1400  acc=1.0000
18:35:55 INFO         T6-T7  n= 1400  acc=1.0000
18:35:55 INFO         T7-T8  n= 1400  acc=0.9971
18:35:55 INFO         T8-T9  n= 1400  acc=0.9993
18:35:55 INFO        T9-T10  n= 1400  acc=0.9971
18:35:55 INFO [done] run_summary.json written to /mnt/localssd/baseline_sweep/runs/ajo_doc_not_tier1/all-mpnet-base-v2
