07:32:29 INFO run_dir=runs/crossencoder2x_deberta_reasoning/aep_ajo_procedural_res_auxloss070  device=cuda  bf16=True
/mnt/localssd/causal-embedding-research/automation/internship-causal-embedding/.venv/lib/python3.11/site-packages/transformers/convert_slow_tokenizer.py:566: UserWarning: The sentencepiece tokenizer that you are converting to a fast tokenizer uses the byte fallback option which is not implemented in the fast tokenizers. In practice this means that the fast version of the tokenizer can produce unknown tokens whereas the sentencepiece version would have converted these unknown tokens into a sequence of byte tokens matching the original piece of text.
  warnings.warn(
07:32:30 INFO tokenizer <- microsoft/deberta-v3-large
07:32:30 INFO scanning max joint token length across all splits …
07:32:43 INFO   observed max=512  -> max_seq_len=512  (scan 12.8s)
07:32:43 INFO scanning max reasoning token length across all splits …
07:32:52 INFO   observed max=264  -> max_reason_len=280  (scan 9.2s)
07:32:52 INFO loading datasets …
07:32:52 INFO   train=38452  val=3928  test=4944
07:32:52 INFO building CrossEncoder2xWithReasoning  backbone=microsoft/deberta-v3-large  n_layers=24  native=True  decoder_layers=4 …
07:32:57 INFO   total params=501,614,693
07:32:57 INFO   total_steps=6010  warmup_steps=601
[W718 07:32:59.379900819 CUDACachingAllocator.cpp:3933] memory allocation failed with OOM on device 0 while trying to allocate 268435456 bytes (free: 267649024, total: 85093777408).
[W718 07:32:59.503835248 CUDACachingAllocator.cpp:3933] memory allocation failed with OOM on device 0 while trying to allocate 134217728 bytes (free: 131334144, total: 85093777408).
[W718 07:32:59.520365920 CUDACachingAllocator.cpp:3933] memory allocation failed with OOM on device 0 while trying to allocate 134217728 bytes (free: 133431296, total: 85093777408).
Traceback (most recent call last):
  File "<frozen runpy>", line 198, in _run_module_as_main
  File "<frozen runpy>", line 88, in _run_code
  File "/mnt/localssd/causal-embedding-research/automation/internship-causal-embedding/src/classifier/crossencoder/train_ce2x_reasoning.py", line 502, in <module>
    main()
  File "/mnt/localssd/causal-embedding-research/automation/internship-causal-embedding/src/classifier/crossencoder/train_ce2x_reasoning.py", line 405, in main
    cls_logits, dec_logits = model(
                             ^^^^^^
  File "/mnt/localssd/causal-embedding-research/automation/internship-causal-embedding/.venv/lib/python3.11/site-packages/torch/nn/modules/module.py", line 1778, in _wrapped_call_impl
    return self._call_impl(*args, **kwargs)
           ^^^^^^^^^^^^^^^^^^^^^^^^^^^^^^^^
  File "/mnt/localssd/causal-embedding-research/automation/internship-causal-embedding/.venv/lib/python3.11/site-packages/torch/nn/modules/module.py", line 1789, in _call_impl
    return forward_call(*args, **kwargs)
           ^^^^^^^^^^^^^^^^^^^^^^^^^^^^^
  File "/mnt/localssd/causal-embedding-research/new_base_line/internship-causal-embedding/my_work/kl/cross_encoder_2x/model_ce2x.py", line 196, in forward
    enc_out = self.backbone(**kwargs)
              ^^^^^^^^^^^^^^^^^^^^^^^
  File "/mnt/localssd/causal-embedding-research/automation/internship-causal-embedding/.venv/lib/python3.11/site-packages/torch/nn/modules/module.py", line 1778, in _wrapped_call_impl
    return self._call_impl(*args, **kwargs)
           ^^^^^^^^^^^^^^^^^^^^^^^^^^^^^^^^
  File "/mnt/localssd/causal-embedding-research/automation/internship-causal-embedding/.venv/lib/python3.11/site-packages/torch/nn/modules/module.py", line 1789, in _call_impl
    return forward_call(*args, **kwargs)
           ^^^^^^^^^^^^^^^^^^^^^^^^^^^^^
  File "/mnt/localssd/causal-embedding-research/automation/internship-causal-embedding/.venv/lib/python3.11/site-packages/transformers/models/deberta_v2/modeling_deberta_v2.py", line 784, in forward
    encoder_outputs = self.encoder(
                      ^^^^^^^^^^^^^
  File "/mnt/localssd/causal-embedding-research/automation/internship-causal-embedding/.venv/lib/python3.11/site-packages/torch/nn/modules/module.py", line 1778, in _wrapped_call_impl
    return self._call_impl(*args, **kwargs)
           ^^^^^^^^^^^^^^^^^^^^^^^^^^^^^^^^
  File "/mnt/localssd/causal-embedding-research/automation/internship-causal-embedding/.venv/lib/python3.11/site-packages/torch/nn/modules/module.py", line 1789, in _call_impl
    return forward_call(*args, **kwargs)
           ^^^^^^^^^^^^^^^^^^^^^^^^^^^^^
  File "/mnt/localssd/causal-embedding-research/automation/internship-causal-embedding/.venv/lib/python3.11/site-packages/transformers/models/deberta_v2/modeling_deberta_v2.py", line 657, in forward
    output_states, attn_weights = layer_module(
                                  ^^^^^^^^^^^^^
  File "/mnt/localssd/causal-embedding-research/automation/internship-causal-embedding/.venv/lib/python3.11/site-packages/transformers/modeling_layers.py", line 94, in __call__
    return super().__call__(*args, **kwargs)
           ^^^^^^^^^^^^^^^^^^^^^^^^^^^^^^^^^
  File "/mnt/localssd/causal-embedding-research/automation/internship-causal-embedding/.venv/lib/python3.11/site-packages/torch/nn/modules/module.py", line 1778, in _wrapped_call_impl
    return self._call_impl(*args, **kwargs)
           ^^^^^^^^^^^^^^^^^^^^^^^^^^^^^^^^
  File "/mnt/localssd/causal-embedding-research/automation/internship-causal-embedding/.venv/lib/python3.11/site-packages/torch/nn/modules/module.py", line 1789, in _call_impl
    return forward_call(*args, **kwargs)
           ^^^^^^^^^^^^^^^^^^^^^^^^^^^^^
  File "/mnt/localssd/causal-embedding-research/automation/internship-causal-embedding/.venv/lib/python3.11/site-packages/transformers/models/deberta_v2/modeling_deberta_v2.py", line 436, in forward
    attention_output, att_matrix = self.attention(
                                   ^^^^^^^^^^^^^^^
  File "/mnt/localssd/causal-embedding-research/automation/internship-causal-embedding/.venv/lib/python3.11/site-packages/torch/nn/modules/module.py", line 1778, in _wrapped_call_impl
    return self._call_impl(*args, **kwargs)
           ^^^^^^^^^^^^^^^^^^^^^^^^^^^^^^^^
  File "/mnt/localssd/causal-embedding-research/automation/internship-causal-embedding/.venv/lib/python3.11/site-packages/torch/nn/modules/module.py", line 1789, in _call_impl
    return forward_call(*args, **kwargs)
           ^^^^^^^^^^^^^^^^^^^^^^^^^^^^^
  File "/mnt/localssd/causal-embedding-research/automation/internship-causal-embedding/.venv/lib/python3.11/site-packages/transformers/models/deberta_v2/modeling_deberta_v2.py", line 369, in forward
    self_output, att_matrix = self.self(
                              ^^^^^^^^^^
  File "/mnt/localssd/causal-embedding-research/automation/internship-causal-embedding/.venv/lib/python3.11/site-packages/torch/nn/modules/module.py", line 1778, in _wrapped_call_impl
    return self._call_impl(*args, **kwargs)
           ^^^^^^^^^^^^^^^^^^^^^^^^^^^^^^^^
  File "/mnt/localssd/causal-embedding-research/automation/internship-causal-embedding/.venv/lib/python3.11/site-packages/torch/nn/modules/module.py", line 1789, in _call_impl
    return forward_call(*args, **kwargs)
           ^^^^^^^^^^^^^^^^^^^^^^^^^^^^^
  File "/mnt/localssd/causal-embedding-research/automation/internship-causal-embedding/.venv/lib/python3.11/site-packages/transformers/models/deberta_v2/modeling_deberta_v2.py", line 250, in forward
    rel_att = self.disentangled_attention_bias(
              ^^^^^^^^^^^^^^^^^^^^^^^^^^^^^^^^^
  File "/mnt/localssd/causal-embedding-research/automation/internship-causal-embedding/.venv/lib/python3.11/site-packages/transformers/models/deberta_v2/modeling_deberta_v2.py", line 321, in disentangled_attention_bias
    c2p_att = torch.bmm(query_layer, pos_key_layer.transpose(-1, -2))
              ^^^^^^^^^^^^^^^^^^^^^^^^^^^^^^^^^^^^^^^^^^^^^^^^^^^^^^^
  File "/mnt/localssd/causal-embedding-research/automation/internship-causal-embedding/.venv/lib/python3.11/site-packages/torch/_native/registry.py", line 925, in eager_router
    return _fallback.call_boxed(keyset, *args, **kwargs)
           ^^^^^^^^^^^^^^^^^^^^^^^^^^^^^^^^^^^^^^^^^^^^^
torch.OutOfMemoryError: CUDA out of memory. Tried to allocate 128.00 MiB. GPU 0 has a total capacity of 79.25 GiB of which 127.25 MiB is free. Process 617539 has 53.79 GiB memory in use. Including non-PyTorch memory, this process has 25.32 GiB memory in use. Of the allocated memory 24.81 GiB is allocated by PyTorch, and 10.18 MiB is reserved by PyTorch but unallocated. If reserved but unallocated memory is large try setting PYTORCH_CUDA_ALLOC_CONF=expandable_segments:True to avoid fragmentation.  See documentation for Memory Management  (https://docs.pytorch.org/docs/stable/notes/cuda.html#optimizing-memory-usage-with-pytorch-cuda-alloc-conf)
