07:13:23 INFO run_dir=runs/crossencoder2x_deberta_reasoning/procedural_res_only_auxloss070  device=cuda  bf16=True
/mnt/localssd/causal-embedding-research/automation/internship-causal-embedding/.venv/lib/python3.11/site-packages/transformers/convert_slow_tokenizer.py:566: UserWarning: The sentencepiece tokenizer that you are converting to a fast tokenizer uses the byte fallback option which is not implemented in the fast tokenizers. In practice this means that the fast version of the tokenizer can produce unknown tokens whereas the sentencepiece version would have converted these unknown tokens into a sequence of byte tokens matching the original piece of text.
  warnings.warn(
07:13:24 INFO tokenizer <- microsoft/deberta-v3-large
07:13:24 INFO scanning max joint token length across all splits …
07:13:29 INFO   observed max=512  -> max_seq_len=512  (scan 4.5s)
07:13:29 INFO scanning max reasoning token length across all splits …
07:13:32 INFO   observed max=264  -> max_reason_len=280  (scan 3.4s)
07:13:32 INFO loading datasets …
07:13:32 INFO   train=19291  val=1535  test=2552
07:13:32 INFO building CrossEncoder2xWithReasoning  backbone=microsoft/deberta-v3-large  n_layers=24  native=True  decoder_layers=4 …
07:13:34 INFO   total params=501,614,693
07:13:34 INFO   total_steps=3010  warmup_steps=301
07:14:29 INFO   e1 opt_step=50/3010  loss=4.2419  cls_loss=0.7088  decoder_loss=12.4737  acc=0.5078  lr=1.66e-06
07:15:21 INFO   e1 opt_step=100/3010  loss=3.6404  cls_loss=0.7054  decoder_loss=10.4948  acc=0.5119  lr=3.32e-06
07:16:13 INFO   e1 opt_step=150/3010  loss=3.2729  cls_loss=0.6980  decoder_loss=9.2932  acc=0.5291  lr=4.98e-06
07:17:10 INFO   e1 opt_step=200/3010  loss=3.0611  cls_loss=0.6959  decoder_loss=8.5865  acc=0.5344  lr=6.64e-06
07:18:02 INFO   e1 opt_step=250/3010  loss=2.9146  cls_loss=0.6915  decoder_loss=8.1087  acc=0.5439  lr=8.31e-06
07:18:55 INFO   e1 opt_step=300/3010  loss=2.7927  cls_loss=0.6817  decoder_loss=7.7264  acc=0.5636  lr=9.97e-06
07:19:06 INFO [epoch 1/10]  train_loss=2.7891  train_cls_loss=0.6809  train_decoder_loss=7.7161  train_acc=0.5646  val_loss=2.0120  val_acc=0.7590  val_auc=0.8207  val_decoder_ppl=241.67  elapsed=332.3s
07:19:08 INFO   [qual 0] gen : You must must must must must must be be be be be be be be be be be be be be be be be be be be be be be be be be be be be be be be be be be be be be be be be be be be be be be be be be be be be be be be be be be be be be be be be be be be be be be be be be be be be be be be be be be be be be be be be be be be be be be be be be be be be be be be be be be be be be be be be be be be be be be be be be be be be be be be be be be be be be be be be be be be be be be be be be be be be be be be be be be be be be be be be be be be be be be be be be be be be be be be be be be be be be be be be be be be be be be be be be be be be be be be be be be be be be be be be be be be be be be be be be be be be be be be be be be be be be be be be be be be be be be be be be be be be be be be be be be be be be be be be be be be be be be be be be be be be be be be be
07:19:08 INFO   [qual 0] gold: Step B filters the available templates/actions to those supported by the organization, which is a selection/configuration step that determines what gets displayed or generated. Generic actions being generated automatically (Step A) is a result that occurs after such configuration choices are made.
07:19:08 INFO   [qual 1] gen : Step B describes describes describes describes describes describes describes describes describes describes the the Step A a a Step A the Step A the the the Step A A a Step B.
07:19:08 INFO   [qual 1] gold: Step A describes selecting or creating an action, which opens the action configuration panel. Step B describes configuring that action by setting the Extension and Action Type fields — which can only be done after an action has been selected or created.
07:19:08 INFO   [qual 2] gen : Step B describes describes describes describes describes describes describes describes describes describes describes describes describes describes describes describes describes describes the the the the Step A A the Step A A the Step A the Step B.
07:19:08 INFO   [qual 2] gold: Step A describes browsing and selecting the best variant from the AI Assistant panel, which must happen before Step B, where you click "Select" to apply the chosen variant and return to the design space.
07:19:12 INFO   * saved best.pt  val_acc=0.7590
07:20:05 INFO   e2 opt_step=350/3010  loss=2.0006  cls_loss=0.5118  decoder_loss=5.4875  acc=0.7643  lr=9.82e-06
07:21:00 INFO   e2 opt_step=400/3010  loss=1.9373  cls_loss=0.4859  decoder_loss=5.3405  acc=0.7828  lr=9.63e-06
07:21:54 INFO   e2 opt_step=450/3010  loss=1.8884  cls_loss=0.4698  decoder_loss=5.2135  acc=0.7911  lr=9.45e-06
07:22:47 INFO   e2 opt_step=500/3010  loss=1.8479  cls_loss=0.4554  decoder_loss=5.1115  acc=0.7966  lr=9.27e-06
07:23:43 INFO   e2 opt_step=550/3010  loss=1.8144  cls_loss=0.4432  decoder_loss=5.0269  acc=0.8030  lr=9.08e-06
07:24:36 INFO   e2 opt_step=600/3010  loss=1.7787  cls_loss=0.4285  decoder_loss=4.9441  acc=0.8099  lr=8.90e-06
07:24:47 INFO [epoch 2/10]  train_loss=1.7773  train_cls_loss=0.4279  train_decoder_loss=4.9408  train_acc=0.8103  val_loss=1.5675  val_acc=0.8619  val_auc=0.9253  val_decoder_ppl=79.03  elapsed=334.3s
07:24:47 INFO   [qual 0] gen : You must navigate to the data before you can select the data data data data data data data data data data data data data data.
07:24:47 INFO   [qual 0] gold: Step B filters the available templates/actions to those supported by the organization, which is a selection/configuration step that determines what gets displayed or generated. Generic actions being generated automatically (Step A) is a result that occurs after such configuration choices are made.
07:24:47 INFO   [qual 1] gen : Step B describes the action, which is a prerequisite to the action that must be completed before Step A describes selecting the configuration.
07:24:47 INFO   [qual 1] gold: Step A describes selecting or creating an action, which opens the action configuration panel. Step B describes configuring that action by setting the Extension and Action Type fields — which can only be done after an action has been selected or created.
07:24:47 INFO   [qual 2] gen : Step B describes the campaign campaign, which is a prerequisite to the campaign, which is a prerequisite to the configuration configuration configuration configuration configuration. Step A describes the configuration, which is a prerequisite to the configuration configuration configuration.
07:24:47 INFO   [qual 2] gold: Step A describes browsing and selecting the best variant from the AI Assistant panel, which must happen before Step B, where you click "Select" to apply the chosen variant and return to the design space.
07:24:53 INFO   * saved best.pt  val_acc=0.8619
07:25:43 INFO   e3 opt_step=650/3010  loss=1.5234  cls_loss=0.2682  decoder_loss=4.4625  acc=0.8932  lr=8.71e-06
07:26:38 INFO   e3 opt_step=700/3010  loss=1.5073  cls_loss=0.2639  decoder_loss=4.4195  acc=0.8933  lr=8.53e-06
07:27:30 INFO   e3 opt_step=750/3010  loss=1.4999  cls_loss=0.2678  decoder_loss=4.3860  acc=0.8910  lr=8.34e-06
07:28:21 INFO   e3 opt_step=800/3010  loss=1.4895  cls_loss=0.2663  decoder_loss=4.3558  acc=0.8921  lr=8.16e-06
07:29:13 INFO   e3 opt_step=850/3010  loss=1.4775  cls_loss=0.2601  decoder_loss=4.3310  acc=0.8947  lr=7.97e-06
07:30:08 INFO   e3 opt_step=900/3010  loss=1.4695  cls_loss=0.2586  decoder_loss=4.3079  acc=0.8968  lr=7.79e-06
07:30:21 INFO [epoch 3/10]  train_loss=1.4686  train_cls_loss=0.2584  train_decoder_loss=4.3052  train_acc=0.8969  val_loss=1.4933  val_acc=0.8710  val_auc=0.9281  val_decoder_ppl=56.94  elapsed=328.4s
07:30:21 INFO   [qual 0] gen : You must open the data data element before you can configure its configuration.
07:30:21 INFO   [qual 0] gold: Step B filters the available templates/actions to those supported by the organization, which is a selection/configuration step that determines what gets displayed or generated. Generic actions being generated automatically (Step A) is a result that occurs after such configuration choices are made.
07:30:21 INFO   [qual 1] gen : Step A describes selecting a configuration, which is a prerequisite action that must be done before Step B.
07:30:21 INFO   [qual 1] gold: Step A describes selecting or creating an action, which opens the action configuration panel. Step B describes configuring that action by setting the Extension and Action Type fields — which can only be done after an action has been selected or created.
07:30:22 INFO   [qual 2] gen : Step A describes configuring the campaign, which is a prerequisite to the action that must be done before Step B.
07:30:22 INFO   [qual 2] gold: Step A describes browsing and selecting the best variant from the AI Assistant panel, which must happen before Step B, where you click "Select" to apply the chosen variant and return to the design space.
07:30:27 INFO   * saved best.pt  val_acc=0.8710
07:31:17 INFO   e4 opt_step=950/3010  loss=1.3427  cls_loss=0.1516  decoder_loss=4.1319  acc=0.9435  lr=7.60e-06
07:32:09 INFO   e4 opt_step=1000/3010  loss=1.3328  cls_loss=0.1487  decoder_loss=4.1081  acc=0.9441  lr=7.42e-06
07:33:03 INFO   e4 opt_step=1050/3010  loss=1.3333  cls_loss=0.1539  decoder_loss=4.0968  acc=0.9422  lr=7.24e-06
07:33:54 INFO   e4 opt_step=1100/3010  loss=1.3235  cls_loss=0.1516  decoder_loss=4.0701  acc=0.9427  lr=7.05e-06
07:34:48 INFO   e4 opt_step=1150/3010  loss=1.3226  cls_loss=0.1546  decoder_loss=4.0602  acc=0.9416  lr=6.87e-06
07:35:43 INFO   e4 opt_step=1200/3010  loss=1.3161  cls_loss=0.1525  decoder_loss=4.0438  acc=0.9428  lr=6.68e-06
07:35:57 INFO [epoch 4/10]  train_loss=1.3158  train_cls_loss=0.1524  train_decoder_loss=4.0429  train_acc=0.9428  val_loss=1.4973  val_acc=0.8736  val_auc=0.9264  val_decoder_ppl=47.52  elapsed=330.2s
07:35:57 INFO   [qual 0] gen : You must select the schema before you can configure its data element.
07:35:57 INFO   [qual 0] gold: Step B filters the available templates/actions to those supported by the organization, which is a selection/configuration step that determines what gets displayed or generated. Generic actions being generated automatically (Step A) is a result that occurs after such configuration choices are made.
07:35:57 INFO   [qual 1] gen : Step A describes configuring the action of the action, which is a prerequisite action that must be done before Step B.
07:35:57 INFO   [qual 1] gold: Step A describes selecting or creating an action, which opens the action configuration panel. Step B describes configuring that action by setting the Extension and Action Type fields — which can only be done after an action has been selected or created.
07:35:58 INFO   [qual 2] gen : Step A describes navigating to the campaign, which is a prerequisite action that must happen before Step B can be completed before Step A.
07:35:58 INFO   [qual 2] gold: Step A describes browsing and selecting the best variant from the AI Assistant panel, which must happen before Step B, where you click "Select" to apply the chosen variant and return to the design space.
07:36:03 INFO   * saved best.pt  val_acc=0.8736
07:36:51 INFO   e5 opt_step=1250/3010  loss=1.2388  cls_loss=0.0973  decoder_loss=3.9152  acc=0.9660  lr=6.50e-06
07:37:44 INFO   e5 opt_step=1300/3010  loss=1.2357  cls_loss=0.0940  decoder_loss=3.9116  acc=0.9663  lr=6.31e-06
07:38:39 INFO   e5 opt_step=1350/3010  loss=1.2368  cls_loss=0.0975  decoder_loss=3.9074  acc=0.9655  lr=6.13e-06
07:39:30 INFO   e5 opt_step=1400/3010  loss=1.2361  cls_loss=0.0993  decoder_loss=3.9014  acc=0.9658  lr=5.94e-06
07:40:20 INFO   e5 opt_step=1450/3010  loss=1.2326  cls_loss=0.0993  decoder_loss=3.8896  acc=0.9657  lr=5.76e-06
07:41:15 INFO   e5 opt_step=1500/3010  loss=1.2288  cls_loss=0.0997  decoder_loss=3.8759  acc=0.9660  lr=5.57e-06
07:41:31 INFO [epoch 5/10]  train_loss=1.2294  train_cls_loss=0.1006  train_decoder_loss=3.8757  train_acc=0.9657  val_loss=1.4548  val_acc=0.8723  val_auc=0.9247  val_decoder_ppl=41.55  elapsed=327.7s
07:41:31 INFO   [qual 0] gen : You must select the schema before you can configure its settings, as the schema is part of the configuration step that is a prerequisite action that must be done before you can configure its configuration.
07:41:31 INFO   [qual 0] gold: Step B filters the available templates/actions to those supported by the organization, which is a selection/configuration step that determines what gets displayed or generated. Generic actions being generated automatically (Step A) is a result that occurs after such configuration choices are made.
07:41:32 INFO   [qual 1] gen : Step A describes configuring the action of the action, which is part of configuring the action that Step B describes configuring the configuration. You must configure the action before you can configure its settings.
07:41:32 INFO   [qual 1] gold: Step A describes selecting or creating an action, which opens the action configuration panel. Step B describes configuring that action by setting the Extension and Action Type fields — which can only be done after an action has been selected or created.
07:41:32 INFO   [qual 2] gen : Step A describes configuring the content content content, which is a prerequisite action that must happen before Step B can be completed before you can configure its settings.
07:41:32 INFO   [qual 2] gold: Step A describes browsing and selecting the best variant from the AI Assistant panel, which must happen before Step B, where you click "Select" to apply the chosen variant and return to the design space.
07:42:20 INFO   e6 opt_step=1550/3010  loss=1.1811  cls_loss=0.0662  decoder_loss=3.7920  acc=0.9771  lr=5.39e-06
07:43:11 INFO   e6 opt_step=1600/3010  loss=1.1797  cls_loss=0.0676  decoder_loss=3.7850  acc=0.9773  lr=5.20e-06
07:44:08 INFO   e6 opt_step=1650/3010  loss=1.1774  cls_loss=0.0674  decoder_loss=3.7789  acc=0.9781  lr=5.02e-06
07:44:58 INFO   e6 opt_step=1700/3010  loss=1.1775  cls_loss=0.0691  decoder_loss=3.7740  acc=0.9775  lr=4.84e-06
07:45:50 INFO   e6 opt_step=1750/3010  loss=1.1736  cls_loss=0.0683  decoder_loss=3.7639  acc=0.9779  lr=4.65e-06
07:46:47 INFO   e6 opt_step=1800/3010  loss=1.1714  cls_loss=0.0695  decoder_loss=3.7544  acc=0.9771  lr=4.47e-06
07:47:02 INFO [epoch 6/10]  train_loss=1.1706  train_cls_loss=0.0692  train_decoder_loss=3.7524  train_acc=0.9770  val_loss=1.5048  val_acc=0.8723  val_auc=0.9265  val_decoder_ppl=37.66  elapsed=327.5s
07:47:02 INFO   [qual 0] gen : You must select the schema before you can configure its settings.
07:47:02 INFO   [qual 0] gold: Step B filters the available templates/actions to those supported by the organization, which is a selection/configuration step that determines what gets displayed or generated. Generic actions being generated automatically (Step A) is a result that occurs after such configuration choices are made.
07:47:02 INFO   [qual 1] gen : Step A describes selecting a new action (selecting the action), which is part of configuring the configuration. Step B describes selecting the configuration, which is a prerequisite action that must be completed before Step A.
07:47:02 INFO   [qual 1] gold: Step A describes selecting or creating an action, which opens the action configuration panel. Step B describes configuring that action by setting the Extension and Action Type fields — which can only be done after an action has been selected or created.
07:47:03 INFO   [qual 2] gen : Step A describes creating a content content content, which is a prerequisite action that must happen before Step B can be added and save and save.
07:47:03 INFO   [qual 2] gold: Step A describes browsing and selecting the best variant from the AI Assistant panel, which must happen before Step B, where you click "Select" to apply the chosen variant and return to the design space.
07:47:55 INFO   e7 opt_step=1850/3010  loss=1.1354  cls_loss=0.0432  decoder_loss=3.6985  acc=0.9847  lr=4.28e-06
07:48:46 INFO   e7 opt_step=1900/3010  loss=1.1376  cls_loss=0.0522  decoder_loss=3.6830  acc=0.9832  lr=4.10e-06
07:49:40 INFO   e7 opt_step=1950/3010  loss=1.1334  cls_loss=0.0494  decoder_loss=3.6753  acc=0.9842  lr=3.91e-06
07:50:36 INFO   e7 opt_step=2000/3010  loss=1.1300  cls_loss=0.0511  decoder_loss=3.6599  acc=0.9832  lr=3.73e-06
07:51:27 INFO   e7 opt_step=2050/3010  loss=1.1279  cls_loss=0.0506  decoder_loss=3.6540  acc=0.9830  lr=3.54e-06
07:52:18 INFO   e7 opt_step=2100/3010  loss=1.1275  cls_loss=0.0496  decoder_loss=3.6547  acc=0.9839  lr=3.36e-06
07:52:35 INFO [epoch 7/10]  train_loss=1.1275  train_cls_loss=0.0498  train_decoder_loss=3.6543  train_acc=0.9838  val_loss=1.5509  val_acc=0.8710  val_auc=0.9194  val_decoder_ppl=35.07  elapsed=329.2s
07:52:35 INFO   [qual 0] gen : You must select the schema before you can configure its settings, as the configuration step that is a prerequisite action that must be done before you can configure its settings.
07:52:35 INFO   [qual 0] gold: Step B filters the available templates/actions to those supported by the organization, which is a selection/configuration step that determines what gets displayed or generated. Generic actions being generated automatically (Step A) is a result that occurs after such configuration choices are made.
07:52:35 INFO   [qual 1] gen : Step A describes configuring the rule (selecting the rule), which is part of setting up the configuration step that must be completed before Step B can be added to add a specific specific specific specific specific specific specific specific specific specific specific specific specific specific specific specific specific specific specific specific specific specific specific specific specific specific specific specific specific specific specific specific specific specific specific specific specific specific specific field.
07:52:35 INFO   [qual 1] gold: Step A describes selecting or creating an action, which opens the action configuration panel. Step B describes configuring that action by setting the Extension and Action Type fields — which can only be done after an action has been selected or created.
07:52:35 INFO   [qual 2] gen : Step A describes opening the content content content content, which is a prerequisite action that must happen before Step B can be added and save and save.
07:52:35 INFO   [qual 2] gold: Step A describes browsing and selecting the best variant from the AI Assistant panel, which must happen before Step B, where you click "Select" to apply the chosen variant and return to the design space.
07:53:21 INFO   e8 opt_step=2150/3010  loss=1.1022  cls_loss=0.0319  decoder_loss=3.6152  acc=0.9884  lr=3.17e-06
07:54:12 INFO   e8 opt_step=2200/3010  loss=1.0990  cls_loss=0.0312  decoder_loss=3.6076  acc=0.9887  lr=2.99e-06
07:55:07 INFO   e8 opt_step=2250/3010  loss=1.1003  cls_loss=0.0336  decoder_loss=3.6040  acc=0.9882  lr=2.81e-06
07:56:02 INFO   e8 opt_step=2300/3010  loss=1.0987  cls_loss=0.0351  decoder_loss=3.5949  acc=0.9879  lr=2.62e-06
07:56:51 INFO   e8 opt_step=2350/3010  loss=1.0955  cls_loss=0.0345  decoder_loss=3.5852  acc=0.9882  lr=2.44e-06
07:57:41 INFO   e8 opt_step=2400/3010  loss=1.0938  cls_loss=0.0343  decoder_loss=3.5788  acc=0.9887  lr=2.25e-06
07:57:59 INFO [epoch 8/10]  train_loss=1.0944  train_cls_loss=0.0348  train_decoder_loss=3.5798  train_acc=0.9886  val_loss=1.5779  val_acc=0.8795  val_auc=0.9196  val_decoder_ppl=33.26  elapsed=321.3s
07:58:00 INFO   [qual 0] gen : You must select the schema before you can configure its settings (Step B), as the configuration step is a prerequisite action that occurs after the configuration is a prerequisite action that can be selected.
07:58:00 INFO   [qual 0] gold: Step B filters the available templates/actions to those supported by the organization, which is a selection/configuration step that determines what gets displayed or generated. Generic actions being generated automatically (Step A) is a result that occurs after such configuration choices are made.
07:58:00 INFO   [qual 1] gen : Step A describes selecting a new action that must happen before Step B, which is a prerequisite action that Step A where you select the action type (selecting the "Add").
07:58:00 INFO   [qual 1] gold: Step A describes selecting or creating an action, which opens the action configuration panel. Step B describes configuring that action by setting the Extension and Action Type fields — which can only be done after an action has been selected or created.
07:58:00 INFO   [qual 2] gen : Step A describes opening the content content content content, which is a prerequisite action that must happen before Step B, where you need to select the content content content content content content content.
07:58:00 INFO   [qual 2] gold: Step A describes browsing and selecting the best variant from the AI Assistant panel, which must happen before Step B, where you click "Select" to apply the chosen variant and return to the design space.
07:58:05 INFO   * saved best.pt  val_acc=0.8795
07:58:52 INFO   e9 opt_step=2450/3010  loss=1.0756  cls_loss=0.0299  decoder_loss=3.5277  acc=0.9918  lr=2.07e-06
07:59:46 INFO   e9 opt_step=2500/3010  loss=1.0810  cls_loss=0.0331  decoder_loss=3.5398  acc=0.9898  lr=1.88e-06
08:00:40 INFO   e9 opt_step=2550/3010  loss=1.0778  cls_loss=0.0318  decoder_loss=3.5323  acc=0.9903  lr=1.70e-06
08:01:27 INFO   e9 opt_step=2600/3010  loss=1.0758  cls_loss=0.0309  decoder_loss=3.5274  acc=0.9904  lr=1.51e-06
08:02:20 INFO   e9 opt_step=2650/3010  loss=1.0751  cls_loss=0.0305  decoder_loss=3.5252  acc=0.9905  lr=1.33e-06
08:03:10 INFO   e9 opt_step=2700/3010  loss=1.0745  cls_loss=0.0303  decoder_loss=3.5238  acc=0.9903  lr=1.14e-06
08:03:29 INFO [epoch 9/10]  train_loss=1.0749  train_cls_loss=0.0303  train_decoder_loss=3.5254  train_acc=0.9903  val_loss=1.5744  val_acc=0.8775  val_auc=0.9194  val_decoder_ppl=32.13  elapsed=324.0s
08:03:29 INFO   [qual 0] gen : You must select the schema before you can configure its settings, as the configuration step is a prerequisite action that logically precedes or configures.
08:03:29 INFO   [qual 0] gold: Step B filters the available templates/actions to those supported by the organization, which is a selection/configuration step that determines what gets displayed or generated. Generic actions being generated automatically (Step A) is a result that occurs after such configuration choices are made.
08:03:30 INFO   [qual 1] gen : Step A describes selecting a new action to the "Add" action, which is a prerequisite action that must be done before Step B's action type (selecting the "Add"), which is a prerequisite to the action that Step A.
08:03:30 INFO   [qual 1] gold: Step A describes selecting or creating an action, which opens the action configuration panel. Step B describes configuring that action by setting the Extension and Action Type fields — which can only be done after an action has been selected or created.
08:03:30 INFO   [qual 2] gen : Step A describes selecting the content content, which is a prerequisite action that must happen before Step B, where you select the content content content content content content content content content content.
08:03:30 INFO   [qual 2] gold: Step A describes browsing and selecting the best variant from the AI Assistant panel, which must happen before Step B, where you click "Select" to apply the chosen variant and return to the design space.
08:04:15 INFO   e10 opt_step=2750/3010  loss=1.0731  cls_loss=0.0239  decoder_loss=3.5326  acc=0.9935  lr=9.60e-07
08:05:07 INFO   e10 opt_step=2800/3010  loss=1.0651  cls_loss=0.0218  decoder_loss=3.5139  acc=0.9938  lr=7.75e-07
08:06:00 INFO   e10 opt_step=2850/3010  loss=1.0614  cls_loss=0.0207  decoder_loss=3.5035  acc=0.9940  lr=5.91e-07
08:06:52 INFO   e10 opt_step=2900/3010  loss=1.0622  cls_loss=0.0211  decoder_loss=3.5043  acc=0.9940  lr=4.06e-07
08:07:47 INFO   e10 opt_step=2950/3010  loss=1.0617  cls_loss=0.0220  decoder_loss=3.5002  acc=0.9936  lr=2.21e-07
08:08:39 INFO   e10 opt_step=3000/3010  loss=1.0617  cls_loss=0.0219  decoder_loss=3.4999  acc=0.9937  lr=3.69e-08
08:08:59 INFO [epoch 10/10]  train_loss=1.0617  train_cls_loss=0.0226  train_decoder_loss=3.4984  train_acc=0.9936  val_loss=1.5824  val_acc=0.8762  val_auc=0.9192  val_decoder_ppl=31.60  elapsed=326.5s
08:08:59 INFO   [qual 0] gen : Selecting the schema (Step B) is a prerequisite action that must be done before you can configure its settings (Step A).
08:08:59 INFO   [qual 0] gold: Step B filters the available templates/actions to those supported by the organization, which is a selection/configuration step that determines what gets displayed or generated. Generic actions being generated automatically (Step A) is a result that occurs after such configuration choices are made.
08:08:59 INFO   [qual 1] gen : Step A describes configuring the action type (selecting the rule), which is part of configuring the action type, which must be done before Step B.
08:08:59 INFO   [qual 1] gold: Step A describes selecting or creating an action, which opens the action configuration panel. Step B describes configuring that action by setting the Extension and Action Type fields — which can only be done after an action has been selected or created.
08:09:00 INFO   [qual 2] gen : Step A describes opening the content content, which is a prerequisite action that must happen before Step B, where you select the content content content content content content content content.
08:09:00 INFO   [qual 2] gold: Step A describes browsing and selecting the best variant from the AI Assistant panel, which must happen before Step B, where you click "Select" to apply the chosen variant and return to the design space.
08:09:04 INFO saved final.pt  total_time=3331s
08:09:04 INFO loading best.pt for final val/test evaluation …
08:09:15 INFO [val]  acc=0.8795  auc=0.9196  f1=0.8812  decoder_ppl=33.26
08:09:32 INFO [test] loss=1.8078  acc=0.8307  auc=0.8857  f1=0.8309  decoder_ppl=38.23
08:09:32 INFO [done] best_val_acc=0.8795  test_acc=0.8307  test_auc=0.8857  results in runs/crossencoder2x_deberta_reasoning/procedural_res_only_auxloss070
