07:31:36 INFO run_dir=runs/crossencoder2x_deberta_reasoning/aep_ajo_procedural_fixed_reas_lm_alpha07  device=cuda  bf16=True
/mnt/localssd/causal-embedding-research/automation/internship-causal-embedding/.venv/lib/python3.11/site-packages/transformers/convert_slow_tokenizer.py:566: UserWarning: The sentencepiece tokenizer that you are converting to a fast tokenizer uses the byte fallback option which is not implemented in the fast tokenizers. In practice this means that the fast version of the tokenizer can produce unknown tokens whereas the sentencepiece version would have converted these unknown tokens into a sequence of byte tokens matching the original piece of text.
  warnings.warn(
07:31:37 INFO tokenizer <- microsoft/deberta-v3-large
07:31:37 INFO scanning max joint token length across all splits …
07:31:50 INFO   observed max=512  -> max_seq_len=512  (scan 12.8s)
07:31:50 INFO scanning max reasoning token length across all splits …
07:31:59 INFO   observed max=264  -> max_reason_len=280  (scan 9.3s)
07:31:59 INFO loading datasets …
07:32:00 INFO   train=38452  val=3928  test=4944
07:32:00 INFO building CrossEncoder2xWithReasoning  backbone=microsoft/deberta-v3-large  n_layers=24  native=True  decoder_layers=4 …
07:32:01 INFO   total params=501,614,693
07:32:01 INFO   total_steps=7212  warmup_steps=721
07:33:17 INFO   e1 opt_step=50/7212  loss=9.9926  cls_loss=0.7104  decoder_loss=13.2637  acc=0.4938  lr=6.93e-07
07:34:29 INFO   e1 opt_step=100/7212  loss=9.0963  cls_loss=0.7094  decoder_loss=11.9849  acc=0.4975  lr=1.39e-06
07:35:40 INFO   e1 opt_step=150/7212  loss=8.1940  cls_loss=0.7071  decoder_loss=10.7043  acc=0.5011  lr=2.08e-06
07:36:50 INFO   e1 opt_step=200/7212  loss=7.5829  cls_loss=0.7067  decoder_loss=9.8296  acc=0.4990  lr=2.77e-06
07:38:00 INFO   e1 opt_step=250/7212  loss=7.1591  cls_loss=0.7051  decoder_loss=9.2228  acc=0.5014  lr=3.47e-06
07:39:07 INFO   e1 opt_step=300/7212  loss=6.8435  cls_loss=0.7037  decoder_loss=8.7695  acc=0.5040  lr=4.16e-06
07:40:19 INFO   e1 opt_step=350/7212  loss=6.5922  cls_loss=0.7022  decoder_loss=8.4149  acc=0.5079  lr=4.85e-06
07:41:31 INFO   e1 opt_step=400/7212  loss=6.3759  cls_loss=0.7003  decoder_loss=8.1083  acc=0.5114  lr=5.55e-06
07:42:46 INFO   e1 opt_step=450/7212  loss=6.1809  cls_loss=0.6990  decoder_loss=7.8311  acc=0.5150  lr=6.24e-06
07:43:55 INFO   e1 opt_step=500/7212  loss=6.0024  cls_loss=0.6970  decoder_loss=7.5787  acc=0.5196  lr=6.93e-06
07:45:06 INFO   e1 opt_step=550/7212  loss=5.8378  cls_loss=0.6933  decoder_loss=7.3510  acc=0.5265  lr=7.63e-06
07:46:17 INFO   e1 opt_step=600/7212  loss=5.6871  cls_loss=0.6905  decoder_loss=7.1412  acc=0.5315  lr=8.32e-06
07:46:45 INFO [epoch 1/12]  train_loss=5.6848  train_cls_loss=0.6904  train_decoder_loss=7.1378  train_acc=0.5316  val_loss=3.8744  val_acc=0.6214  val_auc=0.6801  val_decoder_ppl=102.11  elapsed=883.8s
07:46:47 INFO   [qual 0] gen : You must open the data data data data data before you can be be be be be be be be be be be be be be be be be be be be be be be be be be be be be be be be be be be be be be be be be be before you can be be be be be be be be be before you can be be be be be be be be be be be be be be be be be before you can be be be be be be be be be be be be be be be be before you can be be be be be be be be be be be be be be before you can be be be be be be be be be be be be be be be be be be be be be be be be be be be be before you can be be be be be be be before you can be be be be be be be be be be be be before you can be be be be be be be be be be before you can be before you can be before you can be be be be before you can be before you can be be before you can be be be be be be be be be be be be be before you can be be be be be be be be be before you can be be be be be be be be be be be be be be before you can be be be be be be before you can be be be be before you can be
07:46:47 INFO   [qual 0] gold: Step B filters the available templates/actions to those supported by the organization, which is a selection/configuration step that determines what gets displayed or generated. Generic actions being generated automatically (Step A) is a result that occurs after such configuration choices are made.
07:46:47 INFO   [qual 1] gen : Step B describes the data configuration configuration configuration configuration configuration, which is a prerequisite to the action action action. Step A describes the Step B describes the Step A describes the Step A describes the Step A describes the Step A describes the Step A describes the Step A describes the Step A describes the data configuration configuration configuration configuration.
07:46:47 INFO   [qual 1] gold: Step A describes selecting or creating an action, which opens the action configuration panel. Step B describes configuring that action by setting the Extension and Action Type fields — which can only be done after an action has been selected or created.
07:46:48 INFO   [qual 2] gen : Step B describes the Step A describes the Step A describes the Step A describes the Step A describes the Step B describes the Step B describes the Step A describes the Step A describes the Step B describes the Step B describes the Step A describes the Step B describes the Step B describes the Step B describes the Step B describes the Step B describes the Step A describes the Step B describes the Step A describes the Step A describes the Step B describes the Step B describes the Step A describes the Step B describes the Step A describes the Step B describes the Step A describes the Step A describes the Step B describes the Step A describes the Step B describes the Step A describes the Step B describes the Step B describes the Step B describes the Step B describes the Step A describes the Step A describes the Step A describes the Step A describes the Step B describes the Step A describes the Step A describes the Step B describes the Step A describes the Step B describes the Step B describes the Step B describes the Step A describes the Step B describes the Step A describes the Step A describes the Step B describes the Step A describes the Step B describes the Step B describes the Step A describes the Step A describes the Step B describes the Step A describes the Step B describes the Step B describes the Step A describes the Step A describes the Step A describes the Step A describes the Step B describes the Step A describes the Step A describes the
07:46:48 INFO   [qual 2] gold: Step A describes browsing and selecting the best variant from the AI Assistant panel, which must happen before Step B, where you click "Select" to apply the chosen variant and return to the design space.
07:46:53 INFO   * saved best.pt  val_auc=0.6801
07:48:03 INFO   e2 opt_step=650/7212  loss=3.8716  cls_loss=0.6285  decoder_loss=4.6379  acc=0.6276  lr=9.02e-06
07:49:14 INFO   e2 opt_step=700/7212  loss=3.8212  cls_loss=0.6202  decoder_loss=4.5782  acc=0.6334  lr=9.71e-06
07:50:24 INFO   e2 opt_step=750/7212  loss=3.7808  cls_loss=0.6139  decoder_loss=4.5298  acc=0.6358  lr=9.96e-06
07:51:36 INFO   e2 opt_step=800/7212  loss=3.7389  cls_loss=0.6053  decoder_loss=4.4825  acc=0.6400  lr=9.88e-06
07:52:51 INFO   e2 opt_step=850/7212  loss=3.6985  cls_loss=0.5959  decoder_loss=4.4382  acc=0.6441  lr=9.80e-06
07:54:02 INFO   e2 opt_step=900/7212  loss=3.6645  cls_loss=0.5910  decoder_loss=4.3966  acc=0.6456  lr=9.72e-06
07:55:12 INFO   e2 opt_step=950/7212  loss=3.6314  cls_loss=0.5868  decoder_loss=4.3550  acc=0.6490  lr=9.65e-06
07:56:23 INFO   e2 opt_step=1000/7212  loss=3.5976  cls_loss=0.5807  decoder_loss=4.3162  acc=0.6520  lr=9.57e-06
07:57:36 INFO   e2 opt_step=1050/7212  loss=3.5694  cls_loss=0.5762  decoder_loss=4.2821  acc=0.6534  lr=9.49e-06
07:58:45 INFO   e2 opt_step=1100/7212  loss=3.5422  cls_loss=0.5724  decoder_loss=4.2480  acc=0.6561  lr=9.42e-06
07:59:53 INFO   e2 opt_step=1150/7212  loss=3.5165  cls_loss=0.5684  decoder_loss=4.2174  acc=0.6590  lr=9.34e-06
08:01:07 INFO   e2 opt_step=1200/7212  loss=3.4908  cls_loss=0.5637  decoder_loss=4.1874  acc=0.6629  lr=9.26e-06
08:01:36 INFO [epoch 2/12]  train_loss=3.4900  train_cls_loss=0.5635  train_decoder_loss=4.1863  train_acc=0.6632  val_loss=3.1877  val_acc=0.6757  val_auc=0.7697  val_decoder_ppl=41.54  elapsed=883.1s
08:01:36 INFO   [qual 0] gen : You must navigate to the Data Data Data Data Data Data Datastream before you can configure the data element.
08:01:36 INFO   [qual 0] gold: Step B filters the available templates/actions to those supported by the organization, which is a selection/configuration step that determines what gets displayed or generated. Generic actions being generated automatically (Step A) is a result that occurs after such configuration choices are made.
08:01:36 INFO   [qual 1] gen : Step B describes the action that must be completed before you can configure the action that can configure the action that can be completed before you can configure the action.
08:01:36 INFO   [qual 1] gold: Step A describes selecting or creating an action, which opens the action configuration panel. Step B describes configuring that action by setting the Extension and Action Type fields — which can only be done after an action has been selected or created.
08:01:36 INFO   [qual 2] gen : Step B describes the action of the action, which is a prerequisite action that must be completed before Step A.
08:01:36 INFO   [qual 2] gold: Step A describes browsing and selecting the best variant from the AI Assistant panel, which must happen before Step B, where you click "Select" to apply the chosen variant and return to the design space.
08:01:41 INFO   * saved best.pt  val_auc=0.7697
08:02:48 INFO   e3 opt_step=1250/7212  loss=3.1280  cls_loss=0.4698  decoder_loss=3.8009  acc=0.7428  lr=9.19e-06
08:04:00 INFO   e3 opt_step=1300/7212  loss=3.1227  cls_loss=0.4702  decoder_loss=3.7931  acc=0.7374  lr=9.11e-06
08:05:10 INFO   e3 opt_step=1350/7212  loss=3.1160  cls_loss=0.4677  decoder_loss=3.7876  acc=0.7386  lr=9.03e-06
08:06:22 INFO   e3 opt_step=1400/7212  loss=3.0973  cls_loss=0.4653  decoder_loss=3.7640  acc=0.7404  lr=8.95e-06
08:07:30 INFO   e3 opt_step=1450/7212  loss=3.0807  cls_loss=0.4610  decoder_loss=3.7467  acc=0.7462  lr=8.88e-06
08:08:43 INFO   e3 opt_step=1500/7212  loss=3.0689  cls_loss=0.4587  decoder_loss=3.7330  acc=0.7517  lr=8.80e-06
08:09:52 INFO   e3 opt_step=1550/7212  loss=3.0580  cls_loss=0.4579  decoder_loss=3.7184  acc=0.7544  lr=8.72e-06
08:11:05 INFO   e3 opt_step=1600/7212  loss=3.0477  cls_loss=0.4565  decoder_loss=3.7055  acc=0.7573  lr=8.65e-06
08:12:16 INFO   e3 opt_step=1650/7212  loss=3.0356  cls_loss=0.4524  decoder_loss=3.6941  acc=0.7605  lr=8.57e-06
08:13:27 INFO   e3 opt_step=1700/7212  loss=3.0241  cls_loss=0.4499  decoder_loss=3.6809  acc=0.7628  lr=8.49e-06
08:14:35 INFO   e3 opt_step=1750/7212  loss=3.0118  cls_loss=0.4477  decoder_loss=3.6664  acc=0.7653  lr=8.41e-06
08:15:46 INFO   e3 opt_step=1800/7212  loss=2.9988  cls_loss=0.4435  decoder_loss=3.6538  acc=0.7686  lr=8.34e-06
08:16:18 INFO [epoch 3/12]  train_loss=2.9980  train_cls_loss=0.4431  train_decoder_loss=3.6531  train_acc=0.7689  val_loss=2.9562  val_acc=0.7447  val_auc=0.8330  val_decoder_ppl=30.38  elapsed=877.0s
08:16:18 INFO   [qual 0] gen : Step B describes configuring a specific action (selecting a rule), which is a prerequisite action that must be done before Step A.
08:16:18 INFO   [qual 0] gold: Step B filters the available templates/actions to those supported by the organization, which is a selection/configuration step that determines what gets displayed or generated. Generic actions being generated automatically (Step A) is a result that occurs after such configuration choices are made.
08:16:19 INFO   [qual 1] gen : Step A describes selecting a field field (selecting a field), which is a prerequisite action that must be completed before Step B can be configured.
08:16:19 INFO   [qual 1] gold: Step A describes selecting or creating an action, which opens the action configuration panel. Step B describes configuring that action by setting the Extension and Action Type fields — which can only be done after an action has been selected or created.
08:16:19 INFO   [qual 2] gen : Step B describes configuring the action of the campaign, which is a prerequisite action that must happen before Step A describes the content, which is the action that Step A describes the action that can be completed first.
08:16:19 INFO   [qual 2] gold: Step A describes browsing and selecting the best variant from the AI Assistant panel, which must happen before Step B, where you click "Select" to apply the chosen variant and return to the design space.
08:16:25 INFO   * saved best.pt  val_auc=0.8330
08:17:31 INFO   e4 opt_step=1850/7212  loss=2.7709  cls_loss=0.3310  decoder_loss=3.4904  acc=0.8464  lr=8.26e-06
08:18:44 INFO   e4 opt_step=1900/7212  loss=2.7644  cls_loss=0.3271  decoder_loss=3.4856  acc=0.8502  lr=8.18e-06
08:19:53 INFO   e4 opt_step=1950/7212  loss=2.7580  cls_loss=0.3281  decoder_loss=3.4763  acc=0.8497  lr=8.11e-06
08:21:02 INFO   e4 opt_step=2000/7212  loss=2.7549  cls_loss=0.3295  decoder_loss=3.4702  acc=0.8473  lr=8.03e-06
08:22:16 INFO   e4 opt_step=2050/7212  loss=2.7526  cls_loss=0.3288  decoder_loss=3.4681  acc=0.8474  lr=7.95e-06
08:23:26 INFO   e4 opt_step=2100/7212  loss=2.7433  cls_loss=0.3254  decoder_loss=3.4594  acc=0.8496  lr=7.88e-06
08:24:40 INFO   e4 opt_step=2150/7212  loss=2.7402  cls_loss=0.3255  decoder_loss=3.4546  acc=0.8498  lr=7.80e-06
08:25:50 INFO   e4 opt_step=2200/7212  loss=2.7325  cls_loss=0.3225  decoder_loss=3.4476  acc=0.8526  lr=7.72e-06
08:27:05 INFO   e4 opt_step=2250/7212  loss=2.7231  cls_loss=0.3198  decoder_loss=3.4379  acc=0.8545  lr=7.64e-06
08:28:10 INFO   e4 opt_step=2300/7212  loss=2.7143  cls_loss=0.3172  decoder_loss=3.4291  acc=0.8564  lr=7.57e-06
08:29:19 INFO   e4 opt_step=2350/7212  loss=2.7084  cls_loss=0.3166  decoder_loss=3.4213  acc=0.8573  lr=7.49e-06
08:30:37 INFO   e4 opt_step=2400/7212  loss=2.7029  cls_loss=0.3154  decoder_loss=3.4150  acc=0.8578  lr=7.41e-06
08:31:09 INFO [epoch 4/12]  train_loss=2.7023  train_cls_loss=0.3153  train_decoder_loss=3.4143  train_acc=0.8577  val_loss=2.8353  val_acc=0.7729  val_auc=0.8595  val_decoder_ppl=25.63  elapsed=884.0s
08:31:09 INFO   [qual 0] gen : Step B describes configuring a rule (selecting a rule), which is a prerequisite action that must be done before Step A (selecting a specific action) is a prerequisite action that action that action that action.
08:31:09 INFO   [qual 0] gold: Step B filters the available templates/actions to those supported by the organization, which is a selection/configuration step that determines what gets displayed or generated. Generic actions being generated automatically (Step A) is a result that occurs after such configuration choices are made.
08:31:09 INFO   [qual 1] gen : Step A describes selecting a field group to the action, which is a prerequisite action that must be done before Step B can be created and select a specific action.
08:31:09 INFO   [qual 1] gold: Step A describes selecting or creating an action, which opens the action configuration panel. Step B describes configuring that action by setting the Extension and Action Type fields — which can only be done after an action has been selected or created.
08:31:09 INFO   [qual 2] gen : Step A describes configuring the content content, which is part of setting up the content creation process. Step B describes adding a content, which is a prerequisite action that must be completed before Step A.
08:31:09 INFO   [qual 2] gold: Step A describes browsing and selecting the best variant from the AI Assistant panel, which must happen before Step B, where you click "Select" to apply the chosen variant and return to the design space.
08:31:14 INFO   * saved best.pt  val_auc=0.8595
08:32:22 INFO   e5 opt_step=2450/7212  loss=2.5414  cls_loss=0.2122  decoder_loss=3.3301  acc=0.9100  lr=7.34e-06
08:33:33 INFO   e5 opt_step=2500/7212  loss=2.5330  cls_loss=0.2133  decoder_loss=3.3165  acc=0.9116  lr=7.26e-06
08:34:44 INFO   e5 opt_step=2550/7212  loss=2.5237  cls_loss=0.2086  decoder_loss=3.3100  acc=0.9140  lr=7.18e-06
08:35:56 INFO   e5 opt_step=2600/7212  loss=2.5214  cls_loss=0.2107  decoder_loss=3.3047  acc=0.9130  lr=7.11e-06
08:37:07 INFO   e5 opt_step=2650/7212  loss=2.5211  cls_loss=0.2107  decoder_loss=3.3046  acc=0.9134  lr=7.03e-06
08:38:20 INFO   e5 opt_step=2700/7212  loss=2.5198  cls_loss=0.2128  decoder_loss=3.2995  acc=0.9131  lr=6.95e-06
08:39:32 INFO   e5 opt_step=2750/7212  loss=2.5177  cls_loss=0.2152  decoder_loss=3.2932  acc=0.9115  lr=6.87e-06
08:40:41 INFO   e5 opt_step=2800/7212  loss=2.5139  cls_loss=0.2171  decoder_loss=3.2851  acc=0.9105  lr=6.80e-06
08:41:57 INFO   e5 opt_step=2850/7212  loss=2.5121  cls_loss=0.2187  decoder_loss=3.2801  acc=0.9098  lr=6.72e-06
08:43:07 INFO   e5 opt_step=2900/7212  loss=2.5067  cls_loss=0.2154  decoder_loss=3.2774  acc=0.9110  lr=6.64e-06
08:44:16 INFO   e5 opt_step=2950/7212  loss=2.5038  cls_loss=0.2151  decoder_loss=3.2734  acc=0.9110  lr=6.57e-06
08:45:23 INFO   e5 opt_step=3000/7212  loss=2.4983  cls_loss=0.2142  decoder_loss=3.2670  acc=0.9115  lr=6.49e-06
08:45:57 INFO [epoch 5/12]  train_loss=2.4978  train_cls_loss=0.2141  train_decoder_loss=3.2665  train_acc=0.9117  val_loss=2.8705  val_acc=0.7902  val_auc=0.8692  val_decoder_ppl=22.76  elapsed=882.3s
08:45:57 INFO   [qual 0] gen : Step B describes configuring a rule (selecting a rule), which is part of configuring the action that action. Step A describes adding a specific action, which is a prerequisite action that must be completed before Step B can be added or or or configure the action.
08:45:57 INFO   [qual 0] gold: Step B filters the available templates/actions to those supported by the organization, which is a selection/configuration step that determines what gets displayed or generated. Generic actions being generated automatically (Step A) is a result that occurs after such configuration choices are made.
08:45:57 INFO   [qual 1] gen : Step A describes configuring the event type, which is a prerequisite action that must be completed before Step B can be created and selecting a specific field group.
08:45:57 INFO   [qual 1] gold: Step A describes selecting or creating an action, which opens the action configuration panel. Step B describes configuring that action by setting the Extension and Action Type fields — which can only be done after an action has been selected or created.
08:45:57 INFO   [qual 2] gen : Step A describes configuring the content, which is part of configuring the content creation process. Step B describes saving and saving the content, which is a prerequisite action that must be completed before Step A.
08:45:57 INFO   [qual 2] gold: Step A describes browsing and selecting the best variant from the AI Assistant panel, which must happen before Step B, where you click "Select" to apply the chosen variant and return to the design space.
08:46:03 INFO   * saved best.pt  val_auc=0.8692
08:47:06 INFO   e6 opt_step=3050/7212  loss=2.3704  cls_loss=0.1370  decoder_loss=3.1964  acc=0.9486  lr=6.41e-06
08:48:18 INFO   e6 opt_step=3100/7212  loss=2.3608  cls_loss=0.1397  decoder_loss=3.1778  acc=0.9451  lr=6.33e-06
08:49:31 INFO   e6 opt_step=3150/7212  loss=2.3613  cls_loss=0.1377  decoder_loss=3.1815  acc=0.9455  lr=6.26e-06
08:50:43 INFO   e6 opt_step=3200/7212  loss=2.3637  cls_loss=0.1403  decoder_loss=3.1807  acc=0.9450  lr=6.18e-06
08:51:58 INFO   e6 opt_step=3250/7212  loss=2.3600  cls_loss=0.1405  decoder_loss=3.1751  acc=0.9455  lr=6.10e-06
08:53:12 INFO   e6 opt_step=3300/7212  loss=2.3609  cls_loss=0.1414  decoder_loss=3.1749  acc=0.9450  lr=6.03e-06
08:54:21 INFO   e6 opt_step=3350/7212  loss=2.3587  cls_loss=0.1412  decoder_loss=3.1721  acc=0.9452  lr=5.95e-06
08:55:32 INFO   e6 opt_step=3400/7212  loss=2.3584  cls_loss=0.1431  decoder_loss=3.1686  acc=0.9446  lr=5.87e-06
08:56:38 INFO   e6 opt_step=3450/7212  loss=2.3587  cls_loss=0.1443  decoder_loss=3.1672  acc=0.9439  lr=5.80e-06
08:57:47 INFO   e6 opt_step=3500/7212  loss=2.3573  cls_loss=0.1447  decoder_loss=3.1647  acc=0.9438  lr=5.72e-06
08:58:58 INFO   e6 opt_step=3550/7212  loss=2.3551  cls_loss=0.1444  decoder_loss=3.1621  acc=0.9439  lr=5.64e-06
09:00:10 INFO   e6 opt_step=3600/7212  loss=2.3532  cls_loss=0.1437  decoder_loss=3.1605  acc=0.9441  lr=5.56e-06
09:00:44 INFO [epoch 6/12]  train_loss=2.3539  train_cls_loss=0.1447  train_decoder_loss=3.1600  train_acc=0.9438  val_loss=2.8573  val_acc=0.7923  val_auc=0.8703  val_decoder_ppl=20.95  elapsed=881.1s
09:00:44 INFO   [qual 0] gen : Step B describes configuring a rule (selecting a rule), which is part of configuring the rule setup process. Step A describes adding a rule, which is a prerequisite action that must be completed before Step A can be added or or configure its configuration.
09:00:44 INFO   [qual 0] gold: Step B filters the available templates/actions to those supported by the organization, which is a selection/configuration step that determines what gets displayed or generated. Generic actions being generated automatically (Step A) is a result that occurs after such configuration choices are made.
09:00:44 INFO   [qual 1] gen : Step A describes selecting a field (selecting a field), which is a prerequisite action that must be completed before Step B can be created and select a specific action.
09:00:44 INFO   [qual 1] gold: Step A describes selecting or creating an action, which opens the action configuration panel. Step B describes configuring that action by setting the Extension and Action Type fields — which can only be done after an action has been selected or created.
09:00:45 INFO   [qual 2] gen : Step A describes selecting a content, which is part of configuring the content editor. Step B describes saving the content, which is a prerequisite for the configuration. You must configure the content before you can configure its settings.
09:00:45 INFO   [qual 2] gold: Step A describes browsing and selecting the best variant from the AI Assistant panel, which must happen before Step B, where you click "Select" to apply the chosen variant and return to the design space.
09:00:49 INFO   * saved best.pt  val_auc=0.8703
09:01:49 INFO   e7 opt_step=3650/7212  loss=2.2682  cls_loss=0.0961  decoder_loss=3.1048  acc=0.9638  lr=5.49e-06
09:02:58 INFO   e7 opt_step=3700/7212  loss=2.2611  cls_loss=0.0926  decoder_loss=3.1010  acc=0.9668  lr=5.41e-06
09:04:05 INFO   e7 opt_step=3750/7212  loss=2.2588  cls_loss=0.0933  decoder_loss=3.0969  acc=0.9658  lr=5.33e-06
09:05:18 INFO   e7 opt_step=3800/7212  loss=2.2581  cls_loss=0.0959  decoder_loss=3.0918  acc=0.9646  lr=5.26e-06
09:06:32 INFO   e7 opt_step=3850/7212  loss=2.2598  cls_loss=0.0972  decoder_loss=3.0922  acc=0.9641  lr=5.18e-06
09:07:47 INFO   e7 opt_step=3900/7212  loss=2.2587  cls_loss=0.0974  decoder_loss=3.0901  acc=0.9636  lr=5.10e-06
09:08:55 INFO   e7 opt_step=3950/7212  loss=2.2575  cls_loss=0.0968  decoder_loss=3.0898  acc=0.9637  lr=5.03e-06
09:10:02 INFO   e7 opt_step=4000/7212  loss=2.2541  cls_loss=0.0966  decoder_loss=3.0853  acc=0.9636  lr=4.95e-06
09:11:11 INFO   e7 opt_step=4050/7212  loss=2.2529  cls_loss=0.0964  decoder_loss=3.0838  acc=0.9642  lr=4.87e-06
09:12:23 INFO   e7 opt_step=4100/7212  loss=2.2527  cls_loss=0.0967  decoder_loss=3.0830  acc=0.9639  lr=4.79e-06
09:13:37 INFO   e7 opt_step=4150/7212  loss=2.2504  cls_loss=0.0968  decoder_loss=3.0795  acc=0.9639  lr=4.72e-06
09:14:50 INFO   e7 opt_step=4200/7212  loss=2.2503  cls_loss=0.0983  decoder_loss=3.0770  acc=0.9637  lr=4.64e-06
09:15:27 INFO [epoch 7/12]  train_loss=2.2498  train_cls_loss=0.0981  train_decoder_loss=3.0765  train_acc=0.9638  val_loss=2.8823  val_acc=0.7948  val_auc=0.8743  val_decoder_ppl=19.67  elapsed=877.1s
09:15:27 INFO   [qual 0] gen : Step B involves selecting a specific action (selecting a rule), which is a prerequisite action that must be completed before Step A can be added to add a specific action.
09:15:27 INFO   [qual 0] gold: Step B filters the available templates/actions to those supported by the organization, which is a selection/configuration step that determines what gets displayed or generated. Generic actions being generated automatically (Step A) is a result that occurs after such configuration choices are made.
09:15:27 INFO   [qual 1] gen : Step A describes configuring the action type (the rule), which is part of the initial setup process that must be completed before Step B, where the action is complete the configuration step that configuration.
09:15:27 INFO   [qual 1] gold: Step A describes selecting or creating an action, which opens the action configuration panel. Step B describes configuring that action by setting the Extension and Action Type fields — which can only be done after an action has been selected or created.
09:15:27 INFO   [qual 2] gen : Step A describes selecting the content, which is part of the final action that must happen before Step B, where you need to save the content before you can save and save it.
09:15:27 INFO   [qual 2] gold: Step A describes browsing and selecting the best variant from the AI Assistant panel, which must happen before Step B, where you click "Select" to apply the chosen variant and return to the design space.
09:15:32 INFO   * saved best.pt  val_auc=0.8743
09:16:36 INFO   e8 opt_step=4250/7212  loss=2.1924  cls_loss=0.0588  decoder_loss=3.0500  acc=0.9789  lr=4.56e-06
09:17:47 INFO   e8 opt_step=4300/7212  loss=2.1853  cls_loss=0.0585  decoder_loss=3.0416  acc=0.9790  lr=4.49e-06
09:18:59 INFO   e8 opt_step=4350/7212  loss=2.1803  cls_loss=0.0610  decoder_loss=3.0313  acc=0.9788  lr=4.41e-06
09:20:11 INFO   e8 opt_step=4400/7212  loss=2.1770  cls_loss=0.0610  decoder_loss=3.0263  acc=0.9789  lr=4.33e-06
09:21:26 INFO   e8 opt_step=4450/7212  loss=2.1745  cls_loss=0.0618  decoder_loss=3.0215  acc=0.9792  lr=4.26e-06
09:22:34 INFO   e8 opt_step=4500/7212  loss=2.1741  cls_loss=0.0632  decoder_loss=3.0189  acc=0.9792  lr=4.18e-06
09:23:42 INFO   e8 opt_step=4550/7212  loss=2.1728  cls_loss=0.0629  decoder_loss=3.0176  acc=0.9793  lr=4.10e-06
09:24:53 INFO   e8 opt_step=4600/7212  loss=2.1742  cls_loss=0.0641  decoder_loss=3.0181  acc=0.9786  lr=4.02e-06
09:26:01 INFO   e8 opt_step=4650/7212  loss=2.1725  cls_loss=0.0646  decoder_loss=3.0145  acc=0.9783  lr=3.95e-06
09:27:13 INFO   e8 opt_step=4700/7212  loss=2.1740  cls_loss=0.0665  decoder_loss=3.0140  acc=0.9776  lr=3.87e-06
09:28:24 INFO   e8 opt_step=4750/7212  loss=2.1722  cls_loss=0.0671  decoder_loss=3.0106  acc=0.9773  lr=3.79e-06
09:29:34 INFO   e8 opt_step=4800/7212  loss=2.1726  cls_loss=0.0677  decoder_loss=3.0107  acc=0.9770  lr=3.72e-06
09:30:12 INFO [epoch 8/12]  train_loss=2.1722  train_cls_loss=0.0673  train_decoder_loss=3.0106  train_acc=0.9771  val_loss=3.0237  val_acc=0.7946  val_auc=0.8688  val_decoder_ppl=18.51  elapsed=879.8s
09:30:12 INFO   [qual 0] gen : Step B describes configuring a rule (selecting a rule), which is part of setting up the configuration process. Step A describes adding a specific action to a specific action, which is a prerequisite action that must be completed before Step B can be added or independently or follow-configured actions.
09:30:12 INFO   [qual 0] gold: Step B filters the available templates/actions to those supported by the organization, which is a selection/configuration step that determines what gets displayed or generated. Generic actions being generated automatically (Step A) is a result that occurs after such configuration choices are made.
09:30:13 INFO   [qual 1] gen : Step A describes configuring the action type (the configuration), which is part of setting up the configuration process. Step B describes configuring the action within that configuration, which is a configuration step that must be completed before Step A, where you can configure its settings.
09:30:13 INFO   [qual 1] gold: Step A describes selecting or creating an action, which opens the action configuration panel. Step B describes configuring that action by setting the Extension and Action Type fields — which can only be done after an action has been selected or created.
09:30:13 INFO   [qual 2] gen : Step A describes selecting and selecting a content, which is part of the content creation process. Step B describes selecting the content, which is a prerequisite action that must happen before Step A, where you can save and save the content.
09:30:13 INFO   [qual 2] gold: Step A describes browsing and selecting the best variant from the AI Assistant panel, which must happen before Step B, where you click "Select" to apply the chosen variant and return to the design space.
09:31:17 INFO   e9 opt_step=4850/7212  loss=2.1208  cls_loss=0.0397  decoder_loss=2.9770  acc=0.9859  lr=3.64e-06
09:32:25 INFO   e9 opt_step=4900/7212  loss=2.1297  cls_loss=0.0433  decoder_loss=2.9828  acc=0.9847  lr=3.56e-06
09:33:40 INFO   e9 opt_step=4950/7212  loss=2.1256  cls_loss=0.0442  decoder_loss=2.9753  acc=0.9853  lr=3.48e-06
09:34:49 INFO   e9 opt_step=5000/7212  loss=2.1296  cls_loss=0.0440  decoder_loss=2.9819  acc=0.9856  lr=3.41e-06
09:35:59 INFO   e9 opt_step=5050/7212  loss=2.1246  cls_loss=0.0445  decoder_loss=2.9745  acc=0.9851  lr=3.33e-06
09:37:12 INFO   e9 opt_step=5100/7212  loss=2.1221  cls_loss=0.0457  decoder_loss=2.9696  acc=0.9850  lr=3.25e-06
09:38:22 INFO   e9 opt_step=5150/7212  loss=2.1199  cls_loss=0.0454  decoder_loss=2.9670  acc=0.9854  lr=3.18e-06
09:39:29 INFO   e9 opt_step=5200/7212  loss=2.1164  cls_loss=0.0454  decoder_loss=2.9624  acc=0.9855  lr=3.10e-06
09:40:37 INFO   e9 opt_step=5250/7212  loss=2.1168  cls_loss=0.0456  decoder_loss=2.9627  acc=0.9852  lr=3.02e-06
09:41:45 INFO   e9 opt_step=5300/7212  loss=2.1167  cls_loss=0.0464  decoder_loss=2.9615  acc=0.9848  lr=2.95e-06
09:42:58 INFO   e9 opt_step=5350/7212  loss=2.1153  cls_loss=0.0471  decoder_loss=2.9584  acc=0.9846  lr=2.87e-06
09:44:10 INFO   e9 opt_step=5400/7212  loss=2.1154  cls_loss=0.0477  decoder_loss=2.9579  acc=0.9843  lr=2.79e-06
09:44:49 INFO [epoch 9/12]  train_loss=2.1150  train_cls_loss=0.0478  train_decoder_loss=2.9571  train_acc=0.9842  val_loss=3.0514  val_acc=0.7999  val_auc=0.8738  val_decoder_ppl=17.80  elapsed=873.6s
09:44:49 INFO   [qual 0] gen : Step B describes configuring a rule (selecting a rule), which is part of setting up the action that occurs after the configuration is configured. Step A describes adding a specific action to a specific action, which is a prerequisite action that must be completed before Step B can be added or follow-configured settings.
09:44:49 INFO   [qual 0] gold: Step B filters the available templates/actions to those supported by the organization, which is a selection/configuration step that determines what gets displayed or generated. Generic actions being generated automatically (Step A) is a result that occurs after such configuration choices are made.
09:44:50 INFO   [qual 1] gen : Step A describes configuring the action type (the rule), which is part of configuring the rule setup process. Step B describes configuring the rule, which is a prerequisite action that must be completed before Step A can be added to add a new action.
09:44:50 INFO   [qual 1] gold: Step A describes selecting or creating an action, which opens the action configuration panel. Step B describes configuring that action by setting the Extension and Action Type fields — which can only be done after an action has been selected or created.
09:44:50 INFO   [qual 2] gen : Step A describes selecting and selecting the content, which is a prerequisite action that must happen before Step B, where you need to select the content before you can select and save it.
09:44:50 INFO   [qual 2] gold: Step A describes browsing and selecting the best variant from the AI Assistant panel, which must happen before Step B, where you click "Select" to apply the chosen variant and return to the design space.
09:45:54 INFO   e10 opt_step=5450/7212  loss=2.0952  cls_loss=0.0453  decoder_loss=2.9359  acc=0.9836  lr=2.71e-06
09:47:04 INFO   e10 opt_step=5500/7212  loss=2.0809  cls_loss=0.0376  decoder_loss=2.9246  acc=0.9876  lr=2.64e-06
09:48:12 INFO   e10 opt_step=5550/7212  loss=2.0830  cls_loss=0.0358  decoder_loss=2.9305  acc=0.9883  lr=2.56e-06
09:49:25 INFO   e10 opt_step=5600/7212  loss=2.0771  cls_loss=0.0346  decoder_loss=2.9233  acc=0.9893  lr=2.48e-06
09:50:31 INFO   e10 opt_step=5650/7212  loss=2.0743  cls_loss=0.0345  decoder_loss=2.9193  acc=0.9894  lr=2.41e-06
09:51:44 INFO   e10 opt_step=5700/7212  loss=2.0740  cls_loss=0.0334  decoder_loss=2.9201  acc=0.9897  lr=2.33e-06
09:52:55 INFO   e10 opt_step=5750/7212  loss=2.0724  cls_loss=0.0331  decoder_loss=2.9182  acc=0.9898  lr=2.25e-06
09:54:08 INFO   e10 opt_step=5800/7212  loss=2.0713  cls_loss=0.0325  decoder_loss=2.9171  acc=0.9898  lr=2.18e-06
09:55:23 INFO   e10 opt_step=5850/7212  loss=2.0706  cls_loss=0.0328  decoder_loss=2.9152  acc=0.9897  lr=2.10e-06
09:56:28 INFO   e10 opt_step=5900/7212  loss=2.0710  cls_loss=0.0333  decoder_loss=2.9151  acc=0.9895  lr=2.02e-06
09:57:42 INFO   e10 opt_step=5950/7212  loss=2.0696  cls_loss=0.0332  decoder_loss=2.9132  acc=0.9896  lr=1.94e-06
09:58:53 INFO   e10 opt_step=6000/7212  loss=2.0701  cls_loss=0.0334  decoder_loss=2.9136  acc=0.9896  lr=1.87e-06
09:59:34 INFO [epoch 10/12]  train_loss=2.0707  train_cls_loss=0.0340  train_decoder_loss=2.9136  train_acc=0.9894  val_loss=3.0999  val_acc=0.7984  val_auc=0.8714  val_decoder_ppl=17.20  elapsed=881.5s
09:59:34 INFO   [qual 0] gen : Step B describes configuring a rule (selecting a rule), which is part of setting up the configuration process. Step A describes adding a specific action to add a rule, which is a prerequisite action that must be completed before Step B can be added to add a specific action.
09:59:34 INFO   [qual 0] gold: Step B filters the available templates/actions to those supported by the organization, which is a selection/configuration step that determines what gets displayed or generated. Generic actions being generated automatically (Step A) is a result that occurs after such configuration choices are made.
09:59:34 INFO   [qual 1] gen : Step A describes configuring the action type (the rule), which is part of configuring the rule setup process. Step B describes configuring the rule, which is a configuration action that must be completed before Step A, where you can configure its settings.
09:59:34 INFO   [qual 1] gold: Step A describes selecting or creating an action, which opens the action configuration panel. Step B describes configuring that action by setting the Extension and Action Type fields — which can only be done after an action has been selected or created.
09:59:35 INFO   [qual 2] gen : Step A describes selecting and selecting a content, which is a prerequisite action that must be completed before Step B, where you need to select the content before you can select and select the content.
09:59:35 INFO   [qual 2] gold: Step A describes browsing and selecting the best variant from the AI Assistant panel, which must happen before Step B, where you click "Select" to apply the chosen variant and return to the design space.
10:00:34 INFO   e11 opt_step=6050/7212  loss=2.0478  cls_loss=0.0366  decoder_loss=2.8784  acc=0.9895  lr=1.79e-06
10:01:45 INFO   e11 opt_step=6100/7212  loss=2.0501  cls_loss=0.0318  decoder_loss=2.8881  acc=0.9908  lr=1.71e-06
10:02:57 INFO   e11 opt_step=6150/7212  loss=2.0535  cls_loss=0.0319  decoder_loss=2.8927  acc=0.9908  lr=1.64e-06
10:04:10 INFO   e11 opt_step=6200/7212  loss=2.0513  cls_loss=0.0296  decoder_loss=2.8925  acc=0.9917  lr=1.56e-06
10:05:18 INFO   e11 opt_step=6250/7212  loss=2.0471  cls_loss=0.0291  decoder_loss=2.8872  acc=0.9916  lr=1.48e-06
10:06:30 INFO   e11 opt_step=6300/7212  loss=2.0473  cls_loss=0.0276  decoder_loss=2.8893  acc=0.9920  lr=1.41e-06
10:07:41 INFO   e11 opt_step=6350/7212  loss=2.0475  cls_loss=0.0279  decoder_loss=2.8890  acc=0.9920  lr=1.33e-06
10:08:54 INFO   e11 opt_step=6400/7212  loss=2.0466  cls_loss=0.0283  decoder_loss=2.8874  acc=0.9919  lr=1.25e-06
10:10:07 INFO   e11 opt_step=6450/7212  loss=2.0440  cls_loss=0.0272  decoder_loss=2.8849  acc=0.9922  lr=1.17e-06
10:11:17 INFO   e11 opt_step=6500/7212  loss=2.0425  cls_loss=0.0264  decoder_loss=2.8840  acc=0.9924  lr=1.10e-06
10:12:28 INFO   e11 opt_step=6550/7212  loss=2.0403  cls_loss=0.0266  decoder_loss=2.8806  acc=0.9922  lr=1.02e-06
10:13:39 INFO   e11 opt_step=6600/7212  loss=2.0400  cls_loss=0.0269  decoder_loss=2.8797  acc=0.9921  lr=9.43e-07
10:14:23 INFO [epoch 11/12]  train_loss=2.0403  train_cls_loss=0.0271  train_decoder_loss=2.8799  train_acc=0.9921  val_loss=3.1937  val_acc=0.8052  val_auc=0.8662  val_decoder_ppl=16.82  elapsed=885.1s
10:14:23 INFO   [qual 0] gen : Step B describes configuring a specific action (selecting a rule), which is part of setting up the configuration process. Step A describes adding a specific action to a specific action, which is a subsequent action that occurs after the configuration is already been configured.
10:14:23 INFO   [qual 0] gold: Step B filters the available templates/actions to those supported by the organization, which is a selection/configuration step that determines what gets displayed or generated. Generic actions being generated automatically (Step A) is a result that occurs after such configuration choices are made.
10:14:23 INFO   [qual 1] gen : Step A describes configuring the action type (the action type), which is part of configuring the action that action. Step B describes configuring the rule's action, which is a prerequisite action that must be completed before Step A, where you can configure its settings.
10:14:23 INFO   [qual 1] gold: Step A describes selecting or creating an action, which opens the action configuration panel. Step B describes configuring that action by setting the Extension and Action Type fields — which can only be done after an action has been selected or created.
10:14:23 INFO   [qual 2] gen : Step A describes selecting and selecting the AI Assistant to generate the content, which is a prerequisite for Step B describes clicking "Edit content" to generate the AI Assistant to generate the AI Assistant.
10:14:23 INFO   [qual 2] gold: Step A describes browsing and selecting the best variant from the AI Assistant panel, which must happen before Step B, where you click "Select" to apply the chosen variant and return to the design space.
10:15:21 INFO   e12 opt_step=6650/7212  loss=2.0343  cls_loss=0.0256  decoder_loss=2.8716  acc=0.9924  lr=8.66e-07
10:16:31 INFO   e12 opt_step=6700/7212  loss=2.0366  cls_loss=0.0261  decoder_loss=2.8759  acc=0.9921  lr=7.89e-07
10:17:40 INFO   e12 opt_step=6750/7212  loss=2.0274  cls_loss=0.0229  decoder_loss=2.8677  acc=0.9931  lr=7.12e-07
10:18:53 INFO   e12 opt_step=6800/7212  loss=2.0248  cls_loss=0.0221  decoder_loss=2.8650  acc=0.9933  lr=6.35e-07
10:20:03 INFO   e12 opt_step=6850/7212  loss=2.0252  cls_loss=0.0232  decoder_loss=2.8639  acc=0.9931  lr=5.58e-07
10:21:14 INFO   e12 opt_step=6900/7212  loss=2.0265  cls_loss=0.0242  decoder_loss=2.8642  acc=0.9928  lr=4.81e-07
10:22:27 INFO   e12 opt_step=6950/7212  loss=2.0245  cls_loss=0.0228  decoder_loss=2.8632  acc=0.9931  lr=4.04e-07
10:23:33 INFO   e12 opt_step=7000/7212  loss=2.0244  cls_loss=0.0232  decoder_loss=2.8626  acc=0.9931  lr=3.27e-07
10:24:46 INFO   e12 opt_step=7050/7212  loss=2.0240  cls_loss=0.0228  decoder_loss=2.8626  acc=0.9932  lr=2.50e-07
10:25:58 INFO   e12 opt_step=7100/7212  loss=2.0244  cls_loss=0.0229  decoder_loss=2.8632  acc=0.9932  lr=1.73e-07
10:27:06 INFO   e12 opt_step=7150/7212  loss=2.0230  cls_loss=0.0225  decoder_loss=2.8618  acc=0.9934  lr=9.55e-08
10:28:20 INFO   e12 opt_step=7200/7212  loss=2.0230  cls_loss=0.0226  decoder_loss=2.8616  acc=0.9933  lr=1.85e-08
10:29:03 INFO [epoch 12/12]  train_loss=2.0225  train_cls_loss=0.0225  train_decoder_loss=2.8610  train_acc=0.9934  val_loss=3.2329  val_acc=0.8045  val_auc=0.8659  val_decoder_ppl=16.68  elapsed=877.0s
10:29:03 INFO   [qual 0] gen : Step B describes configuring a specific action (selecting a rule), which is part of setting up the configuration process. Step A describes adding a specific action to a specific action, which is a subsequent action that occurs after the configuration is already been configured.
10:29:03 INFO   [qual 0] gold: Step B filters the available templates/actions to those supported by the organization, which is a selection/configuration step that determines what gets displayed or generated. Generic actions being generated automatically (Step A) is a result that occurs after such configuration choices are made.
10:29:04 INFO   [qual 1] gen : Step A describes configuring the action type (the action type), which is part of configuring the action that configuration. Step B describes configuring the rule, which is a configuration step that must be completed before Step A, where you configure its settings.
10:29:04 INFO   [qual 1] gold: Step A describes selecting or creating an action, which opens the action configuration panel. Step B describes configuring that action by setting the Extension and Action Type fields — which can only be done after an action has been selected or created.
10:29:04 INFO   [qual 2] gen : Step A describes selecting and selecting the AI Assistant, which is a prerequisite to generate the content. Step B describes selecting the AI Assistant to generate content, which is a subsequent action that can only happen after the content has been selected.
10:29:04 INFO   [qual 2] gold: Step A describes browsing and selecting the best variant from the AI Assistant panel, which must happen before Step B, where you click "Select" to apply the chosen variant and return to the design space.
10:29:08 INFO saved final.pt  total_time=10627s
10:29:08 INFO loading best.pt for final val/test evaluation …
10:29:36 INFO [val]  acc=0.7948  auc=0.8743  f1=0.7896  decoder_ppl=19.67
10:30:10 INFO [test] loss=3.0370  acc=0.8008  auc=0.8643  f1=0.7994  decoder_ppl=21.49
10:30:10 INFO [done] best_val_auc=0.8743  test_acc=0.8008  test_auc=0.8643  results in runs/crossencoder2x_deberta_reasoning/aep_ajo_procedural_fixed_reas_lm_alpha07
