14:06:03 INFO run_dir=runs/crossencoder2x_deberta/new_aep_workflow_scrap  device=cuda  bf16=True
14:06:04 INFO tokenizer <- microsoft/deberta-v3-large
14:06:04 INFO scanning max joint token length across all splits …
14:06:09 INFO   observed max=422  -> max_seq_len=446  (scan 4.4s)
14:06:09 INFO loading datasets …
14:06:09 INFO   train=13904  val=1676  test=1548
14:06:09 INFO building CrossEncoder2x  backbone=microsoft/deberta-v3-large  n_layers=24  native=True …
Warning: You are sending unauthenticated requests to the HF Hub. Please set a HF_TOKEN to enable higher rate limits and faster downloads.
Loading weights:   0%|          | 0/390 [00:00<?, ?it/s]Loading weights: 100%|██████████| 390/390 [00:00<00:00, 4917.62it/s]
[transformers] [1mDebertaV2Model LOAD REPORT[0m from: microsoft/deberta-v3-large
Key                                     | Status     |  | 
----------------------------------------+------------+--+-
mask_predictions.classifier.bias        | UNEXPECTED |  | 
mask_predictions.dense.weight           | UNEXPECTED |  | 
mask_predictions.LayerNorm.bias         | UNEXPECTED |  | 
mask_predictions.dense.bias             | UNEXPECTED |  | 
lm_predictions.lm_head.bias             | UNEXPECTED |  | 
lm_predictions.lm_head.LayerNorm.bias   | UNEXPECTED |  | 
lm_predictions.lm_head.dense.bias       | UNEXPECTED |  | 
mask_predictions.LayerNorm.weight       | UNEXPECTED |  | 
lm_predictions.lm_head.LayerNorm.weight | UNEXPECTED |  | 
lm_predictions.lm_head.dense.weight     | UNEXPECTED |  | 
mask_predictions.classifier.weight      | UNEXPECTED |  | 

Notes:
- UNEXPECTED:	can be ignored when loading from different task/architecture; not ok if you expect identical arch.
14:06:10 INFO   total params=434,013,185
14:06:11 INFO   total_steps=651  warmup_steps=65
14:06:43 INFO   e1 opt_step=50/651  loss=0.7010  acc=0.4991  lr=7.69e-06
14:07:12 INFO   e1 opt_step=100/651  loss=0.7001  acc=0.4992  lr=9.40e-06
14:07:41 INFO   e1 opt_step=150/651  loss=0.6830  acc=0.5358  lr=8.55e-06
14:08:10 INFO   e1 opt_step=200/651  loss=0.6643  acc=0.5716  lr=7.70e-06
14:08:26 INFO [epoch 1/3]  train_loss=0.6550  train_acc=0.5841  val_loss=0.5952  val_acc=0.6879  val_auc=0.7735  elapsed=135.2s
14:08:32 INFO   * saved best.pt  val_acc=0.6879
14:08:51 INFO   e2 opt_step=250/651  loss=0.5026  acc=0.7571  lr=6.84e-06
14:09:19 INFO   e2 opt_step=300/651  loss=0.4824  acc=0.7662  lr=5.99e-06
14:09:48 INFO   e2 opt_step=350/651  loss=0.4639  acc=0.7777  lr=5.14e-06
14:10:16 INFO   e2 opt_step=400/651  loss=0.4520  acc=0.7860  lr=4.28e-06
14:10:41 INFO [epoch 2/3]  train_loss=0.4448  train_acc=0.7914  val_loss=0.6345  val_acc=0.7220  val_auc=0.8077  elapsed=129.1s
14:10:46 INFO   * saved best.pt  val_acc=0.7220
14:10:55 INFO   e3 opt_step=450/651  loss=0.3186  acc=0.8574  lr=3.43e-06
14:11:23 INFO   e3 opt_step=500/651  loss=0.2995  acc=0.8743  lr=2.58e-06
14:11:52 INFO   e3 opt_step=550/651  loss=0.2982  acc=0.8763  lr=1.72e-06
14:12:20 INFO   e3 opt_step=600/651  loss=0.3001  acc=0.8741  lr=8.70e-07
14:12:49 INFO   e3 opt_step=650/651  loss=0.2948  acc=0.8775  lr=1.71e-08
14:12:56 INFO [epoch 3/3]  train_loss=0.2947  train_acc=0.8775  val_loss=0.6933  val_acc=0.7267  val_auc=0.8158  elapsed=129.9s
14:13:02 INFO   * saved best.pt  val_acc=0.7267
14:13:06 INFO saved final.pt  total_time=415s
14:13:06 INFO loading best.pt for final val/test evaluation …
14:13:13 INFO [val]  acc=0.7267  auc=0.8158  f1=0.7296
14:13:19 INFO [test] loss=0.6704  acc=0.7410  auc=0.8213  f1=0.7388
14:13:19 INFO [done] best_val_acc=0.7267  test_acc=0.7410  test_auc=0.8213  results in runs/crossencoder2x_deberta/new_aep_workflow_scrap
