15:22:02 INFO run_dir=runs/crossencoder2x_deberta/new_ajo_newstyle  device=cuda  bf16=True
Warning: You are sending unauthenticated requests to the HF Hub. Please set a HF_TOKEN to enable higher rate limits and faster downloads.
15:22:03 INFO tokenizer <- microsoft/deberta-v3-large
15:22:03 INFO scanning max joint token length across all splits …
15:22:37 INFO   observed max=512  -> max_seq_len=512  (scan 34.3s)
15:22:37 INFO loading datasets …
15:22:38 INFO   train=20897  val=2612  test=2613
15:22:38 INFO building CrossEncoder2x  backbone=microsoft/deberta-v3-large  n_layers=24  native=True …
Loading weights:   0%|          | 0/390 [00:00<?, ?it/s]Loading weights: 100%|██████████| 390/390 [00:00<00:00, 4821.42it/s]
[transformers] [1mDebertaV2Model LOAD REPORT[0m from: microsoft/deberta-v3-large
Key                                     | Status     |  | 
----------------------------------------+------------+--+-
lm_predictions.lm_head.bias             | UNEXPECTED |  | 
mask_predictions.LayerNorm.bias         | UNEXPECTED |  | 
lm_predictions.lm_head.dense.weight     | UNEXPECTED |  | 
mask_predictions.classifier.weight      | UNEXPECTED |  | 
mask_predictions.classifier.bias        | UNEXPECTED |  | 
mask_predictions.dense.bias             | UNEXPECTED |  | 
lm_predictions.lm_head.LayerNorm.weight | UNEXPECTED |  | 
lm_predictions.lm_head.dense.bias       | UNEXPECTED |  | 
mask_predictions.LayerNorm.weight       | UNEXPECTED |  | 
lm_predictions.lm_head.LayerNorm.bias   | UNEXPECTED |  | 
mask_predictions.dense.weight           | UNEXPECTED |  | 

Notes:
- UNEXPECTED:	can be ignored when loading from different task/architecture; not ok if you expect identical arch.
15:22:39 INFO   total params=434,013,185
15:22:39 INFO   total_steps=978  warmup_steps=97
15:24:37 INFO   e1 opt_step=50/978  loss=0.7009  acc=0.5016  lr=5.15e-06
15:26:34 INFO   e1 opt_step=100/978  loss=0.6997  acc=0.5016  lr=9.97e-06
15:28:30 INFO   e1 opt_step=150/978  loss=0.6970  acc=0.5116  lr=9.40e-06
15:30:27 INFO   e1 opt_step=200/978  loss=0.6928  acc=0.5264  lr=8.83e-06
15:32:24 INFO   e1 opt_step=250/978  loss=0.6842  acc=0.5450  lr=8.26e-06
15:34:20 INFO   e1 opt_step=300/978  loss=0.6684  acc=0.5673  lr=7.70e-06
15:35:47 INFO [epoch 1/3]  train_loss=0.6591  train_acc=0.5789  val_loss=0.5325  val_acc=0.7228  val_auc=0.8146  elapsed=787.9s
15:35:53 INFO   * saved best.pt  val_acc=0.7228
15:36:49 INFO   e2 opt_step=350/978  loss=0.5398  acc=0.7266  lr=7.13e-06
15:38:45 INFO   e2 opt_step=400/978  loss=0.5123  acc=0.7420  lr=6.56e-06
15:40:41 INFO   e2 opt_step=450/978  loss=0.4964  acc=0.7508  lr=5.99e-06
15:42:38 INFO   e2 opt_step=500/978  loss=0.4904  acc=0.7541  lr=5.43e-06
15:44:35 INFO   e2 opt_step=550/978  loss=0.4849  acc=0.7568  lr=4.86e-06
15:46:31 INFO   e2 opt_step=600/978  loss=0.4788  acc=0.7597  lr=4.29e-06
15:48:27 INFO   e2 opt_step=650/978  loss=0.4751  acc=0.7615  lr=3.72e-06
15:48:59 INFO [epoch 2/3]  train_loss=0.4750  train_acc=0.7611  val_loss=0.4534  val_acc=0.7580  val_auc=0.8742  elapsed=786.1s
15:49:04 INFO   * saved best.pt  val_acc=0.7580
15:50:56 INFO   e3 opt_step=700/978  loss=0.3652  acc=0.8206  lr=3.16e-06
15:52:52 INFO   e3 opt_step=750/978  loss=0.3660  acc=0.8257  lr=2.59e-06
15:54:48 INFO   e3 opt_step=800/978  loss=0.3642  acc=0.8291  lr=2.02e-06
15:56:45 INFO   e3 opt_step=850/978  loss=0.3678  acc=0.8269  lr=1.45e-06
15:58:41 INFO   e3 opt_step=900/978  loss=0.3647  acc=0.8272  lr=8.85e-07
16:00:39 INFO   e3 opt_step=950/978  loss=0.3632  acc=0.8295  lr=3.18e-07
16:02:11 INFO [epoch 3/3]  train_loss=0.3621  train_acc=0.8296  val_loss=0.4404  val_acc=0.7833  val_auc=0.8868  elapsed=786.6s
16:02:16 INFO   * saved best.pt  val_acc=0.7833
16:02:19 INFO saved final.pt  total_time=2379s
16:02:19 INFO loading best.pt for final val/test evaluation …
16:02:45 INFO [val]  acc=0.7833  auc=0.8868  f1=0.7675
16:03:11 INFO [test] loss=0.4635  acc=0.7807  auc=0.8783  f1=0.7670
16:03:11 INFO [done] best_val_acc=0.7833  test_acc=0.7807  test_auc=0.8783  results in runs/crossencoder2x_deberta/new_ajo_newstyle
