15:42:13 INFO run_dir=runs/crossencoder2x_deberta/aep_causal_workflow_v3  device=cuda  bf16=True
Warning: You are sending unauthenticated requests to the HF Hub. Please set a HF_TOKEN to enable higher rate limits and faster downloads.
15:42:14 INFO tokenizer <- microsoft/deberta-v3-large
15:42:14 INFO scanning max joint token length across all splits …
15:42:20 INFO   observed max=511  -> max_seq_len=512  (scan 6.0s)
15:42:20 INFO loading datasets …
15:42:20 INFO   train=21287  val=327  test=318
15:42:20 INFO building CrossEncoder2x  backbone=microsoft/deberta-v3-large  n_layers=24  native=True …
Loading weights:   0%|          | 0/390 [00:00<?, ?it/s]Loading weights: 100%|██████████| 390/390 [00:00<00:00, 5254.86it/s]
[transformers] [1mDebertaV2Model LOAD REPORT[0m from: microsoft/deberta-v3-large
Key                                     | Status     |  | 
----------------------------------------+------------+--+-
mask_predictions.classifier.weight      | UNEXPECTED |  | 
mask_predictions.dense.bias             | UNEXPECTED |  | 
lm_predictions.lm_head.LayerNorm.bias   | UNEXPECTED |  | 
mask_predictions.classifier.bias        | UNEXPECTED |  | 
lm_predictions.lm_head.dense.weight     | UNEXPECTED |  | 
lm_predictions.lm_head.dense.bias       | UNEXPECTED |  | 
mask_predictions.LayerNorm.bias         | UNEXPECTED |  | 
lm_predictions.lm_head.bias             | UNEXPECTED |  | 
mask_predictions.LayerNorm.weight       | UNEXPECTED |  | 
mask_predictions.dense.weight           | UNEXPECTED |  | 
lm_predictions.lm_head.LayerNorm.weight | UNEXPECTED |  | 

Notes:
- UNEXPECTED:	can be ignored when loading from different task/architecture; not ok if you expect identical arch.
15:42:22 INFO   total params=434,013,185
15:42:22 INFO   total_steps=996  warmup_steps=99
15:43:02 INFO   e1 opt_step=50/996  loss=0.6976  acc=0.4950  lr=5.05e-06
15:43:38 INFO   e1 opt_step=100/996  loss=0.6976  acc=0.5033  lr=9.99e-06
15:44:15 INFO   e1 opt_step=150/996  loss=0.6997  acc=0.5007  lr=9.43e-06
15:44:52 INFO   e1 opt_step=200/996  loss=0.6978  acc=0.5073  lr=8.87e-06
15:45:29 INFO   e1 opt_step=250/996  loss=0.6974  acc=0.5099  lr=8.32e-06
15:46:07 INFO   e1 opt_step=300/996  loss=0.6931  acc=0.5233  lr=7.76e-06
15:46:33 INFO [epoch 1/3]  train_loss=0.6882  train_acc=0.5332  val_loss=0.6963  val_acc=0.5535  val_auc=0.5763  elapsed=250.9s
15:46:37 INFO   * saved best.pt  val_acc=0.5535
15:46:50 INFO   e2 opt_step=350/996  loss=0.6187  acc=0.6519  lr=7.20e-06
15:47:28 INFO   e2 opt_step=400/996  loss=0.5928  acc=0.6785  lr=6.64e-06
15:48:06 INFO   e2 opt_step=450/996  loss=0.5769  acc=0.6968  lr=6.09e-06
15:48:43 INFO   e2 opt_step=500/996  loss=0.5663  acc=0.7055  lr=5.53e-06
15:49:20 INFO   e2 opt_step=550/996  loss=0.5461  acc=0.7196  lr=4.97e-06
15:49:57 INFO   e2 opt_step=600/996  loss=0.5349  acc=0.7272  lr=4.41e-06
15:50:34 INFO   e2 opt_step=650/996  loss=0.5247  acc=0.7353  lr=3.86e-06
15:50:46 INFO [epoch 2/3]  train_loss=0.5201  train_acc=0.7389  val_loss=0.6847  val_acc=0.6850  val_auc=0.7227  elapsed=249.6s
15:50:52 INFO   * saved best.pt  val_acc=0.6850
15:51:18 INFO   e3 opt_step=700/996  loss=0.3716  acc=0.8411  lr=3.30e-06
15:51:55 INFO   e3 opt_step=750/996  loss=0.3646  acc=0.8430  lr=2.74e-06
15:52:32 INFO   e3 opt_step=800/996  loss=0.3671  acc=0.8420  lr=2.19e-06
15:53:09 INFO   e3 opt_step=850/996  loss=0.3639  acc=0.8431  lr=1.63e-06
15:53:44 INFO   e3 opt_step=900/996  loss=0.3599  acc=0.8451  lr=1.07e-06
15:54:21 INFO   e3 opt_step=950/996  loss=0.3590  acc=0.8459  lr=5.13e-07
15:54:57 INFO [epoch 3/3]  train_loss=0.3552  train_acc=0.8475  val_loss=0.7274  val_acc=0.6972  val_auc=0.7355  elapsed=245.7s
15:55:02 INFO   * saved best.pt  val_acc=0.6972
15:55:05 INFO saved final.pt  total_time=763s
15:55:05 INFO loading best.pt for final val/test evaluation …
15:55:07 INFO [val]  acc=0.6972  auc=0.7355  f1=0.7147
15:55:09 INFO [test] loss=0.7814  acc=0.6698  auc=0.7223  f1=0.6557
15:55:09 INFO [done] best_val_acc=0.6972  test_acc=0.6698  test_auc=0.7223  results in runs/crossencoder2x_deberta/aep_causal_workflow_v3
