03:29:37 INFO run_dir=runs/crossencoder2x_deberta/merged_workflow  device=cuda  bf16=True
Warning: You are sending unauthenticated requests to the HF Hub. Please set a HF_TOKEN to enable higher rate limits and faster downloads.
03:29:37 INFO tokenizer <- microsoft/deberta-v3-large
03:29:37 INFO scanning max joint token length across all splits …
03:29:46 INFO   observed max=512  -> max_seq_len=512  (scan 8.5s)
03:29:46 INFO loading datasets …
03:29:46 INFO   train=34980  val=4084  test=3942
03:29:46 INFO building CrossEncoder2x  backbone=microsoft/deberta-v3-large  n_layers=24  native=True …
Loading weights:   0%|          | 0/390 [00:00<?, ?it/s]Loading weights: 100%|██████████| 390/390 [00:00<00:00, 4865.68it/s]
[transformers] [1mDebertaV2Model LOAD REPORT[0m from: microsoft/deberta-v3-large
Key                                     | Status     |  | 
----------------------------------------+------------+--+-
lm_predictions.lm_head.bias             | UNEXPECTED |  | 
lm_predictions.lm_head.dense.weight     | UNEXPECTED |  | 
mask_predictions.classifier.bias        | UNEXPECTED |  | 
lm_predictions.lm_head.LayerNorm.bias   | UNEXPECTED |  | 
mask_predictions.LayerNorm.weight       | UNEXPECTED |  | 
mask_predictions.dense.bias             | UNEXPECTED |  | 
lm_predictions.lm_head.dense.bias       | UNEXPECTED |  | 
lm_predictions.lm_head.LayerNorm.weight | UNEXPECTED |  | 
mask_predictions.LayerNorm.bias         | UNEXPECTED |  | 
mask_predictions.dense.weight           | UNEXPECTED |  | 
mask_predictions.classifier.weight      | UNEXPECTED |  | 

Notes:
- UNEXPECTED:	can be ignored when loading from different task/architecture; not ok if you expect identical arch.
03:29:48 INFO   total params=434,013,185
03:29:48 INFO   total_steps=1638  warmup_steps=163
03:30:18 INFO   e1 opt_step=50/1638  loss=0.7039  acc=0.4947  lr=3.07e-06
03:30:46 INFO   e1 opt_step=100/1638  loss=0.6994  acc=0.5012  lr=6.13e-06
03:31:14 INFO   e1 opt_step=150/1638  loss=0.6999  acc=0.4989  lr=9.20e-06
03:31:42 INFO   e1 opt_step=200/1638  loss=0.6993  acc=0.5041  lr=9.75e-06
03:32:11 INFO   e1 opt_step=250/1638  loss=0.6952  acc=0.5179  lr=9.41e-06
03:32:38 INFO   e1 opt_step=300/1638  loss=0.6868  acc=0.5360  lr=9.07e-06
03:33:07 INFO   e1 opt_step=350/1638  loss=0.6776  acc=0.5516  lr=8.73e-06
03:33:36 INFO   e1 opt_step=400/1638  loss=0.6687  acc=0.5650  lr=8.39e-06
03:34:06 INFO   e1 opt_step=450/1638  loss=0.6593  acc=0.5777  lr=8.05e-06
03:34:35 INFO   e1 opt_step=500/1638  loss=0.6504  acc=0.5900  lr=7.72e-06
03:35:16 INFO [epoch 1/3]  train_loss=0.6420  train_acc=0.6003  val_loss=0.5722  val_acc=0.6854  val_auc=0.7674  elapsed=328.5s
03:35:21 INFO   * saved best.pt  val_acc=0.6854
03:35:24 INFO   e2 opt_step=550/1638  loss=0.5173  acc=0.7266  lr=7.38e-06
03:35:54 INFO   e2 opt_step=600/1638  loss=0.5011  acc=0.7477  lr=7.04e-06
03:36:23 INFO   e2 opt_step=650/1638  loss=0.4970  acc=0.7521  lr=6.70e-06
03:36:52 INFO   e2 opt_step=700/1638  loss=0.4845  acc=0.7588  lr=6.36e-06
03:37:20 INFO   e2 opt_step=750/1638  loss=0.4783  acc=0.7631  lr=6.02e-06
03:37:49 INFO   e2 opt_step=800/1638  loss=0.4737  acc=0.7671  lr=5.68e-06
03:38:18 INFO   e2 opt_step=850/1638  loss=0.4697  acc=0.7703  lr=5.34e-06
03:38:46 INFO   e2 opt_step=900/1638  loss=0.4655  acc=0.7723  lr=5.00e-06
03:39:15 INFO   e2 opt_step=950/1638  loss=0.4614  acc=0.7741  lr=4.66e-06
03:39:44 INFO   e2 opt_step=1000/1638  loss=0.4575  acc=0.7765  lr=4.33e-06
03:40:14 INFO   e2 opt_step=1050/1638  loss=0.4540  acc=0.7788  lr=3.99e-06
03:40:55 INFO [epoch 2/3]  train_loss=0.4498  train_acc=0.7822  val_loss=0.6496  val_acc=0.6944  val_auc=0.7809  elapsed=333.1s
03:41:00 INFO   * saved best.pt  val_acc=0.6944
03:41:05 INFO   e3 opt_step=1100/1638  loss=0.3363  acc=0.8535  lr=3.65e-06
03:41:38 INFO   e3 opt_step=1150/1638  loss=0.3073  acc=0.8666  lr=3.31e-06
03:42:07 INFO   e3 opt_step=1200/1638  loss=0.3020  acc=0.8675  lr=2.97e-06
03:42:38 INFO   e3 opt_step=1250/1638  loss=0.2995  acc=0.8682  lr=2.63e-06
03:43:09 INFO   e3 opt_step=1300/1638  loss=0.3016  acc=0.8674  lr=2.29e-06
03:43:38 INFO   e3 opt_step=1350/1638  loss=0.2998  acc=0.8694  lr=1.95e-06
03:44:06 INFO   e3 opt_step=1400/1638  loss=0.2964  acc=0.8722  lr=1.61e-06
03:44:35 INFO   e3 opt_step=1450/1638  loss=0.2940  acc=0.8740  lr=1.27e-06
03:45:04 INFO   e3 opt_step=1500/1638  loss=0.2920  acc=0.8748  lr=9.36e-07
03:45:33 INFO   e3 opt_step=1550/1638  loss=0.2928  acc=0.8745  lr=5.97e-07
03:46:03 INFO   e3 opt_step=1600/1638  loss=0.2914  acc=0.8752  lr=2.58e-07
03:46:42 INFO [epoch 3/3]  train_loss=0.2905  train_acc=0.8752  val_loss=0.8165  val_acc=0.6942  val_auc=0.7841  elapsed=342.0s
03:46:47 INFO saved final.pt  total_time=1019s
03:46:47 INFO loading best.pt for final val/test evaluation …
03:47:03 INFO [val]  acc=0.6944  auc=0.7809  f1=0.6863
03:47:16 INFO [test] loss=0.6244  acc=0.7230  auc=0.7976  f1=0.7187
03:47:16 INFO [done] best_val_acc=0.6944  test_acc=0.7230  test_auc=0.7976  results in runs/crossencoder2x_deberta/merged_workflow
