03:52:46 INFO run_dir=runs/crossencoder2x_deberta/aep_ajo_procedural_workflow  device=cuda  bf16=True
/mnt/localssd/causal-embedding-research/automation/internship-causal-embedding/.venv/lib/python3.11/site-packages/transformers/convert_slow_tokenizer.py:566: UserWarning: The sentencepiece tokenizer that you are converting to a fast tokenizer uses the byte fallback option which is not implemented in the fast tokenizers. In practice this means that the fast version of the tokenizer can produce unknown tokens whereas the sentencepiece version would have converted these unknown tokens into a sequence of byte tokens matching the original piece of text.
  warnings.warn(
03:52:47 INFO tokenizer <- microsoft/deberta-v3-large
03:52:47 INFO scanning max joint token length across all splits …
03:53:00 INFO   observed max=512  -> max_seq_len=512  (scan 12.6s)
03:53:00 INFO loading datasets …
03:53:00 INFO   train=38433  val=3928  test=4940
03:53:00 INFO building CrossEncoder2x  backbone=microsoft/deberta-v3-large  n_layers=24  native=True …
03:53:02 INFO   total params=434,013,185
03:53:02 INFO   total_steps=1800  warmup_steps=180
03:55:33 INFO   e1 opt_step=50/1800  loss=0.7019  acc=0.5044  lr=2.78e-06
03:57:55 INFO   e1 opt_step=100/1800  loss=0.7016  acc=0.5027  lr=5.56e-06
04:00:24 INFO   e1 opt_step=150/1800  loss=0.7005  acc=0.5052  lr=8.33e-06
04:02:52 INFO   e1 opt_step=200/1800  loss=0.6988  acc=0.5118  lr=9.88e-06
04:05:12 INFO   e1 opt_step=250/1800  loss=0.6915  acc=0.5294  lr=9.57e-06
04:07:45 INFO   e1 opt_step=300/1800  loss=0.6808  acc=0.5460  lr=9.26e-06
04:10:16 INFO   e1 opt_step=350/1800  loss=0.6717  acc=0.5591  lr=8.95e-06
04:11:55 INFO   e1 opt_step=400/1800  loss=0.6596  acc=0.5721  lr=8.64e-06
04:12:56 INFO   e1 opt_step=450/1800  loss=0.6511  acc=0.5796  lr=8.33e-06
04:14:02 INFO   e1 opt_step=500/1800  loss=0.6413  acc=0.5904  lr=8.02e-06
04:15:07 INFO   e1 opt_step=550/1800  loss=0.6330  acc=0.5981  lr=7.72e-06
04:16:10 INFO   e1 opt_step=600/1800  loss=0.6248  acc=0.6058  lr=7.41e-06
04:16:33 INFO [epoch 1/3]  train_loss=0.6246  train_acc=0.6059  val_loss=0.5662  val_acc=0.6596  val_auc=0.7510  elapsed=1411.4s
04:16:37 INFO   * saved best.pt  val_acc=0.6596
04:17:37 INFO   e2 opt_step=650/1800  loss=0.4825  acc=0.7153  lr=7.10e-06
04:18:41 INFO   e2 opt_step=700/1800  loss=0.4880  acc=0.7198  lr=6.79e-06
04:19:43 INFO   e2 opt_step=750/1800  loss=0.4959  acc=0.7174  lr=6.48e-06
04:20:48 INFO   e2 opt_step=800/1800  loss=0.4942  acc=0.7188  lr=6.17e-06
04:21:51 INFO   e2 opt_step=850/1800  loss=0.4923  acc=0.7219  lr=5.86e-06
04:22:55 INFO   e2 opt_step=900/1800  loss=0.4885  acc=0.7272  lr=5.56e-06
04:23:55 INFO   e2 opt_step=950/1800  loss=0.4852  acc=0.7313  lr=5.25e-06
04:24:59 INFO   e2 opt_step=1000/1800  loss=0.4838  acc=0.7321  lr=4.94e-06
04:26:06 INFO   e2 opt_step=1050/1800  loss=0.4812  acc=0.7355  lr=4.63e-06
04:27:13 INFO   e2 opt_step=1100/1800  loss=0.4784  acc=0.7382  lr=4.32e-06
04:28:15 INFO   e2 opt_step=1150/1800  loss=0.4748  acc=0.7412  lr=4.01e-06
04:29:18 INFO   e2 opt_step=1200/1800  loss=0.4743  acc=0.7425  lr=3.70e-06
04:29:41 INFO [epoch 2/3]  train_loss=0.4744  train_acc=0.7424  val_loss=0.5222  val_acc=0.7291  val_auc=0.8178  elapsed=784.3s
04:29:46 INFO   * saved best.pt  val_acc=0.7291
04:30:50 INFO   e3 opt_step=1250/1800  loss=0.3650  acc=0.8213  lr=3.40e-06
04:31:55 INFO   e3 opt_step=1300/1800  loss=0.3664  acc=0.8227  lr=3.09e-06
04:33:01 INFO   e3 opt_step=1350/1800  loss=0.3686  acc=0.8205  lr=2.78e-06
04:34:05 INFO   e3 opt_step=1400/1800  loss=0.3679  acc=0.8207  lr=2.47e-06
04:35:05 INFO   e3 opt_step=1450/1800  loss=0.3664  acc=0.8216  lr=2.16e-06
04:36:10 INFO   e3 opt_step=1500/1800  loss=0.3644  acc=0.8233  lr=1.85e-06
04:37:10 INFO   e3 opt_step=1550/1800  loss=0.3631  acc=0.8254  lr=1.54e-06
04:38:11 INFO   e3 opt_step=1600/1800  loss=0.3629  acc=0.8256  lr=1.23e-06
04:39:12 INFO   e3 opt_step=1650/1800  loss=0.3625  acc=0.8259  lr=9.26e-07
04:40:15 INFO   e3 opt_step=1700/1800  loss=0.3618  acc=0.8266  lr=6.17e-07
04:41:20 INFO   e3 opt_step=1750/1800  loss=0.3620  acc=0.8268  lr=3.09e-07
04:42:25 INFO   e3 opt_step=1800/1800  loss=0.3616  acc=0.8270  lr=0.00e+00
04:42:48 INFO [epoch 3/3]  train_loss=0.3616  train_acc=0.8270  val_loss=0.5621  val_acc=0.7347  val_auc=0.8252  elapsed=781.4s
04:42:53 INFO   * saved best.pt  val_acc=0.7347
04:42:54 INFO saved final.pt  total_time=2992s
04:42:54 INFO loading best.pt for final val/test evaluation …
04:43:18 INFO [val]  acc=0.7347  auc=0.8252  f1=0.7371
04:43:47 INFO [test] loss=0.6263  acc=0.7241  auc=0.8109  f1=0.7292
04:43:47 INFO [done] best_val_acc=0.7347  test_acc=0.7241  test_auc=0.8109  results in runs/crossencoder2x_deberta/aep_ajo_procedural_workflow
