nohup: ignoring input
[run] auto-selected GPU 7 (most free memory)
===== training CE2x-deberta-v3-large on merged_gapdecay_procedural =====
13:33:02 INFO run_dir=runs/crossencoder2x_deberta/merged_gapdecay_procedural  device=cuda  bf16=True
/mnt/localssd/causal-embedding-research/automation/internship-causal-embedding/.venv/lib/python3.11/site-packages/transformers/convert_slow_tokenizer.py:566: UserWarning: The sentencepiece tokenizer that you are converting to a fast tokenizer uses the byte fallback option which is not implemented in the fast tokenizers. In practice this means that the fast version of the tokenizer can produce unknown tokens whereas the sentencepiece version would have converted these unknown tokens into a sequence of byte tokens matching the original piece of text.
  warnings.warn(
13:33:03 INFO tokenizer <- microsoft/deberta-v3-large
13:33:03 INFO scanning max joint token length across all splits …
13:33:30 INFO   observed max=512  -> max_seq_len=512  (scan 27.2s)
13:33:30 INFO loading datasets …
13:33:31 INFO   train=38576  val=4053  test=5066
13:33:31 INFO building CrossEncoder2x  backbone=microsoft/deberta-v3-large  n_layers=24  native=True …
13:33:32 INFO   total params=434,013,185
13:33:32 INFO   total_steps=1806  warmup_steps=180
13:36:30 INFO   e1 opt_step=50/1806  loss=0.7013  acc=0.5056  lr=2.78e-06
13:39:25 INFO   e1 opt_step=100/1806  loss=0.6992  acc=0.5111  lr=5.56e-06
13:42:20 INFO   e1 opt_step=150/1806  loss=0.6979  acc=0.5107  lr=8.33e-06
13:45:15 INFO   e1 opt_step=200/1806  loss=0.6905  acc=0.5259  lr=9.88e-06
13:48:12 INFO   e1 opt_step=250/1806  loss=0.6787  acc=0.5454  lr=9.57e-06
13:51:08 INFO   e1 opt_step=300/1806  loss=0.6653  acc=0.5646  lr=9.26e-06
13:54:04 INFO   e1 opt_step=350/1806  loss=0.6540  acc=0.5779  lr=8.95e-06
13:56:58 INFO   e1 opt_step=400/1806  loss=0.6442  acc=0.5873  lr=8.65e-06
13:59:54 INFO   e1 opt_step=450/1806  loss=0.6362  acc=0.5950  lr=8.34e-06
14:02:51 INFO   e1 opt_step=500/1806  loss=0.6259  acc=0.6072  lr=8.03e-06
14:05:47 INFO   e1 opt_step=550/1806  loss=0.6135  acc=0.6212  lr=7.72e-06
14:08:43 INFO   e1 opt_step=600/1806  loss=0.6016  acc=0.6342  lr=7.42e-06
14:09:42 INFO [epoch 1/3]  train_loss=0.6011  train_acc=0.6349  val_loss=0.4861  val_acc=0.7723  val_auc=0.8547  elapsed=2170.2s
14:09:46 INFO   * saved best.pt  val_acc=0.7723
14:12:36 INFO   e2 opt_step=650/1806  loss=0.4187  acc=0.8086  lr=7.11e-06
14:15:32 INFO   e2 opt_step=700/1806  loss=0.4068  acc=0.8151  lr=6.80e-06
14:18:29 INFO   e2 opt_step=750/1806  loss=0.3987  acc=0.8223  lr=6.49e-06
14:21:24 INFO   e2 opt_step=800/1806  loss=0.3904  acc=0.8274  lr=6.19e-06
14:24:20 INFO   e2 opt_step=850/1806  loss=0.3861  acc=0.8307  lr=5.88e-06
14:27:15 INFO   e2 opt_step=900/1806  loss=0.3795  acc=0.8333  lr=5.57e-06
14:30:10 INFO   e2 opt_step=950/1806  loss=0.3730  acc=0.8375  lr=5.26e-06
14:33:06 INFO   e2 opt_step=1000/1806  loss=0.3679  acc=0.8408  lr=4.96e-06
14:36:01 INFO   e2 opt_step=1050/1806  loss=0.3640  acc=0.8429  lr=4.65e-06
14:38:58 INFO   e2 opt_step=1100/1806  loss=0.3607  acc=0.8437  lr=4.34e-06
14:41:54 INFO   e2 opt_step=1150/1806  loss=0.3554  acc=0.8461  lr=4.03e-06
14:44:50 INFO   e2 opt_step=1200/1806  loss=0.3511  acc=0.8481  lr=3.73e-06
14:45:56 INFO [epoch 2/3]  train_loss=0.3505  train_acc=0.8484  val_loss=0.4431  val_acc=0.8275  val_auc=0.9081  elapsed=2169.4s
14:46:01 INFO   * saved best.pt  val_acc=0.8275
14:48:43 INFO   e3 opt_step=1250/1806  loss=0.2270  acc=0.9147  lr=3.42e-06
14:51:39 INFO   e3 opt_step=1300/1806  loss=0.2193  acc=0.9167  lr=3.11e-06
14:54:36 INFO   e3 opt_step=1350/1806  loss=0.2189  acc=0.9148  lr=2.80e-06
14:57:32 INFO   e3 opt_step=1400/1806  loss=0.2152  acc=0.9146  lr=2.50e-06
15:00:30 INFO   e3 opt_step=1450/1806  loss=0.2098  acc=0.9174  lr=2.19e-06
15:03:26 INFO   e3 opt_step=1500/1806  loss=0.2088  acc=0.9179  lr=1.88e-06
15:06:23 INFO   e3 opt_step=1550/1806  loss=0.2061  acc=0.9198  lr=1.57e-06
15:09:18 INFO   e3 opt_step=1600/1806  loss=0.2051  acc=0.9206  lr=1.27e-06
15:12:13 INFO   e3 opt_step=1650/1806  loss=0.2051  acc=0.9204  lr=9.59e-07
15:15:10 INFO   e3 opt_step=1700/1806  loss=0.2049  acc=0.9205  lr=6.52e-07
15:18:05 INFO   e3 opt_step=1750/1806  loss=0.2031  acc=0.9209  lr=3.44e-07
15:21:01 INFO   e3 opt_step=1800/1806  loss=0.2021  acc=0.9216  lr=3.69e-08
15:22:14 INFO [epoch 3/3]  train_loss=0.2020  train_acc=0.9217  val_loss=0.4682  val_acc=0.8362  val_auc=0.9140  elapsed=2172.8s
15:22:19 INFO   * saved best.pt  val_acc=0.8362
15:22:21 INFO saved final.pt  total_time=6529s
15:22:21 INFO loading best.pt for final val/test evaluation …
15:23:12 INFO [val]  acc=0.8362  auc=0.9140  f1=0.8373
15:24:09 INFO [test] loss=0.5182  acc=0.8271  auc=0.9022  f1=0.8275
15:24:09 INFO [done] best_val_acc=0.8362  test_acc=0.8271  test_auc=0.9022  results in runs/crossencoder2x_deberta/merged_gapdecay_procedural
===== DONE. Results in runs/crossencoder2x_deberta/ =====
