10:11:50 INFO run_dir=/mnt/localssd/crossencoder_sweep/runs/aep_causal_cls34/e5-large-v2
10:11:50 INFO device=cuda:0  bf16=True  physical_gpu=0  CUDA_VISIBLE_DEVICES=0
10:11:50 INFO dataset=aep_causal_cls34  model=e5-large-v2  backbone=intfloat/e5-large-v2
10:11:50 INFO tokenizer <- intfloat/e5-large-v2
Warning: You are sending unauthenticated requests to the HF Hub. Please set a HF_TOKEN to enable higher rate limits and faster downloads.
10:11:51 INFO split files: ['directional_train.jsonl', 'directional_val.jsonl', 'directional_test.jsonl']
10:11:51 INFO scanning max JOINT token length across all splits ...
10:13:01 INFO   observed_max_joint=512 -> max_seq_len=512 (cap=512, scan=70.4s)
10:13:01 INFO loading datasets ...
10:13:03 INFO   schema=standard  train=110775  val=6004  test=6004
10:13:03 INFO building CrossEncoderClassifier  backbone=intfloat/e5-large-v2
Loading weights:   0%|          | 0/391 [00:00<?, ?it/s]Loading weights: 100%|██████████| 391/391 [00:00<00:00, 6339.41it/s]
10:13:04 INFO   hidden_size=1024  trainable_params=335,142,913
10:13:04 INFO   total_steps=6924  warmup_steps=415  grad_accum=4  eff_batch=64
10:13:11 INFO   e1 step    50/6924  loss=0.7394  acc=0.5175  lr0=2.89e-07 lr1=2.89e-07
10:13:18 INFO   e1 step   100/6924  loss=0.7351  acc=0.5125  lr0=6.02e-07 lr1=6.02e-07
10:13:24 INFO   e1 step   150/6924  loss=0.7284  acc=0.5112  lr0=8.92e-07 lr1=8.92e-07
10:13:30 INFO   e1 step   200/6924  loss=0.7265  acc=0.5181  lr0=1.20e-06 lr1=1.20e-06
10:13:37 INFO   e1 step   250/6924  loss=0.7271  acc=0.5152  lr0=1.49e-06 lr1=1.49e-06
10:13:43 INFO   e1 step   300/6924  loss=0.7277  acc=0.5152  lr0=1.81e-06 lr1=1.81e-06
10:13:49 INFO   e1 step   350/6924  loss=0.7293  acc=0.5098  lr0=2.10e-06 lr1=2.10e-06
10:13:56 INFO   e1 step   400/6924  loss=0.7282  acc=0.5111  lr0=2.41e-06 lr1=2.41e-06
10:14:02 INFO   e1 step   450/6924  loss=0.7279  acc=0.5114  lr0=2.70e-06 lr1=2.70e-06
10:14:08 INFO   e1 step   500/6924  loss=0.7269  acc=0.5100  lr0=3.01e-06 lr1=3.01e-06
10:14:15 INFO   e1 step   550/6924  loss=0.7269  acc=0.5093  lr0=3.30e-06 lr1=3.30e-06
10:14:21 INFO   e1 step   600/6924  loss=0.7270  acc=0.5101  lr0=3.61e-06 lr1=3.61e-06
10:14:27 INFO   e1 step   650/6924  loss=0.7264  acc=0.5098  lr0=3.90e-06 lr1=3.90e-06
10:14:34 INFO   e1 step   700/6924  loss=0.7252  acc=0.5120  lr0=4.22e-06 lr1=4.22e-06
10:14:40 INFO   e1 step   750/6924  loss=0.7254  acc=0.5114  lr0=4.51e-06 lr1=4.51e-06
10:14:46 INFO   e1 step   800/6924  loss=0.7269  acc=0.5119  lr0=4.82e-06 lr1=4.82e-06
10:14:52 INFO   e1 step   850/6924  loss=0.7268  acc=0.5119  lr0=5.11e-06 lr1=5.11e-06
10:14:59 INFO   e1 step   900/6924  loss=0.7262  acc=0.5124  lr0=5.42e-06 lr1=5.42e-06
10:15:05 INFO   e1 step   950/6924  loss=0.7262  acc=0.5128  lr0=5.71e-06 lr1=5.71e-06
10:15:11 INFO   e1 step  1000/6924  loss=0.7263  acc=0.5129  lr0=6.02e-06 lr1=6.02e-06
10:15:17 INFO   e1 step  1050/6924  loss=0.7261  acc=0.5126  lr0=6.31e-06 lr1=6.31e-06
10:15:24 INFO   e1 step  1100/6924  loss=0.7259  acc=0.5126  lr0=6.63e-06 lr1=6.63e-06
10:15:30 INFO   e1 step  1150/6924  loss=0.7257  acc=0.5123  lr0=6.92e-06 lr1=6.92e-06
10:15:36 INFO   e1 step  1200/6924  loss=0.7255  acc=0.5123  lr0=7.23e-06 lr1=7.23e-06
10:15:43 INFO   e1 step  1250/6924  loss=0.7249  acc=0.5122  lr0=7.52e-06 lr1=7.52e-06
10:15:49 INFO   e1 step  1300/6924  loss=0.7242  acc=0.5129  lr0=7.83e-06 lr1=7.83e-06
10:15:56 INFO   e1 step  1350/6924  loss=0.7239  acc=0.5132  lr0=8.12e-06 lr1=8.12e-06
10:16:02 INFO   e1 step  1400/6924  loss=0.7240  acc=0.5138  lr0=8.43e-06 lr1=8.43e-06
10:16:08 INFO   e1 step  1450/6924  loss=0.7231  acc=0.5147  lr0=8.72e-06 lr1=8.72e-06
10:16:15 INFO   e1 step  1500/6924  loss=0.7228  acc=0.5151  lr0=9.04e-06 lr1=9.04e-06
10:16:21 INFO   e1 step  1550/6924  loss=0.7222  acc=0.5166  lr0=9.33e-06 lr1=9.33e-06
10:16:27 INFO   e1 step  1600/6924  loss=0.7216  acc=0.5174  lr0=9.64e-06 lr1=9.64e-06
10:16:33 INFO   e1 step  1650/6924  loss=0.7213  acc=0.5178  lr0=9.93e-06 lr1=9.93e-06
10:16:40 INFO   e1 step  1700/6924  loss=0.7208  acc=0.5187  lr0=9.98e-06 lr1=9.98e-06
10:16:46 INFO   e1 step  1750/6924  loss=0.7216  acc=0.5187  lr0=9.97e-06 lr1=9.97e-06
10:16:52 INFO   e1 step  1800/6924  loss=0.7219  acc=0.5189  lr0=9.95e-06 lr1=9.95e-06
10:16:59 INFO   e1 step  1850/6924  loss=0.7217  acc=0.5195  lr0=9.93e-06 lr1=9.93e-06
10:17:05 INFO   e1 step  1900/6924  loss=0.7214  acc=0.5197  lr0=9.91e-06 lr1=9.91e-06
10:17:11 INFO   e1 step  1950/6924  loss=0.7216  acc=0.5182  lr0=9.89e-06 lr1=9.89e-06
10:17:18 INFO   e1 step  2000/6924  loss=0.7215  acc=0.5180  lr0=9.87e-06 lr1=9.87e-06
10:17:24 INFO   e1 step  2050/6924  loss=0.7215  acc=0.5177  lr0=9.85e-06 lr1=9.85e-06
10:17:30 INFO   e1 step  2100/6924  loss=0.7215  acc=0.5168  lr0=9.83e-06 lr1=9.83e-06
10:17:37 INFO   e1 step  2150/6924  loss=0.7211  acc=0.5166  lr0=9.81e-06 lr1=9.81e-06
10:17:43 INFO   e1 step  2200/6924  loss=0.7213  acc=0.5158  lr0=9.79e-06 lr1=9.79e-06
10:17:50 INFO   e1 step  2250/6924  loss=0.7211  acc=0.5156  lr0=9.77e-06 lr1=9.77e-06
10:17:56 INFO   e1 step  2300/6924  loss=0.7208  acc=0.5160  lr0=9.75e-06 lr1=9.75e-06
10:18:03 INFO   e1 step  2350/6924  loss=0.7208  acc=0.5157  lr0=9.74e-06 lr1=9.74e-06
10:18:09 INFO   e1 step  2400/6924  loss=0.7205  acc=0.5157  lr0=9.72e-06 lr1=9.72e-06
10:18:15 INFO   e1 step  2450/6924  loss=0.7204  acc=0.5160  lr0=9.70e-06 lr1=9.70e-06
10:18:21 INFO   e1 step  2500/6924  loss=0.7206  acc=0.5152  lr0=9.68e-06 lr1=9.68e-06
10:18:28 INFO   e1 step  2550/6924  loss=0.7205  acc=0.5144  lr0=9.66e-06 lr1=9.66e-06
10:18:34 INFO   e1 step  2600/6924  loss=0.7203  acc=0.5143  lr0=9.64e-06 lr1=9.64e-06
10:18:40 INFO   e1 step  2650/6924  loss=0.7202  acc=0.5141  lr0=9.62e-06 lr1=9.62e-06
10:18:47 INFO   e1 step  2700/6924  loss=0.7200  acc=0.5139  lr0=9.60e-06 lr1=9.60e-06
10:18:53 INFO   e1 step  2750/6924  loss=0.7197  acc=0.5141  lr0=9.58e-06 lr1=9.58e-06
10:18:59 INFO   e1 step  2800/6924  loss=0.7198  acc=0.5141  lr0=9.56e-06 lr1=9.56e-06
10:19:06 INFO   e1 step  2850/6924  loss=0.7197  acc=0.5137  lr0=9.54e-06 lr1=9.54e-06
10:19:12 INFO   e1 step  2900/6924  loss=0.7195  acc=0.5137  lr0=9.52e-06 lr1=9.52e-06
10:19:18 INFO   e1 step  2950/6924  loss=0.7193  acc=0.5136  lr0=9.51e-06 lr1=9.51e-06
10:19:25 INFO   e1 step  3000/6924  loss=0.7192  acc=0.5130  lr0=9.49e-06 lr1=9.49e-06
10:19:31 INFO   e1 step  3050/6924  loss=0.7190  acc=0.5129  lr0=9.47e-06 lr1=9.47e-06
10:19:37 INFO   e1 step  3100/6924  loss=0.7188  acc=0.5130  lr0=9.45e-06 lr1=9.45e-06
10:19:44 INFO   e1 step  3150/6924  loss=0.7187  acc=0.5127  lr0=9.43e-06 lr1=9.43e-06
10:19:50 INFO   e1 step  3200/6924  loss=0.7185  acc=0.5130  lr0=9.41e-06 lr1=9.41e-06
10:19:56 INFO   e1 step  3250/6924  loss=0.7184  acc=0.5128  lr0=9.39e-06 lr1=9.39e-06
10:20:03 INFO   e1 step  3300/6924  loss=0.7181  acc=0.5131  lr0=9.37e-06 lr1=9.37e-06
10:20:09 INFO   e1 step  3350/6924  loss=0.7180  acc=0.5130  lr0=9.35e-06 lr1=9.35e-06
10:20:15 INFO   e1 step  3400/6924  loss=0.7179  acc=0.5127  lr0=9.33e-06 lr1=9.33e-06
10:20:22 INFO   e1 step  3450/6924  loss=0.7178  acc=0.5126  lr0=9.31e-06 lr1=9.31e-06
10:20:28 INFO   e1 step  3500/6924  loss=0.7180  acc=0.5118  lr0=9.29e-06 lr1=9.29e-06
10:20:34 INFO   e1 step  3550/6924  loss=0.7179  acc=0.5116  lr0=9.27e-06 lr1=9.27e-06
10:20:41 INFO   e1 step  3600/6924  loss=0.7179  acc=0.5113  lr0=9.25e-06 lr1=9.25e-06
10:20:47 INFO   e1 step  3650/6924  loss=0.7178  acc=0.5113  lr0=9.24e-06 lr1=9.24e-06
10:20:53 INFO   e1 step  3700/6924  loss=0.7177  acc=0.5111  lr0=9.22e-06 lr1=9.22e-06
10:21:00 INFO   e1 step  3750/6924  loss=0.7176  acc=0.5108  lr0=9.20e-06 lr1=9.20e-06
10:21:06 INFO   e1 step  3800/6924  loss=0.7174  acc=0.5106  lr0=9.18e-06 lr1=9.18e-06
10:21:12 INFO   e1 step  3850/6924  loss=0.7173  acc=0.5107  lr0=9.16e-06 lr1=9.16e-06
10:21:19 INFO   e1 step  3900/6924  loss=0.7172  acc=0.5106  lr0=9.14e-06 lr1=9.14e-06
10:21:25 INFO   e1 step  3950/6924  loss=0.7171  acc=0.5106  lr0=9.12e-06 lr1=9.12e-06
10:21:32 INFO   e1 step  4000/6924  loss=0.7170  acc=0.5105  lr0=9.10e-06 lr1=9.10e-06
10:21:38 INFO   e1 step  4050/6924  loss=0.7170  acc=0.5103  lr0=9.08e-06 lr1=9.08e-06
10:21:44 INFO   e1 step  4100/6924  loss=0.7168  acc=0.5103  lr0=9.06e-06 lr1=9.06e-06
10:21:51 INFO   e1 step  4150/6924  loss=0.7165  acc=0.5105  lr0=9.04e-06 lr1=9.04e-06
10:21:57 INFO   e1 step  4200/6924  loss=0.7166  acc=0.5106  lr0=9.02e-06 lr1=9.02e-06
10:22:04 INFO   e1 step  4250/6924  loss=0.7164  acc=0.5108  lr0=9.01e-06 lr1=9.01e-06
10:22:10 INFO   e1 step  4300/6924  loss=0.7163  acc=0.5107  lr0=8.99e-06 lr1=8.99e-06
10:22:16 INFO   e1 step  4350/6924  loss=0.7163  acc=0.5104  lr0=8.97e-06 lr1=8.97e-06
10:22:23 INFO   e1 step  4400/6924  loss=0.7161  acc=0.5102  lr0=8.95e-06 lr1=8.95e-06
10:22:29 INFO   e1 step  4450/6924  loss=0.7161  acc=0.5101  lr0=8.93e-06 lr1=8.93e-06
10:22:36 INFO   e1 step  4500/6924  loss=0.7160  acc=0.5098  lr0=8.91e-06 lr1=8.91e-06
10:22:42 INFO   e1 step  4550/6924  loss=0.7160  acc=0.5095  lr0=8.89e-06 lr1=8.89e-06
10:22:48 INFO   e1 step  4600/6924  loss=0.7159  acc=0.5097  lr0=8.87e-06 lr1=8.87e-06
10:22:55 INFO   e1 step  4650/6924  loss=0.7157  acc=0.5098  lr0=8.85e-06 lr1=8.85e-06
10:23:01 INFO   e1 step  4700/6924  loss=0.7155  acc=0.5099  lr0=8.83e-06 lr1=8.83e-06
10:23:07 INFO   e1 step  4750/6924  loss=0.7154  acc=0.5096  lr0=8.81e-06 lr1=8.81e-06
10:23:14 INFO   e1 step  4800/6924  loss=0.7152  acc=0.5097  lr0=8.79e-06 lr1=8.79e-06
10:23:20 INFO   e1 step  4850/6924  loss=0.7151  acc=0.5098  lr0=8.78e-06 lr1=8.78e-06
10:23:27 INFO   e1 step  4900/6924  loss=0.7151  acc=0.5097  lr0=8.76e-06 lr1=8.76e-06
10:23:33 INFO   e1 step  4950/6924  loss=0.7149  acc=0.5098  lr0=8.74e-06 lr1=8.74e-06
10:23:39 INFO   e1 step  5000/6924  loss=0.7148  acc=0.5097  lr0=8.72e-06 lr1=8.72e-06
10:23:46 INFO   e1 step  5050/6924  loss=0.7147  acc=0.5101  lr0=8.70e-06 lr1=8.70e-06
10:23:52 INFO   e1 step  5100/6924  loss=0.7145  acc=0.5104  lr0=8.68e-06 lr1=8.68e-06
10:23:58 INFO   e1 step  5150/6924  loss=0.7145  acc=0.5107  lr0=8.66e-06 lr1=8.66e-06
10:24:05 INFO   e1 step  5200/6924  loss=0.7145  acc=0.5108  lr0=8.64e-06 lr1=8.64e-06
10:24:11 INFO   e1 step  5250/6924  loss=0.7145  acc=0.5106  lr0=8.62e-06 lr1=8.62e-06
10:24:18 INFO   e1 step  5300/6924  loss=0.7143  acc=0.5109  lr0=8.60e-06 lr1=8.60e-06
10:24:24 INFO   e1 step  5350/6924  loss=0.7142  acc=0.5108  lr0=8.58e-06 lr1=8.58e-06
10:24:30 INFO   e1 step  5400/6924  loss=0.7140  acc=0.5109  lr0=8.56e-06 lr1=8.56e-06
10:24:37 INFO   e1 step  5450/6924  loss=0.7139  acc=0.5109  lr0=8.55e-06 lr1=8.55e-06
10:24:43 INFO   e1 step  5500/6924  loss=0.7140  acc=0.5108  lr0=8.53e-06 lr1=8.53e-06
10:24:49 INFO   e1 step  5550/6924  loss=0.7141  acc=0.5106  lr0=8.51e-06 lr1=8.51e-06
10:24:56 INFO   e1 step  5600/6924  loss=0.7138  acc=0.5109  lr0=8.49e-06 lr1=8.49e-06
10:25:02 INFO   e1 step  5650/6924  loss=0.7137  acc=0.5111  lr0=8.47e-06 lr1=8.47e-06
10:25:09 INFO   e1 step  5700/6924  loss=0.7135  acc=0.5115  lr0=8.45e-06 lr1=8.45e-06
10:25:15 INFO   e1 step  5750/6924  loss=0.7134  acc=0.5115  lr0=8.43e-06 lr1=8.43e-06
10:25:21 INFO   e1 step  5800/6924  loss=0.7132  acc=0.5119  lr0=8.41e-06 lr1=8.41e-06
10:25:28 INFO   e1 step  5850/6924  loss=0.7133  acc=0.5120  lr0=8.39e-06 lr1=8.39e-06
10:25:34 INFO   e1 step  5900/6924  loss=0.7133  acc=0.5121  lr0=8.37e-06 lr1=8.37e-06
10:25:40 INFO   e1 step  5950/6924  loss=0.7133  acc=0.5121  lr0=8.35e-06 lr1=8.35e-06
10:25:46 INFO   e1 step  6000/6924  loss=0.7132  acc=0.5125  lr0=8.33e-06 lr1=8.33e-06
10:25:53 INFO   e1 step  6050/6924  loss=0.7130  acc=0.5126  lr0=8.31e-06 lr1=8.31e-06
10:25:59 INFO   e1 step  6100/6924  loss=0.7128  acc=0.5129  lr0=8.29e-06 lr1=8.29e-06
10:26:05 INFO   e1 step  6150/6924  loss=0.7126  acc=0.5132  lr0=8.28e-06 lr1=8.28e-06
10:26:12 INFO   e1 step  6200/6924  loss=0.7123  acc=0.5139  lr0=8.26e-06 lr1=8.26e-06
10:26:18 INFO   e1 step  6250/6924  loss=0.7120  acc=0.5143  lr0=8.24e-06 lr1=8.24e-06
10:26:25 INFO   e1 step  6300/6924  loss=0.7117  acc=0.5148  lr0=8.22e-06 lr1=8.22e-06
10:26:31 INFO   e1 step  6350/6924  loss=0.7114  acc=0.5154  lr0=8.20e-06 lr1=8.20e-06
10:26:37 INFO   e1 step  6400/6924  loss=0.7112  acc=0.5158  lr0=8.18e-06 lr1=8.18e-06
10:26:44 INFO   e1 step  6450/6924  loss=0.7111  acc=0.5158  lr0=8.16e-06 lr1=8.16e-06
10:26:50 INFO   e1 step  6500/6924  loss=0.7108  acc=0.5164  lr0=8.14e-06 lr1=8.14e-06
10:26:57 INFO   e1 step  6550/6924  loss=0.7104  acc=0.5170  lr0=8.12e-06 lr1=8.12e-06
10:27:03 INFO   e1 step  6600/6924  loss=0.7100  acc=0.5176  lr0=8.10e-06 lr1=8.10e-06
10:27:09 INFO   e1 step  6650/6924  loss=0.7096  acc=0.5183  lr0=8.08e-06 lr1=8.08e-06
10:27:16 INFO   e1 step  6700/6924  loss=0.7092  acc=0.5189  lr0=8.06e-06 lr1=8.06e-06
10:27:22 INFO   e1 step  6750/6924  loss=0.7089  acc=0.5192  lr0=8.05e-06 lr1=8.05e-06
10:27:28 INFO   e1 step  6800/6924  loss=0.7085  acc=0.5201  lr0=8.03e-06 lr1=8.03e-06
10:27:35 INFO   e1 step  6850/6924  loss=0.7082  acc=0.5208  lr0=8.01e-06 lr1=8.01e-06
10:27:41 INFO   e1 step  6900/6924  loss=0.7077  acc=0.5216  lr0=7.99e-06 lr1=7.99e-06
10:27:55 INFO [epoch 1] train_loss=0.7074 train_acc=0.5220  val_loss=0.6808 val_acc=0.5580 val_auc=0.5840  elapsed=890.9s
10:27:56 INFO   saved best.pt  val_acc=0.5580
10:28:03 INFO   e2 step    50/6924  loss=0.6532  acc=0.6112  lr0=7.96e-06 lr1=7.96e-06
10:28:09 INFO   e2 step   100/6924  loss=0.6333  acc=0.6206  lr0=7.94e-06 lr1=7.94e-06
10:28:16 INFO   e2 step   150/6924  loss=0.6199  acc=0.6421  lr0=7.92e-06 lr1=7.92e-06
10:28:22 INFO   e2 step   200/6924  loss=0.6139  acc=0.6491  lr0=7.90e-06 lr1=7.90e-06
10:28:28 INFO   e2 step   250/6924  loss=0.6106  acc=0.6522  lr0=7.88e-06 lr1=7.88e-06
10:28:35 INFO   e2 step   300/6924  loss=0.6018  acc=0.6608  lr0=7.86e-06 lr1=7.86e-06
10:28:41 INFO   e2 step   350/6924  loss=0.5972  acc=0.6680  lr0=7.84e-06 lr1=7.84e-06
10:28:48 INFO   e2 step   400/6924  loss=0.5864  acc=0.6783  lr0=7.82e-06 lr1=7.82e-06
10:28:54 INFO   e2 step   450/6924  loss=0.5874  acc=0.6804  lr0=7.81e-06 lr1=7.81e-06
10:29:00 INFO   e2 step   500/6924  loss=0.5770  acc=0.6895  lr0=7.79e-06 lr1=7.79e-06
10:29:07 INFO   e2 step   550/6924  loss=0.5703  acc=0.6939  lr0=7.77e-06 lr1=7.77e-06
10:29:13 INFO   e2 step   600/6924  loss=0.5623  acc=0.6990  lr0=7.75e-06 lr1=7.75e-06
10:29:19 INFO   e2 step   650/6924  loss=0.5556  acc=0.7042  lr0=7.73e-06 lr1=7.73e-06
10:29:25 INFO   e2 step   700/6924  loss=0.5455  acc=0.7124  lr0=7.71e-06 lr1=7.71e-06
10:29:32 INFO   e2 step   750/6924  loss=0.5376  acc=0.7189  lr0=7.69e-06 lr1=7.69e-06
10:29:38 INFO   e2 step   800/6924  loss=0.5301  acc=0.7245  lr0=7.67e-06 lr1=7.67e-06
10:29:44 INFO   e2 step   850/6924  loss=0.5213  acc=0.7301  lr0=7.65e-06 lr1=7.65e-06
10:29:50 INFO   e2 step   900/6924  loss=0.5127  acc=0.7360  lr0=7.63e-06 lr1=7.63e-06
10:29:56 INFO   e2 step   950/6924  loss=0.5088  acc=0.7395  lr0=7.61e-06 lr1=7.61e-06
10:30:03 INFO   e2 step  1000/6924  loss=0.5019  acc=0.7441  lr0=7.59e-06 lr1=7.59e-06
10:30:09 INFO   e2 step  1050/6924  loss=0.4960  acc=0.7480  lr0=7.58e-06 lr1=7.58e-06
10:30:16 INFO   e2 step  1100/6924  loss=0.4929  acc=0.7501  lr0=7.56e-06 lr1=7.56e-06
10:30:22 INFO   e2 step  1150/6924  loss=0.4921  acc=0.7513  lr0=7.54e-06 lr1=7.54e-06
10:30:28 INFO   e2 step  1200/6924  loss=0.4881  acc=0.7543  lr0=7.52e-06 lr1=7.52e-06
10:30:35 INFO   e2 step  1250/6924  loss=0.4801  acc=0.7591  lr0=7.50e-06 lr1=7.50e-06
10:30:42 INFO   e2 step  1300/6924  loss=0.4716  acc=0.7640  lr0=7.48e-06 lr1=7.48e-06
10:30:48 INFO   e2 step  1350/6924  loss=0.4662  acc=0.7678  lr0=7.46e-06 lr1=7.46e-06
10:30:54 INFO   e2 step  1400/6924  loss=0.4604  acc=0.7706  lr0=7.44e-06 lr1=7.44e-06
10:31:01 INFO   e2 step  1450/6924  loss=0.4541  acc=0.7740  lr0=7.42e-06 lr1=7.42e-06
10:31:07 INFO   e2 step  1500/6924  loss=0.4481  acc=0.7777  lr0=7.40e-06 lr1=7.40e-06
10:31:14 INFO   e2 step  1550/6924  loss=0.4421  acc=0.7814  lr0=7.38e-06 lr1=7.38e-06
10:31:20 INFO   e2 step  1600/6924  loss=0.4378  acc=0.7840  lr0=7.36e-06 lr1=7.36e-06
10:31:26 INFO   e2 step  1650/6924  loss=0.4341  acc=0.7865  lr0=7.35e-06 lr1=7.35e-06
10:31:32 INFO   e2 step  1700/6924  loss=0.4289  acc=0.7896  lr0=7.33e-06 lr1=7.33e-06
10:31:39 INFO   e2 step  1750/6924  loss=0.4245  acc=0.7920  lr0=7.31e-06 lr1=7.31e-06
10:31:45 INFO   e2 step  1800/6924  loss=0.4200  acc=0.7950  lr0=7.29e-06 lr1=7.29e-06
10:31:52 INFO   e2 step  1850/6924  loss=0.4161  acc=0.7977  lr0=7.27e-06 lr1=7.27e-06
10:31:58 INFO   e2 step  1900/6924  loss=0.4108  acc=0.8008  lr0=7.25e-06 lr1=7.25e-06
10:32:04 INFO   e2 step  1950/6924  loss=0.4069  acc=0.8032  lr0=7.23e-06 lr1=7.23e-06
10:32:11 INFO   e2 step  2000/6924  loss=0.4033  acc=0.8053  lr0=7.21e-06 lr1=7.21e-06
10:32:17 INFO   e2 step  2050/6924  loss=0.3999  acc=0.8072  lr0=7.19e-06 lr1=7.19e-06
10:32:24 INFO   e2 step  2100/6924  loss=0.3964  acc=0.8092  lr0=7.17e-06 lr1=7.17e-06
10:32:30 INFO   e2 step  2150/6924  loss=0.3918  acc=0.8118  lr0=7.15e-06 lr1=7.15e-06
10:32:37 INFO   e2 step  2200/6924  loss=0.3877  acc=0.8141  lr0=7.13e-06 lr1=7.13e-06
10:32:43 INFO   e2 step  2250/6924  loss=0.3837  acc=0.8163  lr0=7.11e-06 lr1=7.11e-06
10:32:49 INFO   e2 step  2300/6924  loss=0.3801  acc=0.8183  lr0=7.09e-06 lr1=7.09e-06
10:32:56 INFO   e2 step  2350/6924  loss=0.3789  acc=0.8190  lr0=7.08e-06 lr1=7.08e-06
10:33:02 INFO   e2 step  2400/6924  loss=0.3774  acc=0.8199  lr0=7.06e-06 lr1=7.06e-06
10:33:09 INFO   e2 step  2450/6924  loss=0.3743  acc=0.8216  lr0=7.04e-06 lr1=7.04e-06
10:33:15 INFO   e2 step  2500/6924  loss=0.3704  acc=0.8237  lr0=7.02e-06 lr1=7.02e-06
10:33:21 INFO   e2 step  2550/6924  loss=0.3681  acc=0.8251  lr0=7.00e-06 lr1=7.00e-06
10:33:28 INFO   e2 step  2600/6924  loss=0.3658  acc=0.8263  lr0=6.98e-06 lr1=6.98e-06
10:33:34 INFO   e2 step  2650/6924  loss=0.3634  acc=0.8275  lr0=6.96e-06 lr1=6.96e-06
10:33:40 INFO   e2 step  2700/6924  loss=0.3609  acc=0.8290  lr0=6.94e-06 lr1=6.94e-06
10:33:46 INFO   e2 step  2750/6924  loss=0.3590  acc=0.8301  lr0=6.92e-06 lr1=6.92e-06
10:33:53 INFO   e2 step  2800/6924  loss=0.3562  acc=0.8315  lr0=6.90e-06 lr1=6.90e-06
10:33:59 INFO   e2 step  2850/6924  loss=0.3541  acc=0.8327  lr0=6.88e-06 lr1=6.88e-06
10:34:05 INFO   e2 step  2900/6924  loss=0.3514  acc=0.8341  lr0=6.86e-06 lr1=6.86e-06
10:34:12 INFO   e2 step  2950/6924  loss=0.3489  acc=0.8356  lr0=6.85e-06 lr1=6.85e-06
10:34:18 INFO   e2 step  3000/6924  loss=0.3461  acc=0.8372  lr0=6.83e-06 lr1=6.83e-06
10:34:25 INFO   e2 step  3050/6924  loss=0.3441  acc=0.8383  lr0=6.81e-06 lr1=6.81e-06
10:34:31 INFO   e2 step  3100/6924  loss=0.3418  acc=0.8393  lr0=6.79e-06 lr1=6.79e-06
10:34:37 INFO   e2 step  3150/6924  loss=0.3395  acc=0.8405  lr0=6.77e-06 lr1=6.77e-06
10:34:44 INFO   e2 step  3200/6924  loss=0.3370  acc=0.8418  lr0=6.75e-06 lr1=6.75e-06
10:34:50 INFO   e2 step  3250/6924  loss=0.3346  acc=0.8433  lr0=6.73e-06 lr1=6.73e-06
10:34:56 INFO   e2 step  3300/6924  loss=0.3321  acc=0.8445  lr0=6.71e-06 lr1=6.71e-06
10:35:03 INFO   e2 step  3350/6924  loss=0.3299  acc=0.8456  lr0=6.69e-06 lr1=6.69e-06
10:35:09 INFO   e2 step  3400/6924  loss=0.3274  acc=0.8468  lr0=6.67e-06 lr1=6.67e-06
10:35:15 INFO   e2 step  3450/6924  loss=0.3248  acc=0.8480  lr0=6.65e-06 lr1=6.65e-06
10:35:22 INFO   e2 step  3500/6924  loss=0.3222  acc=0.8493  lr0=6.63e-06 lr1=6.63e-06
10:35:28 INFO   e2 step  3550/6924  loss=0.3206  acc=0.8502  lr0=6.62e-06 lr1=6.62e-06
10:35:34 INFO   e2 step  3600/6924  loss=0.3183  acc=0.8514  lr0=6.60e-06 lr1=6.60e-06
10:35:41 INFO   e2 step  3650/6924  loss=0.3159  acc=0.8527  lr0=6.58e-06 lr1=6.58e-06
10:35:47 INFO   e2 step  3700/6924  loss=0.3144  acc=0.8536  lr0=6.56e-06 lr1=6.56e-06
10:35:53 INFO   e2 step  3750/6924  loss=0.3123  acc=0.8546  lr0=6.54e-06 lr1=6.54e-06
10:36:00 INFO   e2 step  3800/6924  loss=0.3104  acc=0.8556  lr0=6.52e-06 lr1=6.52e-06
10:36:06 INFO   e2 step  3850/6924  loss=0.3085  acc=0.8565  lr0=6.50e-06 lr1=6.50e-06
10:36:13 INFO   e2 step  3900/6924  loss=0.3066  acc=0.8573  lr0=6.48e-06 lr1=6.48e-06
10:36:19 INFO   e2 step  3950/6924  loss=0.3050  acc=0.8582  lr0=6.46e-06 lr1=6.46e-06
10:36:26 INFO   e2 step  4000/6924  loss=0.3027  acc=0.8594  lr0=6.44e-06 lr1=6.44e-06
10:36:32 INFO   e2 step  4050/6924  loss=0.3007  acc=0.8605  lr0=6.42e-06 lr1=6.42e-06
10:36:38 INFO   e2 step  4100/6924  loss=0.2987  acc=0.8616  lr0=6.40e-06 lr1=6.40e-06
10:36:45 INFO   e2 step  4150/6924  loss=0.2971  acc=0.8624  lr0=6.39e-06 lr1=6.39e-06
10:36:51 INFO   e2 step  4200/6924  loss=0.2954  acc=0.8633  lr0=6.37e-06 lr1=6.37e-06
10:36:57 INFO   e2 step  4250/6924  loss=0.2940  acc=0.8640  lr0=6.35e-06 lr1=6.35e-06
10:37:04 INFO   e2 step  4300/6924  loss=0.2925  acc=0.8647  lr0=6.33e-06 lr1=6.33e-06
10:37:10 INFO   e2 step  4350/6924  loss=0.2910  acc=0.8655  lr0=6.31e-06 lr1=6.31e-06
10:37:16 INFO   e2 step  4400/6924  loss=0.2889  acc=0.8666  lr0=6.29e-06 lr1=6.29e-06
10:37:23 INFO   e2 step  4450/6924  loss=0.2874  acc=0.8675  lr0=6.27e-06 lr1=6.27e-06
10:37:29 INFO   e2 step  4500/6924  loss=0.2855  acc=0.8683  lr0=6.25e-06 lr1=6.25e-06
10:37:35 INFO   e2 step  4550/6924  loss=0.2841  acc=0.8691  lr0=6.23e-06 lr1=6.23e-06
10:37:42 INFO   e2 step  4600/6924  loss=0.2824  acc=0.8699  lr0=6.21e-06 lr1=6.21e-06
10:37:48 INFO   e2 step  4650/6924  loss=0.2805  acc=0.8709  lr0=6.19e-06 lr1=6.19e-06
10:37:54 INFO   e2 step  4700/6924  loss=0.2790  acc=0.8717  lr0=6.17e-06 lr1=6.17e-06
10:38:01 INFO   e2 step  4750/6924  loss=0.2774  acc=0.8726  lr0=6.15e-06 lr1=6.15e-06
10:38:07 INFO   e2 step  4800/6924  loss=0.2760  acc=0.8733  lr0=6.13e-06 lr1=6.13e-06
10:38:14 INFO   e2 step  4850/6924  loss=0.2747  acc=0.8740  lr0=6.12e-06 lr1=6.12e-06
10:38:20 INFO   e2 step  4900/6924  loss=0.2733  acc=0.8747  lr0=6.10e-06 lr1=6.10e-06
10:38:26 INFO   e2 step  4950/6924  loss=0.2715  acc=0.8755  lr0=6.08e-06 lr1=6.08e-06
10:38:33 INFO   e2 step  5000/6924  loss=0.2699  acc=0.8763  lr0=6.06e-06 lr1=6.06e-06
10:38:39 INFO   e2 step  5050/6924  loss=0.2688  acc=0.8769  lr0=6.04e-06 lr1=6.04e-06
10:38:46 INFO   e2 step  5100/6924  loss=0.2672  acc=0.8776  lr0=6.02e-06 lr1=6.02e-06
10:38:52 INFO   e2 step  5150/6924  loss=0.2658  acc=0.8784  lr0=6.00e-06 lr1=6.00e-06
10:38:59 INFO   e2 step  5200/6924  loss=0.2649  acc=0.8789  lr0=5.98e-06 lr1=5.98e-06
10:39:05 INFO   e2 step  5250/6924  loss=0.2637  acc=0.8796  lr0=5.96e-06 lr1=5.96e-06
10:39:11 INFO   e2 step  5300/6924  loss=0.2623  acc=0.8804  lr0=5.94e-06 lr1=5.94e-06
10:39:18 INFO   e2 step  5350/6924  loss=0.2610  acc=0.8809  lr0=5.92e-06 lr1=5.92e-06
10:39:24 INFO   e2 step  5400/6924  loss=0.2597  acc=0.8816  lr0=5.90e-06 lr1=5.90e-06
10:39:31 INFO   e2 step  5450/6924  loss=0.2583  acc=0.8824  lr0=5.89e-06 lr1=5.89e-06
10:39:37 INFO   e2 step  5500/6924  loss=0.2567  acc=0.8832  lr0=5.87e-06 lr1=5.87e-06
10:39:43 INFO   e2 step  5550/6924  loss=0.2553  acc=0.8839  lr0=5.85e-06 lr1=5.85e-06
10:39:50 INFO   e2 step  5600/6924  loss=0.2543  acc=0.8844  lr0=5.83e-06 lr1=5.83e-06
10:39:56 INFO   e2 step  5650/6924  loss=0.2533  acc=0.8849  lr0=5.81e-06 lr1=5.81e-06
10:40:02 INFO   e2 step  5700/6924  loss=0.2524  acc=0.8854  lr0=5.79e-06 lr1=5.79e-06
10:40:09 INFO   e2 step  5750/6924  loss=0.2513  acc=0.8860  lr0=5.77e-06 lr1=5.77e-06
10:40:15 INFO   e2 step  5800/6924  loss=0.2503  acc=0.8865  lr0=5.75e-06 lr1=5.75e-06
10:40:21 INFO   e2 step  5850/6924  loss=0.2491  acc=0.8871  lr0=5.73e-06 lr1=5.73e-06
10:40:28 INFO   e2 step  5900/6924  loss=0.2479  acc=0.8877  lr0=5.71e-06 lr1=5.71e-06
10:40:34 INFO   e2 step  5950/6924  loss=0.2466  acc=0.8883  lr0=5.69e-06 lr1=5.69e-06
10:40:40 INFO   e2 step  6000/6924  loss=0.2455  acc=0.8888  lr0=5.67e-06 lr1=5.67e-06
10:40:47 INFO   e2 step  6050/6924  loss=0.2445  acc=0.8893  lr0=5.66e-06 lr1=5.66e-06
10:40:53 INFO   e2 step  6100/6924  loss=0.2433  acc=0.8898  lr0=5.64e-06 lr1=5.64e-06
10:40:59 INFO   e2 step  6150/6924  loss=0.2421  acc=0.8904  lr0=5.62e-06 lr1=5.62e-06
10:41:05 INFO   e2 step  6200/6924  loss=0.2408  acc=0.8910  lr0=5.60e-06 lr1=5.60e-06
10:41:11 INFO   e2 step  6250/6924  loss=0.2397  acc=0.8915  lr0=5.58e-06 lr1=5.58e-06
10:41:18 INFO   e2 step  6300/6924  loss=0.2385  acc=0.8921  lr0=5.56e-06 lr1=5.56e-06
10:41:24 INFO   e2 step  6350/6924  loss=0.2375  acc=0.8927  lr0=5.54e-06 lr1=5.54e-06
10:41:31 INFO   e2 step  6400/6924  loss=0.2366  acc=0.8932  lr0=5.52e-06 lr1=5.52e-06
10:41:37 INFO   e2 step  6450/6924  loss=0.2356  acc=0.8936  lr0=5.50e-06 lr1=5.50e-06
10:41:43 INFO   e2 step  6500/6924  loss=0.2344  acc=0.8942  lr0=5.48e-06 lr1=5.48e-06
10:41:49 INFO   e2 step  6550/6924  loss=0.2332  acc=0.8948  lr0=5.46e-06 lr1=5.46e-06
10:41:56 INFO   e2 step  6600/6924  loss=0.2320  acc=0.8954  lr0=5.44e-06 lr1=5.44e-06
10:42:02 INFO   e2 step  6650/6924  loss=0.2311  acc=0.8959  lr0=5.42e-06 lr1=5.42e-06
10:42:08 INFO   e2 step  6700/6924  loss=0.2301  acc=0.8963  lr0=5.40e-06 lr1=5.40e-06
10:42:15 INFO   e2 step  6750/6924  loss=0.2290  acc=0.8969  lr0=5.39e-06 lr1=5.39e-06
10:42:21 INFO   e2 step  6800/6924  loss=0.2280  acc=0.8973  lr0=5.37e-06 lr1=5.37e-06
10:42:28 INFO   e2 step  6850/6924  loss=0.2271  acc=0.8978  lr0=5.35e-06 lr1=5.35e-06
10:42:34 INFO   e2 step  6900/6924  loss=0.2262  acc=0.8983  lr0=5.33e-06 lr1=5.33e-06
10:42:48 INFO [epoch 2] train_loss=0.2257 train_acc=0.8985  val_loss=0.7052 val_acc=0.8281 val_auc=0.9014  elapsed=891.3s
10:42:49 INFO   saved best.pt  val_acc=0.8281
10:42:56 INFO   e3 step    50/6924  loss=0.0728  acc=0.9712  lr0=5.30e-06 lr1=5.30e-06
10:43:02 INFO   e3 step   100/6924  loss=0.0791  acc=0.9688  lr0=5.28e-06 lr1=5.28e-06
10:43:09 INFO   e3 step   150/6924  loss=0.0828  acc=0.9683  lr0=5.26e-06 lr1=5.26e-06
10:43:15 INFO   e3 step   200/6924  loss=0.0851  acc=0.9669  lr0=5.24e-06 lr1=5.24e-06
10:43:21 INFO   e3 step   250/6924  loss=0.0841  acc=0.9665  lr0=5.22e-06 lr1=5.22e-06
10:43:28 INFO   e3 step   300/6924  loss=0.0849  acc=0.9665  lr0=5.20e-06 lr1=5.20e-06
10:43:34 INFO   e3 step   350/6924  loss=0.0833  acc=0.9675  lr0=5.19e-06 lr1=5.19e-06
10:43:40 INFO   e3 step   400/6924  loss=0.0848  acc=0.9667  lr0=5.17e-06 lr1=5.17e-06
10:43:46 INFO   e3 step   450/6924  loss=0.0827  acc=0.9675  lr0=5.15e-06 lr1=5.15e-06
10:43:53 INFO   e3 step   500/6924  loss=0.0812  acc=0.9680  lr0=5.13e-06 lr1=5.13e-06
10:43:59 INFO   e3 step   550/6924  loss=0.0806  acc=0.9680  lr0=5.11e-06 lr1=5.11e-06
10:44:05 INFO   e3 step   600/6924  loss=0.0784  acc=0.9691  lr0=5.09e-06 lr1=5.09e-06
10:44:12 INFO   e3 step   650/6924  loss=0.0800  acc=0.9691  lr0=5.07e-06 lr1=5.07e-06
10:44:18 INFO   e3 step   700/6924  loss=0.0812  acc=0.9688  lr0=5.05e-06 lr1=5.05e-06
10:44:24 INFO   e3 step   750/6924  loss=0.0808  acc=0.9692  lr0=5.03e-06 lr1=5.03e-06
10:44:30 INFO   e3 step   800/6924  loss=0.0798  acc=0.9693  lr0=5.01e-06 lr1=5.01e-06
10:44:37 INFO   e3 step   850/6924  loss=0.0787  acc=0.9699  lr0=4.99e-06 lr1=4.99e-06
10:44:43 INFO   e3 step   900/6924  loss=0.0783  acc=0.9700  lr0=4.97e-06 lr1=4.97e-06
10:44:49 INFO   e3 step   950/6924  loss=0.0782  acc=0.9699  lr0=4.95e-06 lr1=4.95e-06
10:44:56 INFO   e3 step  1000/6924  loss=0.0776  acc=0.9702  lr0=4.93e-06 lr1=4.93e-06
10:45:02 INFO   e3 step  1050/6924  loss=0.0768  acc=0.9702  lr0=4.92e-06 lr1=4.92e-06
10:45:08 INFO   e3 step  1100/6924  loss=0.0769  acc=0.9703  lr0=4.90e-06 lr1=4.90e-06
10:45:15 INFO   e3 step  1150/6924  loss=0.0763  acc=0.9702  lr0=4.88e-06 lr1=4.88e-06
10:45:21 INFO   e3 step  1200/6924  loss=0.0762  acc=0.9702  lr0=4.86e-06 lr1=4.86e-06
10:45:27 INFO   e3 step  1250/6924  loss=0.0760  acc=0.9703  lr0=4.84e-06 lr1=4.84e-06
10:45:34 INFO   e3 step  1300/6924  loss=0.0758  acc=0.9705  lr0=4.82e-06 lr1=4.82e-06
10:45:40 INFO   e3 step  1350/6924  loss=0.0761  acc=0.9706  lr0=4.80e-06 lr1=4.80e-06
10:45:47 INFO   e3 step  1400/6924  loss=0.0759  acc=0.9708  lr0=4.78e-06 lr1=4.78e-06
10:45:53 INFO   e3 step  1450/6924  loss=0.0755  acc=0.9710  lr0=4.76e-06 lr1=4.76e-06
10:46:00 INFO   e3 step  1500/6924  loss=0.0752  acc=0.9709  lr0=4.74e-06 lr1=4.74e-06
10:46:06 INFO   e3 step  1550/6924  loss=0.0745  acc=0.9711  lr0=4.72e-06 lr1=4.72e-06
10:46:12 INFO   e3 step  1600/6924  loss=0.0742  acc=0.9714  lr0=4.70e-06 lr1=4.70e-06
10:46:18 INFO   e3 step  1650/6924  loss=0.0740  acc=0.9714  lr0=4.69e-06 lr1=4.69e-06
10:46:25 INFO   e3 step  1700/6924  loss=0.0740  acc=0.9715  lr0=4.67e-06 lr1=4.67e-06
10:46:31 INFO   e3 step  1750/6924  loss=0.0740  acc=0.9715  lr0=4.65e-06 lr1=4.65e-06
10:46:37 INFO   e3 step  1800/6924  loss=0.0741  acc=0.9715  lr0=4.63e-06 lr1=4.63e-06
10:46:44 INFO   e3 step  1850/6924  loss=0.0742  acc=0.9714  lr0=4.61e-06 lr1=4.61e-06
10:46:50 INFO   e3 step  1900/6924  loss=0.0736  acc=0.9716  lr0=4.59e-06 lr1=4.59e-06
10:46:57 INFO   e3 step  1950/6924  loss=0.0737  acc=0.9717  lr0=4.57e-06 lr1=4.57e-06
10:47:03 INFO   e3 step  2000/6924  loss=0.0733  acc=0.9718  lr0=4.55e-06 lr1=4.55e-06
10:47:10 INFO   e3 step  2050/6924  loss=0.0732  acc=0.9717  lr0=4.53e-06 lr1=4.53e-06
10:47:16 INFO   e3 step  2100/6924  loss=0.0726  acc=0.9719  lr0=4.51e-06 lr1=4.51e-06
10:47:22 INFO   e3 step  2150/6924  loss=0.0725  acc=0.9719  lr0=4.49e-06 lr1=4.49e-06
10:47:29 INFO   e3 step  2200/6924  loss=0.0730  acc=0.9717  lr0=4.47e-06 lr1=4.47e-06
10:47:35 INFO   e3 step  2250/6924  loss=0.0728  acc=0.9717  lr0=4.46e-06 lr1=4.46e-06
10:47:41 INFO   e3 step  2300/6924  loss=0.0726  acc=0.9717  lr0=4.44e-06 lr1=4.44e-06
10:47:48 INFO   e3 step  2350/6924  loss=0.0718  acc=0.9721  lr0=4.42e-06 lr1=4.42e-06
10:47:54 INFO   e3 step  2400/6924  loss=0.0715  acc=0.9723  lr0=4.40e-06 lr1=4.40e-06
10:48:01 INFO   e3 step  2450/6924  loss=0.0712  acc=0.9725  lr0=4.38e-06 lr1=4.38e-06
10:48:07 INFO   e3 step  2500/6924  loss=0.0710  acc=0.9726  lr0=4.36e-06 lr1=4.36e-06
10:48:13 INFO   e3 step  2550/6924  loss=0.0706  acc=0.9728  lr0=4.34e-06 lr1=4.34e-06
10:48:20 INFO   e3 step  2600/6924  loss=0.0711  acc=0.9727  lr0=4.32e-06 lr1=4.32e-06
10:48:26 INFO   e3 step  2650/6924  loss=0.0706  acc=0.9729  lr0=4.30e-06 lr1=4.30e-06
10:48:32 INFO   e3 step  2700/6924  loss=0.0700  acc=0.9729  lr0=4.28e-06 lr1=4.28e-06
10:48:39 INFO   e3 step  2750/6924  loss=0.0701  acc=0.9731  lr0=4.26e-06 lr1=4.26e-06
10:48:45 INFO   e3 step  2800/6924  loss=0.0699  acc=0.9732  lr0=4.24e-06 lr1=4.24e-06
10:48:52 INFO   e3 step  2850/6924  loss=0.0692  acc=0.9734  lr0=4.22e-06 lr1=4.22e-06
10:48:58 INFO   e3 step  2900/6924  loss=0.0691  acc=0.9733  lr0=4.20e-06 lr1=4.20e-06
10:49:04 INFO   e3 step  2950/6924  loss=0.0691  acc=0.9734  lr0=4.19e-06 lr1=4.19e-06
10:49:11 INFO   e3 step  3000/6924  loss=0.0691  acc=0.9734  lr0=4.17e-06 lr1=4.17e-06
10:49:17 INFO   e3 step  3050/6924  loss=0.0689  acc=0.9735  lr0=4.15e-06 lr1=4.15e-06
10:49:23 INFO   e3 step  3100/6924  loss=0.0686  acc=0.9735  lr0=4.13e-06 lr1=4.13e-06
10:49:29 INFO   e3 step  3150/6924  loss=0.0681  acc=0.9737  lr0=4.11e-06 lr1=4.11e-06
10:49:36 INFO   e3 step  3200/6924  loss=0.0679  acc=0.9738  lr0=4.09e-06 lr1=4.09e-06
10:49:42 INFO   e3 step  3250/6924  loss=0.0679  acc=0.9739  lr0=4.07e-06 lr1=4.07e-06
10:49:49 INFO   e3 step  3300/6924  loss=0.0678  acc=0.9739  lr0=4.05e-06 lr1=4.05e-06
10:49:55 INFO   e3 step  3350/6924  loss=0.0676  acc=0.9740  lr0=4.03e-06 lr1=4.03e-06
10:50:01 INFO   e3 step  3400/6924  loss=0.0671  acc=0.9743  lr0=4.01e-06 lr1=4.01e-06
10:50:08 INFO   e3 step  3450/6924  loss=0.0671  acc=0.9743  lr0=3.99e-06 lr1=3.99e-06
10:50:14 INFO   e3 step  3500/6924  loss=0.0669  acc=0.9743  lr0=3.97e-06 lr1=3.97e-06
10:50:20 INFO   e3 step  3550/6924  loss=0.0667  acc=0.9743  lr0=3.96e-06 lr1=3.96e-06
10:50:27 INFO   e3 step  3600/6924  loss=0.0669  acc=0.9743  lr0=3.94e-06 lr1=3.94e-06
10:50:33 INFO   e3 step  3650/6924  loss=0.0670  acc=0.9743  lr0=3.92e-06 lr1=3.92e-06
10:50:40 INFO   e3 step  3700/6924  loss=0.0666  acc=0.9745  lr0=3.90e-06 lr1=3.90e-06
10:50:46 INFO   e3 step  3750/6924  loss=0.0663  acc=0.9747  lr0=3.88e-06 lr1=3.88e-06
10:50:53 INFO   e3 step  3800/6924  loss=0.0660  acc=0.9748  lr0=3.86e-06 lr1=3.86e-06
10:50:59 INFO   e3 step  3850/6924  loss=0.0657  acc=0.9749  lr0=3.84e-06 lr1=3.84e-06
10:51:05 INFO   e3 step  3900/6924  loss=0.0658  acc=0.9748  lr0=3.82e-06 lr1=3.82e-06
10:51:12 INFO   e3 step  3950/6924  loss=0.0656  acc=0.9748  lr0=3.80e-06 lr1=3.80e-06
10:51:18 INFO   e3 step  4000/6924  loss=0.0655  acc=0.9749  lr0=3.78e-06 lr1=3.78e-06
10:51:24 INFO   e3 step  4050/6924  loss=0.0650  acc=0.9750  lr0=3.76e-06 lr1=3.76e-06
10:51:31 INFO   e3 step  4100/6924  loss=0.0647  acc=0.9752  lr0=3.74e-06 lr1=3.74e-06
10:51:38 INFO   e3 step  4150/6924  loss=0.0646  acc=0.9753  lr0=3.73e-06 lr1=3.73e-06
10:51:44 INFO   e3 step  4200/6924  loss=0.0643  acc=0.9754  lr0=3.71e-06 lr1=3.71e-06
10:51:50 INFO   e3 step  4250/6924  loss=0.0640  acc=0.9755  lr0=3.69e-06 lr1=3.69e-06
10:51:56 INFO   e3 step  4300/6924  loss=0.0639  acc=0.9755  lr0=3.67e-06 lr1=3.67e-06
10:52:03 INFO   e3 step  4350/6924  loss=0.0637  acc=0.9756  lr0=3.65e-06 lr1=3.65e-06
10:52:09 INFO   e3 step  4400/6924  loss=0.0635  acc=0.9757  lr0=3.63e-06 lr1=3.63e-06
10:52:15 INFO   e3 step  4450/6924  loss=0.0634  acc=0.9757  lr0=3.61e-06 lr1=3.61e-06
10:52:22 INFO   e3 step  4500/6924  loss=0.0631  acc=0.9758  lr0=3.59e-06 lr1=3.59e-06
10:52:28 INFO   e3 step  4550/6924  loss=0.0629  acc=0.9759  lr0=3.57e-06 lr1=3.57e-06
10:52:34 INFO   e3 step  4600/6924  loss=0.0626  acc=0.9760  lr0=3.55e-06 lr1=3.55e-06
10:52:41 INFO   e3 step  4650/6924  loss=0.0624  acc=0.9761  lr0=3.53e-06 lr1=3.53e-06
10:52:47 INFO   e3 step  4700/6924  loss=0.0624  acc=0.9761  lr0=3.51e-06 lr1=3.51e-06
10:52:54 INFO   e3 step  4750/6924  loss=0.0621  acc=0.9762  lr0=3.50e-06 lr1=3.50e-06
10:53:00 INFO   e3 step  4800/6924  loss=0.0620  acc=0.9763  lr0=3.48e-06 lr1=3.48e-06
10:53:06 INFO   e3 step  4850/6924  loss=0.0615  acc=0.9765  lr0=3.46e-06 lr1=3.46e-06
10:53:13 INFO   e3 step  4900/6924  loss=0.0614  acc=0.9765  lr0=3.44e-06 lr1=3.44e-06
10:53:19 INFO   e3 step  4950/6924  loss=0.0610  acc=0.9766  lr0=3.42e-06 lr1=3.42e-06
10:53:25 INFO   e3 step  5000/6924  loss=0.0608  acc=0.9767  lr0=3.40e-06 lr1=3.40e-06
10:53:31 INFO   e3 step  5050/6924  loss=0.0606  acc=0.9768  lr0=3.38e-06 lr1=3.38e-06
10:53:38 INFO   e3 step  5100/6924  loss=0.0604  acc=0.9769  lr0=3.36e-06 lr1=3.36e-06
10:53:44 INFO   e3 step  5150/6924  loss=0.0602  acc=0.9770  lr0=3.34e-06 lr1=3.34e-06
10:53:51 INFO   e3 step  5200/6924  loss=0.0600  acc=0.9771  lr0=3.32e-06 lr1=3.32e-06
10:53:57 INFO   e3 step  5250/6924  loss=0.0598  acc=0.9771  lr0=3.30e-06 lr1=3.30e-06
10:54:03 INFO   e3 step  5300/6924  loss=0.0598  acc=0.9771  lr0=3.28e-06 lr1=3.28e-06
10:54:09 INFO   e3 step  5350/6924  loss=0.0596  acc=0.9771  lr0=3.26e-06 lr1=3.26e-06
10:54:16 INFO   e3 step  5400/6924  loss=0.0597  acc=0.9772  lr0=3.24e-06 lr1=3.24e-06
10:54:22 INFO   e3 step  5450/6924  loss=0.0596  acc=0.9772  lr0=3.23e-06 lr1=3.23e-06
10:54:28 INFO   e3 step  5500/6924  loss=0.0594  acc=0.9772  lr0=3.21e-06 lr1=3.21e-06
10:54:35 INFO   e3 step  5550/6924  loss=0.0591  acc=0.9774  lr0=3.19e-06 lr1=3.19e-06
10:54:41 INFO   e3 step  5600/6924  loss=0.0592  acc=0.9774  lr0=3.17e-06 lr1=3.17e-06
10:54:48 INFO   e3 step  5650/6924  loss=0.0591  acc=0.9774  lr0=3.15e-06 lr1=3.15e-06
10:54:54 INFO   e3 step  5700/6924  loss=0.0590  acc=0.9775  lr0=3.13e-06 lr1=3.13e-06
10:55:00 INFO   e3 step  5750/6924  loss=0.0588  acc=0.9775  lr0=3.11e-06 lr1=3.11e-06
10:55:07 INFO   e3 step  5800/6924  loss=0.0587  acc=0.9776  lr0=3.09e-06 lr1=3.09e-06
10:55:13 INFO   e3 step  5850/6924  loss=0.0586  acc=0.9776  lr0=3.07e-06 lr1=3.07e-06
10:55:19 INFO   e3 step  5900/6924  loss=0.0588  acc=0.9777  lr0=3.05e-06 lr1=3.05e-06
10:55:26 INFO   e3 step  5950/6924  loss=0.0588  acc=0.9777  lr0=3.03e-06 lr1=3.03e-06
10:55:32 INFO   e3 step  6000/6924  loss=0.0586  acc=0.9777  lr0=3.01e-06 lr1=3.01e-06
10:55:39 INFO   e3 step  6050/6924  loss=0.0584  acc=0.9778  lr0=3.00e-06 lr1=3.00e-06
10:55:45 INFO   e3 step  6100/6924  loss=0.0584  acc=0.9778  lr0=2.98e-06 lr1=2.98e-06
10:55:51 INFO   e3 step  6150/6924  loss=0.0583  acc=0.9778  lr0=2.96e-06 lr1=2.96e-06
10:55:58 INFO   e3 step  6200/6924  loss=0.0581  acc=0.9778  lr0=2.94e-06 lr1=2.94e-06
10:56:04 INFO   e3 step  6250/6924  loss=0.0580  acc=0.9779  lr0=2.92e-06 lr1=2.92e-06
10:56:10 INFO   e3 step  6300/6924  loss=0.0577  acc=0.9780  lr0=2.90e-06 lr1=2.90e-06
10:56:16 INFO   e3 step  6350/6924  loss=0.0575  acc=0.9781  lr0=2.88e-06 lr1=2.88e-06
10:56:23 INFO   e3 step  6400/6924  loss=0.0573  acc=0.9781  lr0=2.86e-06 lr1=2.86e-06
10:56:29 INFO   e3 step  6450/6924  loss=0.0570  acc=0.9782  lr0=2.84e-06 lr1=2.84e-06
10:56:35 INFO   e3 step  6500/6924  loss=0.0570  acc=0.9782  lr0=2.82e-06 lr1=2.82e-06
10:56:42 INFO   e3 step  6550/6924  loss=0.0568  acc=0.9783  lr0=2.80e-06 lr1=2.80e-06
10:56:48 INFO   e3 step  6600/6924  loss=0.0566  acc=0.9783  lr0=2.78e-06 lr1=2.78e-06
10:56:54 INFO   e3 step  6650/6924  loss=0.0565  acc=0.9783  lr0=2.77e-06 lr1=2.77e-06
10:57:01 INFO   e3 step  6700/6924  loss=0.0565  acc=0.9784  lr0=2.75e-06 lr1=2.75e-06
10:57:07 INFO   e3 step  6750/6924  loss=0.0564  acc=0.9784  lr0=2.73e-06 lr1=2.73e-06
10:57:14 INFO   e3 step  6800/6924  loss=0.0562  acc=0.9785  lr0=2.71e-06 lr1=2.71e-06
10:57:20 INFO   e3 step  6850/6924  loss=0.0561  acc=0.9785  lr0=2.69e-06 lr1=2.69e-06
10:57:26 INFO   e3 step  6900/6924  loss=0.0560  acc=0.9786  lr0=2.67e-06 lr1=2.67e-06
10:57:40 INFO [epoch 3] train_loss=0.0558 train_acc=0.9786  val_loss=1.1121 val_acc=0.8454 val_auc=0.8864  elapsed=890.7s
10:57:42 INFO   saved best.pt  val_acc=0.8454
10:57:48 INFO   e4 step    50/6924  loss=0.0352  acc=0.9862  lr0=2.64e-06 lr1=2.64e-06
10:57:55 INFO   e4 step   100/6924  loss=0.0329  acc=0.9856  lr0=2.62e-06 lr1=2.62e-06
10:58:01 INFO   e4 step   150/6924  loss=0.0275  acc=0.9879  lr0=2.60e-06 lr1=2.60e-06
10:58:08 INFO   e4 step   200/6924  loss=0.0273  acc=0.9884  lr0=2.58e-06 lr1=2.58e-06
10:58:14 INFO   e4 step   250/6924  loss=0.0264  acc=0.9890  lr0=2.56e-06 lr1=2.56e-06
10:58:20 INFO   e4 step   300/6924  loss=0.0279  acc=0.9885  lr0=2.54e-06 lr1=2.54e-06
10:58:27 INFO   e4 step   350/6924  loss=0.0274  acc=0.9882  lr0=2.53e-06 lr1=2.53e-06
10:58:33 INFO   e4 step   400/6924  loss=0.0260  acc=0.9891  lr0=2.51e-06 lr1=2.51e-06
10:58:39 INFO   e4 step   450/6924  loss=0.0314  acc=0.9885  lr0=2.49e-06 lr1=2.49e-06
10:58:45 INFO   e4 step   500/6924  loss=0.0339  acc=0.9875  lr0=2.47e-06 lr1=2.47e-06
10:58:52 INFO   e4 step   550/6924  loss=0.0337  acc=0.9875  lr0=2.45e-06 lr1=2.45e-06
10:58:58 INFO   e4 step   600/6924  loss=0.0329  acc=0.9878  lr0=2.43e-06 lr1=2.43e-06
10:59:05 INFO   e4 step   650/6924  loss=0.0325  acc=0.9881  lr0=2.41e-06 lr1=2.41e-06
10:59:11 INFO   e4 step   700/6924  loss=0.0323  acc=0.9881  lr0=2.39e-06 lr1=2.39e-06
10:59:18 INFO   e4 step   750/6924  loss=0.0336  acc=0.9875  lr0=2.37e-06 lr1=2.37e-06
10:59:24 INFO   e4 step   800/6924  loss=0.0341  acc=0.9872  lr0=2.35e-06 lr1=2.35e-06
10:59:30 INFO   e4 step   850/6924  loss=0.0335  acc=0.9875  lr0=2.33e-06 lr1=2.33e-06
10:59:37 INFO   e4 step   900/6924  loss=0.0330  acc=0.9876  lr0=2.31e-06 lr1=2.31e-06
10:59:43 INFO   e4 step   950/6924  loss=0.0324  acc=0.9876  lr0=2.30e-06 lr1=2.30e-06
10:59:49 INFO   e4 step  1000/6924  loss=0.0327  acc=0.9876  lr0=2.28e-06 lr1=2.28e-06
10:59:56 INFO   e4 step  1050/6924  loss=0.0329  acc=0.9877  lr0=2.26e-06 lr1=2.26e-06
11:00:02 INFO   e4 step  1100/6924  loss=0.0324  acc=0.9877  lr0=2.24e-06 lr1=2.24e-06
11:00:08 INFO   e4 step  1150/6924  loss=0.0324  acc=0.9876  lr0=2.22e-06 lr1=2.22e-06
11:00:15 INFO   e4 step  1200/6924  loss=0.0320  acc=0.9877  lr0=2.20e-06 lr1=2.20e-06
11:00:21 INFO   e4 step  1250/6924  loss=0.0320  acc=0.9876  lr0=2.18e-06 lr1=2.18e-06
11:00:27 INFO   e4 step  1300/6924  loss=0.0324  acc=0.9875  lr0=2.16e-06 lr1=2.16e-06
11:00:34 INFO   e4 step  1350/6924  loss=0.0324  acc=0.9876  lr0=2.14e-06 lr1=2.14e-06
11:00:40 INFO   e4 step  1400/6924  loss=0.0328  acc=0.9874  lr0=2.12e-06 lr1=2.12e-06
11:00:46 INFO   e4 step  1450/6924  loss=0.0331  acc=0.9874  lr0=2.10e-06 lr1=2.10e-06
11:00:53 INFO   e4 step  1500/6924  loss=0.0327  acc=0.9874  lr0=2.08e-06 lr1=2.08e-06
11:00:59 INFO   e4 step  1550/6924  loss=0.0324  acc=0.9874  lr0=2.06e-06 lr1=2.06e-06
11:01:06 INFO   e4 step  1600/6924  loss=0.0325  acc=0.9874  lr0=2.04e-06 lr1=2.04e-06
11:01:12 INFO   e4 step  1650/6924  loss=0.0326  acc=0.9875  lr0=2.03e-06 lr1=2.03e-06
11:01:18 INFO   e4 step  1700/6924  loss=0.0329  acc=0.9874  lr0=2.01e-06 lr1=2.01e-06
11:01:25 INFO   e4 step  1750/6924  loss=0.0326  acc=0.9873  lr0=1.99e-06 lr1=1.99e-06
11:01:31 INFO   e4 step  1800/6924  loss=0.0332  acc=0.9870  lr0=1.97e-06 lr1=1.97e-06
11:01:37 INFO   e4 step  1850/6924  loss=0.0329  acc=0.9871  lr0=1.95e-06 lr1=1.95e-06
11:01:44 INFO   e4 step  1900/6924  loss=0.0326  acc=0.9871  lr0=1.93e-06 lr1=1.93e-06
11:01:50 INFO   e4 step  1950/6924  loss=0.0322  acc=0.9873  lr0=1.91e-06 lr1=1.91e-06
11:01:56 INFO   e4 step  2000/6924  loss=0.0322  acc=0.9873  lr0=1.89e-06 lr1=1.89e-06
11:02:03 INFO   e4 step  2050/6924  loss=0.0321  acc=0.9873  lr0=1.87e-06 lr1=1.87e-06
11:02:09 INFO   e4 step  2100/6924  loss=0.0319  acc=0.9875  lr0=1.85e-06 lr1=1.85e-06
11:02:15 INFO   e4 step  2150/6924  loss=0.0315  acc=0.9876  lr0=1.83e-06 lr1=1.83e-06
11:02:21 INFO   e4 step  2200/6924  loss=0.0314  acc=0.9876  lr0=1.81e-06 lr1=1.81e-06
11:02:28 INFO   e4 step  2250/6924  loss=0.0316  acc=0.9876  lr0=1.80e-06 lr1=1.80e-06
11:02:34 INFO   e4 step  2300/6924  loss=0.0320  acc=0.9875  lr0=1.78e-06 lr1=1.78e-06
11:02:40 INFO   e4 step  2350/6924  loss=0.0319  acc=0.9874  lr0=1.76e-06 lr1=1.76e-06
11:02:47 INFO   e4 step  2400/6924  loss=0.0317  acc=0.9875  lr0=1.74e-06 lr1=1.74e-06
11:02:53 INFO   e4 step  2450/6924  loss=0.0321  acc=0.9876  lr0=1.72e-06 lr1=1.72e-06
11:03:00 INFO   e4 step  2500/6924  loss=0.0319  acc=0.9876  lr0=1.70e-06 lr1=1.70e-06
11:03:06 INFO   e4 step  2550/6924  loss=0.0315  acc=0.9877  lr0=1.68e-06 lr1=1.68e-06
11:03:12 INFO   e4 step  2600/6924  loss=0.0316  acc=0.9875  lr0=1.66e-06 lr1=1.66e-06
11:03:19 INFO   e4 step  2650/6924  loss=0.0315  acc=0.9876  lr0=1.64e-06 lr1=1.64e-06
11:03:25 INFO   e4 step  2700/6924  loss=0.0314  acc=0.9876  lr0=1.62e-06 lr1=1.62e-06
11:03:32 INFO   e4 step  2750/6924  loss=0.0310  acc=0.9878  lr0=1.60e-06 lr1=1.60e-06
11:03:38 INFO   e4 step  2800/6924  loss=0.0318  acc=0.9877  lr0=1.58e-06 lr1=1.58e-06
11:03:44 INFO   e4 step  2850/6924  loss=0.0317  acc=0.9877  lr0=1.57e-06 lr1=1.57e-06
11:03:51 INFO   e4 step  2900/6924  loss=0.0316  acc=0.9877  lr0=1.55e-06 lr1=1.55e-06
11:03:57 INFO   e4 step  2950/6924  loss=0.0314  acc=0.9877  lr0=1.53e-06 lr1=1.53e-06
11:04:04 INFO   e4 step  3000/6924  loss=0.0314  acc=0.9876  lr0=1.51e-06 lr1=1.51e-06
11:04:10 INFO   e4 step  3050/6924  loss=0.0314  acc=0.9876  lr0=1.49e-06 lr1=1.49e-06
11:04:16 INFO   e4 step  3100/6924  loss=0.0312  acc=0.9876  lr0=1.47e-06 lr1=1.47e-06
11:04:22 INFO   e4 step  3150/6924  loss=0.0312  acc=0.9876  lr0=1.45e-06 lr1=1.45e-06
11:04:29 INFO   e4 step  3200/6924  loss=0.0311  acc=0.9877  lr0=1.43e-06 lr1=1.43e-06
11:04:35 INFO   e4 step  3250/6924  loss=0.0310  acc=0.9877  lr0=1.41e-06 lr1=1.41e-06
11:04:42 INFO   e4 step  3300/6924  loss=0.0311  acc=0.9877  lr0=1.39e-06 lr1=1.39e-06
11:04:48 INFO   e4 step  3350/6924  loss=0.0314  acc=0.9876  lr0=1.37e-06 lr1=1.37e-06
11:04:54 INFO   e4 step  3400/6924  loss=0.0312  acc=0.9876  lr0=1.35e-06 lr1=1.35e-06
11:05:01 INFO   e4 step  3450/6924  loss=0.0312  acc=0.9876  lr0=1.34e-06 lr1=1.34e-06
11:05:07 INFO   e4 step  3500/6924  loss=0.0310  acc=0.9876  lr0=1.32e-06 lr1=1.32e-06
11:05:13 INFO   e4 step  3550/6924  loss=0.0313  acc=0.9876  lr0=1.30e-06 lr1=1.30e-06
11:05:19 INFO   e4 step  3600/6924  loss=0.0312  acc=0.9876  lr0=1.28e-06 lr1=1.28e-06
11:05:26 INFO   e4 step  3650/6924  loss=0.0313  acc=0.9876  lr0=1.26e-06 lr1=1.26e-06
11:05:32 INFO   e4 step  3700/6924  loss=0.0314  acc=0.9876  lr0=1.24e-06 lr1=1.24e-06
11:05:38 INFO   e4 step  3750/6924  loss=0.0313  acc=0.9876  lr0=1.22e-06 lr1=1.22e-06
11:05:45 INFO   e4 step  3800/6924  loss=0.0313  acc=0.9876  lr0=1.20e-06 lr1=1.20e-06
11:05:51 INFO   e4 step  3850/6924  loss=0.0312  acc=0.9877  lr0=1.18e-06 lr1=1.18e-06
11:05:57 INFO   e4 step  3900/6924  loss=0.0312  acc=0.9877  lr0=1.16e-06 lr1=1.16e-06
11:06:04 INFO   e4 step  3950/6924  loss=0.0311  acc=0.9877  lr0=1.14e-06 lr1=1.14e-06
11:06:10 INFO   e4 step  4000/6924  loss=0.0310  acc=0.9877  lr0=1.12e-06 lr1=1.12e-06
11:06:17 INFO   e4 step  4050/6924  loss=0.0309  acc=0.9877  lr0=1.10e-06 lr1=1.10e-06
11:06:23 INFO   e4 step  4100/6924  loss=0.0308  acc=0.9878  lr0=1.08e-06 lr1=1.08e-06
11:06:29 INFO   e4 step  4150/6924  loss=0.0307  acc=0.9878  lr0=1.07e-06 lr1=1.07e-06
11:06:36 INFO   e4 step  4200/6924  loss=0.0306  acc=0.9878  lr0=1.05e-06 lr1=1.05e-06
11:06:42 INFO   e4 step  4250/6924  loss=0.0307  acc=0.9878  lr0=1.03e-06 lr1=1.03e-06
11:06:48 INFO   e4 step  4300/6924  loss=0.0307  acc=0.9878  lr0=1.01e-06 lr1=1.01e-06
11:06:55 INFO   e4 step  4350/6924  loss=0.0307  acc=0.9878  lr0=9.89e-07 lr1=9.89e-07
11:07:01 INFO   e4 step  4400/6924  loss=0.0306  acc=0.9878  lr0=9.69e-07 lr1=9.69e-07
11:07:08 INFO   e4 step  4450/6924  loss=0.0305  acc=0.9879  lr0=9.51e-07 lr1=9.51e-07
11:07:14 INFO   e4 step  4500/6924  loss=0.0304  acc=0.9879  lr0=9.31e-07 lr1=9.31e-07
11:07:20 INFO   e4 step  4550/6924  loss=0.0302  acc=0.9880  lr0=9.13e-07 lr1=9.13e-07
11:07:26 INFO   e4 step  4600/6924  loss=0.0301  acc=0.9880  lr0=8.93e-07 lr1=8.93e-07
11:07:33 INFO   e4 step  4650/6924  loss=0.0300  acc=0.9881  lr0=8.74e-07 lr1=8.74e-07
11:07:39 INFO   e4 step  4700/6924  loss=0.0302  acc=0.9880  lr0=8.54e-07 lr1=8.54e-07
11:07:45 INFO   e4 step  4750/6924  loss=0.0300  acc=0.9881  lr0=8.36e-07 lr1=8.36e-07
11:07:52 INFO   e4 step  4800/6924  loss=0.0300  acc=0.9880  lr0=8.16e-07 lr1=8.16e-07
11:07:58 INFO   e4 step  4850/6924  loss=0.0299  acc=0.9881  lr0=7.97e-07 lr1=7.97e-07
11:08:04 INFO   e4 step  4900/6924  loss=0.0300  acc=0.9881  lr0=7.77e-07 lr1=7.77e-07
11:08:11 INFO   e4 step  4950/6924  loss=0.0300  acc=0.9881  lr0=7.59e-07 lr1=7.59e-07
11:08:17 INFO   e4 step  5000/6924  loss=0.0300  acc=0.9881  lr0=7.39e-07 lr1=7.39e-07
11:08:23 INFO   e4 step  5050/6924  loss=0.0300  acc=0.9881  lr0=7.21e-07 lr1=7.21e-07
11:08:30 INFO   e4 step  5100/6924  loss=0.0301  acc=0.9880  lr0=7.01e-07 lr1=7.01e-07
11:08:36 INFO   e4 step  5150/6924  loss=0.0301  acc=0.9879  lr0=6.82e-07 lr1=6.82e-07
11:08:42 INFO   e4 step  5200/6924  loss=0.0300  acc=0.9880  lr0=6.62e-07 lr1=6.62e-07
11:08:49 INFO   e4 step  5250/6924  loss=0.0299  acc=0.9880  lr0=6.44e-07 lr1=6.44e-07
11:08:55 INFO   e4 step  5300/6924  loss=0.0298  acc=0.9880  lr0=6.24e-07 lr1=6.24e-07
11:09:01 INFO   e4 step  5350/6924  loss=0.0298  acc=0.9880  lr0=6.05e-07 lr1=6.05e-07
11:09:08 INFO   e4 step  5400/6924  loss=0.0298  acc=0.9880  lr0=5.85e-07 lr1=5.85e-07
11:09:14 INFO   e4 step  5450/6924  loss=0.0297  acc=0.9880  lr0=5.67e-07 lr1=5.67e-07
11:09:21 INFO   e4 step  5500/6924  loss=0.0297  acc=0.9880  lr0=5.47e-07 lr1=5.47e-07
11:09:27 INFO   e4 step  5550/6924  loss=0.0296  acc=0.9880  lr0=5.28e-07 lr1=5.28e-07
11:09:33 INFO   e4 step  5600/6924  loss=0.0295  acc=0.9880  lr0=5.09e-07 lr1=5.09e-07
11:09:39 INFO   e4 step  5650/6924  loss=0.0295  acc=0.9880  lr0=4.90e-07 lr1=4.90e-07
11:09:46 INFO   e4 step  5700/6924  loss=0.0294  acc=0.9881  lr0=4.70e-07 lr1=4.70e-07
11:09:52 INFO   e4 step  5750/6924  loss=0.0294  acc=0.9880  lr0=4.52e-07 lr1=4.52e-07
11:09:58 INFO   e4 step  5800/6924  loss=0.0293  acc=0.9881  lr0=4.32e-07 lr1=4.32e-07
11:10:04 INFO   e4 step  5850/6924  loss=0.0294  acc=0.9880  lr0=4.13e-07 lr1=4.13e-07
11:10:11 INFO   e4 step  5900/6924  loss=0.0293  acc=0.9881  lr0=3.93e-07 lr1=3.93e-07
11:10:17 INFO   e4 step  5950/6924  loss=0.0293  acc=0.9881  lr0=3.75e-07 lr1=3.75e-07
11:10:23 INFO   e4 step  6000/6924  loss=0.0292  acc=0.9881  lr0=3.55e-07 lr1=3.55e-07
11:10:30 INFO   e4 step  6050/6924  loss=0.0291  acc=0.9881  lr0=3.36e-07 lr1=3.36e-07
11:10:36 INFO   e4 step  6100/6924  loss=0.0290  acc=0.9881  lr0=3.16e-07 lr1=3.16e-07
11:10:42 INFO   e4 step  6150/6924  loss=0.0290  acc=0.9881  lr0=2.98e-07 lr1=2.98e-07
11:10:49 INFO   e4 step  6200/6924  loss=0.0291  acc=0.9881  lr0=2.78e-07 lr1=2.78e-07
11:10:55 INFO   e4 step  6250/6924  loss=0.0291  acc=0.9881  lr0=2.60e-07 lr1=2.60e-07
11:11:02 INFO   e4 step  6300/6924  loss=0.0291  acc=0.9880  lr0=2.40e-07 lr1=2.40e-07
11:11:08 INFO   e4 step  6350/6924  loss=0.0291  acc=0.9880  lr0=2.21e-07 lr1=2.21e-07
11:11:14 INFO   e4 step  6400/6924  loss=0.0292  acc=0.9880  lr0=2.01e-07 lr1=2.01e-07
11:11:21 INFO   e4 step  6450/6924  loss=0.0292  acc=0.9880  lr0=1.83e-07 lr1=1.83e-07
11:11:27 INFO   e4 step  6500/6924  loss=0.0292  acc=0.9880  lr0=1.63e-07 lr1=1.63e-07
11:11:34 INFO   e4 step  6550/6924  loss=0.0292  acc=0.9879  lr0=1.44e-07 lr1=1.44e-07
11:11:40 INFO   e4 step  6600/6924  loss=0.0293  acc=0.9879  lr0=1.24e-07 lr1=1.24e-07
11:11:47 INFO   e4 step  6650/6924  loss=0.0292  acc=0.9879  lr0=1.06e-07 lr1=1.06e-07
11:11:53 INFO   e4 step  6700/6924  loss=0.0292  acc=0.9879  lr0=8.60e-08 lr1=8.60e-08
11:11:59 INFO   e4 step  6750/6924  loss=0.0291  acc=0.9879  lr0=6.76e-08 lr1=6.76e-08
11:12:06 INFO   e4 step  6800/6924  loss=0.0292  acc=0.9880  lr0=4.76e-08 lr1=4.76e-08
11:12:12 INFO   e4 step  6850/6924  loss=0.0291  acc=0.9880  lr0=2.92e-08 lr1=2.92e-08
11:12:18 INFO   e4 step  6900/6924  loss=0.0291  acc=0.9880  lr0=9.22e-09 lr1=9.22e-09
11:12:32 INFO [epoch 4] train_loss=0.0291 train_acc=0.9880  val_loss=1.1272 val_acc=0.8494 val_auc=0.8954  elapsed=890.1s
11:12:34 INFO   saved best.pt  val_acc=0.8494
11:12:35 INFO loading best.pt for test eval
11:12:49 INFO [test] loss=1.6907  acc=0.7985  auc=0.8339  f1=0.7978
11:12:49 INFO [done] run_summary.json written to /mnt/localssd/crossencoder_sweep/runs/aep_causal_cls34/e5-large-v2
