12:02:42 INFO run_dir=runs/classifier/mlp_bge_small_new_exponential
12:02:42 INFO device=cuda  bf16=True
12:02:42 INFO tokenizer <- BAAI/bge-small-en-v1.5
12:02:43 INFO max_seq_len=524 exceeds model cap 512; clamping to 512
12:02:43 INFO max_seq_len=512 (user-provided)
12:02:43 INFO loading datasets
12:02:44 INFO   train=110775  val=6004  test=6004
12:02:44 INFO building DirectionalClassifier on BAAI/bge-small-en-v1.5  head_cfg={'head_type': 'mlp', 'hidden_dims': [512, 128], 'dropout': 0.1, 'activation': 'gelu', 'norm': 'layer'}  n_tiers=0
12:02:45 INFO   hidden_size=384  trainable_params=67,577,089
12:02:45 INFO   total_steps=10386  warmup_steps=1038
12:02:51 INFO   e1 step    50/3462  loss=0.7464  acc=0.3700  lr0=9.63e-07 lr1=4.82e-05
12:02:55 INFO   e1 step   100/3462  loss=0.7039  acc=0.3872  lr0=1.93e-06 lr1=9.63e-05
12:02:59 INFO   e1 step   150/3462  loss=0.6712  acc=0.3906  lr0=2.89e-06 lr1=1.45e-04
12:03:04 INFO   e1 step   200/3462  loss=0.6491  acc=0.3975  lr0=3.85e-06 lr1=1.93e-04
12:03:08 INFO   e1 step   250/3462  loss=0.6227  acc=0.4110  lr0=4.82e-06 lr1=2.41e-04
12:03:13 INFO   e1 step   300/3462  loss=0.6032  acc=0.4166  lr0=5.78e-06 lr1=2.89e-04
12:03:17 INFO   e1 step   350/3462  loss=0.5849  acc=0.4246  lr0=6.74e-06 lr1=3.37e-04
12:03:22 INFO   e1 step   400/3462  loss=0.5727  acc=0.4270  lr0=7.71e-06 lr1=3.85e-04
12:03:26 INFO   e1 step   450/3462  loss=0.5601  acc=0.4301  lr0=8.67e-06 lr1=4.34e-04
12:03:30 INFO   e1 step   500/3462  loss=0.5486  acc=0.4362  lr0=9.63e-06 lr1=4.82e-04
12:03:35 INFO   e1 step   550/3462  loss=0.5365  acc=0.4407  lr0=1.06e-05 lr1=5.30e-04
12:03:39 INFO   e1 step   600/3462  loss=0.5256  acc=0.4432  lr0=1.16e-05 lr1=5.78e-04
12:03:44 INFO   e1 step   650/3462  loss=0.5144  acc=0.4475  lr0=1.25e-05 lr1=6.26e-04
12:03:48 INFO   e1 step   700/3462  loss=0.5052  acc=0.4509  lr0=1.35e-05 lr1=6.74e-04
12:03:53 INFO   e1 step   750/3462  loss=0.4957  acc=0.4530  lr0=1.45e-05 lr1=7.23e-04
12:03:57 INFO   e1 step   800/3462  loss=0.4851  acc=0.4575  lr0=1.54e-05 lr1=7.71e-04
12:04:01 INFO   e1 step   850/3462  loss=0.4777  acc=0.4597  lr0=1.64e-05 lr1=8.19e-04
12:04:06 INFO   e1 step   900/3462  loss=0.4694  acc=0.4624  lr0=1.73e-05 lr1=8.67e-04
12:04:10 INFO   e1 step   950/3462  loss=0.4618  acc=0.4646  lr0=1.83e-05 lr1=9.15e-04
12:04:15 INFO   e1 step  1000/3462  loss=0.4548  acc=0.4674  lr0=1.93e-05 lr1=9.63e-04
12:04:19 INFO   e1 step  1050/3462  loss=0.4505  acc=0.4691  lr0=2.00e-05 lr1=9.99e-04
12:04:24 INFO   e1 step  1100/3462  loss=0.4442  acc=0.4710  lr0=1.99e-05 lr1=9.93e-04
12:04:29 INFO   e1 step  1150/3462  loss=0.4388  acc=0.4729  lr0=1.98e-05 lr1=9.88e-04
12:04:34 INFO   e1 step  1200/3462  loss=0.4329  acc=0.4740  lr0=1.97e-05 lr1=9.83e-04
12:04:38 INFO   e1 step  1250/3462  loss=0.4264  acc=0.4762  lr0=1.95e-05 lr1=9.77e-04
12:04:43 INFO   e1 step  1300/3462  loss=0.4200  acc=0.4781  lr0=1.94e-05 lr1=9.72e-04
12:04:47 INFO   e1 step  1350/3462  loss=0.4137  acc=0.4805  lr0=1.93e-05 lr1=9.67e-04
12:04:52 INFO   e1 step  1400/3462  loss=0.4093  acc=0.4812  lr0=1.92e-05 lr1=9.61e-04
12:04:56 INFO   e1 step  1450/3462  loss=0.4038  acc=0.4836  lr0=1.91e-05 lr1=9.56e-04
12:05:01 INFO   e1 step  1500/3462  loss=0.3987  acc=0.4849  lr0=1.90e-05 lr1=9.51e-04
12:05:05 INFO   e1 step  1550/3462  loss=0.3941  acc=0.4863  lr0=1.89e-05 lr1=9.45e-04
12:05:10 INFO   e1 step  1600/3462  loss=0.3897  acc=0.4875  lr0=1.88e-05 lr1=9.40e-04
12:05:14 INFO   e1 step  1650/3462  loss=0.3852  acc=0.4888  lr0=1.87e-05 lr1=9.35e-04
12:05:19 INFO   e1 step  1700/3462  loss=0.3816  acc=0.4899  lr0=1.86e-05 lr1=9.29e-04
12:05:23 INFO   e1 step  1750/3462  loss=0.3771  acc=0.4918  lr0=1.85e-05 lr1=9.24e-04
12:05:28 INFO   e1 step  1800/3462  loss=0.3729  acc=0.4933  lr0=1.84e-05 lr1=9.18e-04
12:05:32 INFO   e1 step  1850/3462  loss=0.3692  acc=0.4944  lr0=1.83e-05 lr1=9.13e-04
12:05:37 INFO   e1 step  1900/3462  loss=0.3654  acc=0.4958  lr0=1.82e-05 lr1=9.08e-04
12:05:41 INFO   e1 step  1950/3462  loss=0.3615  acc=0.4970  lr0=1.80e-05 lr1=9.02e-04
12:05:46 INFO   e1 step  2000/3462  loss=0.3574  acc=0.4986  lr0=1.79e-05 lr1=8.97e-04
12:05:50 INFO   e1 step  2050/3462  loss=0.3541  acc=0.4999  lr0=1.78e-05 lr1=8.92e-04
12:05:55 INFO   e1 step  2100/3462  loss=0.3506  acc=0.5009  lr0=1.77e-05 lr1=8.86e-04
12:05:59 INFO   e1 step  2150/3462  loss=0.3477  acc=0.5022  lr0=1.76e-05 lr1=8.81e-04
12:06:04 INFO   e1 step  2200/3462  loss=0.3447  acc=0.5035  lr0=1.75e-05 lr1=8.76e-04
12:06:09 INFO   e1 step  2250/3462  loss=0.3417  acc=0.5043  lr0=1.74e-05 lr1=8.70e-04
12:06:13 INFO   e1 step  2300/3462  loss=0.3388  acc=0.5054  lr0=1.73e-05 lr1=8.65e-04
12:06:18 INFO   e1 step  2350/3462  loss=0.3359  acc=0.5066  lr0=1.72e-05 lr1=8.60e-04
12:06:23 INFO   e1 step  2400/3462  loss=0.3331  acc=0.5069  lr0=1.71e-05 lr1=8.54e-04
12:06:28 INFO   e1 step  2450/3462  loss=0.3302  acc=0.5080  lr0=1.70e-05 lr1=8.49e-04
12:06:32 INFO   e1 step  2500/3462  loss=0.3275  acc=0.5091  lr0=1.69e-05 lr1=8.44e-04
12:06:37 INFO   e1 step  2550/3462  loss=0.3250  acc=0.5097  lr0=1.68e-05 lr1=8.38e-04
12:06:42 INFO   e1 step  2600/3462  loss=0.3225  acc=0.5101  lr0=1.67e-05 lr1=8.33e-04
12:06:46 INFO   e1 step  2650/3462  loss=0.3203  acc=0.5108  lr0=1.66e-05 lr1=8.28e-04
12:06:51 INFO   e1 step  2700/3462  loss=0.3180  acc=0.5115  lr0=1.64e-05 lr1=8.22e-04
12:06:55 INFO   e1 step  2750/3462  loss=0.3152  acc=0.5125  lr0=1.63e-05 lr1=8.17e-04
12:06:59 INFO   e1 step  2800/3462  loss=0.3128  acc=0.5133  lr0=1.62e-05 lr1=8.12e-04
12:07:04 INFO   e1 step  2850/3462  loss=0.3108  acc=0.5142  lr0=1.61e-05 lr1=8.06e-04
12:07:08 INFO   e1 step  2900/3462  loss=0.3089  acc=0.5149  lr0=1.60e-05 lr1=8.01e-04
12:07:12 INFO   e1 step  2950/3462  loss=0.3071  acc=0.5156  lr0=1.59e-05 lr1=7.95e-04
12:07:16 INFO   e1 step  3000/3462  loss=0.3051  acc=0.5160  lr0=1.58e-05 lr1=7.90e-04
12:07:20 INFO   e1 step  3050/3462  loss=0.3031  acc=0.5166  lr0=1.57e-05 lr1=7.85e-04
12:07:24 INFO   e1 step  3100/3462  loss=0.3012  acc=0.5175  lr0=1.56e-05 lr1=7.79e-04
12:07:28 INFO   e1 step  3150/3462  loss=0.2996  acc=0.5179  lr0=1.55e-05 lr1=7.74e-04
12:07:33 INFO   e1 step  3200/3462  loss=0.2980  acc=0.5183  lr0=1.54e-05 lr1=7.69e-04
12:07:37 INFO   e1 step  3250/3462  loss=0.2964  acc=0.5184  lr0=1.53e-05 lr1=7.63e-04
12:07:41 INFO   e1 step  3300/3462  loss=0.2947  acc=0.5190  lr0=1.52e-05 lr1=7.58e-04
12:07:45 INFO   e1 step  3350/3462  loss=0.2929  acc=0.5197  lr0=1.51e-05 lr1=7.53e-04
12:07:49 INFO   e1 step  3400/3462  loss=0.2915  acc=0.5200  lr0=1.49e-05 lr1=7.47e-04
12:07:53 INFO   e1 step  3450/3462  loss=0.2897  acc=0.5206  lr0=1.48e-05 lr1=7.42e-04
12:07:58 INFO [epoch 1] train_loss=0.2894 train_acc=0.5207  val_loss=0.6337 val_acc=0.5480 val_auc=0.7670  elapsed=313.3s
12:07:59 INFO   saved best.pt  val_acc=0.5480
12:08:03 INFO   e2 step    50/3462  loss=0.1808  acc=0.5344  lr0=1.47e-05 lr1=7.35e-04
12:08:07 INFO   e2 step   100/3462  loss=0.1841  acc=0.5428  lr0=1.46e-05 lr1=7.30e-04
12:08:12 INFO   e2 step   150/3462  loss=0.1822  acc=0.5487  lr0=1.45e-05 lr1=7.25e-04
12:08:16 INFO   e2 step   200/3462  loss=0.1823  acc=0.5497  lr0=1.44e-05 lr1=7.19e-04
12:08:20 INFO   e2 step   250/3462  loss=0.1784  acc=0.5583  lr0=1.43e-05 lr1=7.14e-04
12:08:24 INFO   e2 step   300/3462  loss=0.1802  acc=0.5554  lr0=1.42e-05 lr1=7.09e-04
12:08:29 INFO   e2 step   350/3462  loss=0.1795  acc=0.5554  lr0=1.41e-05 lr1=7.03e-04
12:08:33 INFO   e2 step   400/3462  loss=0.1787  acc=0.5566  lr0=1.40e-05 lr1=6.98e-04
12:08:37 INFO   e2 step   450/3462  loss=0.1798  acc=0.5565  lr0=1.39e-05 lr1=6.93e-04
12:08:41 INFO   e2 step   500/3462  loss=0.1784  acc=0.5587  lr0=1.37e-05 lr1=6.87e-04
12:08:46 INFO   e2 step   550/3462  loss=0.1768  acc=0.5603  lr0=1.36e-05 lr1=6.82e-04
12:08:50 INFO   e2 step   600/3462  loss=0.1762  acc=0.5616  lr0=1.35e-05 lr1=6.77e-04
12:08:54 INFO   e2 step   650/3462  loss=0.1760  acc=0.5606  lr0=1.34e-05 lr1=6.71e-04
12:08:58 INFO   e2 step   700/3462  loss=0.1755  acc=0.5609  lr0=1.33e-05 lr1=6.66e-04
12:09:02 INFO   e2 step   750/3462  loss=0.1757  acc=0.5607  lr0=1.32e-05 lr1=6.60e-04
12:09:06 INFO   e2 step   800/3462  loss=0.1751  acc=0.5615  lr0=1.31e-05 lr1=6.55e-04
12:09:11 INFO   e2 step   850/3462  loss=0.1752  acc=0.5608  lr0=1.30e-05 lr1=6.50e-04
12:09:15 INFO   e2 step   900/3462  loss=0.1747  acc=0.5607  lr0=1.29e-05 lr1=6.44e-04
12:09:19 INFO   e2 step   950/3462  loss=0.1744  acc=0.5606  lr0=1.28e-05 lr1=6.39e-04
12:09:23 INFO   e2 step  1000/3462  loss=0.1739  acc=0.5610  lr0=1.27e-05 lr1=6.34e-04
12:09:27 INFO   e2 step  1050/3462  loss=0.1741  acc=0.5607  lr0=1.26e-05 lr1=6.28e-04
12:09:31 INFO   e2 step  1100/3462  loss=0.1745  acc=0.5605  lr0=1.25e-05 lr1=6.23e-04
12:09:35 INFO   e2 step  1150/3462  loss=0.1740  acc=0.5615  lr0=1.24e-05 lr1=6.18e-04
12:09:40 INFO   e2 step  1200/3462  loss=0.1737  acc=0.5618  lr0=1.22e-05 lr1=6.12e-04
12:09:44 INFO   e2 step  1250/3462  loss=0.1734  acc=0.5624  lr0=1.21e-05 lr1=6.07e-04
12:09:48 INFO   e2 step  1300/3462  loss=0.1738  acc=0.5612  lr0=1.20e-05 lr1=6.02e-04
12:09:52 INFO   e2 step  1350/3462  loss=0.1733  acc=0.5618  lr0=1.19e-05 lr1=5.96e-04
12:09:57 INFO   e2 step  1400/3462  loss=0.1736  acc=0.5607  lr0=1.18e-05 lr1=5.91e-04
12:10:01 INFO   e2 step  1450/3462  loss=0.1736  acc=0.5602  lr0=1.17e-05 lr1=5.86e-04
12:10:05 INFO   e2 step  1500/3462  loss=0.1738  acc=0.5597  lr0=1.16e-05 lr1=5.80e-04
12:10:09 INFO   e2 step  1550/3462  loss=0.1734  acc=0.5598  lr0=1.15e-05 lr1=5.75e-04
12:10:13 INFO   e2 step  1600/3462  loss=0.1732  acc=0.5602  lr0=1.14e-05 lr1=5.70e-04
12:10:17 INFO   e2 step  1650/3462  loss=0.1729  acc=0.5604  lr0=1.13e-05 lr1=5.64e-04
12:10:21 INFO   e2 step  1700/3462  loss=0.1728  acc=0.5603  lr0=1.12e-05 lr1=5.59e-04
12:10:26 INFO   e2 step  1750/3462  loss=0.1727  acc=0.5601  lr0=1.11e-05 lr1=5.53e-04
12:10:30 INFO   e2 step  1800/3462  loss=0.1727  acc=0.5597  lr0=1.10e-05 lr1=5.48e-04
12:10:34 INFO   e2 step  1850/3462  loss=0.1725  acc=0.5597  lr0=1.09e-05 lr1=5.43e-04
12:10:38 INFO   e2 step  1900/3462  loss=0.1724  acc=0.5601  lr0=1.07e-05 lr1=5.37e-04
12:10:42 INFO   e2 step  1950/3462  loss=0.1722  acc=0.5603  lr0=1.06e-05 lr1=5.32e-04
12:10:46 INFO   e2 step  2000/3462  loss=0.1720  acc=0.5603  lr0=1.05e-05 lr1=5.27e-04
12:10:50 INFO   e2 step  2050/3462  loss=0.1720  acc=0.5601  lr0=1.04e-05 lr1=5.21e-04
12:10:54 INFO   e2 step  2100/3462  loss=0.1718  acc=0.5599  lr0=1.03e-05 lr1=5.16e-04
12:10:59 INFO   e2 step  2150/3462  loss=0.1718  acc=0.5602  lr0=1.02e-05 lr1=5.11e-04
12:11:03 INFO   e2 step  2200/3462  loss=0.1716  acc=0.5603  lr0=1.01e-05 lr1=5.05e-04
12:11:07 INFO   e2 step  2250/3462  loss=0.1714  acc=0.5607  lr0=1.00e-05 lr1=5.00e-04
12:11:11 INFO   e2 step  2300/3462  loss=0.1713  acc=0.5608  lr0=9.89e-06 lr1=4.95e-04
12:11:16 INFO   e2 step  2350/3462  loss=0.1711  acc=0.5611  lr0=9.79e-06 lr1=4.89e-04
12:11:20 INFO   e2 step  2400/3462  loss=0.1707  acc=0.5616  lr0=9.68e-06 lr1=4.84e-04
12:11:24 INFO   e2 step  2450/3462  loss=0.1706  acc=0.5616  lr0=9.57e-06 lr1=4.79e-04
12:11:29 INFO   e2 step  2500/3462  loss=0.1706  acc=0.5615  lr0=9.47e-06 lr1=4.73e-04
12:11:33 INFO   e2 step  2550/3462  loss=0.1707  acc=0.5612  lr0=9.36e-06 lr1=4.68e-04
12:11:37 INFO   e2 step  2600/3462  loss=0.1706  acc=0.5611  lr0=9.25e-06 lr1=4.63e-04
12:11:42 INFO   e2 step  2650/3462  loss=0.1705  acc=0.5611  lr0=9.14e-06 lr1=4.57e-04
12:11:46 INFO   e2 step  2700/3462  loss=0.1704  acc=0.5608  lr0=9.04e-06 lr1=4.52e-04
12:11:51 INFO   e2 step  2750/3462  loss=0.1703  acc=0.5609  lr0=8.93e-06 lr1=4.47e-04
12:11:55 INFO   e2 step  2800/3462  loss=0.1700  acc=0.5609  lr0=8.82e-06 lr1=4.41e-04
12:12:00 INFO   e2 step  2850/3462  loss=0.1704  acc=0.5604  lr0=8.72e-06 lr1=4.36e-04
12:12:04 INFO   e2 step  2900/3462  loss=0.1701  acc=0.5608  lr0=8.61e-06 lr1=4.30e-04
12:12:09 INFO   e2 step  2950/3462  loss=0.1701  acc=0.5610  lr0=8.50e-06 lr1=4.25e-04
12:12:13 INFO   e2 step  3000/3462  loss=0.1700  acc=0.5609  lr0=8.40e-06 lr1=4.20e-04
12:12:18 INFO   e2 step  3050/3462  loss=0.1699  acc=0.5608  lr0=8.29e-06 lr1=4.14e-04
12:12:22 INFO   e2 step  3100/3462  loss=0.1698  acc=0.5609  lr0=8.18e-06 lr1=4.09e-04
12:12:26 INFO   e2 step  3150/3462  loss=0.1698  acc=0.5609  lr0=8.07e-06 lr1=4.04e-04
12:12:30 INFO   e2 step  3200/3462  loss=0.1696  acc=0.5610  lr0=7.97e-06 lr1=3.98e-04
12:12:35 INFO   e2 step  3250/3462  loss=0.1695  acc=0.5610  lr0=7.86e-06 lr1=3.93e-04
12:12:39 INFO   e2 step  3300/3462  loss=0.1693  acc=0.5611  lr0=7.75e-06 lr1=3.88e-04
12:12:43 INFO   e2 step  3350/3462  loss=0.1692  acc=0.5609  lr0=7.65e-06 lr1=3.82e-04
12:12:47 INFO   e2 step  3400/3462  loss=0.1692  acc=0.5608  lr0=7.54e-06 lr1=3.77e-04
12:12:52 INFO   e2 step  3450/3462  loss=0.1693  acc=0.5604  lr0=7.43e-06 lr1=3.72e-04
12:12:57 INFO [epoch 2] train_loss=0.1693 train_acc=0.5604  val_loss=0.5910 val_acc=0.5313 val_auc=0.8348  elapsed=297.7s
12:13:01 INFO   e3 step    50/3462  loss=0.1618  acc=0.5594  lr0=7.30e-06 lr1=3.65e-04
12:13:05 INFO   e3 step   100/3462  loss=0.1629  acc=0.5653  lr0=7.19e-06 lr1=3.60e-04
12:13:09 INFO   e3 step   150/3462  loss=0.1612  acc=0.5713  lr0=7.09e-06 lr1=3.54e-04
12:13:13 INFO   e3 step   200/3462  loss=0.1618  acc=0.5663  lr0=6.98e-06 lr1=3.49e-04
12:13:18 INFO   e3 step   250/3462  loss=0.1626  acc=0.5656  lr0=6.87e-06 lr1=3.44e-04
12:13:22 INFO   e3 step   300/3462  loss=0.1624  acc=0.5677  lr0=6.77e-06 lr1=3.38e-04
12:13:26 INFO   e3 step   350/3462  loss=0.1624  acc=0.5662  lr0=6.66e-06 lr1=3.33e-04
12:13:30 INFO   e3 step   400/3462  loss=0.1631  acc=0.5637  lr0=6.55e-06 lr1=3.28e-04
12:13:34 INFO   e3 step   450/3462  loss=0.1623  acc=0.5644  lr0=6.44e-06 lr1=3.22e-04
12:13:39 INFO   e3 step   500/3462  loss=0.1616  acc=0.5648  lr0=6.34e-06 lr1=3.17e-04
12:13:43 INFO   e3 step   550/3462  loss=0.1609  acc=0.5660  lr0=6.23e-06 lr1=3.12e-04
12:13:47 INFO   e3 step   600/3462  loss=0.1613  acc=0.5649  lr0=6.12e-06 lr1=3.06e-04
12:13:51 INFO   e3 step   650/3462  loss=0.1610  acc=0.5649  lr0=6.02e-06 lr1=3.01e-04
12:13:56 INFO   e3 step   700/3462  loss=0.1617  acc=0.5640  lr0=5.91e-06 lr1=2.95e-04
12:14:00 INFO   e3 step   750/3462  loss=0.1614  acc=0.5648  lr0=5.80e-06 lr1=2.90e-04
12:14:04 INFO   e3 step   800/3462  loss=0.1608  acc=0.5664  lr0=5.70e-06 lr1=2.85e-04
12:14:08 INFO   e3 step   850/3462  loss=0.1607  acc=0.5661  lr0=5.59e-06 lr1=2.79e-04
12:14:12 INFO   e3 step   900/3462  loss=0.1611  acc=0.5654  lr0=5.48e-06 lr1=2.74e-04
12:14:17 INFO   e3 step   950/3462  loss=0.1612  acc=0.5653  lr0=5.37e-06 lr1=2.69e-04
12:14:21 INFO   e3 step  1000/3462  loss=0.1610  acc=0.5657  lr0=5.27e-06 lr1=2.63e-04
12:14:25 INFO   e3 step  1050/3462  loss=0.1615  acc=0.5651  lr0=5.16e-06 lr1=2.58e-04
12:14:29 INFO   e3 step  1100/3462  loss=0.1612  acc=0.5655  lr0=5.05e-06 lr1=2.53e-04
12:14:33 INFO   e3 step  1150/3462  loss=0.1611  acc=0.5657  lr0=4.95e-06 lr1=2.47e-04
12:14:37 INFO   e3 step  1200/3462  loss=0.1608  acc=0.5658  lr0=4.84e-06 lr1=2.42e-04
12:14:42 INFO   e3 step  1250/3462  loss=0.1608  acc=0.5656  lr0=4.73e-06 lr1=2.37e-04
12:14:46 INFO   e3 step  1300/3462  loss=0.1611  acc=0.5647  lr0=4.63e-06 lr1=2.31e-04
12:14:50 INFO   e3 step  1350/3462  loss=0.1608  acc=0.5652  lr0=4.52e-06 lr1=2.26e-04
12:14:54 INFO   e3 step  1400/3462  loss=0.1608  acc=0.5652  lr0=4.41e-06 lr1=2.21e-04
12:14:58 INFO   e3 step  1450/3462  loss=0.1608  acc=0.5649  lr0=4.30e-06 lr1=2.15e-04
12:15:02 INFO   e3 step  1500/3462  loss=0.1606  acc=0.5656  lr0=4.20e-06 lr1=2.10e-04
12:15:07 INFO   e3 step  1550/3462  loss=0.1608  acc=0.5651  lr0=4.09e-06 lr1=2.05e-04
12:15:11 INFO   e3 step  1600/3462  loss=0.1613  acc=0.5645  lr0=3.98e-06 lr1=1.99e-04
12:15:15 INFO   e3 step  1650/3462  loss=0.1612  acc=0.5646  lr0=3.88e-06 lr1=1.94e-04
12:15:20 INFO   e3 step  1700/3462  loss=0.1614  acc=0.5643  lr0=3.77e-06 lr1=1.88e-04
12:15:24 INFO   e3 step  1750/3462  loss=0.1612  acc=0.5644  lr0=3.66e-06 lr1=1.83e-04
12:15:28 INFO   e3 step  1800/3462  loss=0.1611  acc=0.5643  lr0=3.56e-06 lr1=1.78e-04
12:15:33 INFO   e3 step  1850/3462  loss=0.1614  acc=0.5641  lr0=3.45e-06 lr1=1.72e-04
12:15:37 INFO   e3 step  1900/3462  loss=0.1613  acc=0.5643  lr0=3.34e-06 lr1=1.67e-04
12:15:41 INFO   e3 step  1950/3462  loss=0.1611  acc=0.5643  lr0=3.23e-06 lr1=1.62e-04
12:15:45 INFO   e3 step  2000/3462  loss=0.1611  acc=0.5645  lr0=3.13e-06 lr1=1.56e-04
12:15:49 INFO   e3 step  2050/3462  loss=0.1614  acc=0.5640  lr0=3.02e-06 lr1=1.51e-04
12:15:54 INFO   e3 step  2100/3462  loss=0.1614  acc=0.5640  lr0=2.91e-06 lr1=1.46e-04
12:15:58 INFO   e3 step  2150/3462  loss=0.1617  acc=0.5632  lr0=2.81e-06 lr1=1.40e-04
12:16:02 INFO   e3 step  2200/3462  loss=0.1618  acc=0.5633  lr0=2.70e-06 lr1=1.35e-04
12:16:06 INFO   e3 step  2250/3462  loss=0.1618  acc=0.5634  lr0=2.59e-06 lr1=1.30e-04
12:16:10 INFO   e3 step  2300/3462  loss=0.1617  acc=0.5637  lr0=2.49e-06 lr1=1.24e-04
12:16:14 INFO   e3 step  2350/3462  loss=0.1617  acc=0.5635  lr0=2.38e-06 lr1=1.19e-04
12:16:19 INFO   e3 step  2400/3462  loss=0.1617  acc=0.5632  lr0=2.27e-06 lr1=1.14e-04
12:16:23 INFO   e3 step  2450/3462  loss=0.1616  acc=0.5632  lr0=2.17e-06 lr1=1.08e-04
12:16:27 INFO   e3 step  2500/3462  loss=0.1616  acc=0.5631  lr0=2.06e-06 lr1=1.03e-04
12:16:32 INFO   e3 step  2550/3462  loss=0.1614  acc=0.5633  lr0=1.95e-06 lr1=9.76e-05
12:16:36 INFO   e3 step  2600/3462  loss=0.1615  acc=0.5631  lr0=1.84e-06 lr1=9.22e-05
12:16:40 INFO   e3 step  2650/3462  loss=0.1616  acc=0.5627  lr0=1.74e-06 lr1=8.69e-05
12:16:44 INFO   e3 step  2700/3462  loss=0.1616  acc=0.5627  lr0=1.63e-06 lr1=8.15e-05
12:16:49 INFO   e3 step  2750/3462  loss=0.1616  acc=0.5627  lr0=1.52e-06 lr1=7.62e-05
12:16:54 INFO   e3 step  2800/3462  loss=0.1615  acc=0.5628  lr0=1.42e-06 lr1=7.08e-05
12:16:59 INFO   e3 step  2850/3462  loss=0.1615  acc=0.5626  lr0=1.31e-06 lr1=6.55e-05
12:17:03 INFO   e3 step  2900/3462  loss=0.1613  acc=0.5630  lr0=1.20e-06 lr1=6.01e-05
12:17:07 INFO   e3 step  2950/3462  loss=0.1612  acc=0.5631  lr0=1.10e-06 lr1=5.48e-05
12:17:11 INFO   e3 step  3000/3462  loss=0.1614  acc=0.5630  lr0=9.88e-07 lr1=4.94e-05
12:17:15 INFO   e3 step  3050/3462  loss=0.1614  acc=0.5630  lr0=8.81e-07 lr1=4.41e-05
12:17:20 INFO   e3 step  3100/3462  loss=0.1614  acc=0.5630  lr0=7.74e-07 lr1=3.87e-05
12:17:24 INFO   e3 step  3150/3462  loss=0.1614  acc=0.5630  lr0=6.68e-07 lr1=3.34e-05
12:17:28 INFO   e3 step  3200/3462  loss=0.1614  acc=0.5628  lr0=5.61e-07 lr1=2.80e-05
12:17:32 INFO   e3 step  3250/3462  loss=0.1613  acc=0.5630  lr0=4.54e-07 lr1=2.27e-05
12:17:36 INFO   e3 step  3300/3462  loss=0.1613  acc=0.5626  lr0=3.47e-07 lr1=1.73e-05
12:17:41 INFO   e3 step  3350/3462  loss=0.1613  acc=0.5626  lr0=2.40e-07 lr1=1.20e-05
12:17:45 INFO   e3 step  3400/3462  loss=0.1614  acc=0.5625  lr0=1.33e-07 lr1=6.63e-06
12:17:49 INFO   e3 step  3450/3462  loss=0.1613  acc=0.5630  lr0=2.57e-08 lr1=1.28e-06
12:17:54 INFO [epoch 3] train_loss=0.1613 train_acc=0.5630  val_loss=0.6659 val_acc=0.5568 val_auc=0.8498  elapsed=297.5s
12:17:54 INFO   saved best.pt  val_acc=0.5568
12:17:55 INFO loading best.pt for test eval
12:17:59 INFO [test] loss=0.8151  acc=0.5498  auc=0.8095  f1=0.1841
12:17:59 INFO [test] per-tier-pair accuracy:
12:17:59 INFO         T1-T2  n=    2  acc=0.0000
12:17:59 INFO         T1-T3  n=   10  acc=0.6000
12:17:59 INFO         T1-T4  n=    8  acc=0.5000
12:17:59 INFO         T1-T5  n=   20  acc=0.7500
12:17:59 INFO         T1-T6  n=   64  acc=0.5781
12:17:59 INFO         T1-T7  n=    6  acc=0.5000
12:17:59 INFO         T1-T8  n=   36  acc=0.4167
12:17:59 INFO         T1-T9  n=   12  acc=0.5000
12:17:59 INFO        T1-T10  n=    4  acc=0.5000
12:17:59 INFO        T1-T11  n=   24  acc=0.5833
12:17:59 INFO        T1-T12  n=    8  acc=0.1250
12:17:59 INFO        T1-T13  n=    8  acc=0.5000
12:17:59 INFO        T1-T14  n=    2  acc=0.0000
12:17:59 INFO        T1-T15  n=   28  acc=0.4643
12:17:59 INFO         T2-T3  n=    5  acc=1.0000
12:17:59 INFO         T2-T4  n=    4  acc=0.7500
12:17:59 INFO         T2-T5  n=   10  acc=0.5000
12:17:59 INFO         T2-T6  n=   32  acc=0.5625
12:17:59 INFO         T2-T7  n=    3  acc=0.0000
12:17:59 INFO         T2-T8  n=   18  acc=0.4444
12:17:59 INFO         T2-T9  n=    6  acc=0.1667
12:17:59 INFO        T2-T10  n=    2  acc=1.0000
12:17:59 INFO        T2-T11  n=   12  acc=0.5833
12:17:59 INFO        T2-T12  n=    4  acc=0.5000
12:17:59 INFO        T2-T13  n=    4  acc=1.0000
12:17:59 INFO        T2-T14  n=    1  acc=1.0000
12:17:59 INFO        T2-T15  n=   14  acc=0.7143
12:17:59 INFO         T3-T4  n=   20  acc=0.7500
12:17:59 INFO         T3-T5  n=   50  acc=0.4400
12:17:59 INFO         T3-T6  n=  160  acc=0.4938
12:17:59 INFO         T3-T7  n=   15  acc=0.4000
12:17:59 INFO         T3-T8  n=   90  acc=0.3333
12:17:59 INFO         T3-T9  n=   30  acc=0.3667
12:17:59 INFO        T3-T10  n=   10  acc=0.5000
12:17:59 INFO        T3-T11  n=   60  acc=0.4167
12:17:59 INFO        T3-T12  n=   20  acc=0.7000
12:17:59 INFO        T3-T13  n=   20  acc=0.5000
12:17:59 INFO        T3-T14  n=    5  acc=0.4000
12:17:59 INFO        T3-T15  n=   70  acc=0.4714
12:17:59 INFO         T4-T5  n=   40  acc=0.3250
12:17:59 INFO         T4-T6  n=  128  acc=0.5781
12:17:59 INFO         T4-T7  n=   12  acc=0.4167
12:17:59 INFO         T4-T8  n=   72  acc=0.5833
12:17:59 INFO         T4-T9  n=   24  acc=0.4583
12:17:59 INFO        T4-T10  n=    8  acc=0.1250
12:17:59 INFO        T4-T11  n=   48  acc=0.5208
12:17:59 INFO        T4-T12  n=   16  acc=0.3750
12:17:59 INFO        T4-T13  n=   16  acc=0.2500
12:17:59 INFO        T4-T14  n=    4  acc=0.2500
12:17:59 INFO        T4-T15  n=   56  acc=0.5357
12:17:59 INFO         T5-T6  n=  320  acc=0.8000
12:17:59 INFO         T5-T7  n=   30  acc=0.5000
12:17:59 INFO         T5-T8  n=  180  acc=0.5056
12:17:59 INFO         T5-T9  n=   60  acc=0.5500
12:17:59 INFO        T5-T10  n=   20  acc=0.6000
12:17:59 INFO        T5-T11  n=  120  acc=0.6250
12:17:59 INFO        T5-T12  n=   40  acc=0.4500
12:17:59 INFO        T5-T13  n=   40  acc=0.6500
12:17:59 INFO        T5-T14  n=   10  acc=0.4000
12:17:59 INFO        T5-T15  n=  140  acc=0.6000
12:17:59 INFO         T6-T7  n=   96  acc=0.9479
12:17:59 INFO         T6-T8  n=  576  acc=0.5260
12:17:59 INFO         T6-T9  n=  192  acc=0.5260
12:17:59 INFO        T6-T10  n=   64  acc=0.5156
12:17:59 INFO        T6-T11  n=  384  acc=0.5599
12:17:59 INFO        T6-T12  n=  128  acc=0.5000
12:17:59 INFO        T6-T13  n=  128  acc=0.4922
12:17:59 INFO        T6-T14  n=   32  acc=0.4375
12:17:59 INFO        T6-T15  n=  448  acc=0.4799
12:17:59 INFO         T7-T8  n=   54  acc=0.6111
12:17:59 INFO         T7-T9  n=   18  acc=0.4444
12:17:59 INFO        T7-T10  n=    6  acc=0.6667
12:17:59 INFO        T7-T11  n=   36  acc=0.5278
12:17:59 INFO        T7-T12  n=   12  acc=0.5000
12:17:59 INFO        T7-T13  n=   12  acc=0.5000
12:17:59 INFO        T7-T14  n=    3  acc=0.3333
12:17:59 INFO        T7-T15  n=   42  acc=0.5952
12:17:59 INFO         T8-T9  n=  108  acc=0.8611
12:17:59 INFO        T8-T10  n=   36  acc=0.6389
12:17:59 INFO        T8-T11  n=  216  acc=0.5324
12:17:59 INFO        T8-T12  n=   72  acc=0.4722
12:17:59 INFO        T8-T13  n=   72  acc=0.4444
12:17:59 INFO        T8-T14  n=   18  acc=0.3333
12:17:59 INFO        T8-T15  n=  252  acc=0.5556
12:17:59 INFO        T9-T10  n=   12  acc=1.0000
12:17:59 INFO        T9-T11  n=   72  acc=0.5139
12:17:59 INFO        T9-T12  n=   24  acc=0.5417
12:17:59 INFO        T9-T13  n=   24  acc=0.4583
12:17:59 INFO        T9-T14  n=    6  acc=0.8333
12:17:59 INFO        T9-T15  n=   84  acc=0.4643
12:17:59 INFO       T10-T11  n=   24  acc=0.7083
12:17:59 INFO       T10-T12  n=    8  acc=0.2500
12:17:59 INFO       T10-T13  n=    8  acc=0.2500
12:17:59 INFO       T10-T14  n=    2  acc=0.0000
12:17:59 INFO       T10-T15  n=   28  acc=0.3571
12:17:59 INFO       T11-T12  n=   48  acc=0.7917
12:17:59 INFO       T11-T13  n=   48  acc=0.5208
12:17:59 INFO       T11-T14  n=   12  acc=0.5000
12:17:59 INFO       T11-T15  n=  168  acc=0.4881
12:17:59 INFO       T12-T13  n=   16  acc=1.0000
12:17:59 INFO       T12-T14  n=    4  acc=1.0000
12:17:59 INFO       T12-T15  n=   56  acc=0.5893
12:17:59 INFO       T13-T14  n=    4  acc=0.0000
12:17:59 INFO       T13-T15  n=   56  acc=0.5000
12:17:59 INFO       T14-T15  n=   14  acc=0.9286
12:17:59 INFO [done] results in runs/classifier/mlp_bge_small_new_exponential
12:27:40 INFO run_dir=runs/classifier/mlp_bge_small_new_exponential
12:27:40 INFO device=cuda  bf16=True
12:27:40 INFO tokenizer <- BAAI/bge-small-en-v1.5
12:27:41 INFO max_seq_len=524 exceeds model cap 512; clamping to 512
12:27:41 INFO max_seq_len=512 (user-provided)
12:27:41 INFO loading datasets
12:27:42 INFO   train=110775  val=6004  test=6004
12:27:42 INFO building DirectionalClassifier on BAAI/bge-small-en-v1.5  head_cfg={'head_type': 'mlp', 'hidden_dims': [512, 128], 'dropout': 0.1, 'activation': 'gelu', 'norm': 'layer'}  n_tiers=0
12:27:43 INFO   hidden_size=384  trainable_params=67,577,089
12:27:43 INFO   total_steps=10386  warmup_steps=1038
12:27:52 INFO   e1 step    50/3462  loss=0.7463  acc=0.3713  lr0=9.63e-07 lr1=4.82e-05
12:27:59 INFO   e1 step   100/3462  loss=0.7039  acc=0.3881  lr0=1.93e-06 lr1=9.63e-05
12:28:06 INFO   e1 step   150/3462  loss=0.6712  acc=0.3906  lr0=2.89e-06 lr1=1.45e-04
12:28:13 INFO   e1 step   200/3462  loss=0.6492  acc=0.3977  lr0=3.85e-06 lr1=1.93e-04
12:28:21 INFO   e1 step   250/3462  loss=0.6227  acc=0.4111  lr0=4.82e-06 lr1=2.41e-04
12:28:28 INFO   e1 step   300/3462  loss=0.6032  acc=0.4167  lr0=5.78e-06 lr1=2.89e-04
12:28:35 INFO   e1 step   350/3462  loss=0.5850  acc=0.4246  lr0=6.74e-06 lr1=3.37e-04
12:28:42 INFO   e1 step   400/3462  loss=0.5727  acc=0.4270  lr0=7.71e-06 lr1=3.85e-04
12:28:49 INFO   e1 step   450/3462  loss=0.5601  acc=0.4301  lr0=8.67e-06 lr1=4.34e-04
12:28:57 INFO   e1 step   500/3462  loss=0.5486  acc=0.4362  lr0=9.63e-06 lr1=4.82e-04
12:29:04 INFO   e1 step   550/3462  loss=0.5364  acc=0.4407  lr0=1.06e-05 lr1=5.30e-04
12:29:11 INFO   e1 step   600/3462  loss=0.5255  acc=0.4432  lr0=1.16e-05 lr1=5.78e-04
12:29:19 INFO   e1 step   650/3462  loss=0.5144  acc=0.4476  lr0=1.25e-05 lr1=6.26e-04
12:29:26 INFO   e1 step   700/3462  loss=0.5051  acc=0.4509  lr0=1.35e-05 lr1=6.74e-04
12:29:34 INFO   e1 step   750/3462  loss=0.4957  acc=0.4530  lr0=1.45e-05 lr1=7.23e-04
12:29:41 INFO   e1 step   800/3462  loss=0.4851  acc=0.4574  lr0=1.54e-05 lr1=7.71e-04
12:29:48 INFO   e1 step   850/3462  loss=0.4777  acc=0.4596  lr0=1.64e-05 lr1=8.19e-04
12:29:56 INFO   e1 step   900/3462  loss=0.4694  acc=0.4623  lr0=1.73e-05 lr1=8.67e-04
12:30:03 INFO   e1 step   950/3462  loss=0.4619  acc=0.4645  lr0=1.83e-05 lr1=9.15e-04
12:30:10 INFO   e1 step  1000/3462  loss=0.4547  acc=0.4673  lr0=1.93e-05 lr1=9.63e-04
12:30:18 INFO   e1 step  1050/3462  loss=0.4505  acc=0.4689  lr0=2.00e-05 lr1=9.99e-04
12:30:25 INFO   e1 step  1100/3462  loss=0.4442  acc=0.4709  lr0=1.99e-05 lr1=9.93e-04
12:30:32 INFO   e1 step  1150/3462  loss=0.4388  acc=0.4727  lr0=1.98e-05 lr1=9.88e-04
12:30:40 INFO   e1 step  1200/3462  loss=0.4328  acc=0.4740  lr0=1.97e-05 lr1=9.83e-04
12:30:47 INFO   e1 step  1250/3462  loss=0.4264  acc=0.4764  lr0=1.95e-05 lr1=9.77e-04
12:30:54 INFO   e1 step  1300/3462  loss=0.4201  acc=0.4782  lr0=1.94e-05 lr1=9.72e-04
12:31:01 INFO   e1 step  1350/3462  loss=0.4137  acc=0.4806  lr0=1.93e-05 lr1=9.67e-04
12:31:08 INFO   e1 step  1400/3462  loss=0.4093  acc=0.4813  lr0=1.92e-05 lr1=9.61e-04
12:31:15 INFO   e1 step  1450/3462  loss=0.4040  acc=0.4835  lr0=1.91e-05 lr1=9.56e-04
12:31:23 INFO   e1 step  1500/3462  loss=0.3990  acc=0.4848  lr0=1.90e-05 lr1=9.51e-04
12:31:30 INFO   e1 step  1550/3462  loss=0.3945  acc=0.4863  lr0=1.89e-05 lr1=9.45e-04
12:31:37 INFO   e1 step  1600/3462  loss=0.3900  acc=0.4875  lr0=1.88e-05 lr1=9.40e-04
12:31:44 INFO   e1 step  1650/3462  loss=0.3857  acc=0.4889  lr0=1.87e-05 lr1=9.35e-04
12:35:39 INFO run_dir=runs/classifier/mlp_bge_small_new_exponential
12:35:39 INFO device=cuda  bf16=True
12:35:39 INFO tokenizer <- BAAI/bge-small-en-v1.5
12:35:39 INFO max_seq_len=524 exceeds model cap 512; clamping to 512
12:35:39 INFO max_seq_len=512 (user-provided)
12:35:39 INFO loading datasets
12:35:40 INFO   train=110775  val=6004  test=6004
12:35:40 INFO building DirectionalClassifier on BAAI/bge-small-en-v1.5  head_cfg={'head_type': 'mlp', 'hidden_dims': [512, 128], 'dropout': 0.1, 'activation': 'gelu', 'norm': 'layer'}  n_tiers=0
12:35:41 INFO   hidden_size=384  trainable_params=67,577,089
12:35:41 INFO   total_steps=10386  warmup_steps=1038
12:35:47 INFO   e1 step    50/3462  loss=0.7462  acc=0.5731  lr0=9.63e-07 lr1=4.82e-05
12:35:51 INFO   e1 step   100/3462  loss=0.7039  acc=0.6125  lr0=1.93e-06 lr1=9.63e-05
12:35:55 INFO   e1 step   150/3462  loss=0.6712  acc=0.6421  lr0=2.89e-06 lr1=1.45e-04
12:36:00 INFO   e1 step   200/3462  loss=0.6491  acc=0.6592  lr0=3.85e-06 lr1=1.93e-04
12:36:04 INFO   e1 step   250/3462  loss=0.6227  acc=0.6856  lr0=4.82e-06 lr1=2.41e-04
12:36:09 INFO   e1 step   300/3462  loss=0.6032  acc=0.7051  lr0=5.78e-06 lr1=2.89e-04
12:36:13 INFO   e1 step   350/3462  loss=0.5850  acc=0.7216  lr0=6.74e-06 lr1=3.37e-04
12:36:17 INFO   e1 step   400/3462  loss=0.5727  acc=0.7322  lr0=7.71e-06 lr1=3.85e-04
12:36:22 INFO   e1 step   450/3462  loss=0.5601  acc=0.7416  lr0=8.67e-06 lr1=4.34e-04
12:36:26 INFO   e1 step   500/3462  loss=0.5486  acc=0.7515  lr0=9.63e-06 lr1=4.82e-04
12:36:31 INFO   e1 step   550/3462  loss=0.5365  acc=0.7611  lr0=1.06e-05 lr1=5.30e-04
12:36:35 INFO   e1 step   600/3462  loss=0.5256  acc=0.7697  lr0=1.16e-05 lr1=5.78e-04
12:36:39 INFO   e1 step   650/3462  loss=0.5144  acc=0.7788  lr0=1.25e-05 lr1=6.26e-04
12:36:44 INFO   e1 step   700/3462  loss=0.5051  acc=0.7860  lr0=1.35e-05 lr1=6.74e-04
12:36:48 INFO   e1 step   750/3462  loss=0.4957  acc=0.7936  lr0=1.45e-05 lr1=7.23e-04
12:36:53 INFO   e1 step   800/3462  loss=0.4851  acc=0.8007  lr0=1.54e-05 lr1=7.71e-04
12:36:57 INFO   e1 step   850/3462  loss=0.4777  acc=0.8058  lr0=1.64e-05 lr1=8.19e-04
12:37:02 INFO   e1 step   900/3462  loss=0.4695  acc=0.8117  lr0=1.73e-05 lr1=8.67e-04
12:37:06 INFO   e1 step   950/3462  loss=0.4619  acc=0.8173  lr0=1.83e-05 lr1=9.15e-04
12:37:10 INFO   e1 step  1000/3462  loss=0.4549  acc=0.8225  lr0=1.93e-05 lr1=9.63e-04
12:37:15 INFO   e1 step  1050/3462  loss=0.4508  acc=0.8263  lr0=2.00e-05 lr1=9.99e-04
12:37:19 INFO   e1 step  1100/3462  loss=0.4445  acc=0.8307  lr0=1.99e-05 lr1=9.93e-04
12:37:23 INFO   e1 step  1150/3462  loss=0.4390  acc=0.8350  lr0=1.98e-05 lr1=9.88e-04
12:37:27 INFO   e1 step  1200/3462  loss=0.4329  acc=0.8394  lr0=1.97e-05 lr1=9.83e-04
12:37:31 INFO   e1 step  1250/3462  loss=0.4266  acc=0.8437  lr0=1.95e-05 lr1=9.77e-04
12:37:36 INFO   e1 step  1300/3462  loss=0.4202  acc=0.8475  lr0=1.94e-05 lr1=9.72e-04
12:37:40 INFO   e1 step  1350/3462  loss=0.4140  acc=0.8514  lr0=1.93e-05 lr1=9.67e-04
12:37:44 INFO   e1 step  1400/3462  loss=0.4101  acc=0.8544  lr0=1.92e-05 lr1=9.61e-04
12:37:48 INFO   e1 step  1450/3462  loss=0.4047  acc=0.8576  lr0=1.91e-05 lr1=9.56e-04
12:37:52 INFO   e1 step  1500/3462  loss=0.3996  acc=0.8608  lr0=1.90e-05 lr1=9.51e-04
12:37:56 INFO   e1 step  1550/3462  loss=0.3950  acc=0.8637  lr0=1.89e-05 lr1=9.45e-04
12:38:01 INFO   e1 step  1600/3462  loss=0.3906  acc=0.8666  lr0=1.88e-05 lr1=9.40e-04
12:38:05 INFO   e1 step  1650/3462  loss=0.3862  acc=0.8693  lr0=1.87e-05 lr1=9.35e-04
12:38:09 INFO   e1 step  1700/3462  loss=0.3823  acc=0.8719  lr0=1.86e-05 lr1=9.29e-04
12:38:13 INFO   e1 step  1750/3462  loss=0.3782  acc=0.8744  lr0=1.85e-05 lr1=9.24e-04
12:38:17 INFO   e1 step  1800/3462  loss=0.3738  acc=0.8770  lr0=1.84e-05 lr1=9.18e-04
12:38:21 INFO   e1 step  1850/3462  loss=0.3699  acc=0.8795  lr0=1.83e-05 lr1=9.13e-04
12:38:25 INFO   e1 step  1900/3462  loss=0.3659  acc=0.8819  lr0=1.82e-05 lr1=9.08e-04
12:38:29 INFO   e1 step  1950/3462  loss=0.3621  acc=0.8842  lr0=1.80e-05 lr1=9.02e-04
12:38:33 INFO   e1 step  2000/3462  loss=0.3582  acc=0.8865  lr0=1.79e-05 lr1=8.97e-04
12:38:38 INFO   e1 step  2050/3462  loss=0.3546  acc=0.8888  lr0=1.78e-05 lr1=8.92e-04
12:38:42 INFO   e1 step  2100/3462  loss=0.3513  acc=0.8907  lr0=1.77e-05 lr1=8.86e-04
12:38:47 INFO   e1 step  2150/3462  loss=0.3481  acc=0.8925  lr0=1.76e-05 lr1=8.81e-04
12:38:52 INFO   e1 step  2200/3462  loss=0.3451  acc=0.8942  lr0=1.75e-05 lr1=8.76e-04
12:38:56 INFO   e1 step  2250/3462  loss=0.3421  acc=0.8960  lr0=1.74e-05 lr1=8.70e-04
12:39:01 INFO   e1 step  2300/3462  loss=0.3393  acc=0.8977  lr0=1.73e-05 lr1=8.65e-04
12:39:05 INFO   e1 step  2350/3462  loss=0.3365  acc=0.8993  lr0=1.72e-05 lr1=8.60e-04
12:39:10 INFO   e1 step  2400/3462  loss=0.3338  acc=0.9009  lr0=1.71e-05 lr1=8.54e-04
12:39:14 INFO   e1 step  2450/3462  loss=0.3310  acc=0.9025  lr0=1.70e-05 lr1=8.49e-04
12:39:19 INFO   e1 step  2500/3462  loss=0.3282  acc=0.9040  lr0=1.69e-05 lr1=8.44e-04
12:39:23 INFO   e1 step  2550/3462  loss=0.3258  acc=0.9054  lr0=1.68e-05 lr1=8.38e-04
12:39:28 INFO   e1 step  2600/3462  loss=0.3232  acc=0.9069  lr0=1.67e-05 lr1=8.33e-04
12:39:33 INFO   e1 step  2650/3462  loss=0.3208  acc=0.9083  lr0=1.66e-05 lr1=8.28e-04
12:39:37 INFO   e1 step  2700/3462  loss=0.3185  acc=0.9095  lr0=1.64e-05 lr1=8.22e-04
12:39:42 INFO   e1 step  2750/3462  loss=0.3159  acc=0.9109  lr0=1.63e-05 lr1=8.17e-04
12:39:46 INFO   e1 step  2800/3462  loss=0.3136  acc=0.9122  lr0=1.62e-05 lr1=8.12e-04
12:39:51 INFO   e1 step  2850/3462  loss=0.3114  acc=0.9134  lr0=1.61e-05 lr1=8.06e-04
12:39:55 INFO   e1 step  2900/3462  loss=0.3097  acc=0.9145  lr0=1.60e-05 lr1=8.01e-04
12:40:00 INFO   e1 step  2950/3462  loss=0.3077  acc=0.9156  lr0=1.59e-05 lr1=7.95e-04
12:40:04 INFO   e1 step  3000/3462  loss=0.3058  acc=0.9167  lr0=1.58e-05 lr1=7.90e-04
12:40:09 INFO   e1 step  3050/3462  loss=0.3038  acc=0.9178  lr0=1.57e-05 lr1=7.85e-04
12:40:14 INFO   e1 step  3100/3462  loss=0.3021  acc=0.9188  lr0=1.56e-05 lr1=7.79e-04
12:40:18 INFO   e1 step  3150/3462  loss=0.3005  acc=0.9197  lr0=1.55e-05 lr1=7.74e-04
12:40:23 INFO   e1 step  3200/3462  loss=0.2987  acc=0.9207  lr0=1.54e-05 lr1=7.69e-04
12:40:27 INFO   e1 step  3250/3462  loss=0.2971  acc=0.9217  lr0=1.53e-05 lr1=7.63e-04
12:40:32 INFO   e1 step  3300/3462  loss=0.2953  acc=0.9226  lr0=1.52e-05 lr1=7.58e-04
12:40:36 INFO   e1 step  3350/3462  loss=0.2935  acc=0.9235  lr0=1.51e-05 lr1=7.53e-04
12:40:41 INFO   e1 step  3400/3462  loss=0.2919  acc=0.9244  lr0=1.49e-05 lr1=7.47e-04
12:40:45 INFO   e1 step  3450/3462  loss=0.2902  acc=0.9253  lr0=1.48e-05 lr1=7.42e-04
12:40:50 INFO [epoch 1] train_loss=0.2898 train_acc=0.9255  val_loss=0.5309 val_acc=0.8827 val_auc=0.9261  elapsed=309.0s
12:40:51 INFO   saved best.pt  val_acc=0.8827
12:40:55 INFO   e2 step    50/3462  loss=0.1829  acc=0.9888  lr0=1.47e-05 lr1=7.35e-04
12:41:00 INFO   e2 step   100/3462  loss=0.1810  acc=0.9881  lr0=1.46e-05 lr1=7.30e-04
12:41:04 INFO   e2 step   150/3462  loss=0.1783  acc=0.9879  lr0=1.45e-05 lr1=7.25e-04
12:41:08 INFO   e2 step   200/3462  loss=0.1787  acc=0.9877  lr0=1.44e-05 lr1=7.19e-04
12:41:13 INFO   e2 step   250/3462  loss=0.1772  acc=0.9879  lr0=1.43e-05 lr1=7.14e-04
12:41:17 INFO   e2 step   300/3462  loss=0.1788  acc=0.9875  lr0=1.42e-05 lr1=7.09e-04
12:41:21 INFO   e2 step   350/3462  loss=0.1783  acc=0.9874  lr0=1.41e-05 lr1=7.03e-04
12:41:25 INFO   e2 step   400/3462  loss=0.1782  acc=0.9872  lr0=1.40e-05 lr1=6.98e-04
12:41:30 INFO   e2 step   450/3462  loss=0.1784  acc=0.9868  lr0=1.39e-05 lr1=6.93e-04
12:41:34 INFO   e2 step   500/3462  loss=0.1767  acc=0.9870  lr0=1.37e-05 lr1=6.87e-04
12:41:39 INFO   e2 step   550/3462  loss=0.1756  acc=0.9874  lr0=1.36e-05 lr1=6.82e-04
12:41:43 INFO   e2 step   600/3462  loss=0.1751  acc=0.9871  lr0=1.35e-05 lr1=6.77e-04
12:41:48 INFO   e2 step   650/3462  loss=0.1749  acc=0.9872  lr0=1.34e-05 lr1=6.71e-04
12:41:52 INFO   e2 step   700/3462  loss=0.1747  acc=0.9873  lr0=1.33e-05 lr1=6.66e-04
12:41:56 INFO   e2 step   750/3462  loss=0.1750  acc=0.9872  lr0=1.32e-05 lr1=6.60e-04
12:42:01 INFO   e2 step   800/3462  loss=0.1749  acc=0.9871  lr0=1.31e-05 lr1=6.55e-04
12:42:05 INFO   e2 step   850/3462  loss=0.1748  acc=0.9872  lr0=1.30e-05 lr1=6.50e-04
12:42:10 INFO   e2 step   900/3462  loss=0.1746  acc=0.9873  lr0=1.29e-05 lr1=6.44e-04
12:42:14 INFO   e2 step   950/3462  loss=0.1742  acc=0.9873  lr0=1.28e-05 lr1=6.39e-04
12:42:18 INFO   e2 step  1000/3462  loss=0.1736  acc=0.9874  lr0=1.27e-05 lr1=6.34e-04
12:42:23 INFO   e2 step  1050/3462  loss=0.1739  acc=0.9872  lr0=1.26e-05 lr1=6.28e-04
12:42:27 INFO   e2 step  1100/3462  loss=0.1745  acc=0.9869  lr0=1.25e-05 lr1=6.23e-04
12:42:32 INFO   e2 step  1150/3462  loss=0.1740  acc=0.9870  lr0=1.24e-05 lr1=6.18e-04
12:42:36 INFO   e2 step  1200/3462  loss=0.1739  acc=0.9869  lr0=1.22e-05 lr1=6.12e-04
12:42:41 INFO   e2 step  1250/3462  loss=0.1737  acc=0.9869  lr0=1.21e-05 lr1=6.07e-04
12:42:45 INFO   e2 step  1300/3462  loss=0.1741  acc=0.9869  lr0=1.20e-05 lr1=6.02e-04
12:42:49 INFO   e2 step  1350/3462  loss=0.1736  acc=0.9870  lr0=1.19e-05 lr1=5.96e-04
12:42:54 INFO   e2 step  1400/3462  loss=0.1739  acc=0.9870  lr0=1.18e-05 lr1=5.91e-04
12:42:58 INFO   e2 step  1450/3462  loss=0.1739  acc=0.9869  lr0=1.17e-05 lr1=5.86e-04
12:43:03 INFO   e2 step  1500/3462  loss=0.1742  acc=0.9868  lr0=1.16e-05 lr1=5.80e-04
12:43:07 INFO   e2 step  1550/3462  loss=0.1737  acc=0.9870  lr0=1.15e-05 lr1=5.75e-04
12:43:11 INFO   e2 step  1600/3462  loss=0.1734  acc=0.9871  lr0=1.14e-05 lr1=5.70e-04
12:43:16 INFO   e2 step  1650/3462  loss=0.1731  acc=0.9871  lr0=1.13e-05 lr1=5.64e-04
12:43:20 INFO   e2 step  1700/3462  loss=0.1730  acc=0.9871  lr0=1.12e-05 lr1=5.59e-04
12:43:24 INFO   e2 step  1750/3462  loss=0.1729  acc=0.9872  lr0=1.11e-05 lr1=5.53e-04
12:43:28 INFO   e2 step  1800/3462  loss=0.1727  acc=0.9873  lr0=1.10e-05 lr1=5.48e-04
12:43:33 INFO   e2 step  1850/3462  loss=0.1725  acc=0.9874  lr0=1.09e-05 lr1=5.43e-04
12:43:37 INFO   e2 step  1900/3462  loss=0.1725  acc=0.9874  lr0=1.07e-05 lr1=5.37e-04
12:43:42 INFO   e2 step  1950/3462  loss=0.1724  acc=0.9874  lr0=1.06e-05 lr1=5.32e-04
12:43:47 INFO   e2 step  2000/3462  loss=0.1722  acc=0.9875  lr0=1.05e-05 lr1=5.27e-04
12:43:51 INFO   e2 step  2050/3462  loss=0.1722  acc=0.9875  lr0=1.04e-05 lr1=5.21e-04
12:43:55 INFO   e2 step  2100/3462  loss=0.1720  acc=0.9876  lr0=1.03e-05 lr1=5.16e-04
12:44:00 INFO   e2 step  2150/3462  loss=0.1717  acc=0.9876  lr0=1.02e-05 lr1=5.11e-04
12:44:04 INFO   e2 step  2200/3462  loss=0.1718  acc=0.9876  lr0=1.01e-05 lr1=5.05e-04
12:44:08 INFO   e2 step  2250/3462  loss=0.1716  acc=0.9876  lr0=1.00e-05 lr1=5.00e-04
12:44:13 INFO   e2 step  2300/3462  loss=0.1717  acc=0.9877  lr0=9.89e-06 lr1=4.95e-04
12:44:17 INFO   e2 step  2350/3462  loss=0.1715  acc=0.9878  lr0=9.79e-06 lr1=4.89e-04
12:44:21 INFO   e2 step  2400/3462  loss=0.1713  acc=0.9879  lr0=9.68e-06 lr1=4.84e-04
12:44:26 INFO   e2 step  2450/3462  loss=0.1711  acc=0.9879  lr0=9.57e-06 lr1=4.79e-04
12:44:30 INFO   e2 step  2500/3462  loss=0.1710  acc=0.9879  lr0=9.47e-06 lr1=4.73e-04
12:44:35 INFO   e2 step  2550/3462  loss=0.1710  acc=0.9878  lr0=9.36e-06 lr1=4.68e-04
12:44:39 INFO   e2 step  2600/3462  loss=0.1709  acc=0.9879  lr0=9.25e-06 lr1=4.63e-04
12:44:43 INFO   e2 step  2650/3462  loss=0.1706  acc=0.9880  lr0=9.14e-06 lr1=4.57e-04
12:44:48 INFO   e2 step  2700/3462  loss=0.1706  acc=0.9881  lr0=9.04e-06 lr1=4.52e-04
12:44:52 INFO   e2 step  2750/3462  loss=0.1704  acc=0.9881  lr0=8.93e-06 lr1=4.47e-04
12:44:57 INFO   e2 step  2800/3462  loss=0.1702  acc=0.9882  lr0=8.82e-06 lr1=4.41e-04
12:45:01 INFO   e2 step  2850/3462  loss=0.1704  acc=0.9882  lr0=8.72e-06 lr1=4.36e-04
12:45:05 INFO   e2 step  2900/3462  loss=0.1700  acc=0.9883  lr0=8.61e-06 lr1=4.30e-04
12:45:09 INFO   e2 step  2950/3462  loss=0.1700  acc=0.9883  lr0=8.50e-06 lr1=4.25e-04
12:45:14 INFO   e2 step  3000/3462  loss=0.1699  acc=0.9884  lr0=8.40e-06 lr1=4.20e-04
12:45:18 INFO   e2 step  3050/3462  loss=0.1698  acc=0.9884  lr0=8.29e-06 lr1=4.14e-04
12:45:22 INFO   e2 step  3100/3462  loss=0.1697  acc=0.9884  lr0=8.18e-06 lr1=4.09e-04
12:45:27 INFO   e2 step  3150/3462  loss=0.1697  acc=0.9885  lr0=8.07e-06 lr1=4.04e-04
12:45:31 INFO   e2 step  3200/3462  loss=0.1695  acc=0.9885  lr0=7.97e-06 lr1=3.98e-04
12:45:36 INFO   e2 step  3250/3462  loss=0.1694  acc=0.9886  lr0=7.86e-06 lr1=3.93e-04
12:45:40 INFO   e2 step  3300/3462  loss=0.1692  acc=0.9886  lr0=7.75e-06 lr1=3.88e-04
12:45:44 INFO   e2 step  3350/3462  loss=0.1691  acc=0.9886  lr0=7.65e-06 lr1=3.82e-04
12:45:49 INFO   e2 step  3400/3462  loss=0.1691  acc=0.9886  lr0=7.54e-06 lr1=3.77e-04
12:45:53 INFO   e2 step  3450/3462  loss=0.1692  acc=0.9886  lr0=7.43e-06 lr1=3.72e-04
12:45:58 INFO [epoch 2] train_loss=0.1692 train_acc=0.9886  val_loss=0.5542 val_acc=0.8936 val_auc=0.9216  elapsed=307.6s
12:45:59 INFO   saved best.pt  val_acc=0.8936
12:46:03 INFO   e3 step    50/3462  loss=0.1612  acc=0.9938  lr0=7.30e-06 lr1=3.65e-04
12:46:07 INFO   e3 step   100/3462  loss=0.1610  acc=0.9925  lr0=7.19e-06 lr1=3.60e-04
12:46:12 INFO   e3 step   150/3462  loss=0.1595  acc=0.9919  lr0=7.09e-06 lr1=3.54e-04
12:46:16 INFO   e3 step   200/3462  loss=0.1610  acc=0.9914  lr0=6.98e-06 lr1=3.49e-04
12:46:21 INFO   e3 step   250/3462  loss=0.1618  acc=0.9912  lr0=6.87e-06 lr1=3.44e-04
12:46:25 INFO   e3 step   300/3462  loss=0.1615  acc=0.9911  lr0=6.77e-06 lr1=3.38e-04
12:46:30 INFO   e3 step   350/3462  loss=0.1617  acc=0.9904  lr0=6.66e-06 lr1=3.33e-04
12:46:35 INFO   e3 step   400/3462  loss=0.1620  acc=0.9905  lr0=6.55e-06 lr1=3.28e-04
12:46:39 INFO   e3 step   450/3462  loss=0.1616  acc=0.9903  lr0=6.44e-06 lr1=3.22e-04
12:46:44 INFO   e3 step   500/3462  loss=0.1610  acc=0.9904  lr0=6.34e-06 lr1=3.17e-04
12:46:48 INFO   e3 step   550/3462  loss=0.1603  acc=0.9907  lr0=6.23e-06 lr1=3.12e-04
12:46:53 INFO   e3 step   600/3462  loss=0.1607  acc=0.9908  lr0=6.12e-06 lr1=3.06e-04
12:46:57 INFO   e3 step   650/3462  loss=0.1607  acc=0.9909  lr0=6.02e-06 lr1=3.01e-04
12:47:01 INFO   e3 step   700/3462  loss=0.1613  acc=0.9908  lr0=5.91e-06 lr1=2.95e-04
12:47:05 INFO   e3 step   750/3462  loss=0.1608  acc=0.9909  lr0=5.80e-06 lr1=2.90e-04
12:47:09 INFO   e3 step   800/3462  loss=0.1604  acc=0.9909  lr0=5.70e-06 lr1=2.85e-04
12:47:13 INFO   e3 step   850/3462  loss=0.1603  acc=0.9910  lr0=5.59e-06 lr1=2.79e-04
12:47:17 INFO   e3 step   900/3462  loss=0.1607  acc=0.9908  lr0=5.48e-06 lr1=2.74e-04
12:47:22 INFO   e3 step   950/3462  loss=0.1609  acc=0.9909  lr0=5.37e-06 lr1=2.69e-04
12:47:26 INFO   e3 step  1000/3462  loss=0.1606  acc=0.9909  lr0=5.27e-06 lr1=2.63e-04
12:47:31 INFO   e3 step  1050/3462  loss=0.1611  acc=0.9909  lr0=5.16e-06 lr1=2.58e-04
12:47:35 INFO   e3 step  1100/3462  loss=0.1607  acc=0.9909  lr0=5.05e-06 lr1=2.53e-04
12:47:40 INFO   e3 step  1150/3462  loss=0.1606  acc=0.9910  lr0=4.95e-06 lr1=2.47e-04
12:47:44 INFO   e3 step  1200/3462  loss=0.1603  acc=0.9913  lr0=4.84e-06 lr1=2.42e-04
12:47:48 INFO   e3 step  1250/3462  loss=0.1603  acc=0.9913  lr0=4.73e-06 lr1=2.37e-04
12:47:53 INFO   e3 step  1300/3462  loss=0.1607  acc=0.9913  lr0=4.63e-06 lr1=2.31e-04
12:47:57 INFO   e3 step  1350/3462  loss=0.1605  acc=0.9913  lr0=4.52e-06 lr1=2.26e-04
12:48:02 INFO   e3 step  1400/3462  loss=0.1603  acc=0.9914  lr0=4.41e-06 lr1=2.21e-04
12:48:06 INFO   e3 step  1450/3462  loss=0.1604  acc=0.9914  lr0=4.30e-06 lr1=2.15e-04
12:48:11 INFO   e3 step  1500/3462  loss=0.1602  acc=0.9915  lr0=4.20e-06 lr1=2.10e-04
12:48:15 INFO   e3 step  1550/3462  loss=0.1604  acc=0.9915  lr0=4.09e-06 lr1=2.05e-04
12:48:19 INFO   e3 step  1600/3462  loss=0.1609  acc=0.9913  lr0=3.98e-06 lr1=1.99e-04
12:48:24 INFO   e3 step  1650/3462  loss=0.1609  acc=0.9914  lr0=3.88e-06 lr1=1.94e-04
12:48:28 INFO   e3 step  1700/3462  loss=0.1611  acc=0.9914  lr0=3.77e-06 lr1=1.88e-04
12:48:32 INFO   e3 step  1750/3462  loss=0.1610  acc=0.9914  lr0=3.66e-06 lr1=1.83e-04
12:48:37 INFO   e3 step  1800/3462  loss=0.1609  acc=0.9915  lr0=3.56e-06 lr1=1.78e-04
12:48:41 INFO   e3 step  1850/3462  loss=0.1612  acc=0.9914  lr0=3.45e-06 lr1=1.72e-04
12:48:45 INFO   e3 step  1900/3462  loss=0.1612  acc=0.9914  lr0=3.34e-06 lr1=1.67e-04
12:48:50 INFO   e3 step  1950/3462  loss=0.1610  acc=0.9914  lr0=3.23e-06 lr1=1.62e-04
12:48:54 INFO   e3 step  2000/3462  loss=0.1610  acc=0.9914  lr0=3.13e-06 lr1=1.56e-04
12:48:58 INFO   e3 step  2050/3462  loss=0.1613  acc=0.9914  lr0=3.02e-06 lr1=1.51e-04
12:49:03 INFO   e3 step  2100/3462  loss=0.1613  acc=0.9913  lr0=2.91e-06 lr1=1.46e-04
12:49:07 INFO   e3 step  2150/3462  loss=0.1616  acc=0.9912  lr0=2.81e-06 lr1=1.40e-04
12:49:12 INFO   e3 step  2200/3462  loss=0.1616  acc=0.9913  lr0=2.70e-06 lr1=1.35e-04
12:49:16 INFO   e3 step  2250/3462  loss=0.1616  acc=0.9912  lr0=2.59e-06 lr1=1.30e-04
12:49:20 INFO   e3 step  2300/3462  loss=0.1615  acc=0.9913  lr0=2.49e-06 lr1=1.24e-04
12:49:25 INFO   e3 step  2350/3462  loss=0.1616  acc=0.9912  lr0=2.38e-06 lr1=1.19e-04
12:49:29 INFO   e3 step  2400/3462  loss=0.1615  acc=0.9913  lr0=2.27e-06 lr1=1.14e-04
12:49:33 INFO   e3 step  2450/3462  loss=0.1615  acc=0.9913  lr0=2.17e-06 lr1=1.08e-04
12:49:37 INFO   e3 step  2500/3462  loss=0.1615  acc=0.9913  lr0=2.06e-06 lr1=1.03e-04
12:49:42 INFO   e3 step  2550/3462  loss=0.1613  acc=0.9913  lr0=1.95e-06 lr1=9.76e-05
12:49:46 INFO   e3 step  2600/3462  loss=0.1614  acc=0.9912  lr0=1.84e-06 lr1=9.22e-05
12:49:51 INFO   e3 step  2650/3462  loss=0.1615  acc=0.9912  lr0=1.74e-06 lr1=8.69e-05
12:49:55 INFO   e3 step  2700/3462  loss=0.1615  acc=0.9912  lr0=1.63e-06 lr1=8.15e-05
12:50:00 INFO   e3 step  2750/3462  loss=0.1615  acc=0.9912  lr0=1.52e-06 lr1=7.62e-05
12:50:04 INFO   e3 step  2800/3462  loss=0.1614  acc=0.9912  lr0=1.42e-06 lr1=7.08e-05
12:50:08 INFO   e3 step  2850/3462  loss=0.1614  acc=0.9912  lr0=1.31e-06 lr1=6.55e-05
12:50:12 INFO   e3 step  2900/3462  loss=0.1611  acc=0.9913  lr0=1.20e-06 lr1=6.01e-05
12:50:17 INFO   e3 step  2950/3462  loss=0.1611  acc=0.9913  lr0=1.10e-06 lr1=5.48e-05
12:50:21 INFO   e3 step  3000/3462  loss=0.1613  acc=0.9912  lr0=9.88e-07 lr1=4.94e-05
12:50:25 INFO   e3 step  3050/3462  loss=0.1613  acc=0.9912  lr0=8.81e-07 lr1=4.41e-05
12:50:30 INFO   e3 step  3100/3462  loss=0.1613  acc=0.9912  lr0=7.74e-07 lr1=3.87e-05
12:50:35 INFO   e3 step  3150/3462  loss=0.1613  acc=0.9912  lr0=6.68e-07 lr1=3.34e-05
12:50:39 INFO   e3 step  3200/3462  loss=0.1613  acc=0.9912  lr0=5.61e-07 lr1=2.80e-05
12:50:43 INFO   e3 step  3250/3462  loss=0.1612  acc=0.9912  lr0=4.54e-07 lr1=2.27e-05
12:50:48 INFO   e3 step  3300/3462  loss=0.1613  acc=0.9912  lr0=3.47e-07 lr1=1.73e-05
12:50:52 INFO   e3 step  3350/3462  loss=0.1613  acc=0.9912  lr0=2.40e-07 lr1=1.20e-05
12:50:56 INFO   e3 step  3400/3462  loss=0.1614  acc=0.9912  lr0=1.33e-07 lr1=6.63e-06
12:51:01 INFO   e3 step  3450/3462  loss=0.1612  acc=0.9912  lr0=2.57e-08 lr1=1.28e-06
12:51:06 INFO [epoch 3] train_loss=0.1612 train_acc=0.9912  val_loss=0.6536 val_acc=0.8912 val_auc=0.9230  elapsed=306.8s
12:51:06 INFO loading best.pt for test eval
12:51:11 INFO [test] loss=0.6042  acc=0.8759  auc=0.9047  f1=0.8745
12:51:11 INFO [test] per-tier-pair accuracy:
12:51:11 INFO         T1-T2  n=    2  acc=0.0000
12:51:11 INFO         T1-T3  n=   10  acc=0.6000
12:51:11 INFO         T1-T4  n=    8  acc=1.0000
12:51:11 INFO         T1-T5  n=   20  acc=0.9000
12:51:11 INFO         T1-T6  n=   64  acc=0.8125
12:51:11 INFO         T1-T7  n=    6  acc=1.0000
12:51:11 INFO         T1-T8  n=   36  acc=0.9444
12:51:11 INFO         T1-T9  n=   12  acc=1.0000
12:51:11 INFO        T1-T10  n=    4  acc=1.0000
12:51:11 INFO        T1-T11  n=   24  acc=1.0000
12:51:11 INFO        T1-T12  n=    8  acc=1.0000
12:51:11 INFO        T1-T13  n=    8  acc=1.0000
12:51:11 INFO        T1-T14  n=    2  acc=1.0000
12:51:11 INFO        T1-T15  n=   28  acc=0.9643
12:51:11 INFO         T2-T3  n=    5  acc=1.0000
12:51:11 INFO         T2-T4  n=    4  acc=1.0000
12:51:11 INFO         T2-T5  n=   10  acc=1.0000
12:51:11 INFO         T2-T6  n=   32  acc=1.0000
12:51:11 INFO         T2-T7  n=    3  acc=1.0000
12:51:11 INFO         T2-T8  n=   18  acc=1.0000
12:51:11 INFO         T2-T9  n=    6  acc=1.0000
12:51:11 INFO        T2-T10  n=    2  acc=1.0000
12:51:11 INFO        T2-T11  n=   12  acc=1.0000
12:51:11 INFO        T2-T12  n=    4  acc=1.0000
12:51:11 INFO        T2-T13  n=    4  acc=1.0000
12:51:11 INFO        T2-T14  n=    1  acc=1.0000
12:51:11 INFO        T2-T15  n=   14  acc=1.0000
12:51:11 INFO         T3-T4  n=   20  acc=0.7500
12:51:11 INFO         T3-T5  n=   50  acc=0.5200
12:51:11 INFO         T3-T6  n=  160  acc=0.5938
12:51:11 INFO         T3-T7  n=   15  acc=0.6667
12:51:11 INFO         T3-T8  n=   90  acc=0.6000
12:51:11 INFO         T3-T9  n=   30  acc=0.5667
12:51:11 INFO        T3-T10  n=   10  acc=0.5000
12:51:11 INFO        T3-T11  n=   60  acc=0.8500
12:51:11 INFO        T3-T12  n=   20  acc=0.9500
12:51:11 INFO        T3-T13  n=   20  acc=1.0000
12:51:11 INFO        T3-T14  n=    5  acc=0.8000
12:51:11 INFO        T3-T15  n=   70  acc=0.9571
12:51:11 INFO         T4-T5  n=   40  acc=0.4000
12:51:11 INFO         T4-T6  n=  128  acc=0.6328
12:51:11 INFO         T4-T7  n=   12  acc=0.7500
12:51:11 INFO         T4-T8  n=   72  acc=0.7361
12:51:11 INFO         T4-T9  n=   24  acc=0.7500
12:51:11 INFO        T4-T10  n=    8  acc=0.8750
12:51:11 INFO        T4-T11  n=   48  acc=0.8333
12:51:11 INFO        T4-T12  n=   16  acc=1.0000
12:51:11 INFO        T4-T13  n=   16  acc=0.9375
12:51:11 INFO        T4-T14  n=    4  acc=0.7500
12:51:11 INFO        T4-T15  n=   56  acc=0.8750
12:51:11 INFO         T5-T6  n=  320  acc=0.8406
12:51:11 INFO         T5-T7  n=   30  acc=1.0000
12:51:11 INFO         T5-T8  n=  180  acc=0.9944
12:51:11 INFO         T5-T9  n=   60  acc=1.0000
12:51:11 INFO        T5-T10  n=   20  acc=1.0000
12:51:11 INFO        T5-T11  n=  120  acc=0.9750
12:51:11 INFO        T5-T12  n=   40  acc=1.0000
12:51:11 INFO        T5-T13  n=   40  acc=1.0000
12:51:11 INFO        T5-T14  n=   10  acc=1.0000
12:51:11 INFO        T5-T15  n=  140  acc=0.9286
12:51:11 INFO         T6-T7  n=   96  acc=0.9271
12:51:11 INFO         T6-T8  n=  576  acc=0.9271
12:51:11 INFO         T6-T9  n=  192  acc=0.9479
12:51:11 INFO        T6-T10  n=   64  acc=0.9375
12:51:11 INFO        T6-T11  n=  384  acc=0.9453
12:51:11 INFO        T6-T12  n=  128  acc=0.9922
12:51:11 INFO        T6-T13  n=  128  acc=1.0000
12:51:11 INFO        T6-T14  n=   32  acc=0.9375
12:51:11 INFO        T6-T15  n=  448  acc=0.9263
12:51:11 INFO         T7-T8  n=   54  acc=0.6296
12:51:11 INFO         T7-T9  n=   18  acc=0.6667
12:51:11 INFO        T7-T10  n=    6  acc=0.6667
12:51:11 INFO        T7-T11  n=   36  acc=0.6111
12:51:11 INFO        T7-T12  n=   12  acc=0.6667
12:51:11 INFO        T7-T13  n=   12  acc=0.6667
12:51:11 INFO        T7-T14  n=    3  acc=0.6667
12:51:11 INFO        T7-T15  n=   42  acc=0.8810
12:51:11 INFO         T8-T9  n=  108  acc=0.8704
12:51:11 INFO        T8-T10  n=   36  acc=0.9722
12:51:11 INFO        T8-T11  n=  216  acc=0.8750
12:51:11 INFO        T8-T12  n=   72  acc=1.0000
12:51:11 INFO        T8-T13  n=   72  acc=1.0000
12:51:11 INFO        T8-T14  n=   18  acc=0.2222
12:51:11 INFO        T8-T15  n=  252  acc=0.8929
12:51:11 INFO        T9-T10  n=   12  acc=0.9167
12:51:11 INFO        T9-T11  n=   72  acc=0.8194
12:51:11 INFO        T9-T12  n=   24  acc=1.0000
12:51:11 INFO        T9-T13  n=   24  acc=1.0000
12:51:11 INFO        T9-T14  n=    6  acc=0.0000
12:51:11 INFO        T9-T15  n=   84  acc=0.8929
12:51:11 INFO       T10-T11  n=   24  acc=0.7500
12:51:11 INFO       T10-T12  n=    8  acc=1.0000
12:51:11 INFO       T10-T13  n=    8  acc=1.0000
12:51:11 INFO       T10-T14  n=    2  acc=0.0000
12:51:11 INFO       T10-T15  n=   28  acc=0.8929
12:51:11 INFO       T11-T12  n=   48  acc=0.7292
12:51:11 INFO       T11-T13  n=   48  acc=1.0000
12:51:11 INFO       T11-T14  n=   12  acc=0.0833
12:51:11 INFO       T11-T15  n=  168  acc=0.8690
12:51:11 INFO       T12-T13  n=   16  acc=0.9375
12:51:11 INFO       T12-T14  n=    4  acc=0.0000
12:51:11 INFO       T12-T15  n=   56  acc=0.8214
12:51:11 INFO       T13-T14  n=    4  acc=0.0000
12:51:11 INFO       T13-T15  n=   56  acc=0.8571
12:51:11 INFO       T14-T15  n=   14  acc=0.9286
12:51:11 INFO [done] results in runs/classifier/mlp_bge_small_new_exponential
