07:41:39 INFO run_dir=/mnt/localssd/crossencoder_sweep/runs/aep_causal_wf_v3/e5-large-v2
07:41:39 INFO device=cuda:0  bf16=True  physical_gpu=3  CUDA_VISIBLE_DEVICES=3
07:41:39 INFO dataset=aep_causal_wf_v3  model=e5-large-v2  backbone=intfloat/e5-large-v2
07:41:39 INFO tokenizer <- intfloat/e5-large-v2
07:41:40 INFO split files: ['directional_train.jsonl', 'directional_val.jsonl', 'directional_test.jsonl']
07:41:40 INFO scanning max JOINT token length across all splits ...
07:41:48 INFO   observed_max_joint=512 -> max_seq_len=512 (cap=512, scan=8.0s)
07:41:48 INFO loading datasets ...
07:41:48 INFO   schema=standard  train=21287  val=327  test=318
07:41:48 INFO building CrossEncoderClassifier  backbone=intfloat/e5-large-v2
07:41:49 INFO   hidden_size=1024  trainable_params=335,142,913
07:41:49 INFO   total_steps=5324  warmup_steps=532
07:41:56 INFO   e1 step    50/1331  loss=0.7358  acc=0.5112  lr0=1.88e-06 lr1=9.40e-05
07:42:01 INFO   e1 step   100/1331  loss=0.7415  acc=0.5125  lr0=3.76e-06 lr1=1.88e-04
07:42:06 INFO   e1 step   150/1331  loss=0.7496  acc=0.4983  lr0=5.64e-06 lr1=2.82e-04
07:42:11 INFO   e1 step   200/1331  loss=0.7481  acc=0.4919  lr0=7.52e-06 lr1=3.76e-04
07:42:16 INFO   e1 step   250/1331  loss=0.7475  acc=0.4860  lr0=9.40e-06 lr1=4.70e-04
07:42:21 INFO   e1 step   300/1331  loss=0.7535  acc=0.4823  lr0=1.13e-05 lr1=5.64e-04
07:42:26 INFO   e1 step   350/1331  loss=0.7545  acc=0.4875  lr0=1.32e-05 lr1=6.58e-04
07:42:31 INFO   e1 step   400/1331  loss=0.7569  acc=0.4863  lr0=1.50e-05 lr1=7.52e-04
07:42:36 INFO   e1 step   450/1331  loss=0.7540  acc=0.4854  lr0=1.69e-05 lr1=8.46e-04
07:42:41 INFO   e1 step   500/1331  loss=0.7518  acc=0.4869  lr0=1.88e-05 lr1=9.40e-04
07:42:46 INFO   e1 step   550/1331  loss=0.7498  acc=0.4867  lr0=1.99e-05 lr1=9.96e-04
07:42:52 INFO   e1 step   600/1331  loss=0.7508  acc=0.4869  lr0=1.97e-05 lr1=9.86e-04
07:42:57 INFO   e1 step   650/1331  loss=0.7480  acc=0.4906  lr0=1.95e-05 lr1=9.75e-04
07:43:02 INFO   e1 step   700/1331  loss=0.7465  acc=0.4918  lr0=1.93e-05 lr1=9.65e-04
07:43:07 INFO   e1 step   750/1331  loss=0.7472  acc=0.4904  lr0=1.91e-05 lr1=9.55e-04
07:43:12 INFO   e1 step   800/1331  loss=0.7492  acc=0.4904  lr0=1.89e-05 lr1=9.44e-04
07:43:17 INFO   e1 step   850/1331  loss=0.7489  acc=0.4894  lr0=1.87e-05 lr1=9.34e-04
07:43:22 INFO   e1 step   900/1331  loss=0.7490  acc=0.4883  lr0=1.85e-05 lr1=9.23e-04
07:43:28 INFO   e1 step   950/1331  loss=0.7486  acc=0.4882  lr0=1.83e-05 lr1=9.13e-04
07:43:33 INFO   e1 step  1000/1331  loss=0.7492  acc=0.4902  lr0=1.80e-05 lr1=9.02e-04
07:43:38 INFO   e1 step  1050/1331  loss=0.7480  acc=0.4913  lr0=1.78e-05 lr1=8.92e-04
07:43:43 INFO   e1 step  1100/1331  loss=0.7477  acc=0.4908  lr0=1.76e-05 lr1=8.81e-04
07:43:48 INFO   e1 step  1150/1331  loss=0.7463  acc=0.4908  lr0=1.74e-05 lr1=8.71e-04
07:43:54 INFO   e1 step  1200/1331  loss=0.7451  acc=0.4927  lr0=1.72e-05 lr1=8.61e-04
07:43:59 INFO   e1 step  1250/1331  loss=0.7450  acc=0.4925  lr0=1.70e-05 lr1=8.50e-04
07:44:04 INFO   e1 step  1300/1331  loss=0.7442  acc=0.4925  lr0=1.68e-05 lr1=8.40e-04
07:44:08 INFO [epoch 1] train_loss=0.7443 train_acc=0.4923  val_loss=0.6995 val_acc=0.4587 val_auc=0.4708  elapsed=139.0s
07:44:10 INFO   saved best.pt  val_acc=0.4587
07:44:15 INFO   e2 step    50/1331  loss=0.7152  acc=0.5188  lr0=1.65e-05 lr1=8.23e-04
07:44:21 INFO   e2 step   100/1331  loss=0.7168  acc=0.5100  lr0=1.62e-05 lr1=8.12e-04
07:44:26 INFO   e2 step   150/1331  loss=0.7235  acc=0.5017  lr0=1.60e-05 lr1=8.02e-04
07:44:31 INFO   e2 step   200/1331  loss=0.7233  acc=0.5031  lr0=1.58e-05 lr1=7.92e-04
07:44:36 INFO   e2 step   250/1331  loss=0.7265  acc=0.5022  lr0=1.56e-05 lr1=7.81e-04
07:44:41 INFO   e2 step   300/1331  loss=0.7242  acc=0.5052  lr0=1.54e-05 lr1=7.71e-04
07:44:46 INFO   e2 step   350/1331  loss=0.7259  acc=0.5045  lr0=1.52e-05 lr1=7.60e-04
07:44:52 INFO   e2 step   400/1331  loss=0.7241  acc=0.5034  lr0=1.50e-05 lr1=7.50e-04
07:44:57 INFO   e2 step   450/1331  loss=0.7233  acc=0.5004  lr0=1.48e-05 lr1=7.39e-04
07:45:02 INFO   e2 step   500/1331  loss=0.7224  acc=0.5020  lr0=1.46e-05 lr1=7.29e-04
07:45:07 INFO   e2 step   550/1331  loss=0.7236  acc=0.4984  lr0=1.44e-05 lr1=7.18e-04
07:45:12 INFO   e2 step   600/1331  loss=0.7227  acc=0.4983  lr0=1.42e-05 lr1=7.08e-04
07:45:17 INFO   e2 step   650/1331  loss=0.7212  acc=0.4993  lr0=1.40e-05 lr1=6.98e-04
07:45:22 INFO   e2 step   700/1331  loss=0.7208  acc=0.4975  lr0=1.37e-05 lr1=6.87e-04
07:45:28 INFO   e2 step   750/1331  loss=0.7205  acc=0.4975  lr0=1.35e-05 lr1=6.77e-04
07:45:33 INFO   e2 step   800/1331  loss=0.7202  acc=0.4954  lr0=1.33e-05 lr1=6.66e-04
07:45:38 INFO   e2 step   850/1331  loss=0.7206  acc=0.4937  lr0=1.31e-05 lr1=6.56e-04
07:45:43 INFO   e2 step   900/1331  loss=0.7200  acc=0.4935  lr0=1.29e-05 lr1=6.45e-04
07:45:48 INFO   e2 step   950/1331  loss=0.7191  acc=0.4943  lr0=1.27e-05 lr1=6.35e-04
07:45:53 INFO   e2 step  1000/1331  loss=0.7187  acc=0.4943  lr0=1.25e-05 lr1=6.25e-04
07:45:58 INFO   e2 step  1050/1331  loss=0.7189  acc=0.4948  lr0=1.23e-05 lr1=6.14e-04
07:46:03 INFO   e2 step  1100/1331  loss=0.7193  acc=0.4941  lr0=1.21e-05 lr1=6.04e-04
07:46:09 INFO   e2 step  1150/1331  loss=0.7188  acc=0.4945  lr0=1.19e-05 lr1=5.93e-04
07:46:14 INFO   e2 step  1200/1331  loss=0.7182  acc=0.4949  lr0=1.17e-05 lr1=5.83e-04
07:46:19 INFO   e2 step  1250/1331  loss=0.7180  acc=0.4955  lr0=1.14e-05 lr1=5.72e-04
07:46:24 INFO   e2 step  1300/1331  loss=0.7174  acc=0.4956  lr0=1.12e-05 lr1=5.62e-04
07:46:28 INFO [epoch 2] train_loss=0.7175 train_acc=0.4950  val_loss=0.7109 val_acc=0.4587 val_auc=0.4944  elapsed=137.9s
07:46:33 INFO   e3 step    50/1331  loss=0.6952  acc=0.5413  lr0=1.09e-05 lr1=5.45e-04
07:46:38 INFO   e3 step   100/1331  loss=0.7008  acc=0.5194  lr0=1.07e-05 lr1=5.35e-04
07:46:43 INFO   e3 step   150/1331  loss=0.7093  acc=0.5008  lr0=1.05e-05 lr1=5.24e-04
07:46:49 INFO   e3 step   200/1331  loss=0.7091  acc=0.4966  lr0=1.03e-05 lr1=5.14e-04
07:46:54 INFO   e3 step   250/1331  loss=0.7079  acc=0.4978  lr0=1.01e-05 lr1=5.03e-04
07:46:59 INFO   e3 step   300/1331  loss=0.7100  acc=0.5012  lr0=9.86e-06 lr1=4.93e-04
07:47:04 INFO   e3 step   350/1331  loss=0.7102  acc=0.5012  lr0=9.65e-06 lr1=4.82e-04
07:47:09 INFO   e3 step   400/1331  loss=0.7095  acc=0.4997  lr0=9.44e-06 lr1=4.72e-04
07:47:14 INFO   e3 step   450/1331  loss=0.7088  acc=0.4997  lr0=9.23e-06 lr1=4.62e-04
07:47:19 INFO   e3 step   500/1331  loss=0.7092  acc=0.4958  lr0=9.02e-06 lr1=4.51e-04
07:47:24 INFO   e3 step   550/1331  loss=0.7088  acc=0.4940  lr0=8.81e-06 lr1=4.41e-04
07:47:30 INFO   e3 step   600/1331  loss=0.7081  acc=0.4971  lr0=8.61e-06 lr1=4.30e-04
07:47:35 INFO   e3 step   650/1331  loss=0.7081  acc=0.4964  lr0=8.40e-06 lr1=4.20e-04
07:47:40 INFO   e3 step   700/1331  loss=0.7079  acc=0.4940  lr0=8.19e-06 lr1=4.09e-04
07:47:45 INFO   e3 step   750/1331  loss=0.7085  acc=0.4935  lr0=7.98e-06 lr1=3.99e-04
07:47:50 INFO   e3 step   800/1331  loss=0.7087  acc=0.4930  lr0=7.77e-06 lr1=3.89e-04
07:47:55 INFO   e3 step   850/1331  loss=0.7088  acc=0.4924  lr0=7.56e-06 lr1=3.78e-04
07:48:00 INFO   e3 step   900/1331  loss=0.7086  acc=0.4922  lr0=7.35e-06 lr1=3.68e-04
07:48:05 INFO   e3 step   950/1331  loss=0.7086  acc=0.4924  lr0=7.15e-06 lr1=3.57e-04
07:48:11 INFO   e3 step  1000/1331  loss=0.7080  acc=0.4939  lr0=6.94e-06 lr1=3.47e-04
07:48:16 INFO   e3 step  1050/1331  loss=0.7077  acc=0.4945  lr0=6.73e-06 lr1=3.36e-04
07:48:21 INFO   e3 step  1100/1331  loss=0.7079  acc=0.4949  lr0=6.52e-06 lr1=3.26e-04
07:48:26 INFO   e3 step  1150/1331  loss=0.7075  acc=0.4949  lr0=6.31e-06 lr1=3.16e-04
07:48:31 INFO   e3 step  1200/1331  loss=0.7074  acc=0.4953  lr0=6.10e-06 lr1=3.05e-04
07:48:37 INFO   e3 step  1250/1331  loss=0.7072  acc=0.4948  lr0=5.89e-06 lr1=2.95e-04
07:48:42 INFO   e3 step  1300/1331  loss=0.7068  acc=0.4961  lr0=5.68e-06 lr1=2.84e-04
07:48:46 INFO [epoch 3] train_loss=0.7069 train_acc=0.4953  val_loss=0.6898 val_acc=0.5413 val_auc=0.5000  elapsed=138.1s
07:48:48 INFO   saved best.pt  val_acc=0.5413
07:48:53 INFO   e4 step    50/1331  loss=0.7045  acc=0.5050  lr0=5.35e-06 lr1=2.67e-04
07:48:58 INFO   e4 step   100/1331  loss=0.7053  acc=0.4944  lr0=5.14e-06 lr1=2.57e-04
07:49:03 INFO   e4 step   150/1331  loss=0.7039  acc=0.4967  lr0=4.93e-06 lr1=2.46e-04
07:49:09 INFO   e4 step   200/1331  loss=0.7035  acc=0.4950  lr0=4.72e-06 lr1=2.36e-04
07:49:14 INFO   e4 step   250/1331  loss=0.7025  acc=0.4963  lr0=4.51e-06 lr1=2.26e-04
07:49:19 INFO   e4 step   300/1331  loss=0.7010  acc=0.4994  lr0=4.30e-06 lr1=2.15e-04
07:49:25 INFO   e4 step   350/1331  loss=0.7011  acc=0.4984  lr0=4.09e-06 lr1=2.05e-04
07:49:30 INFO   e4 step   400/1331  loss=0.7008  acc=0.5005  lr0=3.89e-06 lr1=1.94e-04
07:49:35 INFO   e4 step   450/1331  loss=0.7009  acc=0.5011  lr0=3.68e-06 lr1=1.84e-04
07:49:41 INFO   e4 step   500/1331  loss=0.7009  acc=0.5014  lr0=3.47e-06 lr1=1.73e-04
07:49:46 INFO   e4 step   550/1331  loss=0.7015  acc=0.4974  lr0=3.26e-06 lr1=1.63e-04
07:49:51 INFO   e4 step   600/1331  loss=0.7010  acc=0.4996  lr0=3.05e-06 lr1=1.53e-04
07:49:56 INFO   e4 step   650/1331  loss=0.7006  acc=0.5006  lr0=2.84e-06 lr1=1.42e-04
07:50:01 INFO   e4 step   700/1331  loss=0.7002  acc=0.5018  lr0=2.63e-06 lr1=1.32e-04
07:50:06 INFO   e4 step   750/1331  loss=0.7001  acc=0.5013  lr0=2.42e-06 lr1=1.21e-04
07:50:11 INFO   e4 step   800/1331  loss=0.6998  acc=0.5021  lr0=2.22e-06 lr1=1.11e-04
07:50:16 INFO   e4 step   850/1331  loss=0.6998  acc=0.5011  lr0=2.01e-06 lr1=1.00e-04
07:50:22 INFO   e4 step   900/1331  loss=0.6998  acc=0.5014  lr0=1.80e-06 lr1=8.99e-05
07:50:27 INFO   e4 step   950/1331  loss=0.6995  acc=0.5032  lr0=1.59e-06 lr1=7.95e-05
07:50:32 INFO   e4 step  1000/1331  loss=0.6994  acc=0.5025  lr0=1.38e-06 lr1=6.91e-05
07:50:38 INFO   e4 step  1050/1331  loss=0.6995  acc=0.5011  lr0=1.17e-06 lr1=5.86e-05
07:50:43 INFO   e4 step  1100/1331  loss=0.6994  acc=0.5010  lr0=9.64e-07 lr1=4.82e-05
07:50:48 INFO   e4 step  1150/1331  loss=0.6993  acc=0.5017  lr0=7.55e-07 lr1=3.78e-05
07:50:53 INFO   e4 step  1200/1331  loss=0.6994  acc=0.5008  lr0=5.47e-07 lr1=2.73e-05
07:50:58 INFO   e4 step  1250/1331  loss=0.6992  acc=0.5014  lr0=3.38e-07 lr1=1.69e-05
07:51:03 INFO   e4 step  1300/1331  loss=0.6992  acc=0.5015  lr0=1.29e-07 lr1=6.47e-06
07:51:07 INFO [epoch 4] train_loss=0.6991 train_acc=0.5014  val_loss=0.6934 val_acc=0.4587 val_auc=0.5000  elapsed=139.3s
07:51:09 INFO loading best.pt for test eval
07:51:10 INFO [test] loss=0.7036  acc=0.4654  auc=0.5000  f1=0.6352
07:51:10 INFO [done] run_summary.json written to /mnt/localssd/crossencoder_sweep/runs/aep_causal_wf_v3/e5-large-v2
