11:48:18 INFO run_dir=runs/classifier/new_ajo_workflows_3
11:48:18 INFO device=cuda  bf16=True
11:48:18 INFO tokenizer <- BAAI/bge-small-en-v1.5
11:48:19 INFO max_seq_len=524 exceeds model cap 512; clamping to 512
11:48:19 INFO max_seq_len=512 (user-provided)
11:48:19 INFO loading datasets
11:50:23 INFO run_dir=runs/classifier/new_ajo_workflows_3
11:50:23 INFO device=cuda  bf16=True
11:50:23 INFO tokenizer <- BAAI/bge-small-en-v1.5
11:50:24 INFO max_seq_len=524 exceeds model cap 512; clamping to 512
11:50:24 INFO max_seq_len=512 (user-provided)
11:50:24 INFO loading datasets
11:50:24 INFO   train=92972  val=6294  test=6258
11:50:24 INFO building DirectionalClassifier on BAAI/bge-small-en-v1.5  head_cfg={'head_type': 'mlp', 'hidden_dims': [512, 128], 'dropout': 0.1, 'activation': 'gelu', 'norm': 'layer'}  n_tiers=0
11:50:26 INFO   hidden_size=384  trainable_params=67,577,089
11:50:26 INFO   total_steps=29060  warmup_steps=2906
11:50:34 INFO   e1 step    50/2906  loss=0.7981  acc=0.5500  lr0=3.44e-07 lr1=1.72e-05
11:50:40 INFO   e1 step   100/2906  loss=0.7684  acc=0.5659  lr0=6.88e-07 lr1=3.44e-05
11:50:46 INFO   e1 step   150/2906  loss=0.7365  acc=0.5850  lr0=1.03e-06 lr1=5.16e-05
11:50:53 INFO   e1 step   200/2906  loss=0.7041  acc=0.6077  lr0=1.38e-06 lr1=6.88e-05
11:50:59 INFO   e1 step   250/2906  loss=0.6789  acc=0.6219  lr0=1.72e-06 lr1=8.60e-05
11:51:06 INFO   e1 step   300/2906  loss=0.6623  acc=0.6305  lr0=2.06e-06 lr1=1.03e-04
11:51:12 INFO   e1 step   350/2906  loss=0.6433  acc=0.6419  lr0=2.41e-06 lr1=1.20e-04
11:51:18 INFO   e1 step   400/2906  loss=0.6303  acc=0.6497  lr0=2.75e-06 lr1=1.38e-04
11:51:24 INFO   e1 step   450/2906  loss=0.6156  acc=0.6583  lr0=3.10e-06 lr1=1.55e-04
11:51:30 INFO   e1 step   500/2906  loss=0.6055  acc=0.6643  lr0=3.44e-06 lr1=1.72e-04
11:51:36 INFO   e1 step   550/2906  loss=0.5926  acc=0.6727  lr0=3.79e-06 lr1=1.89e-04
11:51:43 INFO   e1 step   600/2906  loss=0.5840  acc=0.6778  lr0=4.13e-06 lr1=2.06e-04
11:51:49 INFO   e1 step   650/2906  loss=0.5755  acc=0.6835  lr0=4.47e-06 lr1=2.24e-04
11:51:55 INFO   e1 step   700/2906  loss=0.5673  acc=0.6882  lr0=4.82e-06 lr1=2.41e-04
11:52:01 INFO   e1 step   750/2906  loss=0.5601  acc=0.6926  lr0=5.16e-06 lr1=2.58e-04
11:52:07 INFO   e1 step   800/2906  loss=0.5519  acc=0.6981  lr0=5.51e-06 lr1=2.75e-04
11:52:13 INFO   e1 step   850/2906  loss=0.5449  acc=0.7018  lr0=5.85e-06 lr1=2.92e-04
11:52:19 INFO   e1 step   900/2906  loss=0.5375  acc=0.7063  lr0=6.19e-06 lr1=3.10e-04
11:52:26 INFO   e1 step   950/2906  loss=0.5303  acc=0.7110  lr0=6.54e-06 lr1=3.27e-04
11:52:32 INFO   e1 step  1000/2906  loss=0.5239  acc=0.7149  lr0=6.88e-06 lr1=3.44e-04
11:52:38 INFO   e1 step  1050/2906  loss=0.5177  acc=0.7194  lr0=7.23e-06 lr1=3.61e-04
11:52:44 INFO   e1 step  1100/2906  loss=0.5111  acc=0.7240  lr0=7.57e-06 lr1=3.79e-04
11:52:50 INFO   e1 step  1150/2906  loss=0.5057  acc=0.7268  lr0=7.91e-06 lr1=3.96e-04
11:52:57 INFO   e1 step  1200/2906  loss=0.5001  acc=0.7308  lr0=8.26e-06 lr1=4.13e-04
11:53:03 INFO   e1 step  1250/2906  loss=0.4957  acc=0.7338  lr0=8.60e-06 lr1=4.30e-04
11:53:09 INFO   e1 step  1300/2906  loss=0.4906  acc=0.7371  lr0=8.95e-06 lr1=4.47e-04
11:53:16 INFO   e1 step  1350/2906  loss=0.4851  acc=0.7404  lr0=9.29e-06 lr1=4.65e-04
11:53:22 INFO   e1 step  1400/2906  loss=0.4803  acc=0.7438  lr0=9.64e-06 lr1=4.82e-04
11:53:28 INFO   e1 step  1450/2906  loss=0.4746  acc=0.7473  lr0=9.98e-06 lr1=4.99e-04
11:53:34 INFO   e1 step  1500/2906  loss=0.4702  acc=0.7500  lr0=1.03e-05 lr1=5.16e-04
11:53:40 INFO   e1 step  1550/2906  loss=0.4650  acc=0.7534  lr0=1.07e-05 lr1=5.33e-04
11:53:46 INFO   e1 step  1600/2906  loss=0.4619  acc=0.7555  lr0=1.10e-05 lr1=5.51e-04
11:53:52 INFO   e1 step  1650/2906  loss=0.4578  acc=0.7582  lr0=1.14e-05 lr1=5.68e-04
11:53:58 INFO   e1 step  1700/2906  loss=0.4539  acc=0.7606  lr0=1.17e-05 lr1=5.85e-04
11:54:04 INFO   e1 step  1750/2906  loss=0.4492  acc=0.7635  lr0=1.20e-05 lr1=6.02e-04
11:54:11 INFO   e1 step  1800/2906  loss=0.4452  acc=0.7660  lr0=1.24e-05 lr1=6.19e-04
11:54:17 INFO   e1 step  1850/2906  loss=0.4413  acc=0.7682  lr0=1.27e-05 lr1=6.37e-04
11:54:23 INFO   e1 step  1900/2906  loss=0.4370  acc=0.7711  lr0=1.31e-05 lr1=6.54e-04
11:54:29 INFO   e1 step  1950/2906  loss=0.4328  acc=0.7737  lr0=1.34e-05 lr1=6.71e-04
11:54:36 INFO   e1 step  2000/2906  loss=0.4292  acc=0.7759  lr0=1.38e-05 lr1=6.88e-04
11:54:42 INFO   e1 step  2050/2906  loss=0.4255  acc=0.7784  lr0=1.41e-05 lr1=7.05e-04
11:54:48 INFO   e1 step  2100/2906  loss=0.4219  acc=0.7805  lr0=1.45e-05 lr1=7.23e-04
11:54:54 INFO   e1 step  2150/2906  loss=0.4183  acc=0.7827  lr0=1.48e-05 lr1=7.40e-04
11:55:01 INFO   e1 step  2200/2906  loss=0.4150  acc=0.7850  lr0=1.51e-05 lr1=7.57e-04
11:55:07 INFO   e1 step  2250/2906  loss=0.4117  acc=0.7870  lr0=1.55e-05 lr1=7.74e-04
11:55:13 INFO   e1 step  2300/2906  loss=0.4086  acc=0.7891  lr0=1.58e-05 lr1=7.91e-04
11:55:19 INFO   e1 step  2350/2906  loss=0.4058  acc=0.7908  lr0=1.62e-05 lr1=8.09e-04
11:55:26 INFO   e1 step  2400/2906  loss=0.4030  acc=0.7926  lr0=1.65e-05 lr1=8.26e-04
11:55:32 INFO   e1 step  2450/2906  loss=0.4000  acc=0.7946  lr0=1.69e-05 lr1=8.43e-04
11:55:39 INFO   e1 step  2500/2906  loss=0.3970  acc=0.7962  lr0=1.72e-05 lr1=8.60e-04
11:55:45 INFO   e1 step  2550/2906  loss=0.3941  acc=0.7981  lr0=1.75e-05 lr1=8.77e-04
11:55:51 INFO   e1 step  2600/2906  loss=0.3903  acc=0.8004  lr0=1.79e-05 lr1=8.95e-04
11:55:57 INFO   e1 step  2650/2906  loss=0.3878  acc=0.8021  lr0=1.82e-05 lr1=9.12e-04
11:56:03 INFO   e1 step  2700/2906  loss=0.3850  acc=0.8038  lr0=1.86e-05 lr1=9.29e-04
11:56:09 INFO   e1 step  2750/2906  loss=0.3822  acc=0.8055  lr0=1.89e-05 lr1=9.46e-04
11:56:16 INFO   e1 step  2800/2906  loss=0.3794  acc=0.8072  lr0=1.93e-05 lr1=9.64e-04
11:56:22 INFO   e1 step  2850/2906  loss=0.3766  acc=0.8088  lr0=1.96e-05 lr1=9.81e-04
11:56:28 INFO   e1 step  2900/2906  loss=0.3739  acc=0.8104  lr0=2.00e-05 lr1=9.98e-04
11:56:35 INFO [epoch 1] train_loss=0.3736 train_acc=0.8107  val_loss=0.8196 val_acc=0.6368 val_auc=0.7537  elapsed=368.6s
11:56:35 INFO   saved best.pt  val_acc=0.6368
11:56:41 INFO   e2 step    50/2906  loss=0.2400  acc=0.9038  lr0=2.00e-05 lr1=9.98e-04
11:56:48 INFO   e2 step   100/2906  loss=0.2188  acc=0.9066  lr0=1.99e-05 lr1=9.96e-04
11:56:54 INFO   e2 step   150/2906  loss=0.2109  acc=0.9108  lr0=1.99e-05 lr1=9.94e-04
11:57:00 INFO   e2 step   200/2906  loss=0.2137  acc=0.9102  lr0=1.98e-05 lr1=9.92e-04
11:57:06 INFO   e2 step   250/2906  loss=0.2163  acc=0.9091  lr0=1.98e-05 lr1=9.90e-04
11:57:12 INFO   e2 step   300/2906  loss=0.2140  acc=0.9104  lr0=1.98e-05 lr1=9.89e-04
11:57:18 INFO   e2 step   350/2906  loss=0.2076  acc=0.9128  lr0=1.97e-05 lr1=9.87e-04
11:57:24 INFO   e2 step   400/2906  loss=0.2061  acc=0.9133  lr0=1.97e-05 lr1=9.85e-04
11:57:31 INFO   e2 step   450/2906  loss=0.2038  acc=0.9133  lr0=1.97e-05 lr1=9.83e-04
11:57:37 INFO   e2 step   500/2906  loss=0.2006  acc=0.9151  lr0=1.96e-05 lr1=9.81e-04
11:57:43 INFO   e2 step   550/2906  loss=0.1991  acc=0.9156  lr0=1.96e-05 lr1=9.79e-04
11:57:48 INFO   e2 step   600/2906  loss=0.1976  acc=0.9165  lr0=1.95e-05 lr1=9.77e-04
11:57:55 INFO   e2 step   650/2906  loss=0.1949  acc=0.9179  lr0=1.95e-05 lr1=9.75e-04
11:58:01 INFO   e2 step   700/2906  loss=0.1938  acc=0.9189  lr0=1.95e-05 lr1=9.73e-04
11:58:08 INFO   e2 step   750/2906  loss=0.1923  acc=0.9197  lr0=1.94e-05 lr1=9.71e-04
11:58:14 INFO   e2 step   800/2906  loss=0.1906  acc=0.9200  lr0=1.94e-05 lr1=9.69e-04
11:58:21 INFO   e2 step   850/2906  loss=0.1884  acc=0.9211  lr0=1.94e-05 lr1=9.68e-04
11:58:27 INFO   e2 step   900/2906  loss=0.1853  acc=0.9224  lr0=1.93e-05 lr1=9.66e-04
11:58:33 INFO   e2 step   950/2906  loss=0.1840  acc=0.9230  lr0=1.93e-05 lr1=9.64e-04
11:58:39 INFO   e2 step  1000/2906  loss=0.1822  acc=0.9241  lr0=1.92e-05 lr1=9.62e-04
11:58:45 INFO   e2 step  1050/2906  loss=0.1808  acc=0.9250  lr0=1.92e-05 lr1=9.60e-04
11:58:51 INFO   e2 step  1100/2906  loss=0.1794  acc=0.9257  lr0=1.92e-05 lr1=9.58e-04
11:58:58 INFO   e2 step  1150/2906  loss=0.1771  acc=0.9267  lr0=1.91e-05 lr1=9.56e-04
11:59:04 INFO   e2 step  1200/2906  loss=0.1758  acc=0.9272  lr0=1.91e-05 lr1=9.54e-04
11:59:10 INFO   e2 step  1250/2906  loss=0.1736  acc=0.9284  lr0=1.90e-05 lr1=9.52e-04
11:59:16 INFO   e2 step  1300/2906  loss=0.1720  acc=0.9290  lr0=1.90e-05 lr1=9.50e-04
11:59:23 INFO   e2 step  1350/2906  loss=0.1705  acc=0.9295  lr0=1.90e-05 lr1=9.48e-04
11:59:29 INFO   e2 step  1400/2906  loss=0.1687  acc=0.9301  lr0=1.89e-05 lr1=9.46e-04
11:59:35 INFO   e2 step  1450/2906  loss=0.1667  acc=0.9309  lr0=1.89e-05 lr1=9.45e-04
11:59:41 INFO   e2 step  1500/2906  loss=0.1655  acc=0.9315  lr0=1.89e-05 lr1=9.43e-04
11:59:47 INFO   e2 step  1550/2906  loss=0.1639  acc=0.9323  lr0=1.88e-05 lr1=9.41e-04
11:59:53 INFO   e2 step  1600/2906  loss=0.1627  acc=0.9329  lr0=1.88e-05 lr1=9.39e-04
11:59:59 INFO   e2 step  1650/2906  loss=0.1613  acc=0.9337  lr0=1.87e-05 lr1=9.37e-04
12:00:06 INFO   e2 step  1700/2906  loss=0.1595  acc=0.9345  lr0=1.87e-05 lr1=9.35e-04
12:00:12 INFO   e2 step  1750/2906  loss=0.1580  acc=0.9352  lr0=1.87e-05 lr1=9.33e-04
12:00:18 INFO   e2 step  1800/2906  loss=0.1567  acc=0.9360  lr0=1.86e-05 lr1=9.31e-04
12:00:24 INFO   e2 step  1850/2906  loss=0.1558  acc=0.9365  lr0=1.86e-05 lr1=9.29e-04
12:00:31 INFO   e2 step  1900/2906  loss=0.1548  acc=0.9370  lr0=1.85e-05 lr1=9.27e-04
12:00:36 INFO   e2 step  1950/2906  loss=0.1532  acc=0.9377  lr0=1.85e-05 lr1=9.25e-04
12:00:43 INFO   e2 step  2000/2906  loss=0.1520  acc=0.9382  lr0=1.85e-05 lr1=9.24e-04
12:00:49 INFO   e2 step  2050/2906  loss=0.1507  acc=0.9387  lr0=1.84e-05 lr1=9.22e-04
12:00:55 INFO   e2 step  2100/2906  loss=0.1500  acc=0.9391  lr0=1.84e-05 lr1=9.20e-04
12:01:01 INFO   e2 step  2150/2906  loss=0.1487  acc=0.9395  lr0=1.84e-05 lr1=9.18e-04
12:01:08 INFO   e2 step  2200/2906  loss=0.1478  acc=0.9401  lr0=1.83e-05 lr1=9.16e-04
12:01:14 INFO   e2 step  2250/2906  loss=0.1468  acc=0.9405  lr0=1.83e-05 lr1=9.14e-04
12:01:20 INFO   e2 step  2300/2906  loss=0.1458  acc=0.9409  lr0=1.82e-05 lr1=9.12e-04
12:01:27 INFO   e2 step  2350/2906  loss=0.1447  acc=0.9414  lr0=1.82e-05 lr1=9.10e-04
12:01:33 INFO   e2 step  2400/2906  loss=0.1440  acc=0.9418  lr0=1.82e-05 lr1=9.08e-04
12:01:38 INFO   e2 step  2450/2906  loss=0.1430  acc=0.9422  lr0=1.81e-05 lr1=9.06e-04
12:01:45 INFO   e2 step  2500/2906  loss=0.1419  acc=0.9427  lr0=1.81e-05 lr1=9.04e-04
12:01:51 INFO   e2 step  2550/2906  loss=0.1414  acc=0.9430  lr0=1.81e-05 lr1=9.03e-04
12:01:57 INFO   e2 step  2600/2906  loss=0.1403  acc=0.9434  lr0=1.80e-05 lr1=9.01e-04
12:02:03 INFO   e2 step  2650/2906  loss=0.1392  acc=0.9439  lr0=1.80e-05 lr1=8.99e-04
12:02:09 INFO   e2 step  2700/2906  loss=0.1383  acc=0.9444  lr0=1.79e-05 lr1=8.97e-04
12:02:15 INFO   e2 step  2750/2906  loss=0.1371  acc=0.9449  lr0=1.79e-05 lr1=8.95e-04
12:02:22 INFO   e2 step  2800/2906  loss=0.1361  acc=0.9453  lr0=1.79e-05 lr1=8.93e-04
12:02:28 INFO   e2 step  2850/2906  loss=0.1352  acc=0.9457  lr0=1.78e-05 lr1=8.91e-04
12:02:34 INFO   e2 step  2900/2906  loss=0.1343  acc=0.9461  lr0=1.78e-05 lr1=8.89e-04
12:02:41 INFO [epoch 2] train_loss=0.1343 train_acc=0.9462  val_loss=1.0910 val_acc=0.7579 val_auc=0.8486  elapsed=365.8s
12:02:41 INFO   saved best.pt  val_acc=0.7579
12:02:48 INFO   e3 step    50/2906  loss=0.0621  acc=0.9738  lr0=1.77e-05 lr1=8.87e-04
12:02:54 INFO   e3 step   100/2906  loss=0.0609  acc=0.9766  lr0=1.77e-05 lr1=8.85e-04
12:02:59 INFO   e3 step   150/2906  loss=0.0622  acc=0.9773  lr0=1.77e-05 lr1=8.83e-04
12:03:06 INFO   e3 step   200/2906  loss=0.0634  acc=0.9773  lr0=1.76e-05 lr1=8.81e-04
12:03:12 INFO   e3 step   250/2906  loss=0.0625  acc=0.9771  lr0=1.76e-05 lr1=8.79e-04
12:03:18 INFO   e3 step   300/2906  loss=0.0649  acc=0.9766  lr0=1.75e-05 lr1=8.77e-04
12:03:24 INFO   e3 step   350/2906  loss=0.0654  acc=0.9764  lr0=1.75e-05 lr1=8.76e-04
12:03:31 INFO   e3 step   400/2906  loss=0.0674  acc=0.9757  lr0=1.75e-05 lr1=8.74e-04
12:03:37 INFO   e3 step   450/2906  loss=0.0682  acc=0.9751  lr0=1.74e-05 lr1=8.72e-04
12:03:43 INFO   e3 step   500/2906  loss=0.0701  acc=0.9744  lr0=1.74e-05 lr1=8.70e-04
12:03:49 INFO   e3 step   550/2906  loss=0.0691  acc=0.9745  lr0=1.74e-05 lr1=8.68e-04
12:03:55 INFO   e3 step   600/2906  loss=0.0703  acc=0.9742  lr0=1.73e-05 lr1=8.66e-04
12:04:02 INFO   e3 step   650/2906  loss=0.0709  acc=0.9741  lr0=1.73e-05 lr1=8.64e-04
12:04:08 INFO   e3 step   700/2906  loss=0.0699  acc=0.9744  lr0=1.72e-05 lr1=8.62e-04
12:04:14 INFO   e3 step   750/2906  loss=0.0686  acc=0.9749  lr0=1.72e-05 lr1=8.60e-04
12:04:21 INFO   e3 step   800/2906  loss=0.0671  acc=0.9754  lr0=1.72e-05 lr1=8.58e-04
12:04:27 INFO   e3 step   850/2906  loss=0.0673  acc=0.9753  lr0=1.71e-05 lr1=8.56e-04
12:04:33 INFO   e3 step   900/2906  loss=0.0676  acc=0.9752  lr0=1.71e-05 lr1=8.54e-04
12:04:40 INFO   e3 step   950/2906  loss=0.0686  acc=0.9751  lr0=1.71e-05 lr1=8.53e-04
12:04:46 INFO   e3 step  1000/2906  loss=0.0677  acc=0.9756  lr0=1.70e-05 lr1=8.51e-04
12:04:52 INFO   e3 step  1050/2906  loss=0.0667  acc=0.9761  lr0=1.70e-05 lr1=8.49e-04
12:04:58 INFO   e3 step  1100/2906  loss=0.0661  acc=0.9762  lr0=1.69e-05 lr1=8.47e-04
12:05:04 INFO   e3 step  1150/2906  loss=0.0663  acc=0.9762  lr0=1.69e-05 lr1=8.45e-04
12:05:11 INFO   e3 step  1200/2906  loss=0.0662  acc=0.9763  lr0=1.69e-05 lr1=8.43e-04
12:05:17 INFO   e3 step  1250/2906  loss=0.0662  acc=0.9763  lr0=1.68e-05 lr1=8.41e-04
12:05:23 INFO   e3 step  1300/2906  loss=0.0657  acc=0.9766  lr0=1.68e-05 lr1=8.39e-04
12:05:29 INFO   e3 step  1350/2906  loss=0.0653  acc=0.9769  lr0=1.67e-05 lr1=8.37e-04
12:05:35 INFO   e3 step  1400/2906  loss=0.0644  acc=0.9771  lr0=1.67e-05 lr1=8.35e-04
12:05:42 INFO   e3 step  1450/2906  loss=0.0639  acc=0.9773  lr0=1.67e-05 lr1=8.33e-04
12:05:48 INFO   e3 step  1500/2906  loss=0.0636  acc=0.9775  lr0=1.66e-05 lr1=8.32e-04
12:05:55 INFO   e3 step  1550/2906  loss=0.0631  acc=0.9776  lr0=1.66e-05 lr1=8.30e-04
12:06:01 INFO   e3 step  1600/2906  loss=0.0629  acc=0.9778  lr0=1.66e-05 lr1=8.28e-04
12:06:06 INFO   e3 step  1650/2906  loss=0.0631  acc=0.9777  lr0=1.65e-05 lr1=8.26e-04
12:06:13 INFO   e3 step  1700/2906  loss=0.0628  acc=0.9778  lr0=1.65e-05 lr1=8.24e-04
12:06:19 INFO   e3 step  1750/2906  loss=0.0630  acc=0.9779  lr0=1.64e-05 lr1=8.22e-04
12:06:25 INFO   e3 step  1800/2906  loss=0.0633  acc=0.9778  lr0=1.64e-05 lr1=8.20e-04
12:06:31 INFO   e3 step  1850/2906  loss=0.0630  acc=0.9778  lr0=1.64e-05 lr1=8.18e-04
12:06:36 INFO   e3 step  1900/2906  loss=0.0625  acc=0.9780  lr0=1.63e-05 lr1=8.16e-04
12:06:42 INFO   e3 step  1950/2906  loss=0.0622  acc=0.9781  lr0=1.63e-05 lr1=8.14e-04
12:06:48 INFO   e3 step  2000/2906  loss=0.0619  acc=0.9783  lr0=1.62e-05 lr1=8.12e-04
12:06:55 INFO   e3 step  2050/2906  loss=0.0611  acc=0.9786  lr0=1.62e-05 lr1=8.11e-04
12:07:00 INFO   e3 step  2100/2906  loss=0.0608  acc=0.9787  lr0=1.62e-05 lr1=8.09e-04
12:07:06 INFO   e3 step  2150/2906  loss=0.0604  acc=0.9788  lr0=1.61e-05 lr1=8.07e-04
12:07:13 INFO   e3 step  2200/2906  loss=0.0601  acc=0.9788  lr0=1.61e-05 lr1=8.05e-04
12:07:20 INFO   e3 step  2250/2906  loss=0.0598  acc=0.9788  lr0=1.61e-05 lr1=8.03e-04
12:07:25 INFO   e3 step  2300/2906  loss=0.0597  acc=0.9790  lr0=1.60e-05 lr1=8.01e-04
12:07:32 INFO   e3 step  2350/2906  loss=0.0595  acc=0.9790  lr0=1.60e-05 lr1=7.99e-04
12:07:38 INFO   e3 step  2400/2906  loss=0.0592  acc=0.9791  lr0=1.59e-05 lr1=7.97e-04
12:07:44 INFO   e3 step  2450/2906  loss=0.0591  acc=0.9792  lr0=1.59e-05 lr1=7.95e-04
12:07:51 INFO   e3 step  2500/2906  loss=0.0588  acc=0.9793  lr0=1.59e-05 lr1=7.93e-04
12:07:57 INFO   e3 step  2550/2906  loss=0.0585  acc=0.9794  lr0=1.58e-05 lr1=7.91e-04
12:08:03 INFO   e3 step  2600/2906  loss=0.0584  acc=0.9795  lr0=1.58e-05 lr1=7.89e-04
12:08:10 INFO   e3 step  2650/2906  loss=0.0583  acc=0.9796  lr0=1.58e-05 lr1=7.88e-04
12:08:16 INFO   e3 step  2700/2906  loss=0.0580  acc=0.9797  lr0=1.57e-05 lr1=7.86e-04
12:08:22 INFO   e3 step  2750/2906  loss=0.0577  acc=0.9797  lr0=1.57e-05 lr1=7.84e-04
12:08:28 INFO   e3 step  2800/2906  loss=0.0572  acc=0.9799  lr0=1.56e-05 lr1=7.82e-04
12:08:34 INFO   e3 step  2850/2906  loss=0.0567  acc=0.9801  lr0=1.56e-05 lr1=7.80e-04
12:08:40 INFO   e3 step  2900/2906  loss=0.0568  acc=0.9801  lr0=1.56e-05 lr1=7.78e-04
12:08:46 INFO [epoch 3] train_loss=0.0567 train_acc=0.9802  val_loss=1.6079 val_acc=0.7599 val_auc=0.8250  elapsed=365.1s
12:08:47 INFO   saved best.pt  val_acc=0.7599
12:08:54 INFO   e4 step    50/2906  loss=0.0483  acc=0.9856  lr0=1.55e-05 lr1=7.76e-04
12:09:00 INFO   e4 step   100/2906  loss=0.0412  acc=0.9859  lr0=1.55e-05 lr1=7.74e-04
12:09:06 INFO   e4 step   150/2906  loss=0.0439  acc=0.9854  lr0=1.54e-05 lr1=7.72e-04
12:09:12 INFO   e4 step   200/2906  loss=0.0418  acc=0.9858  lr0=1.54e-05 lr1=7.70e-04
12:09:18 INFO   e4 step   250/2906  loss=0.0411  acc=0.9865  lr0=1.54e-05 lr1=7.68e-04
12:09:25 INFO   e4 step   300/2906  loss=0.0405  acc=0.9869  lr0=1.53e-05 lr1=7.66e-04
12:09:31 INFO   e4 step   350/2906  loss=0.0402  acc=0.9873  lr0=1.53e-05 lr1=7.64e-04
12:09:37 INFO   e4 step   400/2906  loss=0.0402  acc=0.9872  lr0=1.52e-05 lr1=7.62e-04
12:09:43 INFO   e4 step   450/2906  loss=0.0403  acc=0.9871  lr0=1.52e-05 lr1=7.61e-04
12:09:50 INFO   e4 step   500/2906  loss=0.0391  acc=0.9876  lr0=1.52e-05 lr1=7.59e-04
12:09:56 INFO   e4 step   550/2906  loss=0.0389  acc=0.9876  lr0=1.51e-05 lr1=7.57e-04
12:10:02 INFO   e4 step   600/2906  loss=0.0384  acc=0.9879  lr0=1.51e-05 lr1=7.55e-04
12:10:08 INFO   e4 step   650/2906  loss=0.0382  acc=0.9878  lr0=1.51e-05 lr1=7.53e-04
12:10:14 INFO   e4 step   700/2906  loss=0.0376  acc=0.9879  lr0=1.50e-05 lr1=7.51e-04
12:10:20 INFO   e4 step   750/2906  loss=0.0380  acc=0.9877  lr0=1.50e-05 lr1=7.49e-04
12:10:27 INFO   e4 step   800/2906  loss=0.0380  acc=0.9876  lr0=1.49e-05 lr1=7.47e-04
12:10:33 INFO   e4 step   850/2906  loss=0.0383  acc=0.9875  lr0=1.49e-05 lr1=7.45e-04
12:10:40 INFO   e4 step   900/2906  loss=0.0380  acc=0.9875  lr0=1.49e-05 lr1=7.43e-04
12:10:46 INFO   e4 step   950/2906  loss=0.0378  acc=0.9874  lr0=1.48e-05 lr1=7.41e-04
12:10:52 INFO   e4 step  1000/2906  loss=0.0375  acc=0.9873  lr0=1.48e-05 lr1=7.40e-04
12:10:59 INFO   e4 step  1050/2906  loss=0.0374  acc=0.9874  lr0=1.48e-05 lr1=7.38e-04
12:11:05 INFO   e4 step  1100/2906  loss=0.0369  acc=0.9874  lr0=1.47e-05 lr1=7.36e-04
12:11:11 INFO   e4 step  1150/2906  loss=0.0371  acc=0.9873  lr0=1.47e-05 lr1=7.34e-04
12:11:17 INFO   e4 step  1200/2906  loss=0.0366  acc=0.9874  lr0=1.46e-05 lr1=7.32e-04
12:11:23 INFO   e4 step  1250/2906  loss=0.0362  acc=0.9875  lr0=1.46e-05 lr1=7.30e-04
12:11:30 INFO   e4 step  1300/2906  loss=0.0365  acc=0.9874  lr0=1.46e-05 lr1=7.28e-04
12:11:36 INFO   e4 step  1350/2906  loss=0.0365  acc=0.9874  lr0=1.45e-05 lr1=7.26e-04
12:11:42 INFO   e4 step  1400/2906  loss=0.0365  acc=0.9875  lr0=1.45e-05 lr1=7.24e-04
12:11:48 INFO   e4 step  1450/2906  loss=0.0370  acc=0.9874  lr0=1.44e-05 lr1=7.22e-04
12:11:53 INFO   e4 step  1500/2906  loss=0.0369  acc=0.9875  lr0=1.44e-05 lr1=7.20e-04
12:11:59 INFO   e4 step  1550/2906  loss=0.0368  acc=0.9874  lr0=1.44e-05 lr1=7.19e-04
12:12:05 INFO   e4 step  1600/2906  loss=0.0372  acc=0.9874  lr0=1.43e-05 lr1=7.17e-04
12:12:12 INFO   e4 step  1650/2906  loss=0.0370  acc=0.9875  lr0=1.43e-05 lr1=7.15e-04
12:12:18 INFO   e4 step  1700/2906  loss=0.0374  acc=0.9874  lr0=1.43e-05 lr1=7.13e-04
12:12:24 INFO   e4 step  1750/2906  loss=0.0369  acc=0.9875  lr0=1.42e-05 lr1=7.11e-04
12:12:30 INFO   e4 step  1800/2906  loss=0.0369  acc=0.9876  lr0=1.42e-05 lr1=7.09e-04
12:12:37 INFO   e4 step  1850/2906  loss=0.0371  acc=0.9875  lr0=1.41e-05 lr1=7.07e-04
12:12:43 INFO   e4 step  1900/2906  loss=0.0370  acc=0.9876  lr0=1.41e-05 lr1=7.05e-04
12:12:49 INFO   e4 step  1950/2906  loss=0.0370  acc=0.9876  lr0=1.41e-05 lr1=7.03e-04
12:12:56 INFO   e4 step  2000/2906  loss=0.0370  acc=0.9877  lr0=1.40e-05 lr1=7.01e-04
12:13:02 INFO   e4 step  2050/2906  loss=0.0369  acc=0.9877  lr0=1.40e-05 lr1=6.99e-04
12:13:08 INFO   e4 step  2100/2906  loss=0.0366  acc=0.9878  lr0=1.39e-05 lr1=6.97e-04
12:13:15 INFO   e4 step  2150/2906  loss=0.0366  acc=0.9878  lr0=1.39e-05 lr1=6.96e-04
12:13:21 INFO   e4 step  2200/2906  loss=0.0366  acc=0.9878  lr0=1.39e-05 lr1=6.94e-04
12:13:27 INFO   e4 step  2250/2906  loss=0.0366  acc=0.9878  lr0=1.38e-05 lr1=6.92e-04
12:13:33 INFO   e4 step  2300/2906  loss=0.0364  acc=0.9878  lr0=1.38e-05 lr1=6.90e-04
12:13:39 INFO   e4 step  2350/2906  loss=0.0362  acc=0.9880  lr0=1.38e-05 lr1=6.88e-04
12:13:46 INFO   e4 step  2400/2906  loss=0.0361  acc=0.9880  lr0=1.37e-05 lr1=6.86e-04
12:13:52 INFO   e4 step  2450/2906  loss=0.0357  acc=0.9882  lr0=1.37e-05 lr1=6.84e-04
12:13:58 INFO   e4 step  2500/2906  loss=0.0356  acc=0.9882  lr0=1.36e-05 lr1=6.82e-04
12:14:05 INFO   e4 step  2550/2906  loss=0.0356  acc=0.9881  lr0=1.36e-05 lr1=6.80e-04
12:14:11 INFO   e4 step  2600/2906  loss=0.0358  acc=0.9881  lr0=1.36e-05 lr1=6.78e-04
12:14:17 INFO   e4 step  2650/2906  loss=0.0355  acc=0.9881  lr0=1.35e-05 lr1=6.76e-04
12:14:23 INFO   e4 step  2700/2906  loss=0.0355  acc=0.9882  lr0=1.35e-05 lr1=6.75e-04
12:14:29 INFO   e4 step  2750/2906  loss=0.0354  acc=0.9882  lr0=1.35e-05 lr1=6.73e-04
12:14:35 INFO   e4 step  2800/2906  loss=0.0352  acc=0.9883  lr0=1.34e-05 lr1=6.71e-04
12:14:42 INFO   e4 step  2850/2906  loss=0.0353  acc=0.9883  lr0=1.34e-05 lr1=6.69e-04
12:14:48 INFO   e4 step  2900/2906  loss=0.0353  acc=0.9883  lr0=1.33e-05 lr1=6.67e-04
12:14:54 INFO [epoch 4] train_loss=0.0353 train_acc=0.9883  val_loss=2.0651 val_acc=0.7348 val_auc=0.7986  elapsed=367.2s
12:15:00 INFO   e5 step    50/2906  loss=0.0297  acc=0.9931  lr0=1.33e-05 lr1=6.65e-04
12:15:06 INFO   e5 step   100/2906  loss=0.0259  acc=0.9925  lr0=1.33e-05 lr1=6.63e-04
12:15:12 INFO   e5 step   150/2906  loss=0.0319  acc=0.9912  lr0=1.32e-05 lr1=6.61e-04
12:15:19 INFO   e5 step   200/2906  loss=0.0273  acc=0.9922  lr0=1.32e-05 lr1=6.59e-04
12:15:25 INFO   e5 step   250/2906  loss=0.0266  acc=0.9924  lr0=1.31e-05 lr1=6.57e-04
12:15:31 INFO   e5 step   300/2906  loss=0.0251  acc=0.9926  lr0=1.31e-05 lr1=6.55e-04
12:15:37 INFO   e5 step   350/2906  loss=0.0256  acc=0.9922  lr0=1.31e-05 lr1=6.53e-04
12:15:43 INFO   e5 step   400/2906  loss=0.0256  acc=0.9917  lr0=1.30e-05 lr1=6.51e-04
12:15:49 INFO   e5 step   450/2906  loss=0.0260  acc=0.9917  lr0=1.30e-05 lr1=6.49e-04
12:15:55 INFO   e5 step   500/2906  loss=0.0263  acc=0.9915  lr0=1.30e-05 lr1=6.48e-04
12:16:01 INFO   e5 step   550/2906  loss=0.0249  acc=0.9919  lr0=1.29e-05 lr1=6.46e-04
12:16:08 INFO   e5 step   600/2906  loss=0.0243  acc=0.9919  lr0=1.29e-05 lr1=6.44e-04
12:16:14 INFO   e5 step   650/2906  loss=0.0249  acc=0.9918  lr0=1.28e-05 lr1=6.42e-04
12:16:20 INFO   e5 step   700/2906  loss=0.0256  acc=0.9916  lr0=1.28e-05 lr1=6.40e-04
12:16:26 INFO   e5 step   750/2906  loss=0.0263  acc=0.9914  lr0=1.28e-05 lr1=6.38e-04
12:16:32 INFO   e5 step   800/2906  loss=0.0257  acc=0.9916  lr0=1.27e-05 lr1=6.36e-04
12:16:39 INFO   e5 step   850/2906  loss=0.0261  acc=0.9915  lr0=1.27e-05 lr1=6.34e-04
12:16:45 INFO   e5 step   900/2906  loss=0.0262  acc=0.9914  lr0=1.26e-05 lr1=6.32e-04
12:16:51 INFO   e5 step   950/2906  loss=0.0259  acc=0.9915  lr0=1.26e-05 lr1=6.30e-04
12:16:58 INFO   e5 step  1000/2906  loss=0.0256  acc=0.9916  lr0=1.26e-05 lr1=6.28e-04
12:17:04 INFO   e5 step  1050/2906  loss=0.0256  acc=0.9915  lr0=1.25e-05 lr1=6.27e-04
12:17:10 INFO   e5 step  1100/2906  loss=0.0260  acc=0.9914  lr0=1.25e-05 lr1=6.25e-04
12:17:16 INFO   e5 step  1150/2906  loss=0.0264  acc=0.9913  lr0=1.25e-05 lr1=6.23e-04
12:17:22 INFO   e5 step  1200/2906  loss=0.0263  acc=0.9914  lr0=1.24e-05 lr1=6.21e-04
12:17:29 INFO   e5 step  1250/2906  loss=0.0261  acc=0.9912  lr0=1.24e-05 lr1=6.19e-04
12:17:34 INFO   e5 step  1300/2906  loss=0.0258  acc=0.9912  lr0=1.23e-05 lr1=6.17e-04
12:17:40 INFO   e5 step  1350/2906  loss=0.0259  acc=0.9912  lr0=1.23e-05 lr1=6.15e-04
12:17:47 INFO   e5 step  1400/2906  loss=0.0256  acc=0.9913  lr0=1.23e-05 lr1=6.13e-04
12:17:53 INFO   e5 step  1450/2906  loss=0.0259  acc=0.9913  lr0=1.22e-05 lr1=6.11e-04
12:17:59 INFO   e5 step  1500/2906  loss=0.0256  acc=0.9914  lr0=1.22e-05 lr1=6.09e-04
12:18:05 INFO   e5 step  1550/2906  loss=0.0258  acc=0.9912  lr0=1.21e-05 lr1=6.07e-04
12:18:11 INFO   e5 step  1600/2906  loss=0.0255  acc=0.9913  lr0=1.21e-05 lr1=6.05e-04
12:18:18 INFO   e5 step  1650/2906  loss=0.0255  acc=0.9912  lr0=1.21e-05 lr1=6.04e-04
12:18:24 INFO   e5 step  1700/2906  loss=0.0256  acc=0.9912  lr0=1.20e-05 lr1=6.02e-04
12:18:30 INFO   e5 step  1750/2906  loss=0.0256  acc=0.9912  lr0=1.20e-05 lr1=6.00e-04
12:18:36 INFO   e5 step  1800/2906  loss=0.0257  acc=0.9912  lr0=1.20e-05 lr1=5.98e-04
12:18:43 INFO   e5 step  1850/2906  loss=0.0257  acc=0.9911  lr0=1.19e-05 lr1=5.96e-04
12:18:49 INFO   e5 step  1900/2906  loss=0.0254  acc=0.9912  lr0=1.19e-05 lr1=5.94e-04
12:18:55 INFO   e5 step  1950/2906  loss=0.0254  acc=0.9912  lr0=1.18e-05 lr1=5.92e-04
12:19:01 INFO   e5 step  2000/2906  loss=0.0250  acc=0.9912  lr0=1.18e-05 lr1=5.90e-04
12:19:07 INFO   e5 step  2050/2906  loss=0.0248  acc=0.9914  lr0=1.18e-05 lr1=5.88e-04
12:19:13 INFO   e5 step  2100/2906  loss=0.0249  acc=0.9913  lr0=1.17e-05 lr1=5.86e-04
12:19:20 INFO   e5 step  2150/2906  loss=0.0247  acc=0.9914  lr0=1.17e-05 lr1=5.84e-04
12:19:26 INFO   e5 step  2200/2906  loss=0.0246  acc=0.9914  lr0=1.17e-05 lr1=5.83e-04
12:19:33 INFO   e5 step  2250/2906  loss=0.0246  acc=0.9914  lr0=1.16e-05 lr1=5.81e-04
12:19:39 INFO   e5 step  2300/2906  loss=0.0245  acc=0.9914  lr0=1.16e-05 lr1=5.79e-04
12:19:45 INFO   e5 step  2350/2906  loss=0.0245  acc=0.9914  lr0=1.15e-05 lr1=5.77e-04
12:19:51 INFO   e5 step  2400/2906  loss=0.0246  acc=0.9914  lr0=1.15e-05 lr1=5.75e-04
12:19:57 INFO   e5 step  2450/2906  loss=0.0245  acc=0.9914  lr0=1.15e-05 lr1=5.73e-04
12:20:03 INFO   e5 step  2500/2906  loss=0.0245  acc=0.9914  lr0=1.14e-05 lr1=5.71e-04
12:20:09 INFO   e5 step  2550/2906  loss=0.0246  acc=0.9914  lr0=1.14e-05 lr1=5.69e-04
12:20:15 INFO   e5 step  2600/2906  loss=0.0244  acc=0.9915  lr0=1.13e-05 lr1=5.67e-04
12:20:21 INFO   e5 step  2650/2906  loss=0.0242  acc=0.9916  lr0=1.13e-05 lr1=5.65e-04
12:20:28 INFO   e5 step  2700/2906  loss=0.0241  acc=0.9916  lr0=1.13e-05 lr1=5.63e-04
12:20:34 INFO   e5 step  2750/2906  loss=0.0240  acc=0.9917  lr0=1.12e-05 lr1=5.62e-04
12:20:40 INFO   e5 step  2800/2906  loss=0.0241  acc=0.9916  lr0=1.12e-05 lr1=5.60e-04
12:20:46 INFO   e5 step  2850/2906  loss=0.0240  acc=0.9916  lr0=1.12e-05 lr1=5.58e-04
12:20:51 INFO   e5 step  2900/2906  loss=0.0241  acc=0.9916  lr0=1.11e-05 lr1=5.56e-04
12:20:56 INFO [epoch 5] train_loss=0.0241 train_acc=0.9916  val_loss=2.0965 val_acc=0.7483 val_auc=0.8083  elapsed=362.1s
12:21:01 INFO   e6 step    50/2906  loss=0.0351  acc=0.9919  lr0=1.11e-05 lr1=5.54e-04
12:21:06 INFO   e6 step   100/2906  loss=0.0300  acc=0.9922  lr0=1.10e-05 lr1=5.52e-04
12:21:10 INFO   e6 step   150/2906  loss=0.0275  acc=0.9921  lr0=1.10e-05 lr1=5.50e-04
12:21:15 INFO   e6 step   200/2906  loss=0.0251  acc=0.9928  lr0=1.10e-05 lr1=5.48e-04
12:21:19 INFO   e6 step   250/2906  loss=0.0238  acc=0.9932  lr0=1.09e-05 lr1=5.46e-04
12:21:23 INFO   e6 step   300/2906  loss=0.0251  acc=0.9925  lr0=1.09e-05 lr1=5.44e-04
12:21:28 INFO   e6 step   350/2906  loss=0.0251  acc=0.9924  lr0=1.08e-05 lr1=5.42e-04
12:21:32 INFO   e6 step   400/2906  loss=0.0245  acc=0.9926  lr0=1.08e-05 lr1=5.40e-04
12:21:36 INFO   e6 step   450/2906  loss=0.0245  acc=0.9924  lr0=1.08e-05 lr1=5.38e-04
12:21:41 INFO   e6 step   500/2906  loss=0.0248  acc=0.9919  lr0=1.07e-05 lr1=5.36e-04
12:21:45 INFO   e6 step   550/2906  loss=0.0246  acc=0.9919  lr0=1.07e-05 lr1=5.35e-04
12:21:50 INFO   e6 step   600/2906  loss=0.0243  acc=0.9919  lr0=1.07e-05 lr1=5.33e-04
12:21:54 INFO   e6 step   650/2906  loss=0.0242  acc=0.9917  lr0=1.06e-05 lr1=5.31e-04
12:21:59 INFO   e6 step   700/2906  loss=0.0241  acc=0.9917  lr0=1.06e-05 lr1=5.29e-04
12:22:03 INFO   e6 step   750/2906  loss=0.0235  acc=0.9920  lr0=1.05e-05 lr1=5.27e-04
12:22:08 INFO   e6 step   800/2906  loss=0.0239  acc=0.9917  lr0=1.05e-05 lr1=5.25e-04
12:22:13 INFO   e6 step   850/2906  loss=0.0238  acc=0.9917  lr0=1.05e-05 lr1=5.23e-04
12:22:17 INFO   e6 step   900/2906  loss=0.0233  acc=0.9918  lr0=1.04e-05 lr1=5.21e-04
12:22:21 INFO   e6 step   950/2906  loss=0.0236  acc=0.9918  lr0=1.04e-05 lr1=5.19e-04
12:22:26 INFO   e6 step  1000/2906  loss=0.0232  acc=0.9920  lr0=1.03e-05 lr1=5.17e-04
12:22:30 INFO   e6 step  1050/2906  loss=0.0225  acc=0.9921  lr0=1.03e-05 lr1=5.15e-04
12:22:35 INFO   e6 step  1100/2906  loss=0.0223  acc=0.9923  lr0=1.03e-05 lr1=5.13e-04
12:22:39 INFO   e6 step  1150/2906  loss=0.0221  acc=0.9924  lr0=1.02e-05 lr1=5.12e-04
12:22:44 INFO   e6 step  1200/2906  loss=0.0219  acc=0.9924  lr0=1.02e-05 lr1=5.10e-04
12:22:48 INFO   e6 step  1250/2906  loss=0.0217  acc=0.9923  lr0=1.02e-05 lr1=5.08e-04
12:22:53 INFO   e6 step  1300/2906  loss=0.0214  acc=0.9924  lr0=1.01e-05 lr1=5.06e-04
12:22:58 INFO   e6 step  1350/2906  loss=0.0215  acc=0.9924  lr0=1.01e-05 lr1=5.04e-04
12:23:02 INFO   e6 step  1400/2906  loss=0.0215  acc=0.9924  lr0=1.00e-05 lr1=5.02e-04
12:23:07 INFO   e6 step  1450/2906  loss=0.0214  acc=0.9925  lr0=1.00e-05 lr1=5.00e-04
12:23:12 INFO   e6 step  1500/2906  loss=0.0216  acc=0.9925  lr0=9.96e-06 lr1=4.98e-04
12:23:16 INFO   e6 step  1550/2906  loss=0.0218  acc=0.9924  lr0=9.93e-06 lr1=4.96e-04
12:23:21 INFO   e6 step  1600/2906  loss=0.0219  acc=0.9924  lr0=9.89e-06 lr1=4.94e-04
12:23:25 INFO   e6 step  1650/2906  loss=0.0217  acc=0.9925  lr0=9.85e-06 lr1=4.92e-04
12:23:30 INFO   e6 step  1700/2906  loss=0.0215  acc=0.9925  lr0=9.81e-06 lr1=4.91e-04
12:23:34 INFO   e6 step  1750/2906  loss=0.0218  acc=0.9925  lr0=9.77e-06 lr1=4.89e-04
12:23:39 INFO   e6 step  1800/2906  loss=0.0214  acc=0.9926  lr0=9.73e-06 lr1=4.87e-04
12:23:43 INFO   e6 step  1850/2906  loss=0.0213  acc=0.9926  lr0=9.70e-06 lr1=4.85e-04
12:23:48 INFO   e6 step  1900/2906  loss=0.0210  acc=0.9927  lr0=9.66e-06 lr1=4.83e-04
12:23:52 INFO   e6 step  1950/2906  loss=0.0213  acc=0.9926  lr0=9.62e-06 lr1=4.81e-04
12:23:57 INFO   e6 step  2000/2906  loss=0.0211  acc=0.9926  lr0=9.58e-06 lr1=4.79e-04
12:24:01 INFO   e6 step  2050/2906  loss=0.0209  acc=0.9927  lr0=9.54e-06 lr1=4.77e-04
12:24:06 INFO   e6 step  2100/2906  loss=0.0210  acc=0.9927  lr0=9.51e-06 lr1=4.75e-04
12:24:10 INFO   e6 step  2150/2906  loss=0.0208  acc=0.9927  lr0=9.47e-06 lr1=4.73e-04
12:24:15 INFO   e6 step  2200/2906  loss=0.0206  acc=0.9928  lr0=9.43e-06 lr1=4.71e-04
12:24:19 INFO   e6 step  2250/2906  loss=0.0206  acc=0.9928  lr0=9.39e-06 lr1=4.70e-04
12:24:24 INFO   e6 step  2300/2906  loss=0.0207  acc=0.9927  lr0=9.35e-06 lr1=4.68e-04
12:24:28 INFO   e6 step  2350/2906  loss=0.0205  acc=0.9928  lr0=9.31e-06 lr1=4.66e-04
12:24:32 INFO   e6 step  2400/2906  loss=0.0206  acc=0.9928  lr0=9.28e-06 lr1=4.64e-04
12:24:37 INFO   e6 step  2450/2906  loss=0.0206  acc=0.9928  lr0=9.24e-06 lr1=4.62e-04
12:24:41 INFO   e6 step  2500/2906  loss=0.0208  acc=0.9928  lr0=9.20e-06 lr1=4.60e-04
12:24:45 INFO   e6 step  2550/2906  loss=0.0206  acc=0.9929  lr0=9.16e-06 lr1=4.58e-04
12:24:50 INFO   e6 step  2600/2906  loss=0.0205  acc=0.9929  lr0=9.12e-06 lr1=4.56e-04
12:24:54 INFO   e6 step  2650/2906  loss=0.0207  acc=0.9929  lr0=9.08e-06 lr1=4.54e-04
12:24:59 INFO   e6 step  2700/2906  loss=0.0206  acc=0.9929  lr0=9.05e-06 lr1=4.52e-04
12:25:03 INFO   e6 step  2750/2906  loss=0.0204  acc=0.9930  lr0=9.01e-06 lr1=4.50e-04
12:25:08 INFO   e6 step  2800/2906  loss=0.0205  acc=0.9930  lr0=8.97e-06 lr1=4.48e-04
12:25:12 INFO   e6 step  2850/2906  loss=0.0205  acc=0.9930  lr0=8.93e-06 lr1=4.47e-04
12:25:17 INFO   e6 step  2900/2906  loss=0.0204  acc=0.9930  lr0=8.89e-06 lr1=4.45e-04
12:25:22 INFO [epoch 6] train_loss=0.0204 train_acc=0.9930  val_loss=2.1724 val_acc=0.7579 val_auc=0.8119  elapsed=266.1s
12:25:27 INFO   e7 step    50/2906  loss=0.0103  acc=0.9962  lr0=8.85e-06 lr1=4.43e-04
12:25:31 INFO   e7 step   100/2906  loss=0.0122  acc=0.9956  lr0=8.81e-06 lr1=4.41e-04
12:25:36 INFO   e7 step   150/2906  loss=0.0118  acc=0.9958  lr0=8.77e-06 lr1=4.39e-04
12:25:40 INFO   e7 step   200/2906  loss=0.0140  acc=0.9956  lr0=8.74e-06 lr1=4.37e-04
12:25:45 INFO   e7 step   250/2906  loss=0.0159  acc=0.9951  lr0=8.70e-06 lr1=4.35e-04
12:25:50 INFO   e7 step   300/2906  loss=0.0154  acc=0.9952  lr0=8.66e-06 lr1=4.33e-04
12:25:54 INFO   e7 step   350/2906  loss=0.0169  acc=0.9946  lr0=8.62e-06 lr1=4.31e-04
12:25:59 INFO   e7 step   400/2906  loss=0.0169  acc=0.9946  lr0=8.58e-06 lr1=4.29e-04
12:26:03 INFO   e7 step   450/2906  loss=0.0161  acc=0.9948  lr0=8.54e-06 lr1=4.27e-04
12:26:07 INFO   e7 step   500/2906  loss=0.0158  acc=0.9949  lr0=8.51e-06 lr1=4.25e-04
12:26:12 INFO   e7 step   550/2906  loss=0.0159  acc=0.9947  lr0=8.47e-06 lr1=4.23e-04
12:26:16 INFO   e7 step   600/2906  loss=0.0163  acc=0.9945  lr0=8.43e-06 lr1=4.22e-04
12:26:20 INFO   e7 step   650/2906  loss=0.0158  acc=0.9947  lr0=8.39e-06 lr1=4.20e-04
12:26:24 INFO   e7 step   700/2906  loss=0.0156  acc=0.9945  lr0=8.35e-06 lr1=4.18e-04
12:26:29 INFO   e7 step   750/2906  loss=0.0160  acc=0.9942  lr0=8.32e-06 lr1=4.16e-04
12:26:33 INFO   e7 step   800/2906  loss=0.0157  acc=0.9941  lr0=8.28e-06 lr1=4.14e-04
12:26:37 INFO   e7 step   850/2906  loss=0.0155  acc=0.9943  lr0=8.24e-06 lr1=4.12e-04
12:26:42 INFO   e7 step   900/2906  loss=0.0153  acc=0.9943  lr0=8.20e-06 lr1=4.10e-04
12:26:47 INFO   e7 step   950/2906  loss=0.0152  acc=0.9943  lr0=8.16e-06 lr1=4.08e-04
12:26:51 INFO   e7 step  1000/2906  loss=0.0145  acc=0.9946  lr0=8.12e-06 lr1=4.06e-04
12:26:55 INFO   e7 step  1050/2906  loss=0.0145  acc=0.9946  lr0=8.09e-06 lr1=4.04e-04
12:27:00 INFO   e7 step  1100/2906  loss=0.0147  acc=0.9944  lr0=8.05e-06 lr1=4.02e-04
12:27:04 INFO   e7 step  1150/2906  loss=0.0146  acc=0.9945  lr0=8.01e-06 lr1=4.00e-04
12:27:09 INFO   e7 step  1200/2906  loss=0.0149  acc=0.9944  lr0=7.97e-06 lr1=3.99e-04
12:27:13 INFO   e7 step  1250/2906  loss=0.0148  acc=0.9944  lr0=7.93e-06 lr1=3.97e-04
12:27:17 INFO   e7 step  1300/2906  loss=0.0149  acc=0.9944  lr0=7.89e-06 lr1=3.95e-04
12:27:22 INFO   e7 step  1350/2906  loss=0.0151  acc=0.9942  lr0=7.86e-06 lr1=3.93e-04
12:27:26 INFO   e7 step  1400/2906  loss=0.0153  acc=0.9942  lr0=7.82e-06 lr1=3.91e-04
12:27:31 INFO   e7 step  1450/2906  loss=0.0150  acc=0.9943  lr0=7.78e-06 lr1=3.89e-04
12:27:35 INFO   e7 step  1500/2906  loss=0.0148  acc=0.9944  lr0=7.74e-06 lr1=3.87e-04
12:27:40 INFO   e7 step  1550/2906  loss=0.0147  acc=0.9945  lr0=7.70e-06 lr1=3.85e-04
12:27:44 INFO   e7 step  1600/2906  loss=0.0148  acc=0.9944  lr0=7.67e-06 lr1=3.83e-04
12:27:48 INFO   e7 step  1650/2906  loss=0.0147  acc=0.9945  lr0=7.63e-06 lr1=3.81e-04
12:27:53 INFO   e7 step  1700/2906  loss=0.0146  acc=0.9945  lr0=7.59e-06 lr1=3.79e-04
12:27:57 INFO   e7 step  1750/2906  loss=0.0143  acc=0.9946  lr0=7.55e-06 lr1=3.78e-04
12:28:02 INFO   e7 step  1800/2906  loss=0.0142  acc=0.9947  lr0=7.51e-06 lr1=3.76e-04
12:28:06 INFO   e7 step  1850/2906  loss=0.0141  acc=0.9947  lr0=7.47e-06 lr1=3.74e-04
12:28:10 INFO   e7 step  1900/2906  loss=0.0140  acc=0.9948  lr0=7.44e-06 lr1=3.72e-04
12:28:15 INFO   e7 step  1950/2906  loss=0.0142  acc=0.9947  lr0=7.40e-06 lr1=3.70e-04
12:28:20 INFO   e7 step  2000/2906  loss=0.0146  acc=0.9946  lr0=7.36e-06 lr1=3.68e-04
12:28:25 INFO   e7 step  2050/2906  loss=0.0146  acc=0.9946  lr0=7.32e-06 lr1=3.66e-04
12:28:30 INFO   e7 step  2100/2906  loss=0.0146  acc=0.9946  lr0=7.28e-06 lr1=3.64e-04
12:28:35 INFO   e7 step  2150/2906  loss=0.0145  acc=0.9947  lr0=7.24e-06 lr1=3.62e-04
12:28:40 INFO   e7 step  2200/2906  loss=0.0145  acc=0.9947  lr0=7.21e-06 lr1=3.60e-04
12:28:45 INFO   e7 step  2250/2906  loss=0.0145  acc=0.9947  lr0=7.17e-06 lr1=3.58e-04
12:28:50 INFO   e7 step  2300/2906  loss=0.0143  acc=0.9947  lr0=7.13e-06 lr1=3.57e-04
12:28:54 INFO   e7 step  2350/2906  loss=0.0142  acc=0.9947  lr0=7.09e-06 lr1=3.55e-04
12:28:58 INFO   e7 step  2400/2906  loss=0.0143  acc=0.9946  lr0=7.05e-06 lr1=3.53e-04
12:29:03 INFO   e7 step  2450/2906  loss=0.0142  acc=0.9946  lr0=7.02e-06 lr1=3.51e-04
12:29:07 INFO   e7 step  2500/2906  loss=0.0143  acc=0.9946  lr0=6.98e-06 lr1=3.49e-04
12:29:12 INFO   e7 step  2550/2906  loss=0.0143  acc=0.9945  lr0=6.94e-06 lr1=3.47e-04
12:29:16 INFO   e7 step  2600/2906  loss=0.0143  acc=0.9945  lr0=6.90e-06 lr1=3.45e-04
12:29:20 INFO   e7 step  2650/2906  loss=0.0142  acc=0.9946  lr0=6.86e-06 lr1=3.43e-04
12:29:25 INFO   e7 step  2700/2906  loss=0.0142  acc=0.9946  lr0=6.82e-06 lr1=3.41e-04
12:29:29 INFO   e7 step  2750/2906  loss=0.0142  acc=0.9946  lr0=6.79e-06 lr1=3.39e-04
12:29:34 INFO   e7 step  2800/2906  loss=0.0141  acc=0.9946  lr0=6.75e-06 lr1=3.37e-04
12:29:39 INFO   e7 step  2850/2906  loss=0.0141  acc=0.9946  lr0=6.71e-06 lr1=3.35e-04
12:29:44 INFO   e7 step  2900/2906  loss=0.0141  acc=0.9946  lr0=6.67e-06 lr1=3.34e-04
12:29:48 INFO [epoch 7] train_loss=0.0141 train_acc=0.9946  val_loss=2.2690 val_acc=0.7547 val_auc=0.8132  elapsed=266.1s
12:29:53 INFO   e8 step    50/2906  loss=0.0076  acc=0.9962  lr0=6.63e-06 lr1=3.31e-04
12:29:58 INFO   e8 step   100/2906  loss=0.0095  acc=0.9959  lr0=6.59e-06 lr1=3.30e-04
12:30:02 INFO   e8 step   150/2906  loss=0.0123  acc=0.9946  lr0=6.55e-06 lr1=3.28e-04
12:30:07 INFO   e8 step   200/2906  loss=0.0161  acc=0.9947  lr0=6.51e-06 lr1=3.26e-04
12:30:12 INFO   e8 step   250/2906  loss=0.0147  acc=0.9949  lr0=6.48e-06 lr1=3.24e-04
12:30:16 INFO   e8 step   300/2906  loss=0.0143  acc=0.9949  lr0=6.44e-06 lr1=3.22e-04
12:30:21 INFO   e8 step   350/2906  loss=0.0133  acc=0.9953  lr0=6.40e-06 lr1=3.20e-04
12:30:25 INFO   e8 step   400/2906  loss=0.0130  acc=0.9953  lr0=6.36e-06 lr1=3.18e-04
12:30:30 INFO   e8 step   450/2906  loss=0.0128  acc=0.9951  lr0=6.32e-06 lr1=3.16e-04
12:30:34 INFO   e8 step   500/2906  loss=0.0125  acc=0.9952  lr0=6.28e-06 lr1=3.14e-04
12:30:38 INFO   e8 step   550/2906  loss=0.0121  acc=0.9953  lr0=6.25e-06 lr1=3.12e-04
12:30:43 INFO   e8 step   600/2906  loss=0.0119  acc=0.9953  lr0=6.21e-06 lr1=3.10e-04
12:30:48 INFO   e8 step   650/2906  loss=0.0128  acc=0.9952  lr0=6.17e-06 lr1=3.08e-04
12:30:52 INFO   e8 step   700/2906  loss=0.0125  acc=0.9954  lr0=6.13e-06 lr1=3.07e-04
12:30:56 INFO   e8 step   750/2906  loss=0.0124  acc=0.9952  lr0=6.09e-06 lr1=3.05e-04
12:31:00 INFO   e8 step   800/2906  loss=0.0125  acc=0.9952  lr0=6.05e-06 lr1=3.03e-04
12:31:05 INFO   e8 step   850/2906  loss=0.0125  acc=0.9952  lr0=6.02e-06 lr1=3.01e-04
12:31:09 INFO   e8 step   900/2906  loss=0.0124  acc=0.9953  lr0=5.98e-06 lr1=2.99e-04
12:31:14 INFO   e8 step   950/2906  loss=0.0124  acc=0.9953  lr0=5.94e-06 lr1=2.97e-04
12:31:19 INFO   e8 step  1000/2906  loss=0.0123  acc=0.9952  lr0=5.90e-06 lr1=2.95e-04
12:31:23 INFO   e8 step  1050/2906  loss=0.0125  acc=0.9953  lr0=5.86e-06 lr1=2.93e-04
12:31:27 INFO   e8 step  1100/2906  loss=0.0126  acc=0.9953  lr0=5.83e-06 lr1=2.91e-04
12:31:32 INFO   e8 step  1150/2906  loss=0.0124  acc=0.9954  lr0=5.79e-06 lr1=2.89e-04
12:31:37 INFO   e8 step  1200/2906  loss=0.0123  acc=0.9954  lr0=5.75e-06 lr1=2.87e-04
12:31:41 INFO   e8 step  1250/2906  loss=0.0123  acc=0.9953  lr0=5.71e-06 lr1=2.86e-04
12:31:45 INFO   e8 step  1300/2906  loss=0.0121  acc=0.9953  lr0=5.67e-06 lr1=2.84e-04
12:31:49 INFO   e8 step  1350/2906  loss=0.0119  acc=0.9954  lr0=5.63e-06 lr1=2.82e-04
12:31:54 INFO   e8 step  1400/2906  loss=0.0119  acc=0.9954  lr0=5.60e-06 lr1=2.80e-04
12:31:58 INFO   e8 step  1450/2906  loss=0.0116  acc=0.9955  lr0=5.56e-06 lr1=2.78e-04
12:32:02 INFO   e8 step  1500/2906  loss=0.0116  acc=0.9954  lr0=5.52e-06 lr1=2.76e-04
12:32:07 INFO   e8 step  1550/2906  loss=0.0115  acc=0.9955  lr0=5.48e-06 lr1=2.74e-04
12:32:11 INFO   e8 step  1600/2906  loss=0.0116  acc=0.9954  lr0=5.44e-06 lr1=2.72e-04
12:32:15 INFO   e8 step  1650/2906  loss=0.0118  acc=0.9954  lr0=5.40e-06 lr1=2.70e-04
12:32:20 INFO   e8 step  1700/2906  loss=0.0118  acc=0.9954  lr0=5.37e-06 lr1=2.68e-04
12:32:24 INFO   e8 step  1750/2906  loss=0.0118  acc=0.9954  lr0=5.33e-06 lr1=2.66e-04
12:32:28 INFO   e8 step  1800/2906  loss=0.0117  acc=0.9954  lr0=5.29e-06 lr1=2.65e-04
12:32:33 INFO   e8 step  1850/2906  loss=0.0118  acc=0.9954  lr0=5.25e-06 lr1=2.63e-04
12:32:37 INFO   e8 step  1900/2906  loss=0.0117  acc=0.9955  lr0=5.21e-06 lr1=2.61e-04
12:32:42 INFO   e8 step  1950/2906  loss=0.0116  acc=0.9955  lr0=5.18e-06 lr1=2.59e-04
12:32:46 INFO   e8 step  2000/2906  loss=0.0116  acc=0.9955  lr0=5.14e-06 lr1=2.57e-04
12:32:51 INFO   e8 step  2050/2906  loss=0.0116  acc=0.9955  lr0=5.10e-06 lr1=2.55e-04
12:32:55 INFO   e8 step  2100/2906  loss=0.0115  acc=0.9955  lr0=5.06e-06 lr1=2.53e-04
12:33:00 INFO   e8 step  2150/2906  loss=0.0117  acc=0.9955  lr0=5.02e-06 lr1=2.51e-04
12:33:05 INFO   e8 step  2200/2906  loss=0.0115  acc=0.9955  lr0=4.98e-06 lr1=2.49e-04
12:33:09 INFO   e8 step  2250/2906  loss=0.0117  acc=0.9955  lr0=4.95e-06 lr1=2.47e-04
12:33:14 INFO   e8 step  2300/2906  loss=0.0117  acc=0.9954  lr0=4.91e-06 lr1=2.45e-04
12:33:18 INFO   e8 step  2350/2906  loss=0.0118  acc=0.9954  lr0=4.87e-06 lr1=2.43e-04
12:33:23 INFO   e8 step  2400/2906  loss=0.0119  acc=0.9954  lr0=4.83e-06 lr1=2.42e-04
12:33:28 INFO   e8 step  2450/2906  loss=0.0119  acc=0.9954  lr0=4.79e-06 lr1=2.40e-04
12:33:33 INFO   e8 step  2500/2906  loss=0.0118  acc=0.9954  lr0=4.75e-06 lr1=2.38e-04
12:33:37 INFO   e8 step  2550/2906  loss=0.0117  acc=0.9954  lr0=4.72e-06 lr1=2.36e-04
12:33:42 INFO   e8 step  2600/2906  loss=0.0117  acc=0.9954  lr0=4.68e-06 lr1=2.34e-04
12:33:46 INFO   e8 step  2650/2906  loss=0.0117  acc=0.9954  lr0=4.64e-06 lr1=2.32e-04
12:33:51 INFO   e8 step  2700/2906  loss=0.0117  acc=0.9954  lr0=4.60e-06 lr1=2.30e-04
12:33:56 INFO   e8 step  2750/2906  loss=0.0116  acc=0.9955  lr0=4.56e-06 lr1=2.28e-04
12:34:00 INFO   e8 step  2800/2906  loss=0.0115  acc=0.9955  lr0=4.53e-06 lr1=2.26e-04
12:34:04 INFO   e8 step  2850/2906  loss=0.0115  acc=0.9955  lr0=4.49e-06 lr1=2.24e-04
12:34:09 INFO   e8 step  2900/2906  loss=0.0115  acc=0.9955  lr0=4.45e-06 lr1=2.22e-04
12:34:14 INFO [epoch 8] train_loss=0.0115 train_acc=0.9955  val_loss=2.2765 val_acc=0.7545 val_auc=0.8186  elapsed=265.6s
12:34:19 INFO   e9 step    50/2906  loss=0.0112  acc=0.9944  lr0=4.41e-06 lr1=2.20e-04
12:34:23 INFO   e9 step   100/2906  loss=0.0129  acc=0.9947  lr0=4.37e-06 lr1=2.18e-04
12:34:27 INFO   e9 step   150/2906  loss=0.0114  acc=0.9950  lr0=4.33e-06 lr1=2.16e-04
12:34:31 INFO   e9 step   200/2906  loss=0.0104  acc=0.9955  lr0=4.29e-06 lr1=2.15e-04
12:34:36 INFO   e9 step   250/2906  loss=0.0098  acc=0.9955  lr0=4.25e-06 lr1=2.13e-04
12:34:40 INFO   e9 step   300/2906  loss=0.0106  acc=0.9949  lr0=4.22e-06 lr1=2.11e-04
12:34:44 INFO   e9 step   350/2906  loss=0.0109  acc=0.9950  lr0=4.18e-06 lr1=2.09e-04
12:34:49 INFO   e9 step   400/2906  loss=0.0107  acc=0.9951  lr0=4.14e-06 lr1=2.07e-04
12:34:53 INFO   e9 step   450/2906  loss=0.0101  acc=0.9954  lr0=4.10e-06 lr1=2.05e-04
12:34:57 INFO   e9 step   500/2906  loss=0.0099  acc=0.9953  lr0=4.06e-06 lr1=2.03e-04
12:35:02 INFO   e9 step   550/2906  loss=0.0097  acc=0.9955  lr0=4.02e-06 lr1=2.01e-04
12:35:07 INFO   e9 step   600/2906  loss=0.0095  acc=0.9956  lr0=3.99e-06 lr1=1.99e-04
12:35:11 INFO   e9 step   650/2906  loss=0.0099  acc=0.9953  lr0=3.95e-06 lr1=1.97e-04
12:35:16 INFO   e9 step   700/2906  loss=0.0098  acc=0.9954  lr0=3.91e-06 lr1=1.95e-04
12:35:20 INFO   e9 step   750/2906  loss=0.0097  acc=0.9954  lr0=3.87e-06 lr1=1.94e-04
12:35:25 INFO   e9 step   800/2906  loss=0.0099  acc=0.9954  lr0=3.83e-06 lr1=1.92e-04
12:35:30 INFO   e9 step   850/2906  loss=0.0099  acc=0.9954  lr0=3.79e-06 lr1=1.90e-04
12:35:34 INFO   e9 step   900/2906  loss=0.0096  acc=0.9956  lr0=3.76e-06 lr1=1.88e-04
12:35:38 INFO   e9 step   950/2906  loss=0.0094  acc=0.9956  lr0=3.72e-06 lr1=1.86e-04
12:35:43 INFO   e9 step  1000/2906  loss=0.0092  acc=0.9958  lr0=3.68e-06 lr1=1.84e-04
12:35:47 INFO   e9 step  1050/2906  loss=0.0092  acc=0.9957  lr0=3.64e-06 lr1=1.82e-04
12:35:52 INFO   e9 step  1100/2906  loss=0.0092  acc=0.9957  lr0=3.60e-06 lr1=1.80e-04
12:35:56 INFO   e9 step  1150/2906  loss=0.0091  acc=0.9958  lr0=3.57e-06 lr1=1.78e-04
12:36:00 INFO   e9 step  1200/2906  loss=0.0089  acc=0.9959  lr0=3.53e-06 lr1=1.76e-04
12:36:04 INFO   e9 step  1250/2906  loss=0.0091  acc=0.9959  lr0=3.49e-06 lr1=1.74e-04
12:36:08 INFO   e9 step  1300/2906  loss=0.0092  acc=0.9959  lr0=3.45e-06 lr1=1.73e-04
12:36:13 INFO   e9 step  1350/2906  loss=0.0092  acc=0.9959  lr0=3.41e-06 lr1=1.71e-04
12:36:17 INFO   e9 step  1400/2906  loss=0.0092  acc=0.9958  lr0=3.37e-06 lr1=1.69e-04
12:36:21 INFO   e9 step  1450/2906  loss=0.0091  acc=0.9959  lr0=3.34e-06 lr1=1.67e-04
12:36:26 INFO   e9 step  1500/2906  loss=0.0092  acc=0.9959  lr0=3.30e-06 lr1=1.65e-04
12:36:30 INFO   e9 step  1550/2906  loss=0.0092  acc=0.9959  lr0=3.26e-06 lr1=1.63e-04
12:36:34 INFO   e9 step  1600/2906  loss=0.0093  acc=0.9959  lr0=3.22e-06 lr1=1.61e-04
12:36:39 INFO   e9 step  1650/2906  loss=0.0092  acc=0.9959  lr0=3.18e-06 lr1=1.59e-04
12:36:43 INFO   e9 step  1700/2906  loss=0.0094  acc=0.9959  lr0=3.14e-06 lr1=1.57e-04
12:36:48 INFO   e9 step  1750/2906  loss=0.0094  acc=0.9959  lr0=3.11e-06 lr1=1.55e-04
12:36:53 INFO   e9 step  1800/2906  loss=0.0093  acc=0.9960  lr0=3.07e-06 lr1=1.53e-04
12:36:57 INFO   e9 step  1850/2906  loss=0.0092  acc=0.9960  lr0=3.03e-06 lr1=1.51e-04
12:37:02 INFO   e9 step  1900/2906  loss=0.0092  acc=0.9960  lr0=2.99e-06 lr1=1.50e-04
12:37:07 INFO   e9 step  1950/2906  loss=0.0091  acc=0.9961  lr0=2.95e-06 lr1=1.48e-04
12:37:11 INFO   e9 step  2000/2906  loss=0.0092  acc=0.9961  lr0=2.92e-06 lr1=1.46e-04
12:37:15 INFO   e9 step  2050/2906  loss=0.0092  acc=0.9961  lr0=2.88e-06 lr1=1.44e-04
12:37:20 INFO   e9 step  2100/2906  loss=0.0091  acc=0.9961  lr0=2.84e-06 lr1=1.42e-04
12:37:25 INFO   e9 step  2150/2906  loss=0.0090  acc=0.9961  lr0=2.80e-06 lr1=1.40e-04
12:37:29 INFO   e9 step  2200/2906  loss=0.0092  acc=0.9961  lr0=2.76e-06 lr1=1.38e-04
12:37:33 INFO   e9 step  2250/2906  loss=0.0091  acc=0.9960  lr0=2.72e-06 lr1=1.36e-04
12:37:37 INFO   e9 step  2300/2906  loss=0.0090  acc=0.9961  lr0=2.69e-06 lr1=1.34e-04
12:37:41 INFO   e9 step  2350/2906  loss=0.0090  acc=0.9961  lr0=2.65e-06 lr1=1.32e-04
12:37:46 INFO   e9 step  2400/2906  loss=0.0090  acc=0.9961  lr0=2.61e-06 lr1=1.30e-04
12:37:50 INFO   e9 step  2450/2906  loss=0.0090  acc=0.9961  lr0=2.57e-06 lr1=1.29e-04
12:37:55 INFO   e9 step  2500/2906  loss=0.0089  acc=0.9961  lr0=2.53e-06 lr1=1.27e-04
12:37:59 INFO   e9 step  2550/2906  loss=0.0089  acc=0.9961  lr0=2.49e-06 lr1=1.25e-04
12:38:03 INFO   e9 step  2600/2906  loss=0.0090  acc=0.9961  lr0=2.46e-06 lr1=1.23e-04
12:38:08 INFO   e9 step  2650/2906  loss=0.0090  acc=0.9961  lr0=2.42e-06 lr1=1.21e-04
12:38:12 INFO   e9 step  2700/2906  loss=0.0090  acc=0.9960  lr0=2.38e-06 lr1=1.19e-04
12:38:17 INFO   e9 step  2750/2906  loss=0.0091  acc=0.9960  lr0=2.34e-06 lr1=1.17e-04
12:38:21 INFO   e9 step  2800/2906  loss=0.0090  acc=0.9960  lr0=2.30e-06 lr1=1.15e-04
12:38:25 INFO   e9 step  2850/2906  loss=0.0089  acc=0.9961  lr0=2.27e-06 lr1=1.13e-04
12:38:29 INFO   e9 step  2900/2906  loss=0.0089  acc=0.9961  lr0=2.23e-06 lr1=1.11e-04
12:38:34 INFO [epoch 9] train_loss=0.0089 train_acc=0.9961  val_loss=2.3988 val_acc=0.7575 val_auc=0.8024  elapsed=259.6s
12:38:38 INFO   e10 step    50/2906  loss=0.0059  acc=0.9962  lr0=2.18e-06 lr1=1.09e-04
12:38:43 INFO   e10 step   100/2906  loss=0.0079  acc=0.9959  lr0=2.15e-06 lr1=1.07e-04
12:38:47 INFO   e10 step   150/2906  loss=0.0082  acc=0.9958  lr0=2.11e-06 lr1=1.05e-04
12:38:51 INFO   e10 step   200/2906  loss=0.0083  acc=0.9959  lr0=2.07e-06 lr1=1.03e-04
12:38:56 INFO   e10 step   250/2906  loss=0.0082  acc=0.9960  lr0=2.03e-06 lr1=1.02e-04
12:39:00 INFO   e10 step   300/2906  loss=0.0078  acc=0.9962  lr0=1.99e-06 lr1=9.96e-05
12:39:05 INFO   e10 step   350/2906  loss=0.0080  acc=0.9962  lr0=1.95e-06 lr1=9.77e-05
12:39:10 INFO   e10 step   400/2906  loss=0.0075  acc=0.9964  lr0=1.92e-06 lr1=9.58e-05
12:39:14 INFO   e10 step   450/2906  loss=0.0077  acc=0.9965  lr0=1.88e-06 lr1=9.39e-05
12:39:18 INFO   e10 step   500/2906  loss=0.0079  acc=0.9964  lr0=1.84e-06 lr1=9.20e-05
12:39:23 INFO   e10 step   550/2906  loss=0.0079  acc=0.9965  lr0=1.80e-06 lr1=9.01e-05
12:39:28 INFO   e10 step   600/2906  loss=0.0077  acc=0.9967  lr0=1.76e-06 lr1=8.82e-05
12:39:32 INFO   e10 step   650/2906  loss=0.0078  acc=0.9965  lr0=1.73e-06 lr1=8.63e-05
12:39:37 INFO   e10 step   700/2906  loss=0.0081  acc=0.9964  lr0=1.69e-06 lr1=8.43e-05
12:39:41 INFO   e10 step   750/2906  loss=0.0079  acc=0.9965  lr0=1.65e-06 lr1=8.24e-05
12:39:45 INFO   e10 step   800/2906  loss=0.0077  acc=0.9965  lr0=1.61e-06 lr1=8.05e-05
12:39:50 INFO   e10 step   850/2906  loss=0.0077  acc=0.9966  lr0=1.57e-06 lr1=7.86e-05
12:39:56 INFO   e10 step   900/2906  loss=0.0077  acc=0.9966  lr0=1.53e-06 lr1=7.67e-05
12:40:00 INFO   e10 step   950/2906  loss=0.0078  acc=0.9965  lr0=1.50e-06 lr1=7.48e-05
12:40:05 INFO   e10 step  1000/2906  loss=0.0079  acc=0.9966  lr0=1.46e-06 lr1=7.29e-05
12:40:09 INFO   e10 step  1050/2906  loss=0.0082  acc=0.9965  lr0=1.42e-06 lr1=7.10e-05
12:40:14 INFO   e10 step  1100/2906  loss=0.0080  acc=0.9966  lr0=1.38e-06 lr1=6.91e-05
12:40:19 INFO   e10 step  1150/2906  loss=0.0078  acc=0.9967  lr0=1.34e-06 lr1=6.71e-05
12:40:23 INFO   e10 step  1200/2906  loss=0.0077  acc=0.9967  lr0=1.30e-06 lr1=6.52e-05
12:40:27 INFO   e10 step  1250/2906  loss=0.0080  acc=0.9967  lr0=1.27e-06 lr1=6.33e-05
12:40:31 INFO   e10 step  1300/2906  loss=0.0079  acc=0.9966  lr0=1.23e-06 lr1=6.14e-05
12:40:36 INFO   e10 step  1350/2906  loss=0.0079  acc=0.9966  lr0=1.19e-06 lr1=5.95e-05
12:40:41 INFO   e10 step  1400/2906  loss=0.0078  acc=0.9967  lr0=1.15e-06 lr1=5.76e-05
12:40:45 INFO   e10 step  1450/2906  loss=0.0078  acc=0.9967  lr0=1.11e-06 lr1=5.57e-05
12:40:50 INFO   e10 step  1500/2906  loss=0.0077  acc=0.9967  lr0=1.08e-06 lr1=5.38e-05
12:40:54 INFO   e10 step  1550/2906  loss=0.0077  acc=0.9967  lr0=1.04e-06 lr1=5.18e-05
12:40:59 INFO   e10 step  1600/2906  loss=0.0077  acc=0.9967  lr0=9.99e-07 lr1=4.99e-05
12:41:04 INFO   e10 step  1650/2906  loss=0.0076  acc=0.9967  lr0=9.60e-07 lr1=4.80e-05
12:41:08 INFO   e10 step  1700/2906  loss=0.0075  acc=0.9967  lr0=9.22e-07 lr1=4.61e-05
12:41:13 INFO   e10 step  1750/2906  loss=0.0075  acc=0.9967  lr0=8.84e-07 lr1=4.42e-05
12:41:18 INFO   e10 step  1800/2906  loss=0.0075  acc=0.9967  lr0=8.46e-07 lr1=4.23e-05
12:41:22 INFO   e10 step  1850/2906  loss=0.0075  acc=0.9967  lr0=8.08e-07 lr1=4.04e-05
12:41:27 INFO   e10 step  1900/2906  loss=0.0075  acc=0.9966  lr0=7.69e-07 lr1=3.85e-05
12:41:31 INFO   e10 step  1950/2906  loss=0.0075  acc=0.9966  lr0=7.31e-07 lr1=3.66e-05
12:41:35 INFO   e10 step  2000/2906  loss=0.0076  acc=0.9966  lr0=6.93e-07 lr1=3.46e-05
12:41:40 INFO   e10 step  2050/2906  loss=0.0076  acc=0.9966  lr0=6.55e-07 lr1=3.27e-05
12:41:45 INFO   e10 step  2100/2906  loss=0.0076  acc=0.9966  lr0=6.16e-07 lr1=3.08e-05
12:41:50 INFO   e10 step  2150/2906  loss=0.0075  acc=0.9966  lr0=5.78e-07 lr1=2.89e-05
12:41:54 INFO   e10 step  2200/2906  loss=0.0075  acc=0.9966  lr0=5.40e-07 lr1=2.70e-05
12:41:59 INFO   e10 step  2250/2906  loss=0.0075  acc=0.9966  lr0=5.02e-07 lr1=2.51e-05
12:42:03 INFO   e10 step  2300/2906  loss=0.0076  acc=0.9966  lr0=4.63e-07 lr1=2.32e-05
12:42:08 INFO   e10 step  2350/2906  loss=0.0076  acc=0.9966  lr0=4.25e-07 lr1=2.13e-05
12:42:12 INFO   e10 step  2400/2906  loss=0.0076  acc=0.9966  lr0=3.87e-07 lr1=1.93e-05
12:42:17 INFO   e10 step  2450/2906  loss=0.0078  acc=0.9965  lr0=3.49e-07 lr1=1.74e-05
12:42:22 INFO   e10 step  2500/2906  loss=0.0077  acc=0.9966  lr0=3.10e-07 lr1=1.55e-05
12:42:26 INFO   e10 step  2550/2906  loss=0.0078  acc=0.9965  lr0=2.72e-07 lr1=1.36e-05
12:42:30 INFO   e10 step  2600/2906  loss=0.0078  acc=0.9965  lr0=2.34e-07 lr1=1.17e-05
12:42:35 INFO   e10 step  2650/2906  loss=0.0077  acc=0.9965  lr0=1.96e-07 lr1=9.79e-06
12:42:39 INFO   e10 step  2700/2906  loss=0.0078  acc=0.9965  lr0=1.58e-07 lr1=7.88e-06
12:42:44 INFO   e10 step  2750/2906  loss=0.0078  acc=0.9965  lr0=1.19e-07 lr1=5.96e-06
12:42:49 INFO   e10 step  2800/2906  loss=0.0077  acc=0.9965  lr0=8.11e-08 lr1=4.05e-06
12:42:53 INFO   e10 step  2850/2906  loss=0.0077  acc=0.9965  lr0=4.28e-08 lr1=2.14e-06
12:42:57 INFO   e10 step  2900/2906  loss=0.0078  acc=0.9965  lr0=4.59e-09 lr1=2.29e-07
12:43:02 INFO [epoch 10] train_loss=0.0078 train_acc=0.9965  val_loss=2.4019 val_acc=0.7631 val_auc=0.8026  elapsed=268.5s
12:43:03 INFO   saved best.pt  val_acc=0.7631
12:43:03 INFO loading best.pt for test eval
12:43:07 INFO [test] loss=3.4983  acc=0.6406  auc=0.6730  f1=0.4943
12:43:07 INFO [test] per-tier-pair accuracy:
12:43:07 INFO         T1-T1  n= 1286  acc=0.4930
12:43:07 INFO         T1-T2  n=  844  acc=0.8768
12:43:07 INFO         T1-T4  n=  530  acc=0.3755
12:43:07 INFO         T1-T8  n=  200  acc=0.9550
12:43:07 INFO         T1-T9  n=  116  acc=0.6638
12:43:07 INFO        T1-T13  n=  340  acc=0.7412
12:43:07 INFO         T2-T2  n=  992  acc=0.4919
12:43:07 INFO         T2-T4  n=   34  acc=0.8235
12:43:07 INFO         T2-T8  n=  128  acc=0.8672
12:43:07 INFO         T2-T9  n=   34  acc=0.5000
12:43:07 INFO        T2-T13  n=  162  acc=0.6481
12:43:07 INFO         T4-T8  n=   18  acc=1.0000
12:43:07 INFO         T4-T9  n=    2  acc=0.5000
12:43:07 INFO        T4-T13  n=   26  acc=0.3077
12:43:07 INFO         T8-T8  n=  928  acc=0.7069
12:43:07 INFO         T8-T9  n=  422  acc=1.0000
12:43:07 INFO        T8-T13  n=  146  acc=0.2945
12:43:07 INFO        T9-T13  n=   26  acc=0.6154
12:43:07 INFO       T13-T13  n=   24  acc=0.1250
12:43:07 INFO [done] results in runs/classifier/new_ajo_workflows_3
