08:45:10 INFO run_dir=/mnt/localssd/crossencoder_sweep/runs/ajo_doc_not_tier1/all-MiniLM-L6-v2
08:45:10 INFO device=cuda:0  bf16=True  physical_gpu=2  CUDA_VISIBLE_DEVICES=2
08:45:10 INFO dataset=ajo_doc_not_tier1  model=all-MiniLM-L6-v2  backbone=sentence-transformers/all-MiniLM-L6-v2
08:45:10 INFO tokenizer <- sentence-transformers/all-MiniLM-L6-v2
Warning: You are sending unauthenticated requests to the HF Hub. Please set a HF_TOKEN to enable higher rate limits and faster downloads.
08:45:10 INFO split files: ['directional_train.jsonl', 'directional_val.jsonl', 'directional_test.jsonl']
08:45:10 INFO scanning max JOINT token length across all splits ...
08:47:31 INFO   observed_max_joint=512 -> max_seq_len=512 (cap=512, scan=141.2s)
08:47:31 INFO loading datasets ...
08:47:33 INFO   schema=standard  train=88000  val=11200  test=11200
08:47:33 INFO building CrossEncoderClassifier  backbone=sentence-transformers/all-MiniLM-L6-v2
Loading weights:   0%|          | 0/103 [00:00<?, ?it/s]Loading weights: 100%|██████████| 103/103 [00:00<00:00, 7426.87it/s]
08:47:34 INFO   hidden_size=384  trainable_params=22,713,601
08:47:34 INFO   total_steps=5500  warmup_steps=550
08:47:39 INFO   e1 step    50/1375  loss=0.7167  acc=0.4928  lr0=1.82e-06 lr1=9.09e-05
08:47:42 INFO   e1 step   100/1375  loss=0.7091  acc=0.4973  lr0=3.64e-06 lr1=1.82e-04
08:47:45 INFO   e1 step   150/1375  loss=0.7052  acc=0.4986  lr0=5.45e-06 lr1=2.73e-04
08:47:48 INFO   e1 step   200/1375  loss=0.7037  acc=0.4998  lr0=7.27e-06 lr1=3.64e-04
08:47:51 INFO   e1 step   250/1375  loss=0.7021  acc=0.5001  lr0=9.09e-06 lr1=4.55e-04
08:47:54 INFO   e1 step   300/1375  loss=0.7010  acc=0.5019  lr0=1.09e-05 lr1=5.45e-04
08:47:57 INFO   e1 step   350/1375  loss=0.6999  acc=0.5050  lr0=1.27e-05 lr1=6.36e-04
08:48:00 INFO   e1 step   400/1375  loss=0.6990  acc=0.5079  lr0=1.45e-05 lr1=7.27e-04
08:48:03 INFO   e1 step   450/1375  loss=0.6978  acc=0.5112  lr0=1.64e-05 lr1=8.18e-04
08:48:06 INFO   e1 step   500/1375  loss=0.6965  acc=0.5148  lr0=1.82e-05 lr1=9.09e-04
08:48:09 INFO   e1 step   550/1375  loss=0.6941  acc=0.5191  lr0=2.00e-05 lr1=1.00e-03
08:48:12 INFO   e1 step   600/1375  loss=0.6917  acc=0.5246  lr0=1.98e-05 lr1=9.90e-04
08:48:16 INFO   e1 step   650/1375  loss=0.6867  acc=0.5325  lr0=1.96e-05 lr1=9.80e-04
08:48:19 INFO   e1 step   700/1375  loss=0.6822  acc=0.5396  lr0=1.94e-05 lr1=9.70e-04
08:48:22 INFO   e1 step   750/1375  loss=0.6768  acc=0.5478  lr0=1.92e-05 lr1=9.60e-04
08:48:25 INFO   e1 step   800/1375  loss=0.6696  acc=0.5581  lr0=1.90e-05 lr1=9.49e-04
08:48:28 INFO   e1 step   850/1375  loss=0.6597  acc=0.5695  lr0=1.88e-05 lr1=9.39e-04
08:48:31 INFO   e1 step   900/1375  loss=0.6485  acc=0.5814  lr0=1.86e-05 lr1=9.29e-04
08:48:34 INFO   e1 step   950/1375  loss=0.6366  acc=0.5936  lr0=1.84e-05 lr1=9.19e-04
08:48:37 INFO   e1 step  1000/1375  loss=0.6237  acc=0.6056  lr0=1.82e-05 lr1=9.09e-04
08:48:40 INFO   e1 step  1050/1375  loss=0.6107  acc=0.6174  lr0=1.80e-05 lr1=8.99e-04
08:48:43 INFO   e1 step  1100/1375  loss=0.5973  acc=0.6286  lr0=1.78e-05 lr1=8.89e-04
08:48:46 INFO   e1 step  1150/1375  loss=0.5830  acc=0.6400  lr0=1.76e-05 lr1=8.79e-04
08:48:50 INFO   e1 step  1200/1375  loss=0.5702  acc=0.6500  lr0=1.74e-05 lr1=8.69e-04
08:48:53 INFO   e1 step  1250/1375  loss=0.5570  acc=0.6601  lr0=1.72e-05 lr1=8.59e-04
08:48:56 INFO   e1 step  1300/1375  loss=0.5443  acc=0.6698  lr0=1.70e-05 lr1=8.48e-04
08:49:00 INFO   e1 step  1350/1375  loss=0.5321  acc=0.6789  lr0=1.68e-05 lr1=8.38e-04
08:49:11 INFO [epoch 1] train_loss=0.5260 train_acc=0.6834  val_loss=0.2470 val_acc=0.9060 val_auc=0.9662  elapsed=97.5s
08:49:12 INFO   saved best.pt  val_acc=0.9060
08:49:15 INFO   e2 step    50/1375  loss=0.1701  acc=0.9403  lr0=1.65e-05 lr1=8.23e-04
08:49:18 INFO   e2 step   100/1375  loss=0.1630  acc=0.9391  lr0=1.63e-05 lr1=8.13e-04
08:49:21 INFO   e2 step   150/1375  loss=0.1608  acc=0.9393  lr0=1.61e-05 lr1=8.03e-04
08:49:24 INFO   e2 step   200/1375  loss=0.1589  acc=0.9408  lr0=1.59e-05 lr1=7.93e-04
08:49:27 INFO   e2 step   250/1375  loss=0.1521  acc=0.9434  lr0=1.57e-05 lr1=7.83e-04
08:49:30 INFO   e2 step   300/1375  loss=0.1493  acc=0.9448  lr0=1.55e-05 lr1=7.73e-04
08:49:33 INFO   e2 step   350/1375  loss=0.1446  acc=0.9470  lr0=1.53e-05 lr1=7.63e-04
08:49:36 INFO   e2 step   400/1375  loss=0.1400  acc=0.9484  lr0=1.51e-05 lr1=7.53e-04
08:49:39 INFO   e2 step   450/1375  loss=0.1365  acc=0.9495  lr0=1.48e-05 lr1=7.42e-04
08:49:42 INFO   e2 step   500/1375  loss=0.1331  acc=0.9510  lr0=1.46e-05 lr1=7.32e-04
08:49:45 INFO   e2 step   550/1375  loss=0.1290  acc=0.9523  lr0=1.44e-05 lr1=7.22e-04
08:49:48 INFO   e2 step   600/1375  loss=0.1249  acc=0.9536  lr0=1.42e-05 lr1=7.12e-04
08:49:51 INFO   e2 step   650/1375  loss=0.1210  acc=0.9552  lr0=1.40e-05 lr1=7.02e-04
08:49:54 INFO   e2 step   700/1375  loss=0.1175  acc=0.9567  lr0=1.38e-05 lr1=6.92e-04
08:49:57 INFO   e2 step   750/1375  loss=0.1152  acc=0.9575  lr0=1.36e-05 lr1=6.82e-04
08:50:00 INFO   e2 step   800/1375  loss=0.1121  acc=0.9587  lr0=1.34e-05 lr1=6.72e-04
08:50:03 INFO   e2 step   850/1375  loss=0.1089  acc=0.9600  lr0=1.32e-05 lr1=6.62e-04
08:50:06 INFO   e2 step   900/1375  loss=0.1062  acc=0.9611  lr0=1.30e-05 lr1=6.52e-04
08:50:09 INFO   e2 step   950/1375  loss=0.1042  acc=0.9619  lr0=1.28e-05 lr1=6.41e-04
08:50:12 INFO   e2 step  1000/1375  loss=0.1017  acc=0.9628  lr0=1.26e-05 lr1=6.31e-04
08:50:16 INFO   e2 step  1050/1375  loss=0.0990  acc=0.9639  lr0=1.24e-05 lr1=6.21e-04
08:50:19 INFO   e2 step  1100/1375  loss=0.0966  acc=0.9648  lr0=1.22e-05 lr1=6.11e-04
08:50:22 INFO   e2 step  1150/1375  loss=0.0947  acc=0.9655  lr0=1.20e-05 lr1=6.01e-04
08:50:25 INFO   e2 step  1200/1375  loss=0.0919  acc=0.9665  lr0=1.18e-05 lr1=5.91e-04
08:50:28 INFO   e2 step  1250/1375  loss=0.0896  acc=0.9674  lr0=1.16e-05 lr1=5.81e-04
08:50:31 INFO   e2 step  1300/1375  loss=0.0880  acc=0.9681  lr0=1.14e-05 lr1=5.71e-04
08:50:34 INFO   e2 step  1350/1375  loss=0.0859  acc=0.9688  lr0=1.12e-05 lr1=5.61e-04
08:50:45 INFO [epoch 2] train_loss=0.0849 train_acc=0.9692  val_loss=0.1726 val_acc=0.9547 val_auc=0.9891  elapsed=93.5s
08:50:45 INFO   saved best.pt  val_acc=0.9547
08:50:49 INFO   e3 step    50/1375  loss=0.0233  acc=0.9916  lr0=1.09e-05 lr1=5.45e-04
08:50:52 INFO   e3 step   100/1375  loss=0.0213  acc=0.9923  lr0=1.07e-05 lr1=5.35e-04
08:50:55 INFO   e3 step   150/1375  loss=0.0230  acc=0.9923  lr0=1.05e-05 lr1=5.25e-04
08:50:58 INFO   e3 step   200/1375  loss=0.0217  acc=0.9924  lr0=1.03e-05 lr1=5.15e-04
08:51:01 INFO   e3 step   250/1375  loss=0.0240  acc=0.9920  lr0=1.01e-05 lr1=5.05e-04
08:51:04 INFO   e3 step   300/1375  loss=0.0239  acc=0.9923  lr0=9.90e-06 lr1=4.95e-04
08:51:07 INFO   e3 step   350/1375  loss=0.0240  acc=0.9924  lr0=9.70e-06 lr1=4.85e-04
08:51:10 INFO   e3 step   400/1375  loss=0.0234  acc=0.9924  lr0=9.49e-06 lr1=4.75e-04
08:51:13 INFO   e3 step   450/1375  loss=0.0227  acc=0.9927  lr0=9.29e-06 lr1=4.65e-04
08:51:16 INFO   e3 step   500/1375  loss=0.0216  acc=0.9931  lr0=9.09e-06 lr1=4.55e-04
08:51:19 INFO   e3 step   550/1375  loss=0.0210  acc=0.9931  lr0=8.89e-06 lr1=4.44e-04
08:51:22 INFO   e3 step   600/1375  loss=0.0206  acc=0.9933  lr0=8.69e-06 lr1=4.34e-04
08:51:25 INFO   e3 step   650/1375  loss=0.0202  acc=0.9933  lr0=8.48e-06 lr1=4.24e-04
08:51:28 INFO   e3 step   700/1375  loss=0.0196  acc=0.9935  lr0=8.28e-06 lr1=4.14e-04
08:51:31 INFO   e3 step   750/1375  loss=0.0190  acc=0.9938  lr0=8.08e-06 lr1=4.04e-04
08:51:34 INFO   e3 step   800/1375  loss=0.0191  acc=0.9938  lr0=7.88e-06 lr1=3.94e-04
08:51:37 INFO   e3 step   850/1375  loss=0.0191  acc=0.9937  lr0=7.68e-06 lr1=3.84e-04
08:51:40 INFO   e3 step   900/1375  loss=0.0190  acc=0.9938  lr0=7.47e-06 lr1=3.74e-04
08:51:43 INFO   e3 step   950/1375  loss=0.0186  acc=0.9939  lr0=7.27e-06 lr1=3.64e-04
08:51:46 INFO   e3 step  1000/1375  loss=0.0184  acc=0.9940  lr0=7.07e-06 lr1=3.54e-04
08:51:49 INFO   e3 step  1050/1375  loss=0.0180  acc=0.9941  lr0=6.87e-06 lr1=3.43e-04
08:51:52 INFO   e3 step  1100/1375  loss=0.0176  acc=0.9943  lr0=6.67e-06 lr1=3.33e-04
08:51:55 INFO   e3 step  1150/1375  loss=0.0172  acc=0.9944  lr0=6.46e-06 lr1=3.23e-04
08:51:58 INFO   e3 step  1200/1375  loss=0.0169  acc=0.9945  lr0=6.26e-06 lr1=3.13e-04
08:52:01 INFO   e3 step  1250/1375  loss=0.0168  acc=0.9946  lr0=6.06e-06 lr1=3.03e-04
08:52:04 INFO   e3 step  1300/1375  loss=0.0167  acc=0.9946  lr0=5.86e-06 lr1=2.93e-04
08:52:07 INFO   e3 step  1350/1375  loss=0.0165  acc=0.9947  lr0=5.66e-06 lr1=2.83e-04
08:52:19 INFO [epoch 3] train_loss=0.0165 train_acc=0.9947  val_loss=0.1538 val_acc=0.9731 val_auc=0.9917  elapsed=93.4s
08:52:19 INFO   saved best.pt  val_acc=0.9731
08:52:22 INFO   e4 step    50/1375  loss=0.0026  acc=0.9997  lr0=5.35e-06 lr1=2.68e-04
08:52:25 INFO   e4 step   100/1375  loss=0.0062  acc=0.9986  lr0=5.15e-06 lr1=2.58e-04
08:52:28 INFO   e4 step   150/1375  loss=0.0068  acc=0.9984  lr0=4.95e-06 lr1=2.47e-04
08:52:31 INFO   e4 step   200/1375  loss=0.0067  acc=0.9984  lr0=4.75e-06 lr1=2.37e-04
08:52:34 INFO   e4 step   250/1375  loss=0.0071  acc=0.9980  lr0=4.55e-06 lr1=2.27e-04
08:52:37 INFO   e4 step   300/1375  loss=0.0068  acc=0.9981  lr0=4.34e-06 lr1=2.17e-04
08:52:40 INFO   e4 step   350/1375  loss=0.0064  acc=0.9982  lr0=4.14e-06 lr1=2.07e-04
08:52:43 INFO   e4 step   400/1375  loss=0.0057  acc=0.9984  lr0=3.94e-06 lr1=1.97e-04
08:52:46 INFO   e4 step   450/1375  loss=0.0056  acc=0.9984  lr0=3.74e-06 lr1=1.87e-04
08:52:49 INFO   e4 step   500/1375  loss=0.0053  acc=0.9985  lr0=3.54e-06 lr1=1.77e-04
08:52:52 INFO   e4 step   550/1375  loss=0.0054  acc=0.9985  lr0=3.33e-06 lr1=1.67e-04
08:52:55 INFO   e4 step   600/1375  loss=0.0053  acc=0.9985  lr0=3.13e-06 lr1=1.57e-04
08:52:58 INFO   e4 step   650/1375  loss=0.0051  acc=0.9985  lr0=2.93e-06 lr1=1.46e-04
08:53:01 INFO   e4 step   700/1375  loss=0.0053  acc=0.9985  lr0=2.73e-06 lr1=1.36e-04
08:53:04 INFO   e4 step   750/1375  loss=0.0052  acc=0.9985  lr0=2.53e-06 lr1=1.26e-04
08:53:07 INFO   e4 step   800/1375  loss=0.0051  acc=0.9984  lr0=2.32e-06 lr1=1.16e-04
08:53:10 INFO   e4 step   850/1375  loss=0.0055  acc=0.9984  lr0=2.12e-06 lr1=1.06e-04
08:53:13 INFO   e4 step   900/1375  loss=0.0055  acc=0.9984  lr0=1.92e-06 lr1=9.60e-05
08:53:17 INFO   e4 step   950/1375  loss=0.0055  acc=0.9984  lr0=1.72e-06 lr1=8.59e-05
08:53:20 INFO   e4 step  1000/1375  loss=0.0054  acc=0.9984  lr0=1.52e-06 lr1=7.58e-05
08:53:23 INFO   e4 step  1050/1375  loss=0.0052  acc=0.9985  lr0=1.31e-06 lr1=6.57e-05
08:53:26 INFO   e4 step  1100/1375  loss=0.0052  acc=0.9985  lr0=1.11e-06 lr1=5.56e-05
08:53:29 INFO   e4 step  1150/1375  loss=0.0051  acc=0.9985  lr0=9.09e-07 lr1=4.55e-05
08:53:32 INFO   e4 step  1200/1375  loss=0.0050  acc=0.9985  lr0=7.07e-07 lr1=3.54e-05
08:53:35 INFO   e4 step  1250/1375  loss=0.0053  acc=0.9985  lr0=5.05e-07 lr1=2.53e-05
08:53:38 INFO   e4 step  1300/1375  loss=0.0055  acc=0.9984  lr0=3.03e-07 lr1=1.52e-05
08:53:41 INFO   e4 step  1350/1375  loss=0.0054  acc=0.9985  lr0=1.01e-07 lr1=5.05e-06
08:53:52 INFO [epoch 4] train_loss=0.0054 train_acc=0.9985  val_loss=0.1367 val_acc=0.9776 val_auc=0.9931  elapsed=93.5s
08:53:52 INFO   saved best.pt  val_acc=0.9776
08:53:53 INFO loading best.pt for test eval
08:54:02 INFO [test] loss=0.2325  acc=0.9663  auc=0.9862  f1=0.9666
08:54:02 INFO [done] run_summary.json written to /mnt/localssd/crossencoder_sweep/runs/ajo_doc_not_tier1/all-MiniLM-L6-v2
