11:32:59 INFO run_dir=/mnt/localssd/causal-embedding-research/automation/internship-causal-embedding/runs/crossencoder2x_deberta_reasoning/v2_res_alpha07_ep12  device=cuda  bf16=True
11:33:00 INFO tokenizer <- microsoft/deberta-v3-large
11:33:00 INFO scanning max joint token length across all splits …
11:33:21 INFO   observed max=512  -> max_seq_len=512  (scan 20.3s)
11:33:21 INFO scanning max reasoning token length across all splits …
11:33:30 INFO   observed max=261  -> max_reason_len=277  (scan 9.4s)
11:33:30 INFO loading datasets …
11:33:31 INFO   train=38731  val=3954  test=4984
11:33:31 INFO building CrossEncoder2xWithReasoning  backbone=microsoft/deberta-v3-large  n_layers=24  native=True  decoder_layers=4 …
11:33:32 INFO   total params=501,611,621
11:33:32 INFO   total_steps=7260  warmup_steps=726
11:35:21 INFO   e1 opt_step=50/7260  loss=10.5324  cls_loss=0.7059  decoder_loss=14.0387  acc=0.5016  lr=6.89e-07
11:37:08 INFO   e1 opt_step=100/7260  loss=9.5579  cls_loss=0.7057  decoder_loss=12.6495  acc=0.5058  lr=1.38e-06
11:38:52 INFO   e1 opt_step=150/7260  loss=8.5290  cls_loss=0.7054  decoder_loss=11.1772  acc=0.5034  lr=2.07e-06
11:40:35 INFO   e1 opt_step=200/7260  loss=7.8304  cls_loss=0.7035  decoder_loss=10.1963  acc=0.5045  lr=2.75e-06
11:42:20 INFO   e1 opt_step=250/7260  loss=7.3549  cls_loss=0.7027  decoder_loss=9.5229  acc=0.5064  lr=3.44e-06
11:44:05 INFO   e1 opt_step=300/7260  loss=7.0114  cls_loss=0.7020  decoder_loss=9.0306  acc=0.5058  lr=4.13e-06
11:45:50 INFO   e1 opt_step=350/7260  loss=6.7399  cls_loss=0.7021  decoder_loss=8.6438  acc=0.5059  lr=4.82e-06
11:47:35 INFO   e1 opt_step=400/7260  loss=6.5097  cls_loss=0.7004  decoder_loss=8.3181  acc=0.5088  lr=5.51e-06
11:49:18 INFO   e1 opt_step=450/7260  loss=6.3062  cls_loss=0.6980  decoder_loss=8.0254  acc=0.5142  lr=6.20e-06
11:51:01 INFO   e1 opt_step=500/7260  loss=6.1178  cls_loss=0.6944  decoder_loss=7.7599  acc=0.5209  lr=6.89e-06
11:52:48 INFO   e1 opt_step=550/7260  loss=5.9462  cls_loss=0.6907  decoder_loss=7.5202  acc=0.5284  lr=7.58e-06
11:54:34 INFO   e1 opt_step=600/7260  loss=5.7888  cls_loss=0.6858  decoder_loss=7.3030  acc=0.5360  lr=8.26e-06
11:55:14 INFO [epoch 1/12]  train_loss=5.7730  train_cls_loss=0.6853  train_decoder_loss=7.2817  train_acc=0.5365  val_loss=3.9015  val_acc=0.6257  val_auc=0.7056  val_decoder_ppl=107.24  elapsed=1301.5s
11:55:15 INFO   [qual 0] gen : You must open the the data before you can can be be be be be be be be be be be be be be be before you can can can can can can can can can be be be be be be be be be before you can can can can can can can can be be before you can can can can can be be be be be be be be be be be be be be be be be be be before you can can can can can can can can can can can can can can can can can can can can can can can can be be be be be be be be be be be be be be be be be before you can can can can can can can can can be be be be be be be be be be before you can can can can be be before you can can can can can can can can can can be be be be be before you can can can can be be be be be be be be be be be be be be before you can can can can can can can can can the data.
11:55:15 INFO   [qual 0] gold: Step B filters the available templates/actions to those supported by the organization, which is a selection/configuration step that determines what gets displayed or generated. Generic actions being generated automatically (Step A) is a result that occurs after such configuration choices are made.
11:55:15 INFO   [qual 1] gen : Step B describes the the data configuration configuration configuration configuration, which is a prerequisite to the Step A describes the data configuration configuration configuration configuration.
11:55:15 INFO   [qual 1] gold: Step A describes selecting or creating an action, which opens the action configuration panel. Step B describes configuring that action by setting the Extension and Action Type fields — which can only be done after an action has been selected or created.
11:55:16 INFO   [qual 2] gen : Step B describes the action action to the action action to the action. Step A describes the action action. Step B describes the action action. Step B describes the action action to the Step B describes the action action.
11:55:16 INFO   [qual 2] gold: Step A describes browsing and selecting the best variant from the AI Assistant panel, which must happen before Step B, where you click "Select" to apply the chosen variant and return to the design space.
11:55:20 INFO   * saved best.pt  val_auc=0.7056
11:56:53 INFO   e2 opt_step=650/7260  loss=3.9181  cls_loss=0.6064  decoder_loss=4.7368  acc=0.6448  lr=8.95e-06
11:58:37 INFO   e2 opt_step=700/7260  loss=3.8662  cls_loss=0.6060  decoder_loss=4.6623  acc=0.6472  lr=9.64e-06
12:00:22 INFO   e2 opt_step=750/7260  loss=3.8080  cls_loss=0.5962  decoder_loss=4.5940  acc=0.6534  lr=9.96e-06
12:02:06 INFO   e2 opt_step=800/7260  loss=3.7612  cls_loss=0.5898  decoder_loss=4.5355  acc=0.6600  lr=9.89e-06
12:03:49 INFO   e2 opt_step=850/7260  loss=3.7162  cls_loss=0.5804  decoder_loss=4.4851  acc=0.6726  lr=9.81e-06
12:05:31 INFO   e2 opt_step=900/7260  loss=3.6756  cls_loss=0.5716  decoder_loss=4.4393  acc=0.6811  lr=9.73e-06
12:07:17 INFO   e2 opt_step=950/7260  loss=3.6377  cls_loss=0.5641  decoder_loss=4.3957  acc=0.6884  lr=9.66e-06
12:09:01 INFO   e2 opt_step=1000/7260  loss=3.6010  cls_loss=0.5563  decoder_loss=4.3546  acc=0.6962  lr=9.58e-06
12:10:48 INFO   e2 opt_step=1050/7260  loss=3.5633  cls_loss=0.5466  decoder_loss=4.3146  acc=0.7051  lr=9.50e-06
12:12:31 INFO   e2 opt_step=1100/7260  loss=3.5304  cls_loss=0.5387  decoder_loss=4.2787  acc=0.7114  lr=9.43e-06
12:14:16 INFO   e2 opt_step=1150/7260  loss=3.4975  cls_loss=0.5296  decoder_loss=4.2452  acc=0.7186  lr=9.35e-06
12:16:00 INFO   e2 opt_step=1200/7260  loss=3.4681  cls_loss=0.5210  decoder_loss=4.2154  acc=0.7252  lr=9.27e-06
12:16:52 INFO [epoch 2/12]  train_loss=3.4617  train_cls_loss=0.5191  train_decoder_loss=4.2089  train_acc=0.7264  val_loss=3.1119  val_acc=0.7828  val_auc=0.8627  val_decoder_ppl=41.40  elapsed=1291.7s
12:16:52 INFO   [qual 0] gen : You must open the data element before you can select the data can configure its data.
12:16:52 INFO   [qual 0] gold: Step B filters the available templates/actions to those supported by the organization, which is a selection/configuration step that determines what gets displayed or generated. Generic actions being generated automatically (Step A) is a result that occurs after such configuration choices are made.
12:16:52 INFO   [qual 1] gen : Step B describes the action of the action, which is part of the action that must be completed before Step A.
12:16:52 INFO   [qual 1] gold: Step A describes selecting or creating an action, which opens the action configuration panel. Step B describes configuring that action by setting the Extension and Action Type fields — which can only be done after an action has been selected or created.
12:16:52 INFO   [qual 2] gen : Step B describes the action of the action, which is part of the action that must be completed before Step A.
12:16:52 INFO   [qual 2] gold: Step A describes browsing and selecting the best variant from the AI Assistant panel, which must happen before Step B, where you click "Select" to apply the chosen variant and return to the design space.
12:16:57 INFO   * saved best.pt  val_auc=0.8627
12:18:21 INFO   e3 opt_step=1250/7260  loss=3.0522  cls_loss=0.3618  decoder_loss=3.8475  acc=0.8313  lr=9.20e-06
12:20:05 INFO   e3 opt_step=1300/7260  loss=3.0117  cls_loss=0.3444  decoder_loss=3.8134  acc=0.8403  lr=9.12e-06
12:21:52 INFO   e3 opt_step=1350/7260  loss=3.0038  cls_loss=0.3485  decoder_loss=3.7966  acc=0.8393  lr=9.04e-06
12:23:36 INFO   e3 opt_step=1400/7260  loss=2.9935  cls_loss=0.3498  decoder_loss=3.7806  acc=0.8388  lr=8.97e-06
12:25:20 INFO   e3 opt_step=1450/7260  loss=2.9769  cls_loss=0.3466  decoder_loss=3.7616  acc=0.8428  lr=8.89e-06
12:27:03 INFO   e3 opt_step=1500/7260  loss=2.9583  cls_loss=0.3409  decoder_loss=3.7435  acc=0.8462  lr=8.82e-06
12:28:51 INFO   e3 opt_step=1550/7260  loss=2.9451  cls_loss=0.3371  decoder_loss=3.7298  acc=0.8491  lr=8.74e-06
12:30:38 INFO   e3 opt_step=1600/7260  loss=2.9294  cls_loss=0.3330  decoder_loss=3.7136  acc=0.8520  lr=8.66e-06
12:32:22 INFO   e3 opt_step=1650/7260  loss=2.9192  cls_loss=0.3295  decoder_loss=3.7038  acc=0.8539  lr=8.59e-06
12:34:06 INFO   e3 opt_step=1700/7260  loss=2.9067  cls_loss=0.3253  decoder_loss=3.6920  acc=0.8558  lr=8.51e-06
12:35:52 INFO   e3 opt_step=1750/7260  loss=2.8937  cls_loss=0.3212  decoder_loss=3.6794  acc=0.8580  lr=8.43e-06
12:37:36 INFO   e3 opt_step=1800/7260  loss=2.8829  cls_loss=0.3197  decoder_loss=3.6662  acc=0.8590  lr=8.36e-06
12:38:38 INFO [epoch 3/12]  train_loss=2.8781  train_cls_loss=0.3180  train_decoder_loss=3.6618  train_acc=0.8600  val_loss=2.8933  val_acc=0.8171  val_auc=0.9013  val_decoder_ppl=30.32  elapsed=1301.5s
12:38:38 INFO   [qual 0] gen : You must first create the data element before you can access the data to it.
12:38:38 INFO   [qual 0] gold: Step B filters the available templates/actions to those supported by the organization, which is a selection/configuration step that determines what gets displayed or generated. Generic actions being generated automatically (Step A) is a result that occurs after such configuration choices are made.
12:38:39 INFO   [qual 1] gen : Step A describes configuring the action of the action, which is a prerequisite action that must be completed before Step B can be completed.
12:38:39 INFO   [qual 1] gold: Step A describes selecting or creating an action, which opens the action configuration panel. Step B describes configuring that action by setting the Extension and Action Type fields — which can only be done after an action has been selected or created.
12:38:39 INFO   [qual 2] gen : Step A describes configuring the email email email email, which is part of the initial setup step. Step B describes configuring a specific action that must happen before you can configure its content.
12:38:39 INFO   [qual 2] gold: Step A describes browsing and selecting the best variant from the AI Assistant panel, which must happen before Step B, where you click "Select" to apply the chosen variant and return to the design space.
12:38:44 INFO   * saved best.pt  val_auc=0.9013
12:39:59 INFO   e4 opt_step=1850/7260  loss=2.6607  cls_loss=0.1968  decoder_loss=3.5229  acc=0.9241  lr=8.28e-06
12:41:44 INFO   e4 opt_step=1900/7260  loss=2.6394  cls_loss=0.1943  decoder_loss=3.4959  acc=0.9232  lr=8.20e-06
12:43:24 INFO   e4 opt_step=1950/7260  loss=2.6339  cls_loss=0.1971  decoder_loss=3.4849  acc=0.9216  lr=8.13e-06
12:45:10 INFO   e4 opt_step=2000/7260  loss=2.6264  cls_loss=0.1965  decoder_loss=3.4752  acc=0.9231  lr=8.05e-06
12:46:53 INFO   e4 opt_step=2050/7260  loss=2.6221  cls_loss=0.1977  decoder_loss=3.4667  acc=0.9217  lr=7.97e-06
12:48:39 INFO   e4 opt_step=2100/7260  loss=2.6143  cls_loss=0.1979  decoder_loss=3.4553  acc=0.9214  lr=7.90e-06
12:50:21 INFO   e4 opt_step=2150/7260  loss=2.6084  cls_loss=0.1969  decoder_loss=3.4481  acc=0.9221  lr=7.82e-06
12:52:07 INFO   e4 opt_step=2200/7260  loss=2.6026  cls_loss=0.1959  decoder_loss=3.4415  acc=0.9222  lr=7.74e-06
12:53:54 INFO   e4 opt_step=2250/7260  loss=2.5971  cls_loss=0.1953  decoder_loss=3.4346  acc=0.9226  lr=7.67e-06
12:55:40 INFO   e4 opt_step=2300/7260  loss=2.5887  cls_loss=0.1934  decoder_loss=3.4255  acc=0.9229  lr=7.59e-06
12:57:25 INFO   e4 opt_step=2350/7260  loss=2.5823  cls_loss=0.1923  decoder_loss=3.4180  acc=0.9234  lr=7.51e-06
12:59:08 INFO   e4 opt_step=2400/7260  loss=2.5785  cls_loss=0.1926  decoder_loss=3.4120  acc=0.9240  lr=7.44e-06
13:00:19 INFO [epoch 4/12]  train_loss=2.5758  train_cls_loss=0.1919  train_decoder_loss=3.4092  train_acc=0.9244  val_loss=2.7819  val_acc=0.8303  val_auc=0.9124  val_decoder_ppl=25.07  elapsed=1295.6s
13:00:19 INFO   [qual 0] gen : You must create the data element before you can configure its settings.
13:00:19 INFO   [qual 0] gold: Step B filters the available templates/actions to those supported by the organization, which is a selection/configuration step that determines what gets displayed or generated. Generic actions being generated automatically (Step A) is a result that occurs after such configuration choices are made.
13:00:20 INFO   [qual 1] gen : Step A describes configuring the event event, which is part of setting up the configuration, while Step B describes configuring a specific action that would be completed first.
13:00:20 INFO   [qual 1] gold: Step A describes selecting or creating an action, which opens the action configuration panel. Step B describes configuring that action by setting the Extension and Action Type fields — which can only be done after an action has been selected or created.
13:00:20 INFO   [qual 2] gen : Step A describes configuring the campaign, which is part of setting up the campaign, while Step B describes adding a content to the campaign. You must first before you can configure its content.
13:00:20 INFO   [qual 2] gold: Step A describes browsing and selecting the best variant from the AI Assistant panel, which must happen before Step B, where you click "Select" to apply the chosen variant and return to the design space.
13:00:25 INFO   * saved best.pt  val_auc=0.9124
13:01:28 INFO   e5 opt_step=2450/7260  loss=2.4346  cls_loss=0.1162  decoder_loss=3.3172  acc=0.9563  lr=7.36e-06
13:03:13 INFO   e5 opt_step=2500/7260  loss=2.4330  cls_loss=0.1257  decoder_loss=3.3014  acc=0.9529  lr=7.28e-06
13:04:57 INFO   e5 opt_step=2550/7260  loss=2.4330  cls_loss=0.1271  decoder_loss=3.2985  acc=0.9525  lr=7.21e-06
13:06:40 INFO   e5 opt_step=2600/7260  loss=2.4189  cls_loss=0.1211  decoder_loss=3.2873  acc=0.9549  lr=7.13e-06
13:08:23 INFO   e5 opt_step=2650/7260  loss=2.4164  cls_loss=0.1202  decoder_loss=3.2848  acc=0.9553  lr=7.06e-06
13:10:08 INFO   e5 opt_step=2700/7260  loss=2.4137  cls_loss=0.1207  decoder_loss=3.2800  acc=0.9561  lr=6.98e-06
13:11:55 INFO   e5 opt_step=2750/7260  loss=2.4131  cls_loss=0.1221  decoder_loss=3.2770  acc=0.9548  lr=6.90e-06
13:13:38 INFO   e5 opt_step=2800/7260  loss=2.4112  cls_loss=0.1232  decoder_loss=3.2726  acc=0.9542  lr=6.83e-06
13:15:24 INFO   e5 opt_step=2850/7260  loss=2.4079  cls_loss=0.1233  decoder_loss=3.2675  acc=0.9544  lr=6.75e-06
13:17:10 INFO   e5 opt_step=2900/7260  loss=2.4034  cls_loss=0.1232  decoder_loss=3.2611  acc=0.9549  lr=6.67e-06
13:18:55 INFO   e5 opt_step=2950/7260  loss=2.3990  cls_loss=0.1220  decoder_loss=3.2563  acc=0.9554  lr=6.60e-06
13:20:41 INFO   e5 opt_step=3000/7260  loss=2.3936  cls_loss=0.1208  decoder_loss=3.2504  acc=0.9560  lr=6.52e-06
13:22:03 INFO [epoch 5/12]  train_loss=2.3918  train_cls_loss=0.1207  train_decoder_loss=3.2481  train_acc=0.9561  val_loss=2.7457  val_acc=0.8427  val_auc=0.9148  val_decoder_ppl=22.06  elapsed=1298.4s
13:22:03 INFO   [qual 0] gen : You must create the campaign before you can configure its settings (Step B), as the rule must be completed before you can configure its settings.
13:22:03 INFO   [qual 0] gold: Step B filters the available templates/actions to those supported by the organization, which is a selection/configuration step that determines what gets displayed or generated. Generic actions being generated automatically (Step A) is a result that occurs after such configuration choices are made.
13:22:04 INFO   [qual 1] gen : Step A describes configuring the action (selecting the action), which is a prerequisite action that must be done before Step B's action in the action.
13:22:04 INFO   [qual 1] gold: Step A describes selecting or creating an action, which opens the action configuration panel. Step B describes configuring that action by setting the Extension and Action Type fields — which can only be done after an action has been selected or created.
13:22:04 INFO   [qual 2] gen : Step A describes configuring the campaign and clicking "Create" to the campaign, which is a prerequisite for Step B describes the action of the content editor, which is a prerequisite action that must be completed before you can configure its settings.
13:22:04 INFO   [qual 2] gold: Step A describes browsing and selecting the best variant from the AI Assistant panel, which must happen before Step B, where you click "Select" to apply the chosen variant and return to the design space.
13:22:09 INFO   * saved best.pt  val_auc=0.9148
13:22:59 INFO   e6 opt_step=3050/7260  loss=2.2796  cls_loss=0.0700  decoder_loss=3.1589  acc=0.9775  lr=6.44e-06
13:24:42 INFO   e6 opt_step=3100/7260  loss=2.2835  cls_loss=0.0757  decoder_loss=3.1583  acc=0.9738  lr=6.37e-06
13:26:26 INFO   e6 opt_step=3150/7260  loss=2.2780  cls_loss=0.0745  decoder_loss=3.1521  acc=0.9741  lr=6.29e-06
13:28:12 INFO   e6 opt_step=3200/7260  loss=2.2777  cls_loss=0.0730  decoder_loss=3.1540  acc=0.9738  lr=6.21e-06
13:29:58 INFO   e6 opt_step=3250/7260  loss=2.2806  cls_loss=0.0776  decoder_loss=3.1513  acc=0.9728  lr=6.14e-06
13:31:42 INFO   e6 opt_step=3300/7260  loss=2.2791  cls_loss=0.0786  decoder_loss=3.1475  acc=0.9724  lr=6.06e-06
13:33:26 INFO   e6 opt_step=3350/7260  loss=2.2793  cls_loss=0.0821  decoder_loss=3.1431  acc=0.9708  lr=5.98e-06
13:35:10 INFO   e6 opt_step=3400/7260  loss=2.2759  cls_loss=0.0813  decoder_loss=3.1393  acc=0.9712  lr=5.91e-06
13:36:54 INFO   e6 opt_step=3450/7260  loss=2.2746  cls_loss=0.0816  decoder_loss=3.1371  acc=0.9708  lr=5.83e-06
13:38:42 INFO   e6 opt_step=3500/7260  loss=2.2711  cls_loss=0.0808  decoder_loss=3.1333  acc=0.9712  lr=5.75e-06
13:40:28 INFO   e6 opt_step=3550/7260  loss=2.2671  cls_loss=0.0812  decoder_loss=3.1271  acc=0.9712  lr=5.68e-06
13:42:12 INFO   e6 opt_step=3600/7260  loss=2.2659  cls_loss=0.0812  decoder_loss=3.1255  acc=0.9713  lr=5.60e-06
13:43:47 INFO [epoch 6/12]  train_loss=2.2639  train_cls_loss=0.0803  train_decoder_loss=3.1238  train_acc=0.9718  val_loss=2.9180  val_acc=0.8376  val_auc=0.9112  val_decoder_ppl=20.06  elapsed=1298.6s
13:43:48 INFO   [qual 0] gen : Step B involves selecting a schema, which is part of setting up the configuration, while Step A involves selecting a specific configuration, which is a prerequisite action that follows after the configuration has been configured.
13:43:48 INFO   [qual 0] gold: Step B filters the available templates/actions to those supported by the organization, which is a selection/configuration step that determines what gets displayed or generated. Generic actions being generated automatically (Step A) is a result that occurs after such configuration choices are made.
13:43:48 INFO   [qual 1] gen : Step A describes configuring the action (selecting/configuring the event), which is part of setting up the action. Step B describes configuring a specific action, which is a prerequisite action that occurs after the action has been added and configured.
13:43:48 INFO   [qual 1] gold: Step A describes selecting or creating an action, which opens the action configuration panel. Step B describes configuring that action by setting the Extension and Action Type fields — which can only be done after an action has been selected or created.
13:43:48 INFO   [qual 2] gen : Step A describes configuring the campaign, which is part of the initial setup process. Step B describes editing and saving the content, which is a prerequisite for the final action. You must first before you can configure its content.
13:43:48 INFO   [qual 2] gold: Step A describes browsing and selecting the best variant from the AI Assistant panel, which must happen before Step B, where you click "Select" to apply the chosen variant and return to the design space.
13:44:33 INFO   e7 opt_step=3650/7260  loss=2.1851  cls_loss=0.0243  decoder_loss=3.0911  acc=0.9922  lr=5.52e-06
13:46:19 INFO   e7 opt_step=3700/7260  loss=2.1893  cls_loss=0.0409  decoder_loss=3.0749  acc=0.9871  lr=5.45e-06
13:48:02 INFO   e7 opt_step=3750/7260  loss=2.1859  cls_loss=0.0424  decoder_loss=3.0663  acc=0.9857  lr=5.37e-06
13:49:44 INFO   e7 opt_step=3800/7260  loss=2.1850  cls_loss=0.0450  decoder_loss=3.0619  acc=0.9848  lr=5.30e-06
13:51:28 INFO   e7 opt_step=3850/7260  loss=2.1863  cls_loss=0.0478  decoder_loss=3.0597  acc=0.9836  lr=5.22e-06
13:53:13 INFO   e7 opt_step=3900/7260  loss=2.1822  cls_loss=0.0495  decoder_loss=3.0509  acc=0.9826  lr=5.14e-06
13:54:57 INFO   e7 opt_step=3950/7260  loss=2.1806  cls_loss=0.0509  decoder_loss=3.0470  acc=0.9822  lr=5.07e-06
13:56:42 INFO   e7 opt_step=4000/7260  loss=2.1804  cls_loss=0.0514  decoder_loss=3.0460  acc=0.9821  lr=4.99e-06
13:58:27 INFO   e7 opt_step=4050/7260  loss=2.1781  cls_loss=0.0521  decoder_loss=3.0415  acc=0.9820  lr=4.91e-06
14:00:10 INFO   e7 opt_step=4100/7260  loss=2.1751  cls_loss=0.0512  decoder_loss=3.0385  acc=0.9823  lr=4.84e-06
14:01:53 INFO   e7 opt_step=4150/7260  loss=2.1733  cls_loss=0.0517  decoder_loss=3.0352  acc=0.9825  lr=4.76e-06
14:03:38 INFO   e7 opt_step=4200/7260  loss=2.1718  cls_loss=0.0521  decoder_loss=3.0324  acc=0.9823  lr=4.68e-06
14:05:21 INFO [epoch 7/12]  train_loss=2.1704  train_cls_loss=0.0520  train_decoder_loss=3.0302  train_acc=0.9824  val_loss=2.8344  val_acc=0.8450  val_auc=0.9145  val_decoder_ppl=18.60  elapsed=1290.0s
14:05:21 INFO   [qual 0] gen : Step B involves configuring the event type, which is part of setting up the configuration process, while Step A describes configuring a specific configuration action that occurs after the configuration is already-configured action.
14:05:21 INFO   [qual 0] gold: Step B filters the available templates/actions to those supported by the organization, which is a selection/configuration step that determines what gets displayed or generated. Generic actions being generated automatically (Step A) is a result that occurs after such configuration choices are made.
14:05:21 INFO   [qual 1] gen : Step A describes configuring the action type (selecting/configuring the rule), which is a prerequisite action that must be done before Step B can configure its settings.
14:05:21 INFO   [qual 1] gold: Step A describes selecting or creating an action, which opens the action configuration panel. Step B describes configuring that action by setting the Extension and Action Type fields — which can only be done after an action has been selected or created.
14:05:22 INFO   [qual 2] gen : Step A describes editing and editing content, which must happen before Step B, where you need to edit the content before you can edit and save it.
14:05:22 INFO   [qual 2] gold: Step A describes browsing and selecting the best variant from the AI Assistant panel, which must happen before Step B, where you click "Select" to apply the chosen variant and return to the design space.
14:05:55 INFO   e8 opt_step=4250/7260  loss=2.0812  cls_loss=0.0258  decoder_loss=2.9406  acc=0.9906  lr=4.61e-06
14:07:43 INFO   e8 opt_step=4300/7260  loss=2.1076  cls_loss=0.0271  decoder_loss=2.9760  acc=0.9906  lr=4.53e-06
14:09:24 INFO   e8 opt_step=4350/7260  loss=2.1118  cls_loss=0.0312  decoder_loss=2.9750  acc=0.9898  lr=4.45e-06
14:11:06 INFO   e8 opt_step=4400/7260  loss=2.1112  cls_loss=0.0313  decoder_loss=2.9739  acc=0.9899  lr=4.38e-06
14:12:51 INFO   e8 opt_step=4450/7260  loss=2.1121  cls_loss=0.0327  decoder_loss=2.9735  acc=0.9893  lr=4.30e-06
14:14:35 INFO   e8 opt_step=4500/7260  loss=2.1099  cls_loss=0.0343  decoder_loss=2.9688  acc=0.9892  lr=4.22e-06
14:16:20 INFO   e8 opt_step=4550/7260  loss=2.1084  cls_loss=0.0346  decoder_loss=2.9664  acc=0.9893  lr=4.15e-06
14:18:03 INFO   e8 opt_step=4600/7260  loss=2.1081  cls_loss=0.0364  decoder_loss=2.9636  acc=0.9885  lr=4.07e-06
14:19:50 INFO   e8 opt_step=4650/7260  loss=2.1059  cls_loss=0.0361  decoder_loss=2.9609  acc=0.9887  lr=3.99e-06
14:21:34 INFO   e8 opt_step=4700/7260  loss=2.1040  cls_loss=0.0364  decoder_loss=2.9578  acc=0.9886  lr=3.92e-06
14:23:18 INFO   e8 opt_step=4750/7260  loss=2.1014  cls_loss=0.0366  decoder_loss=2.9538  acc=0.9885  lr=3.84e-06
14:25:03 INFO   e8 opt_step=4800/7260  loss=2.0997  cls_loss=0.0365  decoder_loss=2.9513  acc=0.9886  lr=3.76e-06
14:26:56 INFO [epoch 8/12]  train_loss=2.0993  train_cls_loss=0.0373  train_decoder_loss=2.9498  train_acc=0.9884  val_loss=2.8523  val_acc=0.8490  val_auc=0.9140  val_decoder_ppl=17.42  elapsed=1291.9s
14:26:56 INFO   [qual 0] gen : Step B (selecting the "Add action") is a prerequisite action that must be done before Step A, as the configuration is a prerequisite action that occurs after the configuration has been configured.
14:26:56 INFO   [qual 0] gold: Step B filters the available templates/actions to those supported by the organization, which is a selection/configuration step that determines what gets displayed or generated. Generic actions being generated automatically (Step A) is a result that occurs after such configuration choices are made.
14:26:56 INFO   [qual 1] gen : Step A describes configuring the action type, which is part of setting up the action, while Step B describes selecting a specific action (selecting a rule), which is a subsequent action that occurs after the action has been configured.
14:26:56 INFO   [qual 1] gold: Step A describes selecting or creating an action, which opens the action configuration panel. Step B describes configuring that action by setting the Extension and Action Type fields — which can only be done after an action has been selected or created.
14:26:57 INFO   [qual 2] gen : Step A describes selecting a content, which is a prerequisite for Step B, which is a prerequisite for editing content. You must first before you can review and edit the content.
14:26:57 INFO   [qual 2] gold: Step A describes browsing and selecting the best variant from the AI Assistant panel, which must happen before Step B, where you click "Select" to apply the chosen variant and return to the design space.
14:27:20 INFO   e9 opt_step=4850/7260  loss=2.0707  cls_loss=0.0132  decoder_loss=2.9435  acc=0.9969  lr=3.69e-06
14:29:05 INFO   e9 opt_step=4900/7260  loss=2.0493  cls_loss=0.0230  decoder_loss=2.8990  acc=0.9917  lr=3.61e-06
14:30:48 INFO   e9 opt_step=4950/7260  loss=2.0572  cls_loss=0.0215  decoder_loss=2.9120  acc=0.9926  lr=3.54e-06
14:32:30 INFO   e9 opt_step=5000/7260  loss=2.0547  cls_loss=0.0215  decoder_loss=2.9091  acc=0.9927  lr=3.46e-06
14:34:13 INFO   e9 opt_step=5050/7260  loss=2.0556  cls_loss=0.0220  decoder_loss=2.9096  acc=0.9927  lr=3.38e-06
14:35:58 INFO   e9 opt_step=5100/7260  loss=2.0528  cls_loss=0.0221  decoder_loss=2.9054  acc=0.9931  lr=3.31e-06
14:37:43 INFO   e9 opt_step=5150/7260  loss=2.0528  cls_loss=0.0227  decoder_loss=2.9045  acc=0.9928  lr=3.23e-06
14:39:29 INFO   e9 opt_step=5200/7260  loss=2.0488  cls_loss=0.0221  decoder_loss=2.8993  acc=0.9930  lr=3.15e-06
14:41:13 INFO   e9 opt_step=5250/7260  loss=2.0455  cls_loss=0.0215  decoder_loss=2.8956  acc=0.9930  lr=3.08e-06
14:42:56 INFO   e9 opt_step=5300/7260  loss=2.0419  cls_loss=0.0212  decoder_loss=2.8910  acc=0.9930  lr=3.00e-06
14:44:40 INFO   e9 opt_step=5350/7260  loss=2.0406  cls_loss=0.0214  decoder_loss=2.8886  acc=0.9930  lr=2.92e-06
14:46:26 INFO   e9 opt_step=5400/7260  loss=2.0399  cls_loss=0.0222  decoder_loss=2.8865  acc=0.9929  lr=2.85e-06
14:48:31 INFO [epoch 9/12]  train_loss=2.0380  train_cls_loss=0.0226  train_decoder_loss=2.8830  train_acc=0.9926  val_loss=2.9727  val_acc=0.8528  val_auc=0.9062  val_decoder_ppl=16.59  elapsed=1292.4s
14:48:32 INFO   [qual 0] gen : Selecting the audience (Step B) is a prerequisite configuration step that must be done before you can configure its settings.
14:48:32 INFO   [qual 0] gold: Step B filters the available templates/actions to those supported by the organization, which is a selection/configuration step that determines what gets displayed or generated. Generic actions being generated automatically (Step A) is a result that occurs after such configuration choices are made.
14:48:32 INFO   [qual 1] gen : Step A describes configuring the action type, which is part of setting up the action. Step B describes selecting a rule, which is a configuration action that occurs after the action has been added.
14:48:32 INFO   [qual 1] gold: Step A describes selecting or creating an action, which opens the action configuration panel. Step B describes configuring that action by setting the Extension and Action Type fields — which can only be done after an action has been selected or created.
14:48:32 INFO   [qual 2] gen : Step A describes selecting the content, which is a prerequisite for Step B, which is a prerequisite for Step A. You must first before you can select and select the content.
14:48:32 INFO   [qual 2] gold: Step A describes browsing and selecting the best variant from the AI Assistant panel, which must happen before Step B, where you click "Select" to apply the chosen variant and return to the design space.
14:48:45 INFO   e10 opt_step=5450/7260  loss=2.0547  cls_loss=0.0256  decoder_loss=2.9042  acc=0.9906  lr=2.77e-06
14:50:33 INFO   e10 opt_step=5500/7260  loss=2.0222  cls_loss=0.0158  decoder_loss=2.8699  acc=0.9946  lr=2.69e-06
14:52:16 INFO   e10 opt_step=5550/7260  loss=2.0104  cls_loss=0.0146  decoder_loss=2.8536  acc=0.9955  lr=2.62e-06
14:54:00 INFO   e10 opt_step=5600/7260  loss=2.0075  cls_loss=0.0142  decoder_loss=2.8505  acc=0.9958  lr=2.54e-06
14:55:44 INFO   e10 opt_step=5650/7260  loss=2.0049  cls_loss=0.0140  decoder_loss=2.8472  acc=0.9959  lr=2.46e-06
14:57:27 INFO   e10 opt_step=5700/7260  loss=2.0038  cls_loss=0.0153  decoder_loss=2.8441  acc=0.9957  lr=2.39e-06
14:59:13 INFO   e10 opt_step=5750/7260  loss=1.9993  cls_loss=0.0144  decoder_loss=2.8388  acc=0.9958  lr=2.31e-06
15:00:58 INFO   e10 opt_step=5800/7260  loss=1.9984  cls_loss=0.0144  decoder_loss=2.8376  acc=0.9956  lr=2.23e-06
15:02:44 INFO   e10 opt_step=5850/7260  loss=1.9978  cls_loss=0.0144  decoder_loss=2.8369  acc=0.9954  lr=2.16e-06
15:04:27 INFO   e10 opt_step=5900/7260  loss=1.9972  cls_loss=0.0148  decoder_loss=2.8356  acc=0.9953  lr=2.08e-06
15:06:15 INFO   e10 opt_step=5950/7260  loss=1.9969  cls_loss=0.0155  decoder_loss=2.8341  acc=0.9951  lr=2.00e-06
15:08:00 INFO   e10 opt_step=6000/7260  loss=1.9960  cls_loss=0.0152  decoder_loss=2.8335  acc=0.9952  lr=1.93e-06
15:09:43 INFO   e10 opt_step=6050/7260  loss=1.9947  cls_loss=0.0151  decoder_loss=2.8319  acc=0.9951  lr=1.85e-06
15:10:13 INFO [epoch 10/12]  train_loss=1.9947  train_cls_loss=0.0151  train_decoder_loss=2.8320  train_acc=0.9951  val_loss=2.9916  val_acc=0.8553  val_auc=0.9056  val_decoder_ppl=15.97  elapsed=1298.9s
15:10:14 INFO   [qual 0] gen : Selecting the audience (Step B) is a prerequisite configuration step that must be completed before configuring the channel (Step A), as the configuration is a prerequisite for the configuration.
15:10:14 INFO   [qual 0] gold: Step B filters the available templates/actions to those supported by the organization, which is a selection/configuration step that determines what gets displayed or generated. Generic actions being generated automatically (Step A) is a result that occurs after such configuration choices are made.
15:10:14 INFO   [qual 1] gen : Step A describes configuring the action type (selecting the action), which is part of setting up the action type. Step B describes configuring the action type, which is a subsequent action that occurs after the action has been configured.
15:10:14 INFO   [qual 1] gold: Step A describes selecting or creating an action, which opens the action configuration panel. Step B describes configuring that action by setting the Extension and Action Type fields — which can only be done after an action has been selected or created.
15:10:14 INFO   [qual 2] gen : Step A describes selecting the AI Assistant to generate content, which is a prerequisite for Step B, which is a later-stage action that can only occur after the content has been selected and configured.
15:10:14 INFO   [qual 2] gold: Step A describes browsing and selecting the best variant from the AI Assistant panel, which must happen before Step B, where you click "Select" to apply the chosen variant and return to the design space.
15:12:00 INFO   e11 opt_step=6100/7260  loss=1.9818  cls_loss=0.0213  decoder_loss=2.8052  acc=0.9938  lr=1.78e-06
15:13:47 INFO   e11 opt_step=6150/7260  loss=1.9698  cls_loss=0.0166  decoder_loss=2.7953  acc=0.9955  lr=1.70e-06
15:15:30 INFO   e11 opt_step=6200/7260  loss=1.9670  cls_loss=0.0133  decoder_loss=2.7954  acc=0.9962  lr=1.62e-06
15:17:16 INFO   e11 opt_step=6250/7260  loss=1.9680  cls_loss=0.0119  decoder_loss=2.7990  acc=0.9965  lr=1.55e-06
15:19:03 INFO   e11 opt_step=6300/7260  loss=1.9693  cls_loss=0.0135  decoder_loss=2.7988  acc=0.9961  lr=1.47e-06
15:20:47 INFO   e11 opt_step=6350/7260  loss=1.9712  cls_loss=0.0135  decoder_loss=2.8018  acc=0.9961  lr=1.39e-06
15:22:31 INFO   e11 opt_step=6400/7260  loss=1.9702  cls_loss=0.0133  decoder_loss=2.8003  acc=0.9961  lr=1.32e-06
15:24:15 INFO   e11 opt_step=6450/7260  loss=1.9684  cls_loss=0.0128  decoder_loss=2.7985  acc=0.9962  lr=1.24e-06
15:26:01 INFO   e11 opt_step=6500/7260  loss=1.9667  cls_loss=0.0123  decoder_loss=2.7968  acc=0.9964  lr=1.16e-06
15:27:46 INFO   e11 opt_step=6550/7260  loss=1.9667  cls_loss=0.0119  decoder_loss=2.7972  acc=0.9966  lr=1.09e-06
15:29:33 INFO   e11 opt_step=6600/7260  loss=1.9659  cls_loss=0.0122  decoder_loss=2.7956  acc=0.9965  lr=1.01e-06
15:31:14 INFO   e11 opt_step=6650/7260  loss=1.9664  cls_loss=0.0124  decoder_loss=2.7960  acc=0.9964  lr=9.34e-07
15:31:53 INFO [epoch 11/12]  train_loss=1.9665  train_cls_loss=0.0126  train_decoder_loss=2.7959  train_acc=0.9964  val_loss=3.0374  val_acc=0.8556  val_auc=0.9030  val_decoder_ppl=15.62  elapsed=1297.0s
15:31:54 INFO   [qual 0] gen : Step B (selecting the "Add action") is a prerequisite configuration step that must be completed before you can configure its settings (Step A).
15:31:54 INFO   [qual 0] gold: Step B filters the available templates/actions to those supported by the organization, which is a selection/configuration step that determines what gets displayed or generated. Generic actions being generated automatically (Step A) is a result that occurs after such configuration choices are made.
15:31:54 INFO   [qual 1] gen : Step A describes configuring the action type (selecting the action), which is part of setting up the action configuration. Step B describes configuring a rule, which is a subsequent action that follows after the action has been created.
15:31:54 INFO   [qual 1] gold: Step A describes selecting or creating an action, which opens the action configuration panel. Step B describes configuring that action by setting the Extension and Action Type fields — which can only be done after an action has been selected or created.
15:31:54 INFO   [qual 2] gen : Step A describes selecting the AI Assistant to generate content, which is a prerequisite for Step B, which is a later-stage action that can only occur after the content has been selected and activated.
15:31:54 INFO   [qual 2] gold: Step A describes browsing and selecting the best variant from the AI Assistant panel, which must happen before Step B, where you click "Select" to apply the chosen variant and return to the design space.
15:33:33 INFO   e12 opt_step=6700/7260  loss=1.9535  cls_loss=0.0104  decoder_loss=2.7800  acc=0.9972  lr=8.57e-07
15:35:19 INFO   e12 opt_step=6750/7260  loss=1.9478  cls_loss=0.0082  decoder_loss=2.7753  acc=0.9974  lr=7.81e-07
15:37:00 INFO   e12 opt_step=6800/7260  loss=1.9531  cls_loss=0.0083  decoder_loss=2.7821  acc=0.9976  lr=7.04e-07
15:38:46 INFO   e12 opt_step=6850/7260  loss=1.9555  cls_loss=0.0086  decoder_loss=2.7847  acc=0.9976  lr=6.27e-07
15:40:31 INFO   e12 opt_step=6900/7260  loss=1.9544  cls_loss=0.0082  decoder_loss=2.7840  acc=0.9975  lr=5.51e-07
15:42:16 INFO   e12 opt_step=6950/7260  loss=1.9542  cls_loss=0.0090  decoder_loss=2.7828  acc=0.9974  lr=4.74e-07
15:43:59 INFO   e12 opt_step=7000/7260  loss=1.9530  cls_loss=0.0092  decoder_loss=2.7807  acc=0.9974  lr=3.98e-07
15:45:43 INFO   e12 opt_step=7050/7260  loss=1.9508  cls_loss=0.0093  decoder_loss=2.7772  acc=0.9973  lr=3.21e-07
15:47:30 INFO   e12 opt_step=7100/7260  loss=1.9509  cls_loss=0.0094  decoder_loss=2.7773  acc=0.9974  lr=2.45e-07
15:49:16 INFO   e12 opt_step=7150/7260  loss=1.9514  cls_loss=0.0102  decoder_loss=2.7771  acc=0.9973  lr=1.68e-07
15:51:00 INFO   e12 opt_step=7200/7260  loss=1.9513  cls_loss=0.0100  decoder_loss=2.7769  acc=0.9973  lr=9.18e-08
15:52:42 INFO   e12 opt_step=7250/7260  loss=1.9505  cls_loss=0.0096  decoder_loss=2.7766  acc=0.9975  lr=1.53e-08
15:53:34 INFO [epoch 12/12]  train_loss=1.9504  train_cls_loss=0.0097  train_decoder_loss=2.7763  train_acc=0.9975  val_loss=3.0393  val_acc=0.8563  val_auc=0.9034  val_decoder_ppl=15.48  elapsed=1296.5s
15:53:34 INFO   [qual 0] gen : Selecting the channel (Step B) is a prerequisite configuration step that must be done before configuring the channel (Step A), as the configuration is a prerequisite for the configuration.
15:53:34 INFO   [qual 0] gold: Step B filters the available templates/actions to those supported by the organization, which is a selection/configuration step that determines what gets displayed or generated. Generic actions being generated automatically (Step A) is a result that occurs after such configuration choices are made.
15:53:34 INFO   [qual 1] gen : Step A describes configuring the action type (selecting the action), which is part of setting up the action type. Step B describes configuring the action type, which is a subsequent action that occurs after the action has been configured.
15:53:34 INFO   [qual 1] gold: Step A describes selecting or creating an action, which opens the action configuration panel. Step B describes configuring that action by setting the Extension and Action Type fields — which can only be done after an action has been selected or created.
15:53:34 INFO   [qual 2] gen : Step A describes selecting the AI Assistant to generate content, which is a prerequisite for Step B, which is a later-stage action that can only occur after the content has been selected and activated.
15:53:34 INFO   [qual 2] gold: Step A describes browsing and selecting the best variant from the AI Assistant panel, which must happen before Step B, where you click "Select" to apply the chosen variant and return to the design space.
15:53:39 INFO saved final.pt  total_time=15607s
15:53:39 INFO loading best.pt for final val/test evaluation …
15:54:10 INFO [val]  acc=0.8427  auc=0.9148  f1=0.8412  decoder_ppl=22.06
15:54:45 INFO [test] loss=2.9219  acc=0.8240  auc=0.9003  f1=0.8258  decoder_ppl=24.59
15:54:46 INFO [done] best_val_auc=0.9148  test_acc=0.8240  test_auc=0.9003  results in /mnt/localssd/causal-embedding-research/automation/internship-causal-embedding/runs/crossencoder2x_deberta_reasoning/v2_res_alpha07_ep12
