08:43:00 INFO run_dir=runs/classifier/ajo_original_data_org_rev
08:43:00 INFO device=cuda  bf16=True
08:43:00 INFO tokenizer <- BAAI/bge-small-en-v1.5
08:43:00 INFO max_seq_len=524 exceeds model cap 512; clamping to 512
08:43:00 INFO max_seq_len=512 (user-provided)
08:43:00 INFO loading datasets
08:43:03 INFO   train=221550  val=12008  test=6004
08:43:03 INFO building DirectionalClassifier on BAAI/bge-small-en-v1.5  head_cfg={'head_type': 'mlp', 'hidden_dims': [512, 128], 'dropout': 0.1, 'activation': 'gelu', 'norm': 'layer'}  n_tiers=0
08:43:04 INFO   hidden_size=384  trainable_params=67,577,089
08:43:04 INFO   total_steps=20772  warmup_steps=2077
08:43:10 INFO   e1 step    50/6924  loss=0.7845  acc=0.5400  lr0=4.81e-07 lr1=2.41e-05
08:43:14 INFO   e1 step   100/6924  loss=0.7182  acc=0.5934  lr0=9.63e-07 lr1=4.81e-05
08:43:19 INFO   e1 step   150/6924  loss=0.6898  acc=0.6190  lr0=1.44e-06 lr1=7.22e-05
08:43:23 INFO   e1 step   200/6924  loss=0.6467  acc=0.6473  lr0=1.93e-06 lr1=9.63e-05
08:43:27 INFO   e1 step   250/6924  loss=0.6205  acc=0.6655  lr0=2.41e-06 lr1=1.20e-04
08:43:32 INFO   e1 step   300/6924  loss=0.5972  acc=0.6821  lr0=2.89e-06 lr1=1.44e-04
08:43:36 INFO   e1 step   350/6924  loss=0.5714  acc=0.7006  lr0=3.37e-06 lr1=1.69e-04
08:43:41 INFO   e1 step   400/6924  loss=0.5501  acc=0.7146  lr0=3.85e-06 lr1=1.93e-04
08:43:45 INFO   e1 step   450/6924  loss=0.5318  acc=0.7272  lr0=4.33e-06 lr1=2.17e-04
08:43:49 INFO   e1 step   500/6924  loss=0.5144  acc=0.7382  lr0=4.81e-06 lr1=2.41e-04
08:43:54 INFO   e1 step   550/6924  loss=0.4992  acc=0.7486  lr0=5.30e-06 lr1=2.65e-04
08:43:58 INFO   e1 step   600/6924  loss=0.4855  acc=0.7574  lr0=5.78e-06 lr1=2.89e-04
08:44:03 INFO   e1 step   650/6924  loss=0.4743  acc=0.7648  lr0=6.26e-06 lr1=3.13e-04
08:44:07 INFO   e1 step   700/6924  loss=0.4629  acc=0.7713  lr0=6.74e-06 lr1=3.37e-04
08:44:12 INFO   e1 step   750/6924  loss=0.4517  acc=0.7783  lr0=7.22e-06 lr1=3.61e-04
08:44:16 INFO   e1 step   800/6924  loss=0.4399  acc=0.7848  lr0=7.70e-06 lr1=3.85e-04
08:44:22 INFO   e1 step   850/6924  loss=0.4296  acc=0.7910  lr0=8.18e-06 lr1=4.09e-04
08:44:27 INFO   e1 step   900/6924  loss=0.4205  acc=0.7964  lr0=8.67e-06 lr1=4.33e-04
08:44:31 INFO   e1 step   950/6924  loss=0.4110  acc=0.8015  lr0=9.15e-06 lr1=4.57e-04
08:44:36 INFO   e1 step  1000/6924  loss=0.4021  acc=0.8065  lr0=9.63e-06 lr1=4.81e-04
08:44:40 INFO   e1 step  1050/6924  loss=0.3932  acc=0.8115  lr0=1.01e-05 lr1=5.06e-04
08:44:45 INFO   e1 step  1100/6924  loss=0.3853  acc=0.8159  lr0=1.06e-05 lr1=5.30e-04
08:44:50 INFO   e1 step  1150/6924  loss=0.3761  acc=0.8208  lr0=1.11e-05 lr1=5.54e-04
08:44:54 INFO   e1 step  1200/6924  loss=0.3693  acc=0.8248  lr0=1.16e-05 lr1=5.78e-04
08:44:59 INFO   e1 step  1250/6924  loss=0.3622  acc=0.8286  lr0=1.20e-05 lr1=6.02e-04
08:45:03 INFO   e1 step  1300/6924  loss=0.3556  acc=0.8321  lr0=1.25e-05 lr1=6.26e-04
08:45:07 INFO   e1 step  1350/6924  loss=0.3496  acc=0.8351  lr0=1.30e-05 lr1=6.50e-04
08:45:12 INFO   e1 step  1400/6924  loss=0.3433  acc=0.8385  lr0=1.35e-05 lr1=6.74e-04
08:45:16 INFO   e1 step  1450/6924  loss=0.3376  acc=0.8417  lr0=1.40e-05 lr1=6.98e-04
08:45:21 INFO   e1 step  1500/6924  loss=0.3318  acc=0.8448  lr0=1.44e-05 lr1=7.22e-04
08:45:25 INFO   e1 step  1550/6924  loss=0.3256  acc=0.8481  lr0=1.49e-05 lr1=7.46e-04
08:45:30 INFO   e1 step  1600/6924  loss=0.3192  acc=0.8514  lr0=1.54e-05 lr1=7.70e-04
08:45:34 INFO   e1 step  1650/6924  loss=0.3139  acc=0.8545  lr0=1.59e-05 lr1=7.94e-04
08:45:39 INFO   e1 step  1700/6924  loss=0.3088  acc=0.8571  lr0=1.64e-05 lr1=8.18e-04
08:45:43 INFO   e1 step  1750/6924  loss=0.3047  acc=0.8595  lr0=1.69e-05 lr1=8.43e-04
08:45:48 INFO   e1 step  1800/6924  loss=0.3002  acc=0.8619  lr0=1.73e-05 lr1=8.67e-04
08:45:53 INFO   e1 step  1850/6924  loss=0.2963  acc=0.8640  lr0=1.78e-05 lr1=8.91e-04
08:45:57 INFO   e1 step  1900/6924  loss=0.2921  acc=0.8662  lr0=1.83e-05 lr1=9.15e-04
08:46:01 INFO   e1 step  1950/6924  loss=0.2871  acc=0.8687  lr0=1.88e-05 lr1=9.39e-04
08:46:06 INFO   e1 step  2000/6924  loss=0.2831  acc=0.8709  lr0=1.93e-05 lr1=9.63e-04
08:46:10 INFO   e1 step  2050/6924  loss=0.2791  acc=0.8729  lr0=1.97e-05 lr1=9.87e-04
08:46:15 INFO   e1 step  2100/6924  loss=0.2752  acc=0.8750  lr0=2.00e-05 lr1=9.99e-04
08:46:20 INFO   e1 step  2150/6924  loss=0.2713  acc=0.8769  lr0=1.99e-05 lr1=9.96e-04
08:46:24 INFO   e1 step  2200/6924  loss=0.2677  acc=0.8787  lr0=1.99e-05 lr1=9.93e-04
08:46:28 INFO   e1 step  2250/6924  loss=0.2643  acc=0.8805  lr0=1.98e-05 lr1=9.91e-04
08:46:33 INFO   e1 step  2300/6924  loss=0.2610  acc=0.8822  lr0=1.98e-05 lr1=9.88e-04
08:46:37 INFO   e1 step  2350/6924  loss=0.2572  acc=0.8841  lr0=1.97e-05 lr1=9.85e-04
08:46:42 INFO   e1 step  2400/6924  loss=0.2538  acc=0.8859  lr0=1.97e-05 lr1=9.83e-04
08:46:46 INFO   e1 step  2450/6924  loss=0.2510  acc=0.8874  lr0=1.96e-05 lr1=9.80e-04
08:46:51 INFO   e1 step  2500/6924  loss=0.2477  acc=0.8890  lr0=1.95e-05 lr1=9.77e-04
08:46:55 INFO   e1 step  2550/6924  loss=0.2444  acc=0.8907  lr0=1.95e-05 lr1=9.75e-04
08:47:00 INFO   e1 step  2600/6924  loss=0.2415  acc=0.8921  lr0=1.94e-05 lr1=9.72e-04
08:47:04 INFO   e1 step  2650/6924  loss=0.2384  acc=0.8936  lr0=1.94e-05 lr1=9.69e-04
08:47:09 INFO   e1 step  2700/6924  loss=0.2356  acc=0.8949  lr0=1.93e-05 lr1=9.67e-04
08:47:13 INFO   e1 step  2750/6924  loss=0.2328  acc=0.8964  lr0=1.93e-05 lr1=9.64e-04
08:47:18 INFO   e1 step  2800/6924  loss=0.2305  acc=0.8974  lr0=1.92e-05 lr1=9.61e-04
08:47:22 INFO   e1 step  2850/6924  loss=0.2274  acc=0.8989  lr0=1.92e-05 lr1=9.59e-04
08:47:27 INFO   e1 step  2900/6924  loss=0.2249  acc=0.9001  lr0=1.91e-05 lr1=9.56e-04
08:47:31 INFO   e1 step  2950/6924  loss=0.2226  acc=0.9013  lr0=1.91e-05 lr1=9.53e-04
08:47:36 INFO   e1 step  3000/6924  loss=0.2202  acc=0.9025  lr0=1.90e-05 lr1=9.51e-04
08:47:40 INFO   e1 step  3050/6924  loss=0.2177  acc=0.9036  lr0=1.90e-05 lr1=9.48e-04
08:47:45 INFO   e1 step  3100/6924  loss=0.2151  acc=0.9048  lr0=1.89e-05 lr1=9.45e-04
08:47:49 INFO   e1 step  3150/6924  loss=0.2128  acc=0.9059  lr0=1.89e-05 lr1=9.43e-04
08:47:54 INFO   e1 step  3200/6924  loss=0.2104  acc=0.9071  lr0=1.88e-05 lr1=9.40e-04
08:47:58 INFO   e1 step  3250/6924  loss=0.2081  acc=0.9082  lr0=1.87e-05 lr1=9.37e-04
08:48:03 INFO   e1 step  3300/6924  loss=0.2061  acc=0.9092  lr0=1.87e-05 lr1=9.35e-04
08:48:07 INFO   e1 step  3350/6924  loss=0.2039  acc=0.9102  lr0=1.86e-05 lr1=9.32e-04
08:48:12 INFO   e1 step  3400/6924  loss=0.2016  acc=0.9112  lr0=1.86e-05 lr1=9.29e-04
08:48:16 INFO   e1 step  3450/6924  loss=0.1994  acc=0.9122  lr0=1.85e-05 lr1=9.27e-04
08:48:21 INFO   e1 step  3500/6924  loss=0.1974  acc=0.9132  lr0=1.85e-05 lr1=9.24e-04
08:48:25 INFO   e1 step  3550/6924  loss=0.1954  acc=0.9141  lr0=1.84e-05 lr1=9.21e-04
08:48:30 INFO   e1 step  3600/6924  loss=0.1933  acc=0.9151  lr0=1.84e-05 lr1=9.19e-04
08:48:34 INFO   e1 step  3650/6924  loss=0.1913  acc=0.9160  lr0=1.83e-05 lr1=9.16e-04
08:48:39 INFO   e1 step  3700/6924  loss=0.1894  acc=0.9169  lr0=1.83e-05 lr1=9.13e-04
08:48:44 INFO   e1 step  3750/6924  loss=0.1874  acc=0.9178  lr0=1.82e-05 lr1=9.11e-04
08:48:48 INFO   e1 step  3800/6924  loss=0.1855  acc=0.9187  lr0=1.82e-05 lr1=9.08e-04
08:48:52 INFO   e1 step  3850/6924  loss=0.1839  acc=0.9195  lr0=1.81e-05 lr1=9.05e-04
08:48:57 INFO   e1 step  3900/6924  loss=0.1821  acc=0.9203  lr0=1.80e-05 lr1=9.02e-04
08:49:01 INFO   e1 step  3950/6924  loss=0.1803  acc=0.9211  lr0=1.80e-05 lr1=9.00e-04
08:49:05 INFO   e1 step  4000/6924  loss=0.1785  acc=0.9219  lr0=1.79e-05 lr1=8.97e-04
08:49:10 INFO   e1 step  4050/6924  loss=0.1770  acc=0.9226  lr0=1.79e-05 lr1=8.94e-04
08:49:14 INFO   e1 step  4100/6924  loss=0.1755  acc=0.9233  lr0=1.78e-05 lr1=8.92e-04
08:49:19 INFO   e1 step  4150/6924  loss=0.1740  acc=0.9240  lr0=1.78e-05 lr1=8.89e-04
08:49:23 INFO   e1 step  4200/6924  loss=0.1728  acc=0.9246  lr0=1.77e-05 lr1=8.86e-04
08:49:28 INFO   e1 step  4250/6924  loss=0.1711  acc=0.9254  lr0=1.77e-05 lr1=8.84e-04
08:49:32 INFO   e1 step  4300/6924  loss=0.1696  acc=0.9261  lr0=1.76e-05 lr1=8.81e-04
08:49:37 INFO   e1 step  4350/6924  loss=0.1680  acc=0.9267  lr0=1.76e-05 lr1=8.78e-04
08:49:41 INFO   e1 step  4400/6924  loss=0.1665  acc=0.9274  lr0=1.75e-05 lr1=8.76e-04
08:49:46 INFO   e1 step  4450/6924  loss=0.1651  acc=0.9280  lr0=1.75e-05 lr1=8.73e-04
08:49:50 INFO   e1 step  4500/6924  loss=0.1636  acc=0.9287  lr0=1.74e-05 lr1=8.70e-04
08:49:55 INFO   e1 step  4550/6924  loss=0.1623  acc=0.9293  lr0=1.74e-05 lr1=8.68e-04
08:49:59 INFO   e1 step  4600/6924  loss=0.1609  acc=0.9299  lr0=1.73e-05 lr1=8.65e-04
08:50:04 INFO   e1 step  4650/6924  loss=0.1596  acc=0.9305  lr0=1.72e-05 lr1=8.62e-04
08:50:08 INFO   e1 step  4700/6924  loss=0.1583  acc=0.9311  lr0=1.72e-05 lr1=8.60e-04
08:50:13 INFO   e1 step  4750/6924  loss=0.1570  acc=0.9316  lr0=1.71e-05 lr1=8.57e-04
08:50:17 INFO   e1 step  4800/6924  loss=0.1556  acc=0.9322  lr0=1.71e-05 lr1=8.54e-04
08:50:22 INFO   e1 step  4850/6924  loss=0.1545  acc=0.9328  lr0=1.70e-05 lr1=8.52e-04
08:50:26 INFO   e1 step  4900/6924  loss=0.1533  acc=0.9333  lr0=1.70e-05 lr1=8.49e-04
08:50:31 INFO   e1 step  4950/6924  loss=0.1521  acc=0.9338  lr0=1.69e-05 lr1=8.46e-04
08:50:35 INFO   e1 step  5000/6924  loss=0.1508  acc=0.9343  lr0=1.69e-05 lr1=8.44e-04
08:50:40 INFO   e1 step  5050/6924  loss=0.1497  acc=0.9348  lr0=1.68e-05 lr1=8.41e-04
08:50:44 INFO   e1 step  5100/6924  loss=0.1484  acc=0.9354  lr0=1.68e-05 lr1=8.38e-04
08:50:49 INFO   e1 step  5150/6924  loss=0.1475  acc=0.9358  lr0=1.67e-05 lr1=8.36e-04
08:50:53 INFO   e1 step  5200/6924  loss=0.1463  acc=0.9364  lr0=1.67e-05 lr1=8.33e-04
08:50:58 INFO   e1 step  5250/6924  loss=0.1452  acc=0.9369  lr0=1.66e-05 lr1=8.30e-04
08:51:02 INFO   e1 step  5300/6924  loss=0.1441  acc=0.9374  lr0=1.66e-05 lr1=8.28e-04
08:51:07 INFO   e1 step  5350/6924  loss=0.1432  acc=0.9378  lr0=1.65e-05 lr1=8.25e-04
08:51:11 INFO   e1 step  5400/6924  loss=0.1421  acc=0.9382  lr0=1.64e-05 lr1=8.22e-04
08:51:15 INFO   e1 step  5450/6924  loss=0.1411  acc=0.9386  lr0=1.64e-05 lr1=8.20e-04
08:51:19 INFO   e1 step  5500/6924  loss=0.1402  acc=0.9390  lr0=1.63e-05 lr1=8.17e-04
08:51:24 INFO   e1 step  5550/6924  loss=0.1392  acc=0.9395  lr0=1.63e-05 lr1=8.14e-04
08:51:28 INFO   e1 step  5600/6924  loss=0.1382  acc=0.9399  lr0=1.62e-05 lr1=8.12e-04
08:51:32 INFO   e1 step  5650/6924  loss=0.1371  acc=0.9403  lr0=1.62e-05 lr1=8.09e-04
08:51:36 INFO   e1 step  5700/6924  loss=0.1363  acc=0.9407  lr0=1.61e-05 lr1=8.06e-04
08:51:41 INFO   e1 step  5750/6924  loss=0.1355  acc=0.9411  lr0=1.61e-05 lr1=8.04e-04
08:51:45 INFO   e1 step  5800/6924  loss=0.1346  acc=0.9415  lr0=1.60e-05 lr1=8.01e-04
08:51:50 INFO   e1 step  5850/6924  loss=0.1337  acc=0.9419  lr0=1.60e-05 lr1=7.98e-04
08:51:54 INFO   e1 step  5900/6924  loss=0.1327  acc=0.9423  lr0=1.59e-05 lr1=7.96e-04
08:51:59 INFO   e1 step  5950/6924  loss=0.1318  acc=0.9426  lr0=1.59e-05 lr1=7.93e-04
08:52:03 INFO   e1 step  6000/6924  loss=0.1310  acc=0.9430  lr0=1.58e-05 lr1=7.90e-04
08:52:08 INFO   e1 step  6050/6924  loss=0.1302  acc=0.9434  lr0=1.57e-05 lr1=7.87e-04
08:52:12 INFO   e1 step  6100/6924  loss=0.1294  acc=0.9437  lr0=1.57e-05 lr1=7.85e-04
08:52:16 INFO   e1 step  6150/6924  loss=0.1286  acc=0.9440  lr0=1.56e-05 lr1=7.82e-04
08:52:20 INFO   e1 step  6200/6924  loss=0.1277  acc=0.9444  lr0=1.56e-05 lr1=7.79e-04
08:52:25 INFO   e1 step  6250/6924  loss=0.1269  acc=0.9447  lr0=1.55e-05 lr1=7.77e-04
08:52:29 INFO   e1 step  6300/6924  loss=0.1260  acc=0.9451  lr0=1.55e-05 lr1=7.74e-04
08:52:33 INFO   e1 step  6350/6924  loss=0.1253  acc=0.9454  lr0=1.54e-05 lr1=7.71e-04
08:52:37 INFO   e1 step  6400/6924  loss=0.1245  acc=0.9458  lr0=1.54e-05 lr1=7.69e-04
08:52:42 INFO   e1 step  6450/6924  loss=0.1238  acc=0.9461  lr0=1.53e-05 lr1=7.66e-04
08:52:47 INFO   e1 step  6500/6924  loss=0.1231  acc=0.9464  lr0=1.53e-05 lr1=7.63e-04
08:52:51 INFO   e1 step  6550/6924  loss=0.1224  acc=0.9467  lr0=1.52e-05 lr1=7.61e-04
08:52:56 INFO   e1 step  6600/6924  loss=0.1216  acc=0.9471  lr0=1.52e-05 lr1=7.58e-04
08:53:00 INFO   e1 step  6650/6924  loss=0.1209  acc=0.9474  lr0=1.51e-05 lr1=7.55e-04
08:53:05 INFO   e1 step  6700/6924  loss=0.1202  acc=0.9477  lr0=1.51e-05 lr1=7.53e-04
08:53:10 INFO   e1 step  6750/6924  loss=0.1196  acc=0.9480  lr0=1.50e-05 lr1=7.50e-04
08:53:14 INFO   e1 step  6800/6924  loss=0.1189  acc=0.9483  lr0=1.49e-05 lr1=7.47e-04
08:53:18 INFO   e1 step  6850/6924  loss=0.1183  acc=0.9485  lr0=1.49e-05 lr1=7.45e-04
08:53:23 INFO   e1 step  6900/6924  loss=0.1177  acc=0.9488  lr0=1.48e-05 lr1=7.42e-04
08:53:32 INFO [epoch 1] train_loss=0.1174 train_acc=0.9489  val_loss=0.7086 val_acc=0.8811 val_auc=0.9366  elapsed=628.1s
08:53:32 INFO   saved best.pt  val_acc=0.8811
08:53:37 INFO   e2 step    50/6924  loss=0.0278  acc=0.9862  lr0=1.48e-05 lr1=7.38e-04
08:53:42 INFO   e2 step   100/6924  loss=0.0275  acc=0.9862  lr0=1.47e-05 lr1=7.35e-04
08:53:46 INFO   e2 step   150/6924  loss=0.0265  acc=0.9877  lr0=1.47e-05 lr1=7.33e-04
08:53:51 INFO   e2 step   200/6924  loss=0.0266  acc=0.9878  lr0=1.46e-05 lr1=7.30e-04
08:53:55 INFO   e2 step   250/6924  loss=0.0240  acc=0.9892  lr0=1.45e-05 lr1=7.27e-04
08:54:00 INFO   e2 step   300/6924  loss=0.0232  acc=0.9895  lr0=1.45e-05 lr1=7.25e-04
08:54:04 INFO   e2 step   350/6924  loss=0.0231  acc=0.9899  lr0=1.44e-05 lr1=7.22e-04
08:54:08 INFO   e2 step   400/6924  loss=0.0235  acc=0.9898  lr0=1.44e-05 lr1=7.19e-04
08:54:13 INFO   e2 step   450/6924  loss=0.0237  acc=0.9893  lr0=1.43e-05 lr1=7.17e-04
08:54:17 INFO   e2 step   500/6924  loss=0.0242  acc=0.9887  lr0=1.43e-05 lr1=7.14e-04
08:54:22 INFO   e2 step   550/6924  loss=0.0233  acc=0.9889  lr0=1.42e-05 lr1=7.11e-04
08:54:27 INFO   e2 step   600/6924  loss=0.0229  acc=0.9889  lr0=1.42e-05 lr1=7.09e-04
08:54:31 INFO   e2 step   650/6924  loss=0.0232  acc=0.9888  lr0=1.41e-05 lr1=7.06e-04
08:54:36 INFO   e2 step   700/6924  loss=0.0235  acc=0.9887  lr0=1.41e-05 lr1=7.03e-04
08:54:40 INFO   e2 step   750/6924  loss=0.0236  acc=0.9886  lr0=1.40e-05 lr1=7.01e-04
08:54:44 INFO   e2 step   800/6924  loss=0.0239  acc=0.9885  lr0=1.40e-05 lr1=6.98e-04
08:54:49 INFO   e2 step   850/6924  loss=0.0240  acc=0.9886  lr0=1.39e-05 lr1=6.95e-04
08:54:53 INFO   e2 step   900/6924  loss=0.0238  acc=0.9885  lr0=1.39e-05 lr1=6.93e-04
08:54:57 INFO   e2 step   950/6924  loss=0.0236  acc=0.9886  lr0=1.38e-05 lr1=6.90e-04
08:55:01 INFO   e2 step  1000/6924  loss=0.0236  acc=0.9887  lr0=1.37e-05 lr1=6.87e-04
08:55:06 INFO   e2 step  1050/6924  loss=0.0234  acc=0.9888  lr0=1.37e-05 lr1=6.85e-04
08:55:10 INFO   e2 step  1100/6924  loss=0.0238  acc=0.9885  lr0=1.36e-05 lr1=6.82e-04
08:55:14 INFO   e2 step  1150/6924  loss=0.0238  acc=0.9885  lr0=1.36e-05 lr1=6.79e-04
08:55:19 INFO   e2 step  1200/6924  loss=0.0236  acc=0.9884  lr0=1.35e-05 lr1=6.77e-04
08:55:23 INFO   e2 step  1250/6924  loss=0.0235  acc=0.9885  lr0=1.35e-05 lr1=6.74e-04
08:55:28 INFO   e2 step  1300/6924  loss=0.0231  acc=0.9886  lr0=1.34e-05 lr1=6.71e-04
08:55:32 INFO   e2 step  1350/6924  loss=0.0230  acc=0.9887  lr0=1.34e-05 lr1=6.69e-04
08:55:36 INFO   e2 step  1400/6924  loss=0.0229  acc=0.9888  lr0=1.33e-05 lr1=6.66e-04
08:55:40 INFO   e2 step  1450/6924  loss=0.0226  acc=0.9890  lr0=1.33e-05 lr1=6.63e-04
08:55:45 INFO   e2 step  1500/6924  loss=0.0228  acc=0.9889  lr0=1.32e-05 lr1=6.60e-04
08:55:49 INFO   e2 step  1550/6924  loss=0.0230  acc=0.9888  lr0=1.32e-05 lr1=6.58e-04
08:55:53 INFO   e2 step  1600/6924  loss=0.0229  acc=0.9888  lr0=1.31e-05 lr1=6.55e-04
08:55:58 INFO   e2 step  1650/6924  loss=0.0231  acc=0.9888  lr0=1.30e-05 lr1=6.52e-04
08:56:02 INFO   e2 step  1700/6924  loss=0.0231  acc=0.9888  lr0=1.30e-05 lr1=6.50e-04
08:56:06 INFO   e2 step  1750/6924  loss=0.0231  acc=0.9888  lr0=1.29e-05 lr1=6.47e-04
08:56:11 INFO   e2 step  1800/6924  loss=0.0232  acc=0.9887  lr0=1.29e-05 lr1=6.44e-04
08:56:15 INFO   e2 step  1850/6924  loss=0.0230  acc=0.9887  lr0=1.28e-05 lr1=6.42e-04
08:56:19 INFO   e2 step  1900/6924  loss=0.0231  acc=0.9887  lr0=1.28e-05 lr1=6.39e-04
08:56:24 INFO   e2 step  1950/6924  loss=0.0230  acc=0.9888  lr0=1.27e-05 lr1=6.36e-04
08:56:28 INFO   e2 step  2000/6924  loss=0.0229  acc=0.9888  lr0=1.27e-05 lr1=6.34e-04
08:56:33 INFO   e2 step  2050/6924  loss=0.0228  acc=0.9888  lr0=1.26e-05 lr1=6.31e-04
08:56:37 INFO   e2 step  2100/6924  loss=0.0228  acc=0.9888  lr0=1.26e-05 lr1=6.28e-04
08:56:42 INFO   e2 step  2150/6924  loss=0.0227  acc=0.9888  lr0=1.25e-05 lr1=6.26e-04
08:56:46 INFO   e2 step  2200/6924  loss=0.0227  acc=0.9888  lr0=1.25e-05 lr1=6.23e-04
08:56:51 INFO   e2 step  2250/6924  loss=0.0225  acc=0.9889  lr0=1.24e-05 lr1=6.20e-04
08:56:55 INFO   e2 step  2300/6924  loss=0.0224  acc=0.9890  lr0=1.24e-05 lr1=6.18e-04
08:57:00 INFO   e2 step  2350/6924  loss=0.0223  acc=0.9890  lr0=1.23e-05 lr1=6.15e-04
08:57:04 INFO   e2 step  2400/6924  loss=0.0224  acc=0.9890  lr0=1.22e-05 lr1=6.12e-04
08:57:09 INFO   e2 step  2450/6924  loss=0.0225  acc=0.9891  lr0=1.22e-05 lr1=6.10e-04
08:57:13 INFO   e2 step  2500/6924  loss=0.0225  acc=0.9891  lr0=1.21e-05 lr1=6.07e-04
08:57:18 INFO   e2 step  2550/6924  loss=0.0224  acc=0.9891  lr0=1.21e-05 lr1=6.04e-04
08:57:22 INFO   e2 step  2600/6924  loss=0.0225  acc=0.9891  lr0=1.20e-05 lr1=6.02e-04
08:57:27 INFO   e2 step  2650/6924  loss=0.0225  acc=0.9891  lr0=1.20e-05 lr1=5.99e-04
08:57:31 INFO   e2 step  2700/6924  loss=0.0224  acc=0.9891  lr0=1.19e-05 lr1=5.96e-04
08:57:36 INFO   e2 step  2750/6924  loss=0.0224  acc=0.9891  lr0=1.19e-05 lr1=5.94e-04
08:57:40 INFO   e2 step  2800/6924  loss=0.0224  acc=0.9891  lr0=1.18e-05 lr1=5.91e-04
08:57:45 INFO   e2 step  2850/6924  loss=0.0224  acc=0.9892  lr0=1.18e-05 lr1=5.88e-04
08:57:50 INFO   e2 step  2900/6924  loss=0.0223  acc=0.9892  lr0=1.17e-05 lr1=5.86e-04
08:57:55 INFO   e2 step  2950/6924  loss=0.0224  acc=0.9892  lr0=1.17e-05 lr1=5.83e-04
08:57:59 INFO   e2 step  3000/6924  loss=0.0223  acc=0.9892  lr0=1.16e-05 lr1=5.80e-04
08:58:04 INFO   e2 step  3050/6924  loss=0.0223  acc=0.9893  lr0=1.16e-05 lr1=5.78e-04
08:58:09 INFO   e2 step  3100/6924  loss=0.0222  acc=0.9892  lr0=1.15e-05 lr1=5.75e-04
08:58:14 INFO   e2 step  3150/6924  loss=0.0221  acc=0.9893  lr0=1.14e-05 lr1=5.72e-04
08:58:19 INFO   e2 step  3200/6924  loss=0.0220  acc=0.9893  lr0=1.14e-05 lr1=5.70e-04
08:58:23 INFO   e2 step  3250/6924  loss=0.0220  acc=0.9893  lr0=1.13e-05 lr1=5.67e-04
08:58:27 INFO   e2 step  3300/6924  loss=0.0220  acc=0.9893  lr0=1.13e-05 lr1=5.64e-04
08:58:32 INFO   e2 step  3350/6924  loss=0.0219  acc=0.9893  lr0=1.12e-05 lr1=5.62e-04
08:58:36 INFO   e2 step  3400/6924  loss=0.0219  acc=0.9893  lr0=1.12e-05 lr1=5.59e-04
08:58:40 INFO   e2 step  3450/6924  loss=0.0218  acc=0.9894  lr0=1.11e-05 lr1=5.56e-04
08:58:44 INFO   e2 step  3500/6924  loss=0.0218  acc=0.9894  lr0=1.11e-05 lr1=5.54e-04
08:58:49 INFO   e2 step  3550/6924  loss=0.0217  acc=0.9894  lr0=1.10e-05 lr1=5.51e-04
08:58:53 INFO   e2 step  3600/6924  loss=0.0216  acc=0.9895  lr0=1.10e-05 lr1=5.48e-04
08:58:57 INFO   e2 step  3650/6924  loss=0.0215  acc=0.9895  lr0=1.09e-05 lr1=5.45e-04
08:59:02 INFO   e2 step  3700/6924  loss=0.0214  acc=0.9896  lr0=1.09e-05 lr1=5.43e-04
08:59:06 INFO   e2 step  3750/6924  loss=0.0214  acc=0.9896  lr0=1.08e-05 lr1=5.40e-04
08:59:10 INFO   e2 step  3800/6924  loss=0.0215  acc=0.9896  lr0=1.07e-05 lr1=5.37e-04
08:59:15 INFO   e2 step  3850/6924  loss=0.0214  acc=0.9896  lr0=1.07e-05 lr1=5.35e-04
08:59:19 INFO   e2 step  3900/6924  loss=0.0213  acc=0.9896  lr0=1.06e-05 lr1=5.32e-04
08:59:23 INFO   e2 step  3950/6924  loss=0.0213  acc=0.9896  lr0=1.06e-05 lr1=5.29e-04
08:59:28 INFO   e2 step  4000/6924  loss=0.0212  acc=0.9897  lr0=1.05e-05 lr1=5.27e-04
08:59:32 INFO   e2 step  4050/6924  loss=0.0212  acc=0.9897  lr0=1.05e-05 lr1=5.24e-04
08:59:37 INFO   e2 step  4100/6924  loss=0.0212  acc=0.9897  lr0=1.04e-05 lr1=5.21e-04
08:59:41 INFO   e2 step  4150/6924  loss=0.0213  acc=0.9897  lr0=1.04e-05 lr1=5.19e-04
08:59:45 INFO   e2 step  4200/6924  loss=0.0213  acc=0.9896  lr0=1.03e-05 lr1=5.16e-04
08:59:50 INFO   e2 step  4250/6924  loss=0.0212  acc=0.9897  lr0=1.03e-05 lr1=5.13e-04
08:59:54 INFO   e2 step  4300/6924  loss=0.0211  acc=0.9897  lr0=1.02e-05 lr1=5.11e-04
08:59:59 INFO   e2 step  4350/6924  loss=0.0211  acc=0.9897  lr0=1.02e-05 lr1=5.08e-04
09:00:03 INFO   e2 step  4400/6924  loss=0.0211  acc=0.9897  lr0=1.01e-05 lr1=5.05e-04
09:00:07 INFO   e2 step  4450/6924  loss=0.0210  acc=0.9897  lr0=1.01e-05 lr1=5.03e-04
09:00:12 INFO   e2 step  4500/6924  loss=0.0210  acc=0.9897  lr0=1.00e-05 lr1=5.00e-04
09:00:16 INFO   e2 step  4550/6924  loss=0.0209  acc=0.9897  lr0=9.95e-06 lr1=4.97e-04
09:00:20 INFO   e2 step  4600/6924  loss=0.0209  acc=0.9897  lr0=9.89e-06 lr1=4.95e-04
09:00:25 INFO   e2 step  4650/6924  loss=0.0209  acc=0.9897  lr0=9.84e-06 lr1=4.92e-04
09:00:29 INFO   e2 step  4700/6924  loss=0.0209  acc=0.9897  lr0=9.79e-06 lr1=4.89e-04
09:00:33 INFO   e2 step  4750/6924  loss=0.0208  acc=0.9897  lr0=9.73e-06 lr1=4.87e-04
09:00:38 INFO   e2 step  4800/6924  loss=0.0208  acc=0.9897  lr0=9.68e-06 lr1=4.84e-04
09:00:42 INFO   e2 step  4850/6924  loss=0.0208  acc=0.9897  lr0=9.63e-06 lr1=4.81e-04
09:00:47 INFO   e2 step  4900/6924  loss=0.0208  acc=0.9897  lr0=9.57e-06 lr1=4.79e-04
09:00:51 INFO   e2 step  4950/6924  loss=0.0208  acc=0.9897  lr0=9.52e-06 lr1=4.76e-04
09:00:55 INFO   e2 step  5000/6924  loss=0.0207  acc=0.9897  lr0=9.47e-06 lr1=4.73e-04
09:01:00 INFO   e2 step  5050/6924  loss=0.0207  acc=0.9897  lr0=9.41e-06 lr1=4.71e-04
09:01:04 INFO   e2 step  5100/6924  loss=0.0207  acc=0.9897  lr0=9.36e-06 lr1=4.68e-04
09:01:08 INFO   e2 step  5150/6924  loss=0.0206  acc=0.9897  lr0=9.31e-06 lr1=4.65e-04
09:01:13 INFO   e2 step  5200/6924  loss=0.0207  acc=0.9897  lr0=9.25e-06 lr1=4.63e-04
09:01:17 INFO   e2 step  5250/6924  loss=0.0207  acc=0.9897  lr0=9.20e-06 lr1=4.60e-04
09:01:21 INFO   e2 step  5300/6924  loss=0.0207  acc=0.9897  lr0=9.14e-06 lr1=4.57e-04
09:01:26 INFO   e2 step  5350/6924  loss=0.0206  acc=0.9897  lr0=9.09e-06 lr1=4.55e-04
09:01:30 INFO   e2 step  5400/6924  loss=0.0206  acc=0.9897  lr0=9.04e-06 lr1=4.52e-04
09:01:35 INFO   e2 step  5450/6924  loss=0.0206  acc=0.9897  lr0=8.98e-06 lr1=4.49e-04
09:01:39 INFO   e2 step  5500/6924  loss=0.0205  acc=0.9897  lr0=8.93e-06 lr1=4.47e-04
09:01:44 INFO   e2 step  5550/6924  loss=0.0205  acc=0.9898  lr0=8.88e-06 lr1=4.44e-04
09:01:48 INFO   e2 step  5600/6924  loss=0.0205  acc=0.9898  lr0=8.82e-06 lr1=4.41e-04
09:01:53 INFO   e2 step  5650/6924  loss=0.0204  acc=0.9898  lr0=8.77e-06 lr1=4.39e-04
09:01:57 INFO   e2 step  5700/6924  loss=0.0204  acc=0.9898  lr0=8.72e-06 lr1=4.36e-04
09:02:02 INFO   e2 step  5750/6924  loss=0.0203  acc=0.9898  lr0=8.66e-06 lr1=4.33e-04
09:02:06 INFO   e2 step  5800/6924  loss=0.0203  acc=0.9898  lr0=8.61e-06 lr1=4.30e-04
09:02:10 INFO   e2 step  5850/6924  loss=0.0203  acc=0.9898  lr0=8.56e-06 lr1=4.28e-04
09:02:15 INFO   e2 step  5900/6924  loss=0.0203  acc=0.9898  lr0=8.50e-06 lr1=4.25e-04
09:02:19 INFO   e2 step  5950/6924  loss=0.0202  acc=0.9898  lr0=8.45e-06 lr1=4.22e-04
09:02:24 INFO   e2 step  6000/6924  loss=0.0201  acc=0.9899  lr0=8.40e-06 lr1=4.20e-04
09:02:28 INFO   e2 step  6050/6924  loss=0.0202  acc=0.9898  lr0=8.34e-06 lr1=4.17e-04
09:02:32 INFO   e2 step  6100/6924  loss=0.0201  acc=0.9898  lr0=8.29e-06 lr1=4.14e-04
09:02:37 INFO   e2 step  6150/6924  loss=0.0202  acc=0.9898  lr0=8.24e-06 lr1=4.12e-04
09:02:41 INFO   e2 step  6200/6924  loss=0.0203  acc=0.9898  lr0=8.18e-06 lr1=4.09e-04
09:02:46 INFO   e2 step  6250/6924  loss=0.0202  acc=0.9898  lr0=8.13e-06 lr1=4.06e-04
09:02:50 INFO   e2 step  6300/6924  loss=0.0202  acc=0.9898  lr0=8.07e-06 lr1=4.04e-04
09:02:55 INFO   e2 step  6350/6924  loss=0.0202  acc=0.9898  lr0=8.02e-06 lr1=4.01e-04
09:03:00 INFO   e2 step  6400/6924  loss=0.0201  acc=0.9898  lr0=7.97e-06 lr1=3.98e-04
09:03:04 INFO   e2 step  6450/6924  loss=0.0201  acc=0.9898  lr0=7.91e-06 lr1=3.96e-04
09:03:09 INFO   e2 step  6500/6924  loss=0.0201  acc=0.9898  lr0=7.86e-06 lr1=3.93e-04
09:03:13 INFO   e2 step  6550/6924  loss=0.0201  acc=0.9898  lr0=7.81e-06 lr1=3.90e-04
09:03:17 INFO   e2 step  6600/6924  loss=0.0201  acc=0.9898  lr0=7.75e-06 lr1=3.88e-04
09:03:22 INFO   e2 step  6650/6924  loss=0.0201  acc=0.9898  lr0=7.70e-06 lr1=3.85e-04
09:03:26 INFO   e2 step  6700/6924  loss=0.0201  acc=0.9899  lr0=7.65e-06 lr1=3.82e-04
09:03:30 INFO   e2 step  6750/6924  loss=0.0200  acc=0.9899  lr0=7.59e-06 lr1=3.80e-04
09:03:35 INFO   e2 step  6800/6924  loss=0.0200  acc=0.9898  lr0=7.54e-06 lr1=3.77e-04
09:03:39 INFO   e2 step  6850/6924  loss=0.0200  acc=0.9898  lr0=7.49e-06 lr1=3.74e-04
09:03:44 INFO   e2 step  6900/6924  loss=0.0200  acc=0.9899  lr0=7.43e-06 lr1=3.72e-04
09:03:54 INFO [epoch 2] train_loss=0.0199 train_acc=0.9898  val_loss=0.7813 val_acc=0.9041 val_auc=0.9441  elapsed=621.3s
09:03:54 INFO   saved best.pt  val_acc=0.9041
09:03:59 INFO   e3 step    50/6924  loss=0.0098  acc=0.9962  lr0=7.35e-06 lr1=3.68e-04
09:04:03 INFO   e3 step   100/6924  loss=0.0116  acc=0.9944  lr0=7.30e-06 lr1=3.65e-04
09:04:08 INFO   e3 step   150/6924  loss=0.0124  acc=0.9929  lr0=7.25e-06 lr1=3.62e-04
09:04:12 INFO   e3 step   200/6924  loss=0.0128  acc=0.9928  lr0=7.19e-06 lr1=3.60e-04
09:04:17 INFO   e3 step   250/6924  loss=0.0145  acc=0.9921  lr0=7.14e-06 lr1=3.57e-04
09:04:21 INFO   e3 step   300/6924  loss=0.0147  acc=0.9917  lr0=7.09e-06 lr1=3.54e-04
09:04:26 INFO   e3 step   350/6924  loss=0.0152  acc=0.9912  lr0=7.03e-06 lr1=3.52e-04
09:04:30 INFO   e3 step   400/6924  loss=0.0160  acc=0.9911  lr0=6.98e-06 lr1=3.49e-04
09:04:35 INFO   e3 step   450/6924  loss=0.0157  acc=0.9912  lr0=6.93e-06 lr1=3.46e-04
09:04:39 INFO   e3 step   500/6924  loss=0.0157  acc=0.9911  lr0=6.87e-06 lr1=3.44e-04
09:04:44 INFO   e3 step   550/6924  loss=0.0157  acc=0.9911  lr0=6.82e-06 lr1=3.41e-04
09:04:48 INFO   e3 step   600/6924  loss=0.0154  acc=0.9913  lr0=6.77e-06 lr1=3.38e-04
09:04:52 INFO   e3 step   650/6924  loss=0.0155  acc=0.9913  lr0=6.71e-06 lr1=3.36e-04
09:04:57 INFO   e3 step   700/6924  loss=0.0157  acc=0.9912  lr0=6.66e-06 lr1=3.33e-04
09:05:01 INFO   e3 step   750/6924  loss=0.0159  acc=0.9909  lr0=6.60e-06 lr1=3.30e-04
09:05:06 INFO   e3 step   800/6924  loss=0.0159  acc=0.9909  lr0=6.55e-06 lr1=3.28e-04
09:05:10 INFO   e3 step   850/6924  loss=0.0158  acc=0.9909  lr0=6.50e-06 lr1=3.25e-04
09:05:15 INFO   e3 step   900/6924  loss=0.0157  acc=0.9910  lr0=6.44e-06 lr1=3.22e-04
09:05:19 INFO   e3 step   950/6924  loss=0.0160  acc=0.9908  lr0=6.39e-06 lr1=3.20e-04
09:05:23 INFO   e3 step  1000/6924  loss=0.0163  acc=0.9904  lr0=6.34e-06 lr1=3.17e-04
09:05:28 INFO   e3 step  1050/6924  loss=0.0162  acc=0.9906  lr0=6.28e-06 lr1=3.14e-04
09:05:32 INFO   e3 step  1100/6924  loss=0.0160  acc=0.9907  lr0=6.23e-06 lr1=3.12e-04
09:05:37 INFO   e3 step  1150/6924  loss=0.0160  acc=0.9907  lr0=6.18e-06 lr1=3.09e-04
09:05:42 INFO   e3 step  1200/6924  loss=0.0160  acc=0.9908  lr0=6.12e-06 lr1=3.06e-04
09:05:46 INFO   e3 step  1250/6924  loss=0.0158  acc=0.9908  lr0=6.07e-06 lr1=3.04e-04
09:05:51 INFO   e3 step  1300/6924  loss=0.0157  acc=0.9908  lr0=6.02e-06 lr1=3.01e-04
09:05:55 INFO   e3 step  1350/6924  loss=0.0158  acc=0.9908  lr0=5.96e-06 lr1=2.98e-04
09:06:00 INFO   e3 step  1400/6924  loss=0.0159  acc=0.9906  lr0=5.91e-06 lr1=2.95e-04
09:06:04 INFO   e3 step  1450/6924  loss=0.0161  acc=0.9906  lr0=5.86e-06 lr1=2.93e-04
09:06:09 INFO   e3 step  1500/6924  loss=0.0160  acc=0.9907  lr0=5.80e-06 lr1=2.90e-04
09:06:14 INFO   e3 step  1550/6924  loss=0.0160  acc=0.9907  lr0=5.75e-06 lr1=2.87e-04
09:06:18 INFO   e3 step  1600/6924  loss=0.0157  acc=0.9909  lr0=5.70e-06 lr1=2.85e-04
09:06:22 INFO   e3 step  1650/6924  loss=0.0160  acc=0.9906  lr0=5.64e-06 lr1=2.82e-04
09:06:27 INFO   e3 step  1700/6924  loss=0.0159  acc=0.9907  lr0=5.59e-06 lr1=2.79e-04
09:06:31 INFO   e3 step  1750/6924  loss=0.0159  acc=0.9907  lr0=5.54e-06 lr1=2.77e-04
09:06:36 INFO   e3 step  1800/6924  loss=0.0159  acc=0.9907  lr0=5.48e-06 lr1=2.74e-04
09:06:40 INFO   e3 step  1850/6924  loss=0.0159  acc=0.9907  lr0=5.43e-06 lr1=2.71e-04
09:06:45 INFO   e3 step  1900/6924  loss=0.0160  acc=0.9907  lr0=5.37e-06 lr1=2.69e-04
09:06:49 INFO   e3 step  1950/6924  loss=0.0158  acc=0.9909  lr0=5.32e-06 lr1=2.66e-04
09:06:54 INFO   e3 step  2000/6924  loss=0.0158  acc=0.9908  lr0=5.27e-06 lr1=2.63e-04
09:06:58 INFO   e3 step  2050/6924  loss=0.0158  acc=0.9908  lr0=5.21e-06 lr1=2.61e-04
09:07:02 INFO   e3 step  2100/6924  loss=0.0157  acc=0.9909  lr0=5.16e-06 lr1=2.58e-04
09:07:07 INFO   e3 step  2150/6924  loss=0.0160  acc=0.9907  lr0=5.11e-06 lr1=2.55e-04
09:07:11 INFO   e3 step  2200/6924  loss=0.0160  acc=0.9906  lr0=5.05e-06 lr1=2.53e-04
09:07:16 INFO   e3 step  2250/6924  loss=0.0160  acc=0.9907  lr0=5.00e-06 lr1=2.50e-04
09:07:20 INFO   e3 step  2300/6924  loss=0.0161  acc=0.9907  lr0=4.95e-06 lr1=2.47e-04
09:07:25 INFO   e3 step  2350/6924  loss=0.0161  acc=0.9906  lr0=4.89e-06 lr1=2.45e-04
09:07:29 INFO   e3 step  2400/6924  loss=0.0161  acc=0.9907  lr0=4.84e-06 lr1=2.42e-04
09:07:34 INFO   e3 step  2450/6924  loss=0.0161  acc=0.9907  lr0=4.79e-06 lr1=2.39e-04
09:07:38 INFO   e3 step  2500/6924  loss=0.0160  acc=0.9908  lr0=4.73e-06 lr1=2.37e-04
09:07:43 INFO   e3 step  2550/6924  loss=0.0160  acc=0.9908  lr0=4.68e-06 lr1=2.34e-04
09:07:47 INFO   e3 step  2600/6924  loss=0.0159  acc=0.9908  lr0=4.63e-06 lr1=2.31e-04
09:07:52 INFO   e3 step  2650/6924  loss=0.0160  acc=0.9907  lr0=4.57e-06 lr1=2.29e-04
09:07:57 INFO   e3 step  2700/6924  loss=0.0160  acc=0.9908  lr0=4.52e-06 lr1=2.26e-04
09:08:01 INFO   e3 step  2750/6924  loss=0.0160  acc=0.9908  lr0=4.47e-06 lr1=2.23e-04
09:08:06 INFO   e3 step  2800/6924  loss=0.0161  acc=0.9907  lr0=4.41e-06 lr1=2.21e-04
09:08:10 INFO   e3 step  2850/6924  loss=0.0160  acc=0.9907  lr0=4.36e-06 lr1=2.18e-04
09:08:15 INFO   e3 step  2900/6924  loss=0.0160  acc=0.9907  lr0=4.30e-06 lr1=2.15e-04
09:08:20 INFO   e3 step  2950/6924  loss=0.0160  acc=0.9908  lr0=4.25e-06 lr1=2.13e-04
09:08:24 INFO   e3 step  3000/6924  loss=0.0160  acc=0.9907  lr0=4.20e-06 lr1=2.10e-04
09:08:28 INFO   e3 step  3050/6924  loss=0.0160  acc=0.9907  lr0=4.14e-06 lr1=2.07e-04
09:08:33 INFO   e3 step  3100/6924  loss=0.0159  acc=0.9908  lr0=4.09e-06 lr1=2.05e-04
09:08:37 INFO   e3 step  3150/6924  loss=0.0159  acc=0.9908  lr0=4.04e-06 lr1=2.02e-04
09:08:42 INFO   e3 step  3200/6924  loss=0.0158  acc=0.9908  lr0=3.98e-06 lr1=1.99e-04
09:08:46 INFO   e3 step  3250/6924  loss=0.0158  acc=0.9908  lr0=3.93e-06 lr1=1.97e-04
09:08:51 INFO   e3 step  3300/6924  loss=0.0159  acc=0.9908  lr0=3.88e-06 lr1=1.94e-04
09:08:55 INFO   e3 step  3350/6924  loss=0.0159  acc=0.9908  lr0=3.82e-06 lr1=1.91e-04
09:09:00 INFO   e3 step  3400/6924  loss=0.0158  acc=0.9908  lr0=3.77e-06 lr1=1.88e-04
09:09:04 INFO   e3 step  3450/6924  loss=0.0159  acc=0.9908  lr0=3.72e-06 lr1=1.86e-04
09:09:08 INFO   e3 step  3500/6924  loss=0.0158  acc=0.9909  lr0=3.66e-06 lr1=1.83e-04
09:09:13 INFO   e3 step  3550/6924  loss=0.0157  acc=0.9909  lr0=3.61e-06 lr1=1.80e-04
09:09:17 INFO   e3 step  3600/6924  loss=0.0157  acc=0.9909  lr0=3.56e-06 lr1=1.78e-04
09:09:21 INFO   e3 step  3650/6924  loss=0.0157  acc=0.9909  lr0=3.50e-06 lr1=1.75e-04
09:09:26 INFO   e3 step  3700/6924  loss=0.0157  acc=0.9909  lr0=3.45e-06 lr1=1.72e-04
09:09:31 INFO   e3 step  3750/6924  loss=0.0157  acc=0.9909  lr0=3.40e-06 lr1=1.70e-04
09:09:36 INFO   e3 step  3800/6924  loss=0.0157  acc=0.9909  lr0=3.34e-06 lr1=1.67e-04
09:09:41 INFO   e3 step  3850/6924  loss=0.0157  acc=0.9909  lr0=3.29e-06 lr1=1.64e-04
09:09:46 INFO   e3 step  3900/6924  loss=0.0156  acc=0.9910  lr0=3.24e-06 lr1=1.62e-04
09:09:51 INFO   e3 step  3950/6924  loss=0.0156  acc=0.9910  lr0=3.18e-06 lr1=1.59e-04
09:09:56 INFO   e3 step  4000/6924  loss=0.0156  acc=0.9910  lr0=3.13e-06 lr1=1.56e-04
09:10:00 INFO   e3 step  4050/6924  loss=0.0156  acc=0.9910  lr0=3.07e-06 lr1=1.54e-04
09:10:05 INFO   e3 step  4100/6924  loss=0.0156  acc=0.9910  lr0=3.02e-06 lr1=1.51e-04
09:10:10 INFO   e3 step  4150/6924  loss=0.0156  acc=0.9910  lr0=2.97e-06 lr1=1.48e-04
09:10:15 INFO   e3 step  4200/6924  loss=0.0156  acc=0.9910  lr0=2.91e-06 lr1=1.46e-04
09:10:19 INFO   e3 step  4250/6924  loss=0.0155  acc=0.9910  lr0=2.86e-06 lr1=1.43e-04
09:10:24 INFO   e3 step  4300/6924  loss=0.0155  acc=0.9910  lr0=2.81e-06 lr1=1.40e-04
09:10:28 INFO   e3 step  4350/6924  loss=0.0155  acc=0.9910  lr0=2.75e-06 lr1=1.38e-04
09:10:33 INFO   e3 step  4400/6924  loss=0.0155  acc=0.9910  lr0=2.70e-06 lr1=1.35e-04
09:10:37 INFO   e3 step  4450/6924  loss=0.0155  acc=0.9909  lr0=2.65e-06 lr1=1.32e-04
09:10:42 INFO   e3 step  4500/6924  loss=0.0155  acc=0.9910  lr0=2.59e-06 lr1=1.30e-04
09:10:46 INFO   e3 step  4550/6924  loss=0.0155  acc=0.9909  lr0=2.54e-06 lr1=1.27e-04
09:10:51 INFO   e3 step  4600/6924  loss=0.0155  acc=0.9909  lr0=2.49e-06 lr1=1.24e-04
09:10:56 INFO   e3 step  4650/6924  loss=0.0156  acc=0.9909  lr0=2.43e-06 lr1=1.22e-04
09:11:00 INFO   e3 step  4700/6924  loss=0.0155  acc=0.9909  lr0=2.38e-06 lr1=1.19e-04
09:11:05 INFO   e3 step  4750/6924  loss=0.0156  acc=0.9909  lr0=2.33e-06 lr1=1.16e-04
09:11:09 INFO   e3 step  4800/6924  loss=0.0155  acc=0.9909  lr0=2.27e-06 lr1=1.14e-04
09:11:14 INFO   e3 step  4850/6924  loss=0.0156  acc=0.9909  lr0=2.22e-06 lr1=1.11e-04
09:11:19 INFO   e3 step  4900/6924  loss=0.0155  acc=0.9909  lr0=2.17e-06 lr1=1.08e-04
09:11:23 INFO   e3 step  4950/6924  loss=0.0155  acc=0.9909  lr0=2.11e-06 lr1=1.06e-04
09:11:28 INFO   e3 step  5000/6924  loss=0.0156  acc=0.9909  lr0=2.06e-06 lr1=1.03e-04
09:11:33 INFO   e3 step  5050/6924  loss=0.0156  acc=0.9909  lr0=2.00e-06 lr1=1.00e-04
09:11:38 INFO   e3 step  5100/6924  loss=0.0155  acc=0.9909  lr0=1.95e-06 lr1=9.76e-05
09:11:42 INFO   e3 step  5150/6924  loss=0.0155  acc=0.9909  lr0=1.90e-06 lr1=9.49e-05
09:11:47 INFO   e3 step  5200/6924  loss=0.0155  acc=0.9909  lr0=1.84e-06 lr1=9.22e-05
09:11:51 INFO   e3 step  5250/6924  loss=0.0155  acc=0.9909  lr0=1.79e-06 lr1=8.95e-05
09:11:56 INFO   e3 step  5300/6924  loss=0.0155  acc=0.9909  lr0=1.74e-06 lr1=8.69e-05
09:12:00 INFO   e3 step  5350/6924  loss=0.0155  acc=0.9909  lr0=1.68e-06 lr1=8.42e-05
09:12:04 INFO   e3 step  5400/6924  loss=0.0155  acc=0.9909  lr0=1.63e-06 lr1=8.15e-05
09:12:09 INFO   e3 step  5450/6924  loss=0.0155  acc=0.9909  lr0=1.58e-06 lr1=7.88e-05
09:12:14 INFO   e3 step  5500/6924  loss=0.0155  acc=0.9910  lr0=1.52e-06 lr1=7.62e-05
09:12:18 INFO   e3 step  5550/6924  loss=0.0155  acc=0.9910  lr0=1.47e-06 lr1=7.35e-05
09:12:23 INFO   e3 step  5600/6924  loss=0.0155  acc=0.9909  lr0=1.42e-06 lr1=7.08e-05
09:12:27 INFO   e3 step  5650/6924  loss=0.0155  acc=0.9910  lr0=1.36e-06 lr1=6.81e-05
09:12:32 INFO   e3 step  5700/6924  loss=0.0155  acc=0.9910  lr0=1.31e-06 lr1=6.55e-05
09:12:36 INFO   e3 step  5750/6924  loss=0.0155  acc=0.9910  lr0=1.26e-06 lr1=6.28e-05
09:12:40 INFO   e3 step  5800/6924  loss=0.0155  acc=0.9910  lr0=1.20e-06 lr1=6.01e-05
09:12:45 INFO   e3 step  5850/6924  loss=0.0155  acc=0.9910  lr0=1.15e-06 lr1=5.74e-05
09:12:49 INFO   e3 step  5900/6924  loss=0.0155  acc=0.9910  lr0=1.10e-06 lr1=5.48e-05
09:12:53 INFO   e3 step  5950/6924  loss=0.0155  acc=0.9910  lr0=1.04e-06 lr1=5.21e-05
09:12:58 INFO   e3 step  6000/6924  loss=0.0155  acc=0.9910  lr0=9.88e-07 lr1=4.94e-05
09:13:02 INFO   e3 step  6050/6924  loss=0.0155  acc=0.9910  lr0=9.35e-07 lr1=4.68e-05
09:13:07 INFO   e3 step  6100/6924  loss=0.0155  acc=0.9910  lr0=8.82e-07 lr1=4.41e-05
09:13:12 INFO   e3 step  6150/6924  loss=0.0155  acc=0.9910  lr0=8.28e-07 lr1=4.14e-05
09:13:16 INFO   e3 step  6200/6924  loss=0.0155  acc=0.9909  lr0=7.75e-07 lr1=3.87e-05
09:13:21 INFO   e3 step  6250/6924  loss=0.0155  acc=0.9909  lr0=7.21e-07 lr1=3.61e-05
09:13:25 INFO   e3 step  6300/6924  loss=0.0156  acc=0.9909  lr0=6.68e-07 lr1=3.34e-05
09:13:29 INFO   e3 step  6350/6924  loss=0.0155  acc=0.9909  lr0=6.14e-07 lr1=3.07e-05
09:13:34 INFO   e3 step  6400/6924  loss=0.0155  acc=0.9909  lr0=5.61e-07 lr1=2.80e-05
09:13:38 INFO   e3 step  6450/6924  loss=0.0155  acc=0.9909  lr0=5.07e-07 lr1=2.54e-05
09:13:43 INFO   e3 step  6500/6924  loss=0.0155  acc=0.9909  lr0=4.54e-07 lr1=2.27e-05
09:13:47 INFO   e3 step  6550/6924  loss=0.0155  acc=0.9909  lr0=4.00e-07 lr1=2.00e-05
09:13:52 INFO   e3 step  6600/6924  loss=0.0155  acc=0.9909  lr0=3.47e-07 lr1=1.73e-05
09:13:56 INFO   e3 step  6650/6924  loss=0.0156  acc=0.9909  lr0=2.93e-07 lr1=1.47e-05
09:14:01 INFO   e3 step  6700/6924  loss=0.0155  acc=0.9909  lr0=2.40e-07 lr1=1.20e-05
09:14:05 INFO   e3 step  6750/6924  loss=0.0155  acc=0.9909  lr0=1.86e-07 lr1=9.31e-06
09:14:10 INFO   e3 step  6800/6924  loss=0.0156  acc=0.9909  lr0=1.33e-07 lr1=6.63e-06
09:14:14 INFO   e3 step  6850/6924  loss=0.0156  acc=0.9909  lr0=7.92e-08 lr1=3.96e-06
09:14:19 INFO   e3 step  6900/6924  loss=0.0156  acc=0.9909  lr0=2.57e-08 lr1=1.28e-06
09:14:29 INFO [epoch 3] train_loss=0.0156 train_acc=0.9909  val_loss=0.8501 val_acc=0.9040 val_auc=0.9355  elapsed=634.7s
09:14:29 INFO loading best.pt for test eval
09:14:34 INFO [test] loss=1.0752  acc=0.8653  auc=0.9141  f1=0.8573
09:14:34 INFO [test] per-tier-pair accuracy:
09:14:34 INFO         T1-T2  n=    2  acc=0.0000
09:14:34 INFO         T1-T3  n=   10  acc=0.8000
09:14:34 INFO         T1-T4  n=    8  acc=0.8750
09:14:34 INFO         T1-T5  n=   20  acc=0.7000
09:14:34 INFO         T1-T6  n=   64  acc=0.9531
09:14:34 INFO         T1-T7  n=    6  acc=1.0000
09:14:34 INFO         T1-T8  n=   36  acc=1.0000
09:14:34 INFO         T1-T9  n=   12  acc=1.0000
09:14:34 INFO        T1-T10  n=    4  acc=1.0000
09:14:34 INFO        T1-T11  n=   24  acc=1.0000
09:14:34 INFO        T1-T12  n=    8  acc=1.0000
09:14:34 INFO        T1-T13  n=    8  acc=1.0000
09:14:34 INFO        T1-T14  n=    2  acc=1.0000
09:14:34 INFO        T1-T15  n=   28  acc=1.0000
09:14:34 INFO         T2-T3  n=    5  acc=1.0000
09:14:34 INFO         T2-T4  n=    4  acc=1.0000
09:14:34 INFO         T2-T5  n=   10  acc=1.0000
09:14:34 INFO         T2-T6  n=   32  acc=1.0000
09:14:34 INFO         T2-T7  n=    3  acc=1.0000
09:14:34 INFO         T2-T8  n=   18  acc=1.0000
09:14:34 INFO         T2-T9  n=    6  acc=1.0000
09:14:34 INFO        T2-T10  n=    2  acc=1.0000
09:14:34 INFO        T2-T11  n=   12  acc=1.0000
09:14:34 INFO        T2-T12  n=    4  acc=1.0000
09:14:34 INFO        T2-T13  n=    4  acc=1.0000
09:14:34 INFO        T2-T14  n=    1  acc=1.0000
09:14:34 INFO        T2-T15  n=   14  acc=1.0000
09:14:34 INFO         T3-T4  n=   20  acc=0.7500
09:14:34 INFO         T3-T5  n=   50  acc=0.5600
09:14:34 INFO         T3-T6  n=  160  acc=0.5875
09:14:34 INFO         T3-T7  n=   15  acc=0.7333
09:14:34 INFO         T3-T8  n=   90  acc=0.6111
09:14:34 INFO         T3-T9  n=   30  acc=0.6000
09:14:34 INFO        T3-T10  n=   10  acc=0.5000
09:14:34 INFO        T3-T11  n=   60  acc=0.8333
09:14:34 INFO        T3-T12  n=   20  acc=1.0000
09:14:34 INFO        T3-T13  n=   20  acc=1.0000
09:14:34 INFO        T3-T14  n=    5  acc=0.8000
09:14:34 INFO        T3-T15  n=   70  acc=0.9714
09:14:34 INFO         T4-T5  n=   40  acc=0.6000
09:14:34 INFO         T4-T6  n=  128  acc=0.6250
09:14:34 INFO         T4-T7  n=   12  acc=0.8333
09:14:34 INFO         T4-T8  n=   72  acc=0.6528
09:14:34 INFO         T4-T9  n=   24  acc=0.7917
09:14:34 INFO        T4-T10  n=    8  acc=0.7500
09:14:34 INFO        T4-T11  n=   48  acc=0.8542
09:14:34 INFO        T4-T12  n=   16  acc=1.0000
09:14:34 INFO        T4-T13  n=   16  acc=1.0000
09:14:34 INFO        T4-T14  n=    4  acc=0.7500
09:14:34 INFO        T4-T15  n=   56  acc=0.9464
09:14:34 INFO         T5-T6  n=  320  acc=0.7688
09:14:34 INFO         T5-T7  n=   30  acc=1.0000
09:14:34 INFO         T5-T8  n=  180  acc=0.9889
09:14:34 INFO         T5-T9  n=   60  acc=1.0000
09:14:34 INFO        T5-T10  n=   20  acc=1.0000
09:14:34 INFO        T5-T11  n=  120  acc=0.9833
09:14:34 INFO        T5-T12  n=   40  acc=1.0000
09:14:34 INFO        T5-T13  n=   40  acc=1.0000
09:14:34 INFO        T5-T14  n=   10  acc=1.0000
09:14:34 INFO        T5-T15  n=  140  acc=0.9214
09:14:34 INFO         T6-T7  n=   96  acc=0.9583
09:14:34 INFO         T6-T8  n=  576  acc=0.9392
09:14:34 INFO         T6-T9  n=  192  acc=0.9375
09:14:34 INFO        T6-T10  n=   64  acc=0.9531
09:14:34 INFO        T6-T11  n=  384  acc=0.9297
09:14:34 INFO        T6-T12  n=  128  acc=0.9844
09:14:34 INFO        T6-T13  n=  128  acc=1.0000
09:14:34 INFO        T6-T14  n=   32  acc=0.9688
09:14:34 INFO        T6-T15  n=  448  acc=0.9085
09:14:34 INFO         T7-T8  n=   54  acc=0.5926
09:14:34 INFO         T7-T9  n=   18  acc=0.6111
09:14:34 INFO        T7-T10  n=    6  acc=0.6667
09:14:34 INFO        T7-T11  n=   36  acc=0.6111
09:14:34 INFO        T7-T12  n=   12  acc=0.6667
09:14:34 INFO        T7-T13  n=   12  acc=0.6667
09:14:34 INFO        T7-T14  n=    3  acc=0.3333
09:14:34 INFO        T7-T15  n=   42  acc=0.8095
09:14:34 INFO         T8-T9  n=  108  acc=0.9259
09:14:34 INFO        T8-T10  n=   36  acc=0.8889
09:14:34 INFO        T8-T11  n=  216  acc=0.8380
09:14:34 INFO        T8-T12  n=   72  acc=1.0000
09:14:34 INFO        T8-T13  n=   72  acc=1.0000
09:14:34 INFO        T8-T14  n=   18  acc=0.0556
09:14:34 INFO        T8-T15  n=  252  acc=0.8254
09:14:34 INFO        T9-T10  n=   12  acc=0.6667
09:14:34 INFO        T9-T11  n=   72  acc=0.7500
09:14:34 INFO        T9-T12  n=   24  acc=1.0000
09:14:34 INFO        T9-T13  n=   24  acc=1.0000
09:14:34 INFO        T9-T14  n=    6  acc=0.0000
09:14:34 INFO        T9-T15  n=   84  acc=0.7857
09:14:34 INFO       T10-T11  n=   24  acc=0.7917
09:14:34 INFO       T10-T12  n=    8  acc=1.0000
09:14:34 INFO       T10-T13  n=    8  acc=1.0000
09:14:34 INFO       T10-T14  n=    2  acc=0.0000
09:14:34 INFO       T10-T15  n=   28  acc=0.8571
09:14:34 INFO       T11-T12  n=   48  acc=0.7500
09:14:34 INFO       T11-T13  n=   48  acc=0.9583
09:14:34 INFO       T11-T14  n=   12  acc=0.1667
09:14:34 INFO       T11-T15  n=  168  acc=0.8452
09:14:34 INFO       T12-T13  n=   16  acc=1.0000
09:14:34 INFO       T12-T14  n=    4  acc=0.0000
09:14:34 INFO       T12-T15  n=   56  acc=0.7857
09:14:34 INFO       T13-T14  n=    4  acc=0.0000
09:14:34 INFO       T13-T15  n=   56  acc=0.8036
09:14:34 INFO       T14-T15  n=   14  acc=0.9286
09:14:34 INFO [done] results in runs/classifier/ajo_original_data_org_rev
