13:10:11 INFO run_dir=/mnt/localssd/crossencoder_sweep/runs/new_ajo_workflows/bge-base-en-v1.5
13:10:11 INFO device=cuda:0  bf16=True  physical_gpu=1  CUDA_VISIBLE_DEVICES=1
13:10:11 INFO dataset=new_ajo_workflows  model=bge-base-en-v1.5  backbone=BAAI/bge-base-en-v1.5
13:10:11 INFO tokenizer <- BAAI/bge-base-en-v1.5
13:10:11 INFO split files: ['directional_train.jsonl', 'directional_val.jsonl', 'directional_test.jsonl']
13:10:11 INFO scanning max JOINT token length across all splits ...
13:10:16 INFO   observed_max_joint=512 -> max_seq_len=512 (cap=512, scan=4.8s)
13:10:16 INFO loading datasets ...
13:10:16 INFO   schema=standard  train=21846  val=2470  test=2616
13:10:16 INFO building CrossEncoderClassifier  backbone=BAAI/bge-base-en-v1.5
13:10:17 INFO   hidden_size=768  trainable_params=109,483,009
13:10:17 INFO   total_steps=1368  warmup_steps=136
13:10:22 INFO   e1 step    50/342  loss=0.7255  acc=0.5003  lr0=7.35e-06 lr1=3.68e-04
13:10:27 INFO   e1 step   100/342  loss=0.7250  acc=0.5009  lr0=1.47e-05 lr1=7.35e-04
13:10:30 INFO   e1 step   150/342  loss=0.7229  acc=0.4964  lr0=1.98e-05 lr1=9.89e-04
13:10:37 INFO   e1 step   200/342  loss=0.7194  acc=0.4980  lr0=1.90e-05 lr1=9.48e-04
13:10:41 INFO   e1 step   250/342  loss=0.7150  acc=0.4978  lr0=1.81e-05 lr1=9.07e-04
13:10:45 INFO   e1 step   300/342  loss=0.7116  acc=0.4990  lr0=1.73e-05 lr1=8.67e-04
13:10:49 INFO [epoch 1] train_loss=0.7087 train_acc=0.5002  val_loss=0.6841 val_acc=0.5251 val_auc=0.5584  elapsed=32.1s
13:10:50 INFO   saved best.pt  val_acc=0.5251
13:10:54 INFO   e2 step    50/342  loss=0.6714  acc=0.5231  lr0=1.58e-05 lr1=7.92e-04
13:10:58 INFO   e2 step   100/342  loss=0.6721  acc=0.5208  lr0=1.50e-05 lr1=7.52e-04
13:11:03 INFO   e2 step   150/342  loss=0.6749  acc=0.5173  lr0=1.42e-05 lr1=7.11e-04
13:11:07 INFO   e2 step   200/342  loss=0.6744  acc=0.5186  lr0=1.34e-05 lr1=6.70e-04
13:11:10 INFO   e2 step   250/342  loss=0.6729  acc=0.5200  lr0=1.26e-05 lr1=6.30e-04
13:11:15 INFO   e2 step   300/342  loss=0.6726  acc=0.5188  lr0=1.18e-05 lr1=5.89e-04
13:11:20 INFO [epoch 2] train_loss=0.6711 train_acc=0.5194  val_loss=0.6681 val_acc=0.5320 val_auc=0.5729  elapsed=29.6s
13:11:20 INFO   saved best.pt  val_acc=0.5320
13:11:24 INFO   e3 step    50/342  loss=0.6652  acc=0.5325  lr0=1.03e-05 lr1=5.15e-04
13:11:29 INFO   e3 step   100/342  loss=0.6628  acc=0.5373  lr0=9.48e-06 lr1=4.74e-04
13:11:33 INFO   e3 step   150/342  loss=0.6615  acc=0.5389  lr0=8.67e-06 lr1=4.33e-04
13:11:37 INFO   e3 step   200/342  loss=0.6601  acc=0.5412  lr0=7.86e-06 lr1=3.93e-04
13:11:41 INFO   e3 step   250/342  loss=0.6618  acc=0.5391  lr0=7.05e-06 lr1=3.52e-04
13:11:45 INFO   e3 step   300/342  loss=0.6610  acc=0.5431  lr0=6.23e-06 lr1=3.12e-04
13:11:50 INFO [epoch 3] train_loss=0.6612 train_acc=0.5423  val_loss=0.6653 val_acc=0.5385 val_auc=0.5851  elapsed=29.6s
13:11:50 INFO   saved best.pt  val_acc=0.5385
13:11:55 INFO   e4 step    50/342  loss=0.6480  acc=0.5806  lr0=4.74e-06 lr1=2.37e-04
13:11:59 INFO   e4 step   100/342  loss=0.6486  acc=0.5786  lr0=3.93e-06 lr1=1.96e-04
13:12:03 INFO   e4 step   150/342  loss=0.6522  acc=0.5748  lr0=3.12e-06 lr1=1.56e-04
13:12:07 INFO   e4 step   200/342  loss=0.6520  acc=0.5736  lr0=2.31e-06 lr1=1.15e-04
13:12:11 INFO   e4 step   250/342  loss=0.6509  acc=0.5733  lr0=1.49e-06 lr1=7.47e-05
13:12:15 INFO   e4 step   300/342  loss=0.6493  acc=0.5759  lr0=6.82e-07 lr1=3.41e-05
13:12:20 INFO [epoch 4] train_loss=0.6493 train_acc=0.5760  val_loss=0.6679 val_acc=0.5547 val_auc=0.5884  elapsed=29.3s
13:12:20 INFO   saved best.pt  val_acc=0.5547
13:12:21 INFO loading best.pt for test eval
13:12:22 INFO [test] loss=0.6482  acc=0.5558  auc=0.5986  f1=0.5548
13:12:22 INFO [done] run_summary.json written to /mnt/localssd/crossencoder_sweep/runs/new_ajo_workflows/bge-base-en-v1.5
