00:32:00 INFO run_dir=/mnt/localssd/baseline_sweep/runs/new_ajo_workflows/deberta-v3-large
00:32:00 INFO device=cuda:0  bf16=False  physical_gpu=1  CUDA_VISIBLE_DEVICES=1
00:32:00 INFO dataset=new_ajo_workflows  model=deberta-v3-large  backbone=microsoft/deberta-v3-large
00:32:00 INFO tokenizer <- microsoft/deberta-v3-large
00:32:01 INFO split files: ['directional_train.jsonl', 'directional_val.jsonl', 'directional_test.jsonl']
00:32:01 INFO scanning max token length across all splits ...
00:32:05 INFO   observed_max=323 -> max_seq_len=342 (cap=512, scan=4.3s)
00:32:05 INFO loading datasets ...
00:32:05 INFO   schema=standard  train=21846  val=2470  test=2616
00:32:05 INFO building DirectionalClassifier  backbone=microsoft/deberta-v3-large  head=MLP(4d->512->128->1, act=gelu, norm=layer, dropout=0.1)  n_tiers=0
00:32:10 INFO   hidden_size=1024  trainable_params=870,197,249
00:32:10 INFO   total_steps=10924  warmup_steps=1092
00:32:28 INFO   e1 step    50/2731  loss=0.7972  acc=0.5175  lr0=9.16e-07 lr1=4.58e-05
00:32:42 INFO   e1 step   100/2731  loss=0.7652  acc=0.5225  lr0=1.83e-06 lr1=9.16e-05
00:32:58 INFO   e1 step   150/2731  loss=0.7540  acc=0.5392  lr0=2.75e-06 lr1=1.37e-04
00:33:13 INFO   e1 step   200/2731  loss=0.7479  acc=0.5419  lr0=3.66e-06 lr1=1.83e-04
00:33:28 INFO   e1 step   250/2731  loss=0.7446  acc=0.5345  lr0=4.58e-06 lr1=2.29e-04
00:33:43 INFO   e1 step   300/2731  loss=0.7400  acc=0.5304  lr0=5.49e-06 lr1=2.75e-04
00:33:58 INFO   e1 step   350/2731  loss=0.7375  acc=0.5243  lr0=6.41e-06 lr1=3.21e-04
00:34:13 INFO   e1 step   400/2731  loss=0.7338  acc=0.5253  lr0=7.33e-06 lr1=3.66e-04
00:34:28 INFO   e1 step   450/2731  loss=0.7315  acc=0.5236  lr0=8.24e-06 lr1=4.12e-04
00:34:45 INFO   e1 step   500/2731  loss=0.7290  acc=0.5205  lr0=9.16e-06 lr1=4.58e-04
00:35:00 INFO   e1 step   550/2731  loss=0.7266  acc=0.5173  lr0=1.01e-05 lr1=5.04e-04
00:35:14 INFO   e1 step   600/2731  loss=0.7243  acc=0.5173  lr0=1.10e-05 lr1=5.49e-04
00:35:30 INFO   e1 step   650/2731  loss=0.7222  acc=0.5167  lr0=1.19e-05 lr1=5.95e-04
00:35:45 INFO   e1 step   700/2731  loss=0.7209  acc=0.5179  lr0=1.28e-05 lr1=6.41e-04
00:35:59 INFO   e1 step   750/2731  loss=0.7178  acc=0.5170  lr0=1.37e-05 lr1=6.87e-04
00:36:15 INFO   e1 step   800/2731  loss=0.7190  acc=0.5178  lr0=1.47e-05 lr1=7.33e-04
00:36:30 INFO   e1 step   850/2731  loss=0.7170  acc=0.5182  lr0=1.56e-05 lr1=7.78e-04
00:36:45 INFO   e1 step   900/2731  loss=0.7156  acc=0.5165  lr0=1.65e-05 lr1=8.24e-04
00:37:00 INFO   e1 step   950/2731  loss=0.7140  acc=0.5184  lr0=1.74e-05 lr1=8.70e-04
00:37:15 INFO   e1 step  1000/2731  loss=0.7141  acc=0.5168  lr0=1.83e-05 lr1=9.16e-04
00:37:30 INFO   e1 step  1050/2731  loss=0.7128  acc=0.5195  lr0=1.92e-05 lr1=9.62e-04
00:37:45 INFO   e1 step  1100/2731  loss=0.7117  acc=0.5206  lr0=2.00e-05 lr1=9.99e-04
00:38:00 INFO   e1 step  1150/2731  loss=0.7117  acc=0.5170  lr0=1.99e-05 lr1=9.94e-04
00:38:16 INFO   e1 step  1200/2731  loss=0.7126  acc=0.5170  lr0=1.98e-05 lr1=9.89e-04
00:38:31 INFO   e1 step  1250/2731  loss=0.7122  acc=0.5165  lr0=1.97e-05 lr1=9.84e-04
00:38:46 INFO   e1 step  1300/2731  loss=0.7115  acc=0.5163  lr0=1.96e-05 lr1=9.79e-04
00:39:02 INFO   e1 step  1350/2731  loss=0.7106  acc=0.5171  lr0=1.95e-05 lr1=9.74e-04
00:39:17 INFO   e1 step  1400/2731  loss=0.7104  acc=0.5165  lr0=1.94e-05 lr1=9.69e-04
00:39:32 INFO   e1 step  1450/2731  loss=0.7096  acc=0.5159  lr0=1.93e-05 lr1=9.64e-04
00:39:47 INFO   e1 step  1500/2731  loss=0.7088  acc=0.5152  lr0=1.92e-05 lr1=9.59e-04
00:40:03 INFO   e1 step  1550/2731  loss=0.7080  acc=0.5152  lr0=1.91e-05 lr1=9.53e-04
00:40:18 INFO   e1 step  1600/2731  loss=0.7072  acc=0.5153  lr0=1.90e-05 lr1=9.48e-04
00:40:33 INFO   e1 step  1650/2731  loss=0.7066  acc=0.5148  lr0=1.89e-05 lr1=9.43e-04
00:40:48 INFO   e1 step  1700/2731  loss=0.7062  acc=0.5132  lr0=1.88e-05 lr1=9.38e-04
00:41:05 INFO   e1 step  1750/2731  loss=0.7052  acc=0.5139  lr0=1.87e-05 lr1=9.33e-04
00:41:20 INFO   e1 step  1800/2731  loss=0.7046  acc=0.5140  lr0=1.86e-05 lr1=9.28e-04
00:41:36 INFO   e1 step  1850/2731  loss=0.7039  acc=0.5147  lr0=1.85e-05 lr1=9.23e-04
00:41:51 INFO   e1 step  1900/2731  loss=0.7035  acc=0.5144  lr0=1.84e-05 lr1=9.18e-04
00:42:07 INFO   e1 step  1950/2731  loss=0.7029  acc=0.5142  lr0=1.83e-05 lr1=9.13e-04
00:42:22 INFO   e1 step  2000/2731  loss=0.7028  acc=0.5130  lr0=1.82e-05 lr1=9.08e-04
00:42:37 INFO   e1 step  2050/2731  loss=0.7025  acc=0.5130  lr0=1.81e-05 lr1=9.03e-04
00:42:52 INFO   e1 step  2100/2731  loss=0.7021  acc=0.5124  lr0=1.79e-05 lr1=8.97e-04
00:43:08 INFO   e1 step  2150/2731  loss=0.7017  acc=0.5129  lr0=1.78e-05 lr1=8.92e-04
00:43:24 INFO   e1 step  2200/2731  loss=0.7016  acc=0.5135  lr0=1.77e-05 lr1=8.87e-04
00:43:39 INFO   e1 step  2250/2731  loss=0.7013  acc=0.5132  lr0=1.76e-05 lr1=8.82e-04
00:43:54 INFO   e1 step  2300/2731  loss=0.7012  acc=0.5130  lr0=1.75e-05 lr1=8.77e-04
00:44:10 INFO   e1 step  2350/2731  loss=0.7011  acc=0.5126  lr0=1.74e-05 lr1=8.72e-04
00:44:26 INFO   e1 step  2400/2731  loss=0.7007  acc=0.5133  lr0=1.73e-05 lr1=8.67e-04
00:44:41 INFO   e1 step  2450/2731  loss=0.7016  acc=0.5137  lr0=1.72e-05 lr1=8.62e-04
00:44:56 INFO   e1 step  2500/2731  loss=0.7015  acc=0.5141  lr0=1.71e-05 lr1=8.57e-04
00:45:12 INFO   e1 step  2550/2731  loss=0.7014  acc=0.5141  lr0=1.70e-05 lr1=8.52e-04
00:45:27 INFO   e1 step  2600/2731  loss=0.7012  acc=0.5142  lr0=1.69e-05 lr1=8.47e-04
00:45:43 INFO   e1 step  2650/2731  loss=0.7011  acc=0.5138  lr0=1.68e-05 lr1=8.42e-04
00:45:59 INFO   e1 step  2700/2731  loss=0.7010  acc=0.5126  lr0=1.67e-05 lr1=8.36e-04
00:46:46 INFO [epoch 1] train_loss=0.7010 train_acc=0.5122  val_loss=0.6943 val_acc=0.5000 val_auc=0.5268  elapsed=875.5s
00:46:50 INFO   saved best.pt  val_acc=0.5000
00:47:06 INFO   e2 step    50/2731  loss=0.6963  acc=0.4475  lr0=1.66e-05 lr1=8.28e-04
00:47:21 INFO   e2 step   100/2731  loss=0.6964  acc=0.4713  lr0=1.65e-05 lr1=8.23e-04
00:47:36 INFO   e2 step   150/2731  loss=0.6966  acc=0.4658  lr0=1.64e-05 lr1=8.18e-04
00:47:51 INFO   e2 step   200/2731  loss=0.6965  acc=0.4731  lr0=1.63e-05 lr1=8.13e-04
00:48:06 INFO   e2 step   250/2731  loss=0.6962  acc=0.4755  lr0=1.62e-05 lr1=8.08e-04
00:48:20 INFO   e2 step   300/2731  loss=0.6960  acc=0.4779  lr0=1.61e-05 lr1=8.03e-04
00:48:37 INFO   e2 step   350/2731  loss=0.6956  acc=0.4854  lr0=1.60e-05 lr1=7.98e-04
00:48:51 INFO   e2 step   400/2731  loss=0.6957  acc=0.4875  lr0=1.59e-05 lr1=7.93e-04
00:49:06 INFO   e2 step   450/2731  loss=0.6953  acc=0.4844  lr0=1.58e-05 lr1=7.88e-04
00:49:21 INFO   e2 step   500/2731  loss=0.6962  acc=0.4908  lr0=1.56e-05 lr1=7.82e-04
00:49:36 INFO   e2 step   550/2731  loss=0.6957  acc=0.4927  lr0=1.55e-05 lr1=7.77e-04
00:49:52 INFO   e2 step   600/2731  loss=0.6955  acc=0.4935  lr0=1.54e-05 lr1=7.72e-04
00:50:06 INFO   e2 step   650/2731  loss=0.6950  acc=0.4950  lr0=1.53e-05 lr1=7.67e-04
00:50:22 INFO   e2 step   700/2731  loss=0.6948  acc=0.4977  lr0=1.52e-05 lr1=7.62e-04
00:50:37 INFO   e2 step   750/2731  loss=0.6949  acc=0.5023  lr0=1.51e-05 lr1=7.57e-04
00:50:52 INFO   e2 step   800/2731  loss=0.6947  acc=0.5014  lr0=1.50e-05 lr1=7.52e-04
00:51:08 INFO   e2 step   850/2731  loss=0.6948  acc=0.4994  lr0=1.49e-05 lr1=7.47e-04
00:51:24 INFO   e2 step   900/2731  loss=0.6970  acc=0.4988  lr0=1.48e-05 lr1=7.42e-04
00:51:39 INFO   e2 step   950/2731  loss=0.6972  acc=0.4996  lr0=1.47e-05 lr1=7.37e-04
00:51:55 INFO   e2 step  1000/2731  loss=0.6975  acc=0.5005  lr0=1.46e-05 lr1=7.32e-04
00:52:10 INFO   e2 step  1050/2731  loss=0.6977  acc=0.5014  lr0=1.45e-05 lr1=7.27e-04
00:52:26 INFO   e2 step  1100/2731  loss=0.6978  acc=0.5001  lr0=1.44e-05 lr1=7.21e-04
00:52:41 INFO   e2 step  1150/2731  loss=0.6978  acc=0.5002  lr0=1.43e-05 lr1=7.16e-04
00:52:56 INFO   e2 step  1200/2731  loss=0.6976  acc=0.5004  lr0=1.42e-05 lr1=7.11e-04
00:53:12 INFO   e2 step  1250/2731  loss=0.6975  acc=0.5009  lr0=1.41e-05 lr1=7.06e-04
00:53:27 INFO   e2 step  1300/2731  loss=0.6974  acc=0.5000  lr0=1.40e-05 lr1=7.01e-04
00:53:42 INFO   e2 step  1350/2731  loss=0.6974  acc=0.5009  lr0=1.39e-05 lr1=6.96e-04
00:53:57 INFO   e2 step  1400/2731  loss=0.6972  acc=0.5018  lr0=1.38e-05 lr1=6.91e-04
00:54:13 INFO   e2 step  1450/2731  loss=0.6972  acc=0.5008  lr0=1.37e-05 lr1=6.86e-04
00:54:29 INFO   e2 step  1500/2731  loss=0.6971  acc=0.5012  lr0=1.36e-05 lr1=6.81e-04
00:54:43 INFO   e2 step  1550/2731  loss=0.6970  acc=0.5016  lr0=1.35e-05 lr1=6.76e-04
00:54:58 INFO   e2 step  1600/2731  loss=0.6970  acc=0.5004  lr0=1.34e-05 lr1=6.71e-04
00:55:13 INFO   e2 step  1650/2731  loss=0.6969  acc=0.5000  lr0=1.33e-05 lr1=6.65e-04
00:55:28 INFO   e2 step  1700/2731  loss=0.6968  acc=0.5005  lr0=1.32e-05 lr1=6.60e-04
00:55:43 INFO   e2 step  1750/2731  loss=0.6967  acc=0.5014  lr0=1.31e-05 lr1=6.55e-04
00:55:58 INFO   e2 step  1800/2731  loss=0.6967  acc=0.5006  lr0=1.30e-05 lr1=6.50e-04
00:56:14 INFO   e2 step  1850/2731  loss=0.6966  acc=0.5003  lr0=1.29e-05 lr1=6.45e-04
00:56:29 INFO   e2 step  1900/2731  loss=0.6967  acc=0.5000  lr0=1.28e-05 lr1=6.40e-04
00:56:45 INFO   e2 step  1950/2731  loss=0.6968  acc=0.4991  lr0=1.27e-05 lr1=6.35e-04
00:57:00 INFO   e2 step  2000/2731  loss=0.6967  acc=0.4994  lr0=1.26e-05 lr1=6.30e-04
00:57:15 INFO   e2 step  2050/2731  loss=0.6967  acc=0.4993  lr0=1.25e-05 lr1=6.25e-04
00:57:31 INFO   e2 step  2100/2731  loss=0.6966  acc=0.4998  lr0=1.24e-05 lr1=6.20e-04
00:57:46 INFO   e2 step  2150/2731  loss=0.6966  acc=0.4997  lr0=1.23e-05 lr1=6.15e-04
00:58:02 INFO   e2 step  2200/2731  loss=0.6967  acc=0.4986  lr0=1.22e-05 lr1=6.10e-04
00:58:17 INFO   e2 step  2250/2731  loss=0.6967  acc=0.4992  lr0=1.21e-05 lr1=6.04e-04
00:58:33 INFO   e2 step  2300/2731  loss=0.6966  acc=0.4988  lr0=1.20e-05 lr1=5.99e-04
00:58:48 INFO   e2 step  2350/2731  loss=0.6966  acc=0.4986  lr0=1.19e-05 lr1=5.94e-04
00:59:03 INFO   e2 step  2400/2731  loss=0.6966  acc=0.4981  lr0=1.18e-05 lr1=5.89e-04
00:59:19 INFO   e2 step  2450/2731  loss=0.6966  acc=0.4974  lr0=1.17e-05 lr1=5.84e-04
00:59:34 INFO   e2 step  2500/2731  loss=0.6966  acc=0.4969  lr0=1.16e-05 lr1=5.79e-04
00:59:48 INFO   e2 step  2550/2731  loss=0.6966  acc=0.4970  lr0=1.15e-05 lr1=5.74e-04
01:00:04 INFO   e2 step  2600/2731  loss=0.6965  acc=0.4973  lr0=1.14e-05 lr1=5.69e-04
01:00:19 INFO   e2 step  2650/2731  loss=0.6965  acc=0.4967  lr0=1.13e-05 lr1=5.64e-04
01:00:35 INFO   e2 step  2700/2731  loss=0.6964  acc=0.4970  lr0=1.12e-05 lr1=5.59e-04
01:01:22 INFO [epoch 2] train_loss=0.6964 train_acc=0.4970  val_loss=0.6935 val_acc=0.5000 val_auc=0.5234  elapsed=872.4s
01:01:37 INFO   e3 step    50/2731  loss=0.6921  acc=0.5225  lr0=1.10e-05 lr1=5.50e-04
01:01:53 INFO   e3 step   100/2731  loss=0.6931  acc=0.5162  lr0=1.09e-05 lr1=5.45e-04
01:02:08 INFO   e3 step   150/2731  loss=0.6929  acc=0.5125  lr0=1.08e-05 lr1=5.40e-04
01:02:23 INFO   e3 step   200/2731  loss=0.6923  acc=0.5206  lr0=1.07e-05 lr1=5.35e-04
01:02:38 INFO   e3 step   250/2731  loss=0.6932  acc=0.5155  lr0=1.06e-05 lr1=5.30e-04
01:02:53 INFO   e3 step   300/2731  loss=0.6928  acc=0.5204  lr0=1.05e-05 lr1=5.25e-04
01:03:08 INFO   e3 step   350/2731  loss=0.6928  acc=0.5221  lr0=1.04e-05 lr1=5.20e-04
01:03:23 INFO   e3 step   400/2731  loss=0.6933  acc=0.5181  lr0=1.03e-05 lr1=5.15e-04
01:03:39 INFO   e3 step   450/2731  loss=0.6937  acc=0.5161  lr0=1.02e-05 lr1=5.10e-04
01:03:54 INFO   e3 step   500/2731  loss=0.6938  acc=0.5115  lr0=1.01e-05 lr1=5.05e-04
01:04:09 INFO   e3 step   550/2731  loss=0.6939  acc=0.5107  lr0=9.99e-06 lr1=5.00e-04
01:04:24 INFO   e3 step   600/2731  loss=0.6939  acc=0.5100  lr0=9.89e-06 lr1=4.95e-04
01:04:39 INFO   e3 step   650/2731  loss=0.6940  acc=0.5085  lr0=9.79e-06 lr1=4.89e-04
01:04:55 INFO   e3 step   700/2731  loss=0.6939  acc=0.5105  lr0=9.69e-06 lr1=4.84e-04
01:05:11 INFO   e3 step   750/2731  loss=0.6940  acc=0.5092  lr0=9.59e-06 lr1=4.79e-04
01:05:26 INFO   e3 step   800/2731  loss=0.6939  acc=0.5083  lr0=9.48e-06 lr1=4.74e-04
01:05:41 INFO   e3 step   850/2731  loss=0.6937  acc=0.5101  lr0=9.38e-06 lr1=4.69e-04
01:05:57 INFO   e3 step   900/2731  loss=0.6939  acc=0.5096  lr0=9.28e-06 lr1=4.64e-04
01:06:12 INFO   e3 step   950/2731  loss=0.6940  acc=0.5068  lr0=9.18e-06 lr1=4.59e-04
01:06:27 INFO   e3 step  1000/2731  loss=0.6939  acc=0.5079  lr0=9.08e-06 lr1=4.54e-04
01:06:43 INFO   e3 step  1050/2731  loss=0.6940  acc=0.5082  lr0=8.97e-06 lr1=4.49e-04
01:06:59 INFO   e3 step  1100/2731  loss=0.6939  acc=0.5084  lr0=8.87e-06 lr1=4.44e-04
01:07:15 INFO   e3 step  1150/2731  loss=0.6940  acc=0.5077  lr0=8.77e-06 lr1=4.39e-04
01:07:31 INFO   e3 step  1200/2731  loss=0.6940  acc=0.5067  lr0=8.67e-06 lr1=4.33e-04
01:07:48 INFO   e3 step  1250/2731  loss=0.6940  acc=0.5062  lr0=8.57e-06 lr1=4.28e-04
01:08:03 INFO   e3 step  1300/2731  loss=0.6940  acc=0.5065  lr0=8.47e-06 lr1=4.23e-04
01:08:19 INFO   e3 step  1350/2731  loss=0.6941  acc=0.5050  lr0=8.36e-06 lr1=4.18e-04
01:08:35 INFO   e3 step  1400/2731  loss=0.6941  acc=0.5054  lr0=8.26e-06 lr1=4.13e-04
01:08:51 INFO   e3 step  1450/2731  loss=0.6941  acc=0.5055  lr0=8.16e-06 lr1=4.08e-04
01:09:08 INFO   e3 step  1500/2731  loss=0.6942  acc=0.5047  lr0=8.06e-06 lr1=4.03e-04
01:09:24 INFO   e3 step  1550/2731  loss=0.6941  acc=0.5048  lr0=7.96e-06 lr1=3.98e-04
01:09:39 INFO   e3 step  1600/2731  loss=0.6941  acc=0.5040  lr0=7.86e-06 lr1=3.93e-04
01:09:55 INFO   e3 step  1650/2731  loss=0.6941  acc=0.5046  lr0=7.75e-06 lr1=3.88e-04
01:10:11 INFO   e3 step  1700/2731  loss=0.6940  acc=0.5062  lr0=7.65e-06 lr1=3.83e-04
01:10:25 INFO   e3 step  1750/2731  loss=0.6941  acc=0.5057  lr0=7.55e-06 lr1=3.78e-04
01:10:40 INFO   e3 step  1800/2731  loss=0.6941  acc=0.5053  lr0=7.45e-06 lr1=3.72e-04
01:10:55 INFO   e3 step  1850/2731  loss=0.6941  acc=0.5047  lr0=7.35e-06 lr1=3.67e-04
01:11:11 INFO   e3 step  1900/2731  loss=0.6941  acc=0.5043  lr0=7.25e-06 lr1=3.62e-04
01:11:26 INFO   e3 step  1950/2731  loss=0.6941  acc=0.5040  lr0=7.14e-06 lr1=3.57e-04
01:11:41 INFO   e3 step  2000/2731  loss=0.6941  acc=0.5041  lr0=7.04e-06 lr1=3.52e-04
01:11:57 INFO   e3 step  2050/2731  loss=0.6941  acc=0.5035  lr0=6.94e-06 lr1=3.47e-04
01:12:12 INFO   e3 step  2100/2731  loss=0.6941  acc=0.5033  lr0=6.84e-06 lr1=3.42e-04
01:12:28 INFO   e3 step  2150/2731  loss=0.6942  acc=0.5035  lr0=6.74e-06 lr1=3.37e-04
01:12:43 INFO   e3 step  2200/2731  loss=0.6942  acc=0.5022  lr0=6.64e-06 lr1=3.32e-04
01:12:58 INFO   e3 step  2250/2731  loss=0.6942  acc=0.5020  lr0=6.53e-06 lr1=3.27e-04
01:13:13 INFO   e3 step  2300/2731  loss=0.6942  acc=0.5018  lr0=6.43e-06 lr1=3.22e-04
01:13:30 INFO   e3 step  2350/2731  loss=0.6942  acc=0.5023  lr0=6.33e-06 lr1=3.17e-04
01:13:45 INFO   e3 step  2400/2731  loss=0.6942  acc=0.5018  lr0=6.23e-06 lr1=3.11e-04
01:14:00 INFO   e3 step  2450/2731  loss=0.6942  acc=0.5012  lr0=6.13e-06 lr1=3.06e-04
01:14:15 INFO   e3 step  2500/2731  loss=0.6942  acc=0.5010  lr0=6.03e-06 lr1=3.01e-04
01:14:30 INFO   e3 step  2550/2731  loss=0.6942  acc=0.5008  lr0=5.92e-06 lr1=2.96e-04
01:14:45 INFO   e3 step  2600/2731  loss=0.6941  acc=0.5013  lr0=5.82e-06 lr1=2.91e-04
01:15:02 INFO   e3 step  2650/2731  loss=0.6941  acc=0.5018  lr0=5.72e-06 lr1=2.86e-04
01:15:18 INFO   e3 step  2700/2731  loss=0.6941  acc=0.5018  lr0=5.62e-06 lr1=2.81e-04
01:16:05 INFO [epoch 3] train_loss=0.6941 train_acc=0.5015  val_loss=0.6933 val_acc=0.5000 val_auc=0.5151  elapsed=882.5s
01:16:20 INFO   e4 step    50/2731  loss=0.6926  acc=0.5225  lr0=5.45e-06 lr1=2.73e-04
01:16:35 INFO   e4 step   100/2731  loss=0.6943  acc=0.5038  lr0=5.35e-06 lr1=2.68e-04
01:16:50 INFO   e4 step   150/2731  loss=0.6934  acc=0.5133  lr0=5.25e-06 lr1=2.63e-04
01:17:06 INFO   e4 step   200/2731  loss=0.6937  acc=0.5100  lr0=5.15e-06 lr1=2.57e-04
01:17:21 INFO   e4 step   250/2731  loss=0.6940  acc=0.5020  lr0=5.05e-06 lr1=2.52e-04
01:17:36 INFO   e4 step   300/2731  loss=0.6941  acc=0.4933  lr0=4.95e-06 lr1=2.47e-04
01:17:51 INFO   e4 step   350/2731  loss=0.6940  acc=0.4925  lr0=4.84e-06 lr1=2.42e-04
01:18:07 INFO   e4 step   400/2731  loss=0.6939  acc=0.4959  lr0=4.74e-06 lr1=2.37e-04
01:18:23 INFO   e4 step   450/2731  loss=0.6937  acc=0.4997  lr0=4.64e-06 lr1=2.32e-04
01:18:38 INFO   e4 step   500/2731  loss=0.6938  acc=0.4970  lr0=4.54e-06 lr1=2.27e-04
01:18:53 INFO   e4 step   550/2731  loss=0.6936  acc=0.4991  lr0=4.44e-06 lr1=2.22e-04
01:19:09 INFO   e4 step   600/2731  loss=0.6938  acc=0.4973  lr0=4.33e-06 lr1=2.17e-04
01:19:24 INFO   e4 step   650/2731  loss=0.6937  acc=0.4983  lr0=4.23e-06 lr1=2.12e-04
01:19:39 INFO   e4 step   700/2731  loss=0.6938  acc=0.4970  lr0=4.13e-06 lr1=2.07e-04
01:19:54 INFO   e4 step   750/2731  loss=0.6938  acc=0.4983  lr0=4.03e-06 lr1=2.01e-04
01:20:10 INFO   e4 step   800/2731  loss=0.6938  acc=0.4984  lr0=3.93e-06 lr1=1.96e-04
01:20:25 INFO   e4 step   850/2731  loss=0.6937  acc=0.4976  lr0=3.83e-06 lr1=1.91e-04
01:20:40 INFO   e4 step   900/2731  loss=0.6937  acc=0.4979  lr0=3.72e-06 lr1=1.86e-04
01:20:56 INFO   e4 step   950/2731  loss=0.6937  acc=0.4980  lr0=3.62e-06 lr1=1.81e-04
01:21:10 INFO   e4 step  1000/2731  loss=0.6937  acc=0.4976  lr0=3.52e-06 lr1=1.76e-04
01:21:26 INFO   e4 step  1050/2731  loss=0.6937  acc=0.4974  lr0=3.42e-06 lr1=1.71e-04
01:21:40 INFO   e4 step  1100/2731  loss=0.6938  acc=0.4958  lr0=3.32e-06 lr1=1.66e-04
01:21:56 INFO   e4 step  1150/2731  loss=0.6938  acc=0.4940  lr0=3.22e-06 lr1=1.61e-04
01:22:11 INFO   e4 step  1200/2731  loss=0.6938  acc=0.4939  lr0=3.11e-06 lr1=1.56e-04
01:22:26 INFO   e4 step  1250/2731  loss=0.6938  acc=0.4941  lr0=3.01e-06 lr1=1.51e-04
01:22:42 INFO   e4 step  1300/2731  loss=0.6937  acc=0.4957  lr0=2.91e-06 lr1=1.46e-04
01:22:57 INFO   e4 step  1350/2731  loss=0.6936  acc=0.4973  lr0=2.81e-06 lr1=1.40e-04
01:23:13 INFO   e4 step  1400/2731  loss=0.6936  acc=0.4980  lr0=2.71e-06 lr1=1.35e-04
01:23:29 INFO   e4 step  1450/2731  loss=0.6937  acc=0.4976  lr0=2.61e-06 lr1=1.30e-04
01:23:44 INFO   e4 step  1500/2731  loss=0.6937  acc=0.4972  lr0=2.50e-06 lr1=1.25e-04
01:23:59 INFO   e4 step  1550/2731  loss=0.6937  acc=0.4971  lr0=2.40e-06 lr1=1.20e-04
01:24:14 INFO   e4 step  1600/2731  loss=0.6937  acc=0.4974  lr0=2.30e-06 lr1=1.15e-04
01:24:30 INFO   e4 step  1650/2731  loss=0.6937  acc=0.4983  lr0=2.20e-06 lr1=1.10e-04
01:24:45 INFO   e4 step  1700/2731  loss=0.6937  acc=0.4979  lr0=2.10e-06 lr1=1.05e-04
01:25:01 INFO   e4 step  1750/2731  loss=0.6937  acc=0.4974  lr0=2.00e-06 lr1=9.98e-05
01:25:18 INFO   e4 step  1800/2731  loss=0.6937  acc=0.4984  lr0=1.89e-06 lr1=9.47e-05
01:25:33 INFO   e4 step  1850/2731  loss=0.6937  acc=0.4990  lr0=1.79e-06 lr1=8.96e-05
01:25:49 INFO   e4 step  1900/2731  loss=0.6937  acc=0.4982  lr0=1.69e-06 lr1=8.45e-05
01:26:06 INFO   e4 step  1950/2731  loss=0.6937  acc=0.4983  lr0=1.59e-06 lr1=7.94e-05
01:26:21 INFO   e4 step  2000/2731  loss=0.6937  acc=0.4988  lr0=1.49e-06 lr1=7.43e-05
01:26:36 INFO   e4 step  2050/2731  loss=0.6937  acc=0.4985  lr0=1.39e-06 lr1=6.93e-05
01:26:51 INFO   e4 step  2100/2731  loss=0.6937  acc=0.4978  lr0=1.28e-06 lr1=6.42e-05
01:27:06 INFO   e4 step  2150/2731  loss=0.6937  acc=0.4973  lr0=1.18e-06 lr1=5.91e-05
01:27:22 INFO   e4 step  2200/2731  loss=0.6937  acc=0.4974  lr0=1.08e-06 lr1=5.40e-05
01:27:37 INFO   e4 step  2250/2731  loss=0.6937  acc=0.4973  lr0=9.78e-07 lr1=4.89e-05
01:27:52 INFO   e4 step  2300/2731  loss=0.6936  acc=0.4976  lr0=8.77e-07 lr1=4.38e-05
01:28:07 INFO   e4 step  2350/2731  loss=0.6937  acc=0.4970  lr0=7.75e-07 lr1=3.88e-05
01:28:22 INFO   e4 step  2400/2731  loss=0.6937  acc=0.4970  lr0=6.73e-07 lr1=3.37e-05
01:28:37 INFO   e4 step  2450/2731  loss=0.6936  acc=0.4971  lr0=5.72e-07 lr1=2.86e-05
01:28:52 INFO   e4 step  2500/2731  loss=0.6936  acc=0.4971  lr0=4.70e-07 lr1=2.35e-05
01:29:08 INFO   e4 step  2550/2731  loss=0.6936  acc=0.4972  lr0=3.68e-07 lr1=1.84e-05
01:29:24 INFO   e4 step  2600/2731  loss=0.6936  acc=0.4973  lr0=2.66e-07 lr1=1.33e-05
01:29:39 INFO   e4 step  2650/2731  loss=0.6936  acc=0.4973  lr0=1.65e-07 lr1=8.24e-06
01:29:54 INFO   e4 step  2700/2731  loss=0.6936  acc=0.4976  lr0=6.31e-08 lr1=3.15e-06
01:30:41 INFO [epoch 4] train_loss=0.6936 train_acc=0.4978  val_loss=0.6931 val_acc=0.5000 val_auc=0.5254  elapsed=876.4s
01:30:45 INFO loading best.pt for test eval
01:31:05 INFO [test] loss=0.6943  acc=0.5000  auc=0.5343  f1=0.0000
01:31:05 INFO [test] per-tier-pair accuracy:
01:31:05 INFO         T0-T0  n= 2288  acc=0.5000
01:31:05 INFO         T2-T2  n=  120  acc=0.5000
01:31:05 INFO         T3-T3  n=  120  acc=0.5000
01:31:05 INFO         T9-T9  n=   60  acc=0.5000
01:31:05 INFO       T10-T10  n=   28  acc=0.5000
01:31:05 INFO [done] run_summary.json written to /mnt/localssd/baseline_sweep/runs/new_ajo_workflows/deberta-v3-large
