04:10:24 INFO run_dir=runs/classifier/mlp_bge_small_new
04:10:24 INFO device=cuda  bf16=True
04:10:24 INFO tokenizer <- BAAI/bge-small-en-v1.5
04:10:24 INFO max_seq_len=524 (user-provided)
04:10:24 INFO loading datasets
04:10:25 INFO   train=110775  val=6004  test=6004
04:10:25 INFO building DirectionalClassifier on BAAI/bge-small-en-v1.5  head_cfg={'head_type': 'mlp', 'hidden_dims': [512, 128], 'dropout': 0.1, 'activation': 'gelu', 'norm': 'layer'}  n_tiers=0
04:10:27 INFO   hidden_size=384  trainable_params=67,577,089
04:10:27 INFO   total_steps=10386  warmup_steps=1038
04:10:32 INFO   e1 step    50/3462  loss=0.7613  acc=0.5625  lr0=9.63e-07 lr1=4.82e-05
04:10:37 INFO   e1 step   100/3462  loss=0.6952  acc=0.6181  lr0=1.93e-06 lr1=9.63e-05
04:10:41 INFO   e1 step   150/3462  loss=0.6474  acc=0.6523  lr0=2.89e-06 lr1=1.45e-04
04:10:45 INFO   e1 step   200/3462  loss=0.6108  acc=0.6780  lr0=3.85e-06 lr1=1.93e-04
04:10:50 INFO   e1 step   250/3462  loss=0.5773  acc=0.6999  lr0=4.82e-06 lr1=2.41e-04
04:10:55 INFO   e1 step   300/3462  loss=0.5505  acc=0.7168  lr0=5.78e-06 lr1=2.89e-04
04:11:00 INFO   e1 step   350/3462  loss=0.5247  acc=0.7325  lr0=6.74e-06 lr1=3.37e-04
04:11:04 INFO   e1 step   400/3462  loss=0.5109  acc=0.7427  lr0=7.71e-06 lr1=3.85e-04
04:11:09 INFO   e1 step   450/3462  loss=0.4908  acc=0.7559  lr0=8.67e-06 lr1=4.34e-04
04:11:14 INFO   e1 step   500/3462  loss=0.4750  acc=0.7652  lr0=9.63e-06 lr1=4.82e-04
04:11:18 INFO   e1 step   550/3462  loss=0.4602  acc=0.7733  lr0=1.06e-05 lr1=5.30e-04
04:11:23 INFO   e1 step   600/3462  loss=0.4453  acc=0.7810  lr0=1.16e-05 lr1=5.78e-04
04:11:27 INFO   e1 step   650/3462  loss=0.4307  acc=0.7891  lr0=1.25e-05 lr1=6.26e-04
04:11:31 INFO   e1 step   700/3462  loss=0.4184  acc=0.7961  lr0=1.35e-05 lr1=6.74e-04
04:11:36 INFO   e1 step   750/3462  loss=0.4074  acc=0.8024  lr0=1.45e-05 lr1=7.23e-04
04:11:40 INFO   e1 step   800/3462  loss=0.3963  acc=0.8088  lr0=1.54e-05 lr1=7.71e-04
04:11:44 INFO   e1 step   850/3462  loss=0.3872  acc=0.8139  lr0=1.64e-05 lr1=8.19e-04
04:11:49 INFO   e1 step   900/3462  loss=0.3776  acc=0.8191  lr0=1.73e-05 lr1=8.67e-04
04:11:53 INFO   e1 step   950/3462  loss=0.3685  acc=0.8239  lr0=1.83e-05 lr1=9.15e-04
04:11:57 INFO   e1 step  1000/3462  loss=0.3592  acc=0.8290  lr0=1.93e-05 lr1=9.63e-04
04:12:01 INFO   e1 step  1050/3462  loss=0.3522  acc=0.8329  lr0=2.00e-05 lr1=9.99e-04
04:12:06 INFO   e1 step  1100/3462  loss=0.3445  acc=0.8370  lr0=1.99e-05 lr1=9.93e-04
04:12:10 INFO   e1 step  1150/3462  loss=0.3376  acc=0.8411  lr0=1.98e-05 lr1=9.88e-04
04:12:15 INFO   e1 step  1200/3462  loss=0.3293  acc=0.8454  lr0=1.97e-05 lr1=9.83e-04
04:12:19 INFO   e1 step  1250/3462  loss=0.3220  acc=0.8491  lr0=1.95e-05 lr1=9.77e-04
04:12:24 INFO   e1 step  1300/3462  loss=0.3152  acc=0.8529  lr0=1.94e-05 lr1=9.72e-04
04:12:29 INFO   e1 step  1350/3462  loss=0.3079  acc=0.8568  lr0=1.93e-05 lr1=9.67e-04
04:12:34 INFO   e1 step  1400/3462  loss=0.3028  acc=0.8595  lr0=1.92e-05 lr1=9.61e-04
04:12:38 INFO   e1 step  1450/3462  loss=0.2964  acc=0.8628  lr0=1.91e-05 lr1=9.56e-04
04:12:43 INFO   e1 step  1500/3462  loss=0.2909  acc=0.8656  lr0=1.90e-05 lr1=9.51e-04
04:12:48 INFO   e1 step  1550/3462  loss=0.2858  acc=0.8683  lr0=1.89e-05 lr1=9.45e-04
04:12:52 INFO   e1 step  1600/3462  loss=0.2799  acc=0.8714  lr0=1.88e-05 lr1=9.40e-04
04:12:57 INFO   e1 step  1650/3462  loss=0.2753  acc=0.8739  lr0=1.87e-05 lr1=9.35e-04
04:13:02 INFO   e1 step  1700/3462  loss=0.2705  acc=0.8763  lr0=1.86e-05 lr1=9.29e-04
04:13:06 INFO   e1 step  1750/3462  loss=0.2654  acc=0.8789  lr0=1.85e-05 lr1=9.24e-04
04:13:11 INFO   e1 step  1800/3462  loss=0.2608  acc=0.8813  lr0=1.84e-05 lr1=9.18e-04
04:13:16 INFO   e1 step  1850/3462  loss=0.2561  acc=0.8836  lr0=1.83e-05 lr1=9.13e-04
04:13:20 INFO   e1 step  1900/3462  loss=0.2519  acc=0.8858  lr0=1.82e-05 lr1=9.08e-04
04:13:25 INFO   e1 step  1950/3462  loss=0.2475  acc=0.8879  lr0=1.80e-05 lr1=9.02e-04
04:13:29 INFO   e1 step  2000/3462  loss=0.2439  acc=0.8897  lr0=1.79e-05 lr1=8.97e-04
04:13:34 INFO   e1 step  2050/3462  loss=0.2403  acc=0.8916  lr0=1.78e-05 lr1=8.92e-04
04:13:39 INFO   e1 step  2100/3462  loss=0.2363  acc=0.8936  lr0=1.77e-05 lr1=8.86e-04
04:13:43 INFO   e1 step  2150/3462  loss=0.2323  acc=0.8954  lr0=1.76e-05 lr1=8.81e-04
04:13:48 INFO   e1 step  2200/3462  loss=0.2289  acc=0.8970  lr0=1.75e-05 lr1=8.76e-04
04:13:53 INFO   e1 step  2250/3462  loss=0.2253  acc=0.8988  lr0=1.74e-05 lr1=8.70e-04
04:13:57 INFO   e1 step  2300/3462  loss=0.2220  acc=0.9005  lr0=1.73e-05 lr1=8.65e-04
04:14:02 INFO   e1 step  2350/3462  loss=0.2184  acc=0.9022  lr0=1.72e-05 lr1=8.60e-04
04:14:07 INFO   e1 step  2400/3462  loss=0.2156  acc=0.9035  lr0=1.71e-05 lr1=8.54e-04
04:14:11 INFO   e1 step  2450/3462  loss=0.2123  acc=0.9051  lr0=1.70e-05 lr1=8.49e-04
04:14:16 INFO   e1 step  2500/3462  loss=0.2092  acc=0.9065  lr0=1.69e-05 lr1=8.44e-04
04:14:21 INFO   e1 step  2550/3462  loss=0.2063  acc=0.9080  lr0=1.68e-05 lr1=8.38e-04
04:14:26 INFO   e1 step  2600/3462  loss=0.2035  acc=0.9093  lr0=1.67e-05 lr1=8.33e-04
04:14:31 INFO   e1 step  2650/3462  loss=0.2009  acc=0.9105  lr0=1.66e-05 lr1=8.28e-04
04:14:35 INFO   e1 step  2700/3462  loss=0.1979  acc=0.9119  lr0=1.64e-05 lr1=8.22e-04
04:14:40 INFO   e1 step  2750/3462  loss=0.1953  acc=0.9132  lr0=1.63e-05 lr1=8.17e-04
04:14:45 INFO   e1 step  2800/3462  loss=0.1927  acc=0.9144  lr0=1.62e-05 lr1=8.12e-04
04:14:49 INFO   e1 step  2850/3462  loss=0.1902  acc=0.9156  lr0=1.61e-05 lr1=8.06e-04
04:14:54 INFO   e1 step  2900/3462  loss=0.1879  acc=0.9167  lr0=1.60e-05 lr1=8.01e-04
04:14:59 INFO   e1 step  2950/3462  loss=0.1858  acc=0.9178  lr0=1.59e-05 lr1=7.95e-04
04:15:03 INFO   e1 step  3000/3462  loss=0.1834  acc=0.9189  lr0=1.58e-05 lr1=7.90e-04
04:15:08 INFO   e1 step  3050/3462  loss=0.1813  acc=0.9198  lr0=1.57e-05 lr1=7.85e-04
04:15:13 INFO   e1 step  3100/3462  loss=0.1793  acc=0.9207  lr0=1.56e-05 lr1=7.79e-04
04:15:18 INFO   e1 step  3150/3462  loss=0.1772  acc=0.9216  lr0=1.55e-05 lr1=7.74e-04
04:15:22 INFO   e1 step  3200/3462  loss=0.1751  acc=0.9225  lr0=1.54e-05 lr1=7.69e-04
04:15:27 INFO   e1 step  3250/3462  loss=0.1732  acc=0.9234  lr0=1.53e-05 lr1=7.63e-04
04:15:31 INFO   e1 step  3300/3462  loss=0.1711  acc=0.9243  lr0=1.52e-05 lr1=7.58e-04
04:15:36 INFO   e1 step  3350/3462  loss=0.1690  acc=0.9253  lr0=1.51e-05 lr1=7.53e-04
04:15:41 INFO   e1 step  3400/3462  loss=0.1671  acc=0.9261  lr0=1.49e-05 lr1=7.47e-04
04:15:46 INFO   e1 step  3450/3462  loss=0.1653  acc=0.9270  lr0=1.48e-05 lr1=7.42e-04
04:15:51 INFO [epoch 1] train_loss=0.1648 train_acc=0.9272  val_loss=0.7064 val_acc=0.8714 val_auc=0.9298  elapsed=324.5s
04:15:51 INFO   saved best.pt  val_acc=0.8714
04:15:56 INFO   e2 step    50/3462  loss=0.0385  acc=0.9862  lr0=1.47e-05 lr1=7.35e-04
04:16:01 INFO   e2 step   100/3462  loss=0.0375  acc=0.9856  lr0=1.46e-05 lr1=7.30e-04
04:16:05 INFO   e2 step   150/3462  loss=0.0391  acc=0.9854  lr0=1.45e-05 lr1=7.25e-04
04:16:10 INFO   e2 step   200/3462  loss=0.0382  acc=0.9853  lr0=1.44e-05 lr1=7.19e-04
04:16:14 INFO   e2 step   250/3462  loss=0.0383  acc=0.9848  lr0=1.43e-05 lr1=7.14e-04
04:16:19 INFO   e2 step   300/3462  loss=0.0387  acc=0.9846  lr0=1.42e-05 lr1=7.09e-04
04:16:23 INFO   e2 step   350/3462  loss=0.0364  acc=0.9853  lr0=1.41e-05 lr1=7.03e-04
04:16:28 INFO   e2 step   400/3462  loss=0.0380  acc=0.9846  lr0=1.40e-05 lr1=6.98e-04
04:16:32 INFO   e2 step   450/3462  loss=0.0377  acc=0.9848  lr0=1.39e-05 lr1=6.93e-04
04:16:37 INFO   e2 step   500/3462  loss=0.0372  acc=0.9847  lr0=1.37e-05 lr1=6.87e-04
04:16:41 INFO   e2 step   550/3462  loss=0.0366  acc=0.9847  lr0=1.36e-05 lr1=6.82e-04
04:16:45 INFO   e2 step   600/3462  loss=0.0365  acc=0.9851  lr0=1.35e-05 lr1=6.77e-04
04:16:50 INFO   e2 step   650/3462  loss=0.0363  acc=0.9848  lr0=1.34e-05 lr1=6.71e-04
04:16:54 INFO   e2 step   700/3462  loss=0.0353  acc=0.9849  lr0=1.33e-05 lr1=6.66e-04
04:16:59 INFO   e2 step   750/3462  loss=0.0348  acc=0.9852  lr0=1.32e-05 lr1=6.60e-04
04:17:03 INFO   e2 step   800/3462  loss=0.0347  acc=0.9854  lr0=1.31e-05 lr1=6.55e-04
04:17:07 INFO   e2 step   850/3462  loss=0.0340  acc=0.9857  lr0=1.30e-05 lr1=6.50e-04
04:17:12 INFO   e2 step   900/3462  loss=0.0337  acc=0.9858  lr0=1.29e-05 lr1=6.44e-04
04:17:16 INFO   e2 step   950/3462  loss=0.0330  acc=0.9861  lr0=1.28e-05 lr1=6.39e-04
04:17:21 INFO   e2 step  1000/3462  loss=0.0330  acc=0.9863  lr0=1.27e-05 lr1=6.34e-04
04:17:25 INFO   e2 step  1050/3462  loss=0.0328  acc=0.9864  lr0=1.26e-05 lr1=6.28e-04
04:17:30 INFO   e2 step  1100/3462  loss=0.0325  acc=0.9864  lr0=1.25e-05 lr1=6.23e-04
04:17:34 INFO   e2 step  1150/3462  loss=0.0320  acc=0.9866  lr0=1.24e-05 lr1=6.18e-04
04:17:39 INFO   e2 step  1200/3462  loss=0.0320  acc=0.9867  lr0=1.22e-05 lr1=6.12e-04
04:17:44 INFO   e2 step  1250/3462  loss=0.0321  acc=0.9867  lr0=1.21e-05 lr1=6.07e-04
04:17:49 INFO   e2 step  1300/3462  loss=0.0317  acc=0.9869  lr0=1.20e-05 lr1=6.02e-04
04:17:53 INFO   e2 step  1350/3462  loss=0.0317  acc=0.9869  lr0=1.19e-05 lr1=5.96e-04
04:17:58 INFO   e2 step  1400/3462  loss=0.0316  acc=0.9869  lr0=1.18e-05 lr1=5.91e-04
04:18:03 INFO   e2 step  1450/3462  loss=0.0317  acc=0.9868  lr0=1.17e-05 lr1=5.86e-04
04:18:08 INFO   e2 step  1500/3462  loss=0.0316  acc=0.9869  lr0=1.16e-05 lr1=5.80e-04
04:18:13 INFO   e2 step  1550/3462  loss=0.0317  acc=0.9868  lr0=1.15e-05 lr1=5.75e-04
04:18:17 INFO   e2 step  1600/3462  loss=0.0315  acc=0.9869  lr0=1.14e-05 lr1=5.70e-04
04:18:22 INFO   e2 step  1650/3462  loss=0.0313  acc=0.9870  lr0=1.13e-05 lr1=5.64e-04
04:18:26 INFO   e2 step  1700/3462  loss=0.0311  acc=0.9871  lr0=1.12e-05 lr1=5.59e-04
04:18:31 INFO   e2 step  1750/3462  loss=0.0307  acc=0.9872  lr0=1.11e-05 lr1=5.53e-04
04:18:35 INFO   e2 step  1800/3462  loss=0.0307  acc=0.9873  lr0=1.10e-05 lr1=5.48e-04
04:18:40 INFO   e2 step  1850/3462  loss=0.0304  acc=0.9873  lr0=1.09e-05 lr1=5.43e-04
04:18:45 INFO   e2 step  1900/3462  loss=0.0304  acc=0.9874  lr0=1.07e-05 lr1=5.37e-04
04:18:49 INFO   e2 step  1950/3462  loss=0.0301  acc=0.9875  lr0=1.06e-05 lr1=5.32e-04
04:18:53 INFO   e2 step  2000/3462  loss=0.0301  acc=0.9875  lr0=1.05e-05 lr1=5.27e-04
04:18:58 INFO   e2 step  2050/3462  loss=0.0297  acc=0.9876  lr0=1.04e-05 lr1=5.21e-04
04:19:03 INFO   e2 step  2100/3462  loss=0.0296  acc=0.9876  lr0=1.03e-05 lr1=5.16e-04
04:19:07 INFO   e2 step  2150/3462  loss=0.0296  acc=0.9876  lr0=1.02e-05 lr1=5.11e-04
04:19:11 INFO   e2 step  2200/3462  loss=0.0293  acc=0.9877  lr0=1.01e-05 lr1=5.05e-04
04:19:16 INFO   e2 step  2250/3462  loss=0.0290  acc=0.9878  lr0=1.00e-05 lr1=5.00e-04
04:19:20 INFO   e2 step  2300/3462  loss=0.0289  acc=0.9879  lr0=9.89e-06 lr1=4.95e-04
04:19:25 INFO   e2 step  2350/3462  loss=0.0287  acc=0.9880  lr0=9.79e-06 lr1=4.89e-04
04:19:29 INFO   e2 step  2400/3462  loss=0.0286  acc=0.9879  lr0=9.68e-06 lr1=4.84e-04
04:19:34 INFO   e2 step  2450/3462  loss=0.0285  acc=0.9880  lr0=9.57e-06 lr1=4.79e-04
04:19:38 INFO   e2 step  2500/3462  loss=0.0286  acc=0.9879  lr0=9.47e-06 lr1=4.73e-04
04:19:42 INFO   e2 step  2550/3462  loss=0.0284  acc=0.9879  lr0=9.36e-06 lr1=4.68e-04
04:19:47 INFO   e2 step  2600/3462  loss=0.0282  acc=0.9880  lr0=9.25e-06 lr1=4.63e-04
04:19:51 INFO   e2 step  2650/3462  loss=0.0280  acc=0.9881  lr0=9.14e-06 lr1=4.57e-04
04:19:56 INFO   e2 step  2700/3462  loss=0.0280  acc=0.9881  lr0=9.04e-06 lr1=4.52e-04
04:20:01 INFO   e2 step  2750/3462  loss=0.0278  acc=0.9882  lr0=8.93e-06 lr1=4.47e-04
04:20:05 INFO   e2 step  2800/3462  loss=0.0278  acc=0.9882  lr0=8.82e-06 lr1=4.41e-04
04:20:09 INFO   e2 step  2850/3462  loss=0.0277  acc=0.9882  lr0=8.72e-06 lr1=4.36e-04
04:20:14 INFO   e2 step  2900/3462  loss=0.0275  acc=0.9883  lr0=8.61e-06 lr1=4.30e-04
04:20:19 INFO   e2 step  2950/3462  loss=0.0275  acc=0.9883  lr0=8.50e-06 lr1=4.25e-04
04:20:23 INFO   e2 step  3000/3462  loss=0.0274  acc=0.9883  lr0=8.40e-06 lr1=4.20e-04
04:20:28 INFO   e2 step  3050/3462  loss=0.0272  acc=0.9883  lr0=8.29e-06 lr1=4.14e-04
04:20:32 INFO   e2 step  3100/3462  loss=0.0271  acc=0.9883  lr0=8.18e-06 lr1=4.09e-04
04:20:37 INFO   e2 step  3150/3462  loss=0.0270  acc=0.9883  lr0=8.07e-06 lr1=4.04e-04
04:20:42 INFO   e2 step  3200/3462  loss=0.0271  acc=0.9883  lr0=7.97e-06 lr1=3.98e-04
04:20:46 INFO   e2 step  3250/3462  loss=0.0270  acc=0.9884  lr0=7.86e-06 lr1=3.93e-04
04:20:51 INFO   e2 step  3300/3462  loss=0.0269  acc=0.9884  lr0=7.75e-06 lr1=3.88e-04
04:20:55 INFO   e2 step  3350/3462  loss=0.0268  acc=0.9884  lr0=7.65e-06 lr1=3.82e-04
04:21:00 INFO   e2 step  3400/3462  loss=0.0266  acc=0.9885  lr0=7.54e-06 lr1=3.77e-04
04:21:04 INFO   e2 step  3450/3462  loss=0.0264  acc=0.9885  lr0=7.43e-06 lr1=3.72e-04
04:21:10 INFO [epoch 2] train_loss=0.0264 train_acc=0.9885  val_loss=0.9083 val_acc=0.8762 val_auc=0.9263  elapsed=318.2s
04:21:10 INFO   saved best.pt  val_acc=0.8762
04:21:15 INFO   e3 step    50/3462  loss=0.0334  acc=0.9869  lr0=7.30e-06 lr1=3.65e-04
04:21:20 INFO   e3 step   100/3462  loss=0.0231  acc=0.9903  lr0=7.19e-06 lr1=3.60e-04
04:21:24 INFO   e3 step   150/3462  loss=0.0202  acc=0.9912  lr0=7.09e-06 lr1=3.54e-04
04:21:29 INFO   e3 step   200/3462  loss=0.0212  acc=0.9902  lr0=6.98e-06 lr1=3.49e-04
04:21:33 INFO   e3 step   250/3462  loss=0.0199  acc=0.9908  lr0=6.87e-06 lr1=3.44e-04
04:21:38 INFO   e3 step   300/3462  loss=0.0188  acc=0.9908  lr0=6.77e-06 lr1=3.38e-04
04:21:42 INFO   e3 step   350/3462  loss=0.0176  acc=0.9913  lr0=6.66e-06 lr1=3.33e-04
04:21:47 INFO   e3 step   400/3462  loss=0.0179  acc=0.9912  lr0=6.55e-06 lr1=3.28e-04
04:21:51 INFO   e3 step   450/3462  loss=0.0175  acc=0.9911  lr0=6.44e-06 lr1=3.22e-04
04:21:55 INFO   e3 step   500/3462  loss=0.0184  acc=0.9909  lr0=6.34e-06 lr1=3.17e-04
04:22:00 INFO   e3 step   550/3462  loss=0.0180  acc=0.9910  lr0=6.23e-06 lr1=3.12e-04
04:22:05 INFO   e3 step   600/3462  loss=0.0176  acc=0.9912  lr0=6.12e-06 lr1=3.06e-04
04:22:10 INFO   e3 step   650/3462  loss=0.0181  acc=0.9908  lr0=6.02e-06 lr1=3.01e-04
04:22:14 INFO   e3 step   700/3462  loss=0.0178  acc=0.9909  lr0=5.91e-06 lr1=2.95e-04
04:22:19 INFO   e3 step   750/3462  loss=0.0177  acc=0.9908  lr0=5.80e-06 lr1=2.90e-04
04:22:23 INFO   e3 step   800/3462  loss=0.0174  acc=0.9910  lr0=5.70e-06 lr1=2.85e-04
04:22:28 INFO   e3 step   850/3462  loss=0.0174  acc=0.9910  lr0=5.59e-06 lr1=2.79e-04
04:22:32 INFO   e3 step   900/3462  loss=0.0172  acc=0.9910  lr0=5.48e-06 lr1=2.74e-04
04:22:37 INFO   e3 step   950/3462  loss=0.0172  acc=0.9910  lr0=5.37e-06 lr1=2.69e-04
04:22:42 INFO   e3 step  1000/3462  loss=0.0170  acc=0.9911  lr0=5.27e-06 lr1=2.63e-04
04:22:46 INFO   e3 step  1050/3462  loss=0.0167  acc=0.9912  lr0=5.16e-06 lr1=2.58e-04
04:22:51 INFO   e3 step  1100/3462  loss=0.0168  acc=0.9912  lr0=5.05e-06 lr1=2.53e-04
04:22:56 INFO   e3 step  1150/3462  loss=0.0169  acc=0.9912  lr0=4.95e-06 lr1=2.47e-04
04:23:00 INFO   e3 step  1200/3462  loss=0.0167  acc=0.9912  lr0=4.84e-06 lr1=2.42e-04
04:23:05 INFO   e3 step  1250/3462  loss=0.0168  acc=0.9912  lr0=4.73e-06 lr1=2.37e-04
04:23:09 INFO   e3 step  1300/3462  loss=0.0166  acc=0.9913  lr0=4.63e-06 lr1=2.31e-04
04:23:14 INFO   e3 step  1350/3462  loss=0.0164  acc=0.9913  lr0=4.52e-06 lr1=2.26e-04
04:23:18 INFO   e3 step  1400/3462  loss=0.0163  acc=0.9913  lr0=4.41e-06 lr1=2.21e-04
04:23:23 INFO   e3 step  1450/3462  loss=0.0161  acc=0.9914  lr0=4.30e-06 lr1=2.15e-04
04:23:27 INFO   e3 step  1500/3462  loss=0.0161  acc=0.9913  lr0=4.20e-06 lr1=2.10e-04
04:23:32 INFO   e3 step  1550/3462  loss=0.0159  acc=0.9915  lr0=4.09e-06 lr1=2.05e-04
04:23:36 INFO   e3 step  1600/3462  loss=0.0159  acc=0.9914  lr0=3.98e-06 lr1=1.99e-04
04:23:41 INFO   e3 step  1650/3462  loss=0.0159  acc=0.9914  lr0=3.88e-06 lr1=1.94e-04
04:23:45 INFO   e3 step  1700/3462  loss=0.0162  acc=0.9913  lr0=3.77e-06 lr1=1.88e-04
04:23:50 INFO   e3 step  1750/3462  loss=0.0161  acc=0.9913  lr0=3.66e-06 lr1=1.83e-04
04:23:54 INFO   e3 step  1800/3462  loss=0.0162  acc=0.9913  lr0=3.56e-06 lr1=1.78e-04
04:23:59 INFO   e3 step  1850/3462  loss=0.0161  acc=0.9912  lr0=3.45e-06 lr1=1.72e-04
04:24:03 INFO   e3 step  1900/3462  loss=0.0162  acc=0.9912  lr0=3.34e-06 lr1=1.67e-04
04:24:08 INFO   e3 step  1950/3462  loss=0.0161  acc=0.9913  lr0=3.23e-06 lr1=1.62e-04
04:24:13 INFO   e3 step  2000/3462  loss=0.0161  acc=0.9913  lr0=3.13e-06 lr1=1.56e-04
04:24:18 INFO   e3 step  2050/3462  loss=0.0160  acc=0.9913  lr0=3.02e-06 lr1=1.51e-04
04:24:23 INFO   e3 step  2100/3462  loss=0.0159  acc=0.9914  lr0=2.91e-06 lr1=1.46e-04
04:24:28 INFO   e3 step  2150/3462  loss=0.0159  acc=0.9914  lr0=2.81e-06 lr1=1.40e-04
04:24:32 INFO   e3 step  2200/3462  loss=0.0159  acc=0.9914  lr0=2.70e-06 lr1=1.35e-04
04:24:37 INFO   e3 step  2250/3462  loss=0.0158  acc=0.9914  lr0=2.59e-06 lr1=1.30e-04
04:24:42 INFO   e3 step  2300/3462  loss=0.0158  acc=0.9914  lr0=2.49e-06 lr1=1.24e-04
04:24:46 INFO   e3 step  2350/3462  loss=0.0158  acc=0.9913  lr0=2.38e-06 lr1=1.19e-04
04:24:51 INFO   e3 step  2400/3462  loss=0.0158  acc=0.9913  lr0=2.27e-06 lr1=1.14e-04
04:24:55 INFO   e3 step  2450/3462  loss=0.0158  acc=0.9913  lr0=2.17e-06 lr1=1.08e-04
04:25:00 INFO   e3 step  2500/3462  loss=0.0159  acc=0.9913  lr0=2.06e-06 lr1=1.03e-04
04:25:05 INFO   e3 step  2550/3462  loss=0.0159  acc=0.9912  lr0=1.95e-06 lr1=9.76e-05
04:25:09 INFO   e3 step  2600/3462  loss=0.0159  acc=0.9912  lr0=1.84e-06 lr1=9.22e-05
04:25:14 INFO   e3 step  2650/3462  loss=0.0158  acc=0.9913  lr0=1.74e-06 lr1=8.69e-05
04:25:19 INFO   e3 step  2700/3462  loss=0.0157  acc=0.9913  lr0=1.63e-06 lr1=8.15e-05
04:25:23 INFO   e3 step  2750/3462  loss=0.0158  acc=0.9912  lr0=1.52e-06 lr1=7.62e-05
04:25:28 INFO   e3 step  2800/3462  loss=0.0157  acc=0.9913  lr0=1.42e-06 lr1=7.08e-05
04:25:33 INFO   e3 step  2850/3462  loss=0.0157  acc=0.9913  lr0=1.31e-06 lr1=6.55e-05
04:25:37 INFO   e3 step  2900/3462  loss=0.0157  acc=0.9913  lr0=1.20e-06 lr1=6.01e-05
04:25:42 INFO   e3 step  2950/3462  loss=0.0156  acc=0.9914  lr0=1.10e-06 lr1=5.48e-05
04:25:46 INFO   e3 step  3000/3462  loss=0.0156  acc=0.9914  lr0=9.88e-07 lr1=4.94e-05
04:25:51 INFO   e3 step  3050/3462  loss=0.0156  acc=0.9914  lr0=8.81e-07 lr1=4.41e-05
04:25:56 INFO   e3 step  3100/3462  loss=0.0156  acc=0.9913  lr0=7.74e-07 lr1=3.87e-05
04:26:01 INFO   e3 step  3150/3462  loss=0.0156  acc=0.9913  lr0=6.68e-07 lr1=3.34e-05
04:26:05 INFO   e3 step  3200/3462  loss=0.0155  acc=0.9913  lr0=5.61e-07 lr1=2.80e-05
04:26:10 INFO   e3 step  3250/3462  loss=0.0156  acc=0.9912  lr0=4.54e-07 lr1=2.27e-05
04:26:15 INFO   e3 step  3300/3462  loss=0.0155  acc=0.9913  lr0=3.47e-07 lr1=1.73e-05
04:26:19 INFO   e3 step  3350/3462  loss=0.0154  acc=0.9913  lr0=2.40e-07 lr1=1.20e-05
04:26:24 INFO   e3 step  3400/3462  loss=0.0154  acc=0.9913  lr0=1.33e-07 lr1=6.63e-06
04:26:29 INFO   e3 step  3450/3462  loss=0.0154  acc=0.9914  lr0=2.57e-08 lr1=1.28e-06
04:26:34 INFO [epoch 3] train_loss=0.0154 train_acc=0.9914  val_loss=0.9140 val_acc=0.8811 val_auc=0.9294  elapsed=324.2s
04:26:35 INFO   saved best.pt  val_acc=0.8811
04:26:35 INFO loading best.pt for test eval
04:26:40 INFO [test] loss=1.2690  acc=0.8496  auc=0.9006  f1=0.8407
04:26:40 INFO [test] per-tier-pair accuracy:
04:26:40 INFO         T1-T2  n=    2  acc=1.0000
04:26:40 INFO         T1-T3  n=   10  acc=1.0000
04:26:40 INFO         T1-T4  n=    8  acc=1.0000
04:26:40 INFO         T1-T5  n=   20  acc=1.0000
04:26:40 INFO         T1-T6  n=   64  acc=1.0000
04:26:40 INFO         T1-T7  n=    6  acc=1.0000
04:26:40 INFO         T1-T8  n=   36  acc=1.0000
04:26:40 INFO         T1-T9  n=   12  acc=1.0000
04:26:40 INFO        T1-T10  n=    4  acc=1.0000
04:26:40 INFO        T1-T11  n=   24  acc=1.0000
04:26:40 INFO        T1-T12  n=    8  acc=1.0000
04:26:40 INFO        T1-T13  n=    8  acc=1.0000
04:26:40 INFO        T1-T14  n=    2  acc=1.0000
04:26:40 INFO        T1-T15  n=   28  acc=1.0000
04:26:40 INFO         T2-T3  n=    5  acc=1.0000
04:26:40 INFO         T2-T4  n=    4  acc=1.0000
04:26:40 INFO         T2-T5  n=   10  acc=1.0000
04:26:40 INFO         T2-T6  n=   32  acc=1.0000
04:26:40 INFO         T2-T7  n=    3  acc=1.0000
04:26:40 INFO         T2-T8  n=   18  acc=1.0000
04:26:40 INFO         T2-T9  n=    6  acc=1.0000
04:26:40 INFO        T2-T10  n=    2  acc=1.0000
04:26:40 INFO        T2-T11  n=   12  acc=1.0000
04:26:40 INFO        T2-T12  n=    4  acc=1.0000
04:26:40 INFO        T2-T13  n=    4  acc=1.0000
04:26:40 INFO        T2-T14  n=    1  acc=1.0000
04:26:40 INFO        T2-T15  n=   14  acc=1.0000
04:26:40 INFO         T3-T4  n=   20  acc=0.6000
04:26:40 INFO         T3-T5  n=   50  acc=0.6000
04:26:40 INFO         T3-T6  n=  160  acc=0.6438
04:26:40 INFO         T3-T7  n=   15  acc=0.8667
04:26:40 INFO         T3-T8  n=   90  acc=0.6222
04:26:40 INFO         T3-T9  n=   30  acc=0.6667
04:26:40 INFO        T3-T10  n=   10  acc=0.7000
04:26:40 INFO        T3-T11  n=   60  acc=0.7167
04:26:40 INFO        T3-T12  n=   20  acc=0.9500
04:26:40 INFO        T3-T13  n=   20  acc=0.8500
04:26:40 INFO        T3-T14  n=    5  acc=0.6000
04:26:40 INFO        T3-T15  n=   70  acc=0.9714
04:26:40 INFO         T4-T5  n=   40  acc=0.7250
04:26:40 INFO         T4-T6  n=  128  acc=0.7812
04:26:40 INFO         T4-T7  n=   12  acc=0.9167
04:26:40 INFO         T4-T8  n=   72  acc=0.9444
04:26:40 INFO         T4-T9  n=   24  acc=0.9583
04:26:40 INFO        T4-T10  n=    8  acc=1.0000
04:26:40 INFO        T4-T11  n=   48  acc=0.8542
04:26:40 INFO        T4-T12  n=   16  acc=0.9375
04:26:40 INFO        T4-T13  n=   16  acc=0.8750
04:26:40 INFO        T4-T14  n=    4  acc=1.0000
04:26:40 INFO        T4-T15  n=   56  acc=0.9821
04:26:40 INFO         T5-T6  n=  320  acc=0.9406
04:26:40 INFO         T5-T7  n=   30  acc=1.0000
04:26:40 INFO         T5-T8  n=  180  acc=0.9944
04:26:40 INFO         T5-T9  n=   60  acc=1.0000
04:26:40 INFO        T5-T10  n=   20  acc=1.0000
04:26:40 INFO        T5-T11  n=  120  acc=0.9333
04:26:40 INFO        T5-T12  n=   40  acc=1.0000
04:26:40 INFO        T5-T13  n=   40  acc=0.9750
04:26:40 INFO        T5-T14  n=   10  acc=1.0000
04:26:40 INFO        T5-T15  n=  140  acc=1.0000
04:26:40 INFO         T6-T7  n=   96  acc=0.9479
04:26:40 INFO         T6-T8  n=  576  acc=0.8872
04:26:40 INFO         T6-T9  n=  192  acc=0.9115
04:26:40 INFO        T6-T10  n=   64  acc=0.9375
04:26:40 INFO        T6-T11  n=  384  acc=0.7839
04:26:40 INFO        T6-T12  n=  128  acc=0.8906
04:26:40 INFO        T6-T13  n=  128  acc=0.7266
04:26:40 INFO        T6-T14  n=   32  acc=0.9375
04:26:40 INFO        T6-T15  n=  448  acc=0.9866
04:26:40 INFO         T7-T8  n=   54  acc=0.2963
04:26:40 INFO         T7-T9  n=   18  acc=0.3333
04:26:40 INFO        T7-T10  n=    6  acc=0.3333
04:26:40 INFO        T7-T11  n=   36  acc=0.2222
04:26:40 INFO        T7-T12  n=   12  acc=0.2500
04:26:40 INFO        T7-T13  n=   12  acc=0.2500
04:26:40 INFO        T7-T14  n=    3  acc=0.3333
04:26:40 INFO        T7-T15  n=   42  acc=0.8095
04:26:40 INFO         T8-T9  n=  108  acc=0.7315
04:26:40 INFO        T8-T10  n=   36  acc=1.0000
04:26:40 INFO        T8-T11  n=  216  acc=0.7130
04:26:40 INFO        T8-T12  n=   72  acc=0.8611
04:26:40 INFO        T8-T13  n=   72  acc=0.6250
04:26:40 INFO        T8-T14  n=   18  acc=0.2222
04:26:40 INFO        T8-T15  n=  252  acc=0.8651
04:26:40 INFO        T9-T10  n=   12  acc=0.9167
04:26:40 INFO        T9-T11  n=   72  acc=0.6528
04:26:40 INFO        T9-T12  n=   24  acc=0.8750
04:26:40 INFO        T9-T13  n=   24  acc=0.5833
04:26:40 INFO        T9-T14  n=    6  acc=0.1667
04:26:40 INFO        T9-T15  n=   84  acc=0.9405
04:26:40 INFO       T10-T11  n=   24  acc=0.5000
04:26:40 INFO       T10-T12  n=    8  acc=0.7500
04:26:40 INFO       T10-T13  n=    8  acc=0.5000
04:26:40 INFO       T10-T14  n=    2  acc=0.0000
04:26:40 INFO       T10-T15  n=   28  acc=0.9643
04:26:40 INFO       T11-T12  n=   48  acc=0.8333
04:26:40 INFO       T11-T13  n=   48  acc=0.6458
04:26:40 INFO       T11-T14  n=   12  acc=0.4167
04:26:40 INFO       T11-T15  n=  168  acc=0.9167
04:26:40 INFO       T12-T13  n=   16  acc=0.5625
04:26:40 INFO       T12-T14  n=    4  acc=0.0000
04:26:40 INFO       T12-T15  n=   56  acc=0.8750
04:26:40 INFO       T13-T14  n=    4  acc=0.5000
04:26:40 INFO       T13-T15  n=   56  acc=0.9107
04:26:40 INFO       T14-T15  n=   14  acc=0.9286
04:26:40 INFO [done] results in runs/classifier/mlp_bge_small_new
