14:28:11 INFO run_dir=runs/crossencoder2x/ajo_doc_dataset  device=cuda  bf16=True
14:28:12 INFO tokenizer <- google-bert/bert-base-uncased
14:28:12 INFO scanning max joint token length across all splits …
14:30:51 INFO   observed max=512  -> max_seq_len=512  (scan 159.8s)
14:30:51 INFO loading datasets …
14:30:54 INFO   train=99000  val=12256  test=12256
14:30:54 INFO building CrossEncoder2x  backbone=google-bert/bert-base-uncased  n_layers=24 …
14:30:57 INFO   total params=194,537,473
14:30:57 INFO   total_steps=9282  warmup_steps=556
14:31:09 INFO   e1 opt_step=50/9282  loss=0.6968  acc=0.5031  lr=1.80e-06
14:31:20 INFO   e1 opt_step=100/9282  loss=0.6974  acc=0.4975  lr=3.60e-06
14:31:31 INFO   e1 opt_step=150/9282  loss=0.6973  acc=0.5029  lr=5.40e-06
14:31:42 INFO   e1 opt_step=200/9282  loss=0.6984  acc=0.4961  lr=7.19e-06
14:31:53 INFO   e1 opt_step=250/9282  loss=0.6980  acc=0.4981  lr=8.99e-06
14:32:04 INFO   e1 opt_step=300/9282  loss=0.6980  acc=0.4979  lr=1.08e-05
14:32:15 INFO   e1 opt_step=350/9282  loss=0.6983  acc=0.5018  lr=1.26e-05
14:32:26 INFO   e1 opt_step=400/9282  loss=0.6985  acc=0.4999  lr=1.44e-05
14:32:37 INFO   e1 opt_step=450/9282  loss=0.6984  acc=0.4996  lr=1.62e-05
14:32:48 INFO   e1 opt_step=500/9282  loss=0.6983  acc=0.5018  lr=1.80e-05
14:32:59 INFO   e1 opt_step=550/9282  loss=0.6984  acc=0.5002  lr=1.98e-05
14:33:10 INFO   e1 opt_step=600/9282  loss=0.6982  acc=0.5016  lr=1.99e-05
14:33:22 INFO   e1 opt_step=650/9282  loss=0.6982  acc=0.5010  lr=1.98e-05
14:33:33 INFO   e1 opt_step=700/9282  loss=0.6981  acc=0.5016  lr=1.97e-05
14:33:44 INFO   e1 opt_step=750/9282  loss=0.6979  acc=0.5010  lr=1.96e-05
14:33:55 INFO   e1 opt_step=800/9282  loss=0.6977  acc=0.5011  lr=1.94e-05
14:34:06 INFO   e1 opt_step=850/9282  loss=0.6979  acc=0.4997  lr=1.93e-05
14:34:17 INFO   e1 opt_step=900/9282  loss=0.6978  acc=0.5001  lr=1.92e-05
14:34:39 INFO   e1 opt_step=950/9282  loss=0.6976  acc=0.5000  lr=1.91e-05
14:35:03 INFO   e1 opt_step=1000/9282  loss=0.6975  acc=0.5001  lr=1.90e-05
14:35:27 INFO   e1 opt_step=1050/9282  loss=0.6974  acc=0.5008  lr=1.89e-05
14:35:51 INFO   e1 opt_step=1100/9282  loss=0.6972  acc=0.5013  lr=1.88e-05
14:36:15 INFO   e1 opt_step=1150/9282  loss=0.6971  acc=0.5016  lr=1.86e-05
14:36:36 INFO   e1 opt_step=1200/9282  loss=0.6971  acc=0.5017  lr=1.85e-05
14:37:00 INFO   e1 opt_step=1250/9282  loss=0.6971  acc=0.5011  lr=1.84e-05
14:37:23 INFO   e1 opt_step=1300/9282  loss=0.6971  acc=0.5009  lr=1.83e-05
14:37:47 INFO   e1 opt_step=1350/9282  loss=0.6970  acc=0.5007  lr=1.82e-05
14:38:10 INFO   e1 opt_step=1400/9282  loss=0.6969  acc=0.5003  lr=1.81e-05
14:38:34 INFO   e1 opt_step=1450/9282  loss=0.6968  acc=0.5008  lr=1.80e-05
14:38:56 INFO   e1 opt_step=1500/9282  loss=0.6968  acc=0.5005  lr=1.78e-05
14:39:20 INFO   e1 opt_step=1550/9282  loss=0.6967  acc=0.5003  lr=1.77e-05
14:39:43 INFO   e1 opt_step=1600/9282  loss=0.6967  acc=0.5004  lr=1.76e-05
14:40:07 INFO   e1 opt_step=1650/9282  loss=0.6966  acc=0.5006  lr=1.75e-05
14:40:31 INFO   e1 opt_step=1700/9282  loss=0.6966  acc=0.4999  lr=1.74e-05
14:40:53 INFO   e1 opt_step=1750/9282  loss=0.6966  acc=0.4988  lr=1.73e-05
14:41:17 INFO   e1 opt_step=1800/9282  loss=0.6965  acc=0.4993  lr=1.71e-05
14:41:40 INFO   e1 opt_step=1850/9282  loss=0.6964  acc=0.4996  lr=1.70e-05
14:42:04 INFO   e1 opt_step=1900/9282  loss=0.6964  acc=0.4996  lr=1.69e-05
14:42:27 INFO   e1 opt_step=1950/9282  loss=0.6963  acc=0.5000  lr=1.68e-05
14:42:51 INFO   e1 opt_step=2000/9282  loss=0.6963  acc=0.4999  lr=1.67e-05
14:43:13 INFO   e1 opt_step=2050/9282  loss=0.6963  acc=0.4992  lr=1.66e-05
14:43:37 INFO   e1 opt_step=2100/9282  loss=0.6963  acc=0.4988  lr=1.65e-05
14:44:01 INFO   e1 opt_step=2150/9282  loss=0.6963  acc=0.4985  lr=1.63e-05
14:44:24 INFO   e1 opt_step=2200/9282  loss=0.6963  acc=0.4983  lr=1.62e-05
14:44:48 INFO   e1 opt_step=2250/9282  loss=0.6962  acc=0.4986  lr=1.61e-05
14:45:12 INFO   e1 opt_step=2300/9282  loss=0.6962  acc=0.4988  lr=1.60e-05
14:45:34 INFO   e1 opt_step=2350/9282  loss=0.6961  acc=0.4988  lr=1.59e-05
14:45:58 INFO   e1 opt_step=2400/9282  loss=0.6961  acc=0.4995  lr=1.58e-05
14:46:21 INFO   e1 opt_step=2450/9282  loss=0.6960  acc=0.5002  lr=1.57e-05
14:46:45 INFO   e1 opt_step=2500/9282  loss=0.6960  acc=0.5003  lr=1.55e-05
14:47:09 INFO   e1 opt_step=2550/9282  loss=0.6960  acc=0.5002  lr=1.54e-05
14:47:31 INFO   e1 opt_step=2600/9282  loss=0.6959  acc=0.5005  lr=1.53e-05
14:47:55 INFO   e1 opt_step=2650/9282  loss=0.6959  acc=0.5008  lr=1.52e-05
14:48:18 INFO   e1 opt_step=2700/9282  loss=0.6959  acc=0.5007  lr=1.51e-05
14:48:42 INFO   e1 opt_step=2750/9282  loss=0.6958  acc=0.5006  lr=1.50e-05
14:49:06 INFO   e1 opt_step=2800/9282  loss=0.6958  acc=0.5008  lr=1.49e-05
14:49:30 INFO   e1 opt_step=2850/9282  loss=0.6958  acc=0.5008  lr=1.47e-05
14:49:52 INFO   e1 opt_step=2900/9282  loss=0.6958  acc=0.5008  lr=1.46e-05
14:50:15 INFO   e1 opt_step=2950/9282  loss=0.6958  acc=0.5004  lr=1.45e-05
14:50:39 INFO   e1 opt_step=3000/9282  loss=0.6957  acc=0.5009  lr=1.44e-05
14:51:03 INFO   e1 opt_step=3050/9282  loss=0.6957  acc=0.5008  lr=1.43e-05
14:52:09 INFO [epoch 1/3]  train_loss=0.6957  train_acc=0.5008  val_loss=0.6936  val_acc=0.4969  val_auc=0.5042  elapsed=1272.2s
14:52:11 INFO   * saved best.pt  val_acc=0.4969
14:52:14 INFO   e2 opt_step=3100/9282  loss=0.6951  acc=0.5260  lr=1.42e-05
14:52:38 INFO   e2 opt_step=3150/9282  loss=0.6963  acc=0.4983  lr=1.41e-05
14:53:01 INFO   e2 opt_step=3200/9282  loss=0.6951  acc=0.5074  lr=1.39e-05
14:53:25 INFO   e2 opt_step=3250/9282  loss=0.6950  acc=0.5056  lr=1.38e-05
14:53:49 INFO   e2 opt_step=3300/9282  loss=0.6951  acc=0.5064  lr=1.37e-05
14:54:10 INFO   e2 opt_step=3350/9282  loss=0.6948  acc=0.5059  lr=1.36e-05
14:54:34 INFO   e2 opt_step=3400/9282  loss=0.6947  acc=0.5045  lr=1.35e-05
14:54:58 INFO   e2 opt_step=3450/9282  loss=0.6945  acc=0.5045  lr=1.34e-05
14:55:22 INFO   e2 opt_step=3500/9282  loss=0.6946  acc=0.5031  lr=1.33e-05
14:55:46 INFO   e2 opt_step=3550/9282  loss=0.6947  acc=0.5042  lr=1.31e-05
14:56:09 INFO   e2 opt_step=3600/9282  loss=0.6946  acc=0.5027  lr=1.30e-05
14:56:25 INFO   e2 opt_step=3650/9282  loss=0.6947  acc=0.5015  lr=1.29e-05
14:56:36 INFO   e2 opt_step=3700/9282  loss=0.6946  acc=0.5036  lr=1.28e-05
14:56:47 INFO   e2 opt_step=3750/9282  loss=0.6946  acc=0.5036  lr=1.27e-05
14:56:58 INFO   e2 opt_step=3800/9282  loss=0.6946  acc=0.5036  lr=1.26e-05
14:57:09 INFO   e2 opt_step=3850/9282  loss=0.6945  acc=0.5039  lr=1.25e-05
14:57:20 INFO   e2 opt_step=3900/9282  loss=0.6945  acc=0.5040  lr=1.23e-05
14:57:31 INFO   e2 opt_step=3950/9282  loss=0.6945  acc=0.5038  lr=1.22e-05
14:57:42 INFO   e2 opt_step=4000/9282  loss=0.6946  acc=0.5032  lr=1.21e-05
14:57:54 INFO   e2 opt_step=4050/9282  loss=0.6946  acc=0.5028  lr=1.20e-05
14:58:05 INFO   e2 opt_step=4100/9282  loss=0.6947  acc=0.5016  lr=1.19e-05
14:58:16 INFO   e2 opt_step=4150/9282  loss=0.6947  acc=0.5009  lr=1.18e-05
14:58:27 INFO   e2 opt_step=4200/9282  loss=0.6947  acc=0.5004  lr=1.16e-05
14:58:38 INFO   e2 opt_step=4250/9282  loss=0.6947  acc=0.5000  lr=1.15e-05
14:58:49 INFO   e2 opt_step=4300/9282  loss=0.6946  acc=0.5004  lr=1.14e-05
14:59:00 INFO   e2 opt_step=4350/9282  loss=0.6947  acc=0.5001  lr=1.13e-05
14:59:11 INFO   e2 opt_step=4400/9282  loss=0.6946  acc=0.5004  lr=1.12e-05
14:59:22 INFO   e2 opt_step=4450/9282  loss=0.6946  acc=0.5008  lr=1.11e-05
14:59:33 INFO   e2 opt_step=4500/9282  loss=0.6946  acc=0.5004  lr=1.10e-05
14:59:44 INFO   e2 opt_step=4550/9282  loss=0.6946  acc=0.5000  lr=1.08e-05
14:59:55 INFO   e2 opt_step=4600/9282  loss=0.6945  acc=0.5012  lr=1.07e-05
15:00:06 INFO   e2 opt_step=4650/9282  loss=0.6945  acc=0.5011  lr=1.06e-05
15:00:17 INFO   e2 opt_step=4700/9282  loss=0.6945  acc=0.5016  lr=1.05e-05
15:00:28 INFO   e2 opt_step=4750/9282  loss=0.6945  acc=0.5012  lr=1.04e-05
15:00:39 INFO   e2 opt_step=4800/9282  loss=0.6944  acc=0.5016  lr=1.03e-05
15:00:50 INFO   e2 opt_step=4850/9282  loss=0.6945  acc=0.5015  lr=1.02e-05
15:01:02 INFO   e2 opt_step=4900/9282  loss=0.6945  acc=0.5012  lr=1.00e-05
15:01:13 INFO   e2 opt_step=4950/9282  loss=0.6945  acc=0.5008  lr=9.93e-06
15:01:24 INFO   e2 opt_step=5000/9282  loss=0.6945  acc=0.5012  lr=9.81e-06
15:01:35 INFO   e2 opt_step=5050/9282  loss=0.6945  acc=0.5011  lr=9.70e-06
15:01:46 INFO   e2 opt_step=5100/9282  loss=0.6945  acc=0.5012  lr=9.59e-06
15:01:57 INFO   e2 opt_step=5150/9282  loss=0.6944  acc=0.5010  lr=9.47e-06
15:02:08 INFO   e2 opt_step=5200/9282  loss=0.6945  acc=0.5009  lr=9.36e-06
15:02:19 INFO   e2 opt_step=5250/9282  loss=0.6944  acc=0.5010  lr=9.24e-06
15:02:30 INFO   e2 opt_step=5300/9282  loss=0.6944  acc=0.5012  lr=9.13e-06
15:02:41 INFO   e2 opt_step=5350/9282  loss=0.6944  acc=0.5013  lr=9.01e-06
15:02:52 INFO   e2 opt_step=5400/9282  loss=0.6944  acc=0.5010  lr=8.90e-06
15:03:03 INFO   e2 opt_step=5450/9282  loss=0.6944  acc=0.5012  lr=8.78e-06
15:03:14 INFO   e2 opt_step=5500/9282  loss=0.6944  acc=0.5009  lr=8.67e-06
15:03:25 INFO   e2 opt_step=5550/9282  loss=0.6944  acc=0.5007  lr=8.55e-06
15:03:37 INFO   e2 opt_step=5600/9282  loss=0.6944  acc=0.5010  lr=8.44e-06
15:03:48 INFO   e2 opt_step=5650/9282  loss=0.6944  acc=0.5011  lr=8.32e-06
15:03:59 INFO   e2 opt_step=5700/9282  loss=0.6944  acc=0.5010  lr=8.21e-06
15:04:10 INFO   e2 opt_step=5750/9282  loss=0.6944  acc=0.5007  lr=8.10e-06
15:04:21 INFO   e2 opt_step=5800/9282  loss=0.6943  acc=0.5009  lr=7.98e-06
15:04:32 INFO   e2 opt_step=5850/9282  loss=0.6943  acc=0.5007  lr=7.87e-06
15:04:43 INFO   e2 opt_step=5900/9282  loss=0.6943  acc=0.5005  lr=7.75e-06
15:04:54 INFO   e2 opt_step=5950/9282  loss=0.6943  acc=0.5007  lr=7.64e-06
15:05:05 INFO   e2 opt_step=6000/9282  loss=0.6943  acc=0.5009  lr=7.52e-06
15:05:17 INFO   e2 opt_step=6050/9282  loss=0.6943  acc=0.5014  lr=7.41e-06
15:05:28 INFO   e2 opt_step=6100/9282  loss=0.6943  acc=0.5014  lr=7.29e-06
15:05:39 INFO   e2 opt_step=6150/9282  loss=0.6943  acc=0.5011  lr=7.18e-06
15:06:12 INFO [epoch 2/3]  train_loss=0.6943  train_acc=0.5010  val_loss=0.6933  val_acc=0.5031  val_auc=0.5000  elapsed=841.0s
15:06:14 INFO   * saved best.pt  val_acc=0.5031
15:06:18 INFO   e3 opt_step=6200/9282  loss=0.6964  acc=0.4792  lr=7.06e-06
15:06:30 INFO   e3 opt_step=6250/9282  loss=0.6943  acc=0.4950  lr=6.95e-06
15:06:41 INFO   e3 opt_step=6300/9282  loss=0.6933  acc=0.5081  lr=6.83e-06
15:06:52 INFO   e3 opt_step=6350/9282  loss=0.6932  acc=0.5093  lr=6.72e-06
15:07:03 INFO   e3 opt_step=6400/9282  loss=0.6933  acc=0.5102  lr=6.61e-06
15:07:14 INFO   e3 opt_step=6450/9282  loss=0.6935  acc=0.5072  lr=6.49e-06
15:07:25 INFO   e3 opt_step=6500/9282  loss=0.6935  acc=0.5076  lr=6.38e-06
15:07:36 INFO   e3 opt_step=6550/9282  loss=0.6937  acc=0.5061  lr=6.26e-06
15:07:48 INFO   e3 opt_step=6600/9282  loss=0.6934  acc=0.5095  lr=6.15e-06
15:07:59 INFO   e3 opt_step=6650/9282  loss=0.6937  acc=0.5070  lr=6.03e-06
15:08:10 INFO   e3 opt_step=6700/9282  loss=0.6936  acc=0.5071  lr=5.92e-06
15:08:21 INFO   e3 opt_step=6750/9282  loss=0.6936  acc=0.5056  lr=5.80e-06
15:08:32 INFO   e3 opt_step=6800/9282  loss=0.6938  acc=0.5047  lr=5.69e-06
15:08:43 INFO   e3 opt_step=6850/9282  loss=0.6938  acc=0.5056  lr=5.57e-06
15:08:54 INFO   e3 opt_step=6900/9282  loss=0.6938  acc=0.5047  lr=5.46e-06
15:09:05 INFO   e3 opt_step=6950/9282  loss=0.6938  acc=0.5033  lr=5.34e-06
15:09:16 INFO   e3 opt_step=7000/9282  loss=0.6939  acc=0.5018  lr=5.23e-06
15:09:27 INFO   e3 opt_step=7050/9282  loss=0.6939  acc=0.5017  lr=5.12e-06
15:09:38 INFO   e3 opt_step=7100/9282  loss=0.6939  acc=0.5019  lr=5.00e-06
15:09:49 INFO   e3 opt_step=7150/9282  loss=0.6938  acc=0.5041  lr=4.89e-06
15:10:00 INFO   e3 opt_step=7200/9282  loss=0.6938  acc=0.5046  lr=4.77e-06
15:10:11 INFO   e3 opt_step=7250/9282  loss=0.6938  acc=0.5034  lr=4.66e-06
15:10:22 INFO   e3 opt_step=7300/9282  loss=0.6938  acc=0.5033  lr=4.54e-06
15:10:33 INFO   e3 opt_step=7350/9282  loss=0.6937  acc=0.5050  lr=4.43e-06
15:10:44 INFO   e3 opt_step=7400/9282  loss=0.6938  acc=0.5045  lr=4.31e-06
15:10:56 INFO   e3 opt_step=7450/9282  loss=0.6937  acc=0.5052  lr=4.20e-06
15:11:07 INFO   e3 opt_step=7500/9282  loss=0.6937  acc=0.5045  lr=4.08e-06
15:11:18 INFO   e3 opt_step=7550/9282  loss=0.6937  acc=0.5044  lr=3.97e-06
15:11:29 INFO   e3 opt_step=7600/9282  loss=0.6937  acc=0.5042  lr=3.86e-06
15:11:40 INFO   e3 opt_step=7650/9282  loss=0.6938  acc=0.5037  lr=3.74e-06
15:11:51 INFO   e3 opt_step=7700/9282  loss=0.6938  acc=0.5035  lr=3.63e-06
15:12:02 INFO   e3 opt_step=7750/9282  loss=0.6937  acc=0.5033  lr=3.51e-06
15:12:13 INFO   e3 opt_step=7800/9282  loss=0.6937  acc=0.5036  lr=3.40e-06
15:12:24 INFO   e3 opt_step=7850/9282  loss=0.6938  acc=0.5032  lr=3.28e-06
15:12:35 INFO   e3 opt_step=7900/9282  loss=0.6938  acc=0.5032  lr=3.17e-06
15:12:46 INFO   e3 opt_step=7950/9282  loss=0.6937  acc=0.5035  lr=3.05e-06
15:12:57 INFO   e3 opt_step=8000/9282  loss=0.6937  acc=0.5042  lr=2.94e-06
15:13:09 INFO   e3 opt_step=8050/9282  loss=0.6938  acc=0.5040  lr=2.82e-06
15:13:20 INFO   e3 opt_step=8100/9282  loss=0.6937  acc=0.5043  lr=2.71e-06
15:13:31 INFO   e3 opt_step=8150/9282  loss=0.6938  acc=0.5041  lr=2.59e-06
15:13:42 INFO   e3 opt_step=8200/9282  loss=0.6937  acc=0.5048  lr=2.48e-06
15:13:53 INFO   e3 opt_step=8250/9282  loss=0.6937  acc=0.5042  lr=2.37e-06
15:14:04 INFO   e3 opt_step=8300/9282  loss=0.6937  acc=0.5041  lr=2.25e-06
15:14:15 INFO   e3 opt_step=8350/9282  loss=0.6937  acc=0.5045  lr=2.14e-06
15:14:26 INFO   e3 opt_step=8400/9282  loss=0.6937  acc=0.5050  lr=2.02e-06
15:14:37 INFO   e3 opt_step=8450/9282  loss=0.6937  acc=0.5051  lr=1.91e-06
15:14:48 INFO   e3 opt_step=8500/9282  loss=0.6937  acc=0.5050  lr=1.79e-06
15:14:59 INFO   e3 opt_step=8550/9282  loss=0.6937  acc=0.5046  lr=1.68e-06
15:15:10 INFO   e3 opt_step=8600/9282  loss=0.6937  acc=0.5044  lr=1.56e-06
15:15:21 INFO   e3 opt_step=8650/9282  loss=0.6938  acc=0.5043  lr=1.45e-06
15:15:32 INFO   e3 opt_step=8700/9282  loss=0.6938  acc=0.5039  lr=1.33e-06
15:15:43 INFO   e3 opt_step=8750/9282  loss=0.6937  acc=0.5040  lr=1.22e-06
15:15:55 INFO   e3 opt_step=8800/9282  loss=0.6938  acc=0.5038  lr=1.10e-06
15:16:06 INFO   e3 opt_step=8850/9282  loss=0.6937  acc=0.5039  lr=9.90e-07
15:16:17 INFO   e3 opt_step=8900/9282  loss=0.6937  acc=0.5039  lr=8.76e-07
15:16:28 INFO   e3 opt_step=8950/9282  loss=0.6937  acc=0.5039  lr=7.61e-07
15:16:39 INFO   e3 opt_step=9000/9282  loss=0.6937  acc=0.5039  lr=6.46e-07
15:16:50 INFO   e3 opt_step=9050/9282  loss=0.6937  acc=0.5038  lr=5.32e-07
15:17:01 INFO   e3 opt_step=9100/9282  loss=0.6937  acc=0.5036  lr=4.17e-07
15:17:12 INFO   e3 opt_step=9150/9282  loss=0.6937  acc=0.5036  lr=3.03e-07
15:17:23 INFO   e3 opt_step=9200/9282  loss=0.6937  acc=0.5034  lr=1.88e-07
15:17:34 INFO   e3 opt_step=9250/9282  loss=0.6937  acc=0.5035  lr=7.33e-08
15:18:04 INFO [epoch 3/3]  train_loss=0.6937  train_acc=0.5036  val_loss=0.6928  val_acc=0.5031  val_auc=0.5268  elapsed=709.6s
15:18:06 INFO saved final.pt  total_time=2829s
15:18:06 INFO loading best.pt for final val/test evaluation …
15:18:30 INFO [val]  acc=0.5031  auc=0.5000  f1=0.6694
15:18:54 INFO [test] loss=0.6933  acc=0.5031  auc=0.5000  f1=0.6694
15:18:54 INFO [done] best_val_acc=0.5031  test_acc=0.5031  test_auc=0.5000  results in runs/crossencoder2x/ajo_doc_dataset
