00:02:53 INFO run_dir=runs/classifier/data/ajo_newstyle_all-mpnet-base-v2
00:02:53 INFO device=cuda  bf16=True
00:02:53 INFO tokenizer <- sentence-transformers/all-mpnet-base-v2
00:02:54 INFO max_seq_len=524 exceeds model cap 512; clamping to 512
00:02:54 INFO max_seq_len=512 (user-provided)
00:02:54 INFO loading datasets
00:02:54 INFO   train=20897  val=2612  test=2613
00:02:54 INFO building DirectionalClassifier on sentence-transformers/all-mpnet-base-v2  head_cfg={'head_type': 'mlp', 'hidden_dims': [512, 128], 'dropout': 0.1, 'activation': 'gelu', 'norm': 'layer'}  n_tiers=0
00:02:56 INFO   hidden_size=768  trainable_params=220,619,521
00:02:56 INFO   total_steps=6540  warmup_steps=654
00:03:15 INFO   e1 step    50/654  loss=0.8252  acc=0.5238  lr0=1.53e-06 lr1=7.65e-05
00:03:33 INFO   e1 step   100/654  loss=0.8164  acc=0.5206  lr0=3.06e-06 lr1=1.53e-04
00:03:52 INFO   e1 step   150/654  loss=0.7884  acc=0.5312  lr0=4.59e-06 lr1=2.29e-04
00:04:10 INFO   e1 step   200/654  loss=0.7677  acc=0.5372  lr0=6.12e-06 lr1=3.06e-04
00:04:29 INFO   e1 step   250/654  loss=0.7532  acc=0.5411  lr0=7.65e-06 lr1=3.82e-04
00:04:47 INFO   e1 step   300/654  loss=0.7424  acc=0.5440  lr0=9.17e-06 lr1=4.59e-04
00:05:05 INFO   e1 step   350/654  loss=0.7340  acc=0.5450  lr0=1.07e-05 lr1=5.35e-04
00:05:24 INFO   e1 step   400/654  loss=0.7272  acc=0.5483  lr0=1.22e-05 lr1=6.12e-04
00:05:42 INFO   e1 step   450/654  loss=0.7201  acc=0.5519  lr0=1.38e-05 lr1=6.88e-04
00:06:01 INFO   e1 step   500/654  loss=0.7133  acc=0.5586  lr0=1.53e-05 lr1=7.65e-04
00:06:19 INFO   e1 step   550/654  loss=0.7060  acc=0.5646  lr0=1.68e-05 lr1=8.41e-04
00:06:38 INFO   e1 step   600/654  loss=0.7013  acc=0.5686  lr0=1.83e-05 lr1=9.17e-04
00:06:56 INFO   e1 step   650/654  loss=0.6973  acc=0.5699  lr0=1.99e-05 lr1=9.94e-04
00:07:08 INFO [epoch 1] train_loss=0.6974 train_acc=0.5696  val_loss=0.6333 val_acc=0.5972 val_auc=0.7001  elapsed=252.1s
00:07:09 INFO   saved best.pt  val_acc=0.5972
00:07:27 INFO   e2 step    50/654  loss=0.6182  acc=0.6394  lr0=1.98e-05 lr1=9.92e-04
00:07:46 INFO   e2 step   100/654  loss=0.6001  acc=0.6484  lr0=1.97e-05 lr1=9.83e-04
00:08:04 INFO   e2 step   150/654  loss=0.6015  acc=0.6471  lr0=1.95e-05 lr1=9.75e-04
00:08:23 INFO   e2 step   200/654  loss=0.5976  acc=0.6470  lr0=1.93e-05 lr1=9.66e-04
00:08:41 INFO   e2 step   250/654  loss=0.5946  acc=0.6505  lr0=1.92e-05 lr1=9.58e-04
00:08:59 INFO   e2 step   300/654  loss=0.5923  acc=0.6510  lr0=1.90e-05 lr1=9.49e-04
00:09:18 INFO   e2 step   350/654  loss=0.5903  acc=0.6528  lr0=1.88e-05 lr1=9.41e-04
00:09:36 INFO   e2 step   400/654  loss=0.5896  acc=0.6541  lr0=1.86e-05 lr1=9.32e-04
00:09:55 INFO   e2 step   450/654  loss=0.5882  acc=0.6545  lr0=1.85e-05 lr1=9.24e-04
00:10:13 INFO   e2 step   500/654  loss=0.5860  acc=0.6551  lr0=1.83e-05 lr1=9.15e-04
00:10:32 INFO   e2 step   550/654  loss=0.5833  acc=0.6572  lr0=1.81e-05 lr1=9.07e-04
00:10:50 INFO   e2 step   600/654  loss=0.5827  acc=0.6563  lr0=1.80e-05 lr1=8.98e-04
00:11:09 INFO   e2 step   650/654  loss=0.5813  acc=0.6566  lr0=1.78e-05 lr1=8.90e-04
00:11:20 INFO [epoch 2] train_loss=0.5810 train_acc=0.6570  val_loss=0.5675 val_acc=0.6681 val_auc=0.7540  elapsed=251.6s
00:11:22 INFO   saved best.pt  val_acc=0.6681
00:11:40 INFO   e3 step    50/654  loss=0.5187  acc=0.7000  lr0=1.76e-05 lr1=8.80e-04
00:11:59 INFO   e3 step   100/654  loss=0.5198  acc=0.6984  lr0=1.74e-05 lr1=8.72e-04
00:12:17 INFO   e3 step   150/654  loss=0.5190  acc=0.7002  lr0=1.73e-05 lr1=8.63e-04
00:12:36 INFO   e3 step   200/654  loss=0.5168  acc=0.7002  lr0=1.71e-05 lr1=8.55e-04
00:12:54 INFO   e3 step   250/654  loss=0.5152  acc=0.7019  lr0=1.69e-05 lr1=8.46e-04
00:13:12 INFO   e3 step   300/654  loss=0.5141  acc=0.7027  lr0=1.68e-05 lr1=8.38e-04
00:13:31 INFO   e3 step   350/654  loss=0.5126  acc=0.7048  lr0=1.66e-05 lr1=8.29e-04
00:13:49 INFO   e3 step   400/654  loss=0.5134  acc=0.7059  lr0=1.64e-05 lr1=8.21e-04
00:14:08 INFO   e3 step   450/654  loss=0.5144  acc=0.7067  lr0=1.62e-05 lr1=8.12e-04
00:14:26 INFO   e3 step   500/654  loss=0.5144  acc=0.7071  lr0=1.61e-05 lr1=8.04e-04
00:14:45 INFO   e3 step   550/654  loss=0.5119  acc=0.7078  lr0=1.59e-05 lr1=7.95e-04
00:15:03 INFO   e3 step   600/654  loss=0.5106  acc=0.7093  lr0=1.57e-05 lr1=7.87e-04
00:15:22 INFO   e3 step   650/654  loss=0.5106  acc=0.7091  lr0=1.56e-05 lr1=7.78e-04
00:15:33 INFO [epoch 3] train_loss=0.5106 train_acc=0.7091  val_loss=0.5504 val_acc=0.6566 val_auc=0.7696  elapsed=251.5s
00:15:52 INFO   e4 step    50/654  loss=0.4316  acc=0.7562  lr0=1.54e-05 lr1=7.69e-04
00:16:10 INFO   e4 step   100/654  loss=0.4325  acc=0.7641  lr0=1.52e-05 lr1=7.61e-04
00:16:29 INFO   e4 step   150/654  loss=0.4402  acc=0.7642  lr0=1.50e-05 lr1=7.52e-04
00:16:47 INFO   e4 step   200/654  loss=0.4367  acc=0.7641  lr0=1.49e-05 lr1=7.44e-04
00:17:06 INFO   e4 step   250/654  loss=0.4388  acc=0.7604  lr0=1.47e-05 lr1=7.35e-04
00:17:24 INFO   e4 step   300/654  loss=0.4385  acc=0.7600  lr0=1.45e-05 lr1=7.27e-04
00:17:42 INFO   e4 step   350/654  loss=0.4381  acc=0.7593  lr0=1.44e-05 lr1=7.18e-04
00:18:01 INFO   e4 step   400/654  loss=0.4410  acc=0.7577  lr0=1.42e-05 lr1=7.10e-04
00:18:19 INFO   e4 step   450/654  loss=0.4432  acc=0.7563  lr0=1.40e-05 lr1=7.01e-04
00:18:38 INFO   e4 step   500/654  loss=0.4422  acc=0.7561  lr0=1.39e-05 lr1=6.93e-04
00:18:56 INFO   e4 step   550/654  loss=0.4440  acc=0.7557  lr0=1.37e-05 lr1=6.84e-04
00:19:15 INFO   e4 step   600/654  loss=0.4466  acc=0.7539  lr0=1.35e-05 lr1=6.76e-04
00:19:33 INFO   e4 step   650/654  loss=0.4487  acc=0.7522  lr0=1.33e-05 lr1=6.67e-04
00:19:45 INFO [epoch 4] train_loss=0.4488 train_acc=0.7520  val_loss=0.6057 val_acc=0.6658 val_auc=0.7750  elapsed=251.9s
00:20:04 INFO   e5 step    50/654  loss=0.3904  acc=0.7875  lr0=1.32e-05 lr1=6.58e-04
00:20:22 INFO   e5 step   100/654  loss=0.3814  acc=0.7922  lr0=1.30e-05 lr1=6.50e-04
00:20:41 INFO   e5 step   150/654  loss=0.3845  acc=0.7863  lr0=1.28e-05 lr1=6.41e-04
00:20:59 INFO   e5 step   200/654  loss=0.3934  acc=0.7830  lr0=1.27e-05 lr1=6.33e-04
00:21:18 INFO   e5 step   250/654  loss=0.3917  acc=0.7837  lr0=1.25e-05 lr1=6.24e-04
00:21:36 INFO   e5 step   300/654  loss=0.3912  acc=0.7848  lr0=1.23e-05 lr1=6.16e-04
00:21:54 INFO   e5 step   350/654  loss=0.3911  acc=0.7871  lr0=1.21e-05 lr1=6.07e-04
00:22:13 INFO   e5 step   400/654  loss=0.3924  acc=0.7863  lr0=1.20e-05 lr1=5.99e-04
00:22:31 INFO   e5 step   450/654  loss=0.3934  acc=0.7868  lr0=1.18e-05 lr1=5.90e-04
00:22:50 INFO   e5 step   500/654  loss=0.3929  acc=0.7865  lr0=1.16e-05 lr1=5.82e-04
00:23:08 INFO   e5 step   550/654  loss=0.3935  acc=0.7851  lr0=1.15e-05 lr1=5.73e-04
00:23:27 INFO   e5 step   600/654  loss=0.3933  acc=0.7852  lr0=1.13e-05 lr1=5.65e-04
00:23:45 INFO   e5 step   650/654  loss=0.3947  acc=0.7841  lr0=1.11e-05 lr1=5.56e-04
00:23:57 INFO [epoch 5] train_loss=0.3943 train_acc=0.7843  val_loss=0.7599 val_acc=0.6539 val_auc=0.7697  elapsed=251.8s
00:24:16 INFO   e6 step    50/654  loss=0.3371  acc=0.8156  lr0=1.09e-05 lr1=5.47e-04
00:24:34 INFO   e6 step   100/654  loss=0.3366  acc=0.8234  lr0=1.08e-05 lr1=5.39e-04
00:24:52 INFO   e6 step   150/654  loss=0.3363  acc=0.8235  lr0=1.06e-05 lr1=5.30e-04
00:25:11 INFO   e6 step   200/654  loss=0.3381  acc=0.8239  lr0=1.04e-05 lr1=5.22e-04
00:25:29 INFO   e6 step   250/654  loss=0.3351  acc=0.8249  lr0=1.03e-05 lr1=5.13e-04
00:25:48 INFO   e6 step   300/654  loss=0.3389  acc=0.8222  lr0=1.01e-05 lr1=5.05e-04
00:26:06 INFO   e6 step   350/654  loss=0.3374  acc=0.8253  lr0=9.92e-06 lr1=4.96e-04
00:26:25 INFO   e6 step   400/654  loss=0.3379  acc=0.8241  lr0=9.75e-06 lr1=4.88e-04
00:26:43 INFO   e6 step   450/654  loss=0.3402  acc=0.8214  lr0=9.58e-06 lr1=4.79e-04
00:27:02 INFO   e6 step   500/654  loss=0.3409  acc=0.8201  lr0=9.41e-06 lr1=4.71e-04
00:27:20 INFO   e6 step   550/654  loss=0.3407  acc=0.8205  lr0=9.24e-06 lr1=4.62e-04
00:27:38 INFO   e6 step   600/654  loss=0.3414  acc=0.8194  lr0=9.07e-06 lr1=4.54e-04
00:27:57 INFO   e6 step   650/654  loss=0.3416  acc=0.8182  lr0=8.90e-06 lr1=4.45e-04
00:28:09 INFO [epoch 6] train_loss=0.3414 train_acc=0.8184  val_loss=0.8243 val_acc=0.6604 val_auc=0.7676  elapsed=251.9s
00:28:28 INFO   e7 step    50/654  loss=0.2898  acc=0.8544  lr0=8.72e-06 lr1=4.36e-04
00:28:46 INFO   e7 step   100/654  loss=0.2883  acc=0.8534  lr0=8.55e-06 lr1=4.27e-04
00:29:04 INFO   e7 step   150/654  loss=0.2879  acc=0.8504  lr0=8.38e-06 lr1=4.19e-04
00:29:23 INFO   e7 step   200/654  loss=0.2860  acc=0.8506  lr0=8.21e-06 lr1=4.10e-04
00:29:41 INFO   e7 step   250/654  loss=0.2867  acc=0.8516  lr0=8.04e-06 lr1=4.02e-04
00:30:00 INFO   e7 step   300/654  loss=0.2885  acc=0.8509  lr0=7.87e-06 lr1=3.93e-04
00:30:18 INFO   e7 step   350/654  loss=0.2859  acc=0.8535  lr0=7.70e-06 lr1=3.85e-04
00:30:37 INFO   e7 step   400/654  loss=0.2852  acc=0.8524  lr0=7.53e-06 lr1=3.76e-04
00:30:55 INFO   e7 step   450/654  loss=0.2860  acc=0.8517  lr0=7.36e-06 lr1=3.68e-04
00:31:14 INFO   e7 step   500/654  loss=0.2858  acc=0.8521  lr0=7.19e-06 lr1=3.59e-04
00:31:32 INFO   e7 step   550/654  loss=0.2857  acc=0.8525  lr0=7.02e-06 lr1=3.51e-04
00:31:51 INFO   e7 step   600/654  loss=0.2861  acc=0.8518  lr0=6.85e-06 lr1=3.43e-04
00:32:09 INFO   e7 step   650/654  loss=0.2878  acc=0.8511  lr0=6.68e-06 lr1=3.34e-04
00:32:21 INFO [epoch 7] train_loss=0.2877 train_acc=0.8511  val_loss=1.0899 val_acc=0.6581 val_auc=0.7574  elapsed=252.1s
00:32:39 INFO   e8 step    50/654  loss=0.2367  acc=0.8850  lr0=6.50e-06 lr1=3.25e-04
00:32:58 INFO   e8 step   100/654  loss=0.2316  acc=0.8816  lr0=6.33e-06 lr1=3.16e-04
00:33:16 INFO   e8 step   150/654  loss=0.2370  acc=0.8792  lr0=6.16e-06 lr1=3.08e-04
00:33:35 INFO   e8 step   200/654  loss=0.2350  acc=0.8794  lr0=5.99e-06 lr1=2.99e-04
00:33:53 INFO   e8 step   250/654  loss=0.2309  acc=0.8811  lr0=5.82e-06 lr1=2.91e-04
00:34:12 INFO   e8 step   300/654  loss=0.2302  acc=0.8816  lr0=5.65e-06 lr1=2.82e-04
00:34:30 INFO   e8 step   350/654  loss=0.2333  acc=0.8802  lr0=5.48e-06 lr1=2.74e-04
00:34:48 INFO   e8 step   400/654  loss=0.2399  acc=0.8764  lr0=5.31e-06 lr1=2.65e-04
00:35:07 INFO   e8 step   450/654  loss=0.2421  acc=0.8754  lr0=5.14e-06 lr1=2.57e-04
00:35:25 INFO   e8 step   500/654  loss=0.2390  acc=0.8769  lr0=4.97e-06 lr1=2.48e-04
00:35:44 INFO   e8 step   550/654  loss=0.2389  acc=0.8767  lr0=4.80e-06 lr1=2.40e-04
00:36:02 INFO   e8 step   600/654  loss=0.2385  acc=0.8772  lr0=4.63e-06 lr1=2.31e-04
00:36:21 INFO   e8 step   650/654  loss=0.2417  acc=0.8756  lr0=4.46e-06 lr1=2.23e-04
00:36:32 INFO [epoch 8] train_loss=0.2417 train_acc=0.8755  val_loss=1.1170 val_acc=0.6543 val_auc=0.7566  elapsed=251.7s
00:36:51 INFO   e9 step    50/654  loss=0.1809  acc=0.9131  lr0=4.27e-06 lr1=2.14e-04
00:37:10 INFO   e9 step   100/654  loss=0.1844  acc=0.9084  lr0=4.10e-06 lr1=2.05e-04
00:37:28 INFO   e9 step   150/654  loss=0.1812  acc=0.9104  lr0=3.93e-06 lr1=1.97e-04
00:37:46 INFO   e9 step   200/654  loss=0.1873  acc=0.9056  lr0=3.76e-06 lr1=1.88e-04
00:38:05 INFO   e9 step   250/654  loss=0.1924  acc=0.9046  lr0=3.59e-06 lr1=1.80e-04
00:38:23 INFO   e9 step   300/654  loss=0.1947  acc=0.9040  lr0=3.43e-06 lr1=1.71e-04
00:38:42 INFO   e9 step   350/654  loss=0.1943  acc=0.9041  lr0=3.26e-06 lr1=1.63e-04
00:39:00 INFO   e9 step   400/654  loss=0.1929  acc=0.9045  lr0=3.09e-06 lr1=1.54e-04
00:39:19 INFO   e9 step   450/654  loss=0.1953  acc=0.9031  lr0=2.92e-06 lr1=1.46e-04
00:39:37 INFO   e9 step   500/654  loss=0.1957  acc=0.9024  lr0=2.75e-06 lr1=1.37e-04
00:39:56 INFO   e9 step   550/654  loss=0.1959  acc=0.9018  lr0=2.58e-06 lr1=1.29e-04
00:40:14 INFO   e9 step   600/654  loss=0.1974  acc=0.9007  lr0=2.41e-06 lr1=1.20e-04
00:40:33 INFO   e9 step   650/654  loss=0.1988  acc=0.8991  lr0=2.24e-06 lr1=1.12e-04
00:40:44 INFO [epoch 9] train_loss=0.1994 train_acc=0.8987  val_loss=1.3061 val_acc=0.6608 val_auc=0.7526  elapsed=251.7s
00:41:03 INFO   e10 step    50/654  loss=0.1675  acc=0.9225  lr0=2.05e-06 lr1=1.03e-04
00:41:21 INFO   e10 step   100/654  loss=0.1651  acc=0.9200  lr0=1.88e-06 lr1=9.41e-05
00:41:40 INFO   e10 step   150/654  loss=0.1610  acc=0.9208  lr0=1.71e-06 lr1=8.56e-05
00:41:58 INFO   e10 step   200/654  loss=0.1591  acc=0.9239  lr0=1.54e-06 lr1=7.71e-05
00:42:17 INFO   e10 step   250/654  loss=0.1601  acc=0.9227  lr0=1.37e-06 lr1=6.86e-05
00:42:35 INFO   e10 step   300/654  loss=0.1592  acc=0.9230  lr0=1.20e-06 lr1=6.01e-05
00:42:53 INFO   e10 step   350/654  loss=0.1563  acc=0.9247  lr0=1.03e-06 lr1=5.16e-05
00:43:12 INFO   e10 step   400/654  loss=0.1574  acc=0.9237  lr0=8.63e-07 lr1=4.32e-05
00:43:30 INFO   e10 step   450/654  loss=0.1570  acc=0.9240  lr0=6.93e-07 lr1=3.47e-05
00:43:49 INFO   e10 step   500/654  loss=0.1601  acc=0.9226  lr0=5.23e-07 lr1=2.62e-05
00:44:07 INFO   e10 step   550/654  loss=0.1611  acc=0.9219  lr0=3.53e-07 lr1=1.77e-05
00:44:26 INFO   e10 step   600/654  loss=0.1607  acc=0.9216  lr0=1.83e-07 lr1=9.17e-06
00:44:44 INFO   e10 step   650/654  loss=0.1601  acc=0.9222  lr0=1.36e-08 lr1=6.80e-07
00:44:56 INFO [epoch 10] train_loss=0.1601 train_acc=0.9221  val_loss=1.4952 val_acc=0.6600 val_auc=0.7441  elapsed=251.8s
00:44:57 INFO loading best.pt for test eval
00:45:08 INFO [test] loss=0.5853  acc=0.6410  auc=0.7356  f1=0.6727
00:45:08 INFO [test] per-tier-pair accuracy:
00:45:08 INFO         T0-T0  n= 2613  acc=0.6410
00:45:08 INFO [done] results in runs/classifier/data/ajo_newstyle_all-mpnet-base-v2
