12:10:11 INFO run_dir=/mnt/localssd/crossencoder_sweep/runs/ajo_newstyle/e5-large-v2
12:10:11 INFO device=cuda:0  bf16=True  physical_gpu=0  CUDA_VISIBLE_DEVICES=0
12:10:11 INFO dataset=ajo_newstyle  model=e5-large-v2  backbone=intfloat/e5-large-v2
12:10:11 INFO tokenizer <- intfloat/e5-large-v2
Warning: You are sending unauthenticated requests to the HF Hub. Please set a HF_TOKEN to enable higher rate limits and faster downloads.
12:10:11 INFO split files: ['train.jsonl', 'val.jsonl', 'test.jsonl']
12:10:11 INFO scanning max JOINT token length across all splits ...
12:10:52 INFO   observed_max_joint=512 -> max_seq_len=512 (cap=512, scan=41.2s)
12:10:52 INFO loading datasets ...
12:10:52 INFO   schema=newstyle  train=20897  val=2612  test=2613
12:10:52 INFO building CrossEncoderClassifier  backbone=intfloat/e5-large-v2
Loading weights:   0%|          | 0/391 [00:00<?, ?it/s]Loading weights: 100%|██████████| 391/391 [00:00<00:00, 7754.34it/s]
12:10:54 INFO   hidden_size=1024  trainable_params=335,142,913
12:10:54 INFO   total_steps=5228  warmup_steps=522
12:11:04 INFO   e1 step    50/1307  loss=0.7196  acc=0.5262  lr0=1.92e-06 lr1=9.58e-05
12:11:13 INFO   e1 step   100/1307  loss=0.7345  acc=0.4963  lr0=3.83e-06 lr1=1.92e-04
12:11:21 INFO   e1 step   150/1307  loss=0.7387  acc=0.5042  lr0=5.75e-06 lr1=2.87e-04
12:11:30 INFO   e1 step   200/1307  loss=0.7432  acc=0.5069  lr0=7.66e-06 lr1=3.83e-04
12:11:39 INFO   e1 step   250/1307  loss=0.7498  acc=0.5068  lr0=9.58e-06 lr1=4.79e-04
12:11:48 INFO   e1 step   300/1307  loss=0.7462  acc=0.5067  lr0=1.15e-05 lr1=5.75e-04
12:11:57 INFO   e1 step   350/1307  loss=0.7472  acc=0.5050  lr0=1.34e-05 lr1=6.70e-04
12:12:05 INFO   e1 step   400/1307  loss=0.7488  acc=0.5030  lr0=1.53e-05 lr1=7.66e-04
12:12:14 INFO   e1 step   450/1307  loss=0.7466  acc=0.5058  lr0=1.72e-05 lr1=8.62e-04
12:12:23 INFO   e1 step   500/1307  loss=0.7488  acc=0.5031  lr0=1.92e-05 lr1=9.58e-04
12:12:32 INFO   e1 step   550/1307  loss=0.7485  acc=0.5019  lr0=1.99e-05 lr1=9.94e-04
12:12:41 INFO   e1 step   600/1307  loss=0.7479  acc=0.5008  lr0=1.97e-05 lr1=9.83e-04
12:12:50 INFO   e1 step   650/1307  loss=0.7506  acc=0.4990  lr0=1.95e-05 lr1=9.73e-04
12:12:58 INFO   e1 step   700/1307  loss=0.7484  acc=0.4979  lr0=1.92e-05 lr1=9.62e-04
12:13:07 INFO   e1 step   750/1307  loss=0.7473  acc=0.4973  lr0=1.90e-05 lr1=9.52e-04
12:13:16 INFO   e1 step   800/1307  loss=0.7553  acc=0.4968  lr0=1.88e-05 lr1=9.41e-04
12:13:25 INFO   e1 step   850/1307  loss=0.7544  acc=0.4965  lr0=1.86e-05 lr1=9.30e-04
12:13:34 INFO   e1 step   900/1307  loss=0.7535  acc=0.4972  lr0=1.84e-05 lr1=9.20e-04
12:13:43 INFO   e1 step   950/1307  loss=0.7535  acc=0.4978  lr0=1.82e-05 lr1=9.09e-04
12:13:52 INFO   e1 step  1000/1307  loss=0.7541  acc=0.4977  lr0=1.80e-05 lr1=8.98e-04
12:14:00 INFO   e1 step  1050/1307  loss=0.7542  acc=0.4980  lr0=1.78e-05 lr1=8.88e-04
12:14:09 INFO   e1 step  1100/1307  loss=0.7537  acc=0.4984  lr0=1.75e-05 lr1=8.77e-04
12:14:18 INFO   e1 step  1150/1307  loss=0.7529  acc=0.4984  lr0=1.73e-05 lr1=8.67e-04
12:14:27 INFO   e1 step  1200/1307  loss=0.7519  acc=0.4986  lr0=1.71e-05 lr1=8.56e-04
12:14:36 INFO   e1 step  1250/1307  loss=0.7509  acc=0.4980  lr0=1.69e-05 lr1=8.45e-04
12:14:45 INFO   e1 step  1300/1307  loss=0.7498  acc=0.4974  lr0=1.67e-05 lr1=8.35e-04
12:14:53 INFO [epoch 1] train_loss=0.7496 train_acc=0.4974  val_loss=0.7029 val_acc=0.4969 val_auc=0.4989  elapsed=239.0s
12:14:55 INFO   saved best.pt  val_acc=0.4969
12:15:04 INFO   e2 step    50/1307  loss=0.7132  acc=0.5012  lr0=1.65e-05 lr1=8.23e-04
12:15:13 INFO   e2 step   100/1307  loss=0.7175  acc=0.4913  lr0=1.62e-05 lr1=8.12e-04
12:15:21 INFO   e2 step   150/1307  loss=0.7219  acc=0.4954  lr0=1.60e-05 lr1=8.01e-04
12:15:30 INFO   e2 step   200/1307  loss=0.7253  acc=0.4966  lr0=1.58e-05 lr1=7.91e-04
12:15:39 INFO   e2 step   250/1307  loss=0.7218  acc=0.4970  lr0=1.56e-05 lr1=7.80e-04
12:15:48 INFO   e2 step   300/1307  loss=0.7236  acc=0.4975  lr0=1.54e-05 lr1=7.69e-04
12:15:57 INFO   e2 step   350/1307  loss=0.7217  acc=0.5005  lr0=1.52e-05 lr1=7.59e-04
12:16:06 INFO   e2 step   400/1307  loss=0.7204  acc=0.5006  lr0=1.50e-05 lr1=7.48e-04
12:16:14 INFO   e2 step   450/1307  loss=0.7193  acc=0.5022  lr0=1.48e-05 lr1=7.38e-04
12:16:23 INFO   e2 step   500/1307  loss=0.7197  acc=0.4995  lr0=1.45e-05 lr1=7.27e-04
12:16:32 INFO   e2 step   550/1307  loss=0.7184  acc=0.5001  lr0=1.43e-05 lr1=7.16e-04
12:16:41 INFO   e2 step   600/1307  loss=0.7173  acc=0.4992  lr0=1.41e-05 lr1=7.06e-04
12:16:50 INFO   e2 step   650/1307  loss=0.7163  acc=0.4995  lr0=1.39e-05 lr1=6.95e-04
12:16:59 INFO   e2 step   700/1307  loss=0.7163  acc=0.4991  lr0=1.37e-05 lr1=6.84e-04
12:17:08 INFO   e2 step   750/1307  loss=0.7166  acc=0.4975  lr0=1.35e-05 lr1=6.74e-04
12:17:16 INFO   e2 step   800/1307  loss=0.7166  acc=0.4957  lr0=1.33e-05 lr1=6.63e-04
12:17:25 INFO   e2 step   850/1307  loss=0.7162  acc=0.4956  lr0=1.31e-05 lr1=6.53e-04
12:17:34 INFO   e2 step   900/1307  loss=0.7162  acc=0.4948  lr0=1.28e-05 lr1=6.42e-04
12:17:43 INFO   e2 step   950/1307  loss=0.7163  acc=0.4943  lr0=1.26e-05 lr1=6.31e-04
12:17:52 INFO   e2 step  1000/1307  loss=0.7159  acc=0.4955  lr0=1.24e-05 lr1=6.21e-04
12:18:01 INFO   e2 step  1050/1307  loss=0.7157  acc=0.4951  lr0=1.22e-05 lr1=6.10e-04
12:18:09 INFO   e2 step  1100/1307  loss=0.7157  acc=0.4956  lr0=1.20e-05 lr1=5.99e-04
12:18:18 INFO   e2 step  1150/1307  loss=0.7153  acc=0.4955  lr0=1.18e-05 lr1=5.89e-04
12:18:27 INFO   e2 step  1200/1307  loss=0.7148  acc=0.4973  lr0=1.16e-05 lr1=5.78e-04
12:18:36 INFO   e2 step  1250/1307  loss=0.7150  acc=0.4980  lr0=1.14e-05 lr1=5.68e-04
12:18:45 INFO   e2 step  1300/1307  loss=0.7150  acc=0.4980  lr0=1.11e-05 lr1=5.57e-04
12:18:53 INFO [epoch 2] train_loss=0.7149 train_acc=0.4978  val_loss=0.6975 val_acc=0.5031 val_auc=0.5000  elapsed=238.2s
12:18:55 INFO   saved best.pt  val_acc=0.5031
12:19:04 INFO   e3 step    50/1307  loss=0.7139  acc=0.4662  lr0=1.09e-05 lr1=5.45e-04
12:19:13 INFO   e3 step   100/1307  loss=0.7067  acc=0.4881  lr0=1.07e-05 lr1=5.34e-04
12:19:22 INFO   e3 step   150/1307  loss=0.7043  acc=0.5004  lr0=1.05e-05 lr1=5.24e-04
12:19:31 INFO   e3 step   200/1307  loss=0.7037  acc=0.5066  lr0=1.03e-05 lr1=5.13e-04
12:19:39 INFO   e3 step   250/1307  loss=0.7039  acc=0.5055  lr0=1.00e-05 lr1=5.02e-04
12:19:48 INFO   e3 step   300/1307  loss=0.7040  acc=0.5050  lr0=9.83e-06 lr1=4.92e-04
12:19:57 INFO   e3 step   350/1307  loss=0.7048  acc=0.5025  lr0=9.62e-06 lr1=4.81e-04
12:20:06 INFO   e3 step   400/1307  loss=0.7046  acc=0.4995  lr0=9.41e-06 lr1=4.70e-04
12:20:15 INFO   e3 step   450/1307  loss=0.7041  acc=0.5007  lr0=9.20e-06 lr1=4.60e-04
12:20:24 INFO   e3 step   500/1307  loss=0.7043  acc=0.4983  lr0=8.98e-06 lr1=4.49e-04
12:20:33 INFO   e3 step   550/1307  loss=0.7046  acc=0.4974  lr0=8.77e-06 lr1=4.39e-04
12:20:42 INFO   e3 step   600/1307  loss=0.7046  acc=0.4980  lr0=8.56e-06 lr1=4.28e-04
12:20:50 INFO   e3 step   650/1307  loss=0.7045  acc=0.4980  lr0=8.35e-06 lr1=4.17e-04
12:20:59 INFO   e3 step   700/1307  loss=0.7046  acc=0.4988  lr0=8.13e-06 lr1=4.07e-04
12:21:08 INFO   e3 step   750/1307  loss=0.7043  acc=0.4985  lr0=7.92e-06 lr1=3.96e-04
12:21:17 INFO   e3 step   800/1307  loss=0.7040  acc=0.4991  lr0=7.71e-06 lr1=3.85e-04
12:21:26 INFO   e3 step   850/1307  loss=0.7036  acc=0.5010  lr0=7.50e-06 lr1=3.75e-04
12:21:35 INFO   e3 step   900/1307  loss=0.7037  acc=0.4989  lr0=7.28e-06 lr1=3.64e-04
12:21:44 INFO   e3 step   950/1307  loss=0.7040  acc=0.4987  lr0=7.07e-06 lr1=3.54e-04
12:21:52 INFO   e3 step  1000/1307  loss=0.7040  acc=0.4995  lr0=6.86e-06 lr1=3.43e-04
12:22:01 INFO   e3 step  1050/1307  loss=0.7043  acc=0.5004  lr0=6.65e-06 lr1=3.32e-04
12:22:10 INFO   e3 step  1100/1307  loss=0.7044  acc=0.4996  lr0=6.43e-06 lr1=3.22e-04
12:22:19 INFO   e3 step  1150/1307  loss=0.7043  acc=0.5001  lr0=6.22e-06 lr1=3.11e-04
12:22:28 INFO   e3 step  1200/1307  loss=0.7041  acc=0.5004  lr0=6.01e-06 lr1=3.00e-04
12:22:37 INFO   e3 step  1250/1307  loss=0.7036  acc=0.5018  lr0=5.80e-06 lr1=2.90e-04
12:22:46 INFO   e3 step  1300/1307  loss=0.7034  acc=0.5027  lr0=5.58e-06 lr1=2.79e-04
12:22:54 INFO [epoch 3] train_loss=0.7034 train_acc=0.5024  val_loss=0.6937 val_acc=0.4969 val_auc=0.5000  elapsed=238.9s
12:23:03 INFO   e4 step    50/1307  loss=0.6991  acc=0.4975  lr0=5.34e-06 lr1=2.67e-04
12:23:12 INFO   e4 step   100/1307  loss=0.6987  acc=0.4975  lr0=5.13e-06 lr1=2.56e-04
12:23:21 INFO   e4 step   150/1307  loss=0.6970  acc=0.5088  lr0=4.92e-06 lr1=2.46e-04
12:23:30 INFO   e4 step   200/1307  loss=0.6992  acc=0.5022  lr0=4.70e-06 lr1=2.35e-04
12:23:39 INFO   e4 step   250/1307  loss=0.7013  acc=0.4990  lr0=4.49e-06 lr1=2.25e-04
12:23:47 INFO   e4 step   300/1307  loss=0.7004  acc=0.5004  lr0=4.28e-06 lr1=2.14e-04
12:23:56 INFO   e4 step   350/1307  loss=0.7007  acc=0.4986  lr0=4.07e-06 lr1=2.03e-04
12:24:05 INFO   e4 step   400/1307  loss=0.7008  acc=0.4973  lr0=3.85e-06 lr1=1.93e-04
12:24:14 INFO   e4 step   450/1307  loss=0.7008  acc=0.4965  lr0=3.64e-06 lr1=1.82e-04
12:24:23 INFO   e4 step   500/1307  loss=0.7013  acc=0.4966  lr0=3.43e-06 lr1=1.71e-04
12:24:32 INFO   e4 step   550/1307  loss=0.7010  acc=0.4988  lr0=3.22e-06 lr1=1.61e-04
12:24:41 INFO   e4 step   600/1307  loss=0.7007  acc=0.4985  lr0=3.00e-06 lr1=1.50e-04
12:24:50 INFO   e4 step   650/1307  loss=0.7012  acc=0.4980  lr0=2.79e-06 lr1=1.40e-04
12:24:58 INFO   e4 step   700/1307  loss=0.7007  acc=0.5001  lr0=2.58e-06 lr1=1.29e-04
12:25:07 INFO   e4 step   750/1307  loss=0.7001  acc=0.5015  lr0=2.37e-06 lr1=1.18e-04
12:25:16 INFO   e4 step   800/1307  loss=0.7002  acc=0.5010  lr0=2.15e-06 lr1=1.08e-04
12:25:25 INFO   e4 step   850/1307  loss=0.7002  acc=0.4998  lr0=1.94e-06 lr1=9.71e-05
12:25:34 INFO   e4 step   900/1307  loss=0.7000  acc=0.4994  lr0=1.73e-06 lr1=8.65e-05
12:25:43 INFO   e4 step   950/1307  loss=0.7000  acc=0.4992  lr0=1.52e-06 lr1=7.59e-05
12:25:52 INFO   e4 step  1000/1307  loss=0.6996  acc=0.5000  lr0=1.30e-06 lr1=6.52e-05
12:26:00 INFO   e4 step  1050/1307  loss=0.6993  acc=0.5014  lr0=1.09e-06 lr1=5.46e-05
12:26:09 INFO   e4 step  1100/1307  loss=0.6994  acc=0.5006  lr0=8.80e-07 lr1=4.40e-05
12:26:18 INFO   e4 step  1150/1307  loss=0.6994  acc=0.5008  lr0=6.67e-07 lr1=3.34e-05
12:26:27 INFO   e4 step  1200/1307  loss=0.6992  acc=0.5015  lr0=4.55e-07 lr1=2.27e-05
12:26:36 INFO   e4 step  1250/1307  loss=0.6991  acc=0.5019  lr0=2.42e-07 lr1=1.21e-05
12:26:45 INFO   e4 step  1300/1307  loss=0.6991  acc=0.5012  lr0=2.97e-08 lr1=1.49e-06
12:26:53 INFO [epoch 4] train_loss=0.6991 train_acc=0.5008  val_loss=0.6944 val_acc=0.4969 val_auc=0.5007  elapsed=239.3s
12:26:54 INFO loading best.pt for test eval
12:27:02 INFO [test] loss=0.6980  acc=0.5002  auc=0.5000  f1=0.6668
12:27:02 INFO [done] run_summary.json written to /mnt/localssd/crossencoder_sweep/runs/ajo_newstyle/e5-large-v2
