05:19:39 INFO run_dir=/mnt/localssd/crossencoder_sweep/runs/aep_dataset/deberta-v3-large
05:19:39 INFO device=cuda:0  bf16=False  physical_gpu=1  CUDA_VISIBLE_DEVICES=1
05:19:39 INFO dataset=aep_dataset  model=deberta-v3-large  backbone=microsoft/deberta-v3-large
05:19:39 INFO tokenizer <- microsoft/deberta-v3-large
Warning: You are sending unauthenticated requests to the HF Hub. Please set a HF_TOKEN to enable higher rate limits and faster downloads.
05:19:39 INFO split files: ['directional_train.jsonl', 'directional_val.jsonl', 'directional_test.jsonl']
05:19:39 INFO scanning max JOINT token length across all splits ...
05:20:57 INFO   observed_max_joint=512 -> max_seq_len=512 (cap=512, scan=77.5s)
05:20:57 INFO loading datasets ...
05:20:58 INFO   schema=standard  train=67500  val=8460  test=8460
05:20:58 INFO building CrossEncoderClassifier  backbone=microsoft/deberta-v3-large
Loading weights:   0%|          | 0/390 [00:00<?, ?it/s]Loading weights: 100%|██████████| 390/390 [00:00<00:00, 32534.68it/s]
[transformers] [1mDebertaV2Model LOAD REPORT[0m from: microsoft/deberta-v3-large
Key                                     | Status     |  | 
----------------------------------------+------------+--+-
lm_predictions.lm_head.dense.bias       | UNEXPECTED |  | 
mask_predictions.LayerNorm.weight       | UNEXPECTED |  | 
lm_predictions.lm_head.bias             | UNEXPECTED |  | 
lm_predictions.lm_head.LayerNorm.weight | UNEXPECTED |  | 
lm_predictions.lm_head.dense.weight     | UNEXPECTED |  | 
lm_predictions.lm_head.LayerNorm.bias   | UNEXPECTED |  | 
mask_predictions.dense.weight           | UNEXPECTED |  | 
mask_predictions.LayerNorm.bias         | UNEXPECTED |  | 
mask_predictions.classifier.bias        | UNEXPECTED |  | 
mask_predictions.classifier.weight      | UNEXPECTED |  | 
mask_predictions.dense.bias             | UNEXPECTED |  | 

Notes:
- UNEXPECTED:	can be ignored when loading from different task/architecture; not ok if you expect identical arch.
05:21:01 INFO   hidden_size=1024  trainable_params=434,013,185
05:21:01 INFO   total_steps=33752  warmup_steps=3375
05:21:37 INFO   e1 step    50/8438  loss=0.7760  acc=0.4850  lr0=2.96e-07 lr1=1.48e-05
05:22:12 INFO   e1 step   100/8438  loss=0.7787  acc=0.4975  lr0=5.93e-07 lr1=2.96e-05
05:22:47 INFO   e1 step   150/8438  loss=0.7665  acc=0.5033  lr0=8.89e-07 lr1=4.44e-05
05:23:22 INFO   e1 step   200/8438  loss=0.7571  acc=0.5012  lr0=1.19e-06 lr1=5.93e-05
05:23:57 INFO   e1 step   250/8438  loss=0.7501  acc=0.5055  lr0=1.48e-06 lr1=7.41e-05
05:24:32 INFO   e1 step   300/8438  loss=0.7453  acc=0.5108  lr0=1.78e-06 lr1=8.89e-05
05:25:07 INFO   e1 step   350/8438  loss=0.7392  acc=0.5125  lr0=2.07e-06 lr1=1.04e-04
05:25:42 INFO   e1 step   400/8438  loss=0.7368  acc=0.5125  lr0=2.37e-06 lr1=1.19e-04
05:26:18 INFO   e1 step   450/8438  loss=0.7333  acc=0.5156  lr0=2.67e-06 lr1=1.33e-04
05:26:52 INFO   e1 step   500/8438  loss=0.7279  acc=0.5260  lr0=2.96e-06 lr1=1.48e-04
05:27:28 INFO   e1 step   550/8438  loss=0.7246  acc=0.5341  lr0=3.26e-06 lr1=1.63e-04
05:28:02 INFO   e1 step   600/8438  loss=0.7180  acc=0.5444  lr0=3.56e-06 lr1=1.78e-04
05:28:37 INFO   e1 step   650/8438  loss=0.7117  acc=0.5548  lr0=3.85e-06 lr1=1.93e-04
05:29:12 INFO   e1 step   700/8438  loss=0.7100  acc=0.5657  lr0=4.15e-06 lr1=2.07e-04
05:29:47 INFO   e1 step   750/8438  loss=0.7048  acc=0.5740  lr0=4.44e-06 lr1=2.22e-04
05:30:22 INFO   e1 step   800/8438  loss=0.6995  acc=0.5828  lr0=4.74e-06 lr1=2.37e-04
05:30:58 INFO   e1 step   850/8438  loss=0.6948  acc=0.5899  lr0=5.04e-06 lr1=2.52e-04
05:31:34 INFO   e1 step   900/8438  loss=0.6846  acc=0.6000  lr0=5.33e-06 lr1=2.67e-04
05:32:09 INFO   e1 step   950/8438  loss=0.6741  acc=0.6107  lr0=5.63e-06 lr1=2.81e-04
05:32:45 INFO   e1 step  1000/8438  loss=0.6671  acc=0.6191  lr0=5.93e-06 lr1=2.96e-04
05:33:21 INFO   e1 step  1050/8438  loss=0.6565  acc=0.6295  lr0=6.22e-06 lr1=3.11e-04
05:33:57 INFO   e1 step  1100/8438  loss=0.6483  acc=0.6364  lr0=6.52e-06 lr1=3.26e-04
05:34:32 INFO   e1 step  1150/8438  loss=0.6404  acc=0.6428  lr0=6.81e-06 lr1=3.41e-04
05:35:07 INFO   e1 step  1200/8438  loss=0.6328  acc=0.6519  lr0=7.11e-06 lr1=3.56e-04
05:35:43 INFO   e1 step  1250/8438  loss=0.6268  acc=0.6578  lr0=7.41e-06 lr1=3.70e-04
05:36:18 INFO   e1 step  1300/8438  loss=0.6196  acc=0.6654  lr0=7.70e-06 lr1=3.85e-04
05:36:54 INFO   e1 step  1350/8438  loss=0.6128  acc=0.6719  lr0=8.00e-06 lr1=4.00e-04
05:37:29 INFO   e1 step  1400/8438  loss=0.6094  acc=0.6775  lr0=8.30e-06 lr1=4.15e-04
05:38:05 INFO   e1 step  1450/8438  loss=0.6047  acc=0.6826  lr0=8.59e-06 lr1=4.30e-04
05:38:41 INFO   e1 step  1500/8438  loss=0.5968  acc=0.6885  lr0=8.89e-06 lr1=4.44e-04
05:39:17 INFO   e1 step  1550/8438  loss=0.5902  acc=0.6944  lr0=9.19e-06 lr1=4.59e-04
05:39:52 INFO   e1 step  1600/8438  loss=0.5827  acc=0.7003  lr0=9.48e-06 lr1=4.74e-04
05:40:26 INFO   e1 step  1650/8438  loss=0.5757  acc=0.7055  lr0=9.78e-06 lr1=4.89e-04
05:41:01 INFO   e1 step  1700/8438  loss=0.5696  acc=0.7110  lr0=1.01e-05 lr1=5.04e-04
05:41:37 INFO   e1 step  1750/8438  loss=0.5631  acc=0.7156  lr0=1.04e-05 lr1=5.19e-04
05:42:12 INFO   e1 step  1800/8438  loss=0.5551  acc=0.7210  lr0=1.07e-05 lr1=5.33e-04
05:42:47 INFO   e1 step  1850/8438  loss=0.5506  acc=0.7255  lr0=1.10e-05 lr1=5.48e-04
05:43:22 INFO   e1 step  1900/8438  loss=0.5448  acc=0.7297  lr0=1.13e-05 lr1=5.63e-04
05:43:57 INFO   e1 step  1950/8438  loss=0.5395  acc=0.7340  lr0=1.16e-05 lr1=5.78e-04
05:44:32 INFO   e1 step  2000/8438  loss=0.5353  acc=0.7377  lr0=1.19e-05 lr1=5.93e-04
05:45:07 INFO   e1 step  2050/8438  loss=0.5297  acc=0.7421  lr0=1.21e-05 lr1=6.07e-04
05:45:42 INFO   e1 step  2100/8438  loss=0.5234  acc=0.7465  lr0=1.24e-05 lr1=6.22e-04
05:46:16 INFO   e1 step  2150/8438  loss=0.5204  acc=0.7498  lr0=1.27e-05 lr1=6.37e-04
05:46:51 INFO   e1 step  2200/8438  loss=0.5155  acc=0.7531  lr0=1.30e-05 lr1=6.52e-04
05:47:26 INFO   e1 step  2250/8438  loss=0.5124  acc=0.7566  lr0=1.33e-05 lr1=6.67e-04
05:48:01 INFO   e1 step  2300/8438  loss=0.5108  acc=0.7598  lr0=1.36e-05 lr1=6.81e-04
05:48:36 INFO   e1 step  2350/8438  loss=0.5049  acc=0.7635  lr0=1.39e-05 lr1=6.96e-04
05:49:12 INFO   e1 step  2400/8438  loss=0.5012  acc=0.7669  lr0=1.42e-05 lr1=7.11e-04
05:49:47 INFO   e1 step  2450/8438  loss=0.4976  acc=0.7699  lr0=1.45e-05 lr1=7.26e-04
05:50:22 INFO   e1 step  2500/8438  loss=0.4943  acc=0.7732  lr0=1.48e-05 lr1=7.41e-04
05:50:58 INFO   e1 step  2550/8438  loss=0.4904  acc=0.7762  lr0=1.51e-05 lr1=7.56e-04
05:51:33 INFO   e1 step  2600/8438  loss=0.4874  acc=0.7787  lr0=1.54e-05 lr1=7.70e-04
05:52:08 INFO   e1 step  2650/8438  loss=0.4843  acc=0.7815  lr0=1.57e-05 lr1=7.85e-04
05:52:44 INFO   e1 step  2700/8438  loss=0.4826  acc=0.7837  lr0=1.60e-05 lr1=8.00e-04
05:53:18 INFO   e1 step  2750/8438  loss=0.4806  acc=0.7857  lr0=1.63e-05 lr1=8.15e-04
05:53:53 INFO   e1 step  2800/8438  loss=0.4784  acc=0.7876  lr0=1.66e-05 lr1=8.30e-04
05:54:28 INFO   e1 step  2850/8438  loss=0.4768  acc=0.7893  lr0=1.69e-05 lr1=8.44e-04
05:55:04 INFO   e1 step  2900/8438  loss=0.4745  acc=0.7916  lr0=1.72e-05 lr1=8.59e-04
05:55:38 INFO   e1 step  2950/8438  loss=0.4716  acc=0.7936  lr0=1.75e-05 lr1=8.74e-04
05:56:13 INFO   e1 step  3000/8438  loss=0.4682  acc=0.7960  lr0=1.78e-05 lr1=8.89e-04
05:56:48 INFO   e1 step  3050/8438  loss=0.4643  acc=0.7985  lr0=1.81e-05 lr1=9.04e-04
05:57:22 INFO   e1 step  3100/8438  loss=0.4612  acc=0.8006  lr0=1.84e-05 lr1=9.19e-04
05:57:58 INFO   e1 step  3150/8438  loss=0.4579  acc=0.8027  lr0=1.87e-05 lr1=9.33e-04
05:58:33 INFO   e1 step  3200/8438  loss=0.4553  acc=0.8045  lr0=1.90e-05 lr1=9.48e-04
05:59:08 INFO   e1 step  3250/8438  loss=0.4526  acc=0.8065  lr0=1.93e-05 lr1=9.63e-04
05:59:44 INFO   e1 step  3300/8438  loss=0.4495  acc=0.8086  lr0=1.96e-05 lr1=9.78e-04
06:00:19 INFO   e1 step  3350/8438  loss=0.4463  acc=0.8106  lr0=1.99e-05 lr1=9.93e-04
06:00:54 INFO   e1 step  3400/8438  loss=0.4444  acc=0.8121  lr0=2.00e-05 lr1=9.99e-04
06:01:30 INFO   e1 step  3450/8438  loss=0.4426  acc=0.8136  lr0=2.00e-05 lr1=9.98e-04
06:02:05 INFO   e1 step  3500/8438  loss=0.4404  acc=0.8153  lr0=1.99e-05 lr1=9.96e-04
06:02:41 INFO   e1 step  3550/8438  loss=0.4373  acc=0.8172  lr0=1.99e-05 lr1=9.94e-04
06:03:15 INFO   e1 step  3600/8438  loss=0.4339  acc=0.8190  lr0=1.99e-05 lr1=9.93e-04
06:03:51 INFO   e1 step  3650/8438  loss=0.4319  acc=0.8206  lr0=1.98e-05 lr1=9.91e-04
06:04:26 INFO   e1 step  3700/8438  loss=0.4303  acc=0.8220  lr0=1.98e-05 lr1=9.89e-04
06:05:02 INFO   e1 step  3750/8438  loss=0.4261  acc=0.8240  lr0=1.98e-05 lr1=9.88e-04
06:05:37 INFO   e1 step  3800/8438  loss=0.4239  acc=0.8256  lr0=1.97e-05 lr1=9.86e-04
06:06:13 INFO   e1 step  3850/8438  loss=0.4222  acc=0.8270  lr0=1.97e-05 lr1=9.84e-04
06:06:48 INFO   e1 step  3900/8438  loss=0.4194  acc=0.8287  lr0=1.97e-05 lr1=9.83e-04
06:07:23 INFO   e1 step  3950/8438  loss=0.4164  acc=0.8303  lr0=1.96e-05 lr1=9.81e-04
06:07:58 INFO   e1 step  4000/8438  loss=0.4145  acc=0.8317  lr0=1.96e-05 lr1=9.79e-04
06:08:34 INFO   e1 step  4050/8438  loss=0.4116  acc=0.8332  lr0=1.96e-05 lr1=9.78e-04
06:09:10 INFO   e1 step  4100/8438  loss=0.4087  acc=0.8348  lr0=1.95e-05 lr1=9.76e-04
06:09:45 INFO   e1 step  4150/8438  loss=0.4070  acc=0.8361  lr0=1.95e-05 lr1=9.74e-04
06:10:21 INFO   e1 step  4200/8438  loss=0.4050  acc=0.8374  lr0=1.95e-05 lr1=9.73e-04
06:10:56 INFO   e1 step  4250/8438  loss=0.4027  acc=0.8388  lr0=1.94e-05 lr1=9.71e-04
06:11:32 INFO   e1 step  4300/8438  loss=0.4003  acc=0.8402  lr0=1.94e-05 lr1=9.70e-04
06:12:06 INFO   e1 step  4350/8438  loss=0.3984  acc=0.8414  lr0=1.94e-05 lr1=9.68e-04
06:12:41 INFO   e1 step  4400/8438  loss=0.3955  acc=0.8428  lr0=1.93e-05 lr1=9.66e-04
06:13:17 INFO   e1 step  4450/8438  loss=0.3936  acc=0.8439  lr0=1.93e-05 lr1=9.65e-04
06:13:52 INFO   e1 step  4500/8438  loss=0.3910  acc=0.8452  lr0=1.93e-05 lr1=9.63e-04
06:14:28 INFO   e1 step  4550/8438  loss=0.3888  acc=0.8465  lr0=1.92e-05 lr1=9.61e-04
06:15:03 INFO   e1 step  4600/8438  loss=0.3863  acc=0.8477  lr0=1.92e-05 lr1=9.60e-04
06:15:38 INFO   e1 step  4650/8438  loss=0.3842  acc=0.8490  lr0=1.92e-05 lr1=9.58e-04
06:16:13 INFO   e1 step  4700/8438  loss=0.3817  acc=0.8502  lr0=1.91e-05 lr1=9.56e-04
06:16:48 INFO   e1 step  4750/8438  loss=0.3796  acc=0.8514  lr0=1.91e-05 lr1=9.55e-04
06:17:23 INFO   e1 step  4800/8438  loss=0.3777  acc=0.8524  lr0=1.91e-05 lr1=9.53e-04
06:17:59 INFO   e1 step  4850/8438  loss=0.3762  acc=0.8535  lr0=1.90e-05 lr1=9.51e-04
06:18:34 INFO   e1 step  4900/8438  loss=0.3739  acc=0.8546  lr0=1.90e-05 lr1=9.50e-04
06:19:09 INFO   e1 step  4950/8438  loss=0.3720  acc=0.8557  lr0=1.90e-05 lr1=9.48e-04
06:19:44 INFO   e1 step  5000/8438  loss=0.3698  acc=0.8569  lr0=1.89e-05 lr1=9.47e-04
06:20:20 INFO   e1 step  5050/8438  loss=0.3680  acc=0.8579  lr0=1.89e-05 lr1=9.45e-04
06:20:54 INFO   e1 step  5100/8438  loss=0.3659  acc=0.8589  lr0=1.89e-05 lr1=9.43e-04
06:21:30 INFO   e1 step  5150/8438  loss=0.3634  acc=0.8600  lr0=1.88e-05 lr1=9.42e-04
06:22:05 INFO   e1 step  5200/8438  loss=0.3619  acc=0.8609  lr0=1.88e-05 lr1=9.40e-04
06:22:40 INFO   e1 step  5250/8438  loss=0.3601  acc=0.8619  lr0=1.88e-05 lr1=9.38e-04
06:23:16 INFO   e1 step  5300/8438  loss=0.3583  acc=0.8629  lr0=1.87e-05 lr1=9.37e-04
06:23:51 INFO   e1 step  5350/8438  loss=0.3560  acc=0.8639  lr0=1.87e-05 lr1=9.35e-04
06:24:27 INFO   e1 step  5400/8438  loss=0.3540  acc=0.8649  lr0=1.87e-05 lr1=9.33e-04
06:25:01 INFO   e1 step  5450/8438  loss=0.3516  acc=0.8659  lr0=1.86e-05 lr1=9.32e-04
06:25:36 INFO   e1 step  5500/8438  loss=0.3494  acc=0.8669  lr0=1.86e-05 lr1=9.30e-04
06:26:11 INFO   e1 step  5550/8438  loss=0.3475  acc=0.8679  lr0=1.86e-05 lr1=9.28e-04
06:26:45 INFO   e1 step  5600/8438  loss=0.3454  acc=0.8688  lr0=1.85e-05 lr1=9.27e-04
06:27:20 INFO   e1 step  5650/8438  loss=0.3434  acc=0.8698  lr0=1.85e-05 lr1=9.25e-04
06:27:56 INFO   e1 step  5700/8438  loss=0.3412  acc=0.8708  lr0=1.85e-05 lr1=9.23e-04
06:28:31 INFO   e1 step  5750/8438  loss=0.3395  acc=0.8715  lr0=1.84e-05 lr1=9.22e-04
06:29:07 INFO   e1 step  5800/8438  loss=0.3378  acc=0.8724  lr0=1.84e-05 lr1=9.20e-04
06:29:42 INFO   e1 step  5850/8438  loss=0.3356  acc=0.8733  lr0=1.84e-05 lr1=9.19e-04
06:30:17 INFO   e1 step  5900/8438  loss=0.3339  acc=0.8742  lr0=1.83e-05 lr1=9.17e-04
06:30:53 INFO   e1 step  5950/8438  loss=0.3315  acc=0.8751  lr0=1.83e-05 lr1=9.15e-04
06:31:28 INFO   e1 step  6000/8438  loss=0.3294  acc=0.8760  lr0=1.83e-05 lr1=9.14e-04
06:32:03 INFO   e1 step  6050/8438  loss=0.3275  acc=0.8768  lr0=1.82e-05 lr1=9.12e-04
06:32:38 INFO   e1 step  6100/8438  loss=0.3259  acc=0.8776  lr0=1.82e-05 lr1=9.10e-04
06:33:14 INFO   e1 step  6150/8438  loss=0.3248  acc=0.8784  lr0=1.82e-05 lr1=9.09e-04
06:33:49 INFO   e1 step  6200/8438  loss=0.3238  acc=0.8790  lr0=1.81e-05 lr1=9.07e-04
06:34:25 INFO   e1 step  6250/8438  loss=0.3225  acc=0.8796  lr0=1.81e-05 lr1=9.05e-04
06:35:01 INFO   e1 step  6300/8438  loss=0.3206  acc=0.8804  lr0=1.81e-05 lr1=9.04e-04
06:35:35 INFO   e1 step  6350/8438  loss=0.3191  acc=0.8812  lr0=1.80e-05 lr1=9.02e-04
06:36:10 INFO   e1 step  6400/8438  loss=0.3173  acc=0.8819  lr0=1.80e-05 lr1=9.00e-04
06:36:44 INFO   e1 step  6450/8438  loss=0.3156  acc=0.8826  lr0=1.80e-05 lr1=8.99e-04
06:37:19 INFO   e1 step  6500/8438  loss=0.3142  acc=0.8833  lr0=1.79e-05 lr1=8.97e-04
06:37:54 INFO   e1 step  6550/8438  loss=0.3127  acc=0.8840  lr0=1.79e-05 lr1=8.95e-04
06:38:29 INFO   e1 step  6600/8438  loss=0.3116  acc=0.8847  lr0=1.79e-05 lr1=8.94e-04
06:39:03 INFO   e1 step  6650/8438  loss=0.3100  acc=0.8854  lr0=1.78e-05 lr1=8.92e-04
06:39:37 INFO   e1 step  6700/8438  loss=0.3087  acc=0.8861  lr0=1.78e-05 lr1=8.91e-04
06:40:13 INFO   e1 step  6750/8438  loss=0.3070  acc=0.8868  lr0=1.78e-05 lr1=8.89e-04
06:40:48 INFO   e1 step  6800/8438  loss=0.3057  acc=0.8875  lr0=1.77e-05 lr1=8.87e-04
06:41:24 INFO   e1 step  6850/8438  loss=0.3040  acc=0.8882  lr0=1.77e-05 lr1=8.86e-04
06:41:58 INFO   e1 step  6900/8438  loss=0.3026  acc=0.8888  lr0=1.77e-05 lr1=8.84e-04
06:42:34 INFO   e1 step  6950/8438  loss=0.3012  acc=0.8895  lr0=1.76e-05 lr1=8.82e-04
06:43:09 INFO   e1 step  7000/8438  loss=0.3000  acc=0.8901  lr0=1.76e-05 lr1=8.81e-04
06:43:44 INFO   e1 step  7050/8438  loss=0.2988  acc=0.8906  lr0=1.76e-05 lr1=8.79e-04
06:44:19 INFO   e1 step  7100/8438  loss=0.2972  acc=0.8913  lr0=1.75e-05 lr1=8.77e-04
06:44:53 INFO   e1 step  7150/8438  loss=0.2957  acc=0.8920  lr0=1.75e-05 lr1=8.76e-04
06:45:28 INFO   e1 step  7200/8438  loss=0.2942  acc=0.8926  lr0=1.75e-05 lr1=8.74e-04
06:46:03 INFO   e1 step  7250/8438  loss=0.2923  acc=0.8933  lr0=1.74e-05 lr1=8.72e-04
06:46:38 INFO   e1 step  7300/8438  loss=0.2908  acc=0.8940  lr0=1.74e-05 lr1=8.71e-04
06:47:14 INFO   e1 step  7350/8438  loss=0.2895  acc=0.8946  lr0=1.74e-05 lr1=8.69e-04
06:47:49 INFO   e1 step  7400/8438  loss=0.2878  acc=0.8953  lr0=1.73e-05 lr1=8.67e-04
06:48:24 INFO   e1 step  7450/8438  loss=0.2862  acc=0.8959  lr0=1.73e-05 lr1=8.66e-04
06:48:58 INFO   e1 step  7500/8438  loss=0.2848  acc=0.8965  lr0=1.73e-05 lr1=8.64e-04
06:49:34 INFO   e1 step  7550/8438  loss=0.2836  acc=0.8971  lr0=1.73e-05 lr1=8.63e-04
06:50:09 INFO   e1 step  7600/8438  loss=0.2824  acc=0.8975  lr0=1.72e-05 lr1=8.61e-04
06:50:44 INFO   e1 step  7650/8438  loss=0.2811  acc=0.8981  lr0=1.72e-05 lr1=8.59e-04
06:51:19 INFO   e1 step  7700/8438  loss=0.2802  acc=0.8986  lr0=1.72e-05 lr1=8.58e-04
06:51:55 INFO   e1 step  7750/8438  loss=0.2793  acc=0.8990  lr0=1.71e-05 lr1=8.56e-04
06:52:30 INFO   e1 step  7800/8438  loss=0.2780  acc=0.8996  lr0=1.71e-05 lr1=8.54e-04
06:53:05 INFO   e1 step  7850/8438  loss=0.2771  acc=0.9001  lr0=1.71e-05 lr1=8.53e-04
06:53:41 INFO   e1 step  7900/8438  loss=0.2758  acc=0.9006  lr0=1.70e-05 lr1=8.51e-04
06:54:15 INFO   e1 step  7950/8438  loss=0.2749  acc=0.9011  lr0=1.70e-05 lr1=8.49e-04
06:54:51 INFO   e1 step  8000/8438  loss=0.2737  acc=0.9015  lr0=1.70e-05 lr1=8.48e-04
06:55:26 INFO   e1 step  8050/8438  loss=0.2725  acc=0.9021  lr0=1.69e-05 lr1=8.46e-04
06:56:01 INFO   e1 step  8100/8438  loss=0.2712  acc=0.9026  lr0=1.69e-05 lr1=8.44e-04
06:56:36 INFO   e1 step  8150/8438  loss=0.2701  acc=0.9031  lr0=1.69e-05 lr1=8.43e-04
06:57:12 INFO   e1 step  8200/8438  loss=0.2689  acc=0.9036  lr0=1.68e-05 lr1=8.41e-04
06:57:47 INFO   e1 step  8250/8438  loss=0.2677  acc=0.9041  lr0=1.68e-05 lr1=8.40e-04
06:58:22 INFO   e1 step  8300/8438  loss=0.2664  acc=0.9046  lr0=1.68e-05 lr1=8.38e-04
06:58:58 INFO   e1 step  8350/8438  loss=0.2651  acc=0.9051  lr0=1.67e-05 lr1=8.36e-04
06:59:32 INFO   e1 step  8400/8438  loss=0.2638  acc=0.9056  lr0=1.67e-05 lr1=8.35e-04
07:03:49 INFO [epoch 1] train_loss=0.2631 train_acc=0.9059  val_loss=0.1882 val_acc=0.9631 val_auc=0.9929  elapsed=6168.7s
07:03:51 INFO   saved best.pt  val_acc=0.9631
07:04:27 INFO   e2 step    50/8438  loss=0.0376  acc=0.9900  lr0=1.66e-05 lr1=8.32e-04
07:05:02 INFO   e2 step   100/8438  loss=0.0840  acc=0.9812  lr0=1.66e-05 lr1=8.30e-04
07:05:37 INFO   e2 step   150/8438  loss=0.0726  acc=0.9842  lr0=1.66e-05 lr1=8.28e-04
07:06:11 INFO   e2 step   200/8438  loss=0.0673  acc=0.9856  lr0=1.65e-05 lr1=8.27e-04
07:06:46 INFO   e2 step   250/8438  loss=0.0589  acc=0.9875  lr0=1.65e-05 lr1=8.25e-04
07:07:21 INFO   e2 step   300/8438  loss=0.0547  acc=0.9888  lr0=1.65e-05 lr1=8.23e-04
07:07:57 INFO   e2 step   350/8438  loss=0.0578  acc=0.9882  lr0=1.64e-05 lr1=8.22e-04
07:08:31 INFO   e2 step   400/8438  loss=0.0532  acc=0.9894  lr0=1.64e-05 lr1=8.20e-04
07:09:06 INFO   e2 step   450/8438  loss=0.0581  acc=0.9883  lr0=1.64e-05 lr1=8.19e-04
07:09:42 INFO   e2 step   500/8438  loss=0.0586  acc=0.9882  lr0=1.63e-05 lr1=8.17e-04
07:10:16 INFO   e2 step   550/8438  loss=0.0548  acc=0.9891  lr0=1.63e-05 lr1=8.15e-04
07:10:52 INFO   e2 step   600/8438  loss=0.0533  acc=0.9896  lr0=1.63e-05 lr1=8.14e-04
07:11:27 INFO   e2 step   650/8438  loss=0.0509  acc=0.9902  lr0=1.62e-05 lr1=8.12e-04
07:12:02 INFO   e2 step   700/8438  loss=0.0506  acc=0.9902  lr0=1.62e-05 lr1=8.10e-04
07:12:38 INFO   e2 step   750/8438  loss=0.0519  acc=0.9898  lr0=1.62e-05 lr1=8.09e-04
07:13:13 INFO   e2 step   800/8438  loss=0.0515  acc=0.9900  lr0=1.61e-05 lr1=8.07e-04
07:13:48 INFO   e2 step   850/8438  loss=0.0495  acc=0.9904  lr0=1.61e-05 lr1=8.05e-04
07:14:23 INFO   e2 step   900/8438  loss=0.0503  acc=0.9904  lr0=1.61e-05 lr1=8.04e-04
07:14:59 INFO   e2 step   950/8438  loss=0.0496  acc=0.9905  lr0=1.60e-05 lr1=8.02e-04
07:15:35 INFO   e2 step  1000/8438  loss=0.0511  acc=0.9902  lr0=1.60e-05 lr1=8.00e-04
07:16:10 INFO   e2 step  1050/8438  loss=0.0507  acc=0.9900  lr0=1.60e-05 lr1=7.99e-04
07:16:45 INFO   e2 step  1100/8438  loss=0.0505  acc=0.9901  lr0=1.59e-05 lr1=7.97e-04
07:17:21 INFO   e2 step  1150/8438  loss=0.0511  acc=0.9900  lr0=1.59e-05 lr1=7.95e-04
07:17:57 INFO   e2 step  1200/8438  loss=0.0503  acc=0.9902  lr0=1.59e-05 lr1=7.94e-04
07:18:31 INFO   e2 step  1250/8438  loss=0.0490  acc=0.9905  lr0=1.58e-05 lr1=7.92e-04
07:19:06 INFO   e2 step  1300/8438  loss=0.0511  acc=0.9903  lr0=1.58e-05 lr1=7.91e-04
07:19:41 INFO   e2 step  1350/8438  loss=0.0498  acc=0.9906  lr0=1.58e-05 lr1=7.89e-04
07:20:16 INFO   e2 step  1400/8438  loss=0.0522  acc=0.9902  lr0=1.57e-05 lr1=7.87e-04
07:20:51 INFO   e2 step  1450/8438  loss=0.0522  acc=0.9903  lr0=1.57e-05 lr1=7.86e-04
07:21:26 INFO   e2 step  1500/8438  loss=0.0529  acc=0.9902  lr0=1.57e-05 lr1=7.84e-04
07:22:02 INFO   e2 step  1550/8438  loss=0.0525  acc=0.9901  lr0=1.56e-05 lr1=7.82e-04
07:22:37 INFO   e2 step  1600/8438  loss=0.0527  acc=0.9899  lr0=1.56e-05 lr1=7.81e-04
07:23:12 INFO   e2 step  1650/8438  loss=0.0530  acc=0.9899  lr0=1.56e-05 lr1=7.79e-04
07:23:47 INFO   e2 step  1700/8438  loss=0.0534  acc=0.9899  lr0=1.55e-05 lr1=7.77e-04
07:24:22 INFO   e2 step  1750/8438  loss=0.0546  acc=0.9898  lr0=1.55e-05 lr1=7.76e-04
07:24:57 INFO   e2 step  1800/8438  loss=0.0547  acc=0.9899  lr0=1.55e-05 lr1=7.74e-04
07:25:32 INFO   e2 step  1850/8438  loss=0.0550  acc=0.9898  lr0=1.54e-05 lr1=7.72e-04
07:26:07 INFO   e2 step  1900/8438  loss=0.0558  acc=0.9896  lr0=1.54e-05 lr1=7.71e-04
07:26:42 INFO   e2 step  1950/8438  loss=0.0571  acc=0.9893  lr0=1.54e-05 lr1=7.69e-04
07:27:17 INFO   e2 step  2000/8438  loss=0.0570  acc=0.9894  lr0=1.53e-05 lr1=7.67e-04
07:27:53 INFO   e2 step  2050/8438  loss=0.0573  acc=0.9895  lr0=1.53e-05 lr1=7.66e-04
07:28:28 INFO   e2 step  2100/8438  loss=0.0570  acc=0.9895  lr0=1.53e-05 lr1=7.64e-04
07:29:03 INFO   e2 step  2150/8438  loss=0.0566  acc=0.9895  lr0=1.53e-05 lr1=7.63e-04
07:29:38 INFO   e2 step  2200/8438  loss=0.0569  acc=0.9895  lr0=1.52e-05 lr1=7.61e-04
07:30:12 INFO   e2 step  2250/8438  loss=0.0573  acc=0.9894  lr0=1.52e-05 lr1=7.59e-04
07:30:48 INFO   e2 step  2300/8438  loss=0.0580  acc=0.9893  lr0=1.52e-05 lr1=7.58e-04
07:31:23 INFO   e2 step  2350/8438  loss=0.0571  acc=0.9895  lr0=1.51e-05 lr1=7.56e-04
07:31:57 INFO   e2 step  2400/8438  loss=0.0588  acc=0.9892  lr0=1.51e-05 lr1=7.54e-04
07:32:32 INFO   e2 step  2450/8438  loss=0.0590  acc=0.9891  lr0=1.51e-05 lr1=7.53e-04
07:33:07 INFO   e2 step  2500/8438  loss=0.0583  acc=0.9892  lr0=1.50e-05 lr1=7.51e-04
07:33:43 INFO   e2 step  2550/8438  loss=0.0588  acc=0.9890  lr0=1.50e-05 lr1=7.49e-04
07:34:18 INFO   e2 step  2600/8438  loss=0.0583  acc=0.9891  lr0=1.50e-05 lr1=7.48e-04
07:34:53 INFO   e2 step  2650/8438  loss=0.0590  acc=0.9891  lr0=1.49e-05 lr1=7.46e-04
07:35:28 INFO   e2 step  2700/8438  loss=0.0600  acc=0.9888  lr0=1.49e-05 lr1=7.44e-04
07:36:03 INFO   e2 step  2750/8438  loss=0.0595  acc=0.9889  lr0=1.49e-05 lr1=7.43e-04
07:36:39 INFO   e2 step  2800/8438  loss=0.0591  acc=0.9890  lr0=1.48e-05 lr1=7.41e-04
07:37:14 INFO   e2 step  2850/8438  loss=0.0586  acc=0.9890  lr0=1.48e-05 lr1=7.40e-04
07:37:49 INFO   e2 step  2900/8438  loss=0.0588  acc=0.9889  lr0=1.48e-05 lr1=7.38e-04
07:38:24 INFO   e2 step  2950/8438  loss=0.0585  acc=0.9890  lr0=1.47e-05 lr1=7.36e-04
07:38:58 INFO   e2 step  3000/8438  loss=0.0585  acc=0.9890  lr0=1.47e-05 lr1=7.35e-04
07:39:34 INFO   e2 step  3050/8438  loss=0.0588  acc=0.9889  lr0=1.47e-05 lr1=7.33e-04
07:40:09 INFO   e2 step  3100/8438  loss=0.0583  acc=0.9890  lr0=1.46e-05 lr1=7.31e-04
07:40:45 INFO   e2 step  3150/8438  loss=0.0582  acc=0.9890  lr0=1.46e-05 lr1=7.30e-04
07:41:20 INFO   e2 step  3200/8438  loss=0.0582  acc=0.9890  lr0=1.46e-05 lr1=7.28e-04
07:41:55 INFO   e2 step  3250/8438  loss=0.0576  acc=0.9891  lr0=1.45e-05 lr1=7.26e-04
07:42:31 INFO   e2 step  3300/8438  loss=0.0567  acc=0.9892  lr0=1.45e-05 lr1=7.25e-04
07:43:07 INFO   e2 step  3350/8438  loss=0.0561  acc=0.9894  lr0=1.45e-05 lr1=7.23e-04
07:43:42 INFO   e2 step  3400/8438  loss=0.0566  acc=0.9893  lr0=1.44e-05 lr1=7.21e-04
07:44:18 INFO   e2 step  3450/8438  loss=0.0560  acc=0.9894  lr0=1.44e-05 lr1=7.20e-04
07:44:53 INFO   e2 step  3500/8438  loss=0.0557  acc=0.9894  lr0=1.44e-05 lr1=7.18e-04
07:45:28 INFO   e2 step  3550/8438  loss=0.0554  acc=0.9895  lr0=1.43e-05 lr1=7.16e-04
07:46:03 INFO   e2 step  3600/8438  loss=0.0553  acc=0.9895  lr0=1.43e-05 lr1=7.15e-04
07:46:38 INFO   e2 step  3650/8438  loss=0.0548  acc=0.9896  lr0=1.43e-05 lr1=7.13e-04
07:47:12 INFO   e2 step  3700/8438  loss=0.0549  acc=0.9896  lr0=1.42e-05 lr1=7.12e-04
07:47:47 INFO   e2 step  3750/8438  loss=0.0545  acc=0.9897  lr0=1.42e-05 lr1=7.10e-04
07:48:21 INFO   e2 step  3800/8438  loss=0.0542  acc=0.9898  lr0=1.42e-05 lr1=7.08e-04
07:48:56 INFO   e2 step  3850/8438  loss=0.0543  acc=0.9898  lr0=1.41e-05 lr1=7.07e-04
07:49:32 INFO   e2 step  3900/8438  loss=0.0544  acc=0.9897  lr0=1.41e-05 lr1=7.05e-04
07:50:07 INFO   e2 step  3950/8438  loss=0.0539  acc=0.9898  lr0=1.41e-05 lr1=7.03e-04
07:50:42 INFO   e2 step  4000/8438  loss=0.0538  acc=0.9899  lr0=1.40e-05 lr1=7.02e-04
07:51:17 INFO   e2 step  4050/8438  loss=0.0536  acc=0.9899  lr0=1.40e-05 lr1=7.00e-04
07:51:52 INFO   e2 step  4100/8438  loss=0.0532  acc=0.9900  lr0=1.40e-05 lr1=6.98e-04
07:52:28 INFO   e2 step  4150/8438  loss=0.0533  acc=0.9901  lr0=1.39e-05 lr1=6.97e-04
07:53:03 INFO   e2 step  4200/8438  loss=0.0528  acc=0.9901  lr0=1.39e-05 lr1=6.95e-04
07:53:38 INFO   e2 step  4250/8438  loss=0.0526  acc=0.9902  lr0=1.39e-05 lr1=6.93e-04
07:54:14 INFO   e2 step  4300/8438  loss=0.0527  acc=0.9902  lr0=1.38e-05 lr1=6.92e-04
07:54:48 INFO   e2 step  4350/8438  loss=0.0525  acc=0.9901  lr0=1.38e-05 lr1=6.90e-04
07:55:23 INFO   e2 step  4400/8438  loss=0.0530  acc=0.9901  lr0=1.38e-05 lr1=6.88e-04
07:55:58 INFO   e2 step  4450/8438  loss=0.0527  acc=0.9902  lr0=1.37e-05 lr1=6.87e-04
07:56:32 INFO   e2 step  4500/8438  loss=0.0526  acc=0.9902  lr0=1.37e-05 lr1=6.85e-04
07:57:07 INFO   e2 step  4550/8438  loss=0.0523  acc=0.9902  lr0=1.37e-05 lr1=6.84e-04
07:57:42 INFO   e2 step  4600/8438  loss=0.0520  acc=0.9903  lr0=1.36e-05 lr1=6.82e-04
07:58:17 INFO   e2 step  4650/8438  loss=0.0520  acc=0.9903  lr0=1.36e-05 lr1=6.80e-04
07:58:52 INFO   e2 step  4700/8438  loss=0.0518  acc=0.9903  lr0=1.36e-05 lr1=6.79e-04
07:59:27 INFO   e2 step  4750/8438  loss=0.0521  acc=0.9902  lr0=1.35e-05 lr1=6.77e-04
08:00:02 INFO   e2 step  4800/8438  loss=0.0515  acc=0.9903  lr0=1.35e-05 lr1=6.75e-04
08:00:38 INFO   e2 step  4850/8438  loss=0.0515  acc=0.9903  lr0=1.35e-05 lr1=6.74e-04
08:01:13 INFO   e2 step  4900/8438  loss=0.0516  acc=0.9903  lr0=1.34e-05 lr1=6.72e-04
08:01:48 INFO   e2 step  4950/8438  loss=0.0512  acc=0.9904  lr0=1.34e-05 lr1=6.70e-04
08:02:22 INFO   e2 step  5000/8438  loss=0.0511  acc=0.9904  lr0=1.34e-05 lr1=6.69e-04
08:02:57 INFO   e2 step  5050/8438  loss=0.0506  acc=0.9905  lr0=1.33e-05 lr1=6.67e-04
08:03:32 INFO   e2 step  5100/8438  loss=0.0504  acc=0.9905  lr0=1.33e-05 lr1=6.65e-04
08:04:08 INFO   e2 step  5150/8438  loss=0.0504  acc=0.9905  lr0=1.33e-05 lr1=6.64e-04
08:04:43 INFO   e2 step  5200/8438  loss=0.0502  acc=0.9906  lr0=1.32e-05 lr1=6.62e-04
08:05:19 INFO   e2 step  5250/8438  loss=0.0501  acc=0.9906  lr0=1.32e-05 lr1=6.60e-04
08:05:54 INFO   e2 step  5300/8438  loss=0.0498  acc=0.9906  lr0=1.32e-05 lr1=6.59e-04
08:06:29 INFO   e2 step  5350/8438  loss=0.0493  acc=0.9907  lr0=1.31e-05 lr1=6.57e-04
08:07:05 INFO   e2 step  5400/8438  loss=0.0494  acc=0.9907  lr0=1.31e-05 lr1=6.56e-04
08:07:39 INFO   e2 step  5450/8438  loss=0.0493  acc=0.9907  lr0=1.31e-05 lr1=6.54e-04
08:08:15 INFO   e2 step  5500/8438  loss=0.0491  acc=0.9908  lr0=1.30e-05 lr1=6.52e-04
08:08:50 INFO   e2 step  5550/8438  loss=0.0494  acc=0.9907  lr0=1.30e-05 lr1=6.51e-04
08:09:25 INFO   e2 step  5600/8438  loss=0.0492  acc=0.9907  lr0=1.30e-05 lr1=6.49e-04
08:10:00 INFO   e2 step  5650/8438  loss=0.0488  acc=0.9908  lr0=1.29e-05 lr1=6.47e-04
08:10:35 INFO   e2 step  5700/8438  loss=0.0486  acc=0.9908  lr0=1.29e-05 lr1=6.46e-04
08:11:11 INFO   e2 step  5750/8438  loss=0.0484  acc=0.9908  lr0=1.29e-05 lr1=6.44e-04
08:11:47 INFO   e2 step  5800/8438  loss=0.0485  acc=0.9909  lr0=1.28e-05 lr1=6.42e-04
08:12:22 INFO   e2 step  5850/8438  loss=0.0482  acc=0.9909  lr0=1.28e-05 lr1=6.41e-04
08:12:58 INFO   e2 step  5900/8438  loss=0.0483  acc=0.9909  lr0=1.28e-05 lr1=6.39e-04
08:13:33 INFO   e2 step  5950/8438  loss=0.0480  acc=0.9909  lr0=1.27e-05 lr1=6.37e-04
08:14:08 INFO   e2 step  6000/8438  loss=0.0476  acc=0.9910  lr0=1.27e-05 lr1=6.36e-04
08:14:44 INFO   e2 step  6050/8438  loss=0.0472  acc=0.9911  lr0=1.27e-05 lr1=6.34e-04
08:15:19 INFO   e2 step  6100/8438  loss=0.0472  acc=0.9911  lr0=1.27e-05 lr1=6.33e-04
08:15:55 INFO   e2 step  6150/8438  loss=0.0471  acc=0.9911  lr0=1.26e-05 lr1=6.31e-04
08:16:30 INFO   e2 step  6200/8438  loss=0.0472  acc=0.9911  lr0=1.26e-05 lr1=6.29e-04
08:17:05 INFO   e2 step  6250/8438  loss=0.0472  acc=0.9911  lr0=1.26e-05 lr1=6.28e-04
08:17:41 INFO   e2 step  6300/8438  loss=0.0468  acc=0.9912  lr0=1.25e-05 lr1=6.26e-04
08:18:16 INFO   e2 step  6350/8438  loss=0.0466  acc=0.9912  lr0=1.25e-05 lr1=6.24e-04
08:18:51 INFO   e2 step  6400/8438  loss=0.0467  acc=0.9912  lr0=1.25e-05 lr1=6.23e-04
08:19:27 INFO   e2 step  6450/8438  loss=0.0469  acc=0.9912  lr0=1.24e-05 lr1=6.21e-04
08:20:02 INFO   e2 step  6500/8438  loss=0.0470  acc=0.9911  lr0=1.24e-05 lr1=6.19e-04
08:20:36 INFO   e2 step  6550/8438  loss=0.0471  acc=0.9911  lr0=1.24e-05 lr1=6.18e-04
08:21:11 INFO   e2 step  6600/8438  loss=0.0470  acc=0.9911  lr0=1.23e-05 lr1=6.16e-04
08:21:46 INFO   e2 step  6650/8438  loss=0.0468  acc=0.9912  lr0=1.23e-05 lr1=6.14e-04
08:22:22 INFO   e2 step  6700/8438  loss=0.0467  acc=0.9912  lr0=1.23e-05 lr1=6.13e-04
08:22:57 INFO   e2 step  6750/8438  loss=0.0463  acc=0.9913  lr0=1.22e-05 lr1=6.11e-04
08:23:32 INFO   e2 step  6800/8438  loss=0.0462  acc=0.9913  lr0=1.22e-05 lr1=6.09e-04
08:24:07 INFO   e2 step  6850/8438  loss=0.0458  acc=0.9914  lr0=1.22e-05 lr1=6.08e-04
08:24:42 INFO   e2 step  6900/8438  loss=0.0459  acc=0.9914  lr0=1.21e-05 lr1=6.06e-04
08:25:17 INFO   e2 step  6950/8438  loss=0.0456  acc=0.9914  lr0=1.21e-05 lr1=6.05e-04
08:25:52 INFO   e2 step  7000/8438  loss=0.0453  acc=0.9915  lr0=1.21e-05 lr1=6.03e-04
08:26:28 INFO   e2 step  7050/8438  loss=0.0452  acc=0.9915  lr0=1.20e-05 lr1=6.01e-04
08:27:03 INFO   e2 step  7100/8438  loss=0.0452  acc=0.9915  lr0=1.20e-05 lr1=6.00e-04
08:27:38 INFO   e2 step  7150/8438  loss=0.0451  acc=0.9915  lr0=1.20e-05 lr1=5.98e-04
08:28:13 INFO   e2 step  7200/8438  loss=0.0450  acc=0.9915  lr0=1.19e-05 lr1=5.96e-04
08:28:48 INFO   e2 step  7250/8438  loss=0.0450  acc=0.9916  lr0=1.19e-05 lr1=5.95e-04
08:29:22 INFO   e2 step  7300/8438  loss=0.0447  acc=0.9916  lr0=1.19e-05 lr1=5.93e-04
08:29:58 INFO   e2 step  7350/8438  loss=0.0446  acc=0.9916  lr0=1.18e-05 lr1=5.91e-04
08:30:33 INFO   e2 step  7400/8438  loss=0.0445  acc=0.9916  lr0=1.18e-05 lr1=5.90e-04
08:31:09 INFO   e2 step  7450/8438  loss=0.0442  acc=0.9917  lr0=1.18e-05 lr1=5.88e-04
08:31:44 INFO   e2 step  7500/8438  loss=0.0444  acc=0.9917  lr0=1.17e-05 lr1=5.86e-04
08:32:19 INFO   e2 step  7550/8438  loss=0.0445  acc=0.9916  lr0=1.17e-05 lr1=5.85e-04
08:32:54 INFO   e2 step  7600/8438  loss=0.0443  acc=0.9917  lr0=1.17e-05 lr1=5.83e-04
08:33:28 INFO   e2 step  7650/8438  loss=0.0440  acc=0.9917  lr0=1.16e-05 lr1=5.81e-04
08:34:04 INFO   e2 step  7700/8438  loss=0.0437  acc=0.9918  lr0=1.16e-05 lr1=5.80e-04
08:34:38 INFO   e2 step  7750/8438  loss=0.0435  acc=0.9918  lr0=1.16e-05 lr1=5.78e-04
08:35:14 INFO   e2 step  7800/8438  loss=0.0434  acc=0.9919  lr0=1.15e-05 lr1=5.77e-04
08:35:49 INFO   e2 step  7850/8438  loss=0.0434  acc=0.9918  lr0=1.15e-05 lr1=5.75e-04
08:36:24 INFO   e2 step  7900/8438  loss=0.0432  acc=0.9919  lr0=1.15e-05 lr1=5.73e-04
08:36:59 INFO   e2 step  7950/8438  loss=0.0431  acc=0.9919  lr0=1.14e-05 lr1=5.72e-04
08:37:34 INFO   e2 step  8000/8438  loss=0.0428  acc=0.9919  lr0=1.14e-05 lr1=5.70e-04
08:38:09 INFO   e2 step  8050/8438  loss=0.0427  acc=0.9920  lr0=1.14e-05 lr1=5.68e-04
08:38:44 INFO   e2 step  8100/8438  loss=0.0425  acc=0.9920  lr0=1.13e-05 lr1=5.67e-04
08:39:19 INFO   e2 step  8150/8438  loss=0.0424  acc=0.9920  lr0=1.13e-05 lr1=5.65e-04
08:39:53 INFO   e2 step  8200/8438  loss=0.0424  acc=0.9920  lr0=1.13e-05 lr1=5.63e-04
08:40:29 INFO   e2 step  8250/8438  loss=0.0422  acc=0.9920  lr0=1.12e-05 lr1=5.62e-04
08:41:04 INFO   e2 step  8300/8438  loss=0.0424  acc=0.9920  lr0=1.12e-05 lr1=5.60e-04
08:41:39 INFO   e2 step  8350/8438  loss=0.0424  acc=0.9920  lr0=1.12e-05 lr1=5.58e-04
08:42:15 INFO   e2 step  8400/8438  loss=0.0422  acc=0.9920  lr0=1.11e-05 lr1=5.57e-04
08:46:32 INFO [epoch 2] train_loss=0.0421 train_acc=0.9921  val_loss=0.2975 val_acc=0.9642 val_auc=0.9928  elapsed=6160.8s
08:46:35 INFO   saved best.pt  val_acc=0.9642
08:47:10 INFO   e3 step    50/8438  loss=0.0139  acc=0.9975  lr0=1.11e-05 lr1=5.54e-04
08:47:45 INFO   e3 step   100/8438  loss=0.0254  acc=0.9962  lr0=1.10e-05 lr1=5.52e-04
08:48:20 INFO   e3 step   150/8438  loss=0.0270  acc=0.9958  lr0=1.10e-05 lr1=5.51e-04
08:48:55 INFO   e3 step   200/8438  loss=0.0312  acc=0.9950  lr0=1.10e-05 lr1=5.49e-04
08:49:30 INFO   e3 step   250/8438  loss=0.0284  acc=0.9950  lr0=1.09e-05 lr1=5.47e-04
08:50:05 INFO   e3 step   300/8438  loss=0.0237  acc=0.9958  lr0=1.09e-05 lr1=5.46e-04
08:50:40 INFO   e3 step   350/8438  loss=0.0287  acc=0.9957  lr0=1.09e-05 lr1=5.44e-04
08:51:16 INFO   e3 step   400/8438  loss=0.0251  acc=0.9962  lr0=1.08e-05 lr1=5.42e-04
08:51:51 INFO   e3 step   450/8438  loss=0.0261  acc=0.9961  lr0=1.08e-05 lr1=5.41e-04
08:52:26 INFO   e3 step   500/8438  loss=0.0235  acc=0.9965  lr0=1.08e-05 lr1=5.39e-04
08:53:01 INFO   e3 step   550/8438  loss=0.0214  acc=0.9968  lr0=1.07e-05 lr1=5.37e-04
08:53:37 INFO   e3 step   600/8438  loss=0.0209  acc=0.9969  lr0=1.07e-05 lr1=5.36e-04
08:54:12 INFO   e3 step   650/8438  loss=0.0221  acc=0.9967  lr0=1.07e-05 lr1=5.34e-04
08:54:48 INFO   e3 step   700/8438  loss=0.0223  acc=0.9966  lr0=1.07e-05 lr1=5.33e-04
08:55:23 INFO   e3 step   750/8438  loss=0.0219  acc=0.9967  lr0=1.06e-05 lr1=5.31e-04
08:55:58 INFO   e3 step   800/8438  loss=0.0217  acc=0.9967  lr0=1.06e-05 lr1=5.29e-04
08:56:32 INFO   e3 step   850/8438  loss=0.0205  acc=0.9969  lr0=1.06e-05 lr1=5.28e-04
08:57:07 INFO   e3 step   900/8438  loss=0.0194  acc=0.9971  lr0=1.05e-05 lr1=5.26e-04
08:57:42 INFO   e3 step   950/8438  loss=0.0183  acc=0.9972  lr0=1.05e-05 lr1=5.24e-04
08:58:18 INFO   e3 step  1000/8438  loss=0.0174  acc=0.9974  lr0=1.05e-05 lr1=5.23e-04
08:58:53 INFO   e3 step  1050/8438  loss=0.0187  acc=0.9971  lr0=1.04e-05 lr1=5.21e-04
08:59:28 INFO   e3 step  1100/8438  loss=0.0185  acc=0.9970  lr0=1.04e-05 lr1=5.19e-04
09:00:04 INFO   e3 step  1150/8438  loss=0.0184  acc=0.9970  lr0=1.04e-05 lr1=5.18e-04
09:00:39 INFO   e3 step  1200/8438  loss=0.0192  acc=0.9969  lr0=1.03e-05 lr1=5.16e-04
09:01:15 INFO   e3 step  1250/8438  loss=0.0205  acc=0.9967  lr0=1.03e-05 lr1=5.14e-04
09:01:49 INFO   e3 step  1300/8438  loss=0.0198  acc=0.9968  lr0=1.03e-05 lr1=5.13e-04
09:02:25 INFO   e3 step  1350/8438  loss=0.0191  acc=0.9969  lr0=1.02e-05 lr1=5.11e-04
09:02:59 INFO   e3 step  1400/8438  loss=0.0188  acc=0.9970  lr0=1.02e-05 lr1=5.09e-04
09:03:34 INFO   e3 step  1450/8438  loss=0.0189  acc=0.9970  lr0=1.02e-05 lr1=5.08e-04
09:04:10 INFO   e3 step  1500/8438  loss=0.0188  acc=0.9970  lr0=1.01e-05 lr1=5.06e-04
09:04:45 INFO   e3 step  1550/8438  loss=0.0182  acc=0.9971  lr0=1.01e-05 lr1=5.05e-04
09:05:21 INFO   e3 step  1600/8438  loss=0.0176  acc=0.9972  lr0=1.01e-05 lr1=5.03e-04
09:05:57 INFO   e3 step  1650/8438  loss=0.0176  acc=0.9972  lr0=1.00e-05 lr1=5.01e-04
09:06:31 INFO   e3 step  1700/8438  loss=0.0171  acc=0.9973  lr0=9.99e-06 lr1=5.00e-04
09:07:06 INFO   e3 step  1750/8438  loss=0.0174  acc=0.9973  lr0=9.96e-06 lr1=4.98e-04
09:07:40 INFO   e3 step  1800/8438  loss=0.0169  acc=0.9974  lr0=9.93e-06 lr1=4.96e-04
09:08:16 INFO   e3 step  1850/8438  loss=0.0167  acc=0.9974  lr0=9.89e-06 lr1=4.95e-04
09:08:51 INFO   e3 step  1900/8438  loss=0.0163  acc=0.9974  lr0=9.86e-06 lr1=4.93e-04
09:09:26 INFO   e3 step  1950/8438  loss=0.0159  acc=0.9975  lr0=9.83e-06 lr1=4.91e-04
09:10:02 INFO   e3 step  2000/8438  loss=0.0165  acc=0.9974  lr0=9.79e-06 lr1=4.90e-04
09:10:37 INFO   e3 step  2050/8438  loss=0.0171  acc=0.9973  lr0=9.76e-06 lr1=4.88e-04
09:11:13 INFO   e3 step  2100/8438  loss=0.0173  acc=0.9973  lr0=9.73e-06 lr1=4.86e-04
09:11:49 INFO   e3 step  2150/8438  loss=0.0169  acc=0.9973  lr0=9.70e-06 lr1=4.85e-04
09:12:25 INFO   e3 step  2200/8438  loss=0.0165  acc=0.9974  lr0=9.66e-06 lr1=4.83e-04
09:13:00 INFO   e3 step  2250/8438  loss=0.0175  acc=0.9973  lr0=9.63e-06 lr1=4.81e-04
09:13:35 INFO   e3 step  2300/8438  loss=0.0174  acc=0.9973  lr0=9.60e-06 lr1=4.80e-04
09:14:11 INFO   e3 step  2350/8438  loss=0.0171  acc=0.9973  lr0=9.56e-06 lr1=4.78e-04
09:14:46 INFO   e3 step  2400/8438  loss=0.0176  acc=0.9972  lr0=9.53e-06 lr1=4.77e-04
09:15:21 INFO   e3 step  2450/8438  loss=0.0172  acc=0.9972  lr0=9.50e-06 lr1=4.75e-04
09:15:56 INFO   e3 step  2500/8438  loss=0.0173  acc=0.9972  lr0=9.47e-06 lr1=4.73e-04
09:16:31 INFO   e3 step  2550/8438  loss=0.0169  acc=0.9973  lr0=9.43e-06 lr1=4.72e-04
09:17:06 INFO   e3 step  2600/8438  loss=0.0166  acc=0.9974  lr0=9.40e-06 lr1=4.70e-04
09:17:40 INFO   e3 step  2650/8438  loss=0.0163  acc=0.9974  lr0=9.37e-06 lr1=4.68e-04
09:18:16 INFO   e3 step  2700/8438  loss=0.0163  acc=0.9974  lr0=9.33e-06 lr1=4.67e-04
09:18:52 INFO   e3 step  2750/8438  loss=0.0160  acc=0.9975  lr0=9.30e-06 lr1=4.65e-04
09:19:27 INFO   e3 step  2800/8438  loss=0.0158  acc=0.9975  lr0=9.27e-06 lr1=4.63e-04
09:20:02 INFO   e3 step  2850/8438  loss=0.0161  acc=0.9975  lr0=9.23e-06 lr1=4.62e-04
09:20:37 INFO   e3 step  2900/8438  loss=0.0158  acc=0.9975  lr0=9.20e-06 lr1=4.60e-04
09:21:13 INFO   e3 step  2950/8438  loss=0.0156  acc=0.9975  lr0=9.17e-06 lr1=4.58e-04
09:21:47 INFO   e3 step  3000/8438  loss=0.0160  acc=0.9975  lr0=9.14e-06 lr1=4.57e-04
09:22:22 INFO   e3 step  3050/8438  loss=0.0161  acc=0.9975  lr0=9.10e-06 lr1=4.55e-04
09:22:57 INFO   e3 step  3100/8438  loss=0.0162  acc=0.9975  lr0=9.07e-06 lr1=4.54e-04
09:23:32 INFO   e3 step  3150/8438  loss=0.0160  acc=0.9975  lr0=9.04e-06 lr1=4.52e-04
09:24:07 INFO   e3 step  3200/8438  loss=0.0160  acc=0.9974  lr0=9.00e-06 lr1=4.50e-04
09:24:43 INFO   e3 step  3250/8438  loss=0.0161  acc=0.9974  lr0=8.97e-06 lr1=4.49e-04
09:25:18 INFO   e3 step  3300/8438  loss=0.0159  acc=0.9974  lr0=8.94e-06 lr1=4.47e-04
09:25:53 INFO   e3 step  3350/8438  loss=0.0156  acc=0.9975  lr0=8.91e-06 lr1=4.45e-04
09:26:28 INFO   e3 step  3400/8438  loss=0.0154  acc=0.9975  lr0=8.87e-06 lr1=4.44e-04
09:27:03 INFO   e3 step  3450/8438  loss=0.0154  acc=0.9975  lr0=8.84e-06 lr1=4.42e-04
09:27:38 INFO   e3 step  3500/8438  loss=0.0157  acc=0.9974  lr0=8.81e-06 lr1=4.40e-04
09:28:13 INFO   e3 step  3550/8438  loss=0.0156  acc=0.9974  lr0=8.77e-06 lr1=4.39e-04
09:28:48 INFO   e3 step  3600/8438  loss=0.0162  acc=0.9974  lr0=8.74e-06 lr1=4.37e-04
09:29:24 INFO   e3 step  3650/8438  loss=0.0164  acc=0.9974  lr0=8.71e-06 lr1=4.35e-04
09:29:58 INFO   e3 step  3700/8438  loss=0.0162  acc=0.9974  lr0=8.67e-06 lr1=4.34e-04
09:30:33 INFO   e3 step  3750/8438  loss=0.0162  acc=0.9974  lr0=8.64e-06 lr1=4.32e-04
09:31:09 INFO   e3 step  3800/8438  loss=0.0159  acc=0.9974  lr0=8.61e-06 lr1=4.30e-04
09:31:44 INFO   e3 step  3850/8438  loss=0.0164  acc=0.9973  lr0=8.58e-06 lr1=4.29e-04
09:32:19 INFO   e3 step  3900/8438  loss=0.0167  acc=0.9973  lr0=8.54e-06 lr1=4.27e-04
09:32:53 INFO   e3 step  3950/8438  loss=0.0165  acc=0.9973  lr0=8.51e-06 lr1=4.26e-04
09:33:28 INFO   e3 step  4000/8438  loss=0.0163  acc=0.9974  lr0=8.48e-06 lr1=4.24e-04
09:34:04 INFO   e3 step  4050/8438  loss=0.0163  acc=0.9974  lr0=8.44e-06 lr1=4.22e-04
09:34:39 INFO   e3 step  4100/8438  loss=0.0161  acc=0.9974  lr0=8.41e-06 lr1=4.21e-04
09:35:14 INFO   e3 step  4150/8438  loss=0.0159  acc=0.9974  lr0=8.38e-06 lr1=4.19e-04
09:35:49 INFO   e3 step  4200/8438  loss=0.0161  acc=0.9974  lr0=8.35e-06 lr1=4.17e-04
09:36:24 INFO   e3 step  4250/8438  loss=0.0163  acc=0.9974  lr0=8.31e-06 lr1=4.16e-04
09:36:59 INFO   e3 step  4300/8438  loss=0.0164  acc=0.9974  lr0=8.28e-06 lr1=4.14e-04
09:37:33 INFO   e3 step  4350/8438  loss=0.0162  acc=0.9974  lr0=8.25e-06 lr1=4.12e-04
09:38:08 INFO   e3 step  4400/8438  loss=0.0163  acc=0.9974  lr0=8.21e-06 lr1=4.11e-04
09:38:42 INFO   e3 step  4450/8438  loss=0.0163  acc=0.9974  lr0=8.18e-06 lr1=4.09e-04
09:39:17 INFO   e3 step  4500/8438  loss=0.0162  acc=0.9974  lr0=8.15e-06 lr1=4.07e-04
09:39:53 INFO   e3 step  4550/8438  loss=0.0161  acc=0.9974  lr0=8.12e-06 lr1=4.06e-04
09:40:28 INFO   e3 step  4600/8438  loss=0.0161  acc=0.9974  lr0=8.08e-06 lr1=4.04e-04
09:41:03 INFO   e3 step  4650/8438  loss=0.0160  acc=0.9974  lr0=8.05e-06 lr1=4.02e-04
09:41:37 INFO   e3 step  4700/8438  loss=0.0159  acc=0.9974  lr0=8.02e-06 lr1=4.01e-04
09:42:13 INFO   e3 step  4750/8438  loss=0.0159  acc=0.9974  lr0=7.98e-06 lr1=3.99e-04
09:42:48 INFO   e3 step  4800/8438  loss=0.0157  acc=0.9974  lr0=7.95e-06 lr1=3.98e-04
09:43:23 INFO   e3 step  4850/8438  loss=0.0156  acc=0.9975  lr0=7.92e-06 lr1=3.96e-04
09:43:58 INFO   e3 step  4900/8438  loss=0.0154  acc=0.9975  lr0=7.88e-06 lr1=3.94e-04
09:44:33 INFO   e3 step  4950/8438  loss=0.0153  acc=0.9975  lr0=7.85e-06 lr1=3.93e-04
09:45:08 INFO   e3 step  5000/8438  loss=0.0151  acc=0.9975  lr0=7.82e-06 lr1=3.91e-04
09:45:43 INFO   e3 step  5050/8438  loss=0.0153  acc=0.9975  lr0=7.79e-06 lr1=3.89e-04
09:46:18 INFO   e3 step  5100/8438  loss=0.0152  acc=0.9975  lr0=7.75e-06 lr1=3.88e-04
09:46:53 INFO   e3 step  5150/8438  loss=0.0150  acc=0.9975  lr0=7.72e-06 lr1=3.86e-04
09:47:28 INFO   e3 step  5200/8438  loss=0.0151  acc=0.9975  lr0=7.69e-06 lr1=3.84e-04
09:48:04 INFO   e3 step  5250/8438  loss=0.0150  acc=0.9976  lr0=7.65e-06 lr1=3.83e-04
09:48:38 INFO   e3 step  5300/8438  loss=0.0149  acc=0.9976  lr0=7.62e-06 lr1=3.81e-04
09:49:13 INFO   e3 step  5350/8438  loss=0.0147  acc=0.9976  lr0=7.59e-06 lr1=3.79e-04
09:49:48 INFO   e3 step  5400/8438  loss=0.0146  acc=0.9976  lr0=7.56e-06 lr1=3.78e-04
09:50:23 INFO   e3 step  5450/8438  loss=0.0145  acc=0.9976  lr0=7.52e-06 lr1=3.76e-04
09:50:58 INFO   e3 step  5500/8438  loss=0.0143  acc=0.9977  lr0=7.49e-06 lr1=3.74e-04
09:51:33 INFO   e3 step  5550/8438  loss=0.0144  acc=0.9977  lr0=7.46e-06 lr1=3.73e-04
09:52:08 INFO   e3 step  5600/8438  loss=0.0146  acc=0.9976  lr0=7.42e-06 lr1=3.71e-04
09:52:44 INFO   e3 step  5650/8438  loss=0.0149  acc=0.9976  lr0=7.39e-06 lr1=3.70e-04
09:53:18 INFO   e3 step  5700/8438  loss=0.0147  acc=0.9976  lr0=7.36e-06 lr1=3.68e-04
09:53:53 INFO   e3 step  5750/8438  loss=0.0146  acc=0.9977  lr0=7.33e-06 lr1=3.66e-04
09:54:27 INFO   e3 step  5800/8438  loss=0.0145  acc=0.9977  lr0=7.29e-06 lr1=3.65e-04
09:55:02 INFO   e3 step  5850/8438  loss=0.0144  acc=0.9977  lr0=7.26e-06 lr1=3.63e-04
09:55:37 INFO   e3 step  5900/8438  loss=0.0142  acc=0.9977  lr0=7.23e-06 lr1=3.61e-04
09:56:12 INFO   e3 step  5950/8438  loss=0.0141  acc=0.9977  lr0=7.19e-06 lr1=3.60e-04
09:56:47 INFO   e3 step  6000/8438  loss=0.0140  acc=0.9978  lr0=7.16e-06 lr1=3.58e-04
09:57:21 INFO   e3 step  6050/8438  loss=0.0139  acc=0.9978  lr0=7.13e-06 lr1=3.56e-04
09:57:56 INFO   e3 step  6100/8438  loss=0.0138  acc=0.9978  lr0=7.09e-06 lr1=3.55e-04
09:58:32 INFO   e3 step  6150/8438  loss=0.0137  acc=0.9978  lr0=7.06e-06 lr1=3.53e-04
09:59:07 INFO   e3 step  6200/8438  loss=0.0136  acc=0.9978  lr0=7.03e-06 lr1=3.51e-04
09:59:42 INFO   e3 step  6250/8438  loss=0.0134  acc=0.9978  lr0=7.00e-06 lr1=3.50e-04
10:00:17 INFO   e3 step  6300/8438  loss=0.0135  acc=0.9978  lr0=6.96e-06 lr1=3.48e-04
10:00:52 INFO   e3 step  6350/8438  loss=0.0137  acc=0.9978  lr0=6.93e-06 lr1=3.47e-04
10:01:27 INFO   e3 step  6400/8438  loss=0.0138  acc=0.9978  lr0=6.90e-06 lr1=3.45e-04
10:02:01 INFO   e3 step  6450/8438  loss=0.0137  acc=0.9978  lr0=6.86e-06 lr1=3.43e-04
10:02:37 INFO   e3 step  6500/8438  loss=0.0138  acc=0.9978  lr0=6.83e-06 lr1=3.42e-04
10:03:13 INFO   e3 step  6550/8438  loss=0.0137  acc=0.9978  lr0=6.80e-06 lr1=3.40e-04
10:03:48 INFO   e3 step  6600/8438  loss=0.0138  acc=0.9978  lr0=6.77e-06 lr1=3.38e-04
10:04:24 INFO   e3 step  6650/8438  loss=0.0137  acc=0.9978  lr0=6.73e-06 lr1=3.37e-04
10:04:59 INFO   e3 step  6700/8438  loss=0.0138  acc=0.9978  lr0=6.70e-06 lr1=3.35e-04
10:05:34 INFO   e3 step  6750/8438  loss=0.0137  acc=0.9978  lr0=6.67e-06 lr1=3.33e-04
10:06:09 INFO   e3 step  6800/8438  loss=0.0136  acc=0.9978  lr0=6.63e-06 lr1=3.32e-04
10:06:45 INFO   e3 step  6850/8438  loss=0.0135  acc=0.9978  lr0=6.60e-06 lr1=3.30e-04
10:07:20 INFO   e3 step  6900/8438  loss=0.0136  acc=0.9978  lr0=6.57e-06 lr1=3.28e-04
10:07:55 INFO   e3 step  6950/8438  loss=0.0136  acc=0.9978  lr0=6.54e-06 lr1=3.27e-04
10:08:30 INFO   e3 step  7000/8438  loss=0.0135  acc=0.9979  lr0=6.50e-06 lr1=3.25e-04
10:09:04 INFO   e3 step  7050/8438  loss=0.0134  acc=0.9979  lr0=6.47e-06 lr1=3.23e-04
10:09:39 INFO   e3 step  7100/8438  loss=0.0133  acc=0.9979  lr0=6.44e-06 lr1=3.22e-04
10:10:13 INFO   e3 step  7150/8438  loss=0.0133  acc=0.9979  lr0=6.40e-06 lr1=3.20e-04
10:10:47 INFO   e3 step  7200/8438  loss=0.0132  acc=0.9979  lr0=6.37e-06 lr1=3.19e-04
10:11:22 INFO   e3 step  7250/8438  loss=0.0134  acc=0.9979  lr0=6.34e-06 lr1=3.17e-04
10:11:58 INFO   e3 step  7300/8438  loss=0.0135  acc=0.9978  lr0=6.30e-06 lr1=3.15e-04
10:12:33 INFO   e3 step  7350/8438  loss=0.0136  acc=0.9978  lr0=6.27e-06 lr1=3.14e-04
10:13:09 INFO   e3 step  7400/8438  loss=0.0136  acc=0.9978  lr0=6.24e-06 lr1=3.12e-04
10:13:44 INFO   e3 step  7450/8438  loss=0.0135  acc=0.9978  lr0=6.21e-06 lr1=3.10e-04
10:14:19 INFO   e3 step  7500/8438  loss=0.0137  acc=0.9978  lr0=6.17e-06 lr1=3.09e-04
10:14:54 INFO   e3 step  7550/8438  loss=0.0139  acc=0.9977  lr0=6.14e-06 lr1=3.07e-04
10:15:29 INFO   e3 step  7600/8438  loss=0.0138  acc=0.9978  lr0=6.11e-06 lr1=3.05e-04
10:16:04 INFO   e3 step  7650/8438  loss=0.0140  acc=0.9977  lr0=6.07e-06 lr1=3.04e-04
10:16:40 INFO   e3 step  7700/8438  loss=0.0139  acc=0.9977  lr0=6.04e-06 lr1=3.02e-04
10:17:15 INFO   e3 step  7750/8438  loss=0.0140  acc=0.9977  lr0=6.01e-06 lr1=3.00e-04
10:17:50 INFO   e3 step  7800/8438  loss=0.0139  acc=0.9977  lr0=5.98e-06 lr1=2.99e-04
10:18:25 INFO   e3 step  7850/8438  loss=0.0139  acc=0.9977  lr0=5.94e-06 lr1=2.97e-04
10:19:00 INFO   e3 step  7900/8438  loss=0.0138  acc=0.9978  lr0=5.91e-06 lr1=2.95e-04
10:19:36 INFO   e3 step  7950/8438  loss=0.0138  acc=0.9978  lr0=5.88e-06 lr1=2.94e-04
10:20:11 INFO   e3 step  8000/8438  loss=0.0137  acc=0.9978  lr0=5.84e-06 lr1=2.92e-04
10:20:47 INFO   e3 step  8050/8438  loss=0.0136  acc=0.9978  lr0=5.81e-06 lr1=2.91e-04
10:21:22 INFO   e3 step  8100/8438  loss=0.0136  acc=0.9978  lr0=5.78e-06 lr1=2.89e-04
10:21:57 INFO   e3 step  8150/8438  loss=0.0136  acc=0.9978  lr0=5.75e-06 lr1=2.87e-04
10:22:32 INFO   e3 step  8200/8438  loss=0.0135  acc=0.9978  lr0=5.71e-06 lr1=2.86e-04
10:23:08 INFO   e3 step  8250/8438  loss=0.0134  acc=0.9978  lr0=5.68e-06 lr1=2.84e-04
10:23:43 INFO   e3 step  8300/8438  loss=0.0136  acc=0.9978  lr0=5.65e-06 lr1=2.82e-04
10:24:18 INFO   e3 step  8350/8438  loss=0.0135  acc=0.9978  lr0=5.61e-06 lr1=2.81e-04
10:24:53 INFO   e3 step  8400/8438  loss=0.0134  acc=0.9978  lr0=5.58e-06 lr1=2.79e-04
10:29:11 INFO [epoch 3] train_loss=0.0134 train_acc=0.9978  val_loss=0.2661 val_acc=0.9661 val_auc=0.9953  elapsed=6155.9s
10:29:13 INFO   saved best.pt  val_acc=0.9661
10:29:49 INFO   e4 step    50/8438  loss=0.0173  acc=0.9975  lr0=5.52e-06 lr1=2.76e-04
10:30:24 INFO   e4 step   100/8438  loss=0.0086  acc=0.9988  lr0=5.49e-06 lr1=2.74e-04
10:30:58 INFO   e4 step   150/8438  loss=0.0058  acc=0.9992  lr0=5.46e-06 lr1=2.73e-04
10:31:33 INFO   e4 step   200/8438  loss=0.0043  acc=0.9994  lr0=5.42e-06 lr1=2.71e-04
10:32:09 INFO   e4 step   250/8438  loss=0.0083  acc=0.9990  lr0=5.39e-06 lr1=2.70e-04
10:32:43 INFO   e4 step   300/8438  loss=0.0069  acc=0.9992  lr0=5.36e-06 lr1=2.68e-04
10:33:18 INFO   e4 step   350/8438  loss=0.0059  acc=0.9993  lr0=5.33e-06 lr1=2.66e-04
10:33:54 INFO   e4 step   400/8438  loss=0.0062  acc=0.9991  lr0=5.29e-06 lr1=2.65e-04
10:34:29 INFO   e4 step   450/8438  loss=0.0055  acc=0.9992  lr0=5.26e-06 lr1=2.63e-04
10:35:05 INFO   e4 step   500/8438  loss=0.0055  acc=0.9990  lr0=5.23e-06 lr1=2.61e-04
10:35:39 INFO   e4 step   550/8438  loss=0.0050  acc=0.9991  lr0=5.19e-06 lr1=2.60e-04
10:36:15 INFO   e4 step   600/8438  loss=0.0045  acc=0.9992  lr0=5.16e-06 lr1=2.58e-04
10:36:51 INFO   e4 step   650/8438  loss=0.0042  acc=0.9992  lr0=5.13e-06 lr1=2.56e-04
10:37:26 INFO   e4 step   700/8438  loss=0.0039  acc=0.9993  lr0=5.09e-06 lr1=2.55e-04
10:38:01 INFO   e4 step   750/8438  loss=0.0040  acc=0.9992  lr0=5.06e-06 lr1=2.53e-04
10:38:35 INFO   e4 step   800/8438  loss=0.0038  acc=0.9992  lr0=5.03e-06 lr1=2.51e-04
10:39:11 INFO   e4 step   850/8438  loss=0.0036  acc=0.9993  lr0=5.00e-06 lr1=2.50e-04
10:39:47 INFO   e4 step   900/8438  loss=0.0034  acc=0.9993  lr0=4.96e-06 lr1=2.48e-04
10:40:22 INFO   e4 step   950/8438  loss=0.0032  acc=0.9993  lr0=4.93e-06 lr1=2.47e-04
10:40:58 INFO   e4 step  1000/8438  loss=0.0030  acc=0.9994  lr0=4.90e-06 lr1=2.45e-04
10:41:33 INFO   e4 step  1050/8438  loss=0.0043  acc=0.9993  lr0=4.86e-06 lr1=2.43e-04
10:42:08 INFO   e4 step  1100/8438  loss=0.0041  acc=0.9993  lr0=4.83e-06 lr1=2.42e-04
10:42:43 INFO   e4 step  1150/8438  loss=0.0047  acc=0.9992  lr0=4.80e-06 lr1=2.40e-04
10:43:19 INFO   e4 step  1200/8438  loss=0.0045  acc=0.9993  lr0=4.77e-06 lr1=2.38e-04
10:43:53 INFO   e4 step  1250/8438  loss=0.0055  acc=0.9992  lr0=4.73e-06 lr1=2.37e-04
10:44:29 INFO   e4 step  1300/8438  loss=0.0053  acc=0.9992  lr0=4.70e-06 lr1=2.35e-04
10:45:04 INFO   e4 step  1350/8438  loss=0.0051  acc=0.9993  lr0=4.67e-06 lr1=2.33e-04
10:45:39 INFO   e4 step  1400/8438  loss=0.0049  acc=0.9993  lr0=4.63e-06 lr1=2.32e-04
10:46:14 INFO   e4 step  1450/8438  loss=0.0048  acc=0.9993  lr0=4.60e-06 lr1=2.30e-04
10:46:49 INFO   e4 step  1500/8438  loss=0.0046  acc=0.9993  lr0=4.57e-06 lr1=2.28e-04
10:47:25 INFO   e4 step  1550/8438  loss=0.0045  acc=0.9994  lr0=4.54e-06 lr1=2.27e-04
10:48:00 INFO   e4 step  1600/8438  loss=0.0043  acc=0.9994  lr0=4.50e-06 lr1=2.25e-04
10:48:34 INFO   e4 step  1650/8438  loss=0.0042  acc=0.9994  lr0=4.47e-06 lr1=2.23e-04
10:49:09 INFO   e4 step  1700/8438  loss=0.0041  acc=0.9994  lr0=4.44e-06 lr1=2.22e-04
10:49:45 INFO   e4 step  1750/8438  loss=0.0040  acc=0.9994  lr0=4.40e-06 lr1=2.20e-04
10:50:21 INFO   e4 step  1800/8438  loss=0.0044  acc=0.9994  lr0=4.37e-06 lr1=2.19e-04
10:50:56 INFO   e4 step  1850/8438  loss=0.0042  acc=0.9994  lr0=4.34e-06 lr1=2.17e-04
10:51:31 INFO   e4 step  1900/8438  loss=0.0041  acc=0.9994  lr0=4.30e-06 lr1=2.15e-04
10:52:06 INFO   e4 step  1950/8438  loss=0.0040  acc=0.9994  lr0=4.27e-06 lr1=2.14e-04
10:52:41 INFO   e4 step  2000/8438  loss=0.0039  acc=0.9994  lr0=4.24e-06 lr1=2.12e-04
10:53:17 INFO   e4 step  2050/8438  loss=0.0038  acc=0.9995  lr0=4.21e-06 lr1=2.10e-04
10:53:52 INFO   e4 step  2100/8438  loss=0.0037  acc=0.9995  lr0=4.17e-06 lr1=2.09e-04
10:54:27 INFO   e4 step  2150/8438  loss=0.0040  acc=0.9994  lr0=4.14e-06 lr1=2.07e-04
10:55:02 INFO   e4 step  2200/8438  loss=0.0042  acc=0.9994  lr0=4.11e-06 lr1=2.05e-04
10:55:38 INFO   e4 step  2250/8438  loss=0.0041  acc=0.9994  lr0=4.07e-06 lr1=2.04e-04
10:56:13 INFO   e4 step  2300/8438  loss=0.0040  acc=0.9994  lr0=4.04e-06 lr1=2.02e-04
10:56:48 INFO   e4 step  2350/8438  loss=0.0039  acc=0.9994  lr0=4.01e-06 lr1=2.00e-04
10:57:24 INFO   e4 step  2400/8438  loss=0.0039  acc=0.9994  lr0=3.98e-06 lr1=1.99e-04
10:57:59 INFO   e4 step  2450/8438  loss=0.0038  acc=0.9994  lr0=3.94e-06 lr1=1.97e-04
10:58:34 INFO   e4 step  2500/8438  loss=0.0043  acc=0.9993  lr0=3.91e-06 lr1=1.95e-04
10:59:09 INFO   e4 step  2550/8438  loss=0.0043  acc=0.9994  lr0=3.88e-06 lr1=1.94e-04
10:59:44 INFO   e4 step  2600/8438  loss=0.0042  acc=0.9994  lr0=3.84e-06 lr1=1.92e-04
11:00:19 INFO   e4 step  2650/8438  loss=0.0041  acc=0.9994  lr0=3.81e-06 lr1=1.91e-04
11:00:54 INFO   e4 step  2700/8438  loss=0.0040  acc=0.9994  lr0=3.78e-06 lr1=1.89e-04
11:01:28 INFO   e4 step  2750/8438  loss=0.0040  acc=0.9994  lr0=3.74e-06 lr1=1.87e-04
11:02:03 INFO   e4 step  2800/8438  loss=0.0042  acc=0.9994  lr0=3.71e-06 lr1=1.86e-04
11:02:39 INFO   e4 step  2850/8438  loss=0.0042  acc=0.9994  lr0=3.68e-06 lr1=1.84e-04
11:03:14 INFO   e4 step  2900/8438  loss=0.0041  acc=0.9994  lr0=3.65e-06 lr1=1.82e-04
11:03:50 INFO   e4 step  2950/8438  loss=0.0040  acc=0.9994  lr0=3.61e-06 lr1=1.81e-04
11:04:25 INFO   e4 step  3000/8438  loss=0.0040  acc=0.9994  lr0=3.58e-06 lr1=1.79e-04
11:05:00 INFO   e4 step  3050/8438  loss=0.0041  acc=0.9994  lr0=3.55e-06 lr1=1.77e-04
11:05:36 INFO   e4 step  3100/8438  loss=0.0041  acc=0.9994  lr0=3.51e-06 lr1=1.76e-04
11:06:11 INFO   e4 step  3150/8438  loss=0.0040  acc=0.9994  lr0=3.48e-06 lr1=1.74e-04
11:06:45 INFO   e4 step  3200/8438  loss=0.0040  acc=0.9994  lr0=3.45e-06 lr1=1.72e-04
11:07:20 INFO   e4 step  3250/8438  loss=0.0039  acc=0.9994  lr0=3.42e-06 lr1=1.71e-04
11:07:56 INFO   e4 step  3300/8438  loss=0.0038  acc=0.9994  lr0=3.38e-06 lr1=1.69e-04
11:08:31 INFO   e4 step  3350/8438  loss=0.0038  acc=0.9994  lr0=3.35e-06 lr1=1.67e-04
11:09:06 INFO   e4 step  3400/8438  loss=0.0037  acc=0.9994  lr0=3.32e-06 lr1=1.66e-04
11:09:41 INFO   e4 step  3450/8438  loss=0.0037  acc=0.9995  lr0=3.28e-06 lr1=1.64e-04
11:10:16 INFO   e4 step  3500/8438  loss=0.0036  acc=0.9995  lr0=3.25e-06 lr1=1.63e-04
11:10:51 INFO   e4 step  3550/8438  loss=0.0036  acc=0.9995  lr0=3.22e-06 lr1=1.61e-04
11:11:27 INFO   e4 step  3600/8438  loss=0.0035  acc=0.9995  lr0=3.19e-06 lr1=1.59e-04
11:12:02 INFO   e4 step  3650/8438  loss=0.0038  acc=0.9995  lr0=3.15e-06 lr1=1.58e-04
11:12:38 INFO   e4 step  3700/8438  loss=0.0038  acc=0.9995  lr0=3.12e-06 lr1=1.56e-04
11:13:13 INFO   e4 step  3750/8438  loss=0.0040  acc=0.9994  lr0=3.09e-06 lr1=1.54e-04
11:13:48 INFO   e4 step  3800/8438  loss=0.0039  acc=0.9994  lr0=3.05e-06 lr1=1.53e-04
11:14:24 INFO   e4 step  3850/8438  loss=0.0039  acc=0.9994  lr0=3.02e-06 lr1=1.51e-04
11:14:59 INFO   e4 step  3900/8438  loss=0.0040  acc=0.9994  lr0=2.99e-06 lr1=1.49e-04
11:15:34 INFO   e4 step  3950/8438  loss=0.0041  acc=0.9994  lr0=2.95e-06 lr1=1.48e-04
11:16:09 INFO   e4 step  4000/8438  loss=0.0041  acc=0.9994  lr0=2.92e-06 lr1=1.46e-04
11:16:44 INFO   e4 step  4050/8438  loss=0.0041  acc=0.9994  lr0=2.89e-06 lr1=1.44e-04
11:17:20 INFO   e4 step  4100/8438  loss=0.0040  acc=0.9994  lr0=2.86e-06 lr1=1.43e-04
11:17:54 INFO   e4 step  4150/8438  loss=0.0040  acc=0.9994  lr0=2.82e-06 lr1=1.41e-04
11:18:29 INFO   e4 step  4200/8438  loss=0.0039  acc=0.9994  lr0=2.79e-06 lr1=1.40e-04
11:19:04 INFO   e4 step  4250/8438  loss=0.0039  acc=0.9994  lr0=2.76e-06 lr1=1.38e-04
11:19:38 INFO   e4 step  4300/8438  loss=0.0039  acc=0.9994  lr0=2.72e-06 lr1=1.36e-04
11:20:13 INFO   e4 step  4350/8438  loss=0.0038  acc=0.9994  lr0=2.69e-06 lr1=1.35e-04
11:20:49 INFO   e4 step  4400/8438  loss=0.0038  acc=0.9994  lr0=2.66e-06 lr1=1.33e-04
11:21:23 INFO   e4 step  4450/8438  loss=0.0037  acc=0.9994  lr0=2.63e-06 lr1=1.31e-04
11:21:58 INFO   e4 step  4500/8438  loss=0.0037  acc=0.9994  lr0=2.59e-06 lr1=1.30e-04
11:22:34 INFO   e4 step  4550/8438  loss=0.0036  acc=0.9995  lr0=2.56e-06 lr1=1.28e-04
11:23:09 INFO   e4 step  4600/8438  loss=0.0036  acc=0.9995  lr0=2.53e-06 lr1=1.26e-04
11:23:44 INFO   e4 step  4650/8438  loss=0.0037  acc=0.9994  lr0=2.49e-06 lr1=1.25e-04
11:24:18 INFO   e4 step  4700/8438  loss=0.0038  acc=0.9994  lr0=2.46e-06 lr1=1.23e-04
11:24:53 INFO   e4 step  4750/8438  loss=0.0038  acc=0.9994  lr0=2.43e-06 lr1=1.21e-04
11:25:28 INFO   e4 step  4800/8438  loss=0.0038  acc=0.9994  lr0=2.40e-06 lr1=1.20e-04
11:26:04 INFO   e4 step  4850/8438  loss=0.0037  acc=0.9994  lr0=2.36e-06 lr1=1.18e-04
11:26:38 INFO   e4 step  4900/8438  loss=0.0037  acc=0.9994  lr0=2.33e-06 lr1=1.16e-04
11:27:14 INFO   e4 step  4950/8438  loss=0.0036  acc=0.9994  lr0=2.30e-06 lr1=1.15e-04
11:27:49 INFO   e4 step  5000/8438  loss=0.0036  acc=0.9994  lr0=2.26e-06 lr1=1.13e-04
11:28:24 INFO   e4 step  5050/8438  loss=0.0037  acc=0.9994  lr0=2.23e-06 lr1=1.12e-04
11:28:59 INFO   e4 step  5100/8438  loss=0.0037  acc=0.9994  lr0=2.20e-06 lr1=1.10e-04
11:29:35 INFO   e4 step  5150/8438  loss=0.0037  acc=0.9994  lr0=2.16e-06 lr1=1.08e-04
11:30:10 INFO   e4 step  5200/8438  loss=0.0036  acc=0.9994  lr0=2.13e-06 lr1=1.07e-04
11:30:45 INFO   e4 step  5250/8438  loss=0.0036  acc=0.9995  lr0=2.10e-06 lr1=1.05e-04
11:31:21 INFO   e4 step  5300/8438  loss=0.0036  acc=0.9995  lr0=2.07e-06 lr1=1.03e-04
11:31:55 INFO   e4 step  5350/8438  loss=0.0035  acc=0.9995  lr0=2.03e-06 lr1=1.02e-04
11:32:31 INFO   e4 step  5400/8438  loss=0.0036  acc=0.9994  lr0=2.00e-06 lr1=1.00e-04
11:33:05 INFO   e4 step  5450/8438  loss=0.0036  acc=0.9994  lr0=1.97e-06 lr1=9.84e-05
11:33:40 INFO   e4 step  5500/8438  loss=0.0035  acc=0.9995  lr0=1.93e-06 lr1=9.67e-05
11:34:15 INFO   e4 step  5550/8438  loss=0.0035  acc=0.9995  lr0=1.90e-06 lr1=9.51e-05
11:34:50 INFO   e4 step  5600/8438  loss=0.0035  acc=0.9995  lr0=1.87e-06 lr1=9.34e-05
11:35:25 INFO   e4 step  5650/8438  loss=0.0034  acc=0.9995  lr0=1.84e-06 lr1=9.18e-05
11:36:00 INFO   e4 step  5700/8438  loss=0.0034  acc=0.9995  lr0=1.80e-06 lr1=9.01e-05
11:36:35 INFO   e4 step  5750/8438  loss=0.0034  acc=0.9995  lr0=1.77e-06 lr1=8.85e-05
11:37:10 INFO   e4 step  5800/8438  loss=0.0034  acc=0.9995  lr0=1.74e-06 lr1=8.68e-05
11:37:46 INFO   e4 step  5850/8438  loss=0.0033  acc=0.9995  lr0=1.70e-06 lr1=8.52e-05
11:38:21 INFO   e4 step  5900/8438  loss=0.0033  acc=0.9995  lr0=1.67e-06 lr1=8.36e-05
11:38:57 INFO   e4 step  5950/8438  loss=0.0033  acc=0.9995  lr0=1.64e-06 lr1=8.19e-05
11:39:32 INFO   e4 step  6000/8438  loss=0.0032  acc=0.9995  lr0=1.61e-06 lr1=8.03e-05
11:40:07 INFO   e4 step  6050/8438  loss=0.0032  acc=0.9995  lr0=1.57e-06 lr1=7.86e-05
11:40:42 INFO   e4 step  6100/8438  loss=0.0032  acc=0.9995  lr0=1.54e-06 lr1=7.70e-05
11:41:17 INFO   e4 step  6150/8438  loss=0.0032  acc=0.9995  lr0=1.51e-06 lr1=7.53e-05
11:41:51 INFO   e4 step  6200/8438  loss=0.0031  acc=0.9995  lr0=1.47e-06 lr1=7.37e-05
11:42:26 INFO   e4 step  6250/8438  loss=0.0031  acc=0.9995  lr0=1.44e-06 lr1=7.20e-05
11:43:01 INFO   e4 step  6300/8438  loss=0.0031  acc=0.9995  lr0=1.41e-06 lr1=7.04e-05
11:43:37 INFO   e4 step  6350/8438  loss=0.0031  acc=0.9995  lr0=1.37e-06 lr1=6.87e-05
11:44:11 INFO   e4 step  6400/8438  loss=0.0033  acc=0.9995  lr0=1.34e-06 lr1=6.71e-05
11:44:46 INFO   e4 step  6450/8438  loss=0.0033  acc=0.9995  lr0=1.31e-06 lr1=6.54e-05
11:45:22 INFO   e4 step  6500/8438  loss=0.0033  acc=0.9995  lr0=1.28e-06 lr1=6.38e-05
11:45:57 INFO   e4 step  6550/8438  loss=0.0033  acc=0.9995  lr0=1.24e-06 lr1=6.22e-05
11:46:32 INFO   e4 step  6600/8438  loss=0.0032  acc=0.9995  lr0=1.21e-06 lr1=6.05e-05
11:47:06 INFO   e4 step  6650/8438  loss=0.0032  acc=0.9995  lr0=1.18e-06 lr1=5.89e-05
11:47:42 INFO   e4 step  6700/8438  loss=0.0032  acc=0.9995  lr0=1.14e-06 lr1=5.72e-05
11:48:17 INFO   e4 step  6750/8438  loss=0.0032  acc=0.9995  lr0=1.11e-06 lr1=5.56e-05
11:48:52 INFO   e4 step  6800/8438  loss=0.0031  acc=0.9995  lr0=1.08e-06 lr1=5.39e-05
11:49:28 INFO   e4 step  6850/8438  loss=0.0031  acc=0.9995  lr0=1.05e-06 lr1=5.23e-05
11:50:03 INFO   e4 step  6900/8438  loss=0.0031  acc=0.9995  lr0=1.01e-06 lr1=5.06e-05
11:50:39 INFO   e4 step  6950/8438  loss=0.0031  acc=0.9995  lr0=9.80e-07 lr1=4.90e-05
11:51:14 INFO   e4 step  7000/8438  loss=0.0030  acc=0.9995  lr0=9.47e-07 lr1=4.73e-05
11:51:50 INFO   e4 step  7050/8438  loss=0.0030  acc=0.9995  lr0=9.14e-07 lr1=4.57e-05
11:52:25 INFO   e4 step  7100/8438  loss=0.0031  acc=0.9995  lr0=8.81e-07 lr1=4.40e-05
11:52:59 INFO   e4 step  7150/8438  loss=0.0031  acc=0.9995  lr0=8.48e-07 lr1=4.24e-05
11:53:35 INFO   e4 step  7200/8438  loss=0.0031  acc=0.9995  lr0=8.15e-07 lr1=4.08e-05
11:54:11 INFO   e4 step  7250/8438  loss=0.0031  acc=0.9995  lr0=7.82e-07 lr1=3.91e-05
11:54:46 INFO   e4 step  7300/8438  loss=0.0031  acc=0.9995  lr0=7.49e-07 lr1=3.75e-05
11:55:21 INFO   e4 step  7350/8438  loss=0.0030  acc=0.9995  lr0=7.16e-07 lr1=3.58e-05
11:55:55 INFO   e4 step  7400/8438  loss=0.0030  acc=0.9995  lr0=6.83e-07 lr1=3.42e-05
11:56:29 INFO   e4 step  7450/8438  loss=0.0030  acc=0.9995  lr0=6.50e-07 lr1=3.25e-05
11:57:05 INFO   e4 step  7500/8438  loss=0.0030  acc=0.9995  lr0=6.18e-07 lr1=3.09e-05
11:57:39 INFO   e4 step  7550/8438  loss=0.0029  acc=0.9995  lr0=5.85e-07 lr1=2.92e-05
11:58:14 INFO   e4 step  7600/8438  loss=0.0029  acc=0.9995  lr0=5.52e-07 lr1=2.76e-05
11:58:50 INFO   e4 step  7650/8438  loss=0.0029  acc=0.9995  lr0=5.19e-07 lr1=2.59e-05
11:59:25 INFO   e4 step  7700/8438  loss=0.0030  acc=0.9995  lr0=4.86e-07 lr1=2.43e-05
12:00:01 INFO   e4 step  7750/8438  loss=0.0030  acc=0.9995  lr0=4.53e-07 lr1=2.26e-05
12:00:36 INFO   e4 step  7800/8438  loss=0.0030  acc=0.9995  lr0=4.20e-07 lr1=2.10e-05
12:01:11 INFO   e4 step  7850/8438  loss=0.0030  acc=0.9995  lr0=3.87e-07 lr1=1.94e-05
12:01:46 INFO   e4 step  7900/8438  loss=0.0029  acc=0.9995  lr0=3.54e-07 lr1=1.77e-05
12:02:21 INFO   e4 step  7950/8438  loss=0.0029  acc=0.9995  lr0=3.21e-07 lr1=1.61e-05
12:02:57 INFO   e4 step  8000/8438  loss=0.0029  acc=0.9995  lr0=2.88e-07 lr1=1.44e-05
12:03:32 INFO   e4 step  8050/8438  loss=0.0029  acc=0.9995  lr0=2.55e-07 lr1=1.28e-05
12:04:07 INFO   e4 step  8100/8438  loss=0.0029  acc=0.9996  lr0=2.23e-07 lr1=1.11e-05
12:04:42 INFO   e4 step  8150/8438  loss=0.0028  acc=0.9996  lr0=1.90e-07 lr1=9.48e-06
12:05:17 INFO   e4 step  8200/8438  loss=0.0028  acc=0.9996  lr0=1.57e-07 lr1=7.83e-06
12:05:53 INFO   e4 step  8250/8438  loss=0.0029  acc=0.9995  lr0=1.24e-07 lr1=6.19e-06
12:06:28 INFO   e4 step  8300/8438  loss=0.0029  acc=0.9995  lr0=9.09e-08 lr1=4.54e-06
12:07:03 INFO   e4 step  8350/8438  loss=0.0029  acc=0.9996  lr0=5.79e-08 lr1=2.90e-06
12:07:39 INFO   e4 step  8400/8438  loss=0.0029  acc=0.9996  lr0=2.50e-08 lr1=1.25e-06
12:11:58 INFO [epoch 4] train_loss=0.0028 train_acc=0.9996  val_loss=0.2771 val_acc=0.9696 val_auc=0.9935  elapsed=6164.2s
12:12:00 INFO   saved best.pt  val_acc=0.9696
12:12:03 INFO loading best.pt for test eval
12:15:54 INFO [test] loss=0.6235  acc=0.9390  auc=0.9808  f1=0.9406
12:15:54 INFO [done] run_summary.json written to /mnt/localssd/crossencoder_sweep/runs/aep_dataset/deberta-v3-large
