06:25:09 INFO run_dir=/mnt/localssd/crossencoder_sweep/runs/aep_dataset/bge-base-en-v1.5
06:25:09 INFO device=cuda:0  bf16=True  physical_gpu=3  CUDA_VISIBLE_DEVICES=3
06:25:09 INFO dataset=aep_dataset  model=bge-base-en-v1.5  backbone=BAAI/bge-base-en-v1.5
06:25:09 INFO tokenizer <- BAAI/bge-base-en-v1.5
Warning: You are sending unauthenticated requests to the HF Hub. Please set a HF_TOKEN to enable higher rate limits and faster downloads.
06:25:10 INFO split files: ['directional_train.jsonl', 'directional_val.jsonl', 'directional_test.jsonl']
06:25:10 INFO scanning max JOINT token length across all splits ...
06:26:42 INFO   observed_max_joint=512 -> max_seq_len=512 (cap=512, scan=92.9s)
06:26:42 INFO loading datasets ...
06:26:43 INFO   schema=standard  train=67500  val=8460  test=8460
06:26:43 INFO building CrossEncoderClassifier  backbone=BAAI/bge-base-en-v1.5
Loading weights:   0%|          | 0/199 [00:00<?, ?it/s]Loading weights: 100%|██████████| 199/199 [00:00<00:00, 6323.47it/s]
06:26:44 INFO   hidden_size=768  trainable_params=109,483,009
06:26:44 INFO   total_steps=4220  warmup_steps=422
06:26:55 INFO   e1 step    50/1055  loss=0.7350  acc=0.4978  lr0=2.37e-06 lr1=1.18e-04
06:27:05 INFO   e1 step   100/1055  loss=0.7258  acc=0.5034  lr0=4.74e-06 lr1=2.37e-04
06:27:15 INFO   e1 step   150/1055  loss=0.7154  acc=0.5173  lr0=7.11e-06 lr1=3.55e-04
06:27:25 INFO   e1 step   200/1055  loss=0.7033  acc=0.5372  lr0=9.48e-06 lr1=4.74e-04
06:27:35 INFO   e1 step   250/1055  loss=0.6836  acc=0.5661  lr0=1.18e-05 lr1=5.92e-04
06:27:45 INFO   e1 step   300/1055  loss=0.6623  acc=0.5925  lr0=1.42e-05 lr1=7.11e-04
06:27:55 INFO   e1 step   350/1055  loss=0.6439  acc=0.6134  lr0=1.66e-05 lr1=8.29e-04
06:28:05 INFO   e1 step   400/1055  loss=0.6247  acc=0.6316  lr0=1.90e-05 lr1=9.48e-04
06:28:15 INFO   e1 step   450/1055  loss=0.6038  acc=0.6490  lr0=1.99e-05 lr1=9.93e-04
06:28:25 INFO   e1 step   500/1055  loss=0.5849  acc=0.6644  lr0=1.96e-05 lr1=9.79e-04
06:28:35 INFO   e1 step   550/1055  loss=0.5662  acc=0.6797  lr0=1.93e-05 lr1=9.66e-04
06:28:45 INFO   e1 step   600/1055  loss=0.5458  acc=0.6947  lr0=1.91e-05 lr1=9.53e-04
06:28:55 INFO   e1 step   650/1055  loss=0.5292  acc=0.7073  lr0=1.88e-05 lr1=9.40e-04
06:29:05 INFO   e1 step   700/1055  loss=0.5138  acc=0.7186  lr0=1.85e-05 lr1=9.27e-04
06:29:15 INFO   e1 step   750/1055  loss=0.4985  acc=0.7293  lr0=1.83e-05 lr1=9.14e-04
06:29:25 INFO   e1 step   800/1055  loss=0.4840  acc=0.7389  lr0=1.80e-05 lr1=9.00e-04
06:29:35 INFO   e1 step   850/1055  loss=0.4715  acc=0.7476  lr0=1.77e-05 lr1=8.87e-04
06:29:45 INFO   e1 step   900/1055  loss=0.4584  acc=0.7563  lr0=1.75e-05 lr1=8.74e-04
06:29:55 INFO   e1 step   950/1055  loss=0.4471  acc=0.7642  lr0=1.72e-05 lr1=8.61e-04
06:30:06 INFO   e1 step  1000/1055  loss=0.4356  acc=0.7716  lr0=1.70e-05 lr1=8.48e-04
06:30:16 INFO   e1 step  1050/1055  loss=0.4246  acc=0.7785  lr0=1.67e-05 lr1=8.35e-04
06:30:24 INFO [epoch 1] train_loss=0.4237 train_acc=0.7791  val_loss=0.2840 val_acc=0.8850 val_auc=0.9581  elapsed=220.1s
06:30:25 INFO   saved best.pt  val_acc=0.8850
06:30:35 INFO   e2 step    50/1055  loss=0.1917  acc=0.9247  lr0=1.64e-05 lr1=8.20e-04
06:30:45 INFO   e2 step   100/1055  loss=0.1811  acc=0.9294  lr0=1.61e-05 lr1=8.07e-04
06:30:55 INFO   e2 step   150/1055  loss=0.1712  acc=0.9336  lr0=1.59e-05 lr1=7.94e-04
06:31:05 INFO   e2 step   200/1055  loss=0.1653  acc=0.9357  lr0=1.56e-05 lr1=7.81e-04
06:31:15 INFO   e2 step   250/1055  loss=0.1645  acc=0.9364  lr0=1.54e-05 lr1=7.68e-04
06:31:25 INFO   e2 step   300/1055  loss=0.1602  acc=0.9389  lr0=1.51e-05 lr1=7.54e-04
06:31:35 INFO   e2 step   350/1055  loss=0.1546  acc=0.9405  lr0=1.48e-05 lr1=7.41e-04
06:31:45 INFO   e2 step   400/1055  loss=0.1532  acc=0.9414  lr0=1.46e-05 lr1=7.28e-04
06:31:55 INFO   e2 step   450/1055  loss=0.1522  acc=0.9416  lr0=1.43e-05 lr1=7.15e-04
06:32:05 INFO   e2 step   500/1055  loss=0.1488  acc=0.9432  lr0=1.40e-05 lr1=7.02e-04
06:32:15 INFO   e2 step   550/1055  loss=0.1446  acc=0.9451  lr0=1.38e-05 lr1=6.89e-04
06:32:25 INFO   e2 step   600/1055  loss=0.1419  acc=0.9459  lr0=1.35e-05 lr1=6.75e-04
06:32:35 INFO   e2 step   650/1055  loss=0.1384  acc=0.9475  lr0=1.32e-05 lr1=6.62e-04
06:32:45 INFO   e2 step   700/1055  loss=0.1368  acc=0.9484  lr0=1.30e-05 lr1=6.49e-04
06:32:55 INFO   e2 step   750/1055  loss=0.1346  acc=0.9493  lr0=1.27e-05 lr1=6.36e-04
06:33:05 INFO   e2 step   800/1055  loss=0.1317  acc=0.9505  lr0=1.25e-05 lr1=6.23e-04
06:33:15 INFO   e2 step   850/1055  loss=0.1293  acc=0.9515  lr0=1.22e-05 lr1=6.10e-04
06:33:25 INFO   e2 step   900/1055  loss=0.1269  acc=0.9524  lr0=1.19e-05 lr1=5.96e-04
06:33:35 INFO   e2 step   950/1055  loss=0.1250  acc=0.9530  lr0=1.17e-05 lr1=5.83e-04
06:33:45 INFO   e2 step  1000/1055  loss=0.1231  acc=0.9539  lr0=1.14e-05 lr1=5.70e-04
06:33:56 INFO   e2 step  1050/1055  loss=0.1212  acc=0.9547  lr0=1.11e-05 lr1=5.57e-04
06:34:04 INFO [epoch 2] train_loss=0.1211 train_acc=0.9547  val_loss=0.2606 val_acc=0.9160 val_auc=0.9734  elapsed=219.6s
06:34:05 INFO   saved best.pt  val_acc=0.9160
06:34:15 INFO   e3 step    50/1055  loss=0.0525  acc=0.9797  lr0=1.08e-05 lr1=5.42e-04
06:34:25 INFO   e3 step   100/1055  loss=0.0525  acc=0.9792  lr0=1.06e-05 lr1=5.29e-04
06:34:35 INFO   e3 step   150/1055  loss=0.0483  acc=0.9820  lr0=1.03e-05 lr1=5.16e-04
06:34:45 INFO   e3 step   200/1055  loss=0.0492  acc=0.9816  lr0=1.01e-05 lr1=5.03e-04
06:34:55 INFO   e3 step   250/1055  loss=0.0483  acc=0.9818  lr0=9.79e-06 lr1=4.90e-04
06:35:05 INFO   e3 step   300/1055  loss=0.0476  acc=0.9823  lr0=9.53e-06 lr1=4.77e-04
06:35:15 INFO   e3 step   350/1055  loss=0.0490  acc=0.9824  lr0=9.27e-06 lr1=4.63e-04
06:35:26 INFO   e3 step   400/1055  loss=0.0504  acc=0.9822  lr0=9.00e-06 lr1=4.50e-04
06:35:36 INFO   e3 step   450/1055  loss=0.0505  acc=0.9823  lr0=8.74e-06 lr1=4.37e-04
06:35:46 INFO   e3 step   500/1055  loss=0.0499  acc=0.9825  lr0=8.48e-06 lr1=4.24e-04
06:35:56 INFO   e3 step   550/1055  loss=0.0500  acc=0.9825  lr0=8.21e-06 lr1=4.11e-04
06:36:06 INFO   e3 step   600/1055  loss=0.0499  acc=0.9828  lr0=7.95e-06 lr1=3.98e-04
06:36:16 INFO   e3 step   650/1055  loss=0.0488  acc=0.9830  lr0=7.69e-06 lr1=3.84e-04
06:36:26 INFO   e3 step   700/1055  loss=0.0485  acc=0.9833  lr0=7.42e-06 lr1=3.71e-04
06:36:36 INFO   e3 step   750/1055  loss=0.0486  acc=0.9834  lr0=7.16e-06 lr1=3.58e-04
06:36:46 INFO   e3 step   800/1055  loss=0.0478  acc=0.9836  lr0=6.90e-06 lr1=3.45e-04
06:36:56 INFO   e3 step   850/1055  loss=0.0476  acc=0.9838  lr0=6.64e-06 lr1=3.32e-04
06:37:06 INFO   e3 step   900/1055  loss=0.0471  acc=0.9839  lr0=6.37e-06 lr1=3.19e-04
06:37:16 INFO   e3 step   950/1055  loss=0.0468  acc=0.9841  lr0=6.11e-06 lr1=3.05e-04
06:37:26 INFO   e3 step  1000/1055  loss=0.0459  acc=0.9844  lr0=5.85e-06 lr1=2.92e-04
06:37:36 INFO   e3 step  1050/1055  loss=0.0455  acc=0.9846  lr0=5.58e-06 lr1=2.79e-04
06:37:45 INFO [epoch 3] train_loss=0.0454 train_acc=0.9846  val_loss=0.3433 val_acc=0.9283 val_auc=0.9718  elapsed=219.8s
06:37:46 INFO   saved best.pt  val_acc=0.9283
06:37:56 INFO   e4 step    50/1055  loss=0.0210  acc=0.9938  lr0=5.29e-06 lr1=2.65e-04
06:38:06 INFO   e4 step   100/1055  loss=0.0190  acc=0.9941  lr0=5.03e-06 lr1=2.51e-04
06:38:16 INFO   e4 step   150/1055  loss=0.0180  acc=0.9946  lr0=4.77e-06 lr1=2.38e-04
06:38:26 INFO   e4 step   200/1055  loss=0.0192  acc=0.9940  lr0=4.50e-06 lr1=2.25e-04
06:38:36 INFO   e4 step   250/1055  loss=0.0188  acc=0.9941  lr0=4.24e-06 lr1=2.12e-04
06:38:46 INFO   e4 step   300/1055  loss=0.0193  acc=0.9941  lr0=3.98e-06 lr1=1.99e-04
06:38:56 INFO   e4 step   350/1055  loss=0.0192  acc=0.9940  lr0=3.71e-06 lr1=1.86e-04
06:39:06 INFO   e4 step   400/1055  loss=0.0185  acc=0.9942  lr0=3.45e-06 lr1=1.72e-04
06:39:16 INFO   e4 step   450/1055  loss=0.0176  acc=0.9946  lr0=3.19e-06 lr1=1.59e-04
06:39:26 INFO   e4 step   500/1055  loss=0.0165  acc=0.9948  lr0=2.92e-06 lr1=1.46e-04
06:39:36 INFO   e4 step   550/1055  loss=0.0168  acc=0.9949  lr0=2.66e-06 lr1=1.33e-04
06:39:46 INFO   e4 step   600/1055  loss=0.0163  acc=0.9949  lr0=2.40e-06 lr1=1.20e-04
06:39:56 INFO   e4 step   650/1055  loss=0.0165  acc=0.9949  lr0=2.13e-06 lr1=1.07e-04
06:40:06 INFO   e4 step   700/1055  loss=0.0163  acc=0.9950  lr0=1.87e-06 lr1=9.35e-05
06:40:16 INFO   e4 step   750/1055  loss=0.0163  acc=0.9950  lr0=1.61e-06 lr1=8.03e-05
06:40:26 INFO   e4 step   800/1055  loss=0.0159  acc=0.9951  lr0=1.34e-06 lr1=6.71e-05
06:40:36 INFO   e4 step   850/1055  loss=0.0159  acc=0.9951  lr0=1.08e-06 lr1=5.40e-05
06:40:46 INFO   e4 step   900/1055  loss=0.0155  acc=0.9952  lr0=8.16e-07 lr1=4.08e-05
06:40:56 INFO   e4 step   950/1055  loss=0.0154  acc=0.9952  lr0=5.53e-07 lr1=2.76e-05
06:41:06 INFO   e4 step  1000/1055  loss=0.0153  acc=0.9952  lr0=2.90e-07 lr1=1.45e-05
06:41:16 INFO   e4 step  1050/1055  loss=0.0152  acc=0.9951  lr0=2.63e-08 lr1=1.32e-06
06:41:25 INFO [epoch 4] train_loss=0.0153 train_acc=0.9951  val_loss=0.4151 val_acc=0.9310 val_auc=0.9703  elapsed=219.7s
06:41:26 INFO   saved best.pt  val_acc=0.9310
06:41:26 INFO loading best.pt for test eval
06:41:35 INFO [test] loss=0.7724  acc=0.8963  auc=0.9396  f1=0.8997
06:41:35 INFO [done] run_summary.json written to /mnt/localssd/crossencoder_sweep/runs/aep_dataset/bge-base-en-v1.5
