00:39:40 INFO run_dir=runs/classifier/new_ajo_workflows_best
00:39:40 INFO device=cuda  bf16=True
00:39:40 INFO tokenizer <- BAAI/bge-small-en-v1.5
00:39:40 INFO max_seq_len=524 exceeds model cap 512; clamping to 512
00:39:40 INFO max_seq_len=512 (user-provided)
00:39:40 INFO loading datasets
00:39:40 INFO   train=21846  val=2470  test=2616
00:39:40 INFO building DirectionalClassifier on BAAI/bge-small-en-v1.5  head_cfg={'head_type': 'mlp', 'hidden_dims': [512, 128], 'dropout': 0.1, 'activation': 'gelu', 'norm': 'layer'}  n_tiers=0
00:39:42 INFO   hidden_size=384  trainable_params=67,577,089
00:39:42 INFO   total_steps=6830  warmup_steps=683
00:39:47 INFO   e1 step    50/683  loss=0.8742  acc=0.4738  lr0=1.46e-06 lr1=7.32e-05
00:39:51 INFO   e1 step   100/683  loss=0.8236  acc=0.4950  lr0=2.93e-06 lr1=1.46e-04
00:39:55 INFO   e1 step   150/683  loss=0.7927  acc=0.5048  lr0=4.39e-06 lr1=2.20e-04
00:39:59 INFO   e1 step   200/683  loss=0.7750  acc=0.5088  lr0=5.86e-06 lr1=2.93e-04
00:40:03 INFO   e1 step   250/683  loss=0.7589  acc=0.5131  lr0=7.32e-06 lr1=3.66e-04
00:40:07 INFO   e1 step   300/683  loss=0.7466  acc=0.5184  lr0=8.78e-06 lr1=4.39e-04
00:40:11 INFO   e1 step   350/683  loss=0.7377  acc=0.5229  lr0=1.02e-05 lr1=5.12e-04
00:40:15 INFO   e1 step   400/683  loss=0.7314  acc=0.5218  lr0=1.17e-05 lr1=5.86e-04
00:40:19 INFO   e1 step   450/683  loss=0.7265  acc=0.5226  lr0=1.32e-05 lr1=6.59e-04
00:40:23 INFO   e1 step   500/683  loss=0.7219  acc=0.5226  lr0=1.46e-05 lr1=7.32e-04
00:40:27 INFO   e1 step   550/683  loss=0.7172  acc=0.5258  lr0=1.61e-05 lr1=8.05e-04
00:40:31 INFO   e1 step   600/683  loss=0.7133  acc=0.5281  lr0=1.76e-05 lr1=8.78e-04
00:40:36 INFO   e1 step   650/683  loss=0.7097  acc=0.5303  lr0=1.90e-05 lr1=9.52e-04
00:40:40 INFO [epoch 1] train_loss=0.7077 train_acc=0.5318  val_loss=0.6609 val_acc=0.5591 val_auc=0.6122  elapsed=58.4s
00:40:40 INFO   saved best.pt  val_acc=0.5591
00:40:44 INFO   e2 step    50/683  loss=0.6653  acc=0.5781  lr0=1.98e-05 lr1=9.92e-04
00:40:48 INFO   e2 step   100/683  loss=0.6601  acc=0.5800  lr0=1.97e-05 lr1=9.84e-04
00:40:52 INFO   e2 step   150/683  loss=0.6604  acc=0.5702  lr0=1.95e-05 lr1=9.76e-04
00:40:56 INFO   e2 step   200/683  loss=0.6582  acc=0.5706  lr0=1.93e-05 lr1=9.67e-04
00:41:00 INFO   e2 step   250/683  loss=0.6595  acc=0.5695  lr0=1.92e-05 lr1=9.59e-04
00:41:03 INFO   e2 step   300/683  loss=0.6580  acc=0.5701  lr0=1.90e-05 lr1=9.51e-04
00:41:07 INFO   e2 step   350/683  loss=0.6570  acc=0.5704  lr0=1.89e-05 lr1=9.43e-04
00:41:11 INFO   e2 step   400/683  loss=0.6549  acc=0.5734  lr0=1.87e-05 lr1=9.35e-04
00:41:15 INFO   e2 step   450/683  loss=0.6543  acc=0.5758  lr0=1.85e-05 lr1=9.27e-04
00:41:19 INFO   e2 step   500/683  loss=0.6541  acc=0.5771  lr0=1.84e-05 lr1=9.19e-04
00:41:23 INFO   e2 step   550/683  loss=0.6537  acc=0.5765  lr0=1.82e-05 lr1=9.11e-04
00:41:27 INFO   e2 step   600/683  loss=0.6533  acc=0.5763  lr0=1.80e-05 lr1=9.02e-04
00:41:30 INFO   e2 step   650/683  loss=0.6522  acc=0.5775  lr0=1.79e-05 lr1=8.94e-04
00:41:35 INFO [epoch 2] train_loss=0.6517 train_acc=0.5780  val_loss=0.6572 val_acc=0.5984 val_auc=0.6494  elapsed=54.3s
00:41:35 INFO   saved best.pt  val_acc=0.5984
00:41:39 INFO   e3 step    50/683  loss=0.6178  acc=0.6269  lr0=1.76e-05 lr1=8.81e-04
00:41:43 INFO   e3 step   100/683  loss=0.6157  acc=0.6334  lr0=1.75e-05 lr1=8.73e-04
00:41:47 INFO   e3 step   150/683  loss=0.6121  acc=0.6350  lr0=1.73e-05 lr1=8.64e-04
00:41:50 INFO   e3 step   200/683  loss=0.6134  acc=0.6328  lr0=1.71e-05 lr1=8.56e-04
00:41:54 INFO   e3 step   250/683  loss=0.6123  acc=0.6372  lr0=1.70e-05 lr1=8.48e-04
00:41:58 INFO   e3 step   300/683  loss=0.6126  acc=0.6378  lr0=1.68e-05 lr1=8.40e-04
00:42:02 INFO   e3 step   350/683  loss=0.6116  acc=0.6388  lr0=1.66e-05 lr1=8.32e-04
00:42:06 INFO   e3 step   400/683  loss=0.6117  acc=0.6361  lr0=1.65e-05 lr1=8.24e-04
00:42:10 INFO   e3 step   450/683  loss=0.6109  acc=0.6372  lr0=1.63e-05 lr1=8.16e-04
00:42:14 INFO   e3 step   500/683  loss=0.6093  acc=0.6380  lr0=1.62e-05 lr1=8.08e-04
00:42:18 INFO   e3 step   550/683  loss=0.6091  acc=0.6370  lr0=1.60e-05 lr1=7.99e-04
00:42:22 INFO   e3 step   600/683  loss=0.6095  acc=0.6365  lr0=1.58e-05 lr1=7.91e-04
00:42:26 INFO   e3 step   650/683  loss=0.6090  acc=0.6373  lr0=1.57e-05 lr1=7.83e-04
00:42:31 INFO [epoch 3] train_loss=0.6100 train_acc=0.6354  val_loss=0.6700 val_acc=0.5980 val_auc=0.6585  elapsed=55.9s
00:42:35 INFO   e4 step    50/683  loss=0.5738  acc=0.6925  lr0=1.54e-05 lr1=7.70e-04
00:42:39 INFO   e4 step   100/683  loss=0.5563  acc=0.6994  lr0=1.52e-05 lr1=7.62e-04
00:42:43 INFO   e4 step   150/683  loss=0.5543  acc=0.7040  lr0=1.51e-05 lr1=7.53e-04
00:42:47 INFO   e4 step   200/683  loss=0.5571  acc=0.6994  lr0=1.49e-05 lr1=7.45e-04
00:42:51 INFO   e4 step   250/683  loss=0.5607  acc=0.6933  lr0=1.47e-05 lr1=7.37e-04
00:42:55 INFO   e4 step   300/683  loss=0.5634  acc=0.6899  lr0=1.46e-05 lr1=7.29e-04
00:42:59 INFO   e4 step   350/683  loss=0.5641  acc=0.6871  lr0=1.44e-05 lr1=7.21e-04
00:43:03 INFO   e4 step   400/683  loss=0.5623  acc=0.6886  lr0=1.43e-05 lr1=7.13e-04
00:43:07 INFO   e4 step   450/683  loss=0.5627  acc=0.6874  lr0=1.41e-05 lr1=7.05e-04
00:43:11 INFO   e4 step   500/683  loss=0.5638  acc=0.6859  lr0=1.39e-05 lr1=6.96e-04
00:43:15 INFO   e4 step   550/683  loss=0.5633  acc=0.6863  lr0=1.38e-05 lr1=6.88e-04
00:43:19 INFO   e4 step   600/683  loss=0.5640  acc=0.6862  lr0=1.36e-05 lr1=6.80e-04
00:43:23 INFO   e4 step   650/683  loss=0.5623  acc=0.6871  lr0=1.34e-05 lr1=6.72e-04
00:43:28 INFO [epoch 4] train_loss=0.5615 train_acc=0.6869  val_loss=0.7785 val_acc=0.6142 val_auc=0.6646  elapsed=56.5s
00:43:28 INFO   saved best.pt  val_acc=0.6142
00:43:32 INFO   e5 step    50/683  loss=0.4892  acc=0.7369  lr0=1.32e-05 lr1=6.59e-04
00:43:36 INFO   e5 step   100/683  loss=0.4955  acc=0.7356  lr0=1.30e-05 lr1=6.50e-04
00:43:40 INFO   e5 step   150/683  loss=0.4916  acc=0.7379  lr0=1.28e-05 lr1=6.42e-04
00:43:44 INFO   e5 step   200/683  loss=0.4884  acc=0.7408  lr0=1.27e-05 lr1=6.34e-04
00:43:48 INFO   e5 step   250/683  loss=0.4948  acc=0.7385  lr0=1.25e-05 lr1=6.26e-04
00:43:51 INFO   e5 step   300/683  loss=0.5005  acc=0.7344  lr0=1.24e-05 lr1=6.18e-04
00:43:55 INFO   e5 step   350/683  loss=0.5036  acc=0.7326  lr0=1.22e-05 lr1=6.10e-04
00:43:59 INFO   e5 step   400/683  loss=0.5023  acc=0.7330  lr0=1.20e-05 lr1=6.02e-04
00:44:03 INFO   e5 step   450/683  loss=0.5037  acc=0.7312  lr0=1.19e-05 lr1=5.93e-04
00:44:06 INFO   e5 step   500/683  loss=0.5041  acc=0.7309  lr0=1.17e-05 lr1=5.85e-04
00:44:10 INFO   e5 step   550/683  loss=0.5048  acc=0.7297  lr0=1.15e-05 lr1=5.77e-04
00:44:14 INFO   e5 step   600/683  loss=0.5067  acc=0.7288  lr0=1.14e-05 lr1=5.69e-04
00:44:18 INFO   e5 step   650/683  loss=0.5074  acc=0.7277  lr0=1.12e-05 lr1=5.61e-04
00:44:23 INFO [epoch 5] train_loss=0.5072 train_acc=0.7281  val_loss=0.7553 val_acc=0.6117 val_auc=0.6762  elapsed=54.5s
00:44:27 INFO   e6 step    50/683  loss=0.4404  acc=0.7712  lr0=1.09e-05 lr1=5.47e-04
00:44:31 INFO   e6 step   100/683  loss=0.4578  acc=0.7600  lr0=1.08e-05 lr1=5.39e-04
00:44:35 INFO   e6 step   150/683  loss=0.4545  acc=0.7654  lr0=1.06e-05 lr1=5.31e-04
00:44:39 INFO   e6 step   200/683  loss=0.4547  acc=0.7672  lr0=1.05e-05 lr1=5.23e-04
00:44:43 INFO   e6 step   250/683  loss=0.4548  acc=0.7664  lr0=1.03e-05 lr1=5.15e-04
00:44:47 INFO   e6 step   300/683  loss=0.4534  acc=0.7678  lr0=1.01e-05 lr1=5.07e-04
00:44:51 INFO   e6 step   350/683  loss=0.4542  acc=0.7662  lr0=9.97e-06 lr1=4.99e-04
00:44:55 INFO   e6 step   400/683  loss=0.4533  acc=0.7653  lr0=9.81e-06 lr1=4.90e-04
00:44:59 INFO   e6 step   450/683  loss=0.4541  acc=0.7662  lr0=9.65e-06 lr1=4.82e-04
00:45:03 INFO   e6 step   500/683  loss=0.4537  acc=0.7666  lr0=9.48e-06 lr1=4.74e-04
00:45:07 INFO   e6 step   550/683  loss=0.4533  acc=0.7664  lr0=9.32e-06 lr1=4.66e-04
00:45:11 INFO   e6 step   600/683  loss=0.4524  acc=0.7678  lr0=9.16e-06 lr1=4.58e-04
00:45:15 INFO   e6 step   650/683  loss=0.4538  acc=0.7662  lr0=9.00e-06 lr1=4.50e-04
00:45:19 INFO [epoch 6] train_loss=0.4543 train_acc=0.7663  val_loss=0.9224 val_acc=0.6215 val_auc=0.6774  elapsed=56.9s
00:45:20 INFO   saved best.pt  val_acc=0.6215
00:45:24 INFO   e7 step    50/683  loss=0.3902  acc=0.8075  lr0=8.73e-06 lr1=4.36e-04
00:45:28 INFO   e7 step   100/683  loss=0.3924  acc=0.8103  lr0=8.56e-06 lr1=4.28e-04
00:45:32 INFO   e7 step   150/683  loss=0.3924  acc=0.8113  lr0=8.40e-06 lr1=4.20e-04
00:45:36 INFO   e7 step   200/683  loss=0.3922  acc=0.8084  lr0=8.24e-06 lr1=4.12e-04
00:45:40 INFO   e7 step   250/683  loss=0.3918  acc=0.8100  lr0=8.08e-06 lr1=4.04e-04
00:45:44 INFO   e7 step   300/683  loss=0.3927  acc=0.8105  lr0=7.91e-06 lr1=3.96e-04
00:45:48 INFO   e7 step   350/683  loss=0.3963  acc=0.8079  lr0=7.75e-06 lr1=3.88e-04
00:45:53 INFO   e7 step   400/683  loss=0.3964  acc=0.8068  lr0=7.59e-06 lr1=3.79e-04
00:45:57 INFO   e7 step   450/683  loss=0.3984  acc=0.8056  lr0=7.42e-06 lr1=3.71e-04
00:46:00 INFO   e7 step   500/683  loss=0.3974  acc=0.8067  lr0=7.26e-06 lr1=3.63e-04
00:46:05 INFO   e7 step   550/683  loss=0.3961  acc=0.8065  lr0=7.10e-06 lr1=3.55e-04
00:46:09 INFO   e7 step   600/683  loss=0.3963  acc=0.8061  lr0=6.94e-06 lr1=3.47e-04
00:46:12 INFO   e7 step   650/683  loss=0.3949  acc=0.8062  lr0=6.77e-06 lr1=3.39e-04
00:46:17 INFO [epoch 7] train_loss=0.3939 train_acc=0.8069  val_loss=0.9756 val_acc=0.6275 val_auc=0.6834  elapsed=56.8s
00:46:17 INFO   saved best.pt  val_acc=0.6275
00:46:21 INFO   e8 step    50/683  loss=0.3263  acc=0.8462  lr0=6.50e-06 lr1=3.25e-04
00:46:26 INFO   e8 step   100/683  loss=0.3284  acc=0.8466  lr0=6.34e-06 lr1=3.17e-04
00:46:30 INFO   e8 step   150/683  loss=0.3211  acc=0.8525  lr0=6.18e-06 lr1=3.09e-04
00:46:34 INFO   e8 step   200/683  loss=0.3239  acc=0.8517  lr0=6.02e-06 lr1=3.01e-04
00:46:38 INFO   e8 step   250/683  loss=0.3282  acc=0.8480  lr0=5.85e-06 lr1=2.93e-04
00:46:42 INFO   e8 step   300/683  loss=0.3313  acc=0.8455  lr0=5.69e-06 lr1=2.85e-04
00:46:46 INFO   e8 step   350/683  loss=0.3324  acc=0.8450  lr0=5.53e-06 lr1=2.76e-04
00:46:50 INFO   e8 step   400/683  loss=0.3312  acc=0.8441  lr0=5.37e-06 lr1=2.68e-04
00:46:54 INFO   e8 step   450/683  loss=0.3328  acc=0.8433  lr0=5.20e-06 lr1=2.60e-04
00:46:58 INFO   e8 step   500/683  loss=0.3329  acc=0.8430  lr0=5.04e-06 lr1=2.52e-04
00:47:02 INFO   e8 step   550/683  loss=0.3330  acc=0.8428  lr0=4.88e-06 lr1=2.44e-04
00:47:06 INFO   e8 step   600/683  loss=0.3322  acc=0.8428  lr0=4.71e-06 lr1=2.36e-04
00:47:10 INFO   e8 step   650/683  loss=0.3328  acc=0.8424  lr0=4.55e-06 lr1=2.28e-04
00:47:14 INFO [epoch 8] train_loss=0.3327 train_acc=0.8421  val_loss=1.0866 val_acc=0.6263 val_auc=0.6839  elapsed=56.9s
00:47:18 INFO   e9 step    50/683  loss=0.2889  acc=0.8675  lr0=4.28e-06 lr1=2.14e-04
00:47:22 INFO   e9 step   100/683  loss=0.2770  acc=0.8753  lr0=4.12e-06 lr1=2.06e-04
00:47:26 INFO   e9 step   150/683  loss=0.2695  acc=0.8783  lr0=3.96e-06 lr1=1.98e-04
00:47:30 INFO   e9 step   200/683  loss=0.2701  acc=0.8778  lr0=3.79e-06 lr1=1.90e-04
00:47:34 INFO   e9 step   250/683  loss=0.2729  acc=0.8765  lr0=3.63e-06 lr1=1.82e-04
00:47:38 INFO   e9 step   300/683  loss=0.2723  acc=0.8765  lr0=3.47e-06 lr1=1.73e-04
00:47:42 INFO   e9 step   350/683  loss=0.2726  acc=0.8758  lr0=3.31e-06 lr1=1.65e-04
00:47:46 INFO   e9 step   400/683  loss=0.2746  acc=0.8755  lr0=3.14e-06 lr1=1.57e-04
00:47:50 INFO   e9 step   450/683  loss=0.2742  acc=0.8760  lr0=2.98e-06 lr1=1.49e-04
00:47:54 INFO   e9 step   500/683  loss=0.2751  acc=0.8758  lr0=2.82e-06 lr1=1.41e-04
00:47:58 INFO   e9 step   550/683  loss=0.2750  acc=0.8752  lr0=2.65e-06 lr1=1.33e-04
00:48:03 INFO   e9 step   600/683  loss=0.2743  acc=0.8748  lr0=2.49e-06 lr1=1.25e-04
00:48:07 INFO   e9 step   650/683  loss=0.2758  acc=0.8743  lr0=2.33e-06 lr1=1.16e-04
00:48:12 INFO [epoch 9] train_loss=0.2753 train_acc=0.8745  val_loss=1.1929 val_acc=0.6275 val_auc=0.6846  elapsed=57.4s
00:48:16 INFO   e10 step    50/683  loss=0.2322  acc=0.8981  lr0=2.06e-06 lr1=1.03e-04
00:48:20 INFO   e10 step   100/683  loss=0.2291  acc=0.8997  lr0=1.90e-06 lr1=9.48e-05
00:48:24 INFO   e10 step   150/683  loss=0.2332  acc=0.8990  lr0=1.73e-06 lr1=8.67e-05
00:48:28 INFO   e10 step   200/683  loss=0.2309  acc=0.9006  lr0=1.57e-06 lr1=7.86e-05
00:48:32 INFO   e10 step   250/683  loss=0.2286  acc=0.9026  lr0=1.41e-06 lr1=7.04e-05
00:48:36 INFO   e10 step   300/683  loss=0.2315  acc=0.9004  lr0=1.25e-06 lr1=6.23e-05
00:48:40 INFO   e10 step   350/683  loss=0.2319  acc=0.8999  lr0=1.08e-06 lr1=5.42e-05
00:48:44 INFO   e10 step   400/683  loss=0.2299  acc=0.9005  lr0=9.21e-07 lr1=4.60e-05
00:48:48 INFO   e10 step   450/683  loss=0.2290  acc=0.9017  lr0=7.58e-07 lr1=3.79e-05
00:48:52 INFO   e10 step   500/683  loss=0.2286  acc=0.9021  lr0=5.95e-07 lr1=2.98e-05
00:48:55 INFO   e10 step   550/683  loss=0.2291  acc=0.9017  lr0=4.33e-07 lr1=2.16e-05
00:48:59 INFO   e10 step   600/683  loss=0.2284  acc=0.9018  lr0=2.70e-07 lr1=1.35e-05
00:49:03 INFO   e10 step   650/683  loss=0.2265  acc=0.9025  lr0=1.07e-07 lr1=5.37e-06
00:49:07 INFO [epoch 10] train_loss=0.2267 train_acc=0.9024  val_loss=1.2715 val_acc=0.6308 val_auc=0.6852  elapsed=55.8s
00:49:08 INFO   saved best.pt  val_acc=0.6308
00:49:08 INFO loading best.pt for test eval
00:49:10 INFO [test] loss=1.0968  acc=0.6636  auc=0.7224  f1=0.6608
00:49:10 INFO [test] per-tier-pair accuracy:
00:49:10 INFO         T0-T0  n= 2288  acc=0.6503
00:49:10 INFO         T2-T2  n=  120  acc=0.9917
00:49:10 INFO         T3-T3  n=  120  acc=0.6417
00:49:10 INFO         T9-T9  n=   60  acc=0.6667
00:49:10 INFO       T10-T10  n=   28  acc=0.4286
00:49:10 INFO [done] results in runs/classifier/new_ajo_workflows_best
