13:12:41 INFO run_dir=/mnt/localssd/crossencoder_sweep/runs/new_ajo_workflows/bge-large-en-v1.5
13:12:41 INFO device=cuda:0  bf16=True  physical_gpu=1  CUDA_VISIBLE_DEVICES=1
13:12:41 INFO dataset=new_ajo_workflows  model=bge-large-en-v1.5  backbone=BAAI/bge-large-en-v1.5
13:12:41 INFO tokenizer <- BAAI/bge-large-en-v1.5
13:12:41 INFO split files: ['directional_train.jsonl', 'directional_val.jsonl', 'directional_test.jsonl']
13:12:41 INFO scanning max JOINT token length across all splits ...
13:12:46 INFO   observed_max_joint=512 -> max_seq_len=512 (cap=512, scan=4.8s)
13:12:46 INFO loading datasets ...
13:12:46 INFO   schema=standard  train=21846  val=2470  test=2616
13:12:46 INFO building CrossEncoderClassifier  backbone=BAAI/bge-large-en-v1.5
13:12:48 INFO   hidden_size=1024  trainable_params=335,142,913
13:12:48 INFO   total_steps=5464  warmup_steps=546
13:12:53 INFO   e1 step    50/1366  loss=0.7236  acc=0.5088  lr0=1.83e-06 lr1=9.16e-05
13:12:57 INFO   e1 step   100/1366  loss=0.7234  acc=0.5062  lr0=3.66e-06 lr1=1.83e-04
13:13:01 INFO   e1 step   150/1366  loss=0.7208  acc=0.5038  lr0=5.49e-06 lr1=2.75e-04
13:13:06 INFO   e1 step   200/1366  loss=0.7175  acc=0.5075  lr0=7.33e-06 lr1=3.66e-04
13:13:11 INFO   e1 step   250/1366  loss=0.7194  acc=0.5112  lr0=9.16e-06 lr1=4.58e-04
13:13:15 INFO   e1 step   300/1366  loss=0.7196  acc=0.5081  lr0=1.10e-05 lr1=5.49e-04
13:13:19 INFO   e1 step   350/1366  loss=0.7173  acc=0.5086  lr0=1.28e-05 lr1=6.41e-04
13:13:24 INFO   e1 step   400/1366  loss=0.7163  acc=0.5067  lr0=1.47e-05 lr1=7.33e-04
13:13:28 INFO   e1 step   450/1366  loss=0.7142  acc=0.5085  lr0=1.65e-05 lr1=8.24e-04
13:13:32 INFO   e1 step   500/1366  loss=0.7123  acc=0.5104  lr0=1.83e-05 lr1=9.16e-04
13:13:36 INFO   e1 step   550/1366  loss=0.7110  acc=0.5107  lr0=2.00e-05 lr1=9.99e-04
13:13:41 INFO   e1 step   600/1366  loss=0.7097  acc=0.5119  lr0=1.98e-05 lr1=9.89e-04
13:13:45 INFO   e1 step   650/1366  loss=0.7095  acc=0.5117  lr0=1.96e-05 lr1=9.79e-04
13:13:49 INFO   e1 step   700/1366  loss=0.7085  acc=0.5140  lr0=1.94e-05 lr1=9.69e-04
13:13:54 INFO   e1 step   750/1366  loss=0.7065  acc=0.5165  lr0=1.92e-05 lr1=9.59e-04
13:13:58 INFO   e1 step   800/1366  loss=0.7063  acc=0.5154  lr0=1.90e-05 lr1=9.48e-04
13:14:02 INFO   e1 step   850/1366  loss=0.7054  acc=0.5145  lr0=1.88e-05 lr1=9.38e-04
13:14:06 INFO   e1 step   900/1366  loss=0.7047  acc=0.5148  lr0=1.86e-05 lr1=9.28e-04
13:14:11 INFO   e1 step   950/1366  loss=0.7033  acc=0.5149  lr0=1.84e-05 lr1=9.18e-04
13:14:15 INFO   e1 step  1000/1366  loss=0.7017  acc=0.5158  lr0=1.82e-05 lr1=9.08e-04
13:14:19 INFO   e1 step  1050/1366  loss=0.7001  acc=0.5160  lr0=1.80e-05 lr1=8.98e-04
13:14:24 INFO   e1 step  1100/1366  loss=0.6993  acc=0.5166  lr0=1.77e-05 lr1=8.87e-04
13:14:28 INFO   e1 step  1150/1366  loss=0.6982  acc=0.5175  lr0=1.75e-05 lr1=8.77e-04
13:14:32 INFO   e1 step  1200/1366  loss=0.6976  acc=0.5171  lr0=1.73e-05 lr1=8.67e-04
13:14:37 INFO   e1 step  1250/1366  loss=0.6974  acc=0.5168  lr0=1.71e-05 lr1=8.57e-04
13:14:41 INFO   e1 step  1300/1366  loss=0.6967  acc=0.5161  lr0=1.69e-05 lr1=8.47e-04
13:14:45 INFO   e1 step  1350/1366  loss=0.6956  acc=0.5159  lr0=1.67e-05 lr1=8.37e-04
13:14:50 INFO [epoch 1] train_loss=0.6951 train_acc=0.5166  val_loss=0.6866 val_acc=0.5263 val_auc=0.5648  elapsed=122.7s
13:14:52 INFO   saved best.pt  val_acc=0.5263
13:14:57 INFO   e2 step    50/1366  loss=0.6716  acc=0.5337  lr0=1.65e-05 lr1=8.23e-04
13:15:01 INFO   e2 step   100/1366  loss=0.6856  acc=0.5225  lr0=1.63e-05 lr1=8.13e-04
13:15:05 INFO   e2 step   150/1366  loss=0.6815  acc=0.5312  lr0=1.61e-05 lr1=8.03e-04
13:15:09 INFO   e2 step   200/1366  loss=0.6766  acc=0.5350  lr0=1.59e-05 lr1=7.93e-04
13:15:13 INFO   e2 step   250/1366  loss=0.6746  acc=0.5337  lr0=1.56e-05 lr1=7.82e-04
13:15:18 INFO   e2 step   300/1366  loss=0.6740  acc=0.5348  lr0=1.54e-05 lr1=7.72e-04
13:15:22 INFO   e2 step   350/1366  loss=0.6740  acc=0.5314  lr0=1.52e-05 lr1=7.62e-04
13:15:26 INFO   e2 step   400/1366  loss=0.6756  acc=0.5302  lr0=1.50e-05 lr1=7.52e-04
13:15:30 INFO   e2 step   450/1366  loss=0.6749  acc=0.5290  lr0=1.48e-05 lr1=7.42e-04
13:15:35 INFO   e2 step   500/1366  loss=0.6746  acc=0.5264  lr0=1.46e-05 lr1=7.32e-04
13:15:39 INFO   e2 step   550/1366  loss=0.6735  acc=0.5265  lr0=1.44e-05 lr1=7.21e-04
13:15:43 INFO   e2 step   600/1366  loss=0.6730  acc=0.5269  lr0=1.42e-05 lr1=7.11e-04
13:15:47 INFO   e2 step   650/1366  loss=0.6722  acc=0.5287  lr0=1.40e-05 lr1=7.01e-04
13:15:52 INFO   e2 step   700/1366  loss=0.6722  acc=0.5279  lr0=1.38e-05 lr1=6.91e-04
13:15:56 INFO   e2 step   750/1366  loss=0.6724  acc=0.5270  lr0=1.36e-05 lr1=6.81e-04
13:16:00 INFO   e2 step   800/1366  loss=0.6716  acc=0.5288  lr0=1.34e-05 lr1=6.71e-04
13:16:05 INFO   e2 step   850/1366  loss=0.6710  acc=0.5296  lr0=1.32e-05 lr1=6.60e-04
13:16:09 INFO   e2 step   900/1366  loss=0.6706  acc=0.5305  lr0=1.30e-05 lr1=6.50e-04
13:16:13 INFO   e2 step   950/1366  loss=0.6707  acc=0.5301  lr0=1.28e-05 lr1=6.40e-04
13:16:18 INFO   e2 step  1000/1366  loss=0.6705  acc=0.5299  lr0=1.26e-05 lr1=6.30e-04
13:16:22 INFO   e2 step  1050/1366  loss=0.6707  acc=0.5298  lr0=1.24e-05 lr1=6.20e-04
13:16:26 INFO   e2 step  1100/1366  loss=0.6710  acc=0.5295  lr0=1.22e-05 lr1=6.10e-04
13:16:30 INFO   e2 step  1150/1366  loss=0.6703  acc=0.5302  lr0=1.20e-05 lr1=5.99e-04
13:16:34 INFO   e2 step  1200/1366  loss=0.6716  acc=0.5297  lr0=1.18e-05 lr1=5.89e-04
13:16:39 INFO   e2 step  1250/1366  loss=0.6710  acc=0.5305  lr0=1.16e-05 lr1=5.79e-04
13:16:43 INFO   e2 step  1300/1366  loss=0.6710  acc=0.5317  lr0=1.14e-05 lr1=5.69e-04
13:16:48 INFO   e2 step  1350/1366  loss=0.6708  acc=0.5315  lr0=1.12e-05 lr1=5.59e-04
13:16:53 INFO [epoch 2] train_loss=0.6704 train_acc=0.5320  val_loss=0.6713 val_acc=0.5372 val_auc=0.5932  elapsed=120.6s
13:16:54 INFO   saved best.pt  val_acc=0.5372
13:16:59 INFO   e3 step    50/1366  loss=0.6545  acc=0.5687  lr0=1.09e-05 lr1=5.45e-04
13:17:03 INFO   e3 step   100/1366  loss=0.6568  acc=0.5506  lr0=1.07e-05 lr1=5.35e-04
13:17:08 INFO   e3 step   150/1366  loss=0.6518  acc=0.5558  lr0=1.05e-05 lr1=5.25e-04
13:17:12 INFO   e3 step   200/1366  loss=0.6495  acc=0.5637  lr0=1.03e-05 lr1=5.15e-04
13:17:16 INFO   e3 step   250/1366  loss=0.6481  acc=0.5660  lr0=1.01e-05 lr1=5.05e-04
13:17:20 INFO   e3 step   300/1366  loss=0.6500  acc=0.5679  lr0=9.89e-06 lr1=4.95e-04
13:17:25 INFO   e3 step   350/1366  loss=0.6509  acc=0.5661  lr0=9.69e-06 lr1=4.84e-04
13:17:29 INFO   e3 step   400/1366  loss=0.6514  acc=0.5670  lr0=9.48e-06 lr1=4.74e-04
13:17:34 INFO   e3 step   450/1366  loss=0.6523  acc=0.5687  lr0=9.28e-06 lr1=4.64e-04
13:17:38 INFO   e3 step   500/1366  loss=0.6517  acc=0.5697  lr0=9.08e-06 lr1=4.54e-04
13:17:42 INFO   e3 step   550/1366  loss=0.6507  acc=0.5716  lr0=8.87e-06 lr1=4.44e-04
13:17:46 INFO   e3 step   600/1366  loss=0.6513  acc=0.5724  lr0=8.67e-06 lr1=4.34e-04
13:17:51 INFO   e3 step   650/1366  loss=0.6512  acc=0.5709  lr0=8.47e-06 lr1=4.23e-04
13:17:55 INFO   e3 step   700/1366  loss=0.6511  acc=0.5709  lr0=8.26e-06 lr1=4.13e-04
13:17:59 INFO   e3 step   750/1366  loss=0.6511  acc=0.5701  lr0=8.06e-06 lr1=4.03e-04
13:18:03 INFO   e3 step   800/1366  loss=0.6507  acc=0.5709  lr0=7.86e-06 lr1=3.93e-04
13:18:07 INFO   e3 step   850/1366  loss=0.6499  acc=0.5722  lr0=7.65e-06 lr1=3.83e-04
13:18:12 INFO   e3 step   900/1366  loss=0.6499  acc=0.5724  lr0=7.45e-06 lr1=3.73e-04
13:18:16 INFO   e3 step   950/1366  loss=0.6484  acc=0.5739  lr0=7.25e-06 lr1=3.62e-04
13:18:20 INFO   e3 step  1000/1366  loss=0.6475  acc=0.5761  lr0=7.04e-06 lr1=3.52e-04
13:18:25 INFO   e3 step  1050/1366  loss=0.6481  acc=0.5745  lr0=6.84e-06 lr1=3.42e-04
13:18:29 INFO   e3 step  1100/1366  loss=0.6485  acc=0.5735  lr0=6.64e-06 lr1=3.32e-04
13:18:33 INFO   e3 step  1150/1366  loss=0.6479  acc=0.5749  lr0=6.43e-06 lr1=3.22e-04
13:18:38 INFO   e3 step  1200/1366  loss=0.6474  acc=0.5765  lr0=6.23e-06 lr1=3.12e-04
13:18:42 INFO   e3 step  1250/1366  loss=0.6467  acc=0.5776  lr0=6.03e-06 lr1=3.01e-04
13:18:46 INFO   e3 step  1300/1366  loss=0.6470  acc=0.5775  lr0=5.82e-06 lr1=2.91e-04
13:18:50 INFO   e3 step  1350/1366  loss=0.6469  acc=0.5781  lr0=5.62e-06 lr1=2.81e-04
13:18:56 INFO [epoch 3] train_loss=0.6468 train_acc=0.5780  val_loss=0.6618 val_acc=0.5798 val_auc=0.6262  elapsed=121.2s
13:18:57 INFO   saved best.pt  val_acc=0.5798
13:19:02 INFO   e4 step    50/1366  loss=0.6059  acc=0.6362  lr0=5.35e-06 lr1=2.68e-04
13:19:06 INFO   e4 step   100/1366  loss=0.6083  acc=0.6400  lr0=5.15e-06 lr1=2.57e-04
13:19:10 INFO   e4 step   150/1366  loss=0.6095  acc=0.6317  lr0=4.95e-06 lr1=2.47e-04
13:19:14 INFO   e4 step   200/1366  loss=0.6110  acc=0.6278  lr0=4.74e-06 lr1=2.37e-04
13:19:19 INFO   e4 step   250/1366  loss=0.6112  acc=0.6262  lr0=4.54e-06 lr1=2.27e-04
13:19:23 INFO   e4 step   300/1366  loss=0.6089  acc=0.6269  lr0=4.34e-06 lr1=2.17e-04
13:19:27 INFO   e4 step   350/1366  loss=0.6070  acc=0.6271  lr0=4.13e-06 lr1=2.07e-04
13:19:31 INFO   e4 step   400/1366  loss=0.6061  acc=0.6283  lr0=3.93e-06 lr1=1.96e-04
13:19:36 INFO   e4 step   450/1366  loss=0.6055  acc=0.6321  lr0=3.73e-06 lr1=1.86e-04
13:19:40 INFO   e4 step   500/1366  loss=0.6080  acc=0.6325  lr0=3.52e-06 lr1=1.76e-04
13:19:45 INFO   e4 step   550/1366  loss=0.6075  acc=0.6325  lr0=3.32e-06 lr1=1.66e-04
13:19:49 INFO   e4 step   600/1366  loss=0.6060  acc=0.6315  lr0=3.12e-06 lr1=1.56e-04
13:19:54 INFO   e4 step   650/1366  loss=0.6049  acc=0.6331  lr0=2.91e-06 lr1=1.46e-04
13:19:58 INFO   e4 step   700/1366  loss=0.6035  acc=0.6340  lr0=2.71e-06 lr1=1.35e-04
13:20:03 INFO   e4 step   750/1366  loss=0.6039  acc=0.6334  lr0=2.51e-06 lr1=1.25e-04
13:20:08 INFO   e4 step   800/1366  loss=0.6030  acc=0.6343  lr0=2.30e-06 lr1=1.15e-04
13:20:12 INFO   e4 step   850/1366  loss=0.6025  acc=0.6338  lr0=2.10e-06 lr1=1.05e-04
13:20:17 INFO   e4 step   900/1366  loss=0.6018  acc=0.6351  lr0=1.90e-06 lr1=9.48e-05
13:20:21 INFO   e4 step   950/1366  loss=0.6019  acc=0.6343  lr0=1.69e-06 lr1=8.46e-05
13:20:26 INFO   e4 step  1000/1366  loss=0.6008  acc=0.6347  lr0=1.49e-06 lr1=7.44e-05
13:20:30 INFO   e4 step  1050/1366  loss=0.6011  acc=0.6346  lr0=1.29e-06 lr1=6.43e-05
13:20:35 INFO   e4 step  1100/1366  loss=0.6001  acc=0.6356  lr0=1.08e-06 lr1=5.41e-05
13:20:39 INFO   e4 step  1150/1366  loss=0.5991  acc=0.6357  lr0=8.78e-07 lr1=4.39e-05
13:20:44 INFO   e4 step  1200/1366  loss=0.5980  acc=0.6369  lr0=6.75e-07 lr1=3.38e-05
13:20:49 INFO   e4 step  1250/1366  loss=0.5981  acc=0.6371  lr0=4.72e-07 lr1=2.36e-05
13:20:53 INFO   e4 step  1300/1366  loss=0.5974  acc=0.6369  lr0=2.68e-07 lr1=1.34e-05
13:20:58 INFO   e4 step  1350/1366  loss=0.5972  acc=0.6379  lr0=6.51e-08 lr1=3.25e-06
13:21:03 INFO [epoch 4] train_loss=0.5968 train_acc=0.6385  val_loss=0.7331 val_acc=0.5862 val_auc=0.6277  elapsed=125.5s
13:21:05 INFO   saved best.pt  val_acc=0.5862
13:21:06 INFO loading best.pt for test eval
13:21:09 INFO [test] loss=0.6832  acc=0.5818  auc=0.6326  f1=0.6045
13:21:09 INFO [done] run_summary.json written to /mnt/localssd/crossencoder_sweep/runs/new_ajo_workflows/bge-large-en-v1.5
