07:11:06 INFO run_dir=runs/crossencoder2x/ce2x_mixed  device=cuda  bf16=True
Warning: You are sending unauthenticated requests to the HF Hub. Please set a HF_TOKEN to enable higher rate limits and faster downloads.
07:11:06 INFO tokenizer <- google-bert/bert-base-uncased
07:11:06 INFO scanning max joint token length across all splits …
07:13:56 INFO   observed max=512  -> max_seq_len=512  (scan 169.9s)
07:13:56 INFO loading datasets …
07:13:59 INFO   train=261210  val=14736  test=6004
07:13:59 INFO building CrossEncoder2x  backbone=google-bert/bert-base-uncased  n_layers=24 …
Loading weights:   0%|          | 0/199 [00:00<?, ?it/s]Loading weights: 100%|██████████| 199/199 [00:00<00:00, 7630.89it/s]
[transformers] [1mBertModel LOAD REPORT[0m from: google-bert/bert-base-uncased
Key                                        | Status     |  | 
-------------------------------------------+------------+--+-
cls.seq_relationship.weight                | UNEXPECTED |  | 
cls.predictions.transform.dense.weight     | UNEXPECTED |  | 
cls.predictions.transform.dense.bias       | UNEXPECTED |  | 
cls.predictions.transform.LayerNorm.bias   | UNEXPECTED |  | 
cls.predictions.transform.LayerNorm.weight | UNEXPECTED |  | 
cls.seq_relationship.bias                  | UNEXPECTED |  | 
cls.predictions.bias                       | UNEXPECTED |  | 

Notes:
- UNEXPECTED:	can be ignored when loading from different task/architecture; not ok if you expect identical arch.
07:14:02 INFO   total params=194,537,473
07:14:02 INFO   total_steps=24489  warmup_steps=1469
07:14:13 INFO   e1 opt_step=50/24489  loss=0.6093  acc=0.7431  lr=6.81e-07
07:14:23 INFO   e1 opt_step=100/24489  loss=0.5599  acc=0.7681  lr=1.36e-06
07:14:32 INFO   e1 opt_step=150/24489  loss=0.5349  acc=0.7798  lr=2.04e-06
07:14:42 INFO   e1 opt_step=200/24489  loss=0.5232  acc=0.7820  lr=2.72e-06
07:14:51 INFO   e1 opt_step=250/24489  loss=0.5109  acc=0.7865  lr=3.40e-06
07:15:01 INFO   e1 opt_step=300/24489  loss=0.4977  acc=0.7877  lr=4.08e-06
07:15:11 INFO   e1 opt_step=350/24489  loss=0.4889  acc=0.7875  lr=4.77e-06
07:15:20 INFO   e1 opt_step=400/24489  loss=0.4791  acc=0.7902  lr=5.45e-06
07:15:30 INFO   e1 opt_step=450/24489  loss=0.4708  acc=0.7924  lr=6.13e-06
07:15:40 INFO   e1 opt_step=500/24489  loss=0.4589  acc=0.7963  lr=6.81e-06
07:15:49 INFO   e1 opt_step=550/24489  loss=0.4447  acc=0.8024  lr=7.49e-06
07:15:59 INFO   e1 opt_step=600/24489  loss=0.4314  acc=0.8089  lr=8.17e-06
07:16:08 INFO   e1 opt_step=650/24489  loss=0.4185  acc=0.8147  lr=8.85e-06
07:16:18 INFO   e1 opt_step=700/24489  loss=0.4075  acc=0.8202  lr=9.53e-06
07:16:28 INFO   e1 opt_step=750/24489  loss=0.3949  acc=0.8264  lr=1.02e-05
07:16:38 INFO   e1 opt_step=800/24489  loss=0.3851  acc=0.8314  lr=1.09e-05
07:16:47 INFO   e1 opt_step=850/24489  loss=0.3754  acc=0.8358  lr=1.16e-05
07:16:57 INFO   e1 opt_step=900/24489  loss=0.3647  acc=0.8409  lr=1.23e-05
07:17:07 INFO   e1 opt_step=950/24489  loss=0.3545  acc=0.8459  lr=1.29e-05
07:17:16 INFO   e1 opt_step=1000/24489  loss=0.3466  acc=0.8504  lr=1.36e-05
07:17:26 INFO   e1 opt_step=1050/24489  loss=0.3382  acc=0.8545  lr=1.43e-05
07:17:36 INFO   e1 opt_step=1100/24489  loss=0.3319  acc=0.8575  lr=1.50e-05
07:17:45 INFO   e1 opt_step=1150/24489  loss=0.3262  acc=0.8611  lr=1.57e-05
07:17:55 INFO   e1 opt_step=1200/24489  loss=0.3194  acc=0.8647  lr=1.63e-05
07:18:05 INFO   e1 opt_step=1250/24489  loss=0.3127  acc=0.8678  lr=1.70e-05
07:18:14 INFO   e1 opt_step=1300/24489  loss=0.3070  acc=0.8708  lr=1.77e-05
07:18:24 INFO   e1 opt_step=1350/24489  loss=0.3012  acc=0.8736  lr=1.84e-05
07:18:34 INFO   e1 opt_step=1400/24489  loss=0.2964  acc=0.8760  lr=1.91e-05
07:18:44 INFO   e1 opt_step=1450/24489  loss=0.2908  acc=0.8788  lr=1.97e-05
07:18:53 INFO   e1 opt_step=1500/24489  loss=0.2858  acc=0.8813  lr=2.00e-05
07:19:03 INFO   e1 opt_step=1550/24489  loss=0.2814  acc=0.8836  lr=1.99e-05
07:19:13 INFO   e1 opt_step=1600/24489  loss=0.2762  acc=0.8860  lr=1.99e-05
07:19:23 INFO   e1 opt_step=1650/24489  loss=0.2723  acc=0.8879  lr=1.98e-05
07:19:33 INFO   e1 opt_step=1700/24489  loss=0.2671  acc=0.8902  lr=1.98e-05
07:19:42 INFO   e1 opt_step=1750/24489  loss=0.2630  acc=0.8922  lr=1.98e-05
07:19:52 INFO   e1 opt_step=1800/24489  loss=0.2583  acc=0.8943  lr=1.97e-05
07:20:02 INFO   e1 opt_step=1850/24489  loss=0.2541  acc=0.8964  lr=1.97e-05
07:20:11 INFO   e1 opt_step=1900/24489  loss=0.2504  acc=0.8983  lr=1.96e-05
07:20:21 INFO   e1 opt_step=1950/24489  loss=0.2469  acc=0.9001  lr=1.96e-05
07:20:30 INFO   e1 opt_step=2000/24489  loss=0.2430  acc=0.9018  lr=1.95e-05
07:20:40 INFO   e1 opt_step=2050/24489  loss=0.2395  acc=0.9035  lr=1.95e-05
07:20:50 INFO   e1 opt_step=2100/24489  loss=0.2357  acc=0.9051  lr=1.95e-05
07:20:59 INFO   e1 opt_step=2150/24489  loss=0.2333  acc=0.9065  lr=1.94e-05
07:21:09 INFO   e1 opt_step=2200/24489  loss=0.2296  acc=0.9082  lr=1.94e-05
07:21:19 INFO   e1 opt_step=2250/24489  loss=0.2266  acc=0.9096  lr=1.93e-05
07:21:28 INFO   e1 opt_step=2300/24489  loss=0.2237  acc=0.9110  lr=1.93e-05
07:21:38 INFO   e1 opt_step=2350/24489  loss=0.2208  acc=0.9123  lr=1.92e-05
07:21:48 INFO   e1 opt_step=2400/24489  loss=0.2182  acc=0.9135  lr=1.92e-05
07:21:58 INFO   e1 opt_step=2450/24489  loss=0.2153  acc=0.9148  lr=1.91e-05
07:22:08 INFO   e1 opt_step=2500/24489  loss=0.2132  acc=0.9159  lr=1.91e-05
07:22:17 INFO   e1 opt_step=2550/24489  loss=0.2107  acc=0.9171  lr=1.91e-05
07:22:27 INFO   e1 opt_step=2600/24489  loss=0.2081  acc=0.9182  lr=1.90e-05
07:22:37 INFO   e1 opt_step=2650/24489  loss=0.2055  acc=0.9193  lr=1.90e-05
07:22:47 INFO   e1 opt_step=2700/24489  loss=0.2032  acc=0.9204  lr=1.89e-05
07:22:56 INFO   e1 opt_step=2750/24489  loss=0.2009  acc=0.9214  lr=1.89e-05
07:23:06 INFO   e1 opt_step=2800/24489  loss=0.1996  acc=0.9223  lr=1.88e-05
07:23:16 INFO   e1 opt_step=2850/24489  loss=0.1980  acc=0.9231  lr=1.88e-05
07:23:25 INFO   e1 opt_step=2900/24489  loss=0.1959  acc=0.9240  lr=1.88e-05
07:23:35 INFO   e1 opt_step=2950/24489  loss=0.1938  acc=0.9249  lr=1.87e-05
07:23:45 INFO   e1 opt_step=3000/24489  loss=0.1914  acc=0.9259  lr=1.87e-05
07:23:54 INFO   e1 opt_step=3050/24489  loss=0.1897  acc=0.9266  lr=1.86e-05
07:24:04 INFO   e1 opt_step=3100/24489  loss=0.1877  acc=0.9275  lr=1.86e-05
07:24:13 INFO   e1 opt_step=3150/24489  loss=0.1859  acc=0.9283  lr=1.85e-05
07:24:23 INFO   e1 opt_step=3200/24489  loss=0.1839  acc=0.9291  lr=1.85e-05
07:24:32 INFO   e1 opt_step=3250/24489  loss=0.1819  acc=0.9300  lr=1.85e-05
07:24:42 INFO   e1 opt_step=3300/24489  loss=0.1797  acc=0.9308  lr=1.84e-05
07:24:52 INFO   e1 opt_step=3350/24489  loss=0.1778  acc=0.9317  lr=1.84e-05
07:25:01 INFO   e1 opt_step=3400/24489  loss=0.1759  acc=0.9325  lr=1.83e-05
07:25:11 INFO   e1 opt_step=3450/24489  loss=0.1739  acc=0.9333  lr=1.83e-05
07:25:21 INFO   e1 opt_step=3500/24489  loss=0.1720  acc=0.9341  lr=1.82e-05
07:25:30 INFO   e1 opt_step=3550/24489  loss=0.1704  acc=0.9348  lr=1.82e-05
07:25:40 INFO   e1 opt_step=3600/24489  loss=0.1687  acc=0.9355  lr=1.81e-05
07:25:50 INFO   e1 opt_step=3650/24489  loss=0.1670  acc=0.9363  lr=1.81e-05
07:25:59 INFO   e1 opt_step=3700/24489  loss=0.1655  acc=0.9369  lr=1.81e-05
07:26:09 INFO   e1 opt_step=3750/24489  loss=0.1640  acc=0.9376  lr=1.80e-05
07:26:19 INFO   e1 opt_step=3800/24489  loss=0.1624  acc=0.9383  lr=1.80e-05
07:26:29 INFO   e1 opt_step=3850/24489  loss=0.1607  acc=0.9390  lr=1.79e-05
07:26:38 INFO   e1 opt_step=3900/24489  loss=0.1591  acc=0.9396  lr=1.79e-05
07:26:48 INFO   e1 opt_step=3950/24489  loss=0.1576  acc=0.9403  lr=1.78e-05
07:26:57 INFO   e1 opt_step=4000/24489  loss=0.1563  acc=0.9409  lr=1.78e-05
07:27:07 INFO   e1 opt_step=4050/24489  loss=0.1549  acc=0.9414  lr=1.78e-05
07:27:16 INFO   e1 opt_step=4100/24489  loss=0.1536  acc=0.9420  lr=1.77e-05
07:27:26 INFO   e1 opt_step=4150/24489  loss=0.1523  acc=0.9425  lr=1.77e-05
07:27:35 INFO   e1 opt_step=4200/24489  loss=0.1508  acc=0.9431  lr=1.76e-05
07:27:45 INFO   e1 opt_step=4250/24489  loss=0.1494  acc=0.9437  lr=1.76e-05
07:27:55 INFO   e1 opt_step=4300/24489  loss=0.1481  acc=0.9443  lr=1.75e-05
07:28:04 INFO   e1 opt_step=4350/24489  loss=0.1469  acc=0.9448  lr=1.75e-05
07:28:14 INFO   e1 opt_step=4400/24489  loss=0.1456  acc=0.9453  lr=1.75e-05
07:28:24 INFO   e1 opt_step=4450/24489  loss=0.1442  acc=0.9459  lr=1.74e-05
07:28:33 INFO   e1 opt_step=4500/24489  loss=0.1429  acc=0.9464  lr=1.74e-05
07:28:43 INFO   e1 opt_step=4550/24489  loss=0.1418  acc=0.9469  lr=1.73e-05
07:28:53 INFO   e1 opt_step=4600/24489  loss=0.1409  acc=0.9473  lr=1.73e-05
07:29:03 INFO   e1 opt_step=4650/24489  loss=0.1398  acc=0.9477  lr=1.72e-05
07:29:12 INFO   e1 opt_step=4700/24489  loss=0.1388  acc=0.9482  lr=1.72e-05
07:29:22 INFO   e1 opt_step=4750/24489  loss=0.1377  acc=0.9486  lr=1.71e-05
07:29:32 INFO   e1 opt_step=4800/24489  loss=0.1364  acc=0.9491  lr=1.71e-05
07:29:42 INFO   e1 opt_step=4850/24489  loss=0.1353  acc=0.9495  lr=1.71e-05
07:29:51 INFO   e1 opt_step=4900/24489  loss=0.1344  acc=0.9500  lr=1.70e-05
07:30:01 INFO   e1 opt_step=4950/24489  loss=0.1333  acc=0.9504  lr=1.70e-05
07:30:11 INFO   e1 opt_step=5000/24489  loss=0.1323  acc=0.9508  lr=1.69e-05
07:30:21 INFO   e1 opt_step=5050/24489  loss=0.1313  acc=0.9512  lr=1.69e-05
07:30:31 INFO   e1 opt_step=5100/24489  loss=0.1302  acc=0.9516  lr=1.68e-05
07:30:41 INFO   e1 opt_step=5150/24489  loss=0.1294  acc=0.9520  lr=1.68e-05
07:30:50 INFO   e1 opt_step=5200/24489  loss=0.1285  acc=0.9524  lr=1.68e-05
07:31:00 INFO   e1 opt_step=5250/24489  loss=0.1277  acc=0.9527  lr=1.67e-05
07:31:10 INFO   e1 opt_step=5300/24489  loss=0.1268  acc=0.9530  lr=1.67e-05
07:31:20 INFO   e1 opt_step=5350/24489  loss=0.1260  acc=0.9534  lr=1.66e-05
07:31:30 INFO   e1 opt_step=5400/24489  loss=0.1251  acc=0.9537  lr=1.66e-05
07:31:39 INFO   e1 opt_step=5450/24489  loss=0.1242  acc=0.9541  lr=1.65e-05
07:31:49 INFO   e1 opt_step=5500/24489  loss=0.1237  acc=0.9544  lr=1.65e-05
07:31:59 INFO   e1 opt_step=5550/24489  loss=0.1228  acc=0.9547  lr=1.65e-05
07:32:09 INFO   e1 opt_step=5600/24489  loss=0.1220  acc=0.9551  lr=1.64e-05
07:32:18 INFO   e1 opt_step=5650/24489  loss=0.1211  acc=0.9554  lr=1.64e-05
07:32:28 INFO   e1 opt_step=5700/24489  loss=0.1204  acc=0.9557  lr=1.63e-05
07:32:38 INFO   e1 opt_step=5750/24489  loss=0.1197  acc=0.9560  lr=1.63e-05
07:32:47 INFO   e1 opt_step=5800/24489  loss=0.1189  acc=0.9563  lr=1.62e-05
07:32:57 INFO   e1 opt_step=5850/24489  loss=0.1182  acc=0.9566  lr=1.62e-05
07:33:07 INFO   e1 opt_step=5900/24489  loss=0.1175  acc=0.9569  lr=1.62e-05
07:33:17 INFO   e1 opt_step=5950/24489  loss=0.1168  acc=0.9572  lr=1.61e-05
07:33:26 INFO   e1 opt_step=6000/24489  loss=0.1161  acc=0.9575  lr=1.61e-05
07:33:36 INFO   e1 opt_step=6050/24489  loss=0.1153  acc=0.9578  lr=1.60e-05
07:33:46 INFO   e1 opt_step=6100/24489  loss=0.1146  acc=0.9581  lr=1.60e-05
07:33:56 INFO   e1 opt_step=6150/24489  loss=0.1137  acc=0.9584  lr=1.59e-05
07:34:06 INFO   e1 opt_step=6200/24489  loss=0.1131  acc=0.9587  lr=1.59e-05
07:34:15 INFO   e1 opt_step=6250/24489  loss=0.1125  acc=0.9589  lr=1.58e-05
07:34:25 INFO   e1 opt_step=6300/24489  loss=0.1119  acc=0.9592  lr=1.58e-05
07:34:35 INFO   e1 opt_step=6350/24489  loss=0.1112  acc=0.9595  lr=1.58e-05
07:34:45 INFO   e1 opt_step=6400/24489  loss=0.1107  acc=0.9597  lr=1.57e-05
07:34:54 INFO   e1 opt_step=6450/24489  loss=0.1101  acc=0.9599  lr=1.57e-05
07:35:04 INFO   e1 opt_step=6500/24489  loss=0.1094  acc=0.9602  lr=1.56e-05
07:35:14 INFO   e1 opt_step=6550/24489  loss=0.1089  acc=0.9604  lr=1.56e-05
07:35:24 INFO   e1 opt_step=6600/24489  loss=0.1084  acc=0.9606  lr=1.55e-05
07:35:34 INFO   e1 opt_step=6650/24489  loss=0.1077  acc=0.9609  lr=1.55e-05
07:35:43 INFO   e1 opt_step=6700/24489  loss=0.1070  acc=0.9611  lr=1.55e-05
07:35:53 INFO   e1 opt_step=6750/24489  loss=0.1065  acc=0.9613  lr=1.54e-05
07:36:02 INFO   e1 opt_step=6800/24489  loss=0.1058  acc=0.9616  lr=1.54e-05
07:36:11 INFO   e1 opt_step=6850/24489  loss=0.1054  acc=0.9618  lr=1.53e-05
07:36:21 INFO   e1 opt_step=6900/24489  loss=0.1049  acc=0.9620  lr=1.53e-05
07:36:31 INFO   e1 opt_step=6950/24489  loss=0.1043  acc=0.9623  lr=1.52e-05
07:36:41 INFO   e1 opt_step=7000/24489  loss=0.1038  acc=0.9625  lr=1.52e-05
07:36:50 INFO   e1 opt_step=7050/24489  loss=0.1032  acc=0.9627  lr=1.52e-05
07:37:00 INFO   e1 opt_step=7100/24489  loss=0.1027  acc=0.9629  lr=1.51e-05
07:37:09 INFO   e1 opt_step=7150/24489  loss=0.1022  acc=0.9631  lr=1.51e-05
07:37:19 INFO   e1 opt_step=7200/24489  loss=0.1018  acc=0.9633  lr=1.50e-05
07:37:28 INFO   e1 opt_step=7250/24489  loss=0.1013  acc=0.9635  lr=1.50e-05
07:37:38 INFO   e1 opt_step=7300/24489  loss=0.1009  acc=0.9636  lr=1.49e-05
07:37:48 INFO   e1 opt_step=7350/24489  loss=0.1004  acc=0.9638  lr=1.49e-05
07:37:57 INFO   e1 opt_step=7400/24489  loss=0.0999  acc=0.9640  lr=1.48e-05
07:38:07 INFO   e1 opt_step=7450/24489  loss=0.0995  acc=0.9642  lr=1.48e-05
07:38:17 INFO   e1 opt_step=7500/24489  loss=0.0990  acc=0.9644  lr=1.48e-05
07:38:26 INFO   e1 opt_step=7550/24489  loss=0.0986  acc=0.9645  lr=1.47e-05
07:38:36 INFO   e1 opt_step=7600/24489  loss=0.0983  acc=0.9647  lr=1.47e-05
07:38:46 INFO   e1 opt_step=7650/24489  loss=0.0979  acc=0.9649  lr=1.46e-05
07:38:56 INFO   e1 opt_step=7700/24489  loss=0.0974  acc=0.9651  lr=1.46e-05
07:39:06 INFO   e1 opt_step=7750/24489  loss=0.0970  acc=0.9652  lr=1.45e-05
07:39:15 INFO   e1 opt_step=7800/24489  loss=0.0966  acc=0.9654  lr=1.45e-05
07:39:25 INFO   e1 opt_step=7850/24489  loss=0.0961  acc=0.9656  lr=1.45e-05
07:39:35 INFO   e1 opt_step=7900/24489  loss=0.0957  acc=0.9657  lr=1.44e-05
07:39:44 INFO   e1 opt_step=7950/24489  loss=0.0953  acc=0.9659  lr=1.44e-05
07:39:54 INFO   e1 opt_step=8000/24489  loss=0.0948  acc=0.9661  lr=1.43e-05
07:40:03 INFO   e1 opt_step=8050/24489  loss=0.0945  acc=0.9662  lr=1.43e-05
07:40:13 INFO   e1 opt_step=8100/24489  loss=0.0941  acc=0.9664  lr=1.42e-05
07:40:23 INFO   e1 opt_step=8150/24489  loss=0.0936  acc=0.9665  lr=1.42e-05
07:40:46 INFO [epoch 1/3]  train_loss=0.0935  train_acc=0.9666  val_loss=0.9699  val_acc=0.8574  val_auc=0.8959  elapsed=1603.8s
07:40:47 INFO   * saved best.pt  val_acc=0.8574
07:40:55 INFO   e2 opt_step=8200/24489  loss=0.0284  acc=0.9941  lr=1.42e-05
07:41:05 INFO   e2 opt_step=8250/24489  loss=0.0253  acc=0.9932  lr=1.41e-05
07:41:15 INFO   e2 opt_step=8300/24489  loss=0.0258  acc=0.9938  lr=1.41e-05
07:41:24 INFO   e2 opt_step=8350/24489  loss=0.0235  acc=0.9945  lr=1.40e-05
07:41:34 INFO   e2 opt_step=8400/24489  loss=0.0255  acc=0.9941  lr=1.40e-05
07:41:44 INFO   e2 opt_step=8450/24489  loss=0.0243  acc=0.9944  lr=1.39e-05
07:41:53 INFO   e2 opt_step=8500/24489  loss=0.0238  acc=0.9943  lr=1.39e-05
07:42:03 INFO   e2 opt_step=8550/24489  loss=0.0233  acc=0.9944  lr=1.38e-05
07:42:12 INFO   e2 opt_step=8600/24489  loss=0.0229  acc=0.9946  lr=1.38e-05
07:42:22 INFO   e2 opt_step=8650/24489  loss=0.0226  acc=0.9946  lr=1.38e-05
07:42:31 INFO   e2 opt_step=8700/24489  loss=0.0229  acc=0.9944  lr=1.37e-05
07:42:41 INFO   e2 opt_step=8750/24489  loss=0.0223  acc=0.9944  lr=1.37e-05
07:42:51 INFO   e2 opt_step=8800/24489  loss=0.0223  acc=0.9945  lr=1.36e-05
07:43:01 INFO   e2 opt_step=8850/24489  loss=0.0228  acc=0.9945  lr=1.36e-05
07:43:10 INFO   e2 opt_step=8900/24489  loss=0.0223  acc=0.9946  lr=1.35e-05
07:43:20 INFO   e2 opt_step=8950/24489  loss=0.0241  acc=0.9944  lr=1.35e-05
07:43:30 INFO   e2 opt_step=9000/24489  loss=0.0245  acc=0.9943  lr=1.35e-05
07:43:39 INFO   e2 opt_step=9050/24489  loss=0.0246  acc=0.9942  lr=1.34e-05
07:43:49 INFO   e2 opt_step=9100/24489  loss=0.0246  acc=0.9942  lr=1.34e-05
07:43:58 INFO   e2 opt_step=9150/24489  loss=0.0246  acc=0.9942  lr=1.33e-05
07:44:08 INFO   e2 opt_step=9200/24489  loss=0.0247  acc=0.9942  lr=1.33e-05
07:44:18 INFO   e2 opt_step=9250/24489  loss=0.0246  acc=0.9942  lr=1.32e-05
07:44:27 INFO   e2 opt_step=9300/24489  loss=0.0255  acc=0.9940  lr=1.32e-05
07:44:37 INFO   e2 opt_step=9350/24489  loss=0.0251  acc=0.9941  lr=1.32e-05
07:44:46 INFO   e2 opt_step=9400/24489  loss=0.0252  acc=0.9941  lr=1.31e-05
07:44:56 INFO   e2 opt_step=9450/24489  loss=0.0255  acc=0.9940  lr=1.31e-05
07:45:06 INFO   e2 opt_step=9500/24489  loss=0.0254  acc=0.9940  lr=1.30e-05
07:45:15 INFO   e2 opt_step=9550/24489  loss=0.0252  acc=0.9941  lr=1.30e-05
07:45:25 INFO   e2 opt_step=9600/24489  loss=0.0251  acc=0.9940  lr=1.29e-05
07:45:35 INFO   e2 opt_step=9650/24489  loss=0.0253  acc=0.9939  lr=1.29e-05
07:45:45 INFO   e2 opt_step=9700/24489  loss=0.0253  acc=0.9939  lr=1.28e-05
07:45:54 INFO   e2 opt_step=9750/24489  loss=0.0256  acc=0.9939  lr=1.28e-05
07:46:04 INFO   e2 opt_step=9800/24489  loss=0.0256  acc=0.9938  lr=1.28e-05
07:46:14 INFO   e2 opt_step=9850/24489  loss=0.0255  acc=0.9938  lr=1.27e-05
07:46:23 INFO   e2 opt_step=9900/24489  loss=0.0251  acc=0.9939  lr=1.27e-05
07:46:33 INFO   e2 opt_step=9950/24489  loss=0.0256  acc=0.9938  lr=1.26e-05
07:46:43 INFO   e2 opt_step=10000/24489  loss=0.0253  acc=0.9939  lr=1.26e-05
07:46:52 INFO   e2 opt_step=10050/24489  loss=0.0251  acc=0.9940  lr=1.25e-05
07:47:02 INFO   e2 opt_step=10100/24489  loss=0.0255  acc=0.9939  lr=1.25e-05
07:47:11 INFO   e2 opt_step=10150/24489  loss=0.0255  acc=0.9939  lr=1.25e-05
07:47:21 INFO   e2 opt_step=10200/24489  loss=0.0255  acc=0.9940  lr=1.24e-05
07:47:31 INFO   e2 opt_step=10250/24489  loss=0.0255  acc=0.9940  lr=1.24e-05
07:47:40 INFO   e2 opt_step=10300/24489  loss=0.0255  acc=0.9939  lr=1.23e-05
07:47:50 INFO   e2 opt_step=10350/24489  loss=0.0253  acc=0.9939  lr=1.23e-05
07:48:00 INFO   e2 opt_step=10400/24489  loss=0.0252  acc=0.9940  lr=1.22e-05
07:48:10 INFO   e2 opt_step=10450/24489  loss=0.0253  acc=0.9940  lr=1.22e-05
07:48:19 INFO   e2 opt_step=10500/24489  loss=0.0254  acc=0.9940  lr=1.22e-05
07:48:29 INFO   e2 opt_step=10550/24489  loss=0.0255  acc=0.9939  lr=1.21e-05
07:48:39 INFO   e2 opt_step=10600/24489  loss=0.0257  acc=0.9939  lr=1.21e-05
07:48:48 INFO   e2 opt_step=10650/24489  loss=0.0256  acc=0.9939  lr=1.20e-05
07:48:58 INFO   e2 opt_step=10700/24489  loss=0.0258  acc=0.9938  lr=1.20e-05
07:49:08 INFO   e2 opt_step=10750/24489  loss=0.0257  acc=0.9938  lr=1.19e-05
07:49:17 INFO   e2 opt_step=10800/24489  loss=0.0257  acc=0.9938  lr=1.19e-05
07:49:27 INFO   e2 opt_step=10850/24489  loss=0.0258  acc=0.9938  lr=1.18e-05
07:49:37 INFO   e2 opt_step=10900/24489  loss=0.0261  acc=0.9937  lr=1.18e-05
07:49:47 INFO   e2 opt_step=10950/24489  loss=0.0265  acc=0.9936  lr=1.18e-05
07:49:56 INFO   e2 opt_step=11000/24489  loss=0.0267  acc=0.9936  lr=1.17e-05
07:50:06 INFO   e2 opt_step=11050/24489  loss=0.0269  acc=0.9935  lr=1.17e-05
07:50:16 INFO   e2 opt_step=11100/24489  loss=0.0274  acc=0.9934  lr=1.16e-05
07:50:25 INFO   e2 opt_step=11150/24489  loss=0.0274  acc=0.9934  lr=1.16e-05
07:50:35 INFO   e2 opt_step=11200/24489  loss=0.0275  acc=0.9934  lr=1.15e-05
07:50:45 INFO   e2 opt_step=11250/24489  loss=0.0275  acc=0.9934  lr=1.15e-05
07:50:54 INFO   e2 opt_step=11300/24489  loss=0.0276  acc=0.9933  lr=1.15e-05
07:51:04 INFO   e2 opt_step=11350/24489  loss=0.0275  acc=0.9934  lr=1.14e-05
07:51:14 INFO   e2 opt_step=11400/24489  loss=0.0273  acc=0.9934  lr=1.14e-05
07:51:24 INFO   e2 opt_step=11450/24489  loss=0.0272  acc=0.9934  lr=1.13e-05
07:51:34 INFO   e2 opt_step=11500/24489  loss=0.0272  acc=0.9934  lr=1.13e-05
07:51:43 INFO   e2 opt_step=11550/24489  loss=0.0273  acc=0.9933  lr=1.12e-05
07:51:53 INFO   e2 opt_step=11600/24489  loss=0.0272  acc=0.9933  lr=1.12e-05
07:52:03 INFO   e2 opt_step=11650/24489  loss=0.0272  acc=0.9934  lr=1.12e-05
07:52:12 INFO   e2 opt_step=11700/24489  loss=0.0273  acc=0.9933  lr=1.11e-05
07:52:22 INFO   e2 opt_step=11750/24489  loss=0.0272  acc=0.9933  lr=1.11e-05
07:52:32 INFO   e2 opt_step=11800/24489  loss=0.0271  acc=0.9933  lr=1.10e-05
07:52:41 INFO   e2 opt_step=11850/24489  loss=0.0270  acc=0.9934  lr=1.10e-05
07:52:51 INFO   e2 opt_step=11900/24489  loss=0.0268  acc=0.9934  lr=1.09e-05
07:53:00 INFO   e2 opt_step=11950/24489  loss=0.0268  acc=0.9934  lr=1.09e-05
07:53:10 INFO   e2 opt_step=12000/24489  loss=0.0268  acc=0.9934  lr=1.09e-05
07:53:20 INFO   e2 opt_step=12050/24489  loss=0.0269  acc=0.9934  lr=1.08e-05
07:53:29 INFO   e2 opt_step=12100/24489  loss=0.0267  acc=0.9934  lr=1.08e-05
07:53:39 INFO   e2 opt_step=12150/24489  loss=0.0265  acc=0.9935  lr=1.07e-05
07:53:49 INFO   e2 opt_step=12200/24489  loss=0.0266  acc=0.9934  lr=1.07e-05
07:53:59 INFO   e2 opt_step=12250/24489  loss=0.0265  acc=0.9934  lr=1.06e-05
07:54:08 INFO   e2 opt_step=12300/24489  loss=0.0265  acc=0.9934  lr=1.06e-05
07:54:18 INFO   e2 opt_step=12350/24489  loss=0.0265  acc=0.9934  lr=1.05e-05
07:54:28 INFO   e2 opt_step=12400/24489  loss=0.0266  acc=0.9934  lr=1.05e-05
07:54:38 INFO   e2 opt_step=12450/24489  loss=0.0267  acc=0.9934  lr=1.05e-05
07:54:47 INFO   e2 opt_step=12500/24489  loss=0.0266  acc=0.9934  lr=1.04e-05
07:54:57 INFO   e2 opt_step=12550/24489  loss=0.0265  acc=0.9934  lr=1.04e-05
07:55:06 INFO   e2 opt_step=12600/24489  loss=0.0264  acc=0.9935  lr=1.03e-05
07:55:16 INFO   e2 opt_step=12650/24489  loss=0.0264  acc=0.9935  lr=1.03e-05
07:55:26 INFO   e2 opt_step=12700/24489  loss=0.0264  acc=0.9935  lr=1.02e-05
07:55:35 INFO   e2 opt_step=12750/24489  loss=0.0264  acc=0.9935  lr=1.02e-05
07:55:45 INFO   e2 opt_step=12800/24489  loss=0.0264  acc=0.9935  lr=1.02e-05
07:55:55 INFO   e2 opt_step=12850/24489  loss=0.0263  acc=0.9935  lr=1.01e-05
07:56:05 INFO   e2 opt_step=12900/24489  loss=0.0264  acc=0.9935  lr=1.01e-05
07:56:14 INFO   e2 opt_step=12950/24489  loss=0.0264  acc=0.9935  lr=1.00e-05
07:56:24 INFO   e2 opt_step=13000/24489  loss=0.0267  acc=0.9935  lr=9.98e-06
07:56:34 INFO   e2 opt_step=13050/24489  loss=0.0268  acc=0.9934  lr=9.94e-06
07:56:43 INFO   e2 opt_step=13100/24489  loss=0.0268  acc=0.9934  lr=9.89e-06
07:56:53 INFO   e2 opt_step=13150/24489  loss=0.0269  acc=0.9934  lr=9.85e-06
07:57:03 INFO   e2 opt_step=13200/24489  loss=0.0268  acc=0.9934  lr=9.81e-06
07:57:12 INFO   e2 opt_step=13250/24489  loss=0.0269  acc=0.9934  lr=9.76e-06
07:57:22 INFO   e2 opt_step=13300/24489  loss=0.0269  acc=0.9934  lr=9.72e-06
07:57:32 INFO   e2 opt_step=13350/24489  loss=0.0270  acc=0.9934  lr=9.68e-06
07:57:41 INFO   e2 opt_step=13400/24489  loss=0.0269  acc=0.9935  lr=9.63e-06
07:57:51 INFO   e2 opt_step=13450/24489  loss=0.0270  acc=0.9934  lr=9.59e-06
07:58:01 INFO   e2 opt_step=13500/24489  loss=0.0269  acc=0.9935  lr=9.55e-06
07:58:10 INFO   e2 opt_step=13550/24489  loss=0.0270  acc=0.9935  lr=9.50e-06
07:58:20 INFO   e2 opt_step=13600/24489  loss=0.0270  acc=0.9935  lr=9.46e-06
07:58:30 INFO   e2 opt_step=13650/24489  loss=0.0271  acc=0.9935  lr=9.42e-06
07:58:39 INFO   e2 opt_step=13700/24489  loss=0.0270  acc=0.9935  lr=9.37e-06
07:58:49 INFO   e2 opt_step=13750/24489  loss=0.0271  acc=0.9935  lr=9.33e-06
07:58:59 INFO   e2 opt_step=13800/24489  loss=0.0270  acc=0.9935  lr=9.29e-06
07:59:08 INFO   e2 opt_step=13850/24489  loss=0.0270  acc=0.9935  lr=9.24e-06
07:59:18 INFO   e2 opt_step=13900/24489  loss=0.0270  acc=0.9935  lr=9.20e-06
07:59:27 INFO   e2 opt_step=13950/24489  loss=0.0270  acc=0.9935  lr=9.16e-06
07:59:37 INFO   e2 opt_step=14000/24489  loss=0.0271  acc=0.9935  lr=9.11e-06
07:59:47 INFO   e2 opt_step=14050/24489  loss=0.0271  acc=0.9935  lr=9.07e-06
07:59:57 INFO   e2 opt_step=14100/24489  loss=0.0272  acc=0.9935  lr=9.03e-06
08:00:07 INFO   e2 opt_step=14150/24489  loss=0.0272  acc=0.9935  lr=8.98e-06
08:00:17 INFO   e2 opt_step=14200/24489  loss=0.0273  acc=0.9935  lr=8.94e-06
08:00:26 INFO   e2 opt_step=14250/24489  loss=0.0273  acc=0.9935  lr=8.90e-06
08:00:36 INFO   e2 opt_step=14300/24489  loss=0.0273  acc=0.9935  lr=8.85e-06
08:00:45 INFO   e2 opt_step=14350/24489  loss=0.0273  acc=0.9935  lr=8.81e-06
08:00:55 INFO   e2 opt_step=14400/24489  loss=0.0274  acc=0.9935  lr=8.77e-06
08:01:05 INFO   e2 opt_step=14450/24489  loss=0.0275  acc=0.9935  lr=8.72e-06
08:01:14 INFO   e2 opt_step=14500/24489  loss=0.0274  acc=0.9935  lr=8.68e-06
08:01:24 INFO   e2 opt_step=14550/24489  loss=0.0273  acc=0.9935  lr=8.64e-06
08:01:33 INFO   e2 opt_step=14600/24489  loss=0.0273  acc=0.9935  lr=8.59e-06
08:01:43 INFO   e2 opt_step=14650/24489  loss=0.0272  acc=0.9936  lr=8.55e-06
08:01:52 INFO   e2 opt_step=14700/24489  loss=0.0272  acc=0.9936  lr=8.50e-06
08:02:02 INFO   e2 opt_step=14750/24489  loss=0.0271  acc=0.9936  lr=8.46e-06
08:02:11 INFO   e2 opt_step=14800/24489  loss=0.0271  acc=0.9936  lr=8.42e-06
08:02:21 INFO   e2 opt_step=14850/24489  loss=0.0270  acc=0.9936  lr=8.37e-06
08:02:31 INFO   e2 opt_step=14900/24489  loss=0.0269  acc=0.9936  lr=8.33e-06
08:02:41 INFO   e2 opt_step=14950/24489  loss=0.0268  acc=0.9936  lr=8.29e-06
08:02:51 INFO   e2 opt_step=15000/24489  loss=0.0267  acc=0.9937  lr=8.24e-06
08:03:00 INFO   e2 opt_step=15050/24489  loss=0.0266  acc=0.9937  lr=8.20e-06
08:03:10 INFO   e2 opt_step=15100/24489  loss=0.0266  acc=0.9937  lr=8.16e-06
08:03:20 INFO   e2 opt_step=15150/24489  loss=0.0266  acc=0.9937  lr=8.11e-06
08:03:30 INFO   e2 opt_step=15200/24489  loss=0.0265  acc=0.9937  lr=8.07e-06
08:03:40 INFO   e2 opt_step=15250/24489  loss=0.0265  acc=0.9937  lr=8.03e-06
08:03:50 INFO   e2 opt_step=15300/24489  loss=0.0265  acc=0.9937  lr=7.98e-06
08:03:59 INFO   e2 opt_step=15350/24489  loss=0.0265  acc=0.9937  lr=7.94e-06
08:04:09 INFO   e2 opt_step=15400/24489  loss=0.0264  acc=0.9937  lr=7.90e-06
08:04:19 INFO   e2 opt_step=15450/24489  loss=0.0264  acc=0.9937  lr=7.85e-06
08:04:28 INFO   e2 opt_step=15500/24489  loss=0.0263  acc=0.9937  lr=7.81e-06
08:04:38 INFO   e2 opt_step=15550/24489  loss=0.0263  acc=0.9937  lr=7.77e-06
08:04:48 INFO   e2 opt_step=15600/24489  loss=0.0261  acc=0.9937  lr=7.72e-06
08:04:58 INFO   e2 opt_step=15650/24489  loss=0.0261  acc=0.9938  lr=7.68e-06
08:05:07 INFO   e2 opt_step=15700/24489  loss=0.0261  acc=0.9938  lr=7.64e-06
08:05:17 INFO   e2 opt_step=15750/24489  loss=0.0260  acc=0.9938  lr=7.59e-06
08:05:26 INFO   e2 opt_step=15800/24489  loss=0.0259  acc=0.9938  lr=7.55e-06
08:05:36 INFO   e2 opt_step=15850/24489  loss=0.0258  acc=0.9938  lr=7.51e-06
08:05:46 INFO   e2 opt_step=15900/24489  loss=0.0259  acc=0.9938  lr=7.46e-06
08:05:56 INFO   e2 opt_step=15950/24489  loss=0.0259  acc=0.9938  lr=7.42e-06
08:06:05 INFO   e2 opt_step=16000/24489  loss=0.0259  acc=0.9938  lr=7.38e-06
08:06:15 INFO   e2 opt_step=16050/24489  loss=0.0258  acc=0.9938  lr=7.33e-06
08:06:25 INFO   e2 opt_step=16100/24489  loss=0.0258  acc=0.9938  lr=7.29e-06
08:06:35 INFO   e2 opt_step=16150/24489  loss=0.0257  acc=0.9938  lr=7.25e-06
08:06:44 INFO   e2 opt_step=16200/24489  loss=0.0256  acc=0.9938  lr=7.20e-06
08:06:54 INFO   e2 opt_step=16250/24489  loss=0.0256  acc=0.9938  lr=7.16e-06
08:07:04 INFO   e2 opt_step=16300/24489  loss=0.0256  acc=0.9938  lr=7.11e-06
08:07:30 INFO [epoch 2/3]  train_loss=0.0256  train_acc=0.9938  val_loss=1.0853  val_acc=0.8557  val_auc=0.8819  elapsed=1602.1s
08:07:36 INFO   e3 opt_step=16350/24489  loss=0.0274  acc=0.9935  lr=7.07e-06
08:07:46 INFO   e3 opt_step=16400/24489  loss=0.0182  acc=0.9958  lr=7.03e-06
08:07:55 INFO   e3 opt_step=16450/24489  loss=0.0168  acc=0.9965  lr=6.98e-06
08:08:05 INFO   e3 opt_step=16500/24489  loss=0.0171  acc=0.9960  lr=6.94e-06
08:08:15 INFO   e3 opt_step=16550/24489  loss=0.0181  acc=0.9960  lr=6.90e-06
08:08:25 INFO   e3 opt_step=16600/24489  loss=0.0195  acc=0.9958  lr=6.85e-06
08:08:34 INFO   e3 opt_step=16650/24489  loss=0.0196  acc=0.9957  lr=6.81e-06
08:08:44 INFO   e3 opt_step=16700/24489  loss=0.0221  acc=0.9953  lr=6.77e-06
08:08:54 INFO   e3 opt_step=16750/24489  loss=0.0243  acc=0.9947  lr=6.72e-06
08:09:04 INFO   e3 opt_step=16800/24489  loss=0.0244  acc=0.9947  lr=6.68e-06
08:09:14 INFO   e3 opt_step=16850/24489  loss=0.0240  acc=0.9948  lr=6.64e-06
08:09:23 INFO   e3 opt_step=16900/24489  loss=0.0228  acc=0.9950  lr=6.59e-06
08:09:33 INFO   e3 opt_step=16950/24489  loss=0.0227  acc=0.9950  lr=6.55e-06
08:09:43 INFO   e3 opt_step=17000/24489  loss=0.0241  acc=0.9948  lr=6.51e-06
08:09:52 INFO   e3 opt_step=17050/24489  loss=0.0245  acc=0.9945  lr=6.46e-06
08:10:02 INFO   e3 opt_step=17100/24489  loss=0.0245  acc=0.9945  lr=6.42e-06
08:10:12 INFO   e3 opt_step=17150/24489  loss=0.0243  acc=0.9945  lr=6.38e-06
08:10:21 INFO   e3 opt_step=17200/24489  loss=0.0237  acc=0.9946  lr=6.33e-06
08:10:31 INFO   e3 opt_step=17250/24489  loss=0.0236  acc=0.9946  lr=6.29e-06
08:10:41 INFO   e3 opt_step=17300/24489  loss=0.0232  acc=0.9946  lr=6.25e-06
08:10:50 INFO   e3 opt_step=17350/24489  loss=0.0236  acc=0.9944  lr=6.20e-06
08:11:00 INFO   e3 opt_step=17400/24489  loss=0.0231  acc=0.9945  lr=6.16e-06
08:11:10 INFO   e3 opt_step=17450/24489  loss=0.0232  acc=0.9944  lr=6.12e-06
08:11:19 INFO   e3 opt_step=17500/24489  loss=0.0236  acc=0.9943  lr=6.07e-06
08:11:29 INFO   e3 opt_step=17550/24489  loss=0.0232  acc=0.9943  lr=6.03e-06
08:11:39 INFO   e3 opt_step=17600/24489  loss=0.0232  acc=0.9943  lr=5.99e-06
08:11:48 INFO   e3 opt_step=17650/24489  loss=0.0233  acc=0.9943  lr=5.94e-06
08:11:58 INFO   e3 opt_step=17700/24489  loss=0.0229  acc=0.9943  lr=5.90e-06
08:12:08 INFO   e3 opt_step=17750/24489  loss=0.0230  acc=0.9943  lr=5.85e-06
08:12:18 INFO   e3 opt_step=17800/24489  loss=0.0230  acc=0.9943  lr=5.81e-06
08:12:27 INFO   e3 opt_step=17850/24489  loss=0.0230  acc=0.9943  lr=5.77e-06
08:12:37 INFO   e3 opt_step=17900/24489  loss=0.0226  acc=0.9944  lr=5.72e-06
08:12:46 INFO   e3 opt_step=17950/24489  loss=0.0222  acc=0.9945  lr=5.68e-06
08:12:56 INFO   e3 opt_step=18000/24489  loss=0.0217  acc=0.9946  lr=5.64e-06
08:13:06 INFO   e3 opt_step=18050/24489  loss=0.0217  acc=0.9946  lr=5.59e-06
08:13:16 INFO   e3 opt_step=18100/24489  loss=0.0218  acc=0.9945  lr=5.55e-06
08:13:25 INFO   e3 opt_step=18150/24489  loss=0.0220  acc=0.9945  lr=5.51e-06
08:13:35 INFO   e3 opt_step=18200/24489  loss=0.0222  acc=0.9945  lr=5.46e-06
08:13:45 INFO   e3 opt_step=18250/24489  loss=0.0218  acc=0.9946  lr=5.42e-06
08:13:55 INFO   e3 opt_step=18300/24489  loss=0.0218  acc=0.9946  lr=5.38e-06
08:14:04 INFO   e3 opt_step=18350/24489  loss=0.0218  acc=0.9945  lr=5.33e-06
08:14:14 INFO   e3 opt_step=18400/24489  loss=0.0215  acc=0.9946  lr=5.29e-06
08:14:23 INFO   e3 opt_step=18450/24489  loss=0.0214  acc=0.9946  lr=5.25e-06
08:14:33 INFO   e3 opt_step=18500/24489  loss=0.0213  acc=0.9946  lr=5.20e-06
08:14:42 INFO   e3 opt_step=18550/24489  loss=0.0212  acc=0.9946  lr=5.16e-06
08:14:52 INFO   e3 opt_step=18600/24489  loss=0.0211  acc=0.9946  lr=5.12e-06
08:15:02 INFO   e3 opt_step=18650/24489  loss=0.0211  acc=0.9946  lr=5.07e-06
08:15:11 INFO   e3 opt_step=18700/24489  loss=0.0209  acc=0.9946  lr=5.03e-06
08:15:21 INFO   e3 opt_step=18750/24489  loss=0.0210  acc=0.9946  lr=4.99e-06
08:15:31 INFO   e3 opt_step=18800/24489  loss=0.0210  acc=0.9946  lr=4.94e-06
08:15:41 INFO   e3 opt_step=18850/24489  loss=0.0210  acc=0.9946  lr=4.90e-06
08:15:50 INFO   e3 opt_step=18900/24489  loss=0.0210  acc=0.9946  lr=4.86e-06
08:16:00 INFO   e3 opt_step=18950/24489  loss=0.0210  acc=0.9946  lr=4.81e-06
08:16:10 INFO   e3 opt_step=19000/24489  loss=0.0209  acc=0.9946  lr=4.77e-06
08:16:20 INFO   e3 opt_step=19050/24489  loss=0.0205  acc=0.9947  lr=4.73e-06
08:16:29 INFO   e3 opt_step=19100/24489  loss=0.0205  acc=0.9948  lr=4.68e-06
08:16:39 INFO   e3 opt_step=19150/24489  loss=0.0204  acc=0.9948  lr=4.64e-06
08:16:49 INFO   e3 opt_step=19200/24489  loss=0.0205  acc=0.9948  lr=4.60e-06
08:16:59 INFO   e3 opt_step=19250/24489  loss=0.0205  acc=0.9948  lr=4.55e-06
08:17:08 INFO   e3 opt_step=19300/24489  loss=0.0205  acc=0.9948  lr=4.51e-06
08:17:18 INFO   e3 opt_step=19350/24489  loss=0.0205  acc=0.9948  lr=4.46e-06
08:17:28 INFO   e3 opt_step=19400/24489  loss=0.0204  acc=0.9948  lr=4.42e-06
08:17:38 INFO   e3 opt_step=19450/24489  loss=0.0204  acc=0.9948  lr=4.38e-06
08:17:47 INFO   e3 opt_step=19500/24489  loss=0.0203  acc=0.9948  lr=4.33e-06
08:17:57 INFO   e3 opt_step=19550/24489  loss=0.0203  acc=0.9948  lr=4.29e-06
08:18:07 INFO   e3 opt_step=19600/24489  loss=0.0203  acc=0.9948  lr=4.25e-06
08:18:16 INFO   e3 opt_step=19650/24489  loss=0.0202  acc=0.9948  lr=4.20e-06
08:18:26 INFO   e3 opt_step=19700/24489  loss=0.0201  acc=0.9948  lr=4.16e-06
08:18:35 INFO   e3 opt_step=19750/24489  loss=0.0201  acc=0.9948  lr=4.12e-06
08:18:45 INFO   e3 opt_step=19800/24489  loss=0.0201  acc=0.9948  lr=4.07e-06
08:18:55 INFO   e3 opt_step=19850/24489  loss=0.0200  acc=0.9948  lr=4.03e-06
08:19:04 INFO   e3 opt_step=19900/24489  loss=0.0199  acc=0.9949  lr=3.99e-06
08:19:14 INFO   e3 opt_step=19950/24489  loss=0.0199  acc=0.9949  lr=3.94e-06
08:19:23 INFO   e3 opt_step=20000/24489  loss=0.0197  acc=0.9949  lr=3.90e-06
08:19:33 INFO   e3 opt_step=20050/24489  loss=0.0197  acc=0.9949  lr=3.86e-06
08:19:43 INFO   e3 opt_step=20100/24489  loss=0.0195  acc=0.9950  lr=3.81e-06
08:19:53 INFO   e3 opt_step=20150/24489  loss=0.0195  acc=0.9950  lr=3.77e-06
08:20:02 INFO   e3 opt_step=20200/24489  loss=0.0193  acc=0.9950  lr=3.73e-06
08:20:12 INFO   e3 opt_step=20250/24489  loss=0.0192  acc=0.9950  lr=3.68e-06
08:20:21 INFO   e3 opt_step=20300/24489  loss=0.0192  acc=0.9950  lr=3.64e-06
08:20:31 INFO   e3 opt_step=20350/24489  loss=0.0192  acc=0.9950  lr=3.60e-06
08:20:41 INFO   e3 opt_step=20400/24489  loss=0.0191  acc=0.9950  lr=3.55e-06
08:20:50 INFO   e3 opt_step=20450/24489  loss=0.0190  acc=0.9951  lr=3.51e-06
08:21:00 INFO   e3 opt_step=20500/24489  loss=0.0190  acc=0.9951  lr=3.47e-06
08:21:10 INFO   e3 opt_step=20550/24489  loss=0.0189  acc=0.9951  lr=3.42e-06
08:21:19 INFO   e3 opt_step=20600/24489  loss=0.0189  acc=0.9951  lr=3.38e-06
08:21:29 INFO   e3 opt_step=20650/24489  loss=0.0189  acc=0.9951  lr=3.34e-06
08:21:38 INFO   e3 opt_step=20700/24489  loss=0.0189  acc=0.9951  lr=3.29e-06
08:21:48 INFO   e3 opt_step=20750/24489  loss=0.0188  acc=0.9951  lr=3.25e-06
08:21:57 INFO   e3 opt_step=20800/24489  loss=0.0188  acc=0.9951  lr=3.21e-06
08:22:07 INFO   e3 opt_step=20850/24489  loss=0.0187  acc=0.9951  lr=3.16e-06
08:22:17 INFO   e3 opt_step=20900/24489  loss=0.0188  acc=0.9950  lr=3.12e-06
08:22:27 INFO   e3 opt_step=20950/24489  loss=0.0187  acc=0.9951  lr=3.07e-06
08:22:36 INFO   e3 opt_step=21000/24489  loss=0.0186  acc=0.9951  lr=3.03e-06
08:22:46 INFO   e3 opt_step=21050/24489  loss=0.0186  acc=0.9951  lr=2.99e-06
08:22:56 INFO   e3 opt_step=21100/24489  loss=0.0185  acc=0.9951  lr=2.94e-06
08:23:05 INFO   e3 opt_step=21150/24489  loss=0.0185  acc=0.9951  lr=2.90e-06
08:23:15 INFO   e3 opt_step=21200/24489  loss=0.0185  acc=0.9951  lr=2.86e-06
08:23:25 INFO   e3 opt_step=21250/24489  loss=0.0184  acc=0.9951  lr=2.81e-06
08:23:34 INFO   e3 opt_step=21300/24489  loss=0.0183  acc=0.9951  lr=2.77e-06
08:23:44 INFO   e3 opt_step=21350/24489  loss=0.0182  acc=0.9951  lr=2.73e-06
08:23:54 INFO   e3 opt_step=21400/24489  loss=0.0182  acc=0.9951  lr=2.68e-06
08:24:03 INFO   e3 opt_step=21450/24489  loss=0.0182  acc=0.9951  lr=2.64e-06
08:24:13 INFO   e3 opt_step=21500/24489  loss=0.0182  acc=0.9951  lr=2.60e-06
08:24:23 INFO   e3 opt_step=21550/24489  loss=0.0182  acc=0.9951  lr=2.55e-06
08:24:32 INFO   e3 opt_step=21600/24489  loss=0.0182  acc=0.9951  lr=2.51e-06
08:24:42 INFO   e3 opt_step=21650/24489  loss=0.0183  acc=0.9951  lr=2.47e-06
08:24:51 INFO   e3 opt_step=21700/24489  loss=0.0182  acc=0.9951  lr=2.42e-06
08:25:01 INFO   e3 opt_step=21750/24489  loss=0.0182  acc=0.9950  lr=2.38e-06
08:25:11 INFO   e3 opt_step=21800/24489  loss=0.0182  acc=0.9950  lr=2.34e-06
08:25:20 INFO   e3 opt_step=21850/24489  loss=0.0181  acc=0.9950  lr=2.29e-06
08:25:30 INFO   e3 opt_step=21900/24489  loss=0.0180  acc=0.9951  lr=2.25e-06
08:25:40 INFO   e3 opt_step=21950/24489  loss=0.0180  acc=0.9951  lr=2.21e-06
08:25:49 INFO   e3 opt_step=22000/24489  loss=0.0180  acc=0.9951  lr=2.16e-06
08:25:59 INFO   e3 opt_step=22050/24489  loss=0.0180  acc=0.9950  lr=2.12e-06
08:26:09 INFO   e3 opt_step=22100/24489  loss=0.0180  acc=0.9951  lr=2.08e-06
08:26:18 INFO   e3 opt_step=22150/24489  loss=0.0180  acc=0.9951  lr=2.03e-06
08:26:28 INFO   e3 opt_step=22200/24489  loss=0.0180  acc=0.9951  lr=1.99e-06
08:26:38 INFO   e3 opt_step=22250/24489  loss=0.0180  acc=0.9951  lr=1.95e-06
08:26:48 INFO   e3 opt_step=22300/24489  loss=0.0180  acc=0.9950  lr=1.90e-06
08:26:57 INFO   e3 opt_step=22350/24489  loss=0.0180  acc=0.9951  lr=1.86e-06
08:27:07 INFO   e3 opt_step=22400/24489  loss=0.0180  acc=0.9951  lr=1.81e-06
08:27:17 INFO   e3 opt_step=22450/24489  loss=0.0179  acc=0.9951  lr=1.77e-06
08:27:27 INFO   e3 opt_step=22500/24489  loss=0.0178  acc=0.9951  lr=1.73e-06
08:27:36 INFO   e3 opt_step=22550/24489  loss=0.0178  acc=0.9951  lr=1.68e-06
08:27:46 INFO   e3 opt_step=22600/24489  loss=0.0178  acc=0.9951  lr=1.64e-06
08:27:56 INFO   e3 opt_step=22650/24489  loss=0.0178  acc=0.9951  lr=1.60e-06
08:28:06 INFO   e3 opt_step=22700/24489  loss=0.0177  acc=0.9951  lr=1.55e-06
08:28:16 INFO   e3 opt_step=22750/24489  loss=0.0177  acc=0.9951  lr=1.51e-06
08:28:26 INFO   e3 opt_step=22800/24489  loss=0.0176  acc=0.9951  lr=1.47e-06
08:28:35 INFO   e3 opt_step=22850/24489  loss=0.0177  acc=0.9951  lr=1.42e-06
08:28:45 INFO   e3 opt_step=22900/24489  loss=0.0178  acc=0.9951  lr=1.38e-06
08:28:54 INFO   e3 opt_step=22950/24489  loss=0.0177  acc=0.9951  lr=1.34e-06
08:29:04 INFO   e3 opt_step=23000/24489  loss=0.0177  acc=0.9951  lr=1.29e-06
08:29:14 INFO   e3 opt_step=23050/24489  loss=0.0177  acc=0.9951  lr=1.25e-06
08:29:23 INFO   e3 opt_step=23100/24489  loss=0.0177  acc=0.9951  lr=1.21e-06
08:29:33 INFO   e3 opt_step=23150/24489  loss=0.0177  acc=0.9951  lr=1.16e-06
08:29:43 INFO   e3 opt_step=23200/24489  loss=0.0177  acc=0.9951  lr=1.12e-06
08:29:53 INFO   e3 opt_step=23250/24489  loss=0.0176  acc=0.9951  lr=1.08e-06
08:30:02 INFO   e3 opt_step=23300/24489  loss=0.0176  acc=0.9951  lr=1.03e-06
08:30:12 INFO   e3 opt_step=23350/24489  loss=0.0176  acc=0.9951  lr=9.90e-07
08:30:22 INFO   e3 opt_step=23400/24489  loss=0.0176  acc=0.9951  lr=9.46e-07
08:30:31 INFO   e3 opt_step=23450/24489  loss=0.0175  acc=0.9951  lr=9.03e-07
08:30:41 INFO   e3 opt_step=23500/24489  loss=0.0175  acc=0.9951  lr=8.59e-07
08:30:51 INFO   e3 opt_step=23550/24489  loss=0.0175  acc=0.9951  lr=8.16e-07
08:31:00 INFO   e3 opt_step=23600/24489  loss=0.0175  acc=0.9952  lr=7.72e-07
08:31:10 INFO   e3 opt_step=23650/24489  loss=0.0174  acc=0.9952  lr=7.29e-07
08:31:20 INFO   e3 opt_step=23700/24489  loss=0.0175  acc=0.9952  lr=6.85e-07
08:31:29 INFO   e3 opt_step=23750/24489  loss=0.0174  acc=0.9952  lr=6.42e-07
08:31:39 INFO   e3 opt_step=23800/24489  loss=0.0175  acc=0.9952  lr=5.99e-07
08:31:49 INFO   e3 opt_step=23850/24489  loss=0.0174  acc=0.9952  lr=5.55e-07
08:31:58 INFO   e3 opt_step=23900/24489  loss=0.0175  acc=0.9952  lr=5.12e-07
08:32:08 INFO   e3 opt_step=23950/24489  loss=0.0174  acc=0.9952  lr=4.68e-07
08:32:17 INFO   e3 opt_step=24000/24489  loss=0.0173  acc=0.9952  lr=4.25e-07
08:32:27 INFO   e3 opt_step=24050/24489  loss=0.0174  acc=0.9952  lr=3.81e-07
08:32:37 INFO   e3 opt_step=24100/24489  loss=0.0173  acc=0.9952  lr=3.38e-07
08:32:46 INFO   e3 opt_step=24150/24489  loss=0.0174  acc=0.9952  lr=2.95e-07
08:32:56 INFO   e3 opt_step=24200/24489  loss=0.0173  acc=0.9952  lr=2.51e-07
08:33:06 INFO   e3 opt_step=24250/24489  loss=0.0173  acc=0.9952  lr=2.08e-07
08:33:16 INFO   e3 opt_step=24300/24489  loss=0.0173  acc=0.9952  lr=1.64e-07
08:33:25 INFO   e3 opt_step=24350/24489  loss=0.0173  acc=0.9952  lr=1.21e-07
08:33:35 INFO   e3 opt_step=24400/24489  loss=0.0173  acc=0.9952  lr=7.73e-08
08:33:45 INFO   e3 opt_step=24450/24489  loss=0.0173  acc=0.9952  lr=3.39e-08
08:34:13 INFO [epoch 3/3]  train_loss=0.0172  train_acc=0.9952  val_loss=1.2532  val_acc=0.8441  val_auc=0.8893  elapsed=1602.2s
08:34:15 INFO saved final.pt  total_time=4813s
08:34:15 INFO loading best.pt for final val/test evaluation …
08:34:36 INFO [val]  acc=0.8574  auc=0.8959  f1=0.7049
08:34:45 INFO [test] loss=1.1000  acc=0.8466  auc=0.8677  f1=0.8329
08:34:45 INFO [done] best_val_acc=0.8574  test_acc=0.8466  test_auc=0.8677  results in runs/crossencoder2x/ce2x_mixed
