01:53:14 INFO run_dir=runs/crossencoder2x/new_aep_workflow_scrap  device=cuda  bf16=True
Warning: You are sending unauthenticated requests to the HF Hub. Please set a HF_TOKEN to enable higher rate limits and faster downloads.
01:53:14 INFO tokenizer <- google-bert/bert-base-uncased
01:53:14 INFO scanning max joint token length across all splits …
01:53:19 INFO   observed max=444  -> max_seq_len=469  (scan 5.3s)
01:53:19 INFO loading datasets …
/mnt/localssd/automation/internship-causal-embedding/src/classifier/crossencoder/data.py:55: UserWarning: directional_test.jsonl: skipped 2 malformed line(s)
  warnings.warn(f"{path.name}: skipped {skipped} malformed line(s)")
01:53:20 INFO   train=13904  val=1676  test=1546
01:53:20 INFO building CrossEncoder2x  backbone=google-bert/bert-base-uncased  n_layers=24 …
Loading weights:   0%|          | 0/199 [00:00<?, ?it/s]Loading weights: 100%|██████████| 199/199 [00:00<00:00, 7884.25it/s]
[transformers] [1mBertModel LOAD REPORT[0m from: google-bert/bert-base-uncased
Key                                        | Status     |  | 
-------------------------------------------+------------+--+-
cls.predictions.bias                       | UNEXPECTED |  | 
cls.predictions.transform.dense.weight     | UNEXPECTED |  | 
cls.predictions.transform.LayerNorm.weight | UNEXPECTED |  | 
cls.predictions.transform.LayerNorm.bias   | UNEXPECTED |  | 
cls.seq_relationship.bias                  | UNEXPECTED |  | 
cls.predictions.transform.dense.bias       | UNEXPECTED |  | 
cls.seq_relationship.weight                | UNEXPECTED |  | 

Notes:
- UNEXPECTED:	can be ignored when loading from different task/architecture; not ok if you expect identical arch.
01:53:23 INFO   total params=194,537,473
01:53:23 INFO   total_steps=2607  warmup_steps=156
01:53:27 INFO   e1 opt_step=50/2607  loss=0.6946  acc=0.5513  lr=6.41e-06
01:53:31 INFO   e1 opt_step=100/2607  loss=0.7026  acc=0.5194  lr=1.28e-05
01:53:34 INFO   e1 opt_step=150/2607  loss=0.7019  acc=0.5162  lr=1.92e-05
01:53:38 INFO   e1 opt_step=200/2607  loss=0.7020  acc=0.5122  lr=1.96e-05
01:53:41 INFO   e1 opt_step=250/2607  loss=0.7008  acc=0.5130  lr=1.92e-05
01:53:45 INFO   e1 opt_step=300/2607  loss=0.7000  acc=0.5144  lr=1.88e-05
01:53:48 INFO   e1 opt_step=350/2607  loss=0.6999  acc=0.5143  lr=1.84e-05
01:53:52 INFO   e1 opt_step=400/2607  loss=0.7000  acc=0.5123  lr=1.80e-05
