12:42:41 INFO run_dir=/mnt/localssd/crossencoder_sweep/runs/new_aep_wf_scrap/e5-large-v2
12:42:41 INFO device=cuda:0  bf16=True  physical_gpu=1  CUDA_VISIBLE_DEVICES=1
12:42:41 INFO dataset=new_aep_wf_scrap  model=e5-large-v2  backbone=intfloat/e5-large-v2
12:42:41 INFO tokenizer <- intfloat/e5-large-v2
Warning: You are sending unauthenticated requests to the HF Hub. Please set a HF_TOKEN to enable higher rate limits and faster downloads.
12:42:41 INFO split files: ['directional_train.jsonl', 'directional_val.jsonl', 'directional_test.jsonl']
12:42:41 INFO scanning max JOINT token length across all splits ...
12:42:47 INFO   observed_max_joint=444 -> max_seq_len=469 (cap=512, scan=5.3s)
12:42:47 INFO loading datasets ...
12:42:47 INFO   schema=step  train=13904  val=1676  test=1548
12:42:47 INFO building CrossEncoderClassifier  backbone=intfloat/e5-large-v2
Loading weights:   0%|          | 0/391 [00:00<?, ?it/s]Loading weights: 100%|██████████| 391/391 [00:00<00:00, 7652.34it/s]
12:42:48 INFO   hidden_size=1024  trainable_params=335,142,913
12:42:48 INFO   total_steps=3476  warmup_steps=347
12:42:54 INFO   e1 step    50/869  loss=0.7298  acc=0.5312  lr0=2.88e-06 lr1=1.44e-04
12:42:58 INFO   e1 step   100/869  loss=0.7321  acc=0.5212  lr0=5.76e-06 lr1=2.88e-04
12:43:03 INFO   e1 step   150/869  loss=0.7375  acc=0.5179  lr0=8.65e-06 lr1=4.32e-04
12:43:07 INFO   e1 step   200/869  loss=0.7415  acc=0.5056  lr0=1.15e-05 lr1=5.76e-04
12:43:12 INFO   e1 step   250/869  loss=0.7383  acc=0.5095  lr0=1.44e-05 lr1=7.20e-04
12:43:16 INFO   e1 step   300/869  loss=0.7387  acc=0.5127  lr0=1.73e-05 lr1=8.65e-04
12:43:21 INFO   e1 step   350/869  loss=0.7403  acc=0.5102  lr0=2.00e-05 lr1=9.99e-04
12:43:25 INFO   e1 step   400/869  loss=0.7384  acc=0.5061  lr0=1.97e-05 lr1=9.83e-04
12:43:30 INFO   e1 step   450/869  loss=0.7395  acc=0.5074  lr0=1.93e-05 lr1=9.67e-04
12:43:35 INFO   e1 step   500/869  loss=0.7397  acc=0.5064  lr0=1.90e-05 lr1=9.51e-04
12:43:40 INFO   e1 step   550/869  loss=0.7399  acc=0.5072  lr0=1.87e-05 lr1=9.35e-04
12:43:45 INFO   e1 step   600/869  loss=0.7408  acc=0.5075  lr0=1.84e-05 lr1=9.19e-04
12:43:50 INFO   e1 step   650/869  loss=0.7389  acc=0.5071  lr0=1.81e-05 lr1=9.03e-04
12:43:54 INFO   e1 step   700/869  loss=0.7472  acc=0.5064  lr0=1.77e-05 lr1=8.87e-04
12:44:00 INFO   e1 step   750/869  loss=0.7464  acc=0.5062  lr0=1.74e-05 lr1=8.71e-04
12:44:05 INFO   e1 step   800/869  loss=0.7450  acc=0.5045  lr0=1.71e-05 lr1=8.55e-04
12:44:10 INFO   e1 step   850/869  loss=0.7455  acc=0.5051  lr0=1.68e-05 lr1=8.39e-04
12:44:14 INFO [epoch 1] train_loss=0.7450 train_acc=0.5042  val_loss=0.6962 val_acc=0.5000 val_auc=0.4982  elapsed=85.7s
12:44:15 INFO   saved best.pt  val_acc=0.5000
12:44:20 INFO   e2 step    50/869  loss=0.7157  acc=0.5200  lr0=1.63e-05 lr1=8.17e-04
12:44:24 INFO   e2 step   100/869  loss=0.7126  acc=0.5100  lr0=1.60e-05 lr1=8.01e-04
12:44:29 INFO   e2 step   150/869  loss=0.7093  acc=0.5171  lr0=1.57e-05 lr1=7.85e-04
12:44:33 INFO   e2 step   200/869  loss=0.7154  acc=0.5106  lr0=1.54e-05 lr1=7.69e-04
12:44:37 INFO   e2 step   250/869  loss=0.7149  acc=0.5115  lr0=1.51e-05 lr1=7.53e-04
12:44:42 INFO   e2 step   300/869  loss=0.7175  acc=0.5044  lr0=1.47e-05 lr1=7.37e-04
12:44:46 INFO   e2 step   350/869  loss=0.7195  acc=0.5023  lr0=1.44e-05 lr1=7.21e-04
12:44:51 INFO   e2 step   400/869  loss=0.7166  acc=0.5056  lr0=1.41e-05 lr1=7.05e-04
12:44:55 INFO   e2 step   450/869  loss=0.7169  acc=0.5049  lr0=1.38e-05 lr1=6.89e-04
12:45:00 INFO   e2 step   500/869  loss=0.7158  acc=0.5060  lr0=1.35e-05 lr1=6.73e-04
12:45:04 INFO   e2 step   550/869  loss=0.7164  acc=0.5031  lr0=1.31e-05 lr1=6.57e-04
12:45:08 INFO   e2 step   600/869  loss=0.7168  acc=0.5015  lr0=1.28e-05 lr1=6.41e-04
12:45:13 INFO   e2 step   650/869  loss=0.7152  acc=0.5038  lr0=1.25e-05 lr1=6.25e-04
12:45:17 INFO   e2 step   700/869  loss=0.7158  acc=0.5041  lr0=1.22e-05 lr1=6.09e-04
12:45:22 INFO   e2 step   750/869  loss=0.7153  acc=0.5026  lr0=1.19e-05 lr1=5.93e-04
12:45:26 INFO   e2 step   800/869  loss=0.7151  acc=0.5012  lr0=1.16e-05 lr1=5.78e-04
12:45:30 INFO   e2 step   850/869  loss=0.7142  acc=0.5010  lr0=1.12e-05 lr1=5.62e-04
12:45:34 INFO [epoch 2] train_loss=0.7142 train_acc=0.4998  val_loss=0.6935 val_acc=0.5000 val_auc=0.4916  elapsed=79.2s
12:45:39 INFO   e3 step    50/869  loss=0.6977  acc=0.5375  lr0=1.08e-05 lr1=5.39e-04
12:45:43 INFO   e3 step   100/869  loss=0.7033  acc=0.5194  lr0=1.05e-05 lr1=5.23e-04
12:45:47 INFO   e3 step   150/869  loss=0.7033  acc=0.5129  lr0=1.02e-05 lr1=5.08e-04
12:45:52 INFO   e3 step   200/869  loss=0.7027  acc=0.5153  lr0=9.83e-06 lr1=4.92e-04
12:45:56 INFO   e3 step   250/869  loss=0.7022  acc=0.5130  lr0=9.51e-06 lr1=4.76e-04
12:46:00 INFO   e3 step   300/869  loss=0.7026  acc=0.5112  lr0=9.19e-06 lr1=4.60e-04
12:46:05 INFO   e3 step   350/869  loss=0.7041  acc=0.5102  lr0=8.87e-06 lr1=4.44e-04
12:46:09 INFO   e3 step   400/869  loss=0.7041  acc=0.5050  lr0=8.55e-06 lr1=4.28e-04
12:46:14 INFO   e3 step   450/869  loss=0.7044  acc=0.5001  lr0=8.23e-06 lr1=4.12e-04
12:46:18 INFO   e3 step   500/869  loss=0.7041  acc=0.4989  lr0=7.91e-06 lr1=3.96e-04
12:46:22 INFO   e3 step   550/869  loss=0.7049  acc=0.4956  lr0=7.59e-06 lr1=3.80e-04
12:46:27 INFO   e3 step   600/869  loss=0.7045  acc=0.4963  lr0=7.27e-06 lr1=3.64e-04
12:46:31 INFO   e3 step   650/869  loss=0.7042  acc=0.4979  lr0=6.95e-06 lr1=3.48e-04
12:46:36 INFO   e3 step   700/869  loss=0.7037  acc=0.4972  lr0=6.63e-06 lr1=3.32e-04
12:46:40 INFO   e3 step   750/869  loss=0.7035  acc=0.4979  lr0=6.32e-06 lr1=3.16e-04
12:46:44 INFO   e3 step   800/869  loss=0.7035  acc=0.4968  lr0=6.00e-06 lr1=3.00e-04
12:46:49 INFO   e3 step   850/869  loss=0.7032  acc=0.4974  lr0=5.68e-06 lr1=2.84e-04
12:46:53 INFO [epoch 3] train_loss=0.7030 train_acc=0.4974  val_loss=0.6933 val_acc=0.5000 val_auc=0.5000  elapsed=78.3s
12:46:57 INFO   e4 step    50/869  loss=0.6988  acc=0.4850  lr0=5.23e-06 lr1=2.62e-04
12:47:01 INFO   e4 step   100/869  loss=0.6978  acc=0.5000  lr0=4.92e-06 lr1=2.46e-04
12:47:06 INFO   e4 step   150/869  loss=0.6997  acc=0.4963  lr0=4.60e-06 lr1=2.30e-04
12:47:10 INFO   e4 step   200/869  loss=0.6998  acc=0.4963  lr0=4.28e-06 lr1=2.14e-04
12:47:15 INFO   e4 step   250/869  loss=0.6998  acc=0.4945  lr0=3.96e-06 lr1=1.98e-04
12:47:19 INFO   e4 step   300/869  loss=0.6983  acc=0.4988  lr0=3.64e-06 lr1=1.82e-04
12:47:23 INFO   e4 step   350/869  loss=0.6985  acc=0.4973  lr0=3.32e-06 lr1=1.66e-04
12:47:28 INFO   e4 step   400/869  loss=0.6987  acc=0.4958  lr0=3.00e-06 lr1=1.50e-04
12:47:32 INFO   e4 step   450/869  loss=0.6985  acc=0.4950  lr0=2.68e-06 lr1=1.34e-04
12:47:36 INFO   e4 step   500/869  loss=0.6983  acc=0.4931  lr0=2.36e-06 lr1=1.18e-04
12:47:41 INFO   e4 step   550/869  loss=0.6982  acc=0.4936  lr0=2.04e-06 lr1=1.02e-04
12:47:45 INFO   e4 step   600/869  loss=0.6981  acc=0.4933  lr0=1.72e-06 lr1=8.60e-05
12:47:50 INFO   e4 step   650/869  loss=0.6982  acc=0.4923  lr0=1.40e-06 lr1=7.00e-05
12:47:54 INFO   e4 step   700/869  loss=0.6984  acc=0.4929  lr0=1.08e-06 lr1=5.40e-05
12:47:58 INFO   e4 step   750/869  loss=0.6983  acc=0.4928  lr0=7.61e-07 lr1=3.80e-05
12:48:03 INFO   e4 step   800/869  loss=0.6980  acc=0.4938  lr0=4.41e-07 lr1=2.21e-05
12:48:07 INFO   e4 step   850/869  loss=0.6979  acc=0.4935  lr0=1.21e-07 lr1=6.07e-06
12:48:11 INFO [epoch 4] train_loss=0.6978 train_acc=0.4946  val_loss=0.6931 val_acc=0.5000 val_auc=0.5000  elapsed=78.5s
12:48:12 INFO loading best.pt for test eval
12:48:15 INFO [test] loss=0.6961  acc=0.5000  auc=0.4910  f1=0.0000
12:48:15 INFO [done] run_summary.json written to /mnt/localssd/crossencoder_sweep/runs/new_aep_wf_scrap/e5-large-v2
