11:29:20 INFO run_dir=/mnt/localssd/crossencoder_sweep/runs/new_aep_wf_scrap/e5-large-v2
11:29:20 INFO device=cuda:0  bf16=True  physical_gpu=0  CUDA_VISIBLE_DEVICES=0
11:29:20 INFO dataset=new_aep_wf_scrap  model=e5-large-v2  backbone=intfloat/e5-large-v2
11:29:20 INFO tokenizer <- intfloat/e5-large-v2
11:29:20 INFO split files: ['directional_train.jsonl', 'directional_val.jsonl', 'directional_test.jsonl']
11:29:20 INFO scanning max JOINT token length across all splits ...
11:29:26 INFO   observed_max_joint=444 -> max_seq_len=469 (cap=512, scan=5.3s)
11:29:26 INFO loading datasets ...
11:29:26 INFO   schema=step  train=13904  val=1676  test=1548
11:29:26 INFO building CrossEncoderClassifier  backbone=intfloat/e5-large-v2
11:29:27 INFO   hidden_size=1024  trainable_params=335,142,913
11:29:27 INFO   total_steps=868  warmup_steps=52  grad_accum=4  eff_batch=64
11:29:35 INFO   e1 step    50/869  loss=0.7260  acc=0.5363  lr0=2.31e-06 lr1=2.31e-06
11:29:39 INFO   e1 step   100/869  loss=0.7262  acc=0.5238  lr0=4.81e-06 lr1=4.81e-06
11:29:42 INFO   e1 step   150/869  loss=0.7296  acc=0.5175  lr0=7.12e-06 lr1=7.12e-06
11:29:46 INFO   e1 step   200/869  loss=0.7293  acc=0.5178  lr0=9.62e-06 lr1=9.62e-06
11:29:50 INFO   e1 step   250/869  loss=0.7282  acc=0.5168  lr0=9.88e-06 lr1=9.88e-06
11:29:53 INFO   e1 step   300/869  loss=0.7319  acc=0.5127  lr0=9.72e-06 lr1=9.72e-06
11:29:57 INFO   e1 step   350/869  loss=0.7329  acc=0.5111  lr0=9.57e-06 lr1=9.57e-06
11:30:00 INFO   e1 step   400/869  loss=0.7325  acc=0.5109  lr0=9.41e-06 lr1=9.41e-06
11:30:04 INFO   e1 step   450/869  loss=0.7323  acc=0.5079  lr0=9.26e-06 lr1=9.26e-06
11:30:08 INFO   e1 step   500/869  loss=0.7336  acc=0.5051  lr0=9.11e-06 lr1=9.11e-06
11:30:11 INFO   e1 step   550/869  loss=0.7335  acc=0.5043  lr0=8.96e-06 lr1=8.96e-06
11:30:15 INFO   e1 step   600/869  loss=0.7335  acc=0.5030  lr0=8.80e-06 lr1=8.80e-06
11:30:18 INFO   e1 step   650/869  loss=0.7337  acc=0.5012  lr0=8.65e-06 lr1=8.65e-06
11:30:22 INFO   e1 step   700/869  loss=0.7336  acc=0.5006  lr0=8.49e-06 lr1=8.49e-06
11:30:26 INFO   e1 step   750/869  loss=0.7326  acc=0.5018  lr0=8.35e-06 lr1=8.35e-06
11:30:30 INFO   e1 step   800/869  loss=0.7320  acc=0.5002  lr0=8.19e-06 lr1=8.19e-06
11:30:33 INFO   e1 step   850/869  loss=0.7309  acc=0.5009  lr0=8.04e-06 lr1=8.04e-06
11:30:37 INFO [epoch 1] train_loss=0.7310 train_acc=0.5003  val_loss=0.7047 val_acc=0.5042 val_auc=0.5568  elapsed=69.4s
11:30:38 INFO   saved best.pt  val_acc=0.5042
11:30:42 INFO   e2 step    50/869  loss=0.7106  acc=0.5162  lr0=7.83e-06 lr1=7.83e-06
11:30:45 INFO   e2 step   100/869  loss=0.7079  acc=0.5169  lr0=7.67e-06 lr1=7.67e-06
11:30:49 INFO   e2 step   150/869  loss=0.7107  acc=0.5017  lr0=7.52e-06 lr1=7.52e-06
11:30:53 INFO   e2 step   200/869  loss=0.7101  acc=0.5056  lr0=7.37e-06 lr1=7.37e-06
11:30:56 INFO   e2 step   250/869  loss=0.7101  acc=0.5068  lr0=7.22e-06 lr1=7.22e-06
11:31:00 INFO   e2 step   300/869  loss=0.7100  acc=0.5085  lr0=7.06e-06 lr1=7.06e-06
11:31:03 INFO   e2 step   350/869  loss=0.7105  acc=0.5062  lr0=6.91e-06 lr1=6.91e-06
11:31:07 INFO   e2 step   400/869  loss=0.7100  acc=0.5069  lr0=6.75e-06 lr1=6.75e-06
11:31:11 INFO   e2 step   450/869  loss=0.7089  acc=0.5086  lr0=6.61e-06 lr1=6.61e-06
11:31:14 INFO   e2 step   500/869  loss=0.7079  acc=0.5089  lr0=6.45e-06 lr1=6.45e-06
11:31:18 INFO   e2 step   550/869  loss=0.7075  acc=0.5109  lr0=6.30e-06 lr1=6.30e-06
11:31:21 INFO   e2 step   600/869  loss=0.7069  acc=0.5124  lr0=6.14e-06 lr1=6.14e-06
11:31:25 INFO   e2 step   650/869  loss=0.7061  acc=0.5138  lr0=5.99e-06 lr1=5.99e-06
11:31:29 INFO   e2 step   700/869  loss=0.7062  acc=0.5147  lr0=5.83e-06 lr1=5.83e-06
11:31:32 INFO   e2 step   750/869  loss=0.7058  acc=0.5142  lr0=5.69e-06 lr1=5.69e-06
11:31:36 INFO   e2 step   800/869  loss=0.7057  acc=0.5141  lr0=5.53e-06 lr1=5.53e-06
11:31:39 INFO   e2 step   850/869  loss=0.7053  acc=0.5159  lr0=5.38e-06 lr1=5.38e-06
11:31:43 INFO [epoch 2] train_loss=0.7056 train_acc=0.5155  val_loss=0.6846 val_acc=0.5525 val_auc=0.5934  elapsed=65.1s
11:31:45 INFO   saved best.pt  val_acc=0.5525
11:31:49 INFO   e3 step    50/869  loss=0.7068  acc=0.5150  lr0=5.17e-06 lr1=5.17e-06
11:31:52 INFO   e3 step   100/869  loss=0.7086  acc=0.5200  lr0=5.01e-06 lr1=5.01e-06
11:31:56 INFO   e3 step   150/869  loss=0.7044  acc=0.5250  lr0=4.87e-06 lr1=4.87e-06
11:31:59 INFO   e3 step   200/869  loss=0.7032  acc=0.5231  lr0=4.71e-06 lr1=4.71e-06
11:32:03 INFO   e3 step   250/869  loss=0.6987  acc=0.5300  lr0=4.56e-06 lr1=4.56e-06
11:32:06 INFO   e3 step   300/869  loss=0.6985  acc=0.5317  lr0=4.40e-06 lr1=4.40e-06
11:32:10 INFO   e3 step   350/869  loss=0.6989  acc=0.5293  lr0=4.25e-06 lr1=4.25e-06
11:32:14 INFO   e3 step   400/869  loss=0.6984  acc=0.5306  lr0=4.09e-06 lr1=4.09e-06
11:32:17 INFO   e3 step   450/869  loss=0.6980  acc=0.5311  lr0=3.95e-06 lr1=3.95e-06
11:32:21 INFO   e3 step   500/869  loss=0.6984  acc=0.5294  lr0=3.79e-06 lr1=3.79e-06
11:32:25 INFO   e3 step   550/869  loss=0.6987  acc=0.5295  lr0=3.64e-06 lr1=3.64e-06
11:32:28 INFO   e3 step   600/869  loss=0.6989  acc=0.5294  lr0=3.48e-06 lr1=3.48e-06
11:32:32 INFO   e3 step   650/869  loss=0.6978  acc=0.5310  lr0=3.33e-06 lr1=3.33e-06
11:32:35 INFO   e3 step   700/869  loss=0.6976  acc=0.5312  lr0=3.17e-06 lr1=3.17e-06
11:32:39 INFO   e3 step   750/869  loss=0.6970  acc=0.5331  lr0=3.03e-06 lr1=3.03e-06
11:32:43 INFO   e3 step   800/869  loss=0.6965  acc=0.5352  lr0=2.87e-06 lr1=2.87e-06
11:32:46 INFO   e3 step   850/869  loss=0.6966  acc=0.5346  lr0=2.72e-06 lr1=2.72e-06
11:32:50 INFO [epoch 3] train_loss=0.6962 train_acc=0.5356  val_loss=0.6770 val_acc=0.5782 val_auc=0.6168  elapsed=65.1s
11:32:52 INFO   saved best.pt  val_acc=0.5782
11:32:55 INFO   e4 step    50/869  loss=0.6756  acc=0.5750  lr0=2.51e-06 lr1=2.51e-06
11:32:59 INFO   e4 step   100/869  loss=0.6762  acc=0.5675  lr0=2.35e-06 lr1=2.35e-06
11:33:03 INFO   e4 step   150/869  loss=0.6771  acc=0.5663  lr0=2.21e-06 lr1=2.21e-06
11:33:06 INFO   e4 step   200/869  loss=0.6799  acc=0.5650  lr0=2.05e-06 lr1=2.05e-06
11:33:10 INFO   e4 step   250/869  loss=0.6805  acc=0.5665  lr0=1.90e-06 lr1=1.90e-06
11:33:13 INFO   e4 step   300/869  loss=0.6805  acc=0.5660  lr0=1.74e-06 lr1=1.74e-06
11:33:17 INFO   e4 step   350/869  loss=0.6821  acc=0.5654  lr0=1.59e-06 lr1=1.59e-06
11:33:21 INFO   e4 step   400/869  loss=0.6810  acc=0.5711  lr0=1.43e-06 lr1=1.43e-06
11:33:24 INFO   e4 step   450/869  loss=0.6813  acc=0.5689  lr0=1.29e-06 lr1=1.29e-06
11:33:28 INFO   e4 step   500/869  loss=0.6835  acc=0.5633  lr0=1.13e-06 lr1=1.13e-06
11:33:32 INFO   e4 step   550/869  loss=0.6830  acc=0.5635  lr0=9.80e-07 lr1=9.80e-07
11:33:35 INFO   e4 step   600/869  loss=0.6833  acc=0.5622  lr0=8.21e-07 lr1=8.21e-07
11:33:39 INFO   e4 step   650/869  loss=0.6844  acc=0.5587  lr0=6.74e-07 lr1=6.74e-07
11:33:43 INFO   e4 step   700/869  loss=0.6841  acc=0.5604  lr0=5.15e-07 lr1=5.15e-07
11:33:47 INFO   e4 step   750/869  loss=0.6846  acc=0.5580  lr0=3.68e-07 lr1=3.68e-07
11:33:50 INFO   e4 step   800/869  loss=0.6851  acc=0.5576  lr0=2.08e-07 lr1=2.08e-07
11:33:54 INFO   e4 step   850/869  loss=0.6851  acc=0.5582  lr0=6.13e-08 lr1=6.13e-08
11:33:58 INFO [epoch 4] train_loss=0.6851 train_acc=0.5580  val_loss=0.6684 val_acc=0.5865 val_auc=0.6245  elapsed=66.0s
11:33:59 INFO   saved best.pt  val_acc=0.5865
11:34:01 INFO loading best.pt for test eval
11:34:03 INFO [test] loss=0.6755  acc=0.5646  auc=0.6020  f1=0.5905
11:34:03 INFO [done] run_summary.json written to /mnt/localssd/crossencoder_sweep/runs/new_aep_wf_scrap/e5-large-v2
