06:20:09 INFO run_dir=/mnt/localssd/crossencoder_sweep/runs/aep_dataset/e5-large-v2
06:20:09 INFO device=cuda:0  bf16=True  physical_gpu=2  CUDA_VISIBLE_DEVICES=2
06:20:09 INFO dataset=aep_dataset  model=e5-large-v2  backbone=intfloat/e5-large-v2
06:20:09 INFO tokenizer <- intfloat/e5-large-v2
06:20:09 INFO split files: ['directional_train.jsonl', 'directional_val.jsonl', 'directional_test.jsonl']
06:20:09 INFO scanning max JOINT token length across all splits ...
06:21:42 INFO   observed_max_joint=512 -> max_seq_len=512 (cap=512, scan=93.1s)
06:21:42 INFO loading datasets ...
06:21:43 INFO   schema=standard  train=67500  val=8460  test=8460
06:21:43 INFO building CrossEncoderClassifier  backbone=intfloat/e5-large-v2
06:21:45 INFO   hidden_size=1024  trainable_params=335,142,913
06:21:45 INFO   total_steps=16876  warmup_steps=1687
06:21:55 INFO   e1 step    50/4219  loss=0.7436  acc=0.5075  lr0=5.93e-07 lr1=2.96e-05
06:22:04 INFO   e1 step   100/4219  loss=0.7456  acc=0.5025  lr0=1.19e-06 lr1=5.93e-05
06:22:12 INFO   e1 step   150/4219  loss=0.7362  acc=0.5167  lr0=1.78e-06 lr1=8.89e-05
06:22:21 INFO   e1 step   200/4219  loss=0.7354  acc=0.5138  lr0=2.37e-06 lr1=1.19e-04
06:22:30 INFO   e1 step   250/4219  loss=0.7396  acc=0.4990  lr0=2.96e-06 lr1=1.48e-04
06:22:39 INFO   e1 step   300/4219  loss=0.7412  acc=0.4967  lr0=3.56e-06 lr1=1.78e-04
06:22:48 INFO   e1 step   350/4219  loss=0.7401  acc=0.4993  lr0=4.15e-06 lr1=2.07e-04
06:22:57 INFO   e1 step   400/4219  loss=0.7396  acc=0.4970  lr0=4.74e-06 lr1=2.37e-04
06:23:05 INFO   e1 step   450/4219  loss=0.7384  acc=0.4985  lr0=5.33e-06 lr1=2.67e-04
06:23:14 INFO   e1 step   500/4219  loss=0.7382  acc=0.4984  lr0=5.93e-06 lr1=2.96e-04
06:23:23 INFO   e1 step   550/4219  loss=0.7405  acc=0.4947  lr0=6.52e-06 lr1=3.26e-04
06:23:32 INFO   e1 step   600/4219  loss=0.7402  acc=0.4957  lr0=7.11e-06 lr1=3.56e-04
06:23:41 INFO   e1 step   650/4219  loss=0.7394  acc=0.4979  lr0=7.71e-06 lr1=3.85e-04
06:23:50 INFO   e1 step   700/4219  loss=0.7381  acc=0.4996  lr0=8.30e-06 lr1=4.15e-04
06:23:58 INFO   e1 step   750/4219  loss=0.7380  acc=0.4987  lr0=8.89e-06 lr1=4.45e-04
06:24:07 INFO   e1 step   800/4219  loss=0.7371  acc=0.5000  lr0=9.48e-06 lr1=4.74e-04
06:24:16 INFO   e1 step   850/4219  loss=0.7370  acc=0.4999  lr0=1.01e-05 lr1=5.04e-04
06:24:25 INFO   e1 step   900/4219  loss=0.7368  acc=0.4988  lr0=1.07e-05 lr1=5.33e-04
06:24:34 INFO   e1 step   950/4219  loss=0.7364  acc=0.4987  lr0=1.13e-05 lr1=5.63e-04
06:24:43 INFO   e1 step  1000/4219  loss=0.7358  acc=0.4988  lr0=1.19e-05 lr1=5.93e-04
06:24:51 INFO   e1 step  1050/4219  loss=0.7356  acc=0.4992  lr0=1.24e-05 lr1=6.22e-04
06:25:00 INFO   e1 step  1100/4219  loss=0.7373  acc=0.4995  lr0=1.30e-05 lr1=6.52e-04
06:25:09 INFO   e1 step  1150/4219  loss=0.7383  acc=0.4991  lr0=1.36e-05 lr1=6.82e-04
06:25:18 INFO   e1 step  1200/4219  loss=0.7391  acc=0.4982  lr0=1.42e-05 lr1=7.11e-04
06:25:27 INFO   e1 step  1250/4219  loss=0.7384  acc=0.4975  lr0=1.48e-05 lr1=7.41e-04
06:25:36 INFO   e1 step  1300/4219  loss=0.7382  acc=0.4975  lr0=1.54e-05 lr1=7.71e-04
06:25:45 INFO   e1 step  1350/4219  loss=0.7382  acc=0.4965  lr0=1.60e-05 lr1=8.00e-04
06:25:54 INFO   e1 step  1400/4219  loss=0.7377  acc=0.4972  lr0=1.66e-05 lr1=8.30e-04
06:26:02 INFO   e1 step  1450/4219  loss=0.7372  acc=0.4978  lr0=1.72e-05 lr1=8.60e-04
06:26:11 INFO   e1 step  1500/4219  loss=0.7366  acc=0.4984  lr0=1.78e-05 lr1=8.89e-04
06:26:20 INFO   e1 step  1550/4219  loss=0.7370  acc=0.4980  lr0=1.84e-05 lr1=9.19e-04
06:26:29 INFO   e1 step  1600/4219  loss=0.7367  acc=0.4982  lr0=1.90e-05 lr1=9.48e-04
06:26:38 INFO   e1 step  1650/4219  loss=0.7360  acc=0.4992  lr0=1.96e-05 lr1=9.78e-04
06:26:47 INFO   e1 step  1700/4219  loss=0.7358  acc=0.4983  lr0=2.00e-05 lr1=9.99e-04
06:26:55 INFO   e1 step  1750/4219  loss=0.7358  acc=0.4975  lr0=1.99e-05 lr1=9.96e-04
06:27:04 INFO   e1 step  1800/4219  loss=0.7353  acc=0.4975  lr0=1.99e-05 lr1=9.93e-04
06:27:13 INFO   e1 step  1850/4219  loss=0.7349  acc=0.4975  lr0=1.98e-05 lr1=9.89e-04
06:27:22 INFO   e1 step  1900/4219  loss=0.7347  acc=0.4979  lr0=1.97e-05 lr1=9.86e-04
06:27:31 INFO   e1 step  1950/4219  loss=0.7346  acc=0.4978  lr0=1.97e-05 lr1=9.83e-04
06:27:40 INFO   e1 step  2000/4219  loss=0.7339  acc=0.4983  lr0=1.96e-05 lr1=9.79e-04
06:27:48 INFO   e1 step  2050/4219  loss=0.7332  acc=0.4983  lr0=1.95e-05 lr1=9.76e-04
06:27:57 INFO   e1 step  2100/4219  loss=0.7327  acc=0.4986  lr0=1.95e-05 lr1=9.73e-04
06:28:06 INFO   e1 step  2150/4219  loss=0.7325  acc=0.4982  lr0=1.94e-05 lr1=9.70e-04
06:28:15 INFO   e1 step  2200/4219  loss=0.7321  acc=0.4980  lr0=1.93e-05 lr1=9.66e-04
06:28:24 INFO   e1 step  2250/4219  loss=0.7320  acc=0.4985  lr0=1.93e-05 lr1=9.63e-04
06:28:33 INFO   e1 step  2300/4219  loss=0.7315  acc=0.4986  lr0=1.92e-05 lr1=9.60e-04
06:28:41 INFO   e1 step  2350/4219  loss=0.7317  acc=0.4979  lr0=1.91e-05 lr1=9.56e-04
06:28:50 INFO   e1 step  2400/4219  loss=0.7310  acc=0.4985  lr0=1.91e-05 lr1=9.53e-04
06:28:59 INFO   e1 step  2450/4219  loss=0.7306  acc=0.4988  lr0=1.90e-05 lr1=9.50e-04
06:29:08 INFO   e1 step  2500/4219  loss=0.7302  acc=0.4987  lr0=1.89e-05 lr1=9.46e-04
06:29:17 INFO   e1 step  2550/4219  loss=0.7298  acc=0.4987  lr0=1.89e-05 lr1=9.43e-04
06:29:26 INFO   e1 step  2600/4219  loss=0.7297  acc=0.4988  lr0=1.88e-05 lr1=9.40e-04
06:29:35 INFO   e1 step  2650/4219  loss=0.7294  acc=0.4990  lr0=1.87e-05 lr1=9.37e-04
06:29:43 INFO   e1 step  2700/4219  loss=0.7295  acc=0.4995  lr0=1.87e-05 lr1=9.33e-04
06:29:52 INFO   e1 step  2750/4219  loss=0.7295  acc=0.4993  lr0=1.86e-05 lr1=9.30e-04
06:30:01 INFO   e1 step  2800/4219  loss=0.7293  acc=0.4990  lr0=1.85e-05 lr1=9.27e-04
06:30:10 INFO   e1 step  2850/4219  loss=0.7290  acc=0.4991  lr0=1.85e-05 lr1=9.23e-04
06:30:19 INFO   e1 step  2900/4219  loss=0.7287  acc=0.4992  lr0=1.84e-05 lr1=9.20e-04
06:30:28 INFO   e1 step  2950/4219  loss=0.7283  acc=0.4999  lr0=1.83e-05 lr1=9.17e-04
06:30:37 INFO   e1 step  3000/4219  loss=0.7281  acc=0.5000  lr0=1.83e-05 lr1=9.14e-04
06:30:45 INFO   e1 step  3050/4219  loss=0.7279  acc=0.4999  lr0=1.82e-05 lr1=9.10e-04
06:30:54 INFO   e1 step  3100/4219  loss=0.7277  acc=0.4995  lr0=1.81e-05 lr1=9.07e-04
06:31:03 INFO   e1 step  3150/4219  loss=0.7275  acc=0.4997  lr0=1.81e-05 lr1=9.04e-04
06:31:12 INFO   e1 step  3200/4219  loss=0.7272  acc=0.4997  lr0=1.80e-05 lr1=9.00e-04
06:31:21 INFO   e1 step  3250/4219  loss=0.7270  acc=0.4998  lr0=1.79e-05 lr1=8.97e-04
06:31:30 INFO   e1 step  3300/4219  loss=0.7269  acc=0.4995  lr0=1.79e-05 lr1=8.94e-04
06:31:38 INFO   e1 step  3350/4219  loss=0.7265  acc=0.4997  lr0=1.78e-05 lr1=8.91e-04
06:31:47 INFO   e1 step  3400/4219  loss=0.7263  acc=0.5000  lr0=1.77e-05 lr1=8.87e-04
06:31:56 INFO   e1 step  3450/4219  loss=0.7260  acc=0.5000  lr0=1.77e-05 lr1=8.84e-04
06:32:05 INFO   e1 step  3500/4219  loss=0.7257  acc=0.5001  lr0=1.76e-05 lr1=8.81e-04
06:32:14 INFO   e1 step  3550/4219  loss=0.7257  acc=0.5002  lr0=1.75e-05 lr1=8.77e-04
06:32:23 INFO   e1 step  3600/4219  loss=0.7255  acc=0.5001  lr0=1.75e-05 lr1=8.74e-04
06:32:31 INFO   e1 step  3650/4219  loss=0.7254  acc=0.4998  lr0=1.74e-05 lr1=8.71e-04
06:32:40 INFO   e1 step  3700/4219  loss=0.7254  acc=0.5000  lr0=1.73e-05 lr1=8.67e-04
06:32:49 INFO   e1 step  3750/4219  loss=0.7254  acc=0.4997  lr0=1.73e-05 lr1=8.64e-04
06:32:58 INFO   e1 step  3800/4219  loss=0.7252  acc=0.4996  lr0=1.72e-05 lr1=8.61e-04
06:33:07 INFO   e1 step  3850/4219  loss=0.7250  acc=0.4998  lr0=1.72e-05 lr1=8.58e-04
06:33:16 INFO   e1 step  3900/4219  loss=0.7248  acc=0.4997  lr0=1.71e-05 lr1=8.54e-04
06:33:25 INFO   e1 step  3950/4219  loss=0.7246  acc=0.4998  lr0=1.70e-05 lr1=8.51e-04
06:33:33 INFO   e1 step  4000/4219  loss=0.7244  acc=0.4997  lr0=1.70e-05 lr1=8.48e-04
06:33:42 INFO   e1 step  4050/4219  loss=0.7243  acc=0.4996  lr0=1.69e-05 lr1=8.44e-04
06:33:51 INFO   e1 step  4100/4219  loss=0.7241  acc=0.4996  lr0=1.68e-05 lr1=8.41e-04
06:34:00 INFO   e1 step  4150/4219  loss=0.7241  acc=0.4995  lr0=1.68e-05 lr1=8.38e-04
06:34:09 INFO   e1 step  4200/4219  loss=0.7239  acc=0.4994  lr0=1.67e-05 lr1=8.35e-04
06:34:34 INFO [epoch 1] train_loss=0.7239 train_acc=0.4994  val_loss=0.7297 val_acc=0.5028 val_auc=0.5000  elapsed=768.8s
06:34:35 INFO   saved best.pt  val_acc=0.5028
06:34:44 INFO   e2 step    50/4219  loss=0.7219  acc=0.4825  lr0=1.66e-05 lr1=8.30e-04
06:34:53 INFO   e2 step   100/4219  loss=0.7196  acc=0.4681  lr0=1.65e-05 lr1=8.27e-04
06:35:02 INFO   e2 step   150/4219  loss=0.7177  acc=0.4750  lr0=1.65e-05 lr1=8.23e-04
06:35:11 INFO   e2 step   200/4219  loss=0.7142  acc=0.4831  lr0=1.64e-05 lr1=8.20e-04
06:35:20 INFO   e2 step   250/4219  loss=0.7161  acc=0.4823  lr0=1.63e-05 lr1=8.17e-04
06:35:28 INFO   e2 step   300/4219  loss=0.7142  acc=0.4840  lr0=1.63e-05 lr1=8.14e-04
06:35:37 INFO   e2 step   350/4219  loss=0.7133  acc=0.4839  lr0=1.62e-05 lr1=8.10e-04
06:35:46 INFO   e2 step   400/4219  loss=0.7125  acc=0.4881  lr0=1.61e-05 lr1=8.07e-04
06:35:55 INFO   e2 step   450/4219  loss=0.7130  acc=0.4903  lr0=1.61e-05 lr1=8.04e-04
06:36:04 INFO   e2 step   500/4219  loss=0.7118  acc=0.4925  lr0=1.60e-05 lr1=8.00e-04
06:36:13 INFO   e2 step   550/4219  loss=0.7118  acc=0.4930  lr0=1.59e-05 lr1=7.97e-04
06:36:21 INFO   e2 step   600/4219  loss=0.7111  acc=0.4923  lr0=1.59e-05 lr1=7.94e-04
06:36:30 INFO   e2 step   650/4219  loss=0.7115  acc=0.4943  lr0=1.58e-05 lr1=7.91e-04
06:36:39 INFO   e2 step   700/4219  loss=0.7112  acc=0.4956  lr0=1.57e-05 lr1=7.87e-04
06:36:48 INFO   e2 step   750/4219  loss=0.7109  acc=0.4979  lr0=1.57e-05 lr1=7.84e-04
06:36:57 INFO   e2 step   800/4219  loss=0.7113  acc=0.4988  lr0=1.56e-05 lr1=7.81e-04
06:37:06 INFO   e2 step   850/4219  loss=0.7108  acc=0.4977  lr0=1.55e-05 lr1=7.77e-04
06:37:14 INFO   e2 step   900/4219  loss=0.7101  acc=0.4983  lr0=1.55e-05 lr1=7.74e-04
06:37:23 INFO   e2 step   950/4219  loss=0.7096  acc=0.4989  lr0=1.54e-05 lr1=7.71e-04
06:37:32 INFO   e2 step  1000/4219  loss=0.7098  acc=0.4982  lr0=1.53e-05 lr1=7.67e-04
06:37:41 INFO   e2 step  1050/4219  loss=0.7094  acc=0.4988  lr0=1.53e-05 lr1=7.64e-04
06:37:50 INFO   e2 step  1100/4219  loss=0.7090  acc=0.4990  lr0=1.52e-05 lr1=7.61e-04
06:37:59 INFO   e2 step  1150/4219  loss=0.7090  acc=0.5002  lr0=1.52e-05 lr1=7.58e-04
06:38:08 INFO   e2 step  1200/4219  loss=0.7096  acc=0.5000  lr0=1.51e-05 lr1=7.54e-04
06:38:16 INFO   e2 step  1250/4219  loss=0.7093  acc=0.5000  lr0=1.50e-05 lr1=7.51e-04
06:38:25 INFO   e2 step  1300/4219  loss=0.7095  acc=0.4992  lr0=1.50e-05 lr1=7.48e-04
06:38:34 INFO   e2 step  1350/4219  loss=0.7096  acc=0.4989  lr0=1.49e-05 lr1=7.44e-04
06:38:43 INFO   e2 step  1400/4219  loss=0.7100  acc=0.4976  lr0=1.48e-05 lr1=7.41e-04
06:38:52 INFO   e2 step  1450/4219  loss=0.7098  acc=0.4981  lr0=1.48e-05 lr1=7.38e-04
06:39:01 INFO   e2 step  1500/4219  loss=0.7097  acc=0.4979  lr0=1.47e-05 lr1=7.35e-04
06:39:10 INFO   e2 step  1550/4219  loss=0.7096  acc=0.4982  lr0=1.46e-05 lr1=7.31e-04
06:39:18 INFO   e2 step  1600/4219  loss=0.7093  acc=0.4984  lr0=1.46e-05 lr1=7.28e-04
06:39:27 INFO   e2 step  1650/4219  loss=0.7093  acc=0.4992  lr0=1.45e-05 lr1=7.25e-04
06:39:36 INFO   e2 step  1700/4219  loss=0.7090  acc=0.4997  lr0=1.44e-05 lr1=7.21e-04
06:39:45 INFO   e2 step  1750/4219  loss=0.7088  acc=0.4993  lr0=1.44e-05 lr1=7.18e-04
06:39:54 INFO   e2 step  1800/4219  loss=0.7086  acc=0.4998  lr0=1.43e-05 lr1=7.15e-04
06:40:03 INFO   e2 step  1850/4219  loss=0.7083  acc=0.5005  lr0=1.42e-05 lr1=7.12e-04
06:40:11 INFO   e2 step  1900/4219  loss=0.7082  acc=0.5003  lr0=1.42e-05 lr1=7.08e-04
06:40:20 INFO   e2 step  1950/4219  loss=0.7083  acc=0.5004  lr0=1.41e-05 lr1=7.05e-04
06:40:29 INFO   e2 step  2000/4219  loss=0.7084  acc=0.5002  lr0=1.40e-05 lr1=7.02e-04
06:40:38 INFO   e2 step  2050/4219  loss=0.7082  acc=0.5004  lr0=1.40e-05 lr1=6.98e-04
06:40:47 INFO   e2 step  2100/4219  loss=0.7080  acc=0.5004  lr0=1.39e-05 lr1=6.95e-04
06:40:55 INFO   e2 step  2150/4219  loss=0.7078  acc=0.5007  lr0=1.38e-05 lr1=6.92e-04
06:41:04 INFO   e2 step  2200/4219  loss=0.7078  acc=0.5003  lr0=1.38e-05 lr1=6.88e-04
06:41:13 INFO   e2 step  2250/4219  loss=0.7079  acc=0.4999  lr0=1.37e-05 lr1=6.85e-04
06:41:22 INFO   e2 step  2300/4219  loss=0.7080  acc=0.4998  lr0=1.36e-05 lr1=6.82e-04
06:41:31 INFO   e2 step  2350/4219  loss=0.7078  acc=0.4999  lr0=1.36e-05 lr1=6.79e-04
06:41:40 INFO   e2 step  2400/4219  loss=0.7074  acc=0.5007  lr0=1.35e-05 lr1=6.75e-04
06:41:48 INFO   e2 step  2450/4219  loss=0.7073  acc=0.5011  lr0=1.34e-05 lr1=6.72e-04
06:41:57 INFO   e2 step  2500/4219  loss=0.7073  acc=0.5012  lr0=1.34e-05 lr1=6.69e-04
06:42:06 INFO   e2 step  2550/4219  loss=0.7074  acc=0.5009  lr0=1.33e-05 lr1=6.65e-04
06:42:15 INFO   e2 step  2600/4219  loss=0.7074  acc=0.5004  lr0=1.32e-05 lr1=6.62e-04
06:42:24 INFO   e2 step  2650/4219  loss=0.7072  acc=0.5007  lr0=1.32e-05 lr1=6.59e-04
06:42:33 INFO   e2 step  2700/4219  loss=0.7070  acc=0.5011  lr0=1.31e-05 lr1=6.56e-04
06:42:42 INFO   e2 step  2750/4219  loss=0.7068  acc=0.5017  lr0=1.30e-05 lr1=6.52e-04
06:42:50 INFO   e2 step  2800/4219  loss=0.7070  acc=0.5012  lr0=1.30e-05 lr1=6.49e-04
06:42:59 INFO   e2 step  2850/4219  loss=0.7068  acc=0.5012  lr0=1.29e-05 lr1=6.46e-04
06:43:08 INFO   e2 step  2900/4219  loss=0.7068  acc=0.5011  lr0=1.28e-05 lr1=6.42e-04
06:43:17 INFO   e2 step  2950/4219  loss=0.7068  acc=0.5008  lr0=1.28e-05 lr1=6.39e-04
06:43:26 INFO   e2 step  3000/4219  loss=0.7068  acc=0.5009  lr0=1.27e-05 lr1=6.36e-04
06:43:35 INFO   e2 step  3050/4219  loss=0.7067  acc=0.5010  lr0=1.26e-05 lr1=6.32e-04
06:43:44 INFO   e2 step  3100/4219  loss=0.7066  acc=0.5008  lr0=1.26e-05 lr1=6.29e-04
06:43:52 INFO   e2 step  3150/4219  loss=0.7064  acc=0.5010  lr0=1.25e-05 lr1=6.26e-04
06:44:01 INFO   e2 step  3200/4219  loss=0.7064  acc=0.5010  lr0=1.25e-05 lr1=6.23e-04
06:44:10 INFO   e2 step  3250/4219  loss=0.7063  acc=0.5011  lr0=1.24e-05 lr1=6.19e-04
06:44:19 INFO   e2 step  3300/4219  loss=0.7064  acc=0.5010  lr0=1.23e-05 lr1=6.16e-04
06:44:28 INFO   e2 step  3350/4219  loss=0.7064  acc=0.5009  lr0=1.23e-05 lr1=6.13e-04
06:44:37 INFO   e2 step  3400/4219  loss=0.7063  acc=0.5008  lr0=1.22e-05 lr1=6.09e-04
06:44:45 INFO   e2 step  3450/4219  loss=0.7064  acc=0.5006  lr0=1.21e-05 lr1=6.06e-04
06:44:54 INFO   e2 step  3500/4219  loss=0.7066  acc=0.5002  lr0=1.21e-05 lr1=6.03e-04
06:45:03 INFO   e2 step  3550/4219  loss=0.7065  acc=0.5005  lr0=1.20e-05 lr1=6.00e-04
06:45:12 INFO   e2 step  3600/4219  loss=0.7065  acc=0.5004  lr0=1.19e-05 lr1=5.96e-04
06:45:21 INFO   e2 step  3650/4219  loss=0.7064  acc=0.5004  lr0=1.19e-05 lr1=5.93e-04
06:45:30 INFO   e2 step  3700/4219  loss=0.7063  acc=0.5002  lr0=1.18e-05 lr1=5.90e-04
06:45:38 INFO   e2 step  3750/4219  loss=0.7063  acc=0.5001  lr0=1.17e-05 lr1=5.86e-04
06:45:47 INFO   e2 step  3800/4219  loss=0.7063  acc=0.4998  lr0=1.17e-05 lr1=5.83e-04
06:45:56 INFO   e2 step  3850/4219  loss=0.7065  acc=0.4995  lr0=1.16e-05 lr1=5.80e-04
06:46:05 INFO   e2 step  3900/4219  loss=0.7065  acc=0.4994  lr0=1.15e-05 lr1=5.77e-04
06:46:14 INFO   e2 step  3950/4219  loss=0.7065  acc=0.4992  lr0=1.15e-05 lr1=5.73e-04
06:46:22 INFO   e2 step  4000/4219  loss=0.7065  acc=0.4993  lr0=1.14e-05 lr1=5.70e-04
06:46:31 INFO   e2 step  4050/4219  loss=0.7066  acc=0.4993  lr0=1.13e-05 lr1=5.67e-04
06:46:40 INFO   e2 step  4100/4219  loss=0.7066  acc=0.4993  lr0=1.13e-05 lr1=5.63e-04
06:46:49 INFO   e2 step  4150/4219  loss=0.7065  acc=0.4994  lr0=1.12e-05 lr1=5.60e-04
06:46:58 INFO   e2 step  4200/4219  loss=0.7064  acc=0.4993  lr0=1.11e-05 lr1=5.57e-04
06:47:23 INFO [epoch 2] train_loss=0.7065 train_acc=0.4992  val_loss=0.6947 val_acc=0.5028 val_auc=0.5000  elapsed=767.5s
06:47:32 INFO   e3 step    50/4219  loss=0.7021  acc=0.5225  lr0=1.10e-05 lr1=5.52e-04
06:47:41 INFO   e3 step   100/4219  loss=0.7045  acc=0.5119  lr0=1.10e-05 lr1=5.49e-04
06:47:49 INFO   e3 step   150/4219  loss=0.7048  acc=0.4967  lr0=1.09e-05 lr1=5.46e-04
06:47:58 INFO   e3 step   200/4219  loss=0.7036  acc=0.4916  lr0=1.08e-05 lr1=5.42e-04
06:48:07 INFO   e3 step   250/4219  loss=0.7023  acc=0.4985  lr0=1.08e-05 lr1=5.39e-04
06:48:16 INFO   e3 step   300/4219  loss=0.7018  acc=0.4977  lr0=1.07e-05 lr1=5.36e-04
06:48:25 INFO   e3 step   350/4219  loss=0.7017  acc=0.4964  lr0=1.06e-05 lr1=5.32e-04
06:48:34 INFO   e3 step   400/4219  loss=0.7015  acc=0.4983  lr0=1.06e-05 lr1=5.29e-04
06:48:43 INFO   e3 step   450/4219  loss=0.7009  acc=0.5028  lr0=1.05e-05 lr1=5.26e-04
06:48:51 INFO   e3 step   500/4219  loss=0.7016  acc=0.4995  lr0=1.05e-05 lr1=5.23e-04
06:49:00 INFO   e3 step   550/4219  loss=0.7013  acc=0.5007  lr0=1.04e-05 lr1=5.19e-04
06:49:09 INFO   e3 step   600/4219  loss=0.7007  acc=0.5039  lr0=1.03e-05 lr1=5.16e-04
06:49:18 INFO   e3 step   650/4219  loss=0.7004  acc=0.5040  lr0=1.03e-05 lr1=5.13e-04
06:49:27 INFO   e3 step   700/4219  loss=0.7008  acc=0.5021  lr0=1.02e-05 lr1=5.09e-04
06:49:35 INFO   e3 step   750/4219  loss=0.7009  acc=0.5019  lr0=1.01e-05 lr1=5.06e-04
06:49:44 INFO   e3 step   800/4219  loss=0.7009  acc=0.4999  lr0=1.01e-05 lr1=5.03e-04
06:49:53 INFO   e3 step   850/4219  loss=0.7008  acc=0.5014  lr0=9.99e-06 lr1=5.00e-04
06:50:02 INFO   e3 step   900/4219  loss=0.7010  acc=0.5017  lr0=9.93e-06 lr1=4.96e-04
06:50:11 INFO   e3 step   950/4219  loss=0.7009  acc=0.5025  lr0=9.86e-06 lr1=4.93e-04
06:50:20 INFO   e3 step  1000/4219  loss=0.7008  acc=0.5028  lr0=9.79e-06 lr1=4.90e-04
06:50:29 INFO   e3 step  1050/4219  loss=0.7018  acc=0.5032  lr0=9.73e-06 lr1=4.86e-04
06:50:37 INFO   e3 step  1100/4219  loss=0.7019  acc=0.5031  lr0=9.66e-06 lr1=4.83e-04
06:50:46 INFO   e3 step  1150/4219  loss=0.7017  acc=0.5040  lr0=9.60e-06 lr1=4.80e-04
06:50:55 INFO   e3 step  1200/4219  loss=0.7016  acc=0.5041  lr0=9.53e-06 lr1=4.77e-04
06:51:04 INFO   e3 step  1250/4219  loss=0.7018  acc=0.5052  lr0=9.46e-06 lr1=4.73e-04
06:51:13 INFO   e3 step  1300/4219  loss=0.7021  acc=0.5047  lr0=9.40e-06 lr1=4.70e-04
06:51:21 INFO   e3 step  1350/4219  loss=0.7021  acc=0.5046  lr0=9.33e-06 lr1=4.67e-04
06:51:30 INFO   e3 step  1400/4219  loss=0.7018  acc=0.5056  lr0=9.27e-06 lr1=4.63e-04
06:51:39 INFO   e3 step  1450/4219  loss=0.7017  acc=0.5053  lr0=9.20e-06 lr1=4.60e-04
06:51:48 INFO   e3 step  1500/4219  loss=0.7017  acc=0.5049  lr0=9.14e-06 lr1=4.57e-04
06:51:57 INFO   e3 step  1550/4219  loss=0.7016  acc=0.5049  lr0=9.07e-06 lr1=4.53e-04
06:52:06 INFO   e3 step  1600/4219  loss=0.7015  acc=0.5046  lr0=9.00e-06 lr1=4.50e-04
06:52:15 INFO   e3 step  1650/4219  loss=0.7016  acc=0.5034  lr0=8.94e-06 lr1=4.47e-04
06:52:24 INFO   e3 step  1700/4219  loss=0.7018  acc=0.5028  lr0=8.87e-06 lr1=4.44e-04
06:52:32 INFO   e3 step  1750/4219  loss=0.7016  acc=0.5031  lr0=8.81e-06 lr1=4.40e-04
06:52:41 INFO   e3 step  1800/4219  loss=0.7017  acc=0.5028  lr0=8.74e-06 lr1=4.37e-04
06:52:50 INFO   e3 step  1850/4219  loss=0.7018  acc=0.5035  lr0=8.67e-06 lr1=4.34e-04
06:52:59 INFO   e3 step  1900/4219  loss=0.7018  acc=0.5034  lr0=8.61e-06 lr1=4.30e-04
06:53:08 INFO   e3 step  1950/4219  loss=0.7020  acc=0.5025  lr0=8.54e-06 lr1=4.27e-04
06:53:16 INFO   e3 step  2000/4219  loss=0.7019  acc=0.5018  lr0=8.48e-06 lr1=4.24e-04
06:53:25 INFO   e3 step  2050/4219  loss=0.7018  acc=0.5020  lr0=8.41e-06 lr1=4.21e-04
06:53:34 INFO   e3 step  2100/4219  loss=0.7016  acc=0.5028  lr0=8.35e-06 lr1=4.17e-04
06:53:43 INFO   e3 step  2150/4219  loss=0.7015  acc=0.5024  lr0=8.28e-06 lr1=4.14e-04
06:53:52 INFO   e3 step  2200/4219  loss=0.7013  acc=0.5026  lr0=8.21e-06 lr1=4.11e-04
06:54:01 INFO   e3 step  2250/4219  loss=0.7013  acc=0.5022  lr0=8.15e-06 lr1=4.07e-04
06:54:09 INFO   e3 step  2300/4219  loss=0.7012  acc=0.5029  lr0=8.08e-06 lr1=4.04e-04
06:54:18 INFO   e3 step  2350/4219  loss=0.7013  acc=0.5029  lr0=8.02e-06 lr1=4.01e-04
06:54:27 INFO   e3 step  2400/4219  loss=0.7013  acc=0.5027  lr0=7.95e-06 lr1=3.98e-04
06:54:36 INFO   e3 step  2450/4219  loss=0.7012  acc=0.5029  lr0=7.88e-06 lr1=3.94e-04
06:54:45 INFO   e3 step  2500/4219  loss=0.7011  acc=0.5031  lr0=7.82e-06 lr1=3.91e-04
06:54:54 INFO   e3 step  2550/4219  loss=0.7012  acc=0.5024  lr0=7.75e-06 lr1=3.88e-04
06:55:02 INFO   e3 step  2600/4219  loss=0.7011  acc=0.5024  lr0=7.69e-06 lr1=3.84e-04
06:55:11 INFO   e3 step  2650/4219  loss=0.7011  acc=0.5024  lr0=7.62e-06 lr1=3.81e-04
06:55:20 INFO   e3 step  2700/4219  loss=0.7010  acc=0.5027  lr0=7.56e-06 lr1=3.78e-04
06:55:29 INFO   e3 step  2750/4219  loss=0.7010  acc=0.5025  lr0=7.49e-06 lr1=3.74e-04
06:55:38 INFO   e3 step  2800/4219  loss=0.7009  acc=0.5023  lr0=7.42e-06 lr1=3.71e-04
06:55:47 INFO   e3 step  2850/4219  loss=0.7009  acc=0.5021  lr0=7.36e-06 lr1=3.68e-04
06:55:55 INFO   e3 step  2900/4219  loss=0.7009  acc=0.5019  lr0=7.29e-06 lr1=3.65e-04
06:56:04 INFO   e3 step  2950/4219  loss=0.7008  acc=0.5020  lr0=7.23e-06 lr1=3.61e-04
06:56:13 INFO   e3 step  3000/4219  loss=0.7008  acc=0.5019  lr0=7.16e-06 lr1=3.58e-04
06:56:22 INFO   e3 step  3050/4219  loss=0.7008  acc=0.5020  lr0=7.09e-06 lr1=3.55e-04
06:56:31 INFO   e3 step  3100/4219  loss=0.7007  acc=0.5022  lr0=7.03e-06 lr1=3.51e-04
06:56:40 INFO   e3 step  3150/4219  loss=0.7006  acc=0.5028  lr0=6.96e-06 lr1=3.48e-04
06:56:48 INFO   e3 step  3200/4219  loss=0.7005  acc=0.5027  lr0=6.90e-06 lr1=3.45e-04
06:56:57 INFO   e3 step  3250/4219  loss=0.7005  acc=0.5028  lr0=6.83e-06 lr1=3.42e-04
06:57:06 INFO   e3 step  3300/4219  loss=0.7005  acc=0.5027  lr0=6.77e-06 lr1=3.38e-04
06:57:15 INFO   e3 step  3350/4219  loss=0.7004  acc=0.5030  lr0=6.70e-06 lr1=3.35e-04
06:57:24 INFO   e3 step  3400/4219  loss=0.7004  acc=0.5035  lr0=6.63e-06 lr1=3.32e-04
06:57:33 INFO   e3 step  3450/4219  loss=0.7003  acc=0.5037  lr0=6.57e-06 lr1=3.28e-04
06:57:41 INFO   e3 step  3500/4219  loss=0.7002  acc=0.5038  lr0=6.50e-06 lr1=3.25e-04
06:57:50 INFO   e3 step  3550/4219  loss=0.7001  acc=0.5036  lr0=6.44e-06 lr1=3.22e-04
06:57:59 INFO   e3 step  3600/4219  loss=0.7001  acc=0.5039  lr0=6.37e-06 lr1=3.19e-04
06:58:08 INFO   e3 step  3650/4219  loss=0.7001  acc=0.5037  lr0=6.30e-06 lr1=3.15e-04
06:58:17 INFO   e3 step  3700/4219  loss=0.7002  acc=0.5035  lr0=6.24e-06 lr1=3.12e-04
06:58:25 INFO   e3 step  3750/4219  loss=0.7002  acc=0.5035  lr0=6.17e-06 lr1=3.09e-04
06:58:34 INFO   e3 step  3800/4219  loss=0.7001  acc=0.5039  lr0=6.11e-06 lr1=3.05e-04
06:58:43 INFO   e3 step  3850/4219  loss=0.7001  acc=0.5038  lr0=6.04e-06 lr1=3.02e-04
06:58:52 INFO   e3 step  3900/4219  loss=0.7001  acc=0.5034  lr0=5.98e-06 lr1=2.99e-04
06:59:01 INFO   e3 step  3950/4219  loss=0.7000  acc=0.5038  lr0=5.91e-06 lr1=2.95e-04
06:59:10 INFO   e3 step  4000/4219  loss=0.6999  acc=0.5040  lr0=5.84e-06 lr1=2.92e-04
06:59:18 INFO   e3 step  4050/4219  loss=0.6999  acc=0.5037  lr0=5.78e-06 lr1=2.89e-04
06:59:27 INFO   e3 step  4100/4219  loss=0.6998  acc=0.5040  lr0=5.71e-06 lr1=2.86e-04
06:59:36 INFO   e3 step  4150/4219  loss=0.6999  acc=0.5038  lr0=5.65e-06 lr1=2.82e-04
06:59:45 INFO   e3 step  4200/4219  loss=0.6999  acc=0.5036  lr0=5.58e-06 lr1=2.79e-04
07:00:10 INFO [epoch 3] train_loss=0.6999 train_acc=0.5035  val_loss=0.6984 val_acc=0.5028 val_auc=0.5000  elapsed=767.1s
07:00:19 INFO   e4 step    50/4219  loss=0.6931  acc=0.5150  lr0=5.49e-06 lr1=2.74e-04
07:00:28 INFO   e4 step   100/4219  loss=0.6936  acc=0.5225  lr0=5.42e-06 lr1=2.71e-04
07:00:36 INFO   e4 step   150/4219  loss=0.6942  acc=0.5233  lr0=5.36e-06 lr1=2.68e-04
07:00:45 INFO   e4 step   200/4219  loss=0.6941  acc=0.5244  lr0=5.29e-06 lr1=2.65e-04
07:00:54 INFO   e4 step   250/4219  loss=0.6949  acc=0.5175  lr0=5.23e-06 lr1=2.61e-04
07:01:03 INFO   e4 step   300/4219  loss=0.6955  acc=0.5185  lr0=5.16e-06 lr1=2.58e-04
07:01:12 INFO   e4 step   350/4219  loss=0.6961  acc=0.5138  lr0=5.09e-06 lr1=2.55e-04
07:01:21 INFO   e4 step   400/4219  loss=0.6961  acc=0.5136  lr0=5.03e-06 lr1=2.51e-04
07:01:30 INFO   e4 step   450/4219  loss=0.6961  acc=0.5128  lr0=4.96e-06 lr1=2.48e-04
07:01:38 INFO   e4 step   500/4219  loss=0.6963  acc=0.5125  lr0=4.90e-06 lr1=2.45e-04
07:01:47 INFO   e4 step   550/4219  loss=0.6964  acc=0.5098  lr0=4.83e-06 lr1=2.42e-04
07:01:56 INFO   e4 step   600/4219  loss=0.6970  acc=0.5085  lr0=4.77e-06 lr1=2.38e-04
07:02:05 INFO   e4 step   650/4219  loss=0.6967  acc=0.5092  lr0=4.70e-06 lr1=2.35e-04
07:02:14 INFO   e4 step   700/4219  loss=0.6969  acc=0.5081  lr0=4.63e-06 lr1=2.32e-04
07:02:22 INFO   e4 step   750/4219  loss=0.6968  acc=0.5074  lr0=4.57e-06 lr1=2.28e-04
07:02:31 INFO   e4 step   800/4219  loss=0.6965  acc=0.5077  lr0=4.50e-06 lr1=2.25e-04
07:02:40 INFO   e4 step   850/4219  loss=0.6965  acc=0.5076  lr0=4.44e-06 lr1=2.22e-04
07:02:49 INFO   e4 step   900/4219  loss=0.6970  acc=0.5060  lr0=4.37e-06 lr1=2.19e-04
07:02:58 INFO   e4 step   950/4219  loss=0.6968  acc=0.5067  lr0=4.30e-06 lr1=2.15e-04
07:03:07 INFO   e4 step  1000/4219  loss=0.6967  acc=0.5068  lr0=4.24e-06 lr1=2.12e-04
07:03:15 INFO   e4 step  1050/4219  loss=0.6968  acc=0.5064  lr0=4.17e-06 lr1=2.09e-04
07:03:24 INFO   e4 step  1100/4219  loss=0.6966  acc=0.5062  lr0=4.11e-06 lr1=2.05e-04
07:03:33 INFO   e4 step  1150/4219  loss=0.6965  acc=0.5077  lr0=4.04e-06 lr1=2.02e-04
07:03:42 INFO   e4 step  1200/4219  loss=0.6963  acc=0.5084  lr0=3.98e-06 lr1=1.99e-04
07:03:51 INFO   e4 step  1250/4219  loss=0.6963  acc=0.5084  lr0=3.91e-06 lr1=1.95e-04
07:03:59 INFO   e4 step  1300/4219  loss=0.6962  acc=0.5086  lr0=3.84e-06 lr1=1.92e-04
07:04:08 INFO   e4 step  1350/4219  loss=0.6961  acc=0.5092  lr0=3.78e-06 lr1=1.89e-04
07:04:17 INFO   e4 step  1400/4219  loss=0.6960  acc=0.5101  lr0=3.71e-06 lr1=1.86e-04
07:04:26 INFO   e4 step  1450/4219  loss=0.6960  acc=0.5097  lr0=3.65e-06 lr1=1.82e-04
07:04:35 INFO   e4 step  1500/4219  loss=0.6960  acc=0.5093  lr0=3.58e-06 lr1=1.79e-04
07:04:44 INFO   e4 step  1550/4219  loss=0.6959  acc=0.5093  lr0=3.51e-06 lr1=1.76e-04
07:04:52 INFO   e4 step  1600/4219  loss=0.6959  acc=0.5090  lr0=3.45e-06 lr1=1.72e-04
07:05:01 INFO   e4 step  1650/4219  loss=0.6959  acc=0.5093  lr0=3.38e-06 lr1=1.69e-04
07:05:10 INFO   e4 step  1700/4219  loss=0.6958  acc=0.5095  lr0=3.32e-06 lr1=1.66e-04
07:05:19 INFO   e4 step  1750/4219  loss=0.6957  acc=0.5093  lr0=3.25e-06 lr1=1.63e-04
07:05:28 INFO   e4 step  1800/4219  loss=0.6958  acc=0.5082  lr0=3.19e-06 lr1=1.59e-04
07:05:37 INFO   e4 step  1850/4219  loss=0.6959  acc=0.5074  lr0=3.12e-06 lr1=1.56e-04
07:05:45 INFO   e4 step  1900/4219  loss=0.6958  acc=0.5070  lr0=3.05e-06 lr1=1.53e-04
07:05:54 INFO   e4 step  1950/4219  loss=0.6959  acc=0.5067  lr0=2.99e-06 lr1=1.49e-04
07:06:03 INFO   e4 step  2000/4219  loss=0.6959  acc=0.5066  lr0=2.92e-06 lr1=1.46e-04
07:06:12 INFO   e4 step  2050/4219  loss=0.6959  acc=0.5062  lr0=2.86e-06 lr1=1.43e-04
07:06:21 INFO   e4 step  2100/4219  loss=0.6959  acc=0.5064  lr0=2.79e-06 lr1=1.40e-04
07:06:30 INFO   e4 step  2150/4219  loss=0.6960  acc=0.5062  lr0=2.72e-06 lr1=1.36e-04
07:06:39 INFO   e4 step  2200/4219  loss=0.6960  acc=0.5056  lr0=2.66e-06 lr1=1.33e-04
07:06:47 INFO   e4 step  2250/4219  loss=0.6962  acc=0.5043  lr0=2.59e-06 lr1=1.30e-04
07:06:56 INFO   e4 step  2300/4219  loss=0.6962  acc=0.5037  lr0=2.53e-06 lr1=1.26e-04
07:07:05 INFO   e4 step  2350/4219  loss=0.6962  acc=0.5032  lr0=2.46e-06 lr1=1.23e-04
07:07:14 INFO   e4 step  2400/4219  loss=0.6962  acc=0.5033  lr0=2.40e-06 lr1=1.20e-04
07:07:23 INFO   e4 step  2450/4219  loss=0.6962  acc=0.5030  lr0=2.33e-06 lr1=1.16e-04
07:07:31 INFO   e4 step  2500/4219  loss=0.6962  acc=0.5033  lr0=2.26e-06 lr1=1.13e-04
07:07:40 INFO   e4 step  2550/4219  loss=0.6961  acc=0.5033  lr0=2.20e-06 lr1=1.10e-04
07:07:49 INFO   e4 step  2600/4219  loss=0.6961  acc=0.5033  lr0=2.13e-06 lr1=1.07e-04
07:07:58 INFO   e4 step  2650/4219  loss=0.6961  acc=0.5027  lr0=2.07e-06 lr1=1.03e-04
07:08:07 INFO   e4 step  2700/4219  loss=0.6961  acc=0.5027  lr0=2.00e-06 lr1=1.00e-04
07:08:16 INFO   e4 step  2750/4219  loss=0.6961  acc=0.5025  lr0=1.93e-06 lr1=9.67e-05
07:08:24 INFO   e4 step  2800/4219  loss=0.6961  acc=0.5020  lr0=1.87e-06 lr1=9.34e-05
07:08:33 INFO   e4 step  2850/4219  loss=0.6961  acc=0.5015  lr0=1.80e-06 lr1=9.01e-05
07:08:42 INFO   e4 step  2900/4219  loss=0.6961  acc=0.5010  lr0=1.74e-06 lr1=8.68e-05
07:08:51 INFO   e4 step  2950/4219  loss=0.6961  acc=0.5004  lr0=1.67e-06 lr1=8.35e-05
07:09:00 INFO   e4 step  3000/4219  loss=0.6961  acc=0.5008  lr0=1.61e-06 lr1=8.03e-05
07:09:09 INFO   e4 step  3050/4219  loss=0.6960  acc=0.5007  lr0=1.54e-06 lr1=7.70e-05
07:09:17 INFO   e4 step  3100/4219  loss=0.6960  acc=0.5003  lr0=1.47e-06 lr1=7.37e-05
07:09:26 INFO   e4 step  3150/4219  loss=0.6960  acc=0.5001  lr0=1.41e-06 lr1=7.04e-05
07:09:35 INFO   e4 step  3200/4219  loss=0.6960  acc=0.5000  lr0=1.34e-06 lr1=6.71e-05
07:09:44 INFO   e4 step  3250/4219  loss=0.6959  acc=0.5002  lr0=1.28e-06 lr1=6.38e-05
07:09:53 INFO   e4 step  3300/4219  loss=0.6959  acc=0.5005  lr0=1.21e-06 lr1=6.05e-05
07:10:02 INFO   e4 step  3350/4219  loss=0.6959  acc=0.5004  lr0=1.14e-06 lr1=5.72e-05
07:10:10 INFO   e4 step  3400/4219  loss=0.6959  acc=0.5005  lr0=1.08e-06 lr1=5.39e-05
07:10:19 INFO   e4 step  3450/4219  loss=0.6959  acc=0.5002  lr0=1.01e-06 lr1=5.06e-05
07:10:28 INFO   e4 step  3500/4219  loss=0.6959  acc=0.5004  lr0=9.47e-07 lr1=4.73e-05
07:10:37 INFO   e4 step  3550/4219  loss=0.6959  acc=0.5002  lr0=8.81e-07 lr1=4.40e-05
07:10:46 INFO   e4 step  3600/4219  loss=0.6959  acc=0.5002  lr0=8.15e-07 lr1=4.08e-05
07:10:55 INFO   e4 step  3650/4219  loss=0.6959  acc=0.5003  lr0=7.49e-07 lr1=3.75e-05
07:11:03 INFO   e4 step  3700/4219  loss=0.6958  acc=0.5002  lr0=6.83e-07 lr1=3.42e-05
07:11:12 INFO   e4 step  3750/4219  loss=0.6958  acc=0.5006  lr0=6.18e-07 lr1=3.09e-05
07:11:21 INFO   e4 step  3800/4219  loss=0.6958  acc=0.5007  lr0=5.52e-07 lr1=2.76e-05
07:11:30 INFO   e4 step  3850/4219  loss=0.6958  acc=0.5004  lr0=4.86e-07 lr1=2.43e-05
07:11:39 INFO   e4 step  3900/4219  loss=0.6958  acc=0.5002  lr0=4.20e-07 lr1=2.10e-05
07:11:47 INFO   e4 step  3950/4219  loss=0.6958  acc=0.5004  lr0=3.54e-07 lr1=1.77e-05
07:11:56 INFO   e4 step  4000/4219  loss=0.6958  acc=0.5004  lr0=2.88e-07 lr1=1.44e-05
07:12:05 INFO   e4 step  4050/4219  loss=0.6957  acc=0.5006  lr0=2.23e-07 lr1=1.11e-05
07:12:14 INFO   e4 step  4100/4219  loss=0.6957  acc=0.5008  lr0=1.57e-07 lr1=7.83e-06
07:12:23 INFO   e4 step  4150/4219  loss=0.6956  acc=0.5010  lr0=9.09e-08 lr1=4.54e-06
07:12:31 INFO   e4 step  4200/4219  loss=0.6957  acc=0.5005  lr0=2.50e-08 lr1=1.25e-06
07:12:56 INFO [epoch 4] train_loss=0.6957 train_acc=0.5007  val_loss=0.6932 val_acc=0.5028 val_auc=0.5000  elapsed=766.5s
07:12:58 INFO loading best.pt for test eval
07:13:20 INFO [test] loss=0.7253  acc=0.5106  auc=0.5000  f1=0.6761
07:13:20 INFO [done] run_summary.json written to /mnt/localssd/crossencoder_sweep/runs/aep_dataset/e5-large-v2
