12:22:10 INFO run_dir=/mnt/localssd/crossencoder_sweep/runs/ajo_newstyle/bge-large-en-v1.5
12:22:10 INFO device=cuda:0  bf16=True  physical_gpu=1  CUDA_VISIBLE_DEVICES=1
12:22:10 INFO dataset=ajo_newstyle  model=bge-large-en-v1.5  backbone=BAAI/bge-large-en-v1.5
12:22:10 INFO tokenizer <- BAAI/bge-large-en-v1.5
Warning: You are sending unauthenticated requests to the HF Hub. Please set a HF_TOKEN to enable higher rate limits and faster downloads.
12:22:11 INFO split files: ['train.jsonl', 'val.jsonl', 'test.jsonl']
12:22:11 INFO scanning max JOINT token length across all splits ...
12:22:52 INFO   observed_max_joint=512 -> max_seq_len=512 (cap=512, scan=41.2s)
12:22:52 INFO loading datasets ...
12:22:52 INFO   schema=newstyle  train=20897  val=2612  test=2613
12:22:52 INFO building CrossEncoderClassifier  backbone=BAAI/bge-large-en-v1.5
Loading weights:   0%|          | 0/391 [00:00<?, ?it/s]Loading weights: 100%|██████████| 391/391 [00:00<00:00, 5646.84it/s]
12:22:54 INFO   hidden_size=1024  trainable_params=335,142,913
12:22:54 INFO   total_steps=5228  warmup_steps=522
12:23:03 INFO   e1 step    50/1307  loss=0.7304  acc=0.5050  lr0=1.92e-06 lr1=9.58e-05
12:23:12 INFO   e1 step   100/1307  loss=0.7309  acc=0.4988  lr0=3.83e-06 lr1=1.92e-04
12:23:21 INFO   e1 step   150/1307  loss=0.7286  acc=0.4988  lr0=5.75e-06 lr1=2.87e-04
12:23:30 INFO   e1 step   200/1307  loss=0.7283  acc=0.4981  lr0=7.66e-06 lr1=3.83e-04
12:23:39 INFO   e1 step   250/1307  loss=0.7288  acc=0.4950  lr0=9.58e-06 lr1=4.79e-04
12:23:48 INFO   e1 step   300/1307  loss=0.7262  acc=0.4954  lr0=1.15e-05 lr1=5.75e-04
12:23:57 INFO   e1 step   350/1307  loss=0.7248  acc=0.4971  lr0=1.34e-05 lr1=6.70e-04
12:24:05 INFO   e1 step   400/1307  loss=0.7236  acc=0.4994  lr0=1.53e-05 lr1=7.66e-04
12:24:14 INFO   e1 step   450/1307  loss=0.7192  acc=0.5053  lr0=1.72e-05 lr1=8.62e-04
12:24:23 INFO   e1 step   500/1307  loss=0.7185  acc=0.5059  lr0=1.92e-05 lr1=9.58e-04
12:24:32 INFO   e1 step   550/1307  loss=0.7180  acc=0.5057  lr0=1.99e-05 lr1=9.94e-04
12:24:41 INFO   e1 step   600/1307  loss=0.7191  acc=0.5043  lr0=1.97e-05 lr1=9.83e-04
12:24:50 INFO   e1 step   650/1307  loss=0.7197  acc=0.5030  lr0=1.95e-05 lr1=9.73e-04
12:24:59 INFO   e1 step   700/1307  loss=0.7197  acc=0.5007  lr0=1.92e-05 lr1=9.62e-04
12:25:08 INFO   e1 step   750/1307  loss=0.7189  acc=0.4998  lr0=1.90e-05 lr1=9.52e-04
12:25:17 INFO   e1 step   800/1307  loss=0.7188  acc=0.4971  lr0=1.88e-05 lr1=9.41e-04
12:25:25 INFO   e1 step   850/1307  loss=0.7191  acc=0.4974  lr0=1.86e-05 lr1=9.30e-04
12:25:34 INFO   e1 step   900/1307  loss=0.7182  acc=0.4980  lr0=1.84e-05 lr1=9.20e-04
12:25:43 INFO   e1 step   950/1307  loss=0.7175  acc=0.4982  lr0=1.82e-05 lr1=9.09e-04
12:25:52 INFO   e1 step  1000/1307  loss=0.7188  acc=0.4983  lr0=1.80e-05 lr1=8.98e-04
12:26:01 INFO   e1 step  1050/1307  loss=0.7181  acc=0.4985  lr0=1.78e-05 lr1=8.88e-04
12:26:10 INFO   e1 step  1100/1307  loss=0.7180  acc=0.4970  lr0=1.75e-05 lr1=8.77e-04
12:26:18 INFO   e1 step  1150/1307  loss=0.7176  acc=0.4962  lr0=1.73e-05 lr1=8.67e-04
12:26:27 INFO   e1 step  1200/1307  loss=0.7169  acc=0.4960  lr0=1.71e-05 lr1=8.56e-04
12:26:36 INFO   e1 step  1250/1307  loss=0.7165  acc=0.4965  lr0=1.69e-05 lr1=8.45e-04
12:26:45 INFO   e1 step  1300/1307  loss=0.7157  acc=0.4974  lr0=1.67e-05 lr1=8.35e-04
12:26:53 INFO [epoch 1] train_loss=0.7157 train_acc=0.4975  val_loss=0.7033 val_acc=0.4969 val_auc=0.5000  elapsed=239.5s
12:26:55 INFO   saved best.pt  val_acc=0.4969
12:27:04 INFO   e2 step    50/1307  loss=0.7069  acc=0.4950  lr0=1.65e-05 lr1=8.23e-04
12:27:13 INFO   e2 step   100/1307  loss=0.7038  acc=0.4838  lr0=1.62e-05 lr1=8.12e-04
12:27:22 INFO   e2 step   150/1307  loss=0.7057  acc=0.4892  lr0=1.60e-05 lr1=8.01e-04
12:27:31 INFO   e2 step   200/1307  loss=0.7056  acc=0.4859  lr0=1.58e-05 lr1=7.91e-04
12:27:39 INFO   e2 step   250/1307  loss=0.7054  acc=0.4885  lr0=1.56e-05 lr1=7.80e-04
12:27:48 INFO   e2 step   300/1307  loss=0.7049  acc=0.4919  lr0=1.54e-05 lr1=7.69e-04
12:27:57 INFO   e2 step   350/1307  loss=0.7041  acc=0.4959  lr0=1.52e-05 lr1=7.59e-04
12:28:06 INFO   e2 step   400/1307  loss=0.7038  acc=0.4925  lr0=1.50e-05 lr1=7.48e-04
12:28:15 INFO   e2 step   450/1307  loss=0.7033  acc=0.4949  lr0=1.48e-05 lr1=7.38e-04
12:28:24 INFO   e2 step   500/1307  loss=0.7031  acc=0.4953  lr0=1.45e-05 lr1=7.27e-04
12:28:32 INFO   e2 step   550/1307  loss=0.7024  acc=0.4948  lr0=1.43e-05 lr1=7.16e-04
12:28:41 INFO   e2 step   600/1307  loss=0.7019  acc=0.4947  lr0=1.41e-05 lr1=7.06e-04
12:28:50 INFO   e2 step   650/1307  loss=0.7014  acc=0.4979  lr0=1.39e-05 lr1=6.95e-04
12:28:59 INFO   e2 step   700/1307  loss=0.7012  acc=0.4971  lr0=1.37e-05 lr1=6.84e-04
12:29:08 INFO   e2 step   750/1307  loss=0.7016  acc=0.4961  lr0=1.35e-05 lr1=6.74e-04
12:29:17 INFO   e2 step   800/1307  loss=0.7015  acc=0.4950  lr0=1.33e-05 lr1=6.63e-04
12:29:26 INFO   e2 step   850/1307  loss=0.7012  acc=0.4960  lr0=1.31e-05 lr1=6.53e-04
12:29:35 INFO   e2 step   900/1307  loss=0.7012  acc=0.4959  lr0=1.28e-05 lr1=6.42e-04
12:29:43 INFO   e2 step   950/1307  loss=0.7014  acc=0.4963  lr0=1.26e-05 lr1=6.31e-04
12:29:52 INFO   e2 step  1000/1307  loss=0.7012  acc=0.4978  lr0=1.24e-05 lr1=6.21e-04
12:30:01 INFO   e2 step  1050/1307  loss=0.7011  acc=0.4975  lr0=1.22e-05 lr1=6.10e-04
12:30:10 INFO   e2 step  1100/1307  loss=0.7014  acc=0.4977  lr0=1.20e-05 lr1=5.99e-04
12:30:19 INFO   e2 step  1150/1307  loss=0.7014  acc=0.4966  lr0=1.18e-05 lr1=5.89e-04
12:30:28 INFO   e2 step  1200/1307  loss=0.7014  acc=0.4965  lr0=1.16e-05 lr1=5.78e-04
12:30:37 INFO   e2 step  1250/1307  loss=0.7012  acc=0.4970  lr0=1.14e-05 lr1=5.68e-04
12:30:45 INFO   e2 step  1300/1307  loss=0.7012  acc=0.4984  lr0=1.11e-05 lr1=5.57e-04
12:30:53 INFO [epoch 2] train_loss=0.7011 train_acc=0.4985  val_loss=0.6932 val_acc=0.5031 val_auc=0.5000  elapsed=238.3s
12:30:55 INFO   saved best.pt  val_acc=0.5031
12:31:04 INFO   e3 step    50/1307  loss=0.6969  acc=0.4975  lr0=1.09e-05 lr1=5.45e-04
12:31:13 INFO   e3 step   100/1307  loss=0.6961  acc=0.5094  lr0=1.07e-05 lr1=5.34e-04
12:31:22 INFO   e3 step   150/1307  loss=0.6960  acc=0.5104  lr0=1.05e-05 lr1=5.24e-04
12:31:31 INFO   e3 step   200/1307  loss=0.6948  acc=0.5175  lr0=1.03e-05 lr1=5.13e-04
12:31:40 INFO   e3 step   250/1307  loss=0.6955  acc=0.5140  lr0=1.00e-05 lr1=5.02e-04
12:31:49 INFO   e3 step   300/1307  loss=0.6954  acc=0.5110  lr0=9.83e-06 lr1=4.92e-04
12:31:57 INFO   e3 step   350/1307  loss=0.6953  acc=0.5107  lr0=9.62e-06 lr1=4.81e-04
12:32:06 INFO   e3 step   400/1307  loss=0.6956  acc=0.5077  lr0=9.41e-06 lr1=4.70e-04
12:32:15 INFO   e3 step   450/1307  loss=0.6959  acc=0.5054  lr0=9.20e-06 lr1=4.60e-04
12:32:24 INFO   e3 step   500/1307  loss=0.6960  acc=0.5035  lr0=8.98e-06 lr1=4.49e-04
12:32:33 INFO   e3 step   550/1307  loss=0.6961  acc=0.5019  lr0=8.77e-06 lr1=4.39e-04
12:32:42 INFO   e3 step   600/1307  loss=0.6960  acc=0.5024  lr0=8.56e-06 lr1=4.28e-04
12:32:50 INFO   e3 step   650/1307  loss=0.6959  acc=0.5039  lr0=8.35e-06 lr1=4.17e-04
12:32:59 INFO   e3 step   700/1307  loss=0.6959  acc=0.5035  lr0=8.13e-06 lr1=4.07e-04
12:33:08 INFO   e3 step   750/1307  loss=0.6957  acc=0.5045  lr0=7.92e-06 lr1=3.96e-04
12:33:17 INFO   e3 step   800/1307  loss=0.6959  acc=0.5024  lr0=7.71e-06 lr1=3.85e-04
12:33:26 INFO   e3 step   850/1307  loss=0.6958  acc=0.5041  lr0=7.50e-06 lr1=3.75e-04
12:33:35 INFO   e3 step   900/1307  loss=0.6959  acc=0.5039  lr0=7.28e-06 lr1=3.64e-04
12:33:44 INFO   e3 step   950/1307  loss=0.6959  acc=0.5055  lr0=7.07e-06 lr1=3.54e-04
12:33:53 INFO   e3 step  1000/1307  loss=0.6960  acc=0.5054  lr0=6.86e-06 lr1=3.43e-04
12:34:01 INFO   e3 step  1050/1307  loss=0.6962  acc=0.5053  lr0=6.65e-06 lr1=3.32e-04
12:34:10 INFO   e3 step  1100/1307  loss=0.6962  acc=0.5058  lr0=6.43e-06 lr1=3.22e-04
12:34:19 INFO   e3 step  1150/1307  loss=0.6962  acc=0.5061  lr0=6.22e-06 lr1=3.11e-04
12:34:28 INFO   e3 step  1200/1307  loss=0.6961  acc=0.5061  lr0=6.01e-06 lr1=3.00e-04
12:34:37 INFO   e3 step  1250/1307  loss=0.6958  acc=0.5079  lr0=5.80e-06 lr1=2.90e-04
12:34:46 INFO   e3 step  1300/1307  loss=0.6960  acc=0.5077  lr0=5.58e-06 lr1=2.79e-04
12:34:54 INFO [epoch 3] train_loss=0.6960 train_acc=0.5072  val_loss=0.6931 val_acc=0.5031 val_auc=0.5000  elapsed=238.7s
12:35:03 INFO   e4 step    50/1307  loss=0.6927  acc=0.4925  lr0=5.34e-06 lr1=2.67e-04
12:35:12 INFO   e4 step   100/1307  loss=0.6950  acc=0.4925  lr0=5.13e-06 lr1=2.56e-04
12:35:21 INFO   e4 step   150/1307  loss=0.6952  acc=0.4967  lr0=4.92e-06 lr1=2.46e-04
12:35:30 INFO   e4 step   200/1307  loss=0.6958  acc=0.4947  lr0=4.70e-06 lr1=2.35e-04
12:35:38 INFO   e4 step   250/1307  loss=0.6960  acc=0.4985  lr0=4.49e-06 lr1=2.25e-04
12:35:47 INFO   e4 step   300/1307  loss=0.6956  acc=0.5017  lr0=4.28e-06 lr1=2.14e-04
12:35:56 INFO   e4 step   350/1307  loss=0.6953  acc=0.5041  lr0=4.07e-06 lr1=2.03e-04
12:36:05 INFO   e4 step   400/1307  loss=0.6953  acc=0.5005  lr0=3.85e-06 lr1=1.93e-04
12:36:14 INFO   e4 step   450/1307  loss=0.6951  acc=0.5019  lr0=3.64e-06 lr1=1.82e-04
12:36:23 INFO   e4 step   500/1307  loss=0.6953  acc=0.5029  lr0=3.43e-06 lr1=1.71e-04
12:36:32 INFO   e4 step   550/1307  loss=0.6953  acc=0.5045  lr0=3.22e-06 lr1=1.61e-04
12:36:40 INFO   e4 step   600/1307  loss=0.6953  acc=0.5040  lr0=3.00e-06 lr1=1.50e-04
12:36:49 INFO   e4 step   650/1307  loss=0.6955  acc=0.5024  lr0=2.79e-06 lr1=1.40e-04
12:36:58 INFO   e4 step   700/1307  loss=0.6954  acc=0.5040  lr0=2.58e-06 lr1=1.29e-04
12:37:07 INFO   e4 step   750/1307  loss=0.6954  acc=0.5038  lr0=2.37e-06 lr1=1.18e-04
12:37:16 INFO   e4 step   800/1307  loss=0.6955  acc=0.5015  lr0=2.15e-06 lr1=1.08e-04
12:37:25 INFO   e4 step   850/1307  loss=0.6955  acc=0.5018  lr0=1.94e-06 lr1=9.71e-05
12:37:33 INFO   e4 step   900/1307  loss=0.6953  acc=0.5022  lr0=1.73e-06 lr1=8.65e-05
12:37:42 INFO   e4 step   950/1307  loss=0.6952  acc=0.5028  lr0=1.52e-06 lr1=7.59e-05
12:37:51 INFO   e4 step  1000/1307  loss=0.6952  acc=0.5018  lr0=1.30e-06 lr1=6.52e-05
12:38:00 INFO   e4 step  1050/1307  loss=0.6951  acc=0.5025  lr0=1.09e-06 lr1=5.46e-05
12:38:09 INFO   e4 step  1100/1307  loss=0.6950  acc=0.5028  lr0=8.80e-07 lr1=4.40e-05
12:38:18 INFO   e4 step  1150/1307  loss=0.6949  acc=0.5030  lr0=6.67e-07 lr1=3.34e-05
12:38:27 INFO   e4 step  1200/1307  loss=0.6948  acc=0.5035  lr0=4.55e-07 lr1=2.27e-05
12:38:35 INFO   e4 step  1250/1307  loss=0.6949  acc=0.5022  lr0=2.42e-07 lr1=1.21e-05
12:38:44 INFO   e4 step  1300/1307  loss=0.6947  acc=0.5036  lr0=2.97e-08 lr1=1.49e-06
12:38:52 INFO [epoch 4] train_loss=0.6947 train_acc=0.5031  val_loss=0.6938 val_acc=0.4969 val_auc=0.5000  elapsed=238.6s
12:38:54 INFO loading best.pt for test eval
12:39:01 INFO [test] loss=0.6932  acc=0.5002  auc=0.5000  f1=0.6668
12:39:01 INFO [done] run_summary.json written to /mnt/localssd/crossencoder_sweep/runs/ajo_newstyle/bge-large-en-v1.5
